03-11 14:16:42.810     0     0 E @6 [TP]sec-s6sy761: sec_touchhold_switch_mode: touchhold_enable: 0 success!
03-11 14:16:42.810     0     0 E @6 [TP]touchpanel: fw update finished
03-11 14:16:42.841  1156  1156 I gsid    : no DSU: No such file or directory
03-11 14:16:42.866  1043  1043 I ServiceManager: Waiting for service 'media.metrics' on '/dev/binder'...
03-11 14:16:42.871   864   864 I ServiceManager: Waiting for service 'statscompanion' on '/dev/binder'...
03-11 14:16:42.873   587   587 W libc    : Unable to set property "ro.sf.lcd_density" to "560": error code: 0xb
03-11 14:16:42.874     0     0 I         : @6 set_dload_mode ON
03-11 14:16:42.874     0     0 E         : @6 [MDM] on [1] dload_mode_addr [          (null)]
03-11 14:16:42.874     0     0 I         : @6 set_dload_mode ON
03-11 14:16:42.874     0     0 E         : @6 [MDM] on [16] dload_mode_addr [          (null)]
03-11 14:16:42.875     0     0 I         : @4 set_dload_mode ON
03-11 14:16:42.875     0     0 E         : @4 [MDM] on [1] dload_mode_addr [          (null)]
03-11 14:16:42.876     0     0 I         : @4 set_dload_mode ON
03-11 14:16:42.876     0     0 E         : @4 [MDM] on [16] dload_mode_addr [          (null)]
03-11 14:16:42.890  1159  1159 E PerMgrProxy: Starting pm-proxy service
03-11 14:16:42.890  1037  1062 D PerMgrSrv: modem state: is off-line, add client PM-PROXY-THREAD
03-11 14:16:42.891  1037  1062 D PerMgrSrv: PM-PROXY-THREAD registered
03-11 14:16:42.891  1159  1159 D PerMgrLib: PM-PROXY-THREAD successfully registered for modem
03-11 14:16:42.891  1159  1159 I PerMgrProxy: Casting proxy vote for modem
03-11 14:16:42.891  1159  1159 D PerMgrLib: PM-PROXY-THREAD voting for modem
03-11 14:16:42.891  1037  1062 D PerMgrSrv: PM-PROXY-THREAD voting for modem
03-11 14:16:42.891  1037  1062 D PerMgrSrv: modem new state: going on-line
03-11 14:16:42.891  1037  1062 D PerMgrSrv: modem num voters is 1
03-11 14:16:42.891  1159  1159 I PerMgrProxy: pm-proxy-thread vote successful for modem
03-11 14:16:42.891     0     0 I @6 subsys-restart: __subsystem_get(): Changing subsys fw_name to modem
03-11 14:16:42.902     0     0 I         : @6 ipa-wan ipa3_lcl_mdm_ssr_notifier_cb:3096 IPA received MPSS BEFORE_POWERUP
03-11 14:16:42.902     0     0 E         : @4 ipa ipa3_uc_state_check:338 uC is not loaded
03-11 14:16:42.902     0     0 I         : @4 ipa-wan ipa3_lcl_mdm_ssr_notifier_cb:3105 IPA BEFORE_POWERUP handling is complete
03-11 14:16:42.903     0     0 I         : @4 subsys-pil-tz 4080000.qcom,mss: modem: loading from 0x000000008dc00000 to 0x0000000097200000
03-11 14:16:42.919  1164  1164 I bootstat: Service started: /system/bin/bootstat --set_system_boot_reason 
03-11 14:16:42.922  1165  1165 I perfetto: probes.cc:77            Starting /system/bin/traced_probes service
03-11 14:16:42.922  1165  1165 I perfetto: probes_producer.cc:117  Disconnected from tracing service
03-11 14:16:42.923  1166  1166 W perfetto: service.cc:97           Started traced, listening on /dev/socket/traced_producer /dev/socket/traced_consumer
03-11 14:16:42.925  1164  1164 I bootstat: Canonical boot reason: reboot,sideload
03-11 14:16:42.925  1164  1164 I bootstat: Canonical boot reason: reboot,sideload
03-11 14:16:42.929  1168  1168 E modprobe: LoadWithAliases was unable to load rmnet_perf
03-11 14:16:42.939  1164  1164 I bootstat: Last reboot reason read from /metadata/bootstat/persist.sys.boot.reason : reboot,sideload. Last reboot reason read from persist.sys.boot.reason : reboot,sideload
03-11 14:16:42.939  1164  1164 I bootstat: Normalized last reboot reason : reboot,sideload
03-11 14:16:42.945  1167  1167 I android.hardwar: type=1400 audit(0.0:435): avc: denied { read } for name="u:object_r:default_prop:s0" dev="tmpfs" ino=16037 scontext=u:r:hal_secure_element_default:s0 tcontext=u:object_r:default_prop:s0 tclass=file permissive=1
03-11 14:16:42.945  1167  1167 I android.hardwar: type=1400 audit(0.0:436): avc: denied { open } for path="/dev/__properties__/u:object_r:default_prop:s0" dev="tmpfs" ino=16037 scontext=u:r:hal_secure_element_default:s0 tcontext=u:object_r:default_prop:s0 tclass=file permissive=1
03-11 14:16:42.945  1167  1167 I android.hardwar: type=1400 audit(0.0:437): avc: denied { getattr } for path="/dev/__properties__/u:object_r:default_prop:s0" dev="tmpfs" ino=16037 scontext=u:r:hal_secure_element_default:s0 tcontext=u:object_r:default_prop:s0 tclass=file permissive=1
03-11 14:16:42.945  1167  1167 I android.hardwar: type=1400 audit(0.0:438): avc: denied { map } for path="/dev/__properties__/u:object_r:default_prop:s0" dev="tmpfs" ino=16037 scontext=u:r:hal_secure_element_default:s0 tcontext=u:object_r:default_prop:s0 tclass=file permissive=1
03-11 14:16:42.951  1167  1167 D nxpese@1.0-service: Initializing State Machine...
03-11 14:16:42.951  1167  1167 D StateMachine: ProcessExtEvent: enter state:1 event:5
03-11 14:16:42.951  1167  1167 D StateMachine: ProcessExtEvent: exit state:1
03-11 14:16:42.952  1167  1167 D nxpese@1.0-service: Registering SecureElement HALIMPL Service v1.0...
03-11 14:16:42.955  1160  1178 I adbd    : opening control endpoint /dev/usb-ffs/adb/ep0
03-11 14:16:42.955     0     0 I         : @4 ep0_open success!
03-11 14:16:42.955     0     0 I         : @4 read descriptors
03-11 14:16:42.955     0     0 I         : @4 read strings
03-11 14:16:42.956  1160  1176 I adbd    : Waiting for persist.adb.tls_server.enable=1
03-11 14:16:42.956  1167  1167 D JcDnld_SPI: checkIfEseClientUpdateReqd enter:  
03-11 14:16:42.956  1167  1167 D android.hardware.secure_element@1.0-service: nxp config referred : libnfc-nxp.conf
03-11 14:16:42.956  1167  1167 D android.hardware.secure_element@1.0-service: nxp config file : /vendor/etc/libnfc-nxp.conf
03-11 14:16:42.956  1167  1167 D android.hardware.secure_element@1.0-service: readNxpTransitConfig-Enter..Reading /data/vendor/nfc/libnfc-nxpTransit.conf
03-11 14:16:42.956  1167  1167 E android.hardware.secure_element@1.0-service: readConfig Cannot open config file /data/vendor/nfc/libnfc-nxpTransit.conf
03-11 14:16:42.956  1167  1167 D android.hardware.secure_element@1.0-service: readNxpRFConfig-Enter..Reading /system/vendor/libnfc-nxp_RF.conf
03-11 14:16:42.956  1167  1167 E android.hardware.secure_element@1.0-service: readConfig Cannot open config file /system/vendor/libnfc-nxp_RF.conf
03-11 14:16:42.957  1167  1167 I android.hardware.secure_element@1.0-service: ConfigFile - Parsing file '/vendor/etc/libese-nxp.conf'
03-11 14:16:42.957  1167  1167 I android.hardware.secure_element@1.0-service: ConfigFile - [SE_DEBUG_ENABLED] = 1
03-11 14:16:42.957  1167  1167 I android.hardware.secure_element@1.0-service: ConfigFile - [NXP_SWP_RD_TAG_OP_TIMEOUT] = 0xFF
03-11 14:16:42.957  1167  1167 I android.hardware.secure_element@1.0-service: ConfigFile - [NXP_WTX_COUNT_VALUE] = 240
03-11 14:16:42.957  1167  1167 I android.hardware.secure_element@1.0-service: ConfigFile - [NXP_POWER_SCHEME] = 0x02
03-11 14:16:42.957  1167  1167 I android.hardware.secure_element@1.0-service: ConfigFile - [NXP_SOF_WRITE] = 0x01
03-11 14:16:42.957  1167  1167 I android.hardware.secure_element@1.0-service: ConfigFile - [NXP_TP_MEASUREMENT] = 0x00
03-11 14:16:42.957  1167  1167 I android.hardware.secure_element@1.0-service: ConfigFile - [NXP_SPI_INTF_RST_ENABLE] = 0x00
03-11 14:16:42.957  1167  1167 I android.hardware.secure_element@1.0-service: ConfigFile - [NXP_SPI_WRITE_TIMEOUT] = 0x14
03-11 14:16:42.957  1167  1167 I android.hardware.secure_element@1.0-service: ConfigFile - [NXP_ESE_DEV_NODE] = "/dev/p73"
03-11 14:16:42.957  1167  1167 I android.hardware.secure_element@1.0-service: ConfigFile - [NXP_MAX_RNACK_RETRY] = 0x0A
03-11 14:16:42.957  1167  1167 D nxpese@1.0-service: Registering SPI interface as eSE1
03-11 14:16:42.959  1160  1178 I adbd    : UsbFfsConnection constructed
03-11 14:16:42.959  1160  1181 I adbd    : UsbFfs-monitor thread spawned
03-11 14:16:42.959  1167  1167 I HidlServiceManagement: Registered android.hardware.secure_element@1.0::ISecureElement/eSE1 (start delay of 48ms)
03-11 14:16:42.960  1167  1167 I HidlServiceManagement: Removing namespace from process name android.hardware.secure_element@1.0-service to secure_element@1.0-service.
03-11 14:16:42.960  1167  1167 D nxpese@1.0-service: Registering SecureElement HALIOCTL Service v1.0...
03-11 14:16:42.960  1167  1167 I HidlServiceManagement: Registered vendor.nxp.nxpese@1.0::INxpEse/default (start delay of 49ms)
03-11 14:16:42.961  1167  1167 D nxpese@1.0-service: Registering SecureElement Event Handler Service v1.0...
03-11 14:16:42.962  1167  1167 I HidlServiceManagement: Registered vendor.nxp.eventprocessor@1.0::INxpEseEvtProcessor/default (start delay of 51ms)
03-11 14:16:42.962  1167  1167 D nxpese@1.0-service: Secure Element HAL Service is ready
03-11 14:16:42.962  1167  1167 D JcDnld_SPI: eSEClientUpdateHandler Enter
03-11 14:16:42.962  1167  1167 D JcDnld_SPI: eSEClientUpdateHandler Exit 
03-11 14:16:42.967  1043  1043 I ServiceManager: Waiting for service 'media.metrics' on '/dev/binder'...
03-11 14:16:42.969   866   866 E ActivityRecognitionHardware: activity_recognition HAL is deprecated. class_init is effectively a no-op
03-11 14:16:42.971   864   864 I ServiceManager: Waiting for service 'statscompanion' on '/dev/binder'...
03-11 14:16:42.980  1172  1172 I ThermalEngine: Thermal daemon started
03-11 14:16:42.980  1172  1172 E ThermalEngine: Unknown target identified with soc id 339
03-11 14:16:42.980  1172  1172 I ThermalEngine: No target config file, falling back to '/vendor/etc/thermal-engine.conf'
03-11 14:16:43.004  1186  1186 I installd: installd firing up
03-11 14:16:43.005  1189  1189 I keystore: found android.hardware.keymaster@4.0::IKeymasterDevice with interface name default and seclevel TRUSTED_ENVIRONMENT
03-11 14:16:43.015  1200  1200 I getprop : type=1400 audit(0.0:439): avc: denied { open } for path="/dev/__properties__/u:object_r:default_prop:s0" dev="tmpfs" ino=16037 scontext=u:r:vendor_qti_init_shell:s0 tcontext=u:object_r:default_prop:s0 tclass=file permissive=1
03-11 14:16:43.015  1200  1200 I getprop : type=1400 audit(0.0:440): avc: denied { getattr } for path="/dev/__properties__/u:object_r:default_prop:s0" dev="tmpfs" ino=16037 scontext=u:r:vendor_qti_init_shell:s0 tcontext=u:object_r:default_prop:s0 tclass=file permissive=1
03-11 14:16:43.015  1200  1200 I getprop : type=1400 audit(0.0:441): avc: denied { map } for path="/dev/__properties__/u:object_r:default_prop:s0" dev="tmpfs" ino=16037 scontext=u:r:vendor_qti_init_shell:s0 tcontext=u:object_r:default_prop:s0 tclass=file permissive=1
03-11 14:16:43.015  1188  1188 I iorapd  : iorapd (the prefetchening) firing up
03-11 14:16:43.022  1188  1188 I iorapd  : Opened existing database at '/data/misc/iorapd/sqlite.db'
03-11 14:16:43.024  1188  1188 W iorapd  : Reconnect to package manager service: 1 times
03-11 14:16:43.026  1188  1188 I ServiceManager: Waiting for service 'package_native' on '/dev/binder'...
03-11 14:16:43.038  1192  1192 V MediaUtils: physMem: 7831093248
03-11 14:16:43.038  1192  1192 V MediaUtils: requested limit: 134217728
03-11 14:16:43.038  1192  1192 I libc    : malloc_limit: Allocation limit enabled, max size 134217728 bytes
03-11 14:16:43.038  1192  1192 D AudioPowerUsage: AudioPowerUsage
03-11 14:16:43.038  1192  1192 D AudioAnalytics: AudioAnalytics
03-11 14:16:43.038  1192  1192 D MediaMetricsService: MediaMetricsService
03-11 14:16:43.054  1190  1190 V MediaUtils: physMem: 7831093248
03-11 14:16:43.055  1171  1171 I init.class_main: type=1400 audit(0.0:442): avc: denied { dac_read_search } for capability=2 scontext=u:r:vendor_qti_init_shell:s0 tcontext=u:r:vendor_qti_init_shell:s0 tclass=capability permissive=1
03-11 14:16:43.055  1190  1190 V MediaUtils: requested limit: 1566218640
03-11 14:16:43.055  1190  1190 I libc    : malloc_limit: Allocation limit enabled, max size 1566218640 bytes
03-11 14:16:43.058  1190  1190 W mediaextractor: libminijail[1190]: failed to get path of fd 5: No such file or directory
03-11 14:16:43.058  1190  1190 W mediaextractor: libminijail[1190]: allowing syscall: connect
03-11 14:16:43.058  1190  1190 W mediaextractor: libminijail[1190]: allowing syscall: fcntl
03-11 14:16:43.058  1190  1190 W mediaextractor: libminijail[1190]: allowing syscall: sendto
03-11 14:16:43.058  1190  1190 W mediaextractor: libminijail[1190]: allowing syscall: socket
03-11 14:16:43.058  1190  1190 W mediaextractor: libminijail[1190]: allowing syscall: writev
03-11 14:16:43.059  1204  1204 I PerfDaemon: PerfDaemon is starting.
03-11 14:16:43.059  1190  1190 W mediaextractor: libminijail[1190]: logging seccomp filter failures
03-11 14:16:43.063  1172  1172 I ThermalEngine: devices_manager_init: Init
03-11 14:16:43.064  1172  1172 I ThermalEngine: Number of gpus :1
03-11 14:16:43.064  1172  1172 I ThermalEngine: Number of cpus :8
03-11 14:16:43.064  1172  1172 I ThermalEngine: update_cpu_topology: Cluster info node not found/sys/module/msm_thermal/cluster_info
03-11 14:16:43.065  1172  1172 E ThermalEngine: tmd_add_cpufreq_dev_data: Invalid or no boost freqs
03-11 14:16:43.067  1172  1172 I chatty  : uid=1000(system) /vendor/bin/thermal-engine identical 3 lines
03-11 14:16:43.071  1172  1172 E ThermalEngine: tmd_add_cpufreq_dev_data: Invalid or no boost freqs
03-11 14:16:43.072   864   864 I ServiceManager: Waiting for service 'statscompanion' on '/dev/binder'...
03-11 14:16:43.072  1043  1043 I AudioFlinger: Using default 3000 mSec as standby time.
03-11 14:16:43.073  1192  1208 I ServiceManager: Waiting for service 'package_native' on '/dev/binder'...
03-11 14:16:43.073  1202  1202 I wificond: wificond is starting up...
03-11 14:16:43.073  1043  1043 I audioserver: ServiceManager: AudioFlinger instantiate done 0x7a99b0eac0
03-11 14:16:43.074  1172  1172 E ThermalEngine: tmd_add_cpufreq_dev_data: Invalid or no boost freqs
03-11 14:16:43.074  1043  1043 E APM::Serializer: deserialize: Could not parse /odm/etc/audio_policy_configuration.xml document.
03-11 14:16:43.075  1043  1043 E APM::Serializer: deserialize: Could not parse /vendor/etc/audio/audio_policy_configuration.xml document.
03-11 14:16:43.075  1202  1202 I HidlServiceManagement: Registered android.system.wifi.keystore@1.0::IKeystore/default (start delay of 54ms)
03-11 14:16:43.076  1172  1172 E ThermalEngine: tmd_add_cpufreq_dev_data: Invalid or no boost freqs
03-11 14:16:43.082  1172  1172 E ThermalEngine: tmd_add_cpufreq_dev_data: Invalid or no boost freqs
03-11 14:16:43.086  1172  1172 E ThermalEngine: open/sys/class/thermal/cooling_device2/cur_state failed13
03-11 14:16:43.087  1172  1213 I ThermalEngine: ADSP thermal mitigation available.
03-11 14:16:43.087  1172  1213 I ThermalEngine: Mitigation:vdd_restriction[ADSP]:0 pending QMI request succeded
03-11 14:16:43.089  1172  1172 E ThermalEngine: open/sys/class/thermal/cooling_device3/cur_state failed13
03-11 14:16:43.091  1172  1172 E ThermalEngine: open/sys/class/thermal/cooling_device4/cur_state failed13
03-11 14:16:43.091  1204  1204 W perfservice: libminijail[1204]: failed to get path of fd 5: No such file or directory
03-11 14:16:43.091  1204  1204 W perfservice: libminijail[1204]: allowing syscall: connect
03-11 14:16:43.091  1204  1204 W perfservice: libminijail[1204]: allowing syscall: fcntl
03-11 14:16:43.091  1204  1204 W perfservice: libminijail[1204]: allowing syscall: sendto
03-11 14:16:43.091  1204  1204 W perfservice: libminijail[1204]: allowing syscall: socket
03-11 14:16:43.091  1204  1204 W perfservice: libminijail[1204]: allowing syscall: writev
03-11 14:16:43.091  1204  1204 W perfservice: libminijail[1204]: logging seccomp filter failures
03-11 14:16:43.093  1172  1172 E ThermalEngine: open/sys/class/thermal/cooling_device5/cur_state failed13
03-11 14:16:43.095  1172  1172 E ThermalEngine: open/sys/class/thermal/cooling_device6/cur_state failed13
03-11 14:16:43.097  1172  1172 E ThermalEngine: open/sys/class/thermal/cooling_device7/cur_state failed13
03-11 14:16:43.099  1172  1172 E ThermalEngine: open/sys/class/thermal/cooling_device9/cur_state failed13
03-11 14:16:43.101  1172  1172 E ThermalEngine: open/sys/class/thermal/cooling_device11/cur_state failed13
03-11 14:16:43.101  1172  1172 I ThermalEngine: tmd_init_cluster_devs: No clusters found
03-11 14:16:43.101  1207  1207 I android.hardware.media.omx@1.0-service: mediacodecservice starting
03-11 14:16:43.102  1172  1172 E ThermalEngine: open/sys/class/thermal/cooling_device0/cur_state failed13
03-11 14:16:43.102  1172  1172 E ThermalEngine: open/sys/class/thermal/cooling_device1/cur_state failed13
03-11 14:16:43.102  1172  1172 E ThermalEngine: Unable to set NPU cdev state to 0
03-11 14:16:43.103  1172  1172 E ThermalEngine: open/sys/class/thermal/cooling_device1/cur_state failed13
03-11 14:16:43.103  1172  1172 E ThermalEngine: devices_init: Init NPU TMD failed 5
03-11 14:16:43.103  1172  1172 E ThermalEngine: open/sys/class/thermal/cooling_device14/cur_state failed13
03-11 14:16:43.105  1172  1172 E ThermalEngine: open/sys/class/thermal/cooling_device15/cur_state failed13
03-11 14:16:43.107  1172  1172 E ThermalEngine: open/sys/class/thermal/cooling_device17/cur_state failed13
03-11 14:16:43.107  1172  1172 E ThermalEngine: open/sys/class/thermal/cooling_device16/cur_state failed13
03-11 14:16:43.107  1172  1172 I ThermalEngine: vdd_rstr_init: Could not read /sys/module/msm_thermal/vdd_restriction/enabled
03-11 14:16:43.110  1205  1205 E wfdhdcphal: wfdhdcphalservice starting...
03-11 14:16:43.110  1207  1207 W android.hardware.media.omx@1.0-service: libminijail[1207]: failed to get path of fd 5: No such file or directory
03-11 14:16:43.111  1207  1207 W android.hardware.media.omx@1.0-service: libminijail[1207]: allowing syscall: clock_gettime
03-11 14:16:43.111  1207  1207 W android.hardware.media.omx@1.0-service: libminijail[1207]: allowing syscall: connect
03-11 14:16:43.111  1207  1207 W android.hardware.media.omx@1.0-service: libminijail[1207]: allowing syscall: fcntl64
03-11 14:16:43.112  1207  1207 W android.hardware.media.omx@1.0-service: libminijail[1207]: allowing syscall: socket
03-11 14:16:43.112  1207  1207 W android.hardware.media.omx@1.0-service: libminijail[1207]: allowing syscall: writev
03-11 14:16:43.115  1172  1172 E ThermalEngine: Error reading /sys/class/leds/lcd-backlight/max_brightness
03-11 14:16:43.115  1172  1172 E ThermalEngine: open/sys/class/power_supply/battery/system_temp_level failed2
03-11 14:16:43.115  1172  1172 E ThermalEngine: Unable to init battery charging mitigation to 0
03-11 14:16:43.115  1172  1172 I ThermalEngine: sensors_manager_init: Init
03-11 14:16:43.115  1205  1205 W wfdhdcphalservice: libminijail[1205]: failed to get path of fd 5: No such file or directory
03-11 14:16:43.115  1205  1205 W wfdhdcphalservice: libminijail[1205]: allowing syscall: clock_gettime
03-11 14:16:43.115  1205  1205 W wfdhdcphalservice: libminijail[1205]: allowing syscall: connect
03-11 14:16:43.115  1205  1205 W wfdhdcphalservice: libminijail[1205]: allowing syscall: fcntl64
03-11 14:16:43.115  1205  1205 W wfdhdcphalservice: libminijail[1205]: allowing syscall: socket
03-11 14:16:43.115  1205  1205 W wfdhdcphalservice: libminijail[1205]: allowing syscall: writev
03-11 14:16:43.115  1205  1205 W wfdhdcphalservice: libminijail[1205]: logging seccomp filter failures
03-11 14:16:43.117  1205  1205 I HidlServiceManagement: Registered android.hardware.drm@1.3::IDrmFactory/wfdhdcp (start delay of 86ms)
03-11 14:16:43.117  1205  1205 I HidlServiceManagement: Registered android.hardware.drm@1.3::ICryptoFactory/wfdhdcp (start delay of 86ms)
03-11 14:16:43.118  1207  1207 W android.hardware.media.omx@1.0-service: libminijail[1207]: compile_file: <fd>(80): nonexistent syscall 'ueventd'
03-11 14:16:43.121  1172  1227 E ThermalEngine: socket creation success
03-11 14:16:43.121  1207  1207 W android.hardware.media.omx@1.0-service: libminijail[1207]: logging seccomp filter failures
03-11 14:16:43.123  1198  1198 I mediaserver: ServiceManager: 0xf5001190
03-11 14:16:43.123  1198  1198 D mediaserver: Time zone APEX ICU file found: /apex/com.android.tzdata/etc/icu/icu_tzdata.dat
03-11 14:16:43.123  1198  1198 D mediaserver: I18n APEX ICU file found: /apex/com.android.i18n/etc/icu/icudt66l.dat
03-11 14:16:43.126  1188  1188 I ServiceManager: Waiting for service 'package_native' on '/dev/binder'...
03-11 14:16:43.128  1198  1198 W BatteryNotifier: batterystats service unavailable!
03-11 14:16:43.130  1043  1043 D AudioPolicyManagerCustom: USE_XML_AUDIO_POLICY_CONF is TRUE
03-11 14:16:43.130  1225  1225 I HidlServiceManagement: Registered com.qualcomm.qti.dpm.api@1.0::IdpmQmi/dpmQmiService (start delay of 29ms)
03-11 14:16:43.131  1165  1165 I perfetto: probes_producer.cc:100  Connected to the service
03-11 14:16:43.132  1043  1043 D APM_EngineLoader: Loaded engine from libaudiopolicyenginedefault.so
03-11 14:16:43.133  1043  1043 E APM::AudioPolicyEngine/Config: parse: Could not parse document /vendor/etc/audio_policy_engine_configuration.xml
03-11 14:16:43.133  1043  1043 E libxml2 : I/O warning : failed to load external entity "/vendor/etc/audio_policy_engine_configuration.xml"
03-11 14:16:43.133  1043  1043 W APM::AudioPolicyEngine/Base: loadAudioPolicyEngineConfig: No configuration found, using default matching phone experience.
03-11 14:16:43.133  1043  1043 E APM::AudioPolicyEngine/Config: parseLegacyVolumeFile: Could not parse document /odm/etc/audio_policy_configuration.xml
03-11 14:16:43.133  1043  1043 E libxml2 : I/O warning : failed to load external entity "/odm/etc/audio_policy_configuration.xml"
03-11 14:16:43.133  1043  1043 E APM::AudioPolicyEngine/Config: parseLegacyVolumeFile: Could not parse document /vendor/etc/audio/audio_policy_configuration.xml
03-11 14:16:43.133  1043  1043 E libxml2 : I/O warning : failed to load external entity "/vendor/etc/audio/audio_policy_configuration.xml"
03-11 14:16:43.134  1207  1207 E OMXMaster: OMX plugin failed w/ error 0x80001001 after registering 0 components
03-11 14:16:43.141  1198  1198 W BatteryNotifier: batterystats service unavailable!
03-11 14:16:43.143  1223  1223 E wifidisplayhal-service: Setup minijail
03-11 14:16:43.144  1043  1043 W APM::AudioPolicyEngine/Base: loadAudioPolicyEngineConfig: No configuration of AUDIO_STREAM_ASSISTANT found, using default volume configuration
03-11 14:16:43.144  1223  1223 W wifidisplayhalservice: libminijail[1223]: failed to get path of fd 5: No such file or directory
03-11 14:16:43.144  1223  1223 W wifidisplayhalservice: libminijail[1223]: allowing syscall: clock_gettime
03-11 14:16:43.144  1223  1223 W wifidisplayhalservice: libminijail[1223]: allowing syscall: connect
03-11 14:16:43.144  1223  1223 W wifidisplayhalservice: libminijail[1223]: allowing syscall: fcntl64
03-11 14:16:43.144  1223  1223 W wifidisplayhalservice: libminijail[1223]: allowing syscall: socket
03-11 14:16:43.144  1223  1223 W wifidisplayhalservice: libminijail[1223]: allowing syscall: writev
03-11 14:16:43.144  1043  1043 W APM::AudioPolicyEngine/Base: loadAudioPolicyEngineConfig: No configuration of AUDIO_STREAM_CALL_ASSISTANT found, using default volume configuration
03-11 14:16:43.148  1223  1223 W wifidisplayhalservice: libminijail[1223]: logging seccomp filter failures
03-11 14:16:43.148  1223  1223 E wifidisplayhal-service: Start with vendor binder
03-11 14:16:43.148  1223  1223 E wifidisplayhal-service: Registering wifidisplay session hal service...
03-11 14:16:43.150  1223  1223 I HidlServiceManagement: Registered vendor.qti.hardware.wifidisplaysession@1.0::IWifiDisplaySession/wifidisplaysession (start delay of 68ms)
03-11 14:16:43.150  1223  1223 E wifidisplayhal-service: Registering wifidisplay video track hal service...
03-11 14:16:43.150  1223  1223 I HidlServiceManagement: Registered vendor.qti.hardware.wifidisplaysession@1.0::IWifiDisplaySessionVideoTrack/wifidisplaysessionvideotrack (start delay of 69ms)
03-11 14:16:43.150  1223  1223 E wifidisplayhal-service: Registering wifidisplay video track hal service...
03-11 14:16:43.150  1223  1223 I HidlServiceManagement: Registered vendor.qti.hardware.wifidisplaysession@1.0::IWifiDisplaySessionAudioTrack/wifidisplaysessionaudiotrack (start delay of 69ms)
03-11 14:16:43.150  1223  1223 E wifidisplayhal-service: Registering wifidisplay image track hal service...
03-11 14:16:43.151  1223  1223 I HidlServiceManagement: Registered vendor.qti.hardware.wifidisplaysession@1.0::IWifiDisplaySessionImageTrack/wifidisplaysessionimagetrack (start delay of 70ms)
03-11 14:16:43.152  1207  1207 I SoftOMXPlugin: createOMXPlugin
03-11 14:16:43.152   866   866 W Zygote  : Class not found for preloading: android.inputmethodservice.-$$Lambda$InputMethodService$TvVfWDKZ3ljQdrU87qYykg6uD-I
03-11 14:16:43.153  1207  1207 I MediaCodecsXmlParser: getVendorXmlPath (/vendor/etc/media_codecs_vendor.xml)
03-11 14:16:43.153  1207  1207 D MediaCodecsXmlParser: parsing /vendor/etc/media_codecs_vendor.xml...
03-11 14:16:43.155  1207  1207 D MediaCodecsXmlParser: parsing /vendor/etc/media_codecs_google_audio.xml...
03-11 14:16:43.157  1239  1239 I imsrcsd : Uce Service HAL  is starting up...
03-11 14:16:43.158  1207  1207 D MediaCodecsXmlParser: parsing /vendor/etc/media_codecs_vendor_audio.xml...
03-11 14:16:43.158  1239  1239 I imsrcsd : Uce Service HAL  loading imsrcsbaseimpl
03-11 14:16:43.159   933   933 D audio_hw_primary: adev_open: enter
03-11 14:16:43.160  1207  1207 D MediaCodecsXmlParser: parsing /vendor/etc/media_codecs_google_telephony.xml...
03-11 14:16:43.165  1214  1214 I cat     : type=1400 audit(0.0:443): avc: denied { dac_read_search } for capability=2 scontext=u:r:vendor_qti_init_shell:s0 tcontext=u:r:vendor_qti_init_shell:s0 tclass=capability permissive=1
03-11 14:16:43.166  1207  1207 D MediaCodecsXmlParser: parsing /vendor/etc/media_codecs_google_video.xml...
03-11 14:16:43.167  1232  1232 E Diag_Lib: qpLogDiagInit <== result : 1
03-11 14:16:43.167  1232  1232 E Diag_Lib: QMID : gIsQXDMDisabled 1, gIsADBDisabled 1, gIsDebugDisabled 1, gIsIMSLogsDisabled 1
03-11 14:16:43.167  1232  1232 E Diag_Lib: [IMS_QMID] |imsqmiserver.c | 541 | QMID#$$#0#QMI DAEMON STARTED
03-11 14:16:43.168  1207  1207 I MediaCodecsXmlParser: getVendorXmlPath (/vendor/etc/media_codecs_performance.xml)
03-11 14:16:43.168  1207  1207 D MediaCodecsXmlParser: parsing /vendor/etc/media_codecs_performance.xml...
03-11 14:16:43.169   933   933 E ConfigParser: initAndParse: Error: 2 (No such file or directory). Using defaults!
03-11 14:16:43.170   933   933 I HidlServiceManagement: Registered vendor.qti.hardware.audiohalext@1.0::IAudioHalExt/default (start delay of 1019ms)
03-11 14:16:43.170   933   933 I audio_hw_hidl: Registration complete for vendor.qti.hardware.audiohalext@1.0::IAudioHalExt/default.
03-11 14:16:43.170   933   933 D audio_log_utils: registered, module hal
03-11 14:16:43.171   933   933 D audio_hw_extn: snd_mon_feature_init: Called with feature Enabled
03-11 14:16:43.171   866   866 I zygote64: Thread[1,tid=866,Native,Thread*=0x7b569687b0,peer=0x12c03040,"main"] recursive attempt to load library "libmedia_jni.so"
03-11 14:16:43.172  1207  1207 D MediaCodecsXmlParser: MediaCodec: cannot update non-existing codec at line 55 of /vendor/etc/media_codecs_performance.xml
03-11 14:16:43.172   864   864 I ServiceManager: Waiting for service 'statscompanion' on '/dev/binder'...
03-11 14:16:43.172  1207  1207 D MediaCodecsXmlParser: MediaCodec: cannot update non-existing codec at line 79 of /vendor/etc/media_codecs_performance.xml
03-11 14:16:43.172  1207  1207 D MediaCodecsXmlParser: MediaCodec: cannot update non-existing codec at line 82 of /vendor/etc/media_codecs_performance.xml
03-11 14:16:43.172  1207  1207 D MediaCodecsXmlParser: MediaCodec: cannot update non-existing codec at line 85 of /vendor/etc/media_codecs_performance.xml
03-11 14:16:43.172  1207  1207 D MediaCodecsXmlParser: MediaCodec: cannot update non-existing codec at line 91 of /vendor/etc/media_codecs_performance.xml
03-11 14:16:43.172  1207  1207 D MediaCodecsXmlParser: MediaCodec: cannot update non-existing codec at line 94 of /vendor/etc/media_codecs_performance.xml
03-11 14:16:43.172  1207  1207 D MediaCodecsXmlParser: MediaCodec: cannot update non-existing codec at line 100 of /vendor/etc/media_codecs_performance.xml
03-11 14:16:43.173  1207  1207 D MediaCodecsXmlParser: MediaCodec: cannot update non-existing codec at line 142 of /vendor/etc/media_codecs_performance.xml
03-11 14:16:43.173  1192  1208 I ServiceManager: Waiting for service 'package_native' on '/dev/binder'...
03-11 14:16:43.173   866   866 I zygote64: Thread[1,tid=866,Native,Thread*=0x7b569687b0,peer=0x12c03040,"main"] recursive attempt to load library "libmedia_jni.so"
03-11 14:16:43.173  1207  1207 D MediaCodecsXmlParser: MediaCodec: cannot update non-existing codec at line 184 of /vendor/etc/media_codecs_performance.xml
03-11 14:16:43.173   933   933 D audio_hw_extn: snd_mon_feature_init:: ---- Feature SND_MONITOR is Enabled ----
03-11 14:16:43.173   933   933 W audio_hw_extn: :: compr_cap_feature_init: ---- Feature COMPRESS_CAPTURE is disabled ----
03-11 14:16:43.173   933   933 D audio_hw_extn: dsm_feedback_feature_init: Called with feature NOT Enabled
03-11 14:16:43.173  1207  1207 D MediaCodecsXmlParser: MediaCodec: cannot update non-existing codec at line 190 of /vendor/etc/media_codecs_performance.xml
03-11 14:16:43.173   933   933 W audio_hw_extn: :: dsm_feedback_feature_init: ---- Feature DSM_FEEDBACK is disabled ----
03-11 14:16:43.173  1207  1207 D MediaCodecsXmlParser: MediaCodec: cannot update non-existing codec at line 197 of /vendor/etc/media_codecs_performance.xml
03-11 14:16:43.174   933   933 E audio_hw_extn: ssrec_feature_init: dlopen failed
03-11 14:16:43.174   933   933 W audio_hw_extn: :: ssrec_feature_init: ---- Feature SSREC is disabled ----
03-11 14:16:43.174   933   933 D audio_hw_extn: src_trkn_feature_init:: ---- Feature SOURCE_TRACKING is Enabled ----
03-11 14:16:43.174   933   933 D audio_hw_extn: hdmi_edid_feature_init: HDMI_EDID feature Enabled
03-11 14:16:43.174  1207  1207 D MediaCodecsXmlParser: MediaCodec: cannot update non-existing codec at line 203 of /vendor/etc/media_codecs_performance.xml
03-11 14:16:43.174  1207  1207 D MediaCodecsXmlParser: MediaCodec: cannot update non-existing codec at line 209 of /vendor/etc/media_codecs_performance.xml
03-11 14:16:43.174   866   866 D MtpDeviceJNI: register_android_mtp_MtpDevice
03-11 14:16:43.174  1207  1207 D MediaCodecsXmlParser: MediaCodec: cannot update non-existing codec at line 213 of /vendor/etc/media_codecs_performance.xml
03-11 14:16:43.174  1207  1207 D MediaCodecsXmlParser: Cannot find /data/misc/media/media_codecs_profiling_results.xml
03-11 14:16:43.174   866   866 I zygote64: Thread[1,tid=866,Native,Thread*=0x7b569687b0,peer=0x12c03040,"main"] recursive attempt to load library "libmedia_jni.so"
03-11 14:16:43.175   933   933 D audio_hw_extn: hdmi_edid_feature_init:: ---- Feature HDMI_EDID is Enabled ----
03-11 14:16:43.175   933   933 D audio_hw_extn: :: keep_alive_feature_init: ---- Feature KEEP_ALIVE is ENABLED ----
03-11 14:16:43.175   933   933 D audio_hw_extn: :: hifi_audio_feature_init: ---- Feature HIFI_AUDIO is  NOT ENABLED ----
03-11 14:16:43.175   933   933 D audio_hw_extn: :: ras_feature_init: ---- Feature RAS_FEATURE is ENABLED ----
03-11 14:16:43.175   933   933 D audio_hw_extn: :: kpi_optimize_feature_init: ---- Feature KPI_OPTIMIZE is ENABLED ----
03-11 14:16:43.175   933   933 D audio_hw_extn: usb_offload_feature_init: Called with feature Enabled
03-11 14:16:43.175   933   933 D audio_hw_extn: usb_offload_burst_mode_feature_init: Called with feature Enabled
03-11 14:16:43.175   933   933 D audio_hw_extn: usb_offload_sidetone_volume_feature_init: Called with feature NOT Enabled
03-11 14:16:43.175   933   933 D audio_hw_extn: a2dp_offload_feature_init: Called with feature Enabled
03-11 14:16:43.175   866   866 I zygote64: Thread[1,tid=866,Native,Thread*=0x7b569687b0,peer=0x12c03040,"main"] recursive attempt to load library "libmedia_jni.so"
03-11 14:16:43.181  1239  1239 I imsrcsd : Starting Service for First Time imsbaseimpl
03-11 14:16:43.181  1210  1210 E QCNEA   : Cne Version 4.9
03-11 14:16:43.181  1209  1209 I chatty  : uid=1000(system) sensors@1.0-ser expire 7 lines
03-11 14:16:43.182   933   933 D audio_hw_extn: a2dp_offload_feature_init:: ---- Feature A2DP_OFFLOAD is Enabled ----
03-11 14:16:43.182   933   933 D audio_hw_extn: :: vbat_feature_init: ---- Feature VBAT is ENABLED ----
03-11 14:16:43.182   933   933 D audio_hw_extn: :: display_port_feature_init: ---- Feature DISPLAY_PORT is ENABLED ----
03-11 14:16:43.182   933   933 D audio_hw_extn: :: fluence_feature_init: ---- Feature FLUENCE is ENABLED ----
03-11 14:16:43.182   933   933 D audio_hw_extn: :: custom_stereo_feature_init: ---- Feature CUSTOM_STEREO is ENABLED ----
03-11 14:16:43.182   933   933 D audio_hw_extn: :: anc_headset_feature_init: ---- Feature ANC_HEADSET is ENABLED----
03-11 14:16:43.182   933   933 D audio_hw_extn: spkr_prot_feature_init: Called with feature NOT Enabled, is_running_with_enhanced_fwk 1
03-11 14:16:43.182   933   933 W audio_hw_extn: :: spkr_prot_feature_init: ---- Feature SPKR_PROT is disabled ----
03-11 14:16:43.182   933   933 D audio_hw_extn: fm_feature_init: ---- Feature FM_POWER_OPT is ENABLED----
03-11 14:16:43.182   933   933 D audio_hw_extn: external_qdsp_feature_init: Called with feature NOT Enabled
03-11 14:16:43.182   933   933 W audio_hw_extn: :: external_qdsp_feature_init: ---- Feature EXTERNAL_QDSP is disabled ----
03-11 14:16:43.182   933   933 D audio_hw_extn: external_speaker_feature_init: Called with feature NOT Enabled
03-11 14:16:43.182   933   933 W audio_hw_extn: :: external_speaker_feature_init: ---- Feature EXTERNAL_SPKR is disabled ----
03-11 14:16:43.182   933   933 D audio_hw_extn: external_speaker_tfa_feature_init: Called with feature NOT Enabled
03-11 14:16:43.182   933   933 W audio_hw_extn: :: external_speaker_tfa_feature_init: ---- Feature EXTERNAL_SPKR_TFA is disabled ----
03-11 14:16:43.182   933   933 D audio_hw_extn: hwdep_cal_feature_init: Called with feature NOT Enabled
03-11 14:16:43.182   933   933 W audio_hw_extn: :: hwdep_cal_feature_init: ---- Feature HWDEP_CAL is disabled ----
03-11 14:16:43.182   933   933 D audio_hw_extn: hfp_feature_init: Called with feature Enabled
03-11 14:16:43.185   935   935 I vendor.one.biom: type=1400 audit(0.0:444): avc: denied { call } for scontext=u:r:init:s0 tcontext=u:r:hwservicemanager:s0 tclass=binder permissive=1
03-11 14:16:43.185  1260  1260 E adsprpcd: vendor/qcom/proprietary/commonsys-intf/adsprpc/src/adsprpcd.c:30:adsp daemon starting
03-11 14:16:43.186  1260  1260 I adsprpcd: remote_handle_open: Successfully opened handle 0x7f for '":;./\createstaticpd:audiopd on domain 0
03-11 14:16:43.189  1209  1265 I chatty  : uid=1000(system) sensors@1.0-ser expire 98 lines
03-11 14:16:43.190  1207  1207 I HidlServiceManagement: Registered android.hardware.media.omx@1.0::IOmx/default (start delay of 148ms)
03-11 14:16:43.190  1207  1207 I HidlServiceManagement: Removing namespace from process name android.hardware.media.omx@1.0-service to omx@1.0-service.
03-11 14:16:43.190  1207  1207 I android.hardware.media.omx@1.0-service: IOmx HAL service created.
03-11 14:16:43.190  1207  1207 I OmxStore: omx common prefix: 'OMX.'
03-11 14:16:43.190  1207  1207 I MediaCodecsXmlParser: getVendorXmlPath (/vendor/etc/media_codecs_vendor.xml)
03-11 14:16:43.190  1207  1207 D MediaCodecsXmlParser: parsing /vendor/etc/media_codecs_vendor.xml...
03-11 14:16:43.191  1207  1207 D MediaCodecsXmlParser: parsing /vendor/etc/media_codecs_google_audio.xml...
03-11 14:16:43.191  1207  1207 D MediaCodecsXmlParser: parsing /vendor/etc/media_codecs_vendor_audio.xml...
03-11 14:16:43.191  1207  1207 D MediaCodecsXmlParser: parsing /vendor/etc/media_codecs_google_telephony.xml...
03-11 14:16:43.192  1226  1226 E Diag_Lib: qpLogDiagInit <== result : 1; log_write_mutex is Initialized
03-11 14:16:43.192  1226  1226 E VIMSVT  : VT-Vendor:: enableImsADB 0, log_priority value 240
03-11 14:16:43.192  1226  1226 E Diag_Lib: [IMS_AP_RTP]"RTPService callback Registraton"
03-11 14:16:43.192  1207  1207 D MediaCodecsXmlParser: parsing /vendor/etc/media_codecs_google_video.xml...
03-11 14:16:43.192  1207  1207 I MediaCodecsXmlParser: getVendorXmlPath (/vendor/etc/media_codecs_performance.xml)
03-11 14:16:43.192  1207  1207 D MediaCodecsXmlParser: parsing /vendor/etc/media_codecs_performance.xml...
03-11 14:16:43.194  1226  1226 I HidlServiceManagement: Registered vendor.qti.imsrtpservice@2.1::IRTPService/imsrtpservice (start delay of 82ms)
03-11 14:16:43.194  1209  1279 I chatty  : uid=1000(system) sensors@1.0-ser expire 60 lines
03-11 14:16:43.194  1239  1239 I HidlServiceManagement: Registered com.qualcomm.qti.uceservice@2.1::IUceService/com.qualcomm.qti.uceservice (start delay of 73ms)
03-11 14:16:43.194  1239  1239 I imsrcsd : ImsRcsBaseImpl CM_IMSCONNECTIONMANAGER_CREATE_CONNECTION Before Registering Service
03-11 14:16:43.194  1239  1239 I HidlServiceManagement: Registered com.qualcomm.qti.imscmservice@2.2::IImsCmService/qti.ims.connectionmanagerservice (start delay of 73ms)
03-11 14:16:43.194  1239  1239 I imsrcsd : ImsRcsBaseImpl CM_IMSCONNECTIONMANAGER_CREATE_CONNECTION After Registering Service
03-11 14:16:43.194  1239  1239 E imsrcsd : [IMS_COM] |ImsCom.cpp | 53 | | 1239 |Com Fd: 8
03-11 14:16:43.194  1239  1239 E imsrcsd : [IMS_COM] |ImsCom.cpp | 158 | | 1239 |ImsCom::addComEventHandler(int 8, ComEventCallback 0x77bc1ed1b4, void* 0x0, ComCloseCallback 0x0, events 17) EX
03-11 14:16:43.194  1239  1239 E imsrcsd : [IMS_COM] |ImsCom.cpp | 170 | | 1239 |ImsCom::addComEventHandler epoll_ctl returns: 0
03-11 14:16:43.194  1239  1239 E imsrcsd : [IMS_COM] |ImsCom.cpp | 56 | | 1239 |ImsCom is ready. epollFd:7
03-11 14:16:43.194  1239  1239 E imsrcsd : [IMS_COM] |ImsQmiSvc.cpp | 42 | | 1239 |ImsQmiSvc: Xtor 
03-11 14:16:43.194  1239  1239 E imsrcsd : [IMS_COM] |ImsQmiSvc.cpp | 44 | | 1239 |ImsQmiSvc: qmiimssvcfd : 9 
03-11 14:16:43.195  1239  1239 E imsrcsd : [IMS_COM] |ImsCom.cpp | 158 | | 1239 |ImsCom::addComEventHandler(int 9, ComEventCallback 0x77bc1f1ff4, void* 0x78eca6b730, ComCloseCallback 0x0, events 1) EX
03-11 14:16:43.195  1239  1239 E imsrcsd : [IMS_COM] |ImsCom.cpp | 170 | | 1239 |ImsCom::addComEventHandler epoll_ctl returns: 0
03-11 14:16:43.195  1207  1207 D MediaCodecsXmlParser: MediaCodec: cannot update non-existing codec at line 55 of /vendor/etc/media_codecs_performance.xml
03-11 14:16:43.195  1209  1276 I chatty  : uid=1000(system) sensors@1.0-ser expire 69 lines
03-11 14:16:43.195  1207  1207 D MediaCodecsXmlParser: MediaCodec: cannot update non-existing codec at line 79 of /vendor/etc/media_codecs_performance.xml
03-11 14:16:43.195  1207  1207 D MediaCodecsXmlParser: MediaCodec: cannot update non-existing codec at line 82 of /vendor/etc/media_codecs_performance.xml
03-11 14:16:43.195  1207  1207 D MediaCodecsXmlParser: MediaCodec: cannot update non-existing codec at line 85 of /vendor/etc/media_codecs_performance.xml
03-11 14:16:43.195  1207  1207 D MediaCodecsXmlParser: MediaCodec: cannot update non-existing codec at line 91 of /vendor/etc/media_codecs_performance.xml
03-11 14:16:43.195  1207  1207 D MediaCodecsXmlParser: MediaCodec: cannot update non-existing codec at line 94 of /vendor/etc/media_codecs_performance.xml
03-11 14:16:43.195  1207  1207 D MediaCodecsXmlParser: MediaCodec: cannot update non-existing codec at line 100 of /vendor/etc/media_codecs_performance.xml
03-11 14:16:43.195   935   935 W HidlServiceManagement: Waited one second for vendor.oneplus.fingerprint.extension@1.0::IVendorFingerprintExtensions/default
03-11 14:16:43.195  1207  1207 D MediaCodecsXmlParser: MediaCodec: cannot update non-existing codec at line 142 of /vendor/etc/media_codecs_performance.xml
03-11 14:16:43.195  1207  1207 D MediaCodecsXmlParser: MediaCodec: cannot update non-existing codec at line 184 of /vendor/etc/media_codecs_performance.xml
03-11 14:16:43.195  1207  1207 D MediaCodecsXmlParser: MediaCodec: cannot update non-existing codec at line 190 of /vendor/etc/media_codecs_performance.xml
03-11 14:16:43.195  1207  1207 D MediaCodecsXmlParser: MediaCodec: cannot update non-existing codec at line 197 of /vendor/etc/media_codecs_performance.xml
03-11 14:16:43.195  1207  1207 D MediaCodecsXmlParser: MediaCodec: cannot update non-existing codec at line 203 of /vendor/etc/media_codecs_performance.xml
03-11 14:16:43.195  1207  1207 D MediaCodecsXmlParser: MediaCodec: cannot update non-existing codec at line 209 of /vendor/etc/media_codecs_performance.xml
03-11 14:16:43.195  1207  1207 D MediaCodecsXmlParser: MediaCodec: cannot update non-existing codec at line 213 of /vendor/etc/media_codecs_performance.xml
03-11 14:16:43.196  1207  1207 D MediaCodecsXmlParser: Cannot find /data/misc/media/media_codecs_profiling_results.xml
03-11 14:16:43.196   629   629 I hwservicemanager: Since vendor.oneplus.fingerprint.extension@1.0::IVendorFingerprintExtensions/default is not registered, trying to start it as a lazy HAL.
03-11 14:16:43.196  1207  1207 E MediaCodecsXmlParser: Role video_decoder.mpeg4 has mismatching types: video/mp4v-es and video/mp4v-esdp
03-11 14:16:43.196   935   935 I HidlServiceManagement: getService: Trying again for vendor.oneplus.fingerprint.extension@1.0::IVendorFingerprintExtensions/default...
03-11 14:16:43.196  1207  1207 I OmxStore: node [OMX.qcom.video.encoder.heic] not found in IOmx
03-11 14:16:43.196  1207  1207 I OmxStore: node [OMX.qcom.video.decoder.avc] not found in IOmx
03-11 14:16:43.196  1207  1207 I OmxStore: node [OMX.qcom.video.decoder.avc.secure] not found in IOmx
03-11 14:16:43.196  1207  1207 I OmxStore: node [OMX.qti.video.decoder.h263sw] not found in IOmx
03-11 14:16:43.196  1207  1207 I OmxStore: node [OMX.qcom.video.decoder.hevc] not found in IOmx
03-11 14:16:43.196  1207  1207 I OmxStore: node [OMX.qcom.video.decoder.hevc.secure] not found in IOmx
03-11 14:16:43.196  1207  1207 I OmxStore: node [OMX.qcom.video.decoder.mpeg2] not found in IOmx
03-11 14:16:43.196  1207  1207 I OmxStore: node [OMX.qcom.video.decoder.mpeg2.secure] not found in IOmx
03-11 14:16:43.196  1207  1207 I OmxStore: node [OMX.qti.video.decoder.mpeg4sw] not found in IOmx
03-11 14:16:43.196  1207  1207 I OmxStore: node [OMX.qti.video.decoder.vc1sw] not found in IOmx
03-11 14:16:43.196  1207  1207 I OmxStore: node [OMX.qcom.video.decoder.vp8] not found in IOmx
03-11 14:16:43.196  1207  1207 I OmxStore: node [OMX.qcom.video.decoder.vp9] not found in IOmx
03-11 14:16:43.196  1207  1207 I OmxStore: node [OMX.qcom.video.decoder.vp9.secure] not found in IOmx
03-11 14:16:43.196  1207  1207 I OmxStore: node [OMX.qcom.video.encoder.avc] not found in IOmx
03-11 14:16:43.196  1207  1207 I OmxStore: node [OMX.qcom.video.encoder.h263sw] not found in IOmx
03-11 14:16:43.196  1207  1207 I OmxStore: node [OMX.qcom.video.encoder.hevc] not found in IOmx
03-11 14:16:43.196  1207  1207 I OmxStore: node [OMX.qcom.video.encoder.hevc.cq] not found in IOmx
03-11 14:16:43.196  1207  1207 I OmxStore: node [OMX.qcom.video.encoder.mpeg4sw] not found in IOmx
03-11 14:16:43.196  1207  1207 I OmxStore: node [OMX.qcom.video.encoder.vp8] not found in IOmx
03-11 14:16:43.199   866   866 W Zygote  : Class not found for preloading: android.media.MediaRouter$Static$Client$1
03-11 14:16:43.199   866   866 W Zygote  : Class not found for preloading: android.media.MediaRouter$Static$Client$2
03-11 14:16:43.199  1190  1190 E MediaExtractorFactory: couldn't opendir(/system/lib64/extractors)
03-11 14:16:43.201  1204  1204 D PerfDaemon: added vendor.perfservice to services and is now running.
03-11 14:16:43.202   933   933 D audio_hw_extn: hfp_feature_init:: ---- Feature HFP is Enabled ----
03-11 14:16:43.202   933   933 D audio_hw_extn: ext_hw_plugin_feature_init: Called with feature Enabled
03-11 14:16:43.205  1269  1269 W libc    : Unable to set property "ctl.start" to "ril-daemon": error code: 0x20
03-11 14:16:43.207   933   933 D audio_hw_extn: ext_hw_plugin_feature_init:: ---- Feature EXT_HW_PLUGIN is Enabled ----
03-11 14:16:43.207   933   933 D audio_hw_extn: record_play_concurency_feature_init: ---- Feature RECORD_PLAY_CONCURRENCY is NOT ENABLED----
03-11 14:16:43.207   933   933 D audio_hw_extn: hdmi_passthrough_feature_init: Called with feature Enabled
03-11 14:16:43.207  1257  1257 E adsprpcd: vendor/qcom/proprietary/commonsys-intf/adsprpc/src/adsprpcd.c:30:adsp daemon starting
03-11 14:16:43.207  1172  1172 E ThermalEngine: Unable to change to /sys/devices/soc/
03-11 14:16:43.207  1172  1172 E ThermalEngine: bcl_setup: Unexpected node error
03-11 14:16:43.207  1172  1172 E ThermalEngine: add_tgt_sensor: bcl sensor setup failed failed.
03-11 14:16:43.207  1172  1172 E ThermalEngine: add_tgt_sensors_set: Error adding bcl
03-11 14:16:43.207  1172  1172 E ThermalEngine: sensors_init: Error adding BCL TS
03-11 14:16:43.207  1172  1172 E ThermalEngine: pid_init_data: ERROR Uknown device
03-11 14:16:43.208  1172  1172 E ThermalEngine: thermal_monitor_init_data: ERROR Uknown device
03-11 14:16:43.208  1172  1172 E ThermalEngine: speaker_cal_init_data: ERROR Uknown device
03-11 14:16:43.208  1172  1172 E ThermalEngine: ss_init_data: ERROR Uknown device
03-11 14:16:43.208  1172  1172 I ThermalEngine: Loading config file for virtual sensor
03-11 14:16:43.208  1172  1172 I ThermalEngine: Loading configuration file /vendor/etc/thermal-engine.conf
03-11 14:16:43.208  1172  1172 I ThermalEngine: Parsing section global
03-11 14:16:43.208  1172  1172 E ThermalEngine: virtual_sensors_init: Error getting virtual sensors set
03-11 14:16:43.208  1172  1172 I ThermalEngine: Loading configuration file /vendor/etc/thermal-engine.conf
03-11 14:16:43.208  1172  1172 I ThermalEngine: Parsing section global
03-11 14:16:43.208  1172  1172 E ThermalEngine: sensors_manager_reg_clnt: Invalid sensor pop_mem.
03-11 14:16:43.208  1172  1172 E ThermalEngine: pid_algo_init: Sensor clnt create fail pop_mem
03-11 14:16:43.208  1172  1172 E ThermalEngine: sensors_manager_reg_clnt: Invalid sensor cpu3.
03-11 14:16:43.209  1172  1172 E ThermalEngine: pid_algo_init: Sensor clnt create fail cpu3
03-11 14:16:43.209  1172  1172 E ThermalEngine: sensors_manager_reg_clnt: Invalid sensor cpu2.
03-11 14:16:43.209  1172  1172 E ThermalEngine: pid_algo_init: Sensor clnt create fail cpu2
03-11 14:16:43.209  1172  1172 E ThermalEngine: sensors_manager_reg_clnt: Invalid sensor cpu1.
03-11 14:16:43.209  1172  1172 E ThermalEngine: pid_algo_init: Sensor clnt create fail cpu1
03-11 14:16:43.209  1172  1172 E ThermalEngine: sensors_manager_reg_clnt: Invalid sensor cpu0.
03-11 14:16:43.209  1172  1172 E ThermalEngine: pid_algo_init: Sensor clnt create fail cpu0
03-11 14:16:43.209  1172  1172 I ThermalEngine: pid_algo_init: No PID's to be configured.
03-11 14:16:43.209  1172  1172 E ThermalEngine: Failed to setup at least one sensor for monitoring
03-11 14:16:43.209  1172  1172 I ThermalEngine: ss_algo_init: No SS's configured.
03-11 14:16:43.209  1172  1172 E ThermalEngine: No speaker_cal config
03-11 14:16:43.209  1172  1172 E ThermalEngine: open/sys/module/msm_thermal/parameters/enabled failed2
03-11 14:16:43.210  1257  1257 I adsprpcd: remote_handle_open: Successfully opened handle 0x7f for '":;./\attachguestos on domain 0
03-11 14:16:43.211   933   933 E audio_hw_extn: hdmi_passthrough_feature_init: dlsym failed
03-11 14:16:43.212   933   933 W audio_hw_extn: :: hdmi_passthrough_feature_init: ---- Feature HDMI_PASSTHROUGH is disabled ----
03-11 14:16:43.212   933   933 D audio_hw_extn: concurrent_capture_feature_init: ---- Feature CONCURRENT_CAPTURE is ENABLED----
03-11 14:16:43.212   933   933 D audio_hw_extn: compress_in_feature_init: ---- Feature COMPRESS_IN is ENABLED----
03-11 14:16:43.212  1264  1264 E cdsprpcd: vendor/qcom/proprietary/commonsys-intf/adsprpc/src/cdsprpcd.c:29:cdsp daemon starting
03-11 14:16:43.216   933   933 D audio_hw_extn: battery_listener_feature_init: ---- Feature BATTERY_LISTENER is enabled ----
03-11 14:16:43.217   933   933 D audio_hw_extn: maxx_audio_feature_init: Called with feature NOT Enabled
03-11 14:16:43.217   933   933 W audio_hw_extn: :: maxx_audio_feature_init: ---- Feature MAXX_AUDIO is disabled ----
03-11 14:16:43.217   933   933 D audio_hw_extn: audiozoom_feature_init: Called with feature NOT Enabled
03-11 14:16:43.217   933   933 W audio_hw_extn: :: audiozoom_feature_init: ---- Feature AUDIOZOOM is disabled ----
03-11 14:16:43.217   933   933 D voice_extn: :: dynamic_ecns_feature_init: ---- Feature DYNAMIC_ECNS is ENABLED ----
03-11 14:16:43.217  1172  1301 I ThermalEngine: Monitor : quiet_therm = 33750, msm_therm = 43415, xo_therm = 36490, battery_therm = 320,current_now = 974000 
03-11 14:16:43.217  1239  1239 E imsrcsd : [IMS_COM] |ImsQmiSvc.cpp | 115 | | 1239 |ImsQmiSvc: registerForQmiSvcUp 
03-11 14:16:43.217  1239  1239 E imsrcsd : [IMS_COM] |ImsQmiPrivate.cpp | 119 | | 1239 |ImsQmiPrivate Xtor
03-11 14:16:43.217  1239  1239 E imsrcsd : [IMS_COM] |ImsCom.cpp | 158 | | 1239 |ImsCom::addComEventHandler(int 13, ComEventCallback 0x77bc1f0220, void* 0x78eca6b730, ComCloseCallback 0x0, events 1) EX
03-11 14:16:43.217  1239  1239 E imsrcsd : [IMS_COM] |ImsCom.cpp | 170 | | 1239 |ImsCom::addComEventHandler epoll_ctl returns: 0
03-11 14:16:43.217  1239  1239 E imsrcsd : [IMS_COM] |ImsQmiPrivate.cpp | 226 | | 1239 |QMI IMS Private listener added 0x789ca6be10
03-11 14:16:43.217  1239  1239 I imsrcsd : ImsCallInfoService - <API SVC> registerServiceImpl: Registering for vendor.qti.ims.callinfo 
03-11 14:16:43.217  1207  1207 I HidlServiceManagement: Registered android.hardware.media.omx@1.0::IOmxStore/default (start delay of 176ms)
03-11 14:16:43.217  1207  1207 I HidlServiceManagement: Removing namespace from process name android.hardware.media.omx@1.0-service to omx@1.0-service.
