03-10 20:13:00.221     0     0 I         : @6 IPA is_platform_type_msm = True
03-10 20:13:00.221     0     0 I         : @6 IPA SG support = True
03-10 20:13:00.221     0     0 I         : @6 IPA Napi Enable = True
03-10 20:13:00.221     0     0 I         : @6 using default for wan-rx-desc-size = 256
03-10 20:13:00.221     0     0 I         : @6 IPA driver initialization was successful.
03-10 20:13:00.221     0     0 E         : @6 ipa-wan ipa3_wwan_probe:2815 rmnet_ipa completed initialization
03-10 20:13:00.525     0     0 I         : @3 aw8697_container_update exit
03-10 20:13:00.525     0     0 I @3 aw8697_ram_loaded: fw update complete
03-10 20:13:00.525     0     0 I         : @3 aw8697_rtp_update enter
03-10 20:13:00.528     0     0 I         : @3 aw8697_rtp_loaded enter
03-10 20:13:00.528     0     0 I @3 aw8697_rtp_loaded: loaded aw8697_rtp.bin - size: 72000
03-10 20:13:00.528     0     0 I @3 aw8697_rtp_loaded: rtp size = 72000
03-10 20:13:00.528     0     0 I @3 aw8697_rtp_loaded: rtp update complete
03-10 20:13:02.297     0     0 E @4 SMBLIB: smblib_update_usb_type: pm8150b_charger: smblib_update_usb_type: APSD=SDP PD=0 dash_on=0 real_charger_type=4
03-10 20:13:02.961     0     0 I         : @6 F2FS-fs (dm-10): Found nat_bits in checkpoint
03-10 20:13:03.025     0     0 I         : @7 F2FS-fs (dm-10): Mounted with checkpoint version = 5b27342b
03-10 20:13:03.025   672   672 I vold    : [libfs_mgr]__mount(source=/dev/block/dm-10,target=/data,type=f2fs)=0: Success
03-10 20:13:03.025   672   672 D vold    : Mounted /data
03-10 20:13:03.026   672   685 D vold    : Disk at 252:10 changed
03-10 20:13:03.028     0     0 I         : @3 tri_state_key extcon_dev_work : hw_version=0
03-10 20:13:03.028     0     0 I         : @3 tri_state_key extcon_dev_work : key[0]=0,key[1]=1,key[2]=1
03-10 20:13:03.039     0     0 D @4 vdc  : Waited 0ms for vold
03-10 20:13:03.039   672   672 I Checkpoint: cp_prepareCheckpoint called
03-10 20:13:03.046     0     0 D @4 vdc  : Waited 0ms for vold
03-10 20:13:03.046   672   672 I vold    : fscrypt_initialize_systemwide_keys
03-10 20:13:03.047   672   672 D vold    : Key exists, using: /data/unencrypted/key
03-10 20:13:03.049   672   672 I vold    : List of Keymaster HALs found:
03-10 20:13:03.049   672   672 I vold    : Keymaster HAL #1: Keymaster HAL: 4 from QTI SecurityLevel: TRUSTED_ENVIRONMENT HAL: android.hardware.keymaster@4.1::IKeymasterDevice/default
03-10 20:13:03.049   672   672 I vold    : Using Keymaster HAL: 4 from QTI for encryption.  Security level: TRUSTED_ENVIRONMENT, HAL: android.hardware.keymaster@4.1::IKeymasterDevice/default
03-10 20:13:03.053   672   672 E vold    : begin failed, code -62
03-10 20:13:03.053   672   672 D vold    : Upgrading key: /data/unencrypted/key
03-10 20:13:03.066   672   672 I vold    : Key upgraded: /data/unencrypted/key
03-10 20:13:03.072   672   672 I vold    : Kernel doesn't support FS_IOC_ADD_ENCRYPTION_KEY.  Falling back to session keyring
03-10 20:13:03.072   672   672 D vold    : Added key 288824443 (ext4:c1f68e1ac248d5d7) to keyring 883818444 in process 672
03-10 20:13:03.072   672   672 D vold    : Added key 377002400 (f2fs:c1f68e1ac248d5d7) to keyring 883818444 in process 672
03-10 20:13:03.072   672   672 D vold    : Added key 524953155 (fscrypt:c1f68e1ac248d5d7) to keyring 883818444 in process 672
03-10 20:13:03.073   672   672 I vold    : Wrote system DE key reference to:/data/unencrypted/ref
03-10 20:13:03.074   672   672 D vold    : Added key 220586029 (ext4:4a31a955f6fbf889) to keyring 883818444 in process 672
03-10 20:13:03.074   672   672 D vold    : Added key 293578468 (f2fs:4a31a955f6fbf889) to keyring 883818444 in process 672
03-10 20:13:03.074   672   672 D vold    : Added key 928695980 (fscrypt:4a31a955f6fbf889) to keyring 883818444 in process 672
03-10 20:13:03.074   672   672 I vold    : Wrote per boot key reference to:/data/unencrypted/per_boot_ref
03-10 20:13:03.076     0     0 I @6 fscrypt: AES-256-CTS-CBC using implementation "cts(cbc-aes-ce)"
03-10 20:13:03.085     0     0 I @6 apexd: Scanning /system/apex for preinstalled data
03-10 20:13:03.086     0     0 I @6 apexd: Scanning /system_ext/apex for preinstalled data
03-10 20:13:03.086     0     0 I @6 apexd: ... does not exist. Skipping
03-10 20:13:03.086     0     0 I @6 apexd: Scanning /product/apex for preinstalled data
03-10 20:13:03.086     0     0 I @6 apexd: ... does not exist. Skipping
03-10 20:13:03.086     0     0 I @6 apexd: Scanning /vendor/apex for preinstalled data
03-10 20:13:03.086     0     0 I @6 apexd: ... does not exist. Skipping
03-10 20:13:03.086     0     0 I @6 apexd: Populating APEX database from mounts...
03-10 20:13:03.086     0     0 I @6 apexd: 0 packages restored.
03-10 20:13:03.086     0     0 I @6 apexd: Marking APEXd as starting
03-10 20:13:03.101   672   685 D vold    : Disk at 7:48 changed
03-10 20:13:03.158   672   685 D vold    : Disk at 7:48 changed
03-10 20:13:03.185     0     0 I @4 device-mapper: verity: sha1 using implementation "sha1-ce"
03-10 20:13:03.185   672   685 D vold    : Disk at 252:11 changed
03-10 20:13:03.188   672   685 D vold    : Disk at 252:11 changed
03-10 20:13:03.210     0     0 I         : @4 EXT4-fs (dm-11): mounted filesystem without journal. Opts: (null)
03-10 20:13:03.211   672   685 D vold    : Disk at 7:56 changed
03-10 20:13:03.228   672   685 D vold    : Disk at 7:56 changed
03-10 20:13:03.253     0     0 I @4 device-mapper: verity: sha1 using implementation "sha1-ce"
03-10 20:13:03.253   672   685 D vold    : Disk at 252:12 changed
03-10 20:13:03.261   672   685 D vold    : Disk at 252:12 changed
03-10 20:13:03.263     0     0 I         : @6 EXT4-fs (dm-12): mounted filesystem without journal. Opts: (null)
03-10 20:13:03.264   672   685 D vold    : Disk at 7:64 changed
03-10 20:13:03.278   672   685 D vold    : Disk at 7:64 changed
03-10 20:13:03.300     0     0 I @7 device-mapper: verity: sha1 using implementation "sha1-ce"
03-10 20:13:03.301   672   685 D vold    : Disk at 252:13 changed
03-10 20:13:03.301   672   685 D vold    : Disk at 252:13 changed
03-10 20:13:03.322     0     0 I         : @5 EXT4-fs (dm-13): mounted filesystem without journal. Opts: (null)
03-10 20:13:03.323   672   685 D vold    : Disk at 7:72 changed
03-10 20:13:03.338   672   685 D vold    : Disk at 7:72 changed
03-10 20:13:03.349     0     0 I @5 device-mapper: verity: sha1 using implementation "sha1-ce"
03-10 20:13:03.350   672   685 D vold    : Disk at 252:14 changed
03-10 20:13:03.350   672   685 D vold    : Disk at 252:14 changed
03-10 20:13:03.372     0     0 I         : @4 EXT4-fs (dm-14): mounted filesystem without journal. Opts: (null)
03-10 20:13:03.373   672   685 D vold    : Disk at 7:80 changed
03-10 20:13:03.388   672   685 D vold    : Disk at 7:80 changed
03-10 20:13:03.416     0     0 I @7 device-mapper: verity: sha1 using implementation "sha1-ce"
03-10 20:13:03.417   672   685 D vold    : Disk at 252:15 changed
03-10 20:13:03.417   672   685 D vold    : Disk at 252:15 changed
03-10 20:13:03.439     0     0 I         : @7 EXT4-fs (dm-15): mounted filesystem without journal. Opts: (null)
03-10 20:13:03.439   672   685 D vold    : Disk at 7:88 changed
03-10 20:13:03.468   672   685 D vold    : Disk at 7:88 changed
03-10 20:13:03.489     0     0 I @6 device-mapper: verity: sha1 using implementation "sha1-ce"
03-10 20:13:03.490   672   685 D vold    : Disk at 252:16 changed
03-10 20:13:03.490   672   685 D vold    : Disk at 252:16 changed
03-10 20:13:03.512     0     0 I         : @7 EXT4-fs (dm-16): mounted filesystem without journal. Opts: (null)
03-10 20:13:03.512   672   685 D vold    : Disk at 7:96 changed
03-10 20:13:03.528   672   685 D vold    : Disk at 7:96 changed
03-10 20:13:03.551     0     0 I @5 device-mapper: verity: sha1 using implementation "sha1-ce"
03-10 20:13:03.552   672   685 D vold    : Disk at 252:17 changed
03-10 20:13:03.552   672   685 D vold    : Disk at 252:17 changed
03-10 20:13:03.574     0     0 I         : @5 EXT4-fs (dm-17): mounted filesystem without journal. Opts: (null)
03-10 20:13:03.575   672   685 D vold    : Disk at 7:104 changed
03-10 20:13:03.588   672   685 D vold    : Disk at 7:104 changed
03-10 20:13:03.610     0     0 I @5 device-mapper: verity: sha1 using implementation "sha1-ce"
03-10 20:13:03.610   672   685 D vold    : Disk at 252:18 changed
03-10 20:13:03.610   672   685 D vold    : Disk at 252:18 changed
03-10 20:13:03.632     0     0 I         : @4 EXT4-fs (dm-18): mounted filesystem without journal. Opts: (null)
03-10 20:13:03.633   672   685 D vold    : Disk at 7:112 changed
03-10 20:13:03.648   672   685 D vold    : Disk at 7:112 changed
03-10 20:13:03.660     0     0 I @4 device-mapper: verity: sha1 using implementation "sha1-ce"
03-10 20:13:03.660   672   685 D vold    : Disk at 252:19 changed
03-10 20:13:03.660   672   685 D vold    : Disk at 252:19 changed
03-10 20:13:03.682     0     0 I         : @4 EXT4-fs (dm-19): mounted filesystem without journal. Opts: (null)
03-10 20:13:03.683   672   685 D vold    : Disk at 7:120 changed
03-10 20:13:03.698   672   685 D vold    : Disk at 7:120 changed
03-10 20:13:03.720     0     0 I @5 device-mapper: verity: sha1 using implementation "sha1-ce"
03-10 20:13:03.720   672   685 D vold    : Disk at 252:20 changed
03-10 20:13:03.720   672   685 D vold    : Disk at 252:20 changed
03-10 20:13:03.742     0     0 I         : @6 EXT4-fs (dm-20): mounted filesystem without journal. Opts: (null)
03-10 20:13:03.743   672   685 D vold    : Disk at 7:128 changed
03-10 20:13:03.758   672   685 D vold    : Disk at 7:128 changed
03-10 20:13:03.775     0     0 I @7 device-mapper: verity: sha1 using implementation "sha1-ce"
03-10 20:13:03.776   672   685 D vold    : Disk at 252:21 changed
03-10 20:13:03.776   672   685 D vold    : Disk at 252:21 changed
03-10 20:13:03.798     0     0 I         : @7 EXT4-fs (dm-21): mounted filesystem without journal. Opts: (null)
03-10 20:13:03.798   672   685 D vold    : Disk at 7:136 changed
03-10 20:13:03.818   672   685 D vold    : Disk at 7:136 changed
03-10 20:13:03.839     0     0 I @4 device-mapper: verity: sha1 using implementation "sha1-ce"
03-10 20:13:03.839   672   685 D vold    : Disk at 252:22 changed
03-10 20:13:03.840   672   685 D vold    : Disk at 252:22 changed
03-10 20:13:03.862     0     0 I         : @4 EXT4-fs (dm-22): mounted filesystem without journal. Opts: (null)
03-10 20:13:03.864   672   685 D vold    : Disk at 7:144 changed
03-10 20:13:03.878   672   685 D vold    : Disk at 7:144 changed
03-10 20:13:03.900     0     0 I         : @7 EXT4-fs (loop18): mounted filesystem without journal. Opts: (null)
03-10 20:13:03.902   672   685 D vold    : Disk at 7:152 changed
03-10 20:13:03.908   672   685 D vold    : Disk at 7:152 changed
03-10 20:13:03.930     0     0 I         : @5 EXT4-fs (loop19): mounted filesystem without journal. Opts: (null)
03-10 20:13:03.931   672   685 D vold    : Disk at 7:160 changed
03-10 20:13:03.948   672   685 D vold    : Disk at 7:160 changed
03-10 20:13:03.972     0     0 I         : @5 EXT4-fs (loop20): mounted filesystem without journal. Opts: (null)
03-10 20:13:03.972   672   685 D vold    : Disk at 7:168 changed
03-10 20:13:03.988   672   685 D vold    : Disk at 7:168 changed
03-10 20:13:04.011     0     0 I         : @7 EXT4-fs (loop21): mounted filesystem without journal. Opts: (null)
03-10 20:13:04.011   672   685 D vold    : Disk at 7:176 changed
03-10 20:13:04.028   672   685 D vold    : Disk at 7:176 changed
03-10 20:13:04.051     0     0 I         : @5 EXT4-fs (loop22): mounted filesystem without journal. Opts: (null)
03-10 20:13:04.051   672   685 D vold    : Disk at 7:184 changed
03-10 20:13:04.068   672   685 D vold    : Disk at 7:184 changed
03-10 20:13:04.090     0     0 I         : @7 EXT4-fs (loop23): mounted filesystem without journal. Opts: (null)
03-10 20:13:04.091   672   685 D vold    : Disk at 7:192 changed
03-10 20:13:04.118   672   685 D vold    : Disk at 7:192 changed
03-10 20:13:04.141     0     0 I         : @6 EXT4-fs (loop24): mounted filesystem without journal. Opts: (null)
03-10 20:13:04.141   672   685 D vold    : Disk at 7:200 changed
03-10 20:13:04.158   672   685 D vold    : Disk at 7:200 changed
03-10 20:13:04.181     0     0 I         : @5 EXT4-fs (loop25): mounted filesystem without journal. Opts: (null)
03-10 20:13:04.183   672   685 D vold    : Disk at 7:208 changed
03-10 20:13:04.198   672   685 D vold    : Disk at 7:208 changed
03-10 20:13:04.222     0     0 I         : @5 EXT4-fs (loop26): mounted filesystem without journal. Opts: (null)
03-10 20:13:04.225     0     0 I @7 init : Wait for property 'apexd.status=activated' took 1112ms
03-10 20:13:04.235     0     0 I @7 init : Parsing file /apex/com.android.adbd/etc/init.rc...
03-10 20:13:04.235     0     0 I @6 init : Parsing file /apex/com.android.media.swcodec/etc/init.rc...
03-10 20:13:04.235     0     0 I @6 init : Parsing file /apex/com.android.os.statsd/etc/init.rc...
03-10 20:13:04.235     0     0 I @6 init : Parsing file /apex/com.android.sdkext/etc/derive_sdk.rc...
03-10 20:13:04.243     0     0 I @4 init : linkerconfig generated /linkerconfig with mounted APEX modules info
03-10 20:13:04.243     0     0 I @4 init : Not setting encryption policy on: /data/media
03-10 20:13:04.244     0     0 I @4 init : starting service 'exec 10 (/system/bin/chattr +F /data/media)'...
03-10 20:13:04.245     0     0 I @4 init : SVC_EXEC service 'exec 10 (/system/bin/chattr +F /data/media)' pid 831 (uid 1023 gid 1023+0 context default) started; waiting...
03-10 20:13:04.265     0     0 I @7 init : Service 'exec 10 (/system/bin/chattr +F /data/media)' (pid 831) exited with status 0 waiting took 0.019000 seconds
03-10 20:13:04.279     0     0 D @5 vdc  : Waited 0ms for vold
03-10 20:13:04.280   672   672 D vold    : fscrypt_init_user0
03-10 20:13:04.280   672   672 D vold    : Preparing: /data/misc/vold/user_keys
03-10 20:13:04.280   672   672 D vold    : Preparing: /data/misc/vold/user_keys/ce
03-10 20:13:04.281   672   672 D vold    : Preparing: /data/misc/vold/user_keys/de
03-10 20:13:04.281   672   672 D vold    : Skipping non-de-key .
03-10 20:13:04.281   672   672 D vold    : Skipping non-de-key ..
03-10 20:13:04.284   672   672 I vold    : List of Keymaster HALs found:
03-10 20:13:04.284   672   672 I vold    : Keymaster HAL #1: Keymaster HAL: 4 from QTI SecurityLevel: TRUSTED_ENVIRONMENT HAL: android.hardware.keymaster@4.1::IKeymasterDevice/default
03-10 20:13:04.284   672   672 I vold    : Using Keymaster HAL: 4 from QTI for encryption.  Security level: TRUSTED_ENVIRONMENT, HAL: android.hardware.keymaster@4.1::IKeymasterDevice/default
03-10 20:13:04.291   672   672 D vold    : Added key 828242322 (ext4:d7dd727a177151b3) to keyring 883818444 in process 672
03-10 20:13:04.291   672   672 D vold    : Added key 371565905 (f2fs:d7dd727a177151b3) to keyring 883818444 in process 672
03-10 20:13:04.291   672   672 D vold    : Added key 686145652 (fscrypt:d7dd727a177151b3) to keyring 883818444 in process 672
03-10 20:13:04.291   672   672 D vold    : Installed de key for user 0
03-10 20:13:04.291   672   672 D vold    : fscrypt_prepare_user_storage for volume null, user 0, serial 0, flags 1
03-10 20:13:04.291   672   672 D vold    : Preparing: /data/system/users/0
03-10 20:13:04.291   672   672 D vold    : Preparing: /data/misc/profiles/cur/0
03-10 20:13:04.292   672   672 D vold    : Preparing: /data/system_de/0
03-10 20:13:04.292   672   672 D vold    : Preparing: /data/misc_de/0
03-10 20:13:04.292   672   672 D vold    : Preparing: /data/vendor_de/0
03-10 20:13:04.292   672   672 D vold    : Preparing: /data/user_de/0
03-10 20:13:04.293   672   672 I vold    : Verified that /data/system_de/0 has the encryption policy d7dd727a177151b3 v1 modes 127/4 flags 0x0
03-10 20:13:04.293   672   672 I vold    : Verified that /data/misc_de/0 has the encryption policy d7dd727a177151b3 v1 modes 127/4 flags 0x0
03-10 20:13:04.293   672   672 I vold    : Verified that /data/vendor_de/0 has the encryption policy d7dd727a177151b3 v1 modes 127/4 flags 0x0
03-10 20:13:04.293   672   672 I vold    : Verified that /data/user_de/0 has the encryption policy d7dd727a177151b3 v1 modes 127/4 flags 0x0
03-10 20:13:04.293   672   672 D vold    : /system/bin/vold_prepare_subdirs
03-10 20:13:04.293   672   672 D vold    :     prepare
03-10 20:13:04.293   672   672 D vold    :     
03-10 20:13:04.293   672   672 D vold    :     0
03-10 20:13:04.293   672   672 D vold    :     1
03-10 20:13:04.321     0     0 I @5 apexd: Snapshot DE subcommand detected
03-10 20:13:04.322     0     0 I @5 apexd: Marking APEXd as ready
03-10 20:13:04.342     0     0 W @7 init : Top-level directory needs encryption action, eg mkdir /data/shared <mode> <uid> <gid> encryption=Require
03-10 20:13:04.342     0     0 I @7 init : Verified that /data/shared has the encryption policy c1f68e1ac248d5d7 v1 modes 127/4 flags 0x0
03-10 20:13:04.351     0     0 W @4 init : Top-level directory needs encryption action, eg mkdir /data/nfc <mode> <uid> <gid> encryption=Require
03-10 20:13:04.351     0     0 I @4 init : Verified that /data/nfc has the encryption policy c1f68e1ac248d5d7 v1 modes 127/4 flags 0x0
03-10 20:13:04.351     0     0 W @4 init : Top-level directory needs encryption action, eg mkdir /data/fpc_images <mode> <uid> <gid> encryption=Require
03-10 20:13:04.352     0     0 I @4 init : Verified that /data/fpc_images has the encryption policy c1f68e1ac248d5d7 v1 modes 127/4 flags 0x0
03-10 20:13:04.352     0     0 W @4 init : Top-level directory needs encryption action, eg mkdir /data/fpc <mode> <uid> <gid> encryption=Require
03-10 20:13:04.441     0     0 I @6 update_verifier: Started with arg 1: nonencrypted
03-10 20:13:04.442     0     0 I @6 update_verifier: Booting slot 0: isSlotMarkedSuccessful=0
03-10 20:13:04.442     0     0 E @6 update_verifier: /data/ota_package/care_map.pb doesn't exist
03-10 20:13:04.442     0     0 W @6 update_verifier: Failed to parse the care map file, skipping verification
03-10 20:13:04.457     0     0 I @5 update_verifier: Marked slot 0 as booted successfully.
03-10 20:13:04.457     0     0 I @4 update_verifier: Leaving update_verifier.
03-10 20:13:04.469     0     0 I         : @6 subsys-pil-tz 17300000.qcom,lpass: adsp: loading from 0x000000008be00000 to 0x000000008dc00000
03-10 20:13:04.470     0     0 I         : @7 subsys-pil-tz 8300000.qcom,turing: cdsp: loading from 0x0000000098d00000 to 0x000000009a100000
03-10 20:13:04.518     0     0 I         : @4 subsys-pil-tz 8300000.qcom,turing: cdsp: Brought out of reset
03-10 20:13:04.527     0     0 I         : @4 subsys-pil-tz 8300000.qcom,turing: cdsp: Power/Clock ready interrupt received
03-10 20:13:04.527     0     0 I         : @4 subsys-pil-tz 8300000.qcom,turing: Subsystem error monitoring/handling services are up
03-10 20:13:04.528     0     0 I @7 subsys-restart: __subsystem_get(): Changing subsys fw_name to slpi
03-10 20:13:04.531     0     0 I         : @7 subsys-pil-tz 5c00000.qcom,ssc: slpi: loading from 0x0000000097700000 to 0x0000000098b00000
03-10 20:13:04.533     0     0 I         : @0 msm_cdsp_rm soc:qcom,glink:cdsp:qcom,msm_cdsprm_rpmsg:qcom,msm_cdsp_rm: CDSP request manager driver probe called
03-10 20:13:04.535     0     0 I @0 adsprpc: fastrpc_rpmsg_probe: opened rpmsg channel for cdsp
03-10 20:13:04.536     0     0 I @0 fastcvpd_rpmsg_probe: Successfully probed. cdsp_state=0 video_shutdown=0
03-10 20:13:04.579     0     0 I         : @6 subsys-pil-tz 17300000.qcom,lpass: adsp: Brought out of reset
03-10 20:13:04.590     0     0 I         : @6 subsys-pil-tz 17300000.qcom,lpass: Subsystem error monitoring/handling services are up
03-10 20:13:04.590     0     0 I         : @6 subsys-pil-tz 17300000.qcom,lpass: adsp: Power/Clock ready interrupt received
03-10 20:13:04.595     0     0 I @1 adsprpc: fastrpc_rpmsg_probe: opened rpmsg channel for adsp
03-10 20:13:04.596     0     0 I         : @1 apr_tal_rpmsg qcom,glink:adsp.apr_audio_svc.-1.-1: apr_tal_rpmsg_probe: Channel[apr_audio_svc] state[Up]
03-10 20:13:04.635     0     0 I         : @7 subsys-pil-tz 5c00000.qcom,ssc: slpi: Brought out of reset
03-10 20:13:04.678     0     0 I         : @4 subsys-pil-tz 5c00000.qcom,ssc: slpi: Power/Clock ready interrupt received
03-10 20:13:04.678     0     0 I         : @4 subsys-pil-tz 5c00000.qcom,ssc: Subsystem error monitoring/handling services are up
03-10 20:13:04.693     0     0 I @0 adsprpc: fastrpc_rpmsg_probe: opened rpmsg channel for slpi
03-10 20:13:04.781     0     0 W @7 healthd: batteryCapacityLevelPath not found
03-10 20:13:04.781     0     0 W @7 healthd: batteryChargeTimeToFullNowPath. not found
03-10 20:13:04.781     0     0 W @7 healthd: batteryFullChargeDesignCapacityUahPath. not found
--------- beginning of main
03-11 14:16:41.911   856   856 D LibBpfLoader: Adding section 7 to cs list
03-11 14:16:41.911   856   856 D LibBpfLoader: Loaded code section 9 (skfilter_ingress_xtbpf)
03-11 14:16:41.911   856   856 D LibBpfLoader: Loaded relo section 9 (.relskfilter/ingress/xtbpf)
03-11 14:16:41.911   856   856 D LibBpfLoader: Adding section 9 to cs list
03-11 14:16:41.911   856   856 D LibBpfLoader: Loaded code section 11 (skfilter_whitelist_xtbpf)
03-11 14:16:41.911   856   856 D LibBpfLoader: Loaded relo section 11 (.relskfilter/whitelist/xtbpf)
03-11 14:16:41.911   856   856 D LibBpfLoader: Adding section 11 to cs list
03-11 14:16:41.911   856   856 D LibBpfLoader: Loaded code section 13 (skfilter_blacklist_xtbpf)
03-11 14:16:41.911   856   856 D LibBpfLoader: Loaded relo section 13 (.relskfilter/blacklist/xtbpf)
03-11 14:16:41.911   856   856 D LibBpfLoader: Adding section 13 to cs list
03-11 14:16:41.911   856   856 D LibBpfLoader: Loaded code section 15 (cgroupsock_inet_create)
03-11 14:16:41.911   856   856 D LibBpfLoader: Loaded relo section 15 (.relcgroupsock/inet/create)
03-11 14:16:41.911   856   856 D LibBpfLoader: Adding section 15 to cs list
03-11 14:16:41.912   856   856 D LibBpfLoader: bpf_create_map name cookie_tag_map, ret: 7
03-11 14:16:41.912   856   856 D LibBpfLoader: bpf_create_map name uid_counterset_map, ret: 8
03-11 14:16:41.912   856   856 D LibBpfLoader: bpf_create_map name app_uid_stats_map, ret: 9
03-11 14:16:41.913   856   856 D LibBpfLoader: bpf_create_map name stats_map_A, ret: 10
03-11 14:16:41.913   856   856 D LibBpfLoader: bpf_create_map name stats_map_B, ret: 11
03-11 14:16:41.913   856   856 D LibBpfLoader: bpf_create_map name iface_stats_map, ret: 12
03-11 14:16:41.913   856   856 D LibBpfLoader: bpf_create_map name configuration_map, ret: 13
03-11 14:16:41.913   856   856 D LibBpfLoader: bpf_create_map name uid_owner_map, ret: 14
03-11 14:16:41.913   856   856 D LibBpfLoader: bpf_create_map name iface_index_name_map, ret: 15
03-11 14:16:41.913   856   856 D LibBpfLoader: bpf_create_map name uid_permission_map, ret: 16
03-11 14:16:41.913   856   856 D LibBpfLoader: map_fd found at 0 is 7 in /system/etc/bpf/netd.o
03-11 14:16:41.913   856   856 D LibBpfLoader: map_fd found at 1 is 8 in /system/etc/bpf/netd.o
03-11 14:16:41.913   856   856 D LibBpfLoader: map_fd found at 2 is 9 in /system/etc/bpf/netd.o
03-11 14:16:41.913   856   856 D LibBpfLoader: map_fd found at 3 is 10 in /system/etc/bpf/netd.o
03-11 14:16:41.913   856   856 D LibBpfLoader: map_fd found at 4 is 11 in /system/etc/bpf/netd.o
03-11 14:16:41.913   856   856 D LibBpfLoader: map_fd found at 5 is 12 in /system/etc/bpf/netd.o
03-11 14:16:41.913   856   856 D LibBpfLoader: map_fd found at 6 is 13 in /system/etc/bpf/netd.o
03-11 14:16:41.913   856   856 D LibBpfLoader: map_fd found at 7 is 14 in /system/etc/bpf/netd.o
03-11 14:16:41.913   856   856 D LibBpfLoader: map_fd found at 8 is 15 in /system/etc/bpf/netd.o
03-11 14:16:41.913   856   856 D LibBpfLoader: map_fd found at 9 is 16 in /system/etc/bpf/netd.o
03-11 14:16:41.913   856   856 D LibBpfLoader: applying relo to instruction at byte offset: 664, 	       insn offset 83 , insn 118
03-11 14:16:41.913   856   856 D LibBpfLoader: applying relo to instruction at byte offset: 736, 	       insn offset 92 , insn 118
03-11 14:16:41.913   856   856 D LibBpfLoader: applying relo to instruction at byte offset: 1088, 	       insn offset 136 , insn 118
03-11 14:16:41.913   856   856 D LibBpfLoader: applying relo to instruction at byte offset: 1384, 	       insn offset 173 , insn 118
03-11 14:16:41.913   856   856 D LibBpfLoader: applying relo to instruction at byte offset: 1464, 	       insn offset 183 , insn 118
03-11 14:16:41.914   856   856 D LibBpfLoader: applying relo to instruction at byte offset: 1576, 	       insn offset 197 , insn 118
03-11 14:16:41.914   856   856 D LibBpfLoader: applying relo to instruction at byte offset: 1688, 	       insn offset 211 , insn 118
03-11 14:16:41.914   856   856 D LibBpfLoader: applying relo to instruction at byte offset: 1728, 	       insn offset 216 , insn 118
03-11 14:16:41.914   856   856 D LibBpfLoader: applying relo to instruction at byte offset: 1880, 	       insn offset 235 , insn 118
03-11 14:16:41.914   856   856 D LibBpfLoader: applying relo to instruction at byte offset: 1992, 	       insn offset 249 , insn 118
03-11 14:16:41.914   856   856 D LibBpfLoader: applying relo to instruction at byte offset: 2032, 	       insn offset 254 , insn 118
03-11 14:16:41.914   856   856 D LibBpfLoader: applying relo to instruction at byte offset: 2312, 	       insn offset 289 , insn 118
03-11 14:16:41.914   856   856 D LibBpfLoader: applying relo to instruction at byte offset: 2416, 	       insn offset 302 , insn 118
03-11 14:16:41.914   856   856 D LibBpfLoader: applying relo to instruction at byte offset: 2456, 	       insn offset 307 , insn 118
03-11 14:16:41.914   856   856 D LibBpfLoader: applying relo to instruction at byte offset: 2600, 	       insn offset 325 , insn 118
03-11 14:16:41.914   856   856 D LibBpfLoader: applying relo to instruction at byte offset: 2704, 	       insn offset 338 , insn 118
03-11 14:16:41.914   856   856 D LibBpfLoader: applying relo to instruction at byte offset: 2744, 	       insn offset 343 , insn 118
03-11 14:16:41.914   856   856 D LibBpfLoader: applying relo to instruction at byte offset: 2976, 	       insn offset 372 , insn 118
03-11 14:16:41.914   856   856 D LibBpfLoader: applying relo to instruction at byte offset: 3080, 	       insn offset 385 , insn 118
03-11 14:16:41.914   856   856 D LibBpfLoader: applying relo to instruction at byte offset: 3120, 	       insn offset 390 , insn 118
03-11 14:16:41.914   856   856 D LibBpfLoader: applying relo to instruction at byte offset: 648, 	       insn offset 81 , insn 118
03-11 14:16:41.914   856   856 D LibBpfLoader: applying relo to instruction at byte offset: 720, 	       insn offset 90 , insn 118
03-11 14:16:41.914   856   856 D LibBpfLoader: applying relo to instruction at byte offset: 944, 	       insn offset 118 , insn 118
03-11 14:16:41.914   856   856 D LibBpfLoader: applying relo to instruction at byte offset: 1216, 	       insn offset 152 , insn 118
03-11 14:16:41.914   856   856 D LibBpfLoader: applying relo to instruction at byte offset: 1296, 	       insn offset 162 , insn 118
03-11 14:16:41.914   856   856 D LibBpfLoader: applying relo to instruction at byte offset: 1400, 	       insn offset 175 , insn 118
03-11 14:16:41.914   856   856 D LibBpfLoader: applying relo to instruction at byte offset: 1504, 	       insn offset 188 , insn 118
03-11 14:16:41.914   856   856 D LibBpfLoader: applying relo to instruction at byte offset: 1544, 	       insn offset 193 , insn 118
03-11 14:16:41.914   856   856 D LibBpfLoader: applying relo to instruction at byte offset: 1688, 	       insn offset 211 , insn 118
03-11 14:16:41.914   856   856 D LibBpfLoader: applying relo to instruction at byte offset: 1792, 	       insn offset 224 , insn 118
03-11 14:16:41.914   856   856 D LibBpfLoader: applying relo to instruction at byte offset: 1832, 	       insn offset 229 , insn 118
03-11 14:16:41.914   856   856 D LibBpfLoader: applying relo to instruction at byte offset: 2104, 	       insn offset 263 , insn 118
03-11 14:16:41.914   856   856 D LibBpfLoader: applying relo to instruction at byte offset: 2208, 	       insn offset 276 , insn 118
03-11 14:16:41.914   856   856 D LibBpfLoader: applying relo to instruction at byte offset: 2248, 	       insn offset 281 , insn 118
03-11 14:16:41.914   856   856 D LibBpfLoader: applying relo to instruction at byte offset: 2392, 	       insn offset 299 , insn 118
03-11 14:16:41.914   856   856 D LibBpfLoader: applying relo to instruction at byte offset: 2496, 	       insn offset 312 , insn 118
03-11 14:16:41.914   856   856 D LibBpfLoader: applying relo to instruction at byte offset: 2536, 	       insn offset 317 , insn 118
03-11 14:16:41.914   856   856 D LibBpfLoader: applying relo to instruction at byte offset: 2768, 	       insn offset 346 , insn 118
03-11 14:16:41.914   856   856 D LibBpfLoader: applying relo to instruction at byte offset: 2872, 	       insn offset 359 , insn 118
03-11 14:16:41.914   856   856 D LibBpfLoader: applying relo to instruction at byte offset: 2912, 	       insn offset 364 , insn 118
03-11 14:16:41.914   856   856 D LibBpfLoader: applying relo to instruction at byte offset: 88, 	       insn offset 11 , insn 118
03-11 14:16:41.914   856   856 D LibBpfLoader: applying relo to instruction at byte offset: 192, 	       insn offset 24 , insn 118
03-11 14:16:41.914   856   856 D LibBpfLoader: applying relo to instruction at byte offset: 232, 	       insn offset 29 , insn 118
03-11 14:16:41.914   856   856 D LibBpfLoader: applying relo to instruction at byte offset: 40, 	       insn offset 5 , insn 118
03-11 14:16:41.914   856   856 D LibBpfLoader: applying relo to instruction at byte offset: 144, 	       insn offset 18 , insn 118
03-11 14:16:41.914   856   856 D LibBpfLoader: applying relo to instruction at byte offset: 184, 	       insn offset 23 , insn 118
03-11 14:16:41.914   856   856 D LibBpfLoader: applying relo to instruction at byte offset: 136, 	       insn offset 17 , insn 118
03-11 14:16:41.914   856   856 D LibBpfLoader: applying relo to instruction at byte offset: 32, 	       insn offset 4 , insn 118
03-11 14:16:41.914   856   856 D LibBpfLoader: applying relo to instruction at byte offset: 80, 	       insn offset 10 , insn 118
03-11 14:16:41.916   856   856 D LibBpfLoader: bpf_prog_load lib call for /system/etc/bpf/netd.o (cgroupskb_ingress_stats) returned fd: 17 (no error)
03-11 14:16:41.917   856   856 D LibBpfLoader: bpf_prog_load lib call for /system/etc/bpf/netd.o (cgroupskb_egress_stats) returned fd: 18 (no error)
03-11 14:16:41.917   856   856 D LibBpfLoader: cs[2].name:skfilter_egress_xtbpf min_kver:0 .max_kver:ffffffff (kvers:40e75)
03-11 14:16:41.917   856   856 D LibBpfLoader: bpf_prog_load lib call for /system/etc/bpf/netd.o (skfilter_egress_xtbpf) returned fd: 19 (no error)
03-11 14:16:41.917   856   856 D LibBpfLoader: cs[3].name:skfilter_ingress_xtbpf min_kver:0 .max_kver:ffffffff (kvers:40e75)
03-11 14:16:41.917   856   856 D LibBpfLoader: bpf_prog_load lib call for /system/etc/bpf/netd.o (skfilter_ingress_xtbpf) returned fd: 20 (no error)
03-11 14:16:41.917   856   856 D LibBpfLoader: cs[4].name:skfilter_whitelist_xtbpf min_kver:0 .max_kver:ffffffff (kvers:40e75)
03-11 14:16:41.917   856   856 D LibBpfLoader: bpf_prog_load lib call for /system/etc/bpf/netd.o (skfilter_whitelist_xtbpf) returned fd: 21 (no error)
03-11 14:16:41.917   856   856 D LibBpfLoader: cs[5].name:skfilter_blacklist_xtbpf min_kver:0 .max_kver:ffffffff (kvers:40e75)
03-11 14:16:41.917   856   856 D LibBpfLoader: bpf_prog_load lib call for /system/etc/bpf/netd.o (skfilter_blacklist_xtbpf) returned fd: 22 (no error)
03-11 14:16:41.917   856   856 D LibBpfLoader: cs[6].name:cgroupsock_inet_create min_kver:40e00 .max_kver:ffffffff (kvers:40e75)
03-11 14:16:41.917   856   856 D LibBpfLoader: bpf_prog_load lib call for /system/etc/bpf/netd.o (cgroupsock_inet_create) returned fd: 23 (no error)
03-11 14:16:41.917   856   856 I bpfloader: Loaded object: /system/etc/bpf/netd.o
03-11 14:16:41.918   856   856 D LibBpfLoader: Loading critical for netd ELF object /system/etc/bpf/offload.o with license Apache 2.0
03-11 14:16:41.918   856   856 D LibBpfLoader: Loaded code section 3 (schedcls_ingress_tether_ether)
03-11 14:16:41.918   856   856 D LibBpfLoader: Loaded relo section 3 (.relschedcls/ingress/tether_ether)
03-11 14:16:41.918   856   856 D LibBpfLoader: Adding section 3 to cs list
03-11 14:16:41.918   856   856 D LibBpfLoader: Loaded code section 5 (schedcls_ingress_tether_rawip$5_4)
03-11 14:16:41.918   856   856 D LibBpfLoader: Loaded relo section 5 (.relschedcls/ingress/tether_rawip$5_4)
03-11 14:16:41.918   856   856 D LibBpfLoader: Adding section 5 to cs list
03-11 14:16:41.918   856   856 D LibBpfLoader: Loaded code section 7 (schedcls_ingress_tether_rawip$4_14)
03-11 14:16:41.918   856   856 D LibBpfLoader: Loaded relo section 7 (.relschedcls/ingress/tether_rawip$4_14)
03-11 14:16:41.918   856   856 D LibBpfLoader: Adding section 7 to cs list
03-11 14:16:41.918   856   856 D LibBpfLoader: Loaded code section 9 (schedcls_ingress_tether_rawip$stub)
03-11 14:16:41.918   856   856 D LibBpfLoader: Adding section 9 to cs list
03-11 14:16:41.918   856   856 D LibBpfLoader: bpf_create_map name tether_ingress_map, ret: 7
03-11 14:16:41.918   856   856 D LibBpfLoader: bpf_create_map name tether_stats_map, ret: 8
03-11 14:16:41.918   856   856 D LibBpfLoader: bpf_create_map name tether_limit_map, ret: 9
03-11 14:16:41.918   856   856 D LibBpfLoader: map_fd found at 0 is 7 in /system/etc/bpf/offload.o
03-11 14:16:41.918   856   856 D LibBpfLoader: map_fd found at 1 is 8 in /system/etc/bpf/offload.o
03-11 14:16:41.918   856   856 D LibBpfLoader: map_fd found at 2 is 9 in /system/etc/bpf/offload.o
03-11 14:16:41.919   856   856 D LibBpfLoader: applying relo to instruction at byte offset: 304, 	       insn offset 38 , insn 118
03-11 14:16:41.919   856   856 D LibBpfLoader: applying relo to instruction at byte offset: 384, 	       insn offset 48 , insn 118
03-11 14:16:41.919   856   856 D LibBpfLoader: applying relo to instruction at byte offset: 448, 	       insn offset 56 , insn 118
03-11 14:16:41.919   856   856 D LibBpfLoader: applying relo to instruction at byte offset: 264, 	       insn offset 33 , insn 118
03-11 14:16:41.919   856   856 D LibBpfLoader: applying relo to instruction at byte offset: 344, 	       insn offset 43 , insn 118
03-11 14:16:41.919   856   856 D LibBpfLoader: applying relo to instruction at byte offset: 408, 	       insn offset 51 , insn 118
03-11 14:16:41.919   856   856 D LibBpfLoader: applying relo to instruction at byte offset: 264, 	       insn offset 33 , insn 118
03-11 14:16:41.919   856   856 D LibBpfLoader: applying relo to instruction at byte offset: 344, 	       insn offset 43 , insn 118
03-11 14:16:41.919   856   856 D LibBpfLoader: applying relo to instruction at byte offset: 408, 	       insn offset 51 , insn 118
03-11 14:16:41.919   856   856 D LibBpfLoader: bpf_prog_load lib call for /system/etc/bpf/offload.o (schedcls_ingress_tether_ether) returned fd: 10 (no error)
03-11 14:16:41.919   856   856 D LibBpfLoader: cs[1].name:schedcls_ingress_tether_rawip$5_4 min_kver:50400 .max_kver:ffffffff (kvers:40e75)
03-11 14:16:41.919   856   856 D LibBpfLoader: cs[2].name:schedcls_ingress_tether_rawip$4_14 min_kver:40e00 .max_kver:50400 (kvers:40e75)
03-11 14:16:41.919   856   856 D LibBpfLoader: bpf_prog_load lib call for /system/etc/bpf/offload.o (schedcls_ingress_tether_rawip$4_14) returned fd: -1 (Invalid argument)
03-11 14:16:41.919   856   856 W LibBpfLoader: bpf_prog_load - BEGIN log_buf contents:
03-11 14:16:41.919   856   856 W LibBpfLoader: 0: (bf) r6 = r1
03-11 14:16:41.919   856   856 W LibBpfLoader: 1: (b7) r8 = 0
03-11 14:16:41.919   856   856 W LibBpfLoader: 2: (61) r1 = *(u32 *)(r6 +16)
03-11 14:16:41.919   856   856 W LibBpfLoader: 3: (55) if r1 != 0xdd86 goto pc+143
03-11 14:16:41.919   856   856 W LibBpfLoader:  R1=inv56710 R6=ctx(id=0,off=0,imm=0) R8=inv0 R10=fp0
03-11 14:16:41.919   856   856 W LibBpfLoader: 4: (61) r1 = *(u32 *)(r6 +76)
03-11 14:16:41.919   856   856 W LibBpfLoader: 5: (61) r2 = *(u32 *)(r6 +80)
03-11 14:16:41.919   856   856 W LibBpfLoader: 6: (bf) r3 = r1
03-11 14:16:41.919   856   856 W LibBpfLoader: 7: (07) r3 += 40
03-11 14:16:41.919   856   856 W LibBpfLoader: 8: (2d) if r3 > r2 goto pc+138
03-11 14:16:41.919   856   856 W LibBpfLoader:  R1=pkt(id=0,off=0,r=40,imm=0) R2=pkt_end(id=0,off=0,imm=0) R3=pkt(id=0,off=40,r=40,imm=0) R6=ctx(id=0,off=0,imm=0) R8=inv0 R10=fp0
03-11 14:16:41.919   856   856 W LibBpfLoader: 9: (71) r2 = *(u8 *)(r1 +0)
03-11 14:16:41.919   856   856 W LibBpfLoader: 10: (57) r2 &= 240
03-11 14:16:41.919   856   856 W LibBpfLoader: 11: (55) if r2 != 0x60 goto pc+135
03-11 14:16:41.919   856   856 W LibBpfLoader:  R1=pkt(id=0,off=0,r=40,imm=0) R2=inv96 R3=pkt(id=0,off=40,r=40,imm=0) R6=ctx(id=0,off=0,imm=0) R8=inv0 R10=fp0
03-11 14:16:41.919   856   856 W LibBpfLoader: 12: (71) r2 = *(u8 *)(r1 +7)
03-11 14:16:41.919   856   856 W LibBpfLoader: 13: (b7) r3 = 2
03-11 14:16:41.919   856   856 W LibBpfLoader: 14: (2d) if r3 > r2 goto pc+132
03-11 14:16:41.919   856   856 W LibBpfLoader:  R1=pkt(id=0,off=0,r=40,imm=0) R2=inv(id=0,umin_value=2,umax_value=255,var_off=(0x0; 0xff)) R3=inv2 R6=ctx(id=0,off=0,imm=0) R8=inv0 R10=fp0
03-11 14:16:41.919   856   856 W LibBpfLoader: 15: (61) r2 = *(u32 *)(r1 +8)
03-11 14:16:41.919   856   856 W LibBpfLoader: 16: (18) r3 = 0x9bff6400
03-11 14:16:41.919   856   856 W LibBpfLoader: 18: (1d) if r2 == r3 goto pc+2
03-11 14:16:41.919   856   856 W LibBpfLoader:  R1=pkt(id=0,off=0,r=40,imm=0) R2=inv(id=0,umax_value=4294967295,var_off=(0x0; 0xffffffff)) R3=inv2617205760 R6=ctx(id=0,off=0,imm=0) R8=inv0 R10=fp0
03-11 14:16:41.919   856   856 W LibBpfLoader: 19: (57) r2 &= 224
03-11 14:16:41.919   856   856 W LibBpfLoader: 20: (55) if r2 != 0x20 goto pc+126
03-11 14:16:41.919   856   856 W LibBpfLoader:  R1=pkt(id=0,off=0,r=40,imm=0) R2=inv32 R3=inv2617205760 R6=ctx(id=0,off=0,imm=0) R8=inv0 R10=fp0
03-11 14:16:41.919   856   856 W LibBpfLoader: 21: (61) r2 = *(u32 *)(r6 +40)
03-11 14:16:41.919   856   856 W LibBpfLoader: 22: (63) *(u32 *)(r10 -24) = r2
03-11 14:16:41.919   856   856 W LibBpfLoader: 23: (61) r2 = *(u32 *)(r1 +28)
03-11 14:16:41.919   856   856 W LibBpfLoader: 24: (63) *(u32 *)(r10 -16) = r2
03-11 14:16:41.919   856   856 W LibBpfLoader: 25: (61) r2 = *(u32 *)(r1 +24)
03-11 14:16:41.919   856   856 W LibBpfLoader: 26: (63) *(u32 *)(r10 -20) = r2
03-11 14:16:41.919   856   856 W LibBpfLoader: 27: (61) r2 = *(u32 *)(r1 +36)
03-11 14:16:41.919   856   856 W LibBpfLoader: 28: (63) *(u32 *)(r10 -8) = r2
03-11 14:16:41.919   856   856 W LibBpfLoader: 29: (61) r1 = *(u32 *)(r1 +32)
03-11 14:16:41.919   856   856 W LibBpfLoader: 30: (63) *(u32 *)(r10 -12) = r1
03-11 14:16:41.919   856   856 W LibBpfLoader: 31: (bf) r2 = r10
03-11 14:16:41.919   856   856 W LibBpfLoader: 32: (07) r2 += -24
03-11 14:16:41.919   856   856 W LibBpfLoader: 33: (18) r1 = 0xffffffd3cdc74c00
03-11 14:16:41.919   856   856 W LibBpfLoader: 35: (85) call bpf_map_lookup_elem#1
03-11 14:16:41.919   856   856 W LibBpfLoader: 36: (bf) r7 = r0
03-11 14:16:41.919   856   856 W LibBpfLoader: 37: (b7) r8 = 0
03-11 14:16:41.919   856   856 W LibBpfLoader: 38: (15) if r7 == 0x0 goto pc+108
03-11 14:16:41.919   856   856 W LibBpfLoader:  R0=map_value(id=0,off=0,ks=20,vs=20,imm=0) R6=ctx(id=0,off=0,imm=0) R7=map_value(id=0,off=0,ks=20,vs=20,imm=0) R8=inv0 R10=fp0
03-11 14:16:41.919   856   856 W LibBpfLoader: 39: (61) r1 = *(u32 *)(r6 +40)
03-11 14:16:41.919   856   856 W LibBpfLoader: 40: (63) *(u32 *)(r10 -28) = r1
03-11 14:16:41.919   856   856 W LibBpfLoader: 41: (bf) r2 = r10
03-11 14:16:41.919   856   856 W LibBpfLoader: 42: (07) r2 += -28
03-11 14:16:41.919   856   856 W LibBpfLoader: 43: (18) r1 = 0xffffffd3cdc71800
03-11 14:16:41.919   856   856 W LibBpfLoader: 45: (85) call bpf_map_lookup_elem#1
03-11 14:16:41.919   856   856 W LibBpfLoader: 46: (bf) r9 = r0
03-11 14:16:41.919   856   856 W LibBpfLoader: 47: (b7) r8 = 0
03-11 14:16:41.919   856   856 W LibBpfLoader: 48: (15) if r9 == 0x0 goto pc+98
03-11 14:16:41.919   856   856 W LibBpfLoader:  R0=map_value(id=0,off=0,ks=4,vs=48,imm=0) R6=ctx(id=0,off=0,imm=0) R7=map_value(id=0,off=0,ks=20,vs=20,imm=0) R8=inv0 R9=map_value(id=0,off=0,ks=4,vs=48,imm=0) R10=fp0
03-11 14:16:41.919   856   856 W LibBpfLoader: 49: (bf) r2 = r10
03-11 14:16:41.919   856   856 W LibBpfLoader: 50: (07) r2 += -28
03-11 14:16:41.919   856   856 W LibBpfLoader: 51: (18) r1 = 0xffffffd3cdc77400
03-11 14:16:41.919   856   856 W LibBpfLoader: 53: (85) call bpf_map_lookup_elem#1
03-11 14:16:41.920   856   856 W LibBpfLoader: 54: (15) if r0 == 0x0 goto pc+92
03-11 14:16:41.920   856   856 W LibBpfLoader:  R0=map_value(id=0,off=0,ks=4,vs=8,imm=0) R6=ctx(id=0,off=0,imm=0) R7=map_value(id=0,off=0,ks=20,vs=20,imm=0) R8=inv0 R9=map_value(id=0,off=0,ks=4,vs=48,imm=0) R10=fp0
03-11 14:16:41.920   856   856 W LibBpfLoader: 55: (69) r1 = *(u16 *)(r7 +18)
03-11 14:16:41.920   856   856 W LibBpfLoader:  R0=map_value(id=0,off=0,ks=4,vs=8,imm=0) R6=ctx(id=0,off=0,imm=0) R7=map_value(id=0,off=0,ks=20,vs=20,imm=0) R8=inv0 R9=map_value(id=0,off=0,ks=4,vs=48,imm=0) R10=fp0
03-11 14:16:41.920   856   856 W LibBpfLoader: 56: (b7) r2 = 1280
03-11 14:16:41.920   856   856 W LibBpfLoader: 57: (2d) if r2 > r1 goto pc+89
03-11 14:16:41.920   856   856 W LibBpfLoader:  R0=map_value(id=0,off=0,ks=4,vs=8,imm=0) R1=inv(id=0,umin_value=1280,umax_value=65535,var_off=(0x0; 0xffff)) R2=inv1280 R6=ctx(id=0,off=0,imm=0) R7=map_value(id=0,off=0,ks=20,vs=20,imm=0) R8=inv0 R9=map_value(id=0,off=0,ks=4,vs=48,imm=0) R10=fp0
03-11 14:16:41.920   856   856 W LibBpfLoader: 58: (b7) r4 = 1
03-11 14:16:41.920   856   856 W LibBpfLoader: 59: (61) r3 = *(u32 *)(r6 +0)
03-11 14:16:41.920   856   856 W LibBpfLoader: 60: (3d) if r1 >= r3 goto pc+10
03-11 14:16:41.920   856   856 W LibBpfLoader:  R0=map_value(id=0,off=0,ks=4,vs=8,imm=0) R1=inv(id=0,umin_value=1280,umax_value=65535,var_off=(0x0; 0xffff)) R2=inv1280 R3=inv(id=0,umax_value=4294967295,var_off=(0x0; 0xffffffff)) R4=inv1 R6=ctx(id=0,off=0,imm=0) R7=map_value(id=0,off=0,ks=20,vs=20,imm=0) R8=inv0 R9=map_value(id=0,off=0,ks=4,vs=48,imm=0) R10=fp0
03-11 14:16:41.920   856   856 W LibBpfLoader: 61: (07) r3 += -72
03-11 14:16:41.920   856   856 W LibBpfLoader: 62: (bf) r4 = r1
03-11 14:16:41.920   856   856 W LibBpfLoader: 63: (0f) r4 += r3
03-11 14:16:41.920   856   856 W LibBpfLoader: 64: (07) r4 += -73
03-11 14:16:41.920   856   856 W LibBpfLoader: 65: (07) r1 += -72
03-11 14:16:41.920   856   856 W LibBpfLoader: 66: (3f) r4 /= r1
03-11 14:16:41.920   856   856 W LibBpfLoader: 67: (bf) r1 = r4
03-11 14:16:41.920   856   856 W LibBpfLoader: 68: (27) r1 *= 72
03-11 14:16:41.920   856   856 W LibBpfLoader: 69: (0f) r1 += r3
03-11 14:16:41.920   856   856 W LibBpfLoader: 70: (bf) r3 = r1
03-11 14:16:41.920   856   856 W LibBpfLoader: 71: (79) r1 = *(u64 *)(r9 +8)
03-11 14:16:41.920   856   856 W LibBpfLoader:  R0=map_value(id=0,off=0,ks=4,vs=8,imm=0) R1=inv(id=0) R2=inv1280 R3=inv(id=0) R4=inv(id=0) R6=ctx(id=0,off=0,imm=0) R7=map_value(id=0,off=0,ks=20,vs=20,imm=0) R8=inv0 R9=map_value(id=0,off=0,ks=4,vs=48,imm=0) R10=fp0
03-11 14:16:41.920   856   856 W LibBpfLoader: 72: (0f) r1 += r3
03-11 14:16:41.920   856   856 W LibBpfLoader: 73: (79) r2 = *(u64 *)(r9 +32)
03-11 14:16:41.920   856   856 W LibBpfLoader:  R0=map_value(id=0,off=0,ks=4,vs=8,imm=0) R1=inv(id=0) R2=inv1280 R3=inv(id=0) R4=inv(id=0) R6=ctx(id=0,off=0,imm=0) R7=map_value(id=0,off=0,ks=20,vs=20,imm=0) R8=inv0 R9=map_value(id=0,off=0,ks=4,vs=48,imm=0) R10=fp0
03-11 14:16:41.920   856   856 W LibBpfLoader: 74: (0f) r1 += r2
03-11 14:16:41.920   856   856 W LibBpfLoader: 75: (79) r2 = *(u64 *)(r0 +0)
03-11 14:16:41.920   856   856 W LibBpfLoader:  R0=map_value(id=0,off=0,ks=4,vs=8,imm=0) R1=inv(id=0) R2=inv(id=0) R3=inv(id=0) R4=inv(id=0) R6=ctx(id=0,off=0,imm=0) R7=map_value(id=0,off=0,ks=20,vs=20,imm=0) R8=inv0 R9=map_value(id=0,off=0,ks=4,vs=48,imm=0) R10=fp0
03-11 14:16:41.920   856   856 W LibBpfLoader: 76: (2d) if r1 > r2 goto pc+70
03-11 14:16:41.920   856   856 W LibBpfLoader:  R0=map_value(id=0,off=0,ks=4,vs=8,imm=0) R1=inv(id=0) R2=inv(id=0) R3=inv(id=0) R4=inv(id=0) R6=ctx(id=0,off=0,imm=0) R7=map_value(id=0,off=0,ks=20,vs=20,imm=0) R8=inv0 R9=map_value(id=0,off=0,ks=4,vs=48,imm=0) R10=fp0
03-11 14:16:41.920   856   856 W LibBpfLoader: 77: (7b) *(u64 *)(r10 -48) = r4
03-11 14:16:41.920   856   856 W LibBpfLoader: 78: (7b) *(u64 *)(r10 -40) = r3
03-11 14:16:41.920   856   856 W LibBpfLoader: 79: (b7) r8 = 0
03-11 14:16:41.920   856   856 W LibBpfLoader: 80: (bf) r1 = r6
03-11 14:16:41.920   856   856 W LibBpfLoader: 81: (b7) r2 = 14
03-11 14:16:41.920   856   856 W LibBpfLoader: 82: (b7) r3 = 0
03-11 14:16:41.920   856   856 W LibBpfLoader: 83: (85) call bpf_skb_change_head#43
03-11 14:16:41.920   856   856 W LibBpfLoader: unknown func bpf_skb_change_head#43
03-11 14:16:41.920   856   856 W LibBpfLoader: 
03-11 14:16:41.920   856   856 W LibBpfLoader: bpf_prog_load - END log_buf contents.
03-11 14:16:41.920   856   856 W LibBpfLoader: failed program is marked optional - continuing...
03-11 14:16:41.920   856   856 D LibBpfLoader: cs[3].name:schedcls_ingress_tether_rawip$stub min_kver:0 .max_kver:50400 (kvers:40e75)
03-11 14:16:41.920   856   856 D LibBpfLoader: bpf_prog_load lib call for /system/etc/bpf/offload.o (schedcls_ingress_tether_rawip$stub) returned fd: 11 (no error)
03-11 14:16:41.920   856   856 I bpfloader: Loaded object: /system/etc/bpf/offload.o
03-11 14:16:41.925    60    60 I kworker/6:0: type=1400 audit(0.0:21): avc: denied { dac_read_search } for capability=2 scontext=u:r:kernel:s0 tcontext=u:r:kernel:s0 tclass=capability permissive=1
03-11 14:16:41.925   689   689 I sscrpcd : remote_handle_open: Successfully opened handle 0x7f for '":;./\createstaticpd:sensorspd on domain 2
03-11 14:16:41.925   689   689 E sscrpcd : Error 0xffffffff: apps_dev_init failed for domain 2, errno Transport endpoint is not connected
03-11 14:16:41.925   689   689 E sscrpcd : Error 0xffffffff: open_dev (-1) failed for domain 2
03-11 14:16:41.926   689   689 E sscrpcd : vendor/qcom/proprietary/sensors-see/sscrpcd/src/sscrpcd.cpp:42:adsp daemon will restart after 25ms...
03-11 14:16:41.952   689   689 I sscrpcd : remote_handle_open: Successfully opened handle 0x7f for '":;./\createstaticpd:sensorspd on domain 2
03-11 14:16:41.952   689   689 E sscrpcd : Error 0xffffffff: apps_dev_init failed for domain 2, errno Transport endpoint is not connected
03-11 14:16:41.952   689   689 E sscrpcd : Error 0xffffffff: open_dev (-1) failed for domain 2
03-11 14:16:41.952   689   689 E sscrpcd : vendor/qcom/proprietary/sensors-see/sscrpcd/src/sscrpcd.cpp:42:adsp daemon will restart after 25ms...
03-11 14:16:41.961   864   864 I ServiceManager: Waiting for service 'statscompanion' on '/dev/binder'...
03-11 14:16:41.974   865   865 I netdClient: Skipping libnetd_client init since *we* are netd
03-11 14:16:41.978   689   689 I sscrpcd : remote_handle_open: Successfully opened handle 0x7f for '":;./\createstaticpd:sensorspd on domain 2
03-11 14:16:41.978   689   689 E sscrpcd : Error 0xffffffff: apps_dev_init failed for domain 2, errno Transport endpoint is not connected
03-11 14:16:41.978   689   689 E sscrpcd : Error 0xffffffff: open_dev (-1) failed for domain 2
03-11 14:16:41.979   689   689 E sscrpcd : vendor/qcom/proprietary/sensors-see/sscrpcd/src/sscrpcd.cpp:42:adsp daemon will restart after 25ms...
03-11 14:16:41.981   865   865 I netd    : netd 1.0 starting
03-11 14:16:41.983   865   865 D TetherController: Setting IP forward enable = 0
03-11 14:16:41.983   865   865 D FirewallController: Could not read /proc/self/uid_map, max uid defaulting to 4294967294
03-11 14:16:41.997   865   865 I netd    : Creating child chains: 11182us
03-11 14:16:41.997   865   865 I netd    : Setting up OEM hooks: 79us
03-11 14:16:41.997   865   865 I netd    : Setting up FirewallController hooks: 19us
03-11 14:16:41.997   865   865 I netd    : Setting up TetherController hooks: 615us
03-11 14:16:41.998   865   865 I netd    : Setting up BandwidthController hooks: 492us
03-11 14:16:41.998   865   865 I netd    : Setting up IdletimerController hooks: 27us
03-11 14:16:42.001   865   865 I netd    : Setting up StrictController hooks: 3261us
03-11 14:16:42.001   865   865 I ClatdController: 4.9+ kernel and device shipped with Q+ - clat ebpf should work.
03-11 14:16:42.001   865   865 I netd    : Initializing ClatdController: 73us
03-11 14:16:42.002   865   865 I netd    : Initializing traffic control: 302us
03-11 14:16:42.003   865   865 I netd    : Enabling bandwidth control: 1792us
03-11 14:16:42.005   689   689 I sscrpcd : remote_handle_open: Successfully opened handle 0x7f for '":;./\createstaticpd:sensorspd on domain 2
03-11 14:16:42.005   689   689 E sscrpcd : Error 0xffffffff: apps_dev_init failed for domain 2, errno Transport endpoint is not connected
03-11 14:16:42.005   689   689 E sscrpcd : Error 0xffffffff: open_dev (-1) failed for domain 2
03-11 14:16:42.005   689   689 E sscrpcd : vendor/qcom/proprietary/sensors-see/sscrpcd/src/sscrpcd.cpp:42:adsp daemon will restart after 25ms...
03-11 14:16:42.005   865   865 I netd    : Initializing RouteController: 2038us
03-11 14:16:42.006   865   865 D XfrmController: XfrmController::ipSecAddXfrmInterface, line=1377
03-11 14:16:42.006   865   865 D XfrmController: XfrmController::ipSecRemoveTunnelInterface, line=1590
03-11 14:16:42.006   865   865 D XfrmController: deviceName=ipsec_test
03-11 14:16:42.028   899   899 I BOOT    : MSM target '', SoC 'MTP', HwID '339', SoC ver '65536'
