03-11 14:16:42.031   689   689 I sscrpcd : remote_handle_open: Successfully opened handle 0x7f for '":;./\createstaticpd:sensorspd on domain 2
03-11 14:16:42.031   689   689 E sscrpcd : Error 0xffffffff: apps_dev_init failed for domain 2, errno Transport endpoint is not connected
03-11 14:16:42.031   689   689 E sscrpcd : Error 0xffffffff: open_dev (-1) failed for domain 2
03-11 14:16:42.032   689   689 E sscrpcd : vendor/qcom/proprietary/sensors-see/sscrpcd/src/sscrpcd.cpp:42:adsp daemon will restart after 25ms...
03-11 14:16:42.035   868   868 I kworker/u17:4: type=1400 audit(0.0:22): avc: denied { dac_read_search } for capability=2 scontext=u:r:kernel:s0 tcontext=u:r:kernel:s0 tclass=capability permissive=1
03-11 14:16:42.058   689   689 I sscrpcd : remote_handle_open: Successfully opened handle 0x7f for '":;./\createstaticpd:sensorspd on domain 2
03-11 14:16:42.058   689   689 E sscrpcd : Error 0xffffffff: apps_dev_init failed for domain 2, errno Transport endpoint is not connected
03-11 14:16:42.058   689   689 E sscrpcd : Error 0xffffffff: open_dev (-1) failed for domain 2
03-11 14:16:42.058   689   689 E sscrpcd : vendor/qcom/proprietary/sensors-see/sscrpcd/src/sscrpcd.cpp:42:adsp daemon will restart after 25ms...
03-11 14:16:42.061   864   864 I ServiceManager: Waiting for service 'statscompanion' on '/dev/binder'...
03-11 14:16:42.084   689   689 I sscrpcd : remote_handle_open: Successfully opened handle 0x7f for '":;./\createstaticpd:sensorspd on domain 2
03-11 14:16:42.084   689   689 E sscrpcd : Error 0xffffffff: apps_dev_init failed for domain 2, errno Transport endpoint is not connected
03-11 14:16:42.084   689   689 E sscrpcd : Error 0xffffffff: open_dev (-1) failed for domain 2
03-11 14:16:42.085   689   689 E sscrpcd : vendor/qcom/proprietary/sensors-see/sscrpcd/src/sscrpcd.cpp:42:adsp daemon will restart after 25ms...
03-11 14:16:42.098   865   865 D XfrmController: Sending Netlink XFRM Message: XFRM_MSG_FLUSHSA
03-11 14:16:42.098   865   865 D XfrmController: Sending Netlink XFRM Message: XFRM_MSG_FLUSHPOLICY
03-11 14:16:42.098   865   865 I netd    : Initializing XfrmController: 92945us
03-11 14:16:42.101   865   865 I libnetd_resolv: resolv_init: Initializing resolver
03-11 14:16:42.112   689   689 I sscrpcd : remote_handle_open: Successfully opened handle 0x7f for '":;./\createstaticpd:sensorspd on domain 2
03-11 14:16:42.112   689   689 E sscrpcd : Error 0xffffffff: apps_dev_init failed for domain 2, errno Transport endpoint is not connected
03-11 14:16:42.112   689   689 E sscrpcd : Error 0xffffffff: open_dev (-1) failed for domain 2
03-11 14:16:42.112   689   689 E sscrpcd : vendor/qcom/proprietary/sensors-see/sscrpcd/src/sscrpcd.cpp:42:adsp daemon will restart after 25ms...
03-11 14:16:42.121   866   866 D AndroidRuntime: >>>>>> START com.android.internal.os.ZygoteInit uid 0 <<<<<<
03-11 14:16:42.135   866   866 I AndroidRuntime: Using default boot image
03-11 14:16:42.135   866   866 I AndroidRuntime: Leaving lock profiling enabled
03-11 14:16:42.135   867   867 D AndroidRuntime: >>>>>> START com.android.internal.os.ZygoteInit uid 0 <<<<<<
03-11 14:16:42.138   689   689 I sscrpcd : remote_handle_open: Successfully opened handle 0x7f for '":;./\createstaticpd:sensorspd on domain 2
03-11 14:16:42.138   689   689 E sscrpcd : Error 0xffffffff: apps_dev_init failed for domain 2, errno Transport endpoint is not connected
03-11 14:16:42.138   689   689 E sscrpcd : Error 0xffffffff: open_dev (-1) failed for domain 2
03-11 14:16:42.139   689   689 E sscrpcd : vendor/qcom/proprietary/sensors-see/sscrpcd/src/sscrpcd.cpp:42:adsp daemon will restart after 25ms...
03-11 14:16:42.139   866   866 I zygote64: option[0]=-Xzygote
03-11 14:16:42.139   866   866 I zygote64: option[1]=exit
03-11 14:16:42.139   866   866 I zygote64: option[2]=vfprintf
03-11 14:16:42.139   866   866 I zygote64: option[3]=sensitiveThread
03-11 14:16:42.139   866   866 I zygote64: option[4]=-verbose:gc
03-11 14:16:42.139   866   866 I zygote64: option[5]=-XX:PerfettoHprof=true
03-11 14:16:42.139   866   866 I zygote64: option[6]=-Xprimaryzygote
03-11 14:16:42.139   866   866 I zygote64: option[7]=-Xms24m
03-11 14:16:42.139   866   866 I zygote64: option[8]=-Xmx512m
03-11 14:16:42.139   866   866 I zygote64: option[9]=-XX:HeapGrowthLimit=256m
03-11 14:16:42.139   866   866 I zygote64: option[10]=-XX:HeapMinFree=8m
03-11 14:16:42.139   866   866 I zygote64: option[11]=-XX:HeapMaxFree=48m
03-11 14:16:42.139   866   866 I zygote64: option[12]=-XX:HeapTargetUtilization=0.46
03-11 14:16:42.139   866   866 I zygote64: option[13]=-Xusejit:true
03-11 14:16:42.139   866   866 I zygote64: option[14]=-Xjitsaveprofilinginfo
03-11 14:16:42.139   866   866 I zygote64: option[15]=-XjdwpOptions:suspend=n,server=y
03-11 14:16:42.139   866   866 I zygote64: option[16]=-XjdwpProvider:default
03-11 14:16:42.139   866   866 I zygote64: option[17]=-Xopaque-jni-ids:swapable
03-11 14:16:42.139   866   866 I zygote64: option[18]=-Xlockprofthreshold:500
03-11 14:16:42.139   866   866 I zygote64: option[19]=-Xcompiler-option
03-11 14:16:42.139   866   866 I zygote64: option[20]=--compiler-filter=speed
03-11 14:16:42.139   866   866 I zygote64: option[21]=-Xcompiler-option
03-11 14:16:42.139   866   866 I zygote64: option[22]=-j8
03-11 14:16:42.139   866   866 I zygote64: option[23]=-Xcompiler-option
03-11 14:16:42.139   866   866 I zygote64: option[24]=--instruction-set-variant=cortex-a76
03-11 14:16:42.139   866   866 I zygote64: option[25]=-Xcompiler-option
03-11 14:16:42.139   866   866 I zygote64: option[26]=--instruction-set-features=default
03-11 14:16:42.139   866   866 I zygote64: option[27]=-Xcompiler-option
03-11 14:16:42.139   866   866 I zygote64: option[28]=--generate-mini-debug-info
03-11 14:16:42.139   866   866 I zygote64: option[29]=-Ximage-compiler-option
03-11 14:16:42.139   866   866 I zygote64: option[30]=--runtime-arg
03-11 14:16:42.139   866   866 I zygote64: option[31]=-Ximage-compiler-option
03-11 14:16:42.139   866   866 I zygote64: option[32]=-Xms64m
03-11 14:16:42.139   866   866 I zygote64: option[33]=-Ximage-compiler-option
03-11 14:16:42.139   866   866 I zygote64: option[34]=--runtime-arg
03-11 14:16:42.139   866   866 I zygote64: option[35]=-Ximage-compiler-option
03-11 14:16:42.139   866   866 I zygote64: option[36]=-Xmx64m
03-11 14:16:42.139   866   866 I zygote64: option[37]=-Ximage-compiler-option
03-11 14:16:42.139   866   866 I zygote64: option[38]=--compiler-filter=speed
03-11 14:16:42.139   866   866 I zygote64: option[39]=-Ximage-compiler-option
03-11 14:16:42.139   866   866 I zygote64: option[40]=--dirty-image-objects=/system/etc/dirty-image-objects
03-11 14:16:42.139   866   866 I zygote64: option[41]=-Ximage-compiler-option
03-11 14:16:42.139   866   866 I zygote64: option[42]=-j8
03-11 14:16:42.139   866   866 I zygote64: option[43]=-Ximage-compiler-option
03-11 14:16:42.139   866   866 I zygote64: option[44]=--instruction-set-variant=cortex-a76
03-11 14:16:42.139   866   866 I zygote64: option[45]=-Ximage-compiler-option
03-11 14:16:42.139   866   866 I zygote64: option[46]=--instruction-set-features=default
03-11 14:16:42.139   866   866 I zygote64: option[47]=-Ximage-compiler-option
03-11 14:16:42.139   866   866 I zygote64: option[48]=--generate-mini-debug-info
03-11 14:16:42.139   866   866 I zygote64: option[49]=-Duser.locale=en-IN
03-11 14:16:42.139   866   866 I zygote64: option[50]=--cpu-abilist=arm64-v8a
03-11 14:16:42.139   866   866 I zygote64: option[51]=-Xcore-platform-api-policy:just-warn
03-11 14:16:42.139   866   866 I zygote64: option[52]=-Xfingerprint:OnePlus/OnePlus7TPro/OnePlus7TPro:11/RKQ1.201022.002/2101230046:user/release-keys
03-11 14:16:42.143   866   866 I zygote64: Core platform API reporting enabled, enforcing=false
03-11 14:16:42.145   935   935 I init    : type=1400 audit(0.0:23): avc: denied { execute_no_trans } for path="/system_ext/bin/hw/vendor.one.biometrics.fingerprint.inscreen@1.0-service.oneplus_msmnile" dev="dm-9" ino=32 scontext=u:r:init:s0 tcontext=u:object_r:system_file:s0 tclass=file permissive=1
03-11 14:16:42.148   867   867 I AndroidRuntime: Using default boot image
03-11 14:16:42.148   867   867 I AndroidRuntime: Leaving lock profiling enabled
03-11 14:16:42.151   867   867 I zygote  : option[0]=-Xzygote
03-11 14:16:42.151   867   867 I zygote  : option[1]=exit
03-11 14:16:42.151   867   867 I zygote  : option[2]=vfprintf
03-11 14:16:42.151   867   867 I zygote  : option[3]=sensitiveThread
03-11 14:16:42.151   867   867 I zygote  : option[4]=-verbose:gc
03-11 14:16:42.151   867   867 I zygote  : option[5]=-XX:PerfettoHprof=true
03-11 14:16:42.151   867   867 I zygote  : option[6]=-Xms24m
03-11 14:16:42.151   867   867 I zygote  : option[7]=-Xmx512m
03-11 14:16:42.151   867   867 I zygote  : option[8]=-XX:HeapGrowthLimit=256m
03-11 14:16:42.151   867   867 I zygote  : option[9]=-XX:HeapMinFree=8m
03-11 14:16:42.151   867   867 I zygote  : option[10]=-XX:HeapMaxFree=48m
03-11 14:16:42.151   867   867 I zygote  : option[11]=-XX:HeapTargetUtilization=0.46
03-11 14:16:42.151   867   867 I zygote  : option[12]=-Xusejit:true
03-11 14:16:42.151   867   867 I zygote  : option[13]=-Xjitsaveprofilinginfo
03-11 14:16:42.151   867   867 I zygote  : option[14]=-XjdwpOptions:suspend=n,server=y
03-11 14:16:42.151   867   867 I zygote  : option[15]=-XjdwpProvider:default
03-11 14:16:42.151   867   867 I zygote  : option[16]=-Xopaque-jni-ids:swapable
03-11 14:16:42.151   867   867 I zygote  : option[17]=-Xlockprofthreshold:500
03-11 14:16:42.151   867   867 I zygote  : option[18]=-Xcompiler-option
03-11 14:16:42.151   867   867 I zygote  : option[19]=--compiler-filter=speed
03-11 14:16:42.151   867   867 I zygote  : option[20]=-Xcompiler-option
03-11 14:16:42.151   867   867 I zygote  : option[21]=-j8
03-11 14:16:42.151   867   867 I zygote  : option[22]=-Xcompiler-option
03-11 14:16:42.151   867   867 I zygote  : option[23]=--instruction-set-variant=cortex-a76
03-11 14:16:42.151   867   867 I zygote  : option[24]=-Xcompiler-option
03-11 14:16:42.151   867   867 I zygote  : option[25]=--instruction-set-features=default
03-11 14:16:42.151   867   867 I zygote  : option[26]=-Xcompiler-option
03-11 14:16:42.151   867   867 I zygote  : option[27]=--generate-mini-debug-info
03-11 14:16:42.151   867   867 I zygote  : option[28]=-Ximage-compiler-option
03-11 14:16:42.151   867   867 I zygote  : option[29]=--runtime-arg
03-11 14:16:42.151   867   867 I zygote  : option[30]=-Ximage-compiler-option
03-11 14:16:42.151   867   867 I zygote  : option[31]=-Xms64m
03-11 14:16:42.151   867   867 I zygote  : option[32]=-Ximage-compiler-option
03-11 14:16:42.151   867   867 I zygote  : option[33]=--runtime-arg
03-11 14:16:42.151   867   867 I zygote  : option[34]=-Ximage-compiler-option
03-11 14:16:42.151   867   867 I zygote  : option[35]=-Xmx64m
03-11 14:16:42.151   867   867 I zygote  : option[36]=-Ximage-compiler-option
03-11 14:16:42.151   867   867 I zygote  : option[37]=--compiler-filter=speed
03-11 14:16:42.151   867   867 I zygote  : option[38]=-Ximage-compiler-option
03-11 14:16:42.151   867   867 I zygote  : option[39]=--dirty-image-objects=/system/etc/dirty-image-objects
03-11 14:16:42.151   867   867 I zygote  : option[40]=-Ximage-compiler-option
03-11 14:16:42.151   867   867 I zygote  : option[41]=-j8
03-11 14:16:42.151   867   867 I zygote  : option[42]=-Ximage-compiler-option
03-11 14:16:42.151   867   867 I zygote  : option[43]=--instruction-set-variant=cortex-a76
03-11 14:16:42.151   867   867 I zygote  : option[44]=-Ximage-compiler-option
03-11 14:16:42.151   867   867 I zygote  : option[45]=--instruction-set-features=default
03-11 14:16:42.151   867   867 I zygote  : option[46]=-Ximage-compiler-option
03-11 14:16:42.151   867   867 I zygote  : option[47]=--generate-mini-debug-info
03-11 14:16:42.151   867   867 I zygote  : option[48]=-Duser.locale=en-IN
03-11 14:16:42.151   867   867 I zygote  : option[49]=--cpu-abilist=armeabi-v7a,armeabi
03-11 14:16:42.151   867   867 I zygote  : option[50]=-Xcore-platform-api-policy:just-warn
03-11 14:16:42.151   867   867 I zygote  : option[51]=-Xfingerprint:OnePlus/OnePlus7TPro/OnePlus7TPro:11/RKQ1.201022.002/2101230046:user/release-keys
03-11 14:16:42.155   867   867 W zygote  : Could not reserve sentinel fault page
03-11 14:16:42.155   867   867 I zygote  : Core platform API reporting enabled, enforcing=false
03-11 14:16:42.161   864   864 I ServiceManager: Waiting for service 'statscompanion' on '/dev/binder'...
03-11 14:16:42.165   689   689 I sscrpcd : remote_handle_open: Successfully opened handle 0x7f for '":;./\createstaticpd:sensorspd on domain 2
03-11 14:16:42.166   689   689 E sscrpcd : Error 0xffffffff: apps_dev_init failed for domain 2, errno Operation not permitted
03-11 14:16:42.166   689   689 E sscrpcd : Error 0xffffffff: open_dev (-1) failed for domain 2
03-11 14:16:42.166   689   689 E sscrpcd : vendor/qcom/proprietary/sensors-see/sscrpcd/src/sscrpcd.cpp:42:adsp daemon will restart after 25ms...
03-11 14:16:42.172   934   934 I HidlServiceManagement: Registered android.hidl.allocator@1.0::IAllocator/ashmem (start delay of 21ms)
03-11 14:16:42.173   934   934 I HidlServiceManagement: Removing namespace from process name android.hidl.allocator@1.0-service to allocator@1.0-service.
03-11 14:16:42.175   935   935 I vendor.one.biom: type=1400 audit(0.0:24): avc: denied { call } for scontext=u:r:init:s0 tcontext=u:r:hwservicemanager:s0 tclass=binder permissive=1
03-11 14:16:42.185   935   935 I vendor.one.biom: type=1400 audit(0.0:25): avc: denied { transfer } for scontext=u:r:init:s0 tcontext=u:r:hwservicemanager:s0 tclass=binder permissive=1
03-11 14:16:42.192   629   629 I hwservicemanager: Since vendor.oneplus.fingerprint.extension@1.0::IVendorFingerprintExtensions/default is not registered, trying to start it as a lazy HAL.
03-11 14:16:42.193   689   689 I sscrpcd : remote_handle_open: Successfully opened handle 0x7f for '":;./\createstaticpd:sensorspd on domain 2
03-11 14:16:42.193   629   629 I hwservicemanager: Since vendor.oneplus.fingerprint.extension@1.0::IVendorFingerprintExtensions/default is not registered, trying to start it as a lazy HAL.
03-11 14:16:42.194   935   935 I HidlServiceManagement: getService: Trying again for vendor.oneplus.fingerprint.extension@1.0::IVendorFingerprintExtensions/default...
03-11 14:16:42.195   689   689 I sscrpcd : fastrpc_perf_init: enabled RPC traces (kernel 0, dsp 0) with frequency 1000
03-11 14:16:42.195   689   689 I sscrpcd : remote_handle_open: Successfully opened handle 0x3724e2f0 for adsp_default_listener on domain 2
03-11 14:16:42.196   689   689 I sscrpcd : remote_handle_open: Successfully opened handle 0x3724e6f0 for adsp_default_listener on domain 2
03-11 14:16:42.197   689   689 I sscrpcd : remote_handle_open: Successfully opened handle 0x7 for '":;./\geteventfd on domain 2
03-11 14:16:42.198   933   933 D audiohalservice: Init hw binder with mem  size = 1024  
03-11 14:16:42.200   629   629 I hwservicemanager: getTransport: Cannot find entry android.hardware.audio@6.0::IDevicesFactory/default in either framework or device manifest.
03-11 14:16:42.202   933   933 E LegacySupport: Could not get passthrough implementation for android.hardware.audio@6.0::IDevicesFactory/default.
03-11 14:16:42.207   938   938 I HidlServiceManagement: Registered android.hardware.cas@1.2::IMediaCasService/default (start delay of 46ms)
03-11 14:16:42.208   938   938 I HidlServiceManagement: Removing namespace from process name android.hardware.cas@1.2-service to cas@1.2-service.
03-11 14:16:42.210   689   950 W sscrpcd : vendor/qcom/proprietary/commonsys-intf/adsprpc/src/apps_std_imp.c:749: Warning: fopen returned 0x2 for file /mnt/vendor/persist/sensors/pickup_nn_wb.bin. (No such file or directory)
03-11 14:16:42.211   936   936 I android.hardware.bluetooth@1.0-service: vendorEnhancedInfo: 3
03-11 14:16:42.211   936   936 I android.hardware.bluetooth@1.0-service: isVendorEnhancedFramework: 1
03-11 14:16:42.211   936   936 I android.hardware.bluetooth@1.0-service: Registering BT Service
03-11 14:16:42.212   689   950 W sscrpcd : vendor/qcom/proprietary/commonsys-intf/adsprpc/src/apps_std_imp.c:749: Warning: fopen returned 0x2 for file oemconfig.so. (No such file or directory)
03-11 14:16:42.217   939   939 W android.hardware.configstore@1.1-service: libminijail[939]: allowing syscall: connect
03-11 14:16:42.217   939   939 W android.hardware.configstore@1.1-service: libminijail[939]: allowing syscall: fcntl
03-11 14:16:42.217   939   939 W android.hardware.configstore@1.1-service: libminijail[939]: allowing syscall: sendto
03-11 14:16:42.217   939   939 W android.hardware.configstore@1.1-service: libminijail[939]: allowing syscall: socket
03-11 14:16:42.217   939   939 W android.hardware.configstore@1.1-service: libminijail[939]: allowing syscall: writev
03-11 14:16:42.219   939   939 W android.hardware.configstore@1.1-service: libminijail[939]: logging seccomp filter failures
03-11 14:16:42.222   936   936 I HidlServiceManagement: Registered android.hardware.bluetooth@1.0::IBluetoothHci/default (start delay of 61ms)
03-11 14:16:42.222   936   936 I HidlServiceManagement: Removing namespace from process name android.hardware.bluetooth@1.0-service-qti to bluetooth@1.0-service-qti.
03-11 14:16:42.222   936   936 I android.hardware.bluetooth@1.0-service-qti: Registration complete for android.hardware.bluetooth@1.0::IBluetoothHci/default.
03-11 14:16:42.222   936   936 I android.hardware.bluetooth@1.0-service: Registering ANT Service
03-11 14:16:42.224   939   939 I HidlServiceManagement: Registered android.hardware.configstore@1.1::ISurfaceFlingerConfigs/default (start delay of 52ms)
03-11 14:16:42.224   939   939 I HidlServiceManagement: Removing namespace from process name android.hardware.configstore@1.1-service to configstore@1.1-service.
03-11 14:16:42.225   689   689 I sscrpcd : type=1400 audit(0.0:26): avc: denied { search } for name="project_info" dev="sysfs" ino=79528 scontext=u:r:vendor_sensors:s0 tcontext=u:object_r:sysfs_project_info:s0 tclass=dir permissive=1
03-11 14:16:42.225   689   689 I sscrpcd : type=1400 audit(0.0:27): avc: denied { read } for name="project_name" dev="sysfs" ino=79529 scontext=u:r:vendor_sensors:s0 tcontext=u:object_r:sysfs_project_info:s0 tclass=file permissive=1
03-11 14:16:42.225   689   689 I sscrpcd : type=1400 audit(0.0:28): avc: denied { open } for path="/sys/project_info/project_name" dev="sysfs" ino=79529 scontext=u:r:vendor_sensors:s0 tcontext=u:object_r:sysfs_project_info:s0 tclass=file permissive=1
03-11 14:16:42.225   689   689 I sscrpcd : type=1400 audit(0.0:29): avc: denied { getattr } for path="/sys/project_info/project_name" dev="sysfs" ino=79529 scontext=u:r:vendor_sensors:s0 tcontext=u:object_r:sysfs_project_info:s0 tclass=file permissive=1
03-11 14:16:42.227   942   942 I android.hardware.gnss@2.0-service-qti: main
03-11 14:16:42.227   946   946 I HidlServiceManagement: Registered android.hardware.memtrack@1.0::IMemtrack/default (start delay of 36ms)
03-11 14:16:42.229   946   946 I HidlServiceManagement: Removing namespace from process name android.hardware.memtrack@1.0-service to memtrack@1.0-service.
03-11 14:16:42.229   946   946 I LegacySupport: Registration complete for android.hardware.memtrack@1.0::IMemtrack/default.
03-11 14:16:42.231   940   940 I HidlServiceManagement: Registered android.hardware.drm@1.3::IDrmFactory/clearkey (start delay of 60ms)
03-11 14:16:42.231   940   940 I HidlServiceManagement: Removing namespace from process name android.hardware.drm@1.3-service.clearkey to drm@1.3-service.clearkey.
03-11 14:16:42.234   940   940 I HidlServiceManagement: Registered android.hardware.drm@1.3::ICryptoFactory/clearkey (start delay of 62ms)
03-11 14:16:42.234   940   940 I HidlServiceManagement: Removing namespace from process name android.hardware.drm@1.3-service.clearkey to drm@1.3-service.clearkey.
03-11 14:16:42.234   945   945 E android.hardware.lights-service.qti: light_open lights keyboard failed: -22
03-11 14:16:42.234   936   936 I HidlServiceManagement: Registered com.qualcomm.qti.ant@1.0::IAntHci/default (start delay of 73ms)
03-11 14:16:42.234   936   936 I android.hardware.bluetooth@1.0-service-qti: Registration complete for com.qualcomm.qti.ant@1.0::IAntHci/default.
03-11 14:16:42.234   945   945 E android.hardware.lights-service.qti: Light passthrough failed to load legacy HAL.
03-11 14:16:42.236   945   945 E android.hardware.lights-service.qti: light_open lights buttons failed: -22
03-11 14:16:42.236   945   945 E android.hardware.lights-service.qti: Light passthrough failed to load legacy HAL.
03-11 14:16:42.237   689   950 E sscrpcd : vendor/qcom/proprietary/commonsys-intf/adsprpc/src/apps_std_imp.c:283:Error 0x15: fread returning 0 bytes, requested was 512 bytes, errno is 1
03-11 14:16:42.238   945   945 E android.hardware.lights-service.qti: light_open lights bluetooth failed: -22
03-11 14:16:42.238   945   945 E android.hardware.lights-service.qti: Light passthrough failed to load legacy HAL.
03-11 14:16:42.239   945   945 E android.hardware.lights-service.qti: light_open lights wifi failed: -22
03-11 14:16:42.239   945   945 E android.hardware.lights-service.qti: Light passthrough failed to load legacy HAL.
03-11 14:16:42.240   936   936 E vendor.qti.hardware.bluetooth_sar@1.0-BluetoothSar: HIDL_FETCH_IBluetoothSar
03-11 14:16:42.240   628   628 I servicemanager: getDeviceHalManifest: Reading VINTF information.
03-11 14:16:42.242   936   936 I HidlServiceManagement: Registered vendor.qti.hardware.bluetooth_sar@1.0::IBluetoothSar/default (start delay of 80ms)
03-11 14:16:42.242   936   936 I android.hardware.bluetooth@1.0-service-qti: Registration complete for vendor.qti.hardware.bluetooth_sar@1.0::IBluetoothSar/default.
03-11 14:16:42.242   936   936 I android.hardware.bluetooth@1.0-service: Registering BT Config store Service
03-11 14:16:42.242   689   950 W sscrpcd : vendor/qcom/proprietary/commonsys-intf/adsprpc/src/apps_std_imp.c:749: Warning: fopen returned 0x2 for file /mnt/vendor/persist/sensors/registry/file1. (No such file or directory)
03-11 14:16:42.242   689   950 E sscrpcd : vendor/qcom/proprietary/commonsys-intf/adsprpc/src/apps_std_imp.c:1030::Error: 57: 0 == (nOpenErr = apps_std_fopen_with_env("ADSP_LIBRARY_PATH", ";", name, "r", &ps))
03-11 14:16:42.242   689   950 E sscrpcd : vendor/qcom/proprietary/commonsys-intf/adsprpc/src/apps_std_imp.c:1048:Error 0x57: failed to stat /mnt/vendor/persist/sensors/registry/file1, file open returned 2, errno is No such file or directory
03-11 14:16:42.242   955   955 I QTI PowerHAL: Initing
03-11 14:16:42.243   937   937 I chatty  : uid=1047(cameraserver) android.hardwar expire 125 lines
03-11 14:16:42.243   955   955 I android.hardware.power-service: Instance android.hardware.power.IPower/default
03-11 14:16:42.243   689   950 W sscrpcd : vendor/qcom/proprietary/commonsys-intf/adsprpc/src/apps_std_imp.c:749: Warning: fopen returned 0x2 for file /mnt/vendor/persist/sensors/registry/file2. (No such file or directory)
03-11 14:16:42.243   689   950 E sscrpcd : vendor/qcom/proprietary/commonsys-intf/adsprpc/src/apps_std_imp.c:1030::Error: 57: 0 == (nOpenErr = apps_std_fopen_with_env("ADSP_LIBRARY_PATH", ";", name, "r", &ps))
03-11 14:16:42.243   689   950 E sscrpcd : vendor/qcom/proprietary/commonsys-intf/adsprpc/src/apps_std_imp.c:1048:Error 0x57: failed to stat /mnt/vendor/persist/sensors/registry/file2, file open returned 2, errno is No such file or directory
03-11 14:16:42.243   959   959 I HidlServiceManagement: Registered android.hardware.usb@1.0::IUsb/default (start delay of 32ms)
03-11 14:16:42.243   959   959 I HidlServiceManagement: Removing namespace from process name android.hardware.usb@1.0-service to usb@1.0-service.
03-11 14:16:42.243   959   959 I android.hardware.usb@1.0-service: USB HAL Ready.
03-11 14:16:42.244   628   628 I servicemanager: getDeviceHalManifest: Successfully processed VINTF information
03-11 14:16:42.244   628   628 I servicemanager: getFrameworkHalManifest: Reading VINTF information.
03-11 14:16:42.244   628   628 I servicemanager: getFrameworkHalManifest: Successfully processed VINTF information
03-11 14:16:42.244   628   628 I servicemanager: Found android.hardware.light.ILights/default in device VINTF manifest.
03-11 14:16:42.246   628   628 I servicemanager: Found android.hardware.power.IPower/default in device VINTF manifest.
03-11 14:16:42.246   936   936 I HidlServiceManagement: Registered vendor.qti.hardware.btconfigstore@1.0::IBTConfigStore/default (start delay of 85ms)
03-11 14:16:42.246   944   944 I android.hardware.health@2.1-service: default instance initializing with healthd_config...
03-11 14:16:42.246   955   955 I android.hardware.power-service: Status 0
03-11 14:16:42.246   936   936 I android.hardware.bluetooth@1.0-service-qti: Registration complete for vendor.qti.hardware.btconfigstore@1.0::IBTConfigStore/default.
03-11 14:16:42.248   944   944 I HidlServiceManagement: Registered android.hardware.health@2.1::IHealth/default (start delay of 67ms)
03-11 14:16:42.248   944   944 I HidlServiceManagement: Removing namespace from process name android.hardware.health@2.1-service to health@2.1-service.
03-11 14:16:42.248   944   944 I android.hardware.health@2.1-service: default: Hal init done
03-11 14:16:42.252   933   933 I HidlServiceManagement: Registered android.hardware.audio@5.0::IDevicesFactory/default (start delay of 100ms)
03-11 14:16:42.252   933   933 I HidlServiceManagement: Removing namespace from process name android.hardware.audio.service to audio.service.
03-11 14:16:42.252   933   933 I LegacySupport: Registration complete for android.hardware.audio@5.0::IDevicesFactory/default.
03-11 14:16:42.252   629   629 I hwservicemanager: getTransport: Cannot find entry android.hardware.audio.effect@6.0::IEffectsFactory/default in either framework or device manifest.
03-11 14:16:42.253   933   933 E LegacySupport: Could not get passthrough implementation for android.hardware.audio.effect@6.0::IEffectsFactory/default.
03-11 14:16:42.260   962   962 D android.hardware.vibrator@1.0-service: Vibrator using LED trigger
03-11 14:16:42.262   942   942 I HidlServiceManagement: Registered android.hardware.gnss@2.0::IGnss/default (start delay of 90ms)
03-11 14:16:42.262   942   942 I HidlServiceManagement: Removing namespace from process name android.hardware.gnss@2.0-service-qti to gnss@2.0-service-qti.
03-11 14:16:42.262   942   942 I android.hardware.gnss@2.0-service-qti: Registration complete for android.hardware.gnss@2.0::IGnss/default.
03-11 14:16:42.262   864   864 I ServiceManager: Waiting for service 'statscompanion' on '/dev/binder'...
03-11 14:16:42.264   962   962 I HidlServiceManagement: Registered android.hardware.vibrator@1.0::IVibrator/default (start delay of 43ms)
03-11 14:16:42.264   962   962 I HidlServiceManagement: Removing namespace from process name android.hardware.vibrator@1.0-service to vibrator@1.0-service.
03-11 14:16:42.264   962   962 I android.hardware.vibrator@1.0-service: Registration complete for android.hardware.vibrator@1.0::IVibrator/default.
03-11 14:16:42.265   953   953 I android.hardwar: type=1400 audit(0.0:30): avc: denied { read } for name="u:object_r:default_prop:s0" dev="tmpfs" ino=16037 scontext=u:r:hal_nfc_default:s0 tcontext=u:object_r:default_prop:s0 tclass=file permissive=1
03-11 14:16:42.265   953   953 I android.hardwar: type=1400 audit(0.0:31): avc: denied { open } for path="/dev/__properties__/u:object_r:default_prop:s0" dev="tmpfs" ino=16037 scontext=u:r:hal_nfc_default:s0 tcontext=u:object_r:default_prop:s0 tclass=file permissive=1
03-11 14:16:42.265   953   953 I android.hardwar: type=1400 audit(0.0:32): avc: denied { getattr } for path="/dev/__properties__/u:object_r:default_prop:s0" dev="tmpfs" ino=16037 scontext=u:r:hal_nfc_default:s0 tcontext=u:object_r:default_prop:s0 tclass=file permissive=1
03-11 14:16:42.265   953   953 I android.hardwar: type=1400 audit(0.0:33): avc: denied { map } for path="/dev/__properties__/u:object_r:default_prop:s0" dev="tmpfs" ino=16037 scontext=u:r:hal_nfc_default:s0 tcontext=u:object_r:default_prop:s0 tclass=file permissive=1
03-11 14:16:42.269   933   933 I HidlServiceManagement: Registered android.hardware.audio.effect@5.0::IEffectsFactory/default (start delay of 117ms)
03-11 14:16:42.269   933   933 I LegacySupport: Registration complete for android.hardware.audio.effect@5.0::IEffectsFactory/default.
03-11 14:16:42.272   941   941 I HidlServiceManagement: Registered android.hardware.drm@1.3::IDrmFactory/widevine (start delay of 100ms)
03-11 14:16:42.272   941   941 I HidlServiceManagement: Removing namespace from process name android.hardware.drm@1.3-service.widevine to drm@1.3-service.widevine.
03-11 14:16:42.273   941   941 I HidlServiceManagement: Registered android.hardware.drm@1.3::ICryptoFactory/widevine (start delay of 102ms)
03-11 14:16:42.273   941   941 I HidlServiceManagement: Removing namespace from process name android.hardware.drm@1.3-service.widevine to drm@1.3-service.widevine.
03-11 14:16:42.273     0     0 W @4 healthd: battery l=63 v=3994 t=32.0 h=2 st=2 c=-21000 fc=3601000 cc=0 chg=u
03-11 14:16:42.273   958   958 I thermal_hal: Thermal HAL Service 2.0 starting...
03-11 14:16:42.274   953   953 D nxpnfc@1.2-service: Registering NFC HALIMPL Service v1.2...
03-11 14:16:42.274   953   953 D JcDnld_DWP: checkIfEseClientUpdateReqd enter:  
03-11 14:16:42.274   953   953 D android.hardware.nfc@1.2-service: nxp config referred : libnfc-nxp.conf
03-11 14:16:42.275   953   953 D android.hardware.nfc@1.2-service: nxp config file : /vendor/etc/libnfc-nxp.conf
03-11 14:16:42.276   953   953 D android.hardware.nfc@1.2-service: readNxpTransitConfig-Enter..Reading /data/vendor/nfc/libnfc-nxpTransit.conf
03-11 14:16:42.277   953   953 E android.hardware.nfc@1.2-service: readConfig Cannot open config file /data/vendor/nfc/libnfc-nxpTransit.conf
03-11 14:16:42.277   953   953 D android.hardware.nfc@1.2-service: readNxpRFConfig-Enter..Reading /system/vendor/libnfc-nxp_RF.conf
03-11 14:16:42.277   953   953 E android.hardware.nfc@1.2-service: readConfig Cannot open config file /system/vendor/libnfc-nxp_RF.conf
03-11 14:16:42.277   953   953 D NxpExtns: find found NXP_ESE_JCOP_DEFAULT_INTERFACE=(0x0)
03-11 14:16:42.277   953   953 D NxpExtns: find found NXP_ESE_JCOP_DEFAULT_INTERFACE=(0x0)
03-11 14:16:42.277   953   953 D JcDnld_DWP: checkIfEseClientUpdateReqd LS and JCOP download not required 
03-11 14:16:42.280   953   953 I HidlServiceManagement: Registered android.hardware.nfc@1.2::INfc/default (start delay of 89ms)
03-11 14:16:42.280   953   953 I HidlServiceManagement: Removing namespace from process name android.hardware.nfc@1.2-service to nfc@1.2-service.
03-11 14:16:42.280   953   953 D nxpnfc@1.2-service: Registering NFC HALIOCTL Service v1.0...
03-11 14:16:42.284   942   942 I LocSvc_HIDL_vendor.qti.gnss@3.0-service: main
03-11 14:16:42.284   942   971 I LocSvc_BatteryListener: Get health service in 0 tries
03-11 14:16:42.285   953   953 I HidlServiceManagement: Registered vendor.nxp.nxpnfc@1.0::INxpNfc/default (start delay of 94ms)
03-11 14:16:42.285   953   953 E nxpnfc@1.2-service: Before calling JCOP JCOS_doDownload
03-11 14:16:42.285   953   953 D JcDnld_DWP: doEseUpdateIfReqd enter:  
03-11 14:16:42.285   953   953 D JcDnld_DWP: eSeClientUpdateHandler Enter
03-11 14:16:42.285   953   953 D JcDnld_DWP: eSeClientUpdateHandler Exit 
03-11 14:16:42.285   953   953 E nxpnfc@1.2-service: After calling JCOS_doDownload
03-11 14:16:42.285   953   953 D nxpnfc@1.2-service: NFC HAL Service is ready
03-11 14:16:42.292   933   933 E vndksupport: Could not load /vendor/lib/hw/sound_trigger.primary.msmnile.so from default namespace: dlopen failed: library "libopf.so" not found: needed by /vendor/lib/hw/sound_trigger.primary.msmnile.so in namespace (default).
03-11 14:16:42.292   933   933 E HAL     : load: module=/vendor/lib/hw/sound_trigger.primary.msmnile.so
03-11 14:16:42.292   933   933 E HAL     : unknown
03-11 14:16:42.292   933   933 E SoundTriggerHw: couldn't load sound trigger module sound_trigger.primary (Invalid argument)
03-11 14:16:42.306   970   970 I DolbyManagerService: onFirstRef 
03-11 14:16:42.311   933   933 I HidlServiceManagement: Registered android.hardware.soundtrigger@2.3::ISoundTriggerHw/default (start delay of 160ms)
03-11 14:16:42.311   933   933 I LegacySupport: Registration complete for android.hardware.soundtrigger@2.3::ISoundTriggerHw/default.
03-11 14:16:42.315     1     1 I /system/bin/init: type=1107 audit(0.0:34): uid=0 auid=4294967295 ses=4294967295 subj=u:r:init:s0 msg='avc: denied { set } for property=ro.boot.prmfc pid=978 uid=1000 gid=1000 scontext=u:r:hal_param_default:s0 tcontext=u:object_r:exported2_default_prop:s0 tclass=property_service permissive=1'
03-11 14:16:42.315   972   972 I chatty  : uid=1047(cameraserver) CameraHIDL@1.0- expire 5 lines
03-11 14:16:42.318   977   977 D vendor.oneplus.hardware.hdcpkey@1.0-service: vendor.oneplus,hardware.hdcpkey@1.0-service starting...
03-11 14:16:42.318   978   978 I vendor.oneplus.hardware.param@1.0-service: Start param service V1.19
03-11 14:16:42.318   978   978 D OPParam : OneplusParam: EC flag = 1
03-11 14:16:42.318   979   979 D vendor.qti.esepowermanager@1.1-service: loading eseservice
03-11 14:16:42.318   979   979 D QSEECOMAPI: QSEECom_get_handle sb_length = 0x400
03-11 14:16:42.318   958   958 E android.hardware.thermal@2.0-service.qti: Error opening file: /sys/class/thermal/thermal_zone1/trip_point_1_temp
03-11 14:16:42.319   979   979 D QSEECOMAPI: App is not loaded in QSEE
03-11 14:16:42.319   958   958 E android.hardware.thermal@2.0-service.qti: Error opening file: /sys/class/thermal/thermal_zone2/trip_point_1_temp
03-11 14:16:42.319   979   979 E QSEECOMAPI: Error::Cannot open the file /vendor/firmware_mnt/image/eseservice.mdt errno = 2
03-11 14:16:42.319   979   979 E QSEECOMAPI: Error::Loading image failed with ret = -1
03-11 14:16:42.319   979   979 D vendor.qti.esepowermanager@1.1-service: loading eseservice failed
03-11 14:16:42.319   979   979 D vendor.qti.esepowermanager@1.1-service: eSEPowerManager V1.1 is starting
03-11 14:16:42.319   968   968 I HidlServiceManagement: Registered vendor.display.color@1.3::IDisplayColor/default (start delay of 78ms)
03-11 14:16:42.320   968   968 I HidlServiceManagement: Removing namespace from process name vendor.display.color@1.0-service to color@1.0-service.
03-11 14:16:42.320   976   976 D vendor.oneplus.hardware.drmkey@1.0-service: vendor.oneplus,hardware.drmkey@1.0-service starting...
03-11 14:16:42.320   958   958 E android.hardware.thermal@2.0-service.qti: Error opening file: /sys/class/thermal/thermal_zone3/trip_point_1_temp
03-11 14:16:42.320   970   970 I HidlServiceManagement: Registered vendor.dolby.hardware.dms@2.0::IDms/default (start delay of 69ms)
03-11 14:16:42.320   970   970 I HidlServiceManagement: Removing namespace from process name vendor.dolby.hardware.dms@2.0-service to dms@2.0-service.
03-11 14:16:42.321   970   970 I DolbyManagerSvc: Registered IDms vendor service success!
03-11 14:16:42.321   978   987 D OPParam : Start run init thread
03-11 14:16:42.321     0     0 I         : @5 get_param_by_index_and_offset[79]  sid_index = 13 offset = 36 buf = 0000000074885269 length = 4
03-11 14:16:42.321     0     0 I         : @5 get_param_by_index_and_offset[79]  sid_index = 308 offset = 0 buf = 000000001ddb9ac4 length = 1024
03-11 14:16:42.321     0     0 I         : @5 get_param_by_index_and_offset[79]  sid_index = 309 offset = 0 buf = 000000001ddb9ac4 length = 1024
03-11 14:16:42.321     0     0 I         : @5 get_param_by_index_and_offset[79]  sid_index = 310 offset = 0 buf = 000000001ddb9ac4 length = 1024
03-11 14:16:42.321     0     0 I         : @5 get_param_by_index_and_offset[79]  sid_index = 311 offset = 0 buf = 000000001ddb9ac4 length = 1024
03-11 14:16:42.321     0     0 I         : @5 get_param_by_index_and_offset[79]  sid_index = 820 offset = 0 buf = 000000001ddb9ac4 length = 1024
03-11 14:16:42.321     0     0 I         : @5 get_param_by_index_and_offset[79]  sid_index = 821 offset = 0 buf = 000000001ddb9ac4 length = 1024
03-11 14:16:42.321     0     0 I         : @5 get_param_by_index_and_offset[79]  sid_index = 822 offset = 0 buf = 000000001ddb9ac4 length = 1024
03-11 14:16:42.321     0     0 I         : @5 get_param_by_index_and_offset[79]  sid_index = 823 offset = 0 buf = 000000001ddb9ac4 length = 1024
03-11 14:16:42.321   978   987 D OPParamENC: Start checking if 308 is encrypted
03-11 14:16:42.321   978   987 D OPParamENC: Start checking primary region of 308
03-11 14:16:42.321   978   987 D OPParamENC: Buffer is enc
03-11 14:16:42.321   978   987 D OPParamENC: Start checking backup region of 308
03-11 14:16:42.321   978   987 D OPParamENC: Buffer is enc
03-11 14:16:42.321   933   933 I BTAudioProviderA2dpSoftware: A2dpSoftwareAudioProvider - size of audio buffer 7168 byte(s)
03-11 14:16:42.321   978   987 D OPParamENC: Verify SID 308 success
03-11 14:16:42.321     0     0 I         : @5 get_param_by_index_and_offset[79]  sid_index = 308 offset = 0 buf = 00000000a6ae2703 length = 1024
03-11 14:16:42.321     0     0 I         : @5 get_param_by_index_and_offset[79]  sid_index = 309 offset = 0 buf = 00000000a6ae2703 length = 1024
03-11 14:16:42.321     0     0 I         : @5 get_param_by_index_and_offset[79]  sid_index = 310 offset = 0 buf = 00000000a6ae2703 length = 1024
03-11 14:16:42.321     0     0 I         : @5 get_param_by_index_and_offset[79]  sid_index = 311 offset = 0 buf = 00000000a6ae2703 length = 1024
03-11 14:16:42.321   978   987 D OPParamENC: No need to init 32
03-11 14:16:42.321   978   987 D OPParamENC: Get PROP_SLOT success
03-11 14:16:42.321   978   987 D OPParamENC: Get 34 or 36 buffer success
03-11 14:16:42.321   978   987 D OPParamENC: Start migrating buf 34
03-11 14:16:42.321   933   933 I BTAudioProviderHearingAid: HearingAidAudioProvider - size of audio buffer 3584 byte(s)
03-11 14:16:42.321     0     0 I         : @5 get_param_by_index_and_offset[79]  sid_index = 312 offset = 0 buf = 00000000a6ae2703 length = 1024
03-11 14:16:42.321     0     0 I         : @5 get_param_by_index_and_offset[79]  sid_index = 313 offset = 0 buf = 00000000a6ae2703 length = 1024
03-11 14:16:42.321     0     0 I         : @5 get_param_by_index_and_offset[79]  sid_index = 314 offset = 0 buf = 00000000a6ae2703 length = 1024
03-11 14:16:42.321     0     0 I         : @5 get_param_by_index_and_offset[79]  sid_index = 315 offset = 0 buf = 00000000a6ae2703 length = 1024
03-11 14:16:42.321     0     0 I         : @5 get_param_by_index_and_offset[79]  sid_index = 824 offset = 0 buf = 00000000a6ae2703 length = 1024
03-11 14:16:42.321     0     0 I         : @5 get_param_by_index_and_offset[79]  sid_index = 825 offset = 0 buf = 00000000a6ae2703 length = 1024
03-11 14:16:42.321   978   987 D OPParamENC: Start checking if 312 is encrypted
03-11 14:16:42.321     0     0 I         : @5 get_param_by_index_and_offset[79]  sid_index = 826 offset = 0 buf = 00000000a6ae2703 length = 1024
03-11 14:16:42.321     0     0 I         : @5 get_param_by_index_and_offset[79]  sid_index = 827 offset = 0 buf = 00000000a6ae2703 length = 1024
03-11 14:16:42.321   978   987 D OPParamENC: Start checking primary region of 312
03-11 14:16:42.321   978   987 D OPParamENC: Buffer is enc
03-11 14:16:42.321   978   987 D OPParamENC: Start checking backup region of 312
03-11 14:16:42.321   978   987 D OPParamENC: Buffer is enc
03-11 14:16:42.322   978   987 D OPParamENC: Verify SID 312 success
03-11 14:16:42.322     0     0 I         : @5 get_param_by_index_and_offset[79]  sid_index = 312 offset = 0 buf = 00000000a6ae2703 length = 1024
03-11 14:16:42.322     0     0 I         : @5 get_param_by_index_and_offset[79]  sid_index = 313 offset = 0 buf = 00000000a6ae2703 length = 1024
03-11 14:16:42.322     0     0 I         : @5 get_param_by_index_and_offset[79]  sid_index = 314 offset = 0 buf = 00000000a6ae2703 length = 1024
03-11 14:16:42.322     0     0 I         : @5 get_param_by_index_and_offset[79]  sid_index = 315 offset = 0 buf = 00000000a6ae2703 length = 1024
03-11 14:16:42.322   978   987 D OPParamENC: md5 = 4CF84927F9D0817E54F374523B1CEEC0
03-11 14:16:42.322   978   987 D OPParamENC: UpdateCount = 3472
03-11 14:16:42.322     0     0 I         : @5 set_param_by_index_and_offset[104]sid_index = 312 offset = 0 buf = 00000000a6ae2703 length = 1024
03-11 14:16:42.322     0     0 E         : @5 open file /dev/block/bootdevice/by-name/param failed.(-13)
03-11 14:16:42.322     0     0 I         : @5 Error write param partition.(-13)
03-11 14:16:42.322     0     0 E         : @5 set_param_by_index_and_offset failure -13
03-11 14:16:42.322     0     0 I         : @5 set_param_by_index_and_offset[104]sid_index = 824 offset = 0 buf = 00000000a6ae2703 length = 1024
03-11 14:16:42.322     0     0 E         : @5 open file /dev/block/bootdevice/by-name/param failed.(-13)
03-11 14:16:42.322     0     0 I         : @5 Error write param partition.(-13)
03-11 14:16:42.322     0     0 E         : @5 set_param_by_index_and_offset failure -13
03-11 14:16:42.322   978   987 D OPParamENC: Get 35 or 37 buffer success
03-11 14:16:42.322   978   987 D OPParamENC: Start migrating buf 35
03-11 14:16:42.322     0     0 I         : @5 get_param_by_index_and_offset[79]  sid_index = 312 offset = 0 buf = 00000000a6ae2703 length = 1024
03-11 14:16:42.322     0     0 I         : @5 get_param_by_index_and_offset[79]  sid_index = 313 offset = 0 buf = 00000000a6ae2703 length = 1024
03-11 14:16:42.322     0     0 I         : @5 get_param_by_index_and_offset[79]  sid_index = 314 offset = 0 buf = 00000000a6ae2703 length = 1024
03-11 14:16:42.322     0     0 I         : @5 get_param_by_index_and_offset[79]  sid_index = 315 offset = 0 buf = 00000000a6ae2703 length = 1024
03-11 14:16:42.322     0     0 I         : @5 get_param_by_index_and_offset[79]  sid_index = 824 offset = 0 buf = 00000000a6ae2703 length = 1024
03-11 14:16:42.322   973   973 I HidlServiceManagement: Registered vendor.oneplus.hardware.display@1.0::IOneplusDisplay/default (start delay of 61ms)
03-11 14:16:42.322   973   973 I HidlServiceManagement: Removing namespace from process name vendor.oneplus.hardware.display@1.0-service to display@1.0-service.
03-11 14:16:42.323     0     0 I         : @5 get_param_by_index_and_offset[79]  sid_index = 825 offset = 0 buf = 00000000a6ae2703 length = 1024
03-11 14:16:42.323     0     0 I         : @5 get_param_by_index_and_offset[79]  sid_index = 826 offset = 0 buf = 00000000a6ae2703 length = 1024
03-11 14:16:42.323     0     0 I         : @5 get_param_by_index_and_offset[79]  sid_index = 827 offset = 0 buf = 00000000a6ae2703 length = 1024
03-11 14:16:42.323   978   987 D OPParamENC: Start checking if 312 is encrypted
03-11 14:16:42.323   978   987 D OPParamENC: Start checking primary region of 312
03-11 14:16:42.323   978   987 D OPParamENC: Buffer is enc
03-11 14:16:42.323   978   987 D OPParamENC: Start checking backup region of 312
03-11 14:16:42.323   978   987 D OPParamENC: Buffer is enc
03-11 14:16:42.323   978   987 E OPParamENC: Encrypted Data Block incorrect
03-11 14:16:42.323   978   987 E OPParamENC: Calculate: B1BBAF46D2B2C5A682515BC63EC6FAD3
03-11 14:16:42.323   978   987 E OPParamENC: Store: 4CF84927F9D0817E54F374523B1CEEC0
03-11 14:16:42.323   978   987 E OPParamENC: Encrypted Data Block incorrect
03-11 14:16:42.323   978   987 E OPParamENC: Calculate: B1BBAF46D2B2C5A682515BC63EC6FAD3
03-11 14:16:42.323   978   987 E OPParamENC: Store: 4CF84927F9D0817E54F374523B1CEEC0
03-11 14:16:42.323   978   987 E OPParamENC: Encrypted block 312 checksum or restore failed (-2)
03-11 14:16:42.323   978   987 E OPParamENC: Encrypted block 312 verify and restore failed
03-11 14:16:42.323   978   987 D OPParamENC: Failed to set buf item 35
03-11 14:16:42.323   978   987 D OPParamENC: Failed to migrate mobid.
03-11 14:16:42.323   978   987 D OPParamENC: Failed to migrate cve 
03-11 14:16:42.323   978   987 D OPParam : End run init thread
03-11 14:16:42.323     0     0 I         : @6 get_param_by_index_and_offset[79]  sid_index = 13 offset = 40 buf = 00000000abd5fb20 length = 4
03-11 14:16:42.325   968   968 I HidlServiceManagement: Registered vendor.display.postproc@1.0::IDisplayPostproc/default (start delay of 84ms)
03-11 14:16:42.325   976   976 I HidlServiceManagement: Registered vendor.oneplus.hardware.drmkey@1.0::IOneplusDrmKey/default (start delay of 54ms)
03-11 14:16:42.325   933   933 I HidlServiceManagement: Registered android.hardware.bluetooth.audio@2.0::IBluetoothAudioProvidersFactory/default (start delay of 174ms)
03-11 14:16:42.325   958   958 E android.hardware.thermal@2.0-service.qti: Error opening file: /sys/class/thermal/thermal_zone4/trip_point_1_temp
03-11 14:16:42.326   978   978 I HidlServiceManagement: Registered vendor.oneplus.hardware.param@1.0::IOneplusParam/default (start delay of 44ms)
03-11 14:16:42.329   977   977 I HidlServiceManagement: Registered vendor.oneplus.hardware.hdcpkey@1.0::IOneplusHdcpKey/default (start delay of 57ms)
03-11 14:16:42.329   943   943 I chatty  : uid=1000(system) composer@2.4-se expire 77 lines
03-11 14:16:42.331   976   976 I HidlServiceManagement: Removing namespace from process name vendor.oneplus.hardware.drmkey@1.0-service to drmkey@1.0-service.
03-11 14:16:42.333   952   952 I android.hardware.neuralnetworks@1.2-service: nnhal main 1.2-09
03-11 14:16:42.333   933   933 I LegacySupport: Registration complete for android.hardware.bluetooth.audio@2.0::IBluetoothAudioProvidersFactory/default.
03-11 14:16:42.333   958   958 E android.hardware.thermal@2.0-service.qti: Error opening file: /sys/class/thermal/thermal_zone7/trip_point_1_temp
03-11 14:16:42.333   978   978 I HidlServiceManagement: Removing namespace from process name vendor.oneplus.hardware.param@1.0-service to param@1.0-service.
03-11 14:16:42.333   958   958 E android.hardware.thermal@2.0-service.qti: Error opening file: /sys/class/thermal/thermal_zone8/trip_point_1_temp
03-11 14:16:42.333   958   958 E android.hardware.thermal@2.0-service.qti: Error opening file: /sys/class/thermal/thermal_zone9/trip_point_1_temp
03-11 14:16:42.333   958   958 E android.hardware.thermal@2.0-service.qti: Error opening file: /sys/class/thermal/thermal_zone10/trip_point_1_temp
03-11 14:16:42.333   958   958 E android.hardware.thermal@2.0-service.qti: Error opening file: /sys/class/thermal/thermal_zone15/trip_point_1_temp
03-11 14:16:42.333   958   958 E android.hardware.thermal@2.0-service.qti: Error opening file: /sys/class/thermal/thermal_zone27/trip_point_1_temp
03-11 14:16:42.334   629   629 I hwservicemanager: getTransport: Cannot find entry android.hardware.bluetooth.a2dp@1.0::IBluetoothAudioOffload/default in either framework or device manifest.
03-11 14:16:42.334   933   933 E LegacySupport: Could not get passthrough implementation for android.hardware.bluetooth.a2dp@1.0::IBluetoothAudioOffload/default.
03-11 14:16:42.334   933   933 W audiohalservice: Could not register Bluetooth Audio Offload API
03-11 14:16:42.335   958   958 E android.hardware.thermal@2.0-service.qti: Error opening file: /sys/class/thermal/thermal_zone67/trip_point_1_temp
03-11 14:16:42.335   958   958 E android.hardware.thermal@2.0-service.qti: Policy error:step_wise sensor:ibat
03-11 14:16:42.335   958   958 E android.hardware.thermal@2.0-service.qti: negative temperature ramp for sensor:vbat
03-11 14:16:42.335   979   979 I HidlServiceManagement: Registered vendor.qti.esepowermanager@1.1::IEsePowerManager/default (start delay of 54ms)
03-11 14:16:42.335   964   964 I android.hardware.wifi@1.0-service: Wifi Hal is booting up...
03-11 14:16:42.335   979   979 I HidlServiceManagement: Removing namespace from process name vendor.qti.esepowermanager@1.1-service to esepowermanager@1.1-service.
03-11 14:16:42.335   979   979 I LegacySupport: Registration complete for vendor.qti.esepowermanager@1.1::IEsePowerManager/default.
03-11 14:16:42.336   952   952 E android.hardware.neuralnetworks@1.2-service: cannot load function CreateAccelerator
03-11 14:16:42.336   964   964 I HidlServiceManagement: Registered android.hardware.wifi@1.4::IWifi/default (start delay of 95ms)
03-11 14:16:42.336   964   964 I HidlServiceManagement: Removing namespace from process name android.hardware.wifi@1.0-service to wifi@1.0-service.
03-11 14:16:42.337   958   958 E android.hardware.thermal@2.0-service.qti: negative temperature ramp for sensor:soc
03-11 14:16:42.338   977   977 I HidlServiceManagement: Removing namespace from process name vendor.oneplus.hardware.hdcpkey@1.0-service to hdcpkey@1.0-service.
03-11 14:16:42.338   958   958 E android.hardware.thermal@2.0-service.qti: Policy error:step_wise sensor:battery
03-11 14:16:42.340   958   958 I HidlServiceManagement: Registered android.hardware.thermal@2.0::IThermal/default (start delay of 139ms)
03-11 14:16:42.340   958   958 I HidlServiceManagement: Removing namespace from process name android.hardware.thermal@2.0-service.qti to thermal@2.0-service.qti.
03-11 14:16:42.340   958   958 I thermal_hal: Thermal HAL Service 2.0 started successfully.
03-11 14:16:42.342   983   983 I HidlServiceManagement: Registered vendor.qti.hardware.cvp@1.0::ICvp/cvphalservice (start delay of 41ms)
03-11 14:16:42.342   983   983 I HidlServiceManagement: Removing namespace from process name vendor.qti.hardware.cvp@1.0-service to cvp@1.0-service.
03-11 14:16:42.351   942   942 D LocSvc_LBSProxy: checkIfLocationExtendedClientExists] File does not Exist
03-11 14:16:42.354   986   986 E vendor.qti.hardware.iop@2.0-service: IIop HAL service main
03-11 14:16:42.356   981   981 I HidlServiceManagement: Registered vendor.qti.hardware.alarm@1.0::IAlarm/default (start delay of 64ms)
