03-11 14:16:42.356   981   981 I HidlServiceManagement: Removing namespace from process name vendor.qti.hardware.alarm@1.0-service to alarm@1.0-service.
03-11 14:16:42.356   981   981 I vendor.qti.hardware.alarm@1.0-service: Registration complete for vendor.qti.hardware.alarm@1.0::IAlarm/default.
03-11 14:16:42.356   982   982 I capabilityconfigstorehal: vendor::qti::hardware::capabilityconfigstore  service starts
03-11 14:16:42.363     0     0 E @4 [drm-dp]: dp_connector_detect: dp_connector_detect:op_dp_enable=0
03-11 14:16:42.363   629   629 I hwservicemanager: Since vendor.qti.hardware.perf@2.2::IPerf/default is not registered, trying to start it as a lazy HAL.
03-11 14:16:42.364   986   986 E ANDR-PERF: IPerf:: Perf HAL Service is not available.
03-11 14:16:42.364   982   982 I capabilityconfigstorehal: start HIDL_FETCH_ICapabilityConfigStore
03-11 14:16:42.364   982   982 I capabilityconfigstorehal: Init of QTI configstorehal
03-11 14:16:42.365   629   629 I hwservicemanager: Since vendor.qti.hardware.perf@2.2::IPerf/default is not registered, trying to start it as a lazy HAL.
03-11 14:16:42.365   986   986 E ANDR-PERF: IPerf:: Perf HAL Service is not available.
03-11 14:16:42.366   986   986 I HidlServiceManagement: Registered vendor.qti.hardware.iop@2.0::IIop/default (start delay of 55ms)
03-11 14:16:42.366   986   986 I HidlServiceManagement: Removing namespace from process name vendor.qti.hardware.iop@2.0-service to iop@2.0-service.
03-11 14:16:42.366   986   986 E vendor.qti.hardware.iop@2.0-service: Registered IIop HAL service success!
03-11 14:16:42.367   942   942 E android.hardware.gnss@2.0-service-qti: open failed: /target: No such file or directory
03-11 14:16:42.367   942   942 W android.hardware.gnss@2.0-service-qti: HAL: loc_get_target returned 3
03-11 14:16:42.369   864   864 I ServiceManager: Waiting for service 'statscompanion' on '/dev/binder'...
03-11 14:16:42.371   990   990 I vendor.qti.hardware.perf@2.2-service: TargetConfig Init Complete
03-11 14:16:42.373   985   985 I HidlServiceManagement: Registered vendor.qti.hardware.display.allocator@3.0::IQtiAllocator/default (start delay of 72ms)
03-11 14:16:42.373   985   985 I HidlServiceManagement: Removing namespace from process name vendor.qti.hardware.display.allocator-service to allocator-service.
03-11 14:16:42.374   985   985 I qdgralloc: Initialized qti-allocator 3
03-11 14:16:42.374   942   942 I HidlServiceManagement: Registered vendor.qti.gnss@3.0::ILocHidlGnss/gnss_vendor (start delay of 203ms)
03-11 14:16:42.374   942   942 I LocSvc_HIDL_vendor.qti.gnss@3.0-service: Registration complete for vendor.qti.gnss@3.0::ILocHidlGnss/gnss_vendor.
03-11 14:16:42.375   943   943 I SDM     : PipeAllocDrm::Init: pipe->type=3 Virtual pipe_id =136
03-11 14:16:42.377   985   985 I HidlServiceManagement: Registered vendor.qti.hardware.display.allocator@4.0::IQtiAllocator/default (start delay of 76ms)
03-11 14:16:42.377   985   985 I HidlServiceManagement: Removing namespace from process name vendor.qti.hardware.display.allocator-service to allocator-service.
03-11 14:16:42.377   985   985 I qdgralloc: Initialized qti-allocator 4
03-11 14:16:42.378   943   943 D SDM     : ToneMapConfigFactory::Create: Creating ToneMapConfigImpl
03-11 14:16:42.381   982   982 I capabilityconfigstorehal: Parsing config for /vendor/etc/configstore/wigig.xml
03-11 14:16:42.381   982   982 E capabilityconfigstorehal: starting to load xml file: '/vendor/etc/configstore/wigig.xml'
03-11 14:16:42.381     0     0 E @1 [drm-dp]: dp_connector_detect: dp_connector_detect:op_dp_enable=0
03-11 14:16:42.381   943   943 W SDM     : DRMConnector::GetInfo: Connector 58 not found.
03-11 14:16:42.381   943   943 I SDM     : HWInfoDRM::GetDisplaysStatus: display:   28-0, connected: true, primary: true
03-11 14:16:42.381   943   943 I SDM     : HWInfoDRM::GetDisplaysStatus: display:   48-2, connected: true, primary: false
03-11 14:16:42.381   943   943 W SDM     : HWInfoDRM::GetDisplaysStatus: Unknown display type = 0 on connector id 58.
03-11 14:16:42.381   943   943 I SDM     : HWInfoDRM::GetDisplaysStatus: display:   58-3, connected: false, primary: false
03-11 14:16:42.382   943   943 I SDM     : CoreInterface::CreateCore: Open interface handle = 0x7853772010
03-11 14:16:42.382   991   991 I HidlServiceManagement: Registered vendor.qti.hardware.qteeconnector@1.0::IAppConnector/default (start delay of 50ms)
03-11 14:16:42.382   982   982 I capabilityconfigstorehal: Parsing config for /vendor/etc/configstore/vpp.configstore.xml
03-11 14:16:42.382   982   982 E capabilityconfigstorehal: starting to load xml file: '/vendor/etc/configstore/vpp.configstore.xml'
03-11 14:16:42.382   991   991 I HidlServiceManagement: Removing namespace from process name vendor.qti.hardware.qteeconnector@1.0-service to qteeconnector@1.0-service.
03-11 14:16:42.383     0     0 I chatty  : uid=0(root) logd identical 1 line
03-11 14:16:42.383   943   943 W SDM     : DRMConnector::GetInfo: Connector 58 not found.
03-11 14:16:42.383   943   943 W SDM     : HWInfoDRM::GetDisplaysStatus: Unknown display type = 0 on connector id 58.
03-11 14:16:42.383   943   943 I SDM     : HWInfoDRM::GetMaxDisplaysSupported: Max 4 concurrent displays.
03-11 14:16:42.383   943   943 I SDM     : HWInfoDRM::GetMaxDisplaysSupported: Max 1 concurrent displays of type 0 (BuiltIn).
03-11 14:16:42.383   943   943 I SDM     : HWInfoDRM::GetMaxDisplaysSupported: Max 2 concurrent displays of type 1 (Pluggable).
03-11 14:16:42.383   943   943 I SDM     : HWInfoDRM::GetMaxDisplaysSupported: Max 1 concurrent displays of type 2 (Virtual).
03-11 14:16:42.383   991   991 I HidlServiceManagement: Registered vendor.qti.hardware.qteeconnector@1.0::IGPAppConnector/default (start delay of 52ms)
03-11 14:16:42.383   991   991 I HidlServiceManagement: Removing namespace from process name vendor.qti.hardware.qteeconnector@1.0-service to qteeconnector@1.0-service.
03-11 14:16:42.385     0     0 E @1 [drm-dp]: dp_connector_detect: dp_connector_detect:op_dp_enable=0
03-11 14:16:42.385   943   943 W SDM     : DRMConnector::GetInfo: Connector 58 not found.
03-11 14:16:42.385   943   943 W SDM     : HWInfoDRM::GetDisplaysStatus: Unknown display type = 0 on connector id 58.
03-11 14:16:42.385   943   943 I SDM     : HWCSession::CreatePrimaryDisplay: Create primary display type = 0, sdm id = 28, client id = 0
03-11 14:16:42.385   943   943 I SDM     : CPUHint::Init: Invalid CPU Hint Pre-enable Window -1
03-11 14:16:42.386   982   982 I HidlServiceManagement: Registered vendor.qti.hardware.capabilityconfigstore@1.0::ICapabilityConfigStore/default (start delay of 94ms)
03-11 14:16:42.386   943   943 I SDM     : NotifyDisplayState counstruct
03-11 14:16:42.386   982   982 I HidlServiceManagement: Removing namespace from process name vendor.qti.hardware.capabilityconfigstore@1.0-service to capabilityconfigstore@1.0-service.
03-11 14:16:42.386   982   982 I LegacySupport: Registration complete for vendor.qti.hardware.capabilityconfigstore@1.0::ICapabilityConfigStore/default.
03-11 14:16:42.386   943   943 I SDM     : HWDeviceDRM::InitializeConfigs: Updating current display mode 0 to preferred mode 0.
03-11 14:16:42.386   943   943 I SDM     : HWDeviceDRM::PopulateDisplayAttributes: Display attributes[0]: WxH: 1440x3120, DPI: 515.154907x514.597412, FPS: 60, LM_SPLIT: 1, V_BACK_PORCH: 1156, V_FRONT_PORCH: 400, V_PULSE_WIDTH: 28, V_TOTAL: 4704, H_TOTAL: 1472, CLK: 187200KHZ, TOPOLOGY: 7
03-11 14:16:42.386   943   943 I SDM     : HWDeviceDRM::PopulateDisplayAttributes: Display attributes[1]: WxH: 1440x3120, DPI: 515.154907x514.597412, FPS: 90, LM_SPLIT: 1, V_BACK_PORCH: 8, V_FRONT_PORCH: 4, V_PULSE_WIDTH: 4, V_TOTAL: 3136, H_TOTAL: 1472, CLK: 187200KHZ, TOPOLOGY: 7
03-11 14:16:42.386   943   943 I SDM     : HWDeviceDRM::PopulateDisplayAttributes: Display attributes[2]: WxH: 1080x2340, DPI: 386.366211x385.948059, FPS: 90, LM_SPLIT: 1, V_BACK_PORCH: 8, V_FRONT_PORCH: 4, V_PULSE_WIDTH: 4, V_TOTAL: 2356, H_TOTAL: 1112, CLK: 105300KHZ, TOPOLOGY: 7
03-11 14:16:42.386   943   943 I SDM     : HWDeviceDRM::PopulateDisplayAttributes: Display attributes[3]: WxH: 1080x2340, DPI: 386.366211x385.948059, FPS: 60, LM_SPLIT: 1, V_BACK_PORCH: 1156, V_FRONT_PORCH: 400, V_PULSE_WIDTH: 28, V_TOTAL: 3924, H_TOTAL: 1112, CLK: 105300KHZ, TOPOLOGY: 7
03-11 14:16:42.386   943   943 I SDM     : HWDeviceDRM::UpdateMixerAttributes: Mixer WxH 1440x3120 for Peripheral
03-11 14:16:42.387   990   990 E vendor.qti.hardware.perf@2.2-service: LM enabled : Loading liblearningmodule.so
03-11 14:16:42.387   943   943 I SDM     : ColorManager::CreateColorManagerProxy: PAV2 version is versions = 11, version = 11 
03-11 14:16:42.393   990   990 I HidlServiceManagement: Registered vendor.qti.hardware.perf@2.2::IPerf/default (start delay of 72ms)
03-11 14:16:42.393   997   997 D vendor.qti.hardware.seccam@1.0-service-qti: SecCam: service starting
03-11 14:16:42.394   990   990 I HidlServiceManagement: Removing namespace from process name vendor.qti.hardware.perf@2.2-service to perf@2.2-service.
03-11 14:16:42.394   990   990 E vendor.qti.hardware.perf@2.2-service: Registered IPerf HAL service success!
03-11 14:16:42.394   998   998 I HidlServiceManagement: Registered vendor.qti.hardware.sensorscalibrate@1.0::ISensorsCalibrate/default (start delay of 53ms)
03-11 14:16:42.394   998   998 I HidlServiceManagement: Removing namespace from process name vendor.qti.hardware.sensorscalibrate@1.0-service to sensorscalibrate@1.0-service.
03-11 14:16:42.394   998   998 I vendor.qti.hardware.sensorscalibrate@1.0-service: Registration complete for vendor.qti.hardware.sensorscalibrate@1.0::ISensorsCalibrate/default.
03-11 14:16:42.397  1008  1008 D vendor.qti.hardware.tui_comm@1.0-service-qti: tui_comm: svc service starting :)
03-11 14:16:42.399   629   947 W libc    : Unable to set property "ctl.interface_start" to "vendor.oneplus.fingerprint.extension@1.0::IVendorFingerprintExtensions/default": error code: 0x20
03-11 14:16:42.402   999   999 I HidlServiceManagement: Registered vendor.qti.hardware.servicetracker@1.2::IServicetracker/default (start delay of 51ms)
03-11 14:16:42.402   999   999 I HidlServiceManagement: Removing namespace from process name vendor.qti.hardware.servicetracker@1.2-service to servicetracker@1.2-service.
03-11 14:16:42.402   999   999 I LegacySupport: Registration complete for vendor.qti.hardware.servicetracker@1.2::IServicetracker/default.
03-11 14:16:42.407  1011  1011 D pasr-manager: Constructor called for PasrManager. Initialize implementation
03-11 14:16:42.407  1011  1011 E pasr-manager: /sys/devices/system/memory(): the path does not exist!
03-11 14:16:42.407  1011  1011 E pasr-manager: Memory hotplug is not enabled. Exiting... 
03-11 14:16:42.412   993   993 I ObjectTracker-hal: Starting with vendor Object Tracker Service
03-11 14:16:42.413  1001  1001 D QSEECOMAPI: QSEECom_get_handle sb_length = 0xa000
03-11 14:16:42.413  1008  1008 I HidlServiceManagement: Registered vendor.qti.hardware.tui_comm@1.0::ITuiComm/default (start delay of 42ms)
03-11 14:16:42.413  1001  1001 D QSEECOMAPI: App is not loaded in QSEE
03-11 14:16:42.413  1008  1008 I HidlServiceManagement: Removing namespace from process name vendor.qti.hardware.tui_comm@1.0-service-qti to tui_comm@1.0-service-qti.
03-11 14:16:42.413  1008  1008 E vendor.qti.hardware.tui_comm@1.0-service-qti: Registered ITuiComm HAL service success!
03-11 14:16:42.414   997   997 I HidlServiceManagement: Registered vendor.qti.hardware.seccam@1.0::ISecCam/default (start delay of 72ms)
03-11 14:16:42.414   997   997 I HidlServiceManagement: Removing namespace from process name vendor.qti.hardware.seccam@1.0-service-qti to seccam@1.0-service-qti.
03-11 14:16:42.414   997   997 E vendor.qti.hardware.seccam@1.0-service-qti: Registered ISecCam HAL service success!
03-11 14:16:42.414  1001  1001 D QSEECOMAPI: app_arch = 2, total_files = 9
03-11 14:16:42.415  1001  1001 E ion     : ioctl c0044901 failed with code -1: Inappropriate ioctl for device
03-11 14:16:42.416   845   858 E QMI_FW  : ctrl_msg_reader_thread: control thread received ENETRESET 102
03-11 14:16:42.416   845   845 E QMI_FW  : xport_lookup: No RX for lookup -1
03-11 14:16:42.417   993   993 I HidlServiceManagement: Registered vendor.qti.hardware.scve.objecttracker@1.0::IObjectTracker/objectTracker (start delay of 85ms)
03-11 14:16:42.417   993   993 I HidlServiceManagement: Removing namespace from process name vendor.qti.hardware.scve.objecttracker@1.0-service to objecttracker@1.0-service.
03-11 14:16:42.418   996   996 I Panorama-hal: Starting with vendor Panorama Service
03-11 14:16:42.420   845   845 D QC-time-services: Daemon:genoff_modem_qmi_init: Initializing QMI 
03-11 14:16:42.421   943   943 I SDM     : DisplayBase::InitializeColorModes: Number of Color Modes = 11
03-11 14:16:42.421  1011  1011 I HidlServiceManagement: Registered vendor.qti.memory.pasrmanager@1.1::IPasrManager/pasrhal (start delay of 50ms)
03-11 14:16:42.421  1011  1011 I HidlServiceManagement: Removing namespace from process name vendor.qti.memory.pasrmanager@1.0-service to pasrmanager@1.0-service.
03-11 14:16:42.421  1011  1011 D vendor.qti.memory.pasrmanager@1.0-service: Registered IPasrManager HAL service success!
03-11 14:16:42.422     0     0 I         : @4 coresight-remote-etm soc:ssc_etm0: Connection established between QMI handle and 8 service
03-11 14:16:42.422   996   996 I HidlServiceManagement: Registered vendor.qti.hardware.scve.panorama@1.0::IPanoramaTracking/panoTracking (start delay of 81ms)
03-11 14:16:42.422     0     0 I @7 sysmon-qmi: ssctl_new_server: Connection established between QMI handle and slpi's SSCTL service
03-11 14:16:42.423   996   996 I HidlServiceManagement: Removing namespace from process name vendor.qti.hardware.scve.panorama@1.0-service to panorama@1.0-service.
03-11 14:16:42.423   958   994 E android.hardware.thermal@2.0-service.qti: read error:0. buf:add@/devices/virtual/thermal/cooling_device18 ACTION=add DEVPATH=/devices/virtual/thermal/cooling_device18 SUBSYSTEM=thermal SEQNUM=7122 
03-11 14:16:42.423     0     0 I @7 sysmon-qmi: ssctl_new_server: Connection established between QMI handle and cdsp's SSCTL service
03-11 14:16:42.423     0     0 I @7 sysmon-qmi: ssctl_new_server: Connection established between QMI handle and adsp's SSCTL service
03-11 14:16:42.424     0     0 I         : @7 coresight-remote-etm soc:turing_etm0: Connection established between QMI handle and 13 service
03-11 14:16:42.424     0     0 I         : @6 coresight-remote-etm soc:audio_etm0: Connection established between QMI handle and 5 service
03-11 14:16:42.424     0     0 E @6 diag : In diag_send_feature_mask_update, control channel is not open, p: 3, 0000000000000000
03-11 14:16:42.424     0     0 E @6 diag : In diag_send_peripheral_buffering_mode, buffering flag not set for 3
03-11 14:16:42.424     0     0 E @4 diag : In diag_send_feature_mask_update, control channel is not open, p: 5, 0000000000000000
03-11 14:16:42.425   958   994 E android.hardware.thermal@2.0-service.qti: read error:0. buf:add@/devices/virtual/thermal/cooling_device19 ACTION=add DEVPATH=/devices/virtual/thermal/cooling_device19 SUBSYSTEM=thermal SEQNUM=7123 
03-11 14:16:42.425   996   996 I HidlServiceManagement: Registered vendor.qti.hardware.scve.panorama@1.0::IPanoramaStitching/panoStitching (start delay of 84ms)
03-11 14:16:42.425  1020  1020 I irsc_util: Starting irsc tool
03-11 14:16:42.425     0     0 E @4 diag : In diag_send_feature_mask_update, control channel is not open, p: 1, 0000000000000000
03-11 14:16:42.425   996   996 I HidlServiceManagement: Removing namespace from process name vendor.qti.hardware.scve.panorama@1.0-service to panorama@1.0-service.
03-11 14:16:42.425   996   996 I Panorama-hal: Panorama Services Registered
03-11 14:16:42.425   845  1029 D QC-time-services: Daemon: Time-services: All initializations done
03-11 14:16:42.425   845  1029 E QC-time-services: Daemon: Time-services: Waiting to acceptconnection
03-11 14:16:42.426   958   994 E android.hardware.thermal@2.0-service.qti: read error:0. buf:add@/devices/virtual/thermal/cooling_device20 ACTION=add DEVPATH=/devices/virtual/thermal/cooling_device20 SUBSYSTEM=thermal SEQNUM=7124 
03-11 14:16:42.426     0     0 E @3 diag : In diag_send_peripheral_buffering_mode, buffering flag not set for 5
03-11 14:16:42.426     0     0 E @5 diag : In diag_send_peripheral_buffering_mode, buffering flag not set for 1
03-11 14:16:42.426  1020  1020 I irsc_util: Num of entries:297
03-11 14:16:42.426  1020  1020 E irsc_util: irsc_feed_config: Security config ioctl failed
03-11 14:16:42.426  1020  1020 I irsc_util: Ending irsc tool
03-11 14:16:42.428   952   952 E hta-unnhal: Failed to load library: libhta_hexagon_runtime.so, error message: dlopen failed: library "libhta_hexagon_runtime.so" not found
03-11 14:16:42.428   952   952 E hta-unnhal: Failed to load functions.
03-11 14:16:42.429   952   952 E android.hardware.neuralnetworks@1.2-service: cannot load function CreateAccelerator
03-11 14:16:42.430   952   952 E android.hardware.neuralnetworks@1.2-service: cannot load function CreateAccelerator
03-11 14:16:42.435  1034  1034 I dashd   : type=1400 audit(0.0:35): avc: denied { read } for name="overcommit_memory" dev="proc" ino=34817 scontext=u:r:dashd:s0 tcontext=u:object_r:proc_overcommit_memory:s0 tclass=file permissive=1
03-11 14:16:42.435  1034  1034 I dashd   : type=1400 audit(0.0:36): avc: denied { open } for path="/proc/sys/vm/overcommit_memory" dev="proc" ino=34817 scontext=u:r:dashd:s0 tcontext=u:object_r:proc_overcommit_memory:s0 tclass=file permissive=1
03-11 14:16:42.436     0     0 I @7 sps  : BAM 0x0000000017184000 (va:0x0000000000000000) enabled: ver:0x19, number of pipes:25
03-11 14:16:42.436     0     0 I @7 sps  : BAM 0x0000000017184000 is registered.
03-11 14:16:42.441   952   952 I HidlServiceManagement: Registered android.hardware.neuralnetworks@1.2::IDevice/qti-default (start delay of 250ms)
03-11 14:16:42.441   952   952 I HidlServiceManagement: Removing namespace from process name android.hardware.neuralnetworks@1.2-service-qti to neuralnetworks@1.2-service-qti.
03-11 14:16:42.441  1014  1014 I vpp-ipc_service: Starting vppservice...
03-11 14:16:42.443   952   952 I HidlServiceManagement: Registered android.hardware.neuralnetworks@1.2::IDevice/qti-gpu (start delay of 251ms)
03-11 14:16:42.443   952   952 I HidlServiceManagement: Removing namespace from process name android.hardware.neuralnetworks@1.2-service-qti to neuralnetworks@1.2-service-qti.
03-11 14:16:42.443     0     0 E @6 dashd: dashd_main enterd
03-11 14:16:42.443     0     0 E @6 dashd: run /system/bin/dashd ENGINE START!
03-11 14:16:42.443     0     0 I @6 FASTCHG: dash_dev_write: fw_ver_count=6528
03-11 14:16:42.443     0     0 E @6 dashd: THREAD is created!
03-11 14:16:42.443     0     0 E @2 dashd: THREAD running
03-11 14:16:42.443     0     0 E @2 dashd: dash read
03-11 14:16:42.444   952   952 I HidlServiceManagement: Registered android.hardware.neuralnetworks@1.2::IDevice/qti-dsp (start delay of 253ms)
03-11 14:16:42.444     0     0 I @7 sps  : BAM 0x0000000017204000 (va:0x0000000000000000) enabled: ver:0x19, number of pipes:13
03-11 14:16:42.444   952   952 I HidlServiceManagement: Removing namespace from process name android.hardware.neuralnetworks@1.2-service-qti to neuralnetworks@1.2-service-qti.
03-11 14:16:42.444     0     0 I @7 sps  : BAM 0x0000000017204000 is registered.
03-11 14:16:42.444  1014  1014 E vpp-tunings: u32VppTunings_ReadExternalTunings (337): unable to open file: /mnt/vendor/persist/vpp/tunings.txt, err=2 (No such file or directory)
03-11 14:16:42.444  1014  1014 E vpp-hcp : u32VppIpHcp_BootModule (4187): unable to initialize tunings
03-11 14:16:42.445   952   952 I HidlServiceManagement: Registered android.hardware.neuralnetworks@1.2::IDevice/qti-hta (start delay of 254ms)
03-11 14:16:42.445   952   952 I HidlServiceManagement: Removing namespace from process name android.hardware.neuralnetworks@1.2-service-qti to neuralnetworks@1.2-service-qti.
03-11 14:16:42.447  1030  1030 I tftp_server: Initializing tftp_server RING buffer
03-11 14:16:42.447  1030  1030 I tftp_server: Starting...
03-11 14:16:42.450  1014  1040 I vppservice: Successfully opened fastrpc_shell_3
03-11 14:16:42.451   866   866 D zygote64: Time zone APEX ICU file found: /apex/com.android.tzdata/etc/icu/icu_tzdata.dat
03-11 14:16:42.452     0     0 E dashd   : type=USB_PD, soc=63, temp=32, vbat=3994, ibat=-21
03-11 14:16:42.455   866   866 D zygote64: I18n APEX ICU file found: /apex/com.android.i18n/etc/icu/icudt66l.dat
03-11 14:16:42.458  1042  1042 E sscrpcd : vendor/qcom/proprietary/sensors-see/sscrpcd/src/sscrpcd.cpp:28:adsp daemon starting
03-11 14:16:42.458  1036  1036 I pd-mapper-svc: Starting pd-mapper service
03-11 14:16:42.459  1036  1036 I pd-mapper-svc: Parsing file :/vendor/firmware_mnt/image/adspr.jsn:
03-11 14:16:42.459  1042  1042 I sscrpcd : remote_handle_open: Successfully opened handle 0x7f for '":;./\attachguestos on domain 2
03-11 14:16:42.459  1036  1036 I pd-mapper-svc: Parsing file :/vendor/firmware_mnt/image/adspua.jsn:
03-11 14:16:42.461  1036  1036 I pd-mapper-svc: Parsing file :/vendor/firmware_mnt/image/cdspr.jsn:
03-11 14:16:42.466  1037  1037 I PerMgrSrv: Adding entry for modem : offTimeout : 500 ackTimeout : 200
03-11 14:16:42.466  1036  1036 I pd-mapper-svc: Parsing file :/vendor/firmware_mnt/image/modemr.jsn:
03-11 14:16:42.468  1036  1036 I pd-mapper-svc: Parsing file :/vendor/firmware_mnt/image/slpir.jsn:
03-11 14:16:42.468  1036  1036 I pd-mapper-svc: Parsing file :/vendor/firmware_mnt/image/slpius.jsn:
03-11 14:16:42.468  1036  1036 I pd-mapper-svc: Parsing file :/vendor/firmware_mnt/image/modemuw.jsn:
03-11 14:16:42.469  1037  1037 I PerMgrSrv: Adding entry for slpi : offTimeout : 5000 ackTimeout : 200
03-11 14:16:42.469   864   864 I ServiceManager: Waiting for service 'statscompanion' on '/dev/binder'...
03-11 14:16:42.469  1037  1037 I PerMgrSrv: Adding entry for spss : offTimeout : 5000 ackTimeout : 200
03-11 14:16:42.470     0     0 I @7 servloc: service_locator_new_server: Connection established with the Service locator
03-11 14:16:42.470  1036  1049 I pd-mapper-svc: Starting servloc server
03-11 14:16:42.470     0     0 I @7 servloc: init_service_locator: Service locator initialized
03-11 14:16:42.472     0     0 E @7 rmt_storage: INFO:check_support_using_libmdm: Modem subsystem found on target!
03-11 14:16:42.472  1023  1023 I vendor.rmt_storage: Modem subsystem found on target!
03-11 14:16:42.473  1023  1023 I vendor.rmt_storage: Shared memory initialised successfully.
03-11 14:16:42.473  1023  1023 I oem_rmts: oem_remote_storage_parse_partitions: Registering oem_dycnvbk: 9, /oem/nvbk/dynamic
03-11 14:16:42.473     0     0 E @7 rmt_storage: INFO:oem_remote_storage_parse_partitions: Registering oem_dycnvbk: 9, /oem/nvbk/dynamic
03-11 14:16:42.473  1023  1023 I oem_rmts: oem_remote_storage_parse_partitions: Registering oem_stanvbk: 10, /oem/nvbk/static
03-11 14:16:42.473     0     0 E @7 rmt_storage: INFO:oem_remote_storage_parse_partitions: Registering oem_stanvbk: 10, /oem/nvbk/static
03-11 14:16:42.473  1037  1037 I PerMgrSrv: Peripheral Mananager service start
03-11 14:16:42.473  1037  1037 I PerMgrSrv: power-off timeout 500,ms; event-ack timeout 200,ms; debug-mode false
03-11 14:16:42.473  1037  1037 I PerMgrSrv: Statistics for : modem
03-11 14:16:42.473  1037  1037 I PerMgrSrv: modem: Current State : is off-line
03-11 14:16:42.473  1037  1037 I PerMgrSrv: modem: Voter/Listener count : 0/0
03-11 14:16:42.473  1037  1037 I PerMgrSrv: modem: Power on count : 0
03-11 14:16:42.473  1037  1037 I PerMgrSrv: modem: Power off count: 0
03-11 14:16:42.473  1037  1037 I PerMgrSrv: modem: Client list:
03-11 14:16:42.473  1037  1037 I PerMgrSrv: Statistics for : slpi
03-11 14:16:42.473  1037  1037 I PerMgrSrv: slpi: Current State : is off-line
03-11 14:16:42.473  1042  1042 I sscrpcd : fastrpc_perf_init: enabled RPC traces (kernel 0, dsp 0) with frequency 1000
03-11 14:16:42.473  1037  1037 I PerMgrSrv: slpi: Voter/Listener count : 0/0
03-11 14:16:42.473  1037  1037 I PerMgrSrv: slpi: Power on count : 0
03-11 14:16:42.473  1037  1037 I PerMgrSrv: slpi: Power off count: 0
03-11 14:16:42.473  1037  1037 I PerMgrSrv: slpi: Client list:
03-11 14:16:42.473  1037  1037 I PerMgrSrv: Statistics for : spss
03-11 14:16:42.473  1037  1037 I PerMgrSrv: spss: Current State : is off-line
03-11 14:16:42.473  1037  1037 I PerMgrSrv: spss: Voter/Listener count : 0/0
03-11 14:16:42.473  1023  1023 I oem_rmts: debug: partition header:OEMNVBK
03-11 14:16:42.473  1037  1037 I PerMgrSrv: spss: Power on count : 0
03-11 14:16:42.473  1037  1037 I PerMgrSrv: spss: Power off count: 0
03-11 14:16:42.473  1037  1037 I PerMgrSrv: spss: Client list:
03-11 14:16:42.473  1023  1023 I vendor.rmt_storage: Registering modemst1: 0x4a /boot/modem_fs1
03-11 14:16:42.473  1023  1023 I vendor.rmt_storage: Registering modemst2: 0x4b /boot/modem_fs2
03-11 14:16:42.474   943   943 W SDM     : DisplayBase::GetColorPrimariesFromAttribute: Native Gamut found, returning default: sRGB
03-11 14:16:42.474  1023  1023 I vendor.rmt_storage: Registering fsc: 0xff /boot/modem_fsc
03-11 14:16:42.474  1023  1023 I vendor.rmt_storage: Registering fsg: 0x58 /boot/modem_fsg
03-11 14:16:42.474  1023  1023 I vendor.rmt_storage: 4 GPT partitions found
03-11 14:16:42.474  1023  1023 I vendor.rmt_storage: Capset success!
03-11 14:16:42.474     0     0 E @7 rmt_storage: INFO:main: Done with init now waiting for messages!
03-11 14:16:42.474  1042  1042 I sscrpcd : remote_handle_open: Successfully opened handle 0xb06d6e10 for adsp_default_listener on domain 2
03-11 14:16:42.474     0     0 I @6 ADSPRPC: audio_pdr_adsprpc is uninitialzed
03-11 14:16:42.474     0     0 I @2 audio_notifer_reg_service: service PDR_ADSP is in use
03-11 14:16:42.475     0     0 I @7 service-notifier: service_notifier_new_server: Connection established between QMI handle and 74 service
03-11 14:16:42.475  1042  1042 I sscrpcd : remote_handle_open: Successfully opened handle 0xb06d2ea0 for adsp_default_listener on domain 2
03-11 14:16:42.475  1042  1042 I sscrpcd : remote_handle_open: Successfully opened handle 0x7 for '":;./\geteventfd on domain 2
03-11 14:16:42.476     0     0 I @7 apr_adsp_up: Q6 is Up
03-11 14:16:42.476     0     0 I @7 iommu: Adding device soc:qcom,msm-audio-apr:qcom,msm-audio-ion to group 59
03-11 14:16:42.480     0     0 I @7 populate_snd_card_dailinks: add smartpa dai link is successful!
03-11 14:16:42.480     0     0 W         : @7 sm8150-asoc-snd soc:qcom,msm-audio-apr:sound-tavil: msm_init_wsa_dev: Max WSA devices is 0 for this target?
03-11 14:16:42.480     0     0 E         : @7 sm8150-asoc-snd soc:qcom,msm-audio-apr:sound-tavil: ASoC: platform /soc/qcom,msm-pcm-voice not registered
03-11 14:16:42.480   629   949 W libc    : Unable to set property "ctl.interface_start" to "vendor.oneplus.fingerprint.extension@1.0::IVendorFingerprintExtensions/default": error code: 0x20
03-11 14:16:42.481     0     0 I @7 populate_snd_card_dailinks: add smartpa dai link is successful!
03-11 14:16:42.481     0     0 W         : @7 sm8150-asoc-snd soc:qcom,msm-audio-apr:sound-tavil: msm_init_wsa_dev: Max WSA devices is 0 for this target?
03-11 14:16:42.481  1037  1053 I PerMgrSrv: QMI service start
03-11 14:16:42.481     0     0 E         : @7 sm8150-asoc-snd soc:qcom,msm-audio-apr:sound-tavil: ASoC: CODEC DAI tavil_rx2 not registered
03-11 14:16:42.482  1014  1040 I vppservice: Successfully created user PD on domain 3 (attrs 0x0, debug_trace 0x0)
03-11 14:16:42.483   867   867 D zygote  : Time zone APEX ICU file found: /apex/com.android.tzdata/etc/icu/icu_tzdata.dat
03-11 14:16:42.483  1014  1040 I vppservice: fastrpc_perf_init: enabled RPC traces (kernel 0, dsp 0) with frequency 1000
03-11 14:16:42.483   629  1002 W libc    : Unable to set property "ctl.interface_start" to "vendor.qti.hardware.perf@2.2::IPerf/default": error code: 0x20
03-11 14:16:42.484   629  1003 W libc    : Unable to set property "ctl.interface_start" to "vendor.qti.hardware.perf@2.2::IPerf/default": error code: 0x20
03-11 14:16:42.484   867   867 D zygote  : I18n APEX ICU file found: /apex/com.android.i18n/etc/icu/icudt66l.dat
03-11 14:16:42.485   937   937 I chatty  : uid=1047(cameraserver) android.hardwar expire 22 lines
03-11 14:16:42.485   937   937 I android.hardwar: type=1400 audit(0.0:183): avc: denied { map } for path="/dev/__properties__/u:object_r:device_config_sys_traced_prop:s0" dev="tmpfs" ino=16048 scontext=u:r:hal_camera_default:s0 tcontext=u:object_r:device_config_sys_traced_prop:s0 tclass=file permissive=1
03-11 14:16:42.485   937   937 I android.hardwar: type=1400 audit(0.0:184): avc: denied { open } for path="/dev/__properties__/u:object_r:device_config_window_manager_native_boot_prop:s0" dev="tmpfs" ino=16049 scontext=u:r:hal_camera_default:s0 tcontext=u:object_r:device_config_window_manager_native_boot_prop:s0 tclass=file permissive=1
03-11 14:16:42.485   937   937 I android.hardwar: type=1400 audit(0.0:185): avc: denied { getattr } for path="/dev/__properties__/u:object_r:device_config_window_manager_native_boot_prop:s0" dev="tmpfs" ino=16049 scontext=u:r:hal_camera_default:s0 tcontext=u:object_r:device_config_window_manager_native_boot_prop:s0 tclass=file permissive=1
03-11 14:16:42.485   937   937 I android.hardwar: type=1400 audit(0.0:186): avc: denied { map } for path="/dev/__properties__/u:object_r:device_config_window_manager_native_boot_prop:s0" dev="tmpfs" ino=16049 scontext=u:r:hal_camera_default:s0 tcontext=u:object_r:device_config_window_manager_native_boot_prop:s0 tclass=file permissive=1
03-11 14:16:42.485   937   937 I android.hardwar: type=1400 audit(0.0:187): avc: denied { open } for path="/dev/__properties__/u:object_r:device_logging_prop:s0" dev="tmpfs" ino=16050 scontext=u:r:hal_camera_default:s0 tcontext=u:object_r:device_logging_prop:s0 tclass=file permissive=1
03-11 14:16:42.485   937   937 I android.hardwar: type=1400 audit(0.0:188): avc: denied { getattr } for path="/dev/__properties__/u:object_r:device_logging_prop:s0" dev="tmpfs" ino=16050 scontext=u:r:hal_camera_default:s0 tcontext=u:object_r:device_logging_prop:s0 tclass=file permissive=1
03-11 14:16:42.485   937   937 I android.hardwar: type=1400 audit(0.0:189): avc: denied { map } for path="/dev/__properties__/u:object_r:device_logging_prop:s0" dev="tmpfs" ino=16050 scontext=u:r:hal_camera_default:s0 tcontext=u:object_r:device_logging_prop:s0 tclass=file permissive=1
03-11 14:16:42.485   937   937 I android.hardwar: type=1400 audit(0.0:190): avc: denied { open } for path="/dev/__properties__/u:object_r:dhcp_prop:s0" dev="tmpfs" ino=16051 scontext=u:r:hal_camera_default:s0 tcontext=u:object_r:dhcp_prop:s0 tclass=file permissive=1
03-11 14:16:42.485   937   937 I android.hardwar: type=1400 audit(0.0:191): avc: denied { getattr } for path="/dev/__properties__/u:object_r:dhcp_prop:s0" dev="tmpfs" ino=16051 scontext=u:r:hal_camera_default:s0 tcontext=u:object_r:dhcp_prop:s0 tclass=file permissive=1
03-11 14:16:42.485   937   937 I android.hardwar: type=1400 audit(0.0:192): avc: denied { map } for path="/dev/__properties__/u:object_r:dhcp_prop:s0" dev="tmpfs" ino=16051 scontext=u:r:hal_camera_default:s0 tcontext=u:object_r:dhcp_prop:s0 tclass=file permissive=1
03-11 14:16:42.485   937   937 I android.hardwar: type=1400 audit(0.0:193): avc: denied { open } for path="/dev/__properties__/u:object_r:dumpstate_options_prop:s0" dev="tmpfs" ino=16052 scontext=u:r:hal_camera_default:s0 tcontext=u:object_r:dumpstate_options_prop:s0 tclass=file permissive=1
03-11 14:16:42.485   937   937 I android.hardwar: type=1400 audit(0.0:194): avc: denied { getattr } for path="/dev/__properties__/u:object_r:dumpstate_options_prop:s0" dev="tmpfs" ino=16052 scontext=u:r:hal_camera_default:s0 tcontext=u:object_r:dumpstate_options_prop:s0 tclass=file permissive=1
03-11 14:16:42.485   937   937 I android.hardwar: type=1400 audit(0.0:195): avc: denied { map } for path="/dev/__properties__/u:object_r:dumpstate_options_prop:s0" dev="tmpfs" ino=16052 scontext=u:r:hal_camera_default:s0 tcontext=u:object_r:dumpstate_options_prop:s0 tclass=file permissive=1
03-11 14:16:42.485   937   937 I android.hardwar: type=1400 audit(0.0:196): avc: denied { open } for path="/dev/__properties__/u:object_r:dumpstate_prop:s0" dev="tmpfs" ino=16053 scontext=u:r:hal_camera_default:s0 tcontext=u:object_r:dumpstate_prop:s0 tclass=file permissive=1
03-11 14:16:42.485   937   937 I android.hardwar: type=1400 audit(0.0:197): avc: denied { getattr } for path="/dev/__properties__/u:object_r:dumpstate_prop:s0" dev="tmpfs" ino=16053 scontext=u:r:hal_camera_default:s0 tcontext=u:object_r:dumpstate_prop:s0 tclass=file permissive=1
03-11 14:16:42.485   937   937 I android.hardwar: type=1400 audit(0.0:198): avc: denied { map } for path="/dev/__properties__/u:object_r:dumpstate_prop:s0" dev="tmpfs" ino=16053 scontext=u:r:hal_camera_default:s0 tcontext=u:object_r:dumpstate_prop:s0 tclass=file permissive=1
03-11 14:16:42.485   937   937 I android.hardwar: type=1400 audit(0.0:199): avc: denied { open } for path="/dev/__properties__/u:object_r:dynamic_system_prop:s0" dev="tmpfs" ino=16054 scontext=u:r:hal_camera_default:s0 tcontext=u:object_r:dynamic_system_prop:s0 tclass=file permissive=1
03-11 14:16:42.485   937   937 I android.hardwar: type=1400 audit(0.0:200): avc: denied { getattr } for path="/dev/__properties__/u:object_r:dynamic_system_prop:s0" dev="tmpfs" ino=16054 scontext=u:r:hal_camera_default:s0 tcontext=u:object_r:dynamic_system_prop:s0 tclass=file permissive=1
03-11 14:16:42.485   937   937 I android.hardwar: type=1400 audit(0.0:201): avc: denied { map } for path="/dev/__properties__/u:object_r:dynamic_system_prop:s0" dev="tmpfs" ino=16054 scontext=u:r:hal_camera_default:s0 tcontext=u:object_r:dynamic_system_prop:s0 tclass=file permissive=1
03-11 14:16:42.485   937   937 I android.hardwar: type=1400 audit(0.0:202): avc: denied { open } for path="/dev/__properties__/u:object_r:exported2_config_prop:s0" dev="tmpfs" ino=16055 scontext=u:r:hal_camera_default:s0 tcontext=u:object_r:exported2_config_prop:s0 tclass=file permissive=1
03-11 14:16:42.485   937   937 I android.hardwar: type=1400 audit(0.0:203): avc: denied { getattr } for path="/dev/__properties__/u:object_r:exported2_config_prop:s0" dev="tmpfs" ino=16055 scontext=u:r:hal_camera_default:s0 tcontext=u:object_r:exported2_config_prop:s0 tclass=file permissive=1
03-11 14:16:42.485   937   937 I android.hardwar: type=1400 audit(0.0:204): avc: denied { map } for path="/dev/__properties__/u:object_r:exported2_config_prop:s0" dev="tmpfs" ino=16055 scontext=u:r:hal_camera_default:s0 tcontext=u:object_r:exported2_config_prop:s0 tclass=file permissive=1
03-11 14:16:42.485   937   937 I android.hardwar: type=1400 audit(0.0:205): avc: denied { open } for path="/dev/__properties__/u:object_r:exported2_radio_prop:s0" dev="tmpfs" ino=16057 scontext=u:r:hal_camera_default:s0 tcontext=u:object_r:exported2_radio_prop:s0 tclass=file permissive=1
03-11 14:16:42.485   937   937 I android.hardwar: type=1400 audit(0.0:206): avc: denied { getattr } for path="/dev/__properties__/u:object_r:exported2_radio_prop:s0" dev="tmpfs" ino=16057 scontext=u:r:hal_camera_default:s0 tcontext=u:object_r:exported2_radio_prop:s0 tclass=file permissive=1
03-11 14:16:42.485   937   937 I android.hardwar: type=1400 audit(0.0:207): avc: denied { map } for path="/dev/__properties__/u:object_r:exported2_radio_prop:s0" dev="tmpfs" ino=16057 scontext=u:r:hal_camera_default:s0 tcontext=u:object_r:exported2_radio_prop:s0 tclass=file permissive=1
03-11 14:16:42.485   937   937 I android.hardwar: type=1400 audit(0.0:208): avc: denied { open } for path="/dev/__properties__/u:object_r:exported2_system_prop:s0" dev="tmpfs" ino=16058 scontext=u:r:hal_camera_default:s0 tcontext=u:object_r:exported2_system_prop:s0 tclass=file permissive=1
03-11 14:16:42.485   937   937 I android.hardwar: type=1400 audit(0.0:209): avc: denied { getattr } for path="/dev/__properties__/u:object_r:exported2_system_prop:s0" dev="tmpfs" ino=16058 scontext=u:r:hal_camera_default:s0 tcontext=u:object_r:exported2_system_prop:s0 tclass=file permissive=1
03-11 14:16:42.485   937   937 I android.hardwar: type=1400 audit(0.0:210): avc: denied { map } for path="/dev/__properties__/u:object_r:exported2_system_prop:s0" dev="tmpfs" ino=16058 scontext=u:r:hal_camera_default:s0 tcontext=u:object_r:exported2_system_prop:s0 tclass=file permissive=1
03-11 14:16:42.485   937   937 I android.hardwar: type=1400 audit(0.0:211): avc: denied { open } for path="/dev/__properties__/u:object_r:exported2_vold_prop:s0" dev="tmpfs" ino=16059 scontext=u:r:hal_camera_default:s0 tcontext=u:object_r:exported2_vold_prop:s0 tclass=file permissive=1
03-11 14:16:42.485   937   937 I android.hardwar: type=1400 audit(0.0:212): avc: denied { getattr } for path="/dev/__properties__/u:object_r:exported2_vold_prop:s0" dev="tmpfs" ino=16059 scontext=u:r:hal_camera_default:s0 tcontext=u:object_r:exported2_vold_prop:s0 tclass=file permissive=1
03-11 14:16:42.485   937   937 I android.hardwar: type=1400 audit(0.0:213): avc: denied { map } for path="/dev/__properties__/u:object_r:exported2_vold_prop:s0" dev="tmpfs" ino=16059 scontext=u:r:hal_camera_default:s0 tcontext=u:object_r:exported2_vold_prop:s0 tclass=file permissive=1
03-11 14:16:42.485   937   937 I android.hardwar: type=1400 audit(0.0:214): avc: denied { open } for path="/dev/__properties__/u:object_r:exported3_default_prop:s0" dev="tmpfs" ino=16060 scontext=u:r:hal_camera_default:s0 tcontext=u:object_r:exported3_default_prop:s0 tclass=file permissive=1
03-11 14:16:42.485   937   937 I android.hardwar: type=1400 audit(0.0:215): avc: denied { getattr } for path="/dev/__properties__/u:object_r:exported3_default_prop:s0" dev="tmpfs" ino=16060 scontext=u:r:hal_camera_default:s0 tcontext=u:object_r:exported3_default_prop:s0 tclass=file permissive=1
03-11 14:16:42.485   937   937 I android.hardwar: type=1400 audit(0.0:216): avc: denied { map } for path="/dev/__properties__/u:object_r:exported3_default_prop:s0" dev="tmpfs" ino=16060 scontext=u:r:hal_camera_default:s0 tcontext=u:object_r:exported3_default_prop:s0 tclass=file permissive=1
03-11 14:16:42.485   937   937 I android.hardwar: type=1400 audit(0.0:217): avc: denied { open } for path="/dev/__properties__/u:object_r:exported3_radio_prop:s0" dev="tmpfs" ino=16061 scontext=u:r:hal_camera_default:s0 tcontext=u:object_r:exported3_radio_prop:s0 tclass=file permissive=1
03-11 14:16:42.485   937   937 I android.hardwar: type=1400 audit(0.0:218): avc: denied { getattr } for path="/dev/__properties__/u:object_r:exported3_radio_prop:s0" dev="tmpfs" ino=16061 scontext=u:r:hal_camera_default:s0 tcontext=u:object_r:exported3_radio_prop:s0 tclass=file permissive=1
03-11 14:16:42.485   937   937 I android.hardwar: type=1400 audit(0.0:219): avc: denied { map } for path="/dev/__properties__/u:object_r:exported3_radio_prop:s0" dev="tmpfs" ino=16061 scontext=u:r:hal_camera_default:s0 tcontext=u:object_r:exported3_radio_prop:s0 tclass=file permissive=1
03-11 14:16:42.485   937   937 I android.hardwar: type=1400 audit(0.0:220): avc: denied { open } for path="/dev/__properties__/u:object_r:exported3_system_prop:s0" dev="tmpfs" ino=16062 scontext=u:r:hal_camera_default:s0 tcontext=u:object_r:exported3_system_prop:s0 tclass=file permissive=1
03-11 14:16:42.485   937   937 I android.hardwar: type=1400 audit(0.0:221): avc: denied { getattr } for path="/dev/__properties__/u:object_r:exported3_system_prop:s0" dev="tmpfs" ino=16062 scontext=u:r:hal_camera_default:s0 tcontext=u:object_r:exported3_system_prop:s0 tclass=file permissive=1
03-11 14:16:42.485   937   937 I android.hardwar: type=1400 audit(0.0:222): avc: denied { map } for path="/dev/__properties__/u:object_r:exported3_system_prop:s0" dev="tmpfs" ino=16062 scontext=u:r:hal_camera_default:s0 tcontext=u:object_r:exported3_system_prop:s0 tclass=file permissive=1
03-11 14:16:42.485   937   937 I android.hardwar: type=1400 audit(0.0:223): avc: denied { open } for path="/dev/__properties__/u:object_r:exported_audio_prop:s0" dev="tmpfs" ino=16063 scontext=u:r:hal_camera_default:s0 tcontext=u:object_r:exported_audio_prop:s0 tclass=file permissive=1
03-11 14:16:42.485   937   937 I android.hardwar: type=1400 audit(0.0:224): avc: denied { getattr } for path="/dev/__properties__/u:object_r:exported_audio_prop:s0" dev="tmpfs" ino=16063 scontext=u:r:hal_camera_default:s0 tcontext=u:object_r:exported_audio_prop:s0 tclass=file permissive=1
03-11 14:16:42.485   937   937 I android.hardwar: type=1400 audit(0.0:225): avc: denied { map } for path="/dev/__properties__/u:object_r:exported_audio_prop:s0" dev="tmpfs" ino=16063 scontext=u:r:hal_camera_default:s0 tcontext=u:object_r:exported_audio_prop:s0 tclass=file permissive=1
03-11 14:16:42.485   937   937 I android.hardwar: type=1400 audit(0.0:226): avc: denied { open } for path="/dev/__properties__/u:object_r:exported_bluetooth_prop:s0" dev="tmpfs" ino=16064 scontext=u:r:hal_camera_default:s0 tcontext=u:object_r:exported_bluetooth_prop:s0 tclass=file permissive=1
03-11 14:16:42.485   937   937 I android.hardwar: type=1400 audit(0.0:227): avc: denied { getattr } for path="/dev/__properties__/u:object_r:exported_bluetooth_prop:s0" dev="tmpfs" ino=16064 scontext=u:r:hal_camera_default:s0 tcontext=u:object_r:exported_bluetooth_prop:s0 tclass=file permissive=1
03-11 14:16:42.485   937   937 I android.hardwar: type=1400 audit(0.0:228): avc: denied { map } for path="/dev/__properties__/u:object_r:exported_bluetooth_prop:s0" dev="tmpfs" ino=16064 scontext=u:r:hal_camera_default:s0 tcontext=u:object_r:exported_bluetooth_prop:s0 tclass=file permissive=1
03-11 14:16:42.488   937   937 I CamX    : [CONFIG][HAL    ] camxhal3module.cpp:413 HAL3Module() ***************************************************
03-11 14:16:42.488   943   943 I SDM     : StrategyImpl::SetIdleTimeoutMs: Idle timeout set to zero for command mode panels
03-11 14:16:42.488   937   937 I CamX    : [CONFIG][HAL    ] camxhal3module.cpp:414 HAL3Module() SHA1:     0ba662fea1da6f1c5ce326c8cb13349034dd0198
03-11 14:16:42.488   937   937 I CamX    : [CONFIG][HAL    ] camxhal3module.cpp:415 HAL3Module() COMMITID: I578eed0a03d901d843203fd70f0ef2a0ff87e6ae
03-11 14:16:42.488   937   937 I CamX    : [CONFIG][HAL    ] camxhal3module.cpp:416 HAL3Module() BUILD TS: 7/7/2018 10:7:10
03-11 14:16:42.488   937   937 I CamX    : [CONFIG][HAL    ] camxhal3module.cpp:417 HAL3Module() ***************************************************
03-11 14:16:42.490  1014  1060 W vppservice: vendor/qcom/proprietary/commonsys-intf/adsprpc/src/apps_std_imp.c:749: Warning: fopen returned 0x2 for file oemconfig.so. (No such file or directory)
03-11 14:16:42.491   943   943 I SDM     : Hdr10PlusModule():35 in the HDR10 Plus module
03-11 14:16:42.491   943   943 I SDM     : Init():118 HDR init done
03-11 14:16:42.491   943   943 I SDM     : HDRIntfClient::GetParameter: Version info is: 2.0
03-11 14:16:42.491   943   943 I SDM     : StrategyImpl::InitializeHdrInfo: HDRLib version = 2.0
03-11 14:16:42.491   943   943 I SDM     : Deinit():130 HDR De-init done
03-11 14:16:42.492   943   943 I SDM     : ColorIntfClient::Init: Init successful
03-11 14:16:42.492   943   943 I SDM     : ResourceImpl::RegisterDisplay: Registering display 28-0 with hw_block 0-0
03-11 14:16:42.493   943   943 I SDM     : Hdr10PlusModule():35 in the HDR10 Plus module
03-11 14:16:42.493   943   943 I SDM     : Init():118 HDR init done
03-11 14:16:42.493   943   943 I SDM     : HDRIntfClient::GetParameter: Version info is: 2.0
03-11 14:16:42.493   943   943 I SDM     : ColorIntfClient::Init: Init successful
03-11 14:16:42.493   943   943 I SDM     : StrategyImpl::SetColorModesInfo: Display = 28-0 Num color modes(blend spaces) = 4
03-11 14:16:42.493   943   943 I SDM     : DisplayBase::Init: disable_hw_recovery_dump_ set to 0
03-11 14:16:42.494   943   943 I SDM     : HWEventsDRM::Init: Setup event handler for display 28-0, CRTC 139, Connector 28
03-11 14:16:42.494   943   943 I SDM     : HWEventsDRM::Init: disable_hw_recovery_ set to 0
03-11 14:16:42.494   943   943 I SDM     : HWCDisplay::UpdateConfigs: num_configs = 4
03-11 14:16:42.494   943   943 I SDM     : HWCDisplay::Init: Display created with id: 0
03-11 14:16:42.494   943   943 I SDM     : DisplayBase::GetColorModes: ColorMode name = CTS
03-11 14:16:42.494   943   943 I SDM     : DisplayBase::GetColorModes: ColorMode name = DCI_P3
03-11 14:16:42.494   943   943 I SDM     : DisplayBase::GetColorModes: ColorMode name = SRGB
03-11 14:16:42.494   943   943 I SDM     : DisplayBase::GetColorModes: ColorMode name = advance_native
03-11 14:16:42.494   943   943 I SDM     : DisplayBase::GetColorModes: ColorMode name = advance_p3
03-11 14:16:42.494   943   943 I SDM     : DisplayBase::GetColorModes: ColorMode name = advance_srgb
03-11 14:16:42.494   943   943 I SDM     : DisplayBase::GetColorModes: ColorMode name = fod_native
03-11 14:16:42.494   943   943 I SDM     : DisplayBase::GetColorModes: ColorMode name = hal_hdr
03-11 14:16:42.494   943   943 I SDM     : DisplayBase::GetColorModes: ColorMode name = sharpness-70
03-11 14:16:42.494   943   943 I SDM     : DisplayBase::GetColorModes: ColorMode name = sharpness0
03-11 14:16:42.494   943   943 I SDM     : DisplayBase::GetColorModes: ColorMode name = zhal_native
03-11 14:16:42.494   943   943 I SDM     : HWCDisplayBuiltIn::Init: Drop redundant drawcycles 0
03-11 14:16:42.494   943   943 W SDM     : HWCDisplayBuiltIn::Init: File '/sys/class/lcd_bias/secure_mode' could not be opened. errno = 2, desc = No such file or directory
03-11 14:16:42.494   943   943 I SDM     : StrategyImpl::SetIdleTimeoutMs: Idle timeout set to zero for command mode panels
03-11 14:16:42.494   943   943 I SDM     : DisplayBase::SetFrameBufferConfig: New framebuffer resolution (1440x3120)
03-11 14:16:42.495   937   937 I android.hardwar: type=1400 audit(0.0:229): avc: denied { open } for path="/dev/__properties__/u:object_r:exported_camera_prop:s0" dev="tmpfs" ino=16065 scontext=u:r:hal_camera_default:s0 tcontext=u:object_r:exported_camera_prop:s0 tclass=file permissive=1
03-11 14:16:42.495   937   937 I android.hardwar: type=1400 audit(0.0:230): avc: denied { getattr } for path="/dev/__properties__/u:object_r:exported_camera_prop:s0" dev="tmpfs" ino=16065 scontext=u:r:hal_camera_default:s0 tcontext=u:object_r:exported_camera_prop:s0 tclass=file permissive=1
03-11 14:16:42.495   937   937 I android.hardwar: type=1400 audit(0.0:231): avc: denied { map } for path="/dev/__properties__/u:object_r:exported_camera_prop:s0" dev="tmpfs" ino=16065 scontext=u:r:hal_camera_default:s0 tcontext=u:object_r:exported_camera_prop:s0 tclass=file permissive=1
03-11 14:16:42.495   937   937 I android.hardwar: type=1400 audit(0.0:232): avc: denied { open } for path="/dev/__properties__/u:object_r:exported_dalvik_prop:s0" dev="tmpfs" ino=16067 scontext=u:r:hal_camera_default:s0 tcontext=u:object_r:exported_dalvik_prop:s0 tclass=file permissive=1
03-11 14:16:42.495   937   937 I android.hardwar: type=1400 audit(0.0:233): avc: denied { getattr } for path="/dev/__properties__/u:object_r:exported_dalvik_prop:s0" dev="tmpfs" ino=16067 scontext=u:r:hal_camera_default:s0 tcontext=u:object_r:exported_dalvik_prop:s0 tclass=file permissive=1
03-11 14:16:42.495   937   937 I android.hardwar: type=1400 audit(0.0:234): avc: denied { map } for path="/dev/__properties__/u:object_r:exported_dalvik_prop:s0" dev="tmpfs" ino=16067 scontext=u:r:hal_camera_default:s0 tcontext=u:object_r:exported_dalvik_prop:s0 tclass=file permissive=1
03-11 14:16:42.495   937   937 I android.hardwar: type=1400 audit(0.0:235): avc: denied { open } for path="/dev/__properties__/u:object_r:exported_ffs_prop:s0" dev="tmpfs" ino=16070 scontext=u:r:hal_camera_default:s0 tcontext=u:object_r:exported_ffs_prop:s0 tclass=file permissive=1
03-11 14:16:42.495   937   937 I android.hardwar: type=1400 audit(0.0:236): avc: denied { getattr } for path="/dev/__properties__/u:object_r:exported_ffs_prop:s0" dev="tmpfs" ino=16070 scontext=u:r:hal_camera_default:s0 tcontext=u:object_r:exported_ffs_prop:s0 tclass=file permissive=1
03-11 14:16:42.495   937   937 I android.hardwar: type=1400 audit(0.0:237): avc: denied { map } for path="/dev/__properties__/u:object_r:exported_ffs_prop:s0" dev="tmpfs" ino=16070 scontext=u:r:hal_camera_default:s0 tcontext=u:object_r:exported_ffs_prop:s0 tclass=file permissive=1
03-11 14:16:42.495   937   937 I android.hardwar: type=1400 audit(0.0:238): avc: denied { open } for path="/dev/__properties__/u:object_r:exported_overlay_prop:s0" dev="tmpfs" ino=16072 scontext=u:r:hal_camera_default:s0 tcontext=u:object_r:exported_overlay_prop:s0 tclass=file permissive=1
03-11 14:16:42.495   937   937 I android.hardwar: type=1400 audit(0.0:239): avc: denied { getattr } for path="/dev/__properties__/u:object_r:exported_overlay_prop:s0" dev="tmpfs" ino=16072 scontext=u:r:hal_camera_default:s0 tcontext=u:object_r:exported_overlay_prop:s0 tclass=file permissive=1
03-11 14:16:42.495   937   937 I android.hardwar: type=1400 audit(0.0:240): avc: denied { map } for path="/dev/__properties__/u:object_r:exported_overlay_prop:s0" dev="tmpfs" ino=16072 scontext=u:r:hal_camera_default:s0 tcontext=u:object_r:exported_overlay_prop:s0 tclass=file permissive=1
03-11 14:16:42.495   937   937 I android.hardwar: type=1400 audit(0.0:241): avc: denied { open } for path="/dev/__properties__/u:object_r:exported_pm_prop:s0" dev="tmpfs" ino=16073 scontext=u:r:hal_camera_default:s0 tcontext=u:object_r:exported_pm_prop:s0 tclass=file permissive=1
