03-12 21:55:11.354   934   934 I android.hardwar: type=1400 audit(0.0:260): avc: denied { map } for path="/dev/__properties__/u:object_r:vendor_ipacm_prop:s0" dev="tmpfs" ino=16744 scontext=u:r:hal_camera_default:s0 tcontext=u:object_r:vendor_ipacm_prop:s0 tclass=file permissive=1
03-12 21:55:11.354   934   934 I android.hardwar: type=1400 audit(0.0:261): avc: denied { open } for path="/dev/__properties__/u:object_r:vendor_km_strongbox_version_prop:s0" dev="tmpfs" ino=16745 scontext=u:r:hal_camera_default:s0 tcontext=u:object_r:vendor_km_strongbox_version_prop:s0 tclass=file permissive=1
03-12 21:55:11.354   934   934 I android.hardwar: type=1400 audit(0.0:262): avc: denied { getattr } for path="/dev/__properties__/u:object_r:vendor_km_strongbox_version_prop:s0" dev="tmpfs" ino=16745 scontext=u:r:hal_camera_default:s0 tcontext=u:object_r:vendor_km_strongbox_version_prop:s0 tclass=file permissive=1
03-12 21:55:11.354   934   934 I android.hardwar: type=1400 audit(0.0:263): avc: denied { map } for path="/dev/__properties__/u:object_r:vendor_km_strongbox_version_prop:s0" dev="tmpfs" ino=16745 scontext=u:r:hal_camera_default:s0 tcontext=u:object_r:vendor_km_strongbox_version_prop:s0 tclass=file permissive=1
03-12 21:55:11.354   934   934 I android.hardwar: type=1400 audit(0.0:264): avc: denied { open } for path="/dev/__properties__/u:object_r:vendor_location_prop:s0" dev="tmpfs" ino=16746 scontext=u:r:hal_camera_default:s0 tcontext=u:object_r:vendor_location_prop:s0 tclass=file permissive=1
03-12 21:55:11.354   934   934 I android.hardwar: type=1400 audit(0.0:265): avc: denied { getattr } for path="/dev/__properties__/u:object_r:vendor_location_prop:s0" dev="tmpfs" ino=16746 scontext=u:r:hal_camera_default:s0 tcontext=u:object_r:vendor_location_prop:s0 tclass=file permissive=1
03-12 21:55:11.354   934   934 I android.hardwar: type=1400 audit(0.0:266): avc: denied { map } for path="/dev/__properties__/u:object_r:vendor_location_prop:s0" dev="tmpfs" ino=16746 scontext=u:r:hal_camera_default:s0 tcontext=u:object_r:vendor_location_prop:s0 tclass=file permissive=1
03-12 21:55:11.354   934   934 I android.hardwar: type=1400 audit(0.0:267): avc: denied { open } for path="/dev/__properties__/u:object_r:vendor_mdm_helper_prop:s0" dev="tmpfs" ino=16747 scontext=u:r:hal_camera_default:s0 tcontext=u:object_r:vendor_mdm_helper_prop:s0 tclass=file permissive=1
03-12 21:55:11.354   934   934 I android.hardwar: type=1400 audit(0.0:268): avc: denied { getattr } for path="/dev/__properties__/u:object_r:vendor_mdm_helper_prop:s0" dev="tmpfs" ino=16747 scontext=u:r:hal_camera_default:s0 tcontext=u:object_r:vendor_mdm_helper_prop:s0 tclass=file permissive=1
03-12 21:55:11.354   934   934 I android.hardwar: type=1400 audit(0.0:269): avc: denied { map } for path="/dev/__properties__/u:object_r:vendor_mdm_helper_prop:s0" dev="tmpfs" ino=16747 scontext=u:r:hal_camera_default:s0 tcontext=u:object_r:vendor_mdm_helper_prop:s0 tclass=file permissive=1
03-12 21:55:11.354   934   934 I android.hardwar: type=1400 audit(0.0:270): avc: denied { open } for path="/dev/__properties__/u:object_r:vendor_memplus_prop:s0" dev="tmpfs" ino=16748 scontext=u:r:hal_camera_default:s0 tcontext=u:object_r:vendor_memplus_prop:s0 tclass=file permissive=1
03-12 21:55:11.354   934   934 I android.hardwar: type=1400 audit(0.0:271): avc: denied { getattr } for path="/dev/__properties__/u:object_r:vendor_memplus_prop:s0" dev="tmpfs" ino=16748 scontext=u:r:hal_camera_default:s0 tcontext=u:object_r:vendor_memplus_prop:s0 tclass=file permissive=1
03-12 21:55:11.354   934   934 I android.hardwar: type=1400 audit(0.0:272): avc: denied { map } for path="/dev/__properties__/u:object_r:vendor_memplus_prop:s0" dev="tmpfs" ino=16748 scontext=u:r:hal_camera_default:s0 tcontext=u:object_r:vendor_memplus_prop:s0 tclass=file permissive=1
03-12 21:55:11.354   934   934 I android.hardwar: type=1400 audit(0.0:273): avc: denied { open } for path="/dev/__properties__/u:object_r:vendor_mm_osal_prop:s0" dev="tmpfs" ino=16749 scontext=u:r:hal_camera_default:s0 tcontext=u:object_r:vendor_mm_osal_prop:s0 tclass=file permissive=1
03-12 21:55:11.354   934   934 I android.hardwar: type=1400 audit(0.0:274): avc: denied { getattr } for path="/dev/__properties__/u:object_r:vendor_mm_osal_prop:s0" dev="tmpfs" ino=16749 scontext=u:r:hal_camera_default:s0 tcontext=u:object_r:vendor_mm_osal_prop:s0 tclass=file permissive=1
03-12 21:55:11.354   934   934 I android.hardwar: type=1400 audit(0.0:275): avc: denied { map } for path="/dev/__properties__/u:object_r:vendor_mm_osal_prop:s0" dev="tmpfs" ino=16749 scontext=u:r:hal_camera_default:s0 tcontext=u:object_r:vendor_mm_osal_prop:s0 tclass=file permissive=1
03-12 21:55:11.354   934   934 I android.hardwar: type=1400 audit(0.0:276): avc: denied { open } for path="/dev/__properties__/u:object_r:vendor_mm_parser_prop:s0" dev="tmpfs" ino=16750 scontext=u:r:hal_camera_default:s0 tcontext=u:object_r:vendor_mm_parser_prop:s0 tclass=file permissive=1
03-12 21:55:11.354   934   934 I android.hardwar: type=1400 audit(0.0:277): avc: denied { getattr } for path="/dev/__properties__/u:object_r:vendor_mm_parser_prop:s0" dev="tmpfs" ino=16750 scontext=u:r:hal_camera_default:s0 tcontext=u:object_r:vendor_mm_parser_prop:s0 tclass=file permissive=1
03-12 21:55:11.354   934   934 I android.hardwar: type=1400 audit(0.0:278): avc: denied { map } for path="/dev/__properties__/u:object_r:vendor_mm_parser_prop:s0" dev="tmpfs" ino=16750 scontext=u:r:hal_camera_default:s0 tcontext=u:object_r:vendor_mm_parser_prop:s0 tclass=file permissive=1
03-12 21:55:11.354   934   934 I android.hardwar: type=1400 audit(0.0:279): avc: denied { open } for path="/dev/__properties__/u:object_r:vendor_mm_video_prop:s0" dev="tmpfs" ino=16751 scontext=u:r:hal_camera_default:s0 tcontext=u:object_r:vendor_mm_video_prop:s0 tclass=file permissive=1
03-12 21:55:11.354   934   934 I android.hardwar: type=1400 audit(0.0:280): avc: denied { getattr } for path="/dev/__properties__/u:object_r:vendor_mm_video_prop:s0" dev="tmpfs" ino=16751 scontext=u:r:hal_camera_default:s0 tcontext=u:object_r:vendor_mm_video_prop:s0 tclass=file permissive=1
03-12 21:55:11.354   934   934 I android.hardwar: type=1400 audit(0.0:281): avc: denied { map } for path="/dev/__properties__/u:object_r:vendor_mm_video_prop:s0" dev="tmpfs" ino=16751 scontext=u:r:hal_camera_default:s0 tcontext=u:object_r:vendor_mm_video_prop:s0 tclass=file permissive=1
03-12 21:55:11.354   934   934 I android.hardwar: type=1400 audit(0.0:282): avc: denied { open } for path="/dev/__properties__/u:object_r:vendor_mmi_prop:s0" dev="tmpfs" ino=16752 scontext=u:r:hal_camera_default:s0 tcontext=u:object_r:vendor_mmi_prop:s0 tclass=file permissive=1
03-12 21:55:11.354   934   934 I android.hardwar: type=1400 audit(0.0:283): avc: denied { getattr } for path="/dev/__properties__/u:object_r:vendor_mmi_prop:s0" dev="tmpfs" ino=16752 scontext=u:r:hal_camera_default:s0 tcontext=u:object_r:vendor_mmi_prop:s0 tclass=file permissive=1
03-12 21:55:11.354   934   934 I android.hardwar: type=1400 audit(0.0:284): avc: denied { map } for path="/dev/__properties__/u:object_r:vendor_mmi_prop:s0" dev="tmpfs" ino=16752 scontext=u:r:hal_camera_default:s0 tcontext=u:object_r:vendor_mmi_prop:s0 tclass=file permissive=1
03-12 21:55:11.354   934   934 I android.hardwar: type=1400 audit(0.0:285): avc: denied { open } for path="/dev/__properties__/u:object_r:vendor_modem_diag_prop:s0" dev="tmpfs" ino=16753 scontext=u:r:hal_camera_default:s0 tcontext=u:object_r:vendor_modem_diag_prop:s0 tclass=file permissive=1
03-12 21:55:11.354   934   934 I android.hardwar: type=1400 audit(0.0:286): avc: denied { getattr } for path="/dev/__properties__/u:object_r:vendor_modem_diag_prop:s0" dev="tmpfs" ino=16753 scontext=u:r:hal_camera_default:s0 tcontext=u:object_r:vendor_modem_diag_prop:s0 tclass=file permissive=1
03-12 21:55:11.354   934   934 I android.hardwar: type=1400 audit(0.0:287): avc: denied { map } for path="/dev/__properties__/u:object_r:vendor_modem_diag_prop:s0" dev="tmpfs" ino=16753 scontext=u:r:hal_camera_default:s0 tcontext=u:object_r:vendor_modem_diag_prop:s0 tclass=file permissive=1
03-12 21:55:11.354   934   934 I android.hardwar: type=1400 audit(0.0:288): avc: denied { open } for path="/dev/__properties__/u:object_r:vendor_mpctl_prop:s0" dev="tmpfs" ino=16754 scontext=u:r:hal_camera_default:s0 tcontext=u:object_r:vendor_mpctl_prop:s0 tclass=file permissive=1
03-12 21:55:11.354   934   934 I android.hardwar: type=1400 audit(0.0:289): avc: denied { getattr } for path="/dev/__properties__/u:object_r:vendor_mpctl_prop:s0" dev="tmpfs" ino=16754 scontext=u:r:hal_camera_default:s0 tcontext=u:object_r:vendor_mpctl_prop:s0 tclass=file permissive=1
03-12 21:55:11.354   934   934 I android.hardwar: type=1400 audit(0.0:290): avc: denied { map } for path="/dev/__properties__/u:object_r:vendor_mpctl_prop:s0" dev="tmpfs" ino=16754 scontext=u:r:hal_camera_default:s0 tcontext=u:object_r:vendor_mpctl_prop:s0 tclass=file permissive=1
03-12 21:55:11.354   934   934 I android.hardwar: type=1400 audit(0.0:291): avc: denied { open } for path="/dev/__properties__/u:object_r:vendor_msm_irqbalance_prop:s0" dev="tmpfs" ino=16755 scontext=u:r:hal_camera_default:s0 tcontext=u:object_r:vendor_msm_irqbalance_prop:s0 tclass=file permissive=1
03-12 21:55:11.354   934   934 I android.hardwar: type=1400 audit(0.0:292): avc: denied { getattr } for path="/dev/__properties__/u:object_r:vendor_msm_irqbalance_prop:s0" dev="tmpfs" ino=16755 scontext=u:r:hal_camera_default:s0 tcontext=u:object_r:vendor_msm_irqbalance_prop:s0 tclass=file permissive=1
03-12 21:55:11.354   934   934 I android.hardwar: type=1400 audit(0.0:293): avc: denied { map } for path="/dev/__properties__/u:object_r:vendor_msm_irqbalance_prop:s0" dev="tmpfs" ino=16755 scontext=u:r:hal_camera_default:s0 tcontext=u:object_r:vendor_msm_irqbalance_prop:s0 tclass=file permissive=1
03-12 21:55:11.354   934   934 I android.hardwar: type=1400 audit(0.0:294): avc: denied { open } for path="/dev/__properties__/u:object_r:vendor_mwqem_prop:s0" dev="tmpfs" ino=16756 scontext=u:r:hal_camera_default:s0 tcontext=u:object_r:vendor_mwqem_prop:s0 tclass=file permissive=1
03-12 21:55:11.354   934   934 I android.hardwar: type=1400 audit(0.0:295): avc: denied { getattr } for path="/dev/__properties__/u:object_r:vendor_mwqem_prop:s0" dev="tmpfs" ino=16756 scontext=u:r:hal_camera_default:s0 tcontext=u:object_r:vendor_mwqem_prop:s0 tclass=file permissive=1
03-12 21:55:11.354   934   934 I android.hardwar: type=1400 audit(0.0:296): avc: denied { map } for path="/dev/__properties__/u:object_r:vendor_mwqem_prop:s0" dev="tmpfs" ino=16756 scontext=u:r:hal_camera_default:s0 tcontext=u:object_r:vendor_mwqem_prop:s0 tclass=file permissive=1
03-12 21:55:11.354   934   934 I android.hardwar: type=1400 audit(0.0:297): avc: denied { open } for path="/dev/__properties__/u:object_r:vendor_nfc_nq_prop:s0" dev="tmpfs" ino=16757 scontext=u:r:hal_camera_default:s0 tcontext=u:object_r:vendor_nfc_nq_prop:s0 tclass=file permissive=1
03-12 21:55:11.354   934   934 I android.hardwar: type=1400 audit(0.0:298): avc: denied { getattr } for path="/dev/__properties__/u:object_r:vendor_nfc_nq_prop:s0" dev="tmpfs" ino=16757 scontext=u:r:hal_camera_default:s0 tcontext=u:object_r:vendor_nfc_nq_prop:s0 tclass=file permissive=1
03-12 21:55:11.354   934   934 I android.hardwar: type=1400 audit(0.0:299): avc: denied { map } for path="/dev/__properties__/u:object_r:vendor_nfc_nq_prop:s0" dev="tmpfs" ino=16757 scontext=u:r:hal_camera_default:s0 tcontext=u:object_r:vendor_nfc_nq_prop:s0 tclass=file permissive=1
03-12 21:55:11.354   934   934 I android.hardwar: type=1400 audit(0.0:300): avc: denied { open } for path="/dev/__properties__/u:object_r:vendor_nfc_prop:s0" dev="tmpfs" ino=16758 scontext=u:r:hal_camera_default:s0 tcontext=u:object_r:vendor_nfc_prop:s0 tclass=file permissive=1
03-12 21:55:11.354   934   934 I android.hardwar: type=1400 audit(0.0:301): avc: denied { getattr } for path="/dev/__properties__/u:object_r:vendor_nfc_prop:s0" dev="tmpfs" ino=16758 scontext=u:r:hal_camera_default:s0 tcontext=u:object_r:vendor_nfc_prop:s0 tclass=file permissive=1
03-12 21:55:11.354   934   934 I android.hardwar: type=1400 audit(0.0:302): avc: denied { map } for path="/dev/__properties__/u:object_r:vendor_nfc_prop:s0" dev="tmpfs" ino=16758 scontext=u:r:hal_camera_default:s0 tcontext=u:object_r:vendor_nfc_prop:s0 tclass=file permissive=1
03-12 21:55:11.354   934   934 I android.hardwar: type=1400 audit(0.0:303): avc: denied { open } for path="/dev/__properties__/u:object_r:vendor_opengles_prop:s0" dev="tmpfs" ino=16759 scontext=u:r:hal_camera_default:s0 tcontext=u:object_r:vendor_opengles_prop:s0 tclass=file permissive=1
03-12 21:55:11.354   934   934 I android.hardwar: type=1400 audit(0.0:304): avc: denied { getattr } for path="/dev/__properties__/u:object_r:vendor_opengles_prop:s0" dev="tmpfs" ino=16759 scontext=u:r:hal_camera_default:s0 tcontext=u:object_r:vendor_opengles_prop:s0 tclass=file permissive=1
03-12 21:55:11.354   934   934 I android.hardwar: type=1400 audit(0.0:305): avc: denied { map } for path="/dev/__properties__/u:object_r:vendor_opengles_prop:s0" dev="tmpfs" ino=16759 scontext=u:r:hal_camera_default:s0 tcontext=u:object_r:vendor_opengles_prop:s0 tclass=file permissive=1
03-12 21:55:11.354   934   934 I android.hardwar: type=1400 audit(0.0:306): avc: denied { open } for path="/dev/__properties__/u:object_r:vendor_pasr_prop:s0" dev="tmpfs" ino=16760 scontext=u:r:hal_camera_default:s0 tcontext=u:object_r:vendor_pasr_prop:s0 tclass=file permissive=1
03-12 21:55:11.354   934   934 I android.hardwar: type=1400 audit(0.0:307): avc: denied { getattr } for path="/dev/__properties__/u:object_r:vendor_pasr_prop:s0" dev="tmpfs" ino=16760 scontext=u:r:hal_camera_default:s0 tcontext=u:object_r:vendor_pasr_prop:s0 tclass=file permissive=1
03-12 21:55:11.354   934   934 I android.hardwar: type=1400 audit(0.0:308): avc: denied { map } for path="/dev/__properties__/u:object_r:vendor_pasr_prop:s0" dev="tmpfs" ino=16760 scontext=u:r:hal_camera_default:s0 tcontext=u:object_r:vendor_pasr_prop:s0 tclass=file permissive=1
03-12 21:55:11.354   934   934 I android.hardwar: type=1400 audit(0.0:309): avc: denied { open } for path="/dev/__properties__/u:object_r:vendor_pd_locater_dbg_prop:s0" dev="tmpfs" ino=16761 scontext=u:r:hal_camera_default:s0 tcontext=u:object_r:vendor_pd_locater_dbg_prop:s0 tclass=file permissive=1
03-12 21:55:11.354   934   934 I android.hardwar: type=1400 audit(0.0:310): avc: denied { getattr } for path="/dev/__properties__/u:object_r:vendor_pd_locater_dbg_prop:s0" dev="tmpfs" ino=16761 scontext=u:r:hal_camera_default:s0 tcontext=u:object_r:vendor_pd_locater_dbg_prop:s0 tclass=file permissive=1
03-12 21:55:11.354   934   934 I android.hardwar: type=1400 audit(0.0:311): avc: denied { map } for path="/dev/__properties__/u:object_r:vendor_pd_locater_dbg_prop:s0" dev="tmpfs" ino=16761 scontext=u:r:hal_camera_default:s0 tcontext=u:object_r:vendor_pd_locater_dbg_prop:s0 tclass=file permissive=1
03-12 21:55:11.354   934   934 I android.hardwar: type=1400 audit(0.0:312): avc: denied { open } for path="/dev/__properties__/u:object_r:vendor_per_mgr_state_prop:s0" dev="tmpfs" ino=16762 scontext=u:r:hal_camera_default:s0 tcontext=u:object_r:vendor_per_mgr_state_prop:s0 tclass=file permissive=1
03-12 21:55:11.354   934   934 I android.hardwar: type=1400 audit(0.0:313): avc: denied { getattr } for path="/dev/__properties__/u:object_r:vendor_per_mgr_state_prop:s0" dev="tmpfs" ino=16762 scontext=u:r:hal_camera_default:s0 tcontext=u:object_r:vendor_per_mgr_state_prop:s0 tclass=file permissive=1
03-12 21:55:11.354   934   934 I android.hardwar: type=1400 audit(0.0:314): avc: denied { map } for path="/dev/__properties__/u:object_r:vendor_per_mgr_state_prop:s0" dev="tmpfs" ino=16762 scontext=u:r:hal_camera_default:s0 tcontext=u:object_r:vendor_per_mgr_state_prop:s0 tclass=file permissive=1
03-12 21:55:11.354   934   934 I android.hardwar: type=1400 audit(0.0:315): avc: denied { open } for path="/dev/__properties__/u:object_r:vendor_persist_camera_prop:s0" dev="tmpfs" ino=16763 scontext=u:r:hal_camera_default:s0 tcontext=u:object_r:vendor_persist_camera_prop:s0 tclass=file permissive=1
03-12 21:55:11.354   934   934 I android.hardwar: type=1400 audit(0.0:316): avc: denied { getattr } for path="/dev/__properties__/u:object_r:vendor_persist_camera_prop:s0" dev="tmpfs" ino=16763 scontext=u:r:hal_camera_default:s0 tcontext=u:object_r:vendor_persist_camera_prop:s0 tclass=file permissive=1
03-12 21:55:11.354   934   934 I android.hardwar: type=1400 audit(0.0:317): avc: denied { map } for path="/dev/__properties__/u:object_r:vendor_persist_camera_prop:s0" dev="tmpfs" ino=16763 scontext=u:r:hal_camera_default:s0 tcontext=u:object_r:vendor_persist_camera_prop:s0 tclass=file permissive=1
03-12 21:55:11.354   934   934 I android.hardwar: type=1400 audit(0.0:318): avc: denied { open } for path="/dev/__properties__/u:object_r:vendor_qcc_prop:s0" dev="tmpfs" ino=16766 scontext=u:r:hal_camera_default:s0 tcontext=u:object_r:vendor_qcc_prop:s0 tclass=file permissive=1
03-12 21:55:11.354   934   934 I android.hardwar: type=1400 audit(0.0:319): avc: denied { getattr } for path="/dev/__properties__/u:object_r:vendor_qcc_prop:s0" dev="tmpfs" ino=16766 scontext=u:r:hal_camera_default:s0 tcontext=u:object_r:vendor_qcc_prop:s0 tclass=file permissive=1
03-12 21:55:11.354   934   934 I android.hardwar: type=1400 audit(0.0:320): avc: denied { map } for path="/dev/__properties__/u:object_r:vendor_qcc_prop:s0" dev="tmpfs" ino=16766 scontext=u:r:hal_camera_default:s0 tcontext=u:object_r:vendor_qcc_prop:s0 tclass=file permissive=1
03-12 21:55:11.354   934   934 I android.hardwar: type=1400 audit(0.0:321): avc: denied { open } for path="/dev/__properties__/u:object_r:vendor_qcom_wlan_prop:s0" dev="tmpfs" ino=16767 scontext=u:r:hal_camera_default:s0 tcontext=u:object_r:vendor_qcom_wlan_prop:s0 tclass=file permissive=1
03-12 21:55:11.354   934   934 I android.hardwar: type=1400 audit(0.0:322): avc: denied { getattr } for path="/dev/__properties__/u:object_r:vendor_qcom_wlan_prop:s0" dev="tmpfs" ino=16767 scontext=u:r:hal_camera_default:s0 tcontext=u:object_r:vendor_qcom_wlan_prop:s0 tclass=file permissive=1
03-12 21:55:11.354   934   934 I android.hardwar: type=1400 audit(0.0:323): avc: denied { map } for path="/dev/__properties__/u:object_r:vendor_qcom_wlan_prop:s0" dev="tmpfs" ino=16767 scontext=u:r:hal_camera_default:s0 tcontext=u:object_r:vendor_qcom_wlan_prop:s0 tclass=file permissive=1
03-12 21:55:11.354   934   934 I android.hardwar: type=1400 audit(0.0:324): avc: denied { open } for path="/dev/__properties__/u:object_r:vendor_qdcmss_prop:s0" dev="tmpfs" ino=16768 scontext=u:r:hal_camera_default:s0 tcontext=u:object_r:vendor_qdcmss_prop:s0 tclass=file permissive=1
03-12 21:55:11.354   934   934 I android.hardwar: type=1400 audit(0.0:325): avc: denied { getattr } for path="/dev/__properties__/u:object_r:vendor_qdcmss_prop:s0" dev="tmpfs" ino=16768 scontext=u:r:hal_camera_default:s0 tcontext=u:object_r:vendor_qdcmss_prop:s0 tclass=file permissive=1
03-12 21:55:11.354   934   934 I android.hardwar: type=1400 audit(0.0:326): avc: denied { map } for path="/dev/__properties__/u:object_r:vendor_qdcmss_prop:s0" dev="tmpfs" ino=16768 scontext=u:r:hal_camera_default:s0 tcontext=u:object_r:vendor_qdcmss_prop:s0 tclass=file permissive=1
03-12 21:55:11.354   934   934 I android.hardwar: type=1400 audit(0.0:327): avc: denied { open } for path="/dev/__properties__/u:object_r:vendor_qspm_dbg_prop:s0" dev="tmpfs" ino=16769 scontext=u:r:hal_camera_default:s0 tcontext=u:object_r:vendor_qspm_dbg_prop:s0 tclass=file permissive=1
03-12 21:55:11.354   934   934 I android.hardwar: type=1400 audit(0.0:328): avc: denied { getattr } for path="/dev/__properties__/u:object_r:vendor_qspm_dbg_prop:s0" dev="tmpfs" ino=16769 scontext=u:r:hal_camera_default:s0 tcontext=u:object_r:vendor_qspm_dbg_prop:s0 tclass=file permissive=1
03-12 21:55:11.354   934   934 I android.hardwar: type=1400 audit(0.0:329): avc: denied { map } for path="/dev/__properties__/u:object_r:vendor_qspm_dbg_prop:s0" dev="tmpfs" ino=16769 scontext=u:r:hal_camera_default:s0 tcontext=u:object_r:vendor_qspm_dbg_prop:s0 tclass=file permissive=1
03-12 21:55:11.354   934   934 I android.hardwar: type=1400 audit(0.0:330): avc: denied { getattr } for path="/dev/__properties__/u:object_r:vendor_qspm_prop:s0" dev="tmpfs" ino=16770 scontext=u:r:hal_camera_default:s0 tcontext=u:object_r:vendor_qspm_prop:s0 tclass=file permissive=1
03-12 21:55:11.354   934   934 I android.hardwar: type=1400 audit(0.0:331): avc: denied { map } for path="/dev/__properties__/u:object_r:vendor_qspm_prop:s0" dev="tmpfs" ino=16770 scontext=u:r:hal_camera_default:s0 tcontext=u:object_r:vendor_qspm_prop:s0 tclass=file permissive=1
03-12 21:55:11.354   934   934 I android.hardwar: type=1400 audit(0.0:332): avc: denied { open } for path="/dev/__properties__/u:object_r:vendor_qvr_persist_prop:s0" dev="tmpfs" ino=16771 scontext=u:r:hal_camera_default:s0 tcontext=u:object_r:vendor_qvr_persist_prop:s0 tclass=file permissive=1
03-12 21:55:11.354   934   934 I android.hardwar: type=1400 audit(0.0:333): avc: denied { getattr } for path="/dev/__properties__/u:object_r:vendor_qvr_persist_prop:s0" dev="tmpfs" ino=16771 scontext=u:r:hal_camera_default:s0 tcontext=u:object_r:vendor_qvr_persist_prop:s0 tclass=file permissive=1
03-12 21:55:11.354   934   934 I android.hardwar: type=1400 audit(0.0:334): avc: denied { map } for path="/dev/__properties__/u:object_r:vendor_qvr_persist_prop:s0" dev="tmpfs" ino=16771 scontext=u:r:hal_camera_default:s0 tcontext=u:object_r:vendor_qvr_persist_prop:s0 tclass=file permissive=1
03-12 21:55:11.354   934   934 I android.hardwar: type=1400 audit(0.0:335): avc: denied { open } for path="/dev/__properties__/u:object_r:vendor_qvr_prop:s0" dev="tmpfs" ino=16772 scontext=u:r:hal_camera_default:s0 tcontext=u:object_r:vendor_qvr_prop:s0 tclass=file permissive=1
03-12 21:55:11.354   934   934 I android.hardwar: type=1400 audit(0.0:336): avc: denied { getattr } for path="/dev/__properties__/u:object_r:vendor_qvr_prop:s0" dev="tmpfs" ino=16772 scontext=u:r:hal_camera_default:s0 tcontext=u:object_r:vendor_qvr_prop:s0 tclass=file permissive=1
03-12 21:55:11.354   934   934 I android.hardwar: type=1400 audit(0.0:337): avc: denied { map } for path="/dev/__properties__/u:object_r:vendor_qvr_prop:s0" dev="tmpfs" ino=16772 scontext=u:r:hal_camera_default:s0 tcontext=u:object_r:vendor_qvr_prop:s0 tclass=file permissive=1
03-12 21:55:11.354   934   934 I android.hardwar: type=1400 audit(0.0:338): avc: denied { map } for path="/dev/__properties__/u:object_r:vendor_radio_prop:s0" dev="tmpfs" ino=16775 scontext=u:r:hal_camera_default:s0 tcontext=u:object_r:vendor_radio_prop:s0 tclass=file permissive=1
03-12 21:55:11.354   934   934 I android.hardwar: type=1400 audit(0.0:339): avc: denied { open } for path="/dev/__properties__/u:object_r:vendor_ramdump_prop:s0" dev="tmpfs" ino=16776 scontext=u:r:hal_camera_default:s0 tcontext=u:object_r:vendor_ramdump_prop:s0 tclass=file permissive=1
03-12 21:55:11.354   934   934 I android.hardwar: type=1400 audit(0.0:340): avc: denied { getattr } for path="/dev/__properties__/u:object_r:vendor_ramdump_prop:s0" dev="tmpfs" ino=16776 scontext=u:r:hal_camera_default:s0 tcontext=u:object_r:vendor_ramdump_prop:s0 tclass=file permissive=1
03-12 21:55:11.354   934   934 I android.hardwar: type=1400 audit(0.0:341): avc: denied { map } for path="/dev/__properties__/u:object_r:vendor_ramdump_prop:s0" dev="tmpfs" ino=16776 scontext=u:r:hal_camera_default:s0 tcontext=u:object_r:vendor_ramdump_prop:s0 tclass=file permissive=1
03-12 21:55:11.354   934   934 I android.hardwar: type=1400 audit(0.0:342): avc: denied { open } for path="/dev/__properties__/u:object_r:vendor_reschedule_service_prop:s0" dev="tmpfs" ino=16777 scontext=u:r:hal_camera_default:s0 tcontext=u:object_r:vendor_reschedule_service_prop:s0 tclass=file permissive=1
03-12 21:55:11.354   934   934 I android.hardwar: type=1400 audit(0.0:343): avc: denied { getattr } for path="/dev/__properties__/u:object_r:vendor_reschedule_service_prop:s0" dev="tmpfs" ino=16777 scontext=u:r:hal_camera_default:s0 tcontext=u:object_r:vendor_reschedule_service_prop:s0 tclass=file permissive=1
03-12 21:55:11.354   934   934 I android.hardwar: type=1400 audit(0.0:344): avc: denied { map } for path="/dev/__properties__/u:object_r:vendor_reschedule_service_prop:s0" dev="tmpfs" ino=16777 scontext=u:r:hal_camera_default:s0 tcontext=u:object_r:vendor_reschedule_service_prop:s0 tclass=file permissive=1
03-12 21:55:11.354   934   934 I android.hardwar: type=1400 audit(0.0:345): avc: denied { open } for path="/dev/__properties__/u:object_r:vendor_scroll_prop:s0" dev="tmpfs" ino=16778 scontext=u:r:hal_camera_default:s0 tcontext=u:object_r:vendor_scroll_prop:s0 tclass=file permissive=1
03-12 21:55:11.354   934   934 I android.hardwar: type=1400 audit(0.0:346): avc: denied { getattr } for path="/dev/__properties__/u:object_r:vendor_scroll_prop:s0" dev="tmpfs" ino=16778 scontext=u:r:hal_camera_default:s0 tcontext=u:object_r:vendor_scroll_prop:s0 tclass=file permissive=1
03-12 21:55:11.354   934   934 I android.hardwar: type=1400 audit(0.0:347): avc: denied { map } for path="/dev/__properties__/u:object_r:vendor_scroll_prop:s0" dev="tmpfs" ino=16778 scontext=u:r:hal_camera_default:s0 tcontext=u:object_r:vendor_scroll_prop:s0 tclass=file permissive=1
03-12 21:55:11.354   934   934 I android.hardwar: type=1400 audit(0.0:348): avc: denied { getattr } for path="/dev/__properties__/u:object_r:vendor_sensors_dbg_prop:s0" dev="tmpfs" ino=16780 scontext=u:r:hal_camera_default:s0 tcontext=u:object_r:vendor_sensors_dbg_prop:s0 tclass=file permissive=1
03-12 21:55:11.354   934   934 I android.hardwar: type=1400 audit(0.0:349): avc: denied { map } for path="/dev/__properties__/u:object_r:vendor_sensors_dbg_prop:s0" dev="tmpfs" ino=16780 scontext=u:r:hal_camera_default:s0 tcontext=u:object_r:vendor_sensors_dbg_prop:s0 tclass=file permissive=1
03-12 21:55:11.354   934   934 I android.hardwar: type=1400 audit(0.0:350): avc: denied { open } for path="/dev/__properties__/u:object_r:vendor_sensors_prop:s0" dev="tmpfs" ino=16781 scontext=u:r:hal_camera_default:s0 tcontext=u:object_r:vendor_sensors_prop:s0 tclass=file permissive=1
03-12 21:55:11.354   934   934 I android.hardwar: type=1400 audit(0.0:351): avc: denied { getattr } for path="/dev/__properties__/u:object_r:vendor_sensors_prop:s0" dev="tmpfs" ino=16781 scontext=u:r:hal_camera_default:s0 tcontext=u:object_r:vendor_sensors_prop:s0 tclass=file permissive=1
03-12 21:55:11.354   934   934 I android.hardwar: type=1400 audit(0.0:352): avc: denied { map } for path="/dev/__properties__/u:object_r:vendor_sensors_prop:s0" dev="tmpfs" ino=16781 scontext=u:r:hal_camera_default:s0 tcontext=u:object_r:vendor_sensors_prop:s0 tclass=file permissive=1
03-12 21:55:11.354   934   934 I android.hardwar: type=1400 audit(0.0:353): avc: denied { open } for path="/dev/__properties__/u:object_r:vendor_slm_prop:s0" dev="tmpfs" ino=16782 scontext=u:r:hal_camera_default:s0 tcontext=u:object_r:vendor_slm_prop:s0 tclass=file permissive=1
03-12 21:55:11.354   934   934 I android.hardwar: type=1400 audit(0.0:354): avc: denied { getattr } for path="/dev/__properties__/u:object_r:vendor_slm_prop:s0" dev="tmpfs" ino=16782 scontext=u:r:hal_camera_default:s0 tcontext=u:object_r:vendor_slm_prop:s0 tclass=file permissive=1
03-12 21:55:11.354   934   934 I android.hardwar: type=1400 audit(0.0:355): avc: denied { map } for path="/dev/__properties__/u:object_r:vendor_slm_prop:s0" dev="tmpfs" ino=16782 scontext=u:r:hal_camera_default:s0 tcontext=u:object_r:vendor_slm_prop:s0 tclass=file permissive=1
03-12 21:55:11.354   934   934 I android.hardwar: type=1400 audit(0.0:356): avc: denied { open } for path="/dev/__properties__/u:object_r:vendor_soc_name_prop:s0" dev="tmpfs" ino=16784 scontext=u:r:hal_camera_default:s0 tcontext=u:object_r:vendor_soc_name_prop:s0 tclass=file permissive=1
03-12 21:55:11.354   934   934 I android.hardwar: type=1400 audit(0.0:357): avc: denied { getattr } for path="/dev/__properties__/u:object_r:vendor_soc_name_prop:s0" dev="tmpfs" ino=16784 scontext=u:r:hal_camera_default:s0 tcontext=u:object_r:vendor_soc_name_prop:s0 tclass=file permissive=1
03-12 21:55:11.354   934   934 I android.hardwar: type=1400 audit(0.0:358): avc: denied { map } for path="/dev/__properties__/u:object_r:vendor_soc_name_prop:s0" dev="tmpfs" ino=16784 scontext=u:r:hal_camera_default:s0 tcontext=u:object_r:vendor_soc_name_prop:s0 tclass=file permissive=1
03-12 21:55:11.354   934   934 I android.hardwar: type=1400 audit(0.0:359): avc: denied { open } for path="/dev/__properties__/u:object_r:vendor_spcomlib_prop:s0" dev="tmpfs" ino=16786 scontext=u:r:hal_camera_default:s0 tcontext=u:object_r:vendor_spcomlib_prop:s0 tclass=file permissive=1
03-12 21:55:11.354   934   934 I android.hardwar: type=1400 audit(0.0:360): avc: denied { getattr } for path="/dev/__properties__/u:object_r:vendor_spcomlib_prop:s0" dev="tmpfs" ino=16786 scontext=u:r:hal_camera_default:s0 tcontext=u:object_r:vendor_spcomlib_prop:s0 tclass=file permissive=1
03-12 21:55:11.354   934   934 I android.hardwar: type=1400 audit(0.0:361): avc: denied { map } for path="/dev/__properties__/u:object_r:vendor_spcomlib_prop:s0" dev="tmpfs" ino=16786 scontext=u:r:hal_camera_default:s0 tcontext=u:object_r:vendor_spcomlib_prop:s0 tclass=file permissive=1
03-12 21:55:11.354   934   934 I android.hardwar: type=1400 audit(0.0:362): avc: denied { open } for path="/dev/__properties__/u:object_r:vendor_ssr_prop:s0" dev="tmpfs" ino=16787 scontext=u:r:hal_camera_default:s0 tcontext=u:object_r:vendor_ssr_prop:s0 tclass=file permissive=1
03-12 21:55:11.354   934   934 I android.hardwar: type=1400 audit(0.0:363): avc: denied { getattr } for path="/dev/__properties__/u:object_r:vendor_ssr_prop:s0" dev="tmpfs" ino=16787 scontext=u:r:hal_camera_default:s0 tcontext=u:object_r:vendor_ssr_prop:s0 tclass=file permissive=1
03-12 21:55:11.354   934   934 I android.hardwar: type=1400 audit(0.0:364): avc: denied { map } for path="/dev/__properties__/u:object_r:vendor_ssr_prop:s0" dev="tmpfs" ino=16787 scontext=u:r:hal_camera_default:s0 tcontext=u:object_r:vendor_ssr_prop:s0 tclass=file permissive=1
03-12 21:55:11.354   934   934 I android.hardwar: type=1400 audit(0.0:365): avc: denied { open } for path="/dev/__properties__/u:object_r:vendor_sxr_prop:s0" dev="tmpfs" ino=16788 scontext=u:r:hal_camera_default:s0 tcontext=u:object_r:vendor_sxr_prop:s0 tclass=file permissive=1
03-12 21:55:11.354   934   934 I android.hardwar: type=1400 audit(0.0:366): avc: denied { getattr } for path="/dev/__properties__/u:object_r:vendor_sxr_prop:s0" dev="tmpfs" ino=16788 scontext=u:r:hal_camera_default:s0 tcontext=u:object_r:vendor_sxr_prop:s0 tclass=file permissive=1
03-12 21:55:11.354   934   934 I android.hardwar: type=1400 audit(0.0:367): avc: denied { map } for path="/dev/__properties__/u:object_r:vendor_sxr_prop:s0" dev="tmpfs" ino=16788 scontext=u:r:hal_camera_default:s0 tcontext=u:object_r:vendor_sxr_prop:s0 tclass=file permissive=1
03-12 21:55:11.354   934   934 I android.hardwar: type=1400 audit(0.0:368): avc: denied { open } for path="/dev/__properties__/u:object_r:vendor_sys_video_prop:s0" dev="tmpfs" ino=16789 scontext=u:r:hal_camera_default:s0 tcontext=u:object_r:vendor_sys_video_prop:s0 tclass=file permissive=1
03-12 21:55:11.354   934   934 I android.hardwar: type=1400 audit(0.0:369): avc: denied { getattr } for path="/dev/__properties__/u:object_r:vendor_sys_video_prop:s0" dev="tmpfs" ino=16789 scontext=u:r:hal_camera_default:s0 tcontext=u:object_r:vendor_sys_video_prop:s0 tclass=file permissive=1
03-12 21:55:11.354   934   934 I android.hardwar: type=1400 audit(0.0:370): avc: denied { map } for path="/dev/__properties__/u:object_r:vendor_sys_video_prop:s0" dev="tmpfs" ino=16789 scontext=u:r:hal_camera_default:s0 tcontext=u:object_r:vendor_sys_video_prop:s0 tclass=file permissive=1
03-12 21:55:11.354   934   934 I android.hardwar: type=1400 audit(0.0:371): avc: denied { open } for path="/dev/__properties__/u:object_r:vendor_system_prop:s0" dev="tmpfs" ino=16790 scontext=u:r:hal_camera_default:s0 tcontext=u:object_r:vendor_system_prop:s0 tclass=file permissive=1
03-12 21:55:11.354   934   934 I android.hardwar: type=1400 audit(0.0:372): avc: denied { getattr } for path="/dev/__properties__/u:object_r:vendor_system_prop:s0" dev="tmpfs" ino=16790 scontext=u:r:hal_camera_default:s0 tcontext=u:object_r:vendor_system_prop:s0 tclass=file permissive=1
03-12 21:55:11.354   934   934 I android.hardwar: type=1400 audit(0.0:373): avc: denied { map } for path="/dev/__properties__/u:object_r:vendor_system_prop:s0" dev="tmpfs" ino=16790 scontext=u:r:hal_camera_default:s0 tcontext=u:object_r:vendor_system_prop:s0 tclass=file permissive=1
03-12 21:55:11.354   934   934 I android.hardwar: type=1400 audit(0.0:374): avc: denied { open } for path="/dev/__properties__/u:object_r:vendor_tee_listener_prop:s0" dev="tmpfs" ino=16791 scontext=u:r:hal_camera_default:s0 tcontext=u:object_r:vendor_tee_listener_prop:s0 tclass=file permissive=1
03-12 21:55:11.354   934   934 I android.hardwar: type=1400 audit(0.0:375): avc: denied { getattr } for path="/dev/__properties__/u:object_r:vendor_tee_listener_prop:s0" dev="tmpfs" ino=16791 scontext=u:r:hal_camera_default:s0 tcontext=u:object_r:vendor_tee_listener_prop:s0 tclass=file permissive=1
03-12 21:55:11.354   934   934 I android.hardwar: type=1400 audit(0.0:376): avc: denied { map } for path="/dev/__properties__/u:object_r:vendor_tee_listener_prop:s0" dev="tmpfs" ino=16791 scontext=u:r:hal_camera_default:s0 tcontext=u:object_r:vendor_tee_listener_prop:s0 tclass=file permissive=1
03-12 21:55:11.354   934   934 I android.hardwar: type=1400 audit(0.0:377): avc: denied { open } for path="/dev/__properties__/u:object_r:vendor_thermal_prop:s0" dev="tmpfs" ino=16792 scontext=u:r:hal_camera_default:s0 tcontext=u:object_r:vendor_thermal_prop:s0 tclass=file permissive=1
03-12 21:55:11.354   934   934 I android.hardwar: type=1400 audit(0.0:378): avc: denied { getattr } for path="/dev/__properties__/u:object_r:vendor_thermal_prop:s0" dev="tmpfs" ino=16792 scontext=u:r:hal_camera_default:s0 tcontext=u:object_r:vendor_thermal_prop:s0 tclass=file permissive=1
03-12 21:55:11.354   934   934 I android.hardwar: type=1400 audit(0.0:379): avc: denied { map } for path="/dev/__properties__/u:object_r:vendor_thermal_prop:s0" dev="tmpfs" ino=16792 scontext=u:r:hal_camera_default:s0 tcontext=u:object_r:vendor_thermal_prop:s0 tclass=file permissive=1
03-12 21:55:11.354   934   934 I android.hardwar: type=1400 audit(0.0:380): avc: denied { getattr } for path="/dev/__properties__/u:object_r:vendor_time_service_prop:s0" dev="tmpfs" ino=16793 scontext=u:r:hal_camera_default:s0 tcontext=u:object_r:vendor_time_service_prop:s0 tclass=file permissive=1
03-12 21:55:11.354   934   934 I android.hardwar: type=1400 audit(0.0:381): avc: denied { open } for path="/dev/__properties__/u:object_r:vendor_wfd_service_prop:s0" dev="tmpfs" ino=16796 scontext=u:r:hal_camera_default:s0 tcontext=u:object_r:vendor_wfd_service_prop:s0 tclass=file permissive=1
03-12 21:55:11.354   934   934 I android.hardwar: type=1400 audit(0.0:382): avc: denied { getattr } for path="/dev/__properties__/u:object_r:vendor_wfd_service_prop:s0" dev="tmpfs" ino=16796 scontext=u:r:hal_camera_default:s0 tcontext=u:object_r:vendor_wfd_service_prop:s0 tclass=file permissive=1
03-12 21:55:11.354   934   934 I android.hardwar: type=1400 audit(0.0:383): avc: denied { open } for path="/dev/__properties__/u:object_r:vendor_wifi_version:s0" dev="tmpfs" ino=16800 scontext=u:r:hal_camera_default:s0 tcontext=u:object_r:vendor_wifi_version:s0 tclass=file permissive=1
03-12 21:55:11.354   934   934 I android.hardwar: type=1400 audit(0.0:384): avc: denied { open } for path="/dev/__properties__/u:object_r:vendor_xlat_prop:s0" dev="tmpfs" ino=16804 scontext=u:r:hal_camera_default:s0 tcontext=u:object_r:vendor_xlat_prop:s0 tclass=file permissive=1
03-12 21:55:11.354   934   934 I android.hardwar: type=1400 audit(0.0:385): avc: denied { open } for path="/dev/__properties__/u:object_r:wifi_prop:s0" dev="tmpfs" ino=16809 scontext=u:r:hal_camera_default:s0 tcontext=u:object_r:wifi_prop:s0 tclass=file permissive=1
03-12 21:55:11.354     0     0 I @5 msm_vidc: err: This control 980928 is not supported yet
03-12 21:55:11.354  1012  1071 I vppservice: fastrpc_perf_init: enabled RPC traces (kernel 0, dsp 0) with frequency 1000
03-12 21:55:11.354     0     0 I msm_vidc: fw: <VFW_E:HostDr:unkn:--------:->
03-12 21:55:11.354  1010  1010 I QC2Comp : codec capability queried!
03-12 21:55:11.354     0     0 I msm_vidc: fw: <VFW_E:HostDr:unkn:--------:->
03-12 21:55:11.355  1010  1010 I QC2V4l2Driver: [c2.qti.avc.decoder] Closed device driver with fd: 7
03-12 21:55:11.355  1010  1010 I QC2CompStore: Added capabilities for c2.qti.avc.decoder
03-12 21:55:11.355  1010  1010 I QC2V4l2Driver: [c2.qti.avc.decoder.low_latency] Device /dev/video32 opened with fd: 7
03-12 21:55:11.359   629   629 I hwservicemanager: getTransport: Cannot find entry android.hardware.audio.effect@6.0::IEffectsFactory/default in either framework or device manifest.
03-12 21:55:11.359  1012  1084 W vppservice: vendor/qcom/proprietary/commonsys-intf/adsprpc/src/apps_std_imp.c:749: Warning: fopen returned 0x2 for file oemconfig.so. (No such file or directory)
03-12 21:55:11.359     0     0 I @4 msm_vidc: fw: <VFW_E:HostDr:unkn:--------:-> VenusHostDriver_SetSysProperty(1009): QC_IMAGE_VERSION_STRING=VIDEO.IR.1.2-00031-PROD-1.261943.2
03-12 21:55:11.359     0     0 I @4 msm_vidc: fw: <VFW_E:HostDr:unkn:--------:-> VenusHostDriver_SetSysProperty(1012): BUILD_TIME: Mar 13 2020 03:11:24
03-12 21:55:11.360     0     0 I @7 msm_vidc: err: This control 980928 is not supported yet
03-12 21:55:11.360     0     0 I msm_vidc: fw: <VFW_E:HostDr:unkn:--------:->
03-12 21:55:11.360     0     0 I msm_vidc: fw: <VFW_E:HostDr:unkn:--------:->
03-12 21:55:11.360  1010  1010 I QC2Comp : codec capability queried!
03-12 21:55:11.360  1043  1043 E Dolphin : [JR10:1][GFAR10:0][GFAR20:0][PHR:0]
03-12 21:55:11.360     0     0 I @7 slimbus: 1 laddr:0xcf, EAPC:0x1:0x50
03-12 21:55:11.361     0     0 I wcd-slim tavil-slim-pgd: wcd9xxx_slim_device_up: slim device up, dev_up = 1
03-12 21:55:11.361     0     0 I @5 slimbus: 1 laddr:0xce, EAPC:0x0:0x50
03-12 21:55:11.362  1010  1010 I QC2V4l2Driver: [c2.qti.avc.decoder.low_latency] Closed device driver with fd: 7
03-12 21:55:11.362  1010  1010 I QC2CompStore: Added capabilities for c2.qti.avc.decoder.low_latency
03-12 21:55:11.362  1010  1010 I QC2V4l2Driver: [c2.qti.avc.decoder.secure] Device /dev/video32 opened with fd: 7
03-12 21:55:11.362  1012  1084 W vppservice: vendor/qcom/proprietary/commonsys-intf/adsprpc/src/apps_std_imp.c:749: Warning: fopen returned 0x2 for file testsig-0x9491e122.so. (No such file or directory)
03-12 21:55:11.362  1012  1084 W vppservice: vendor/qcom/proprietary/commonsys-intf/adsprpc/src/apps_std_imp.c:749: Warning: fopen returned 0x2 for file testsig.so. (No such file or directory)
03-12 21:55:11.363  1036  1036 I ServiceManager: Waiting for service 'media.metrics' on '/dev/binder'...
03-12 21:55:11.363     0     0 W @4 audit: audit_lost=1 audit_rate_limit=0 audit_backlog_limit=64
03-12 21:55:11.363     0     0 E @4 audit: backlog limit exceeded
03-12 21:55:11.363     0     0 W @4 audit: audit_backlog=65 > audit_backlog_limit=64
03-12 21:55:11.363     0     0 W @4 audit: audit_lost=2 audit_rate_limit=0 audit_backlog_limit=64
03-12 21:55:11.363     0     0 E @4 audit: backlog limit exceeded
03-12 21:55:11.363     0     0 W @4 audit: audit_backlog=65 > audit_backlog_limit=64
03-12 21:55:11.363     0     0 W @4 audit: audit_lost=3 audit_rate_limit=0 audit_backlog_limit=64
03-12 21:55:11.363     0     0 E @4 audit: backlog limit exceeded
03-12 21:55:11.363     0     0 W @4 audit: audit_backlog=65 > audit_backlog_limit=64
03-12 21:55:11.364  1043  1043 I SurfaceFlinger: SurfaceFlinger's main thread ready to run. Initializing graphics H/W...
03-12 21:55:11.364  1043  1043 D RenderEngine: RenderEngine GLES Backend
03-12 21:55:11.364     0     0 W audit   : audit_backlog=65 > audit_backlog_limit=64
03-12 21:55:11.364     0     0 I         : @7 wcd-slim tavil-slim-pgd: wcd934x_get_cdc_info: wcd9xxx chip id major 0x108, minor 0x1
03-12 21:55:11.365     0     0 I @6 msm_vidc: fw: <VFW_E:HostDr:unkn:--------:-> VenusHostDriver_SetSysProperty(1009): QC_IMAGE_VERSION_STRING=VIDEO.IR.1.2-00031-PROD-1.261943.2
03-12 21:55:11.365     0     0 I @6 msm_vidc: fw: <VFW_E:HostDr:unkn:--------:-> VenusHostDriver_SetSysProperty(1012): BUILD_TIME: Mar 13 2020 03:11:24
03-12 21:55:11.365     0     0 I msm_vidc: fw: <VFW_E:HostDr:unkn:--------:->
03-12 21:55:11.365     0     0 I msm_vidc: fw: <VFW_E:HostDr:unkn:--------:->
03-12 21:55:11.366     0     0 I @6 msm_vidc: err: This control 980928 is not supported yet
03-12 21:55:11.366  1043  1043 D libEGL  : loaded /vendor/lib64/egl/libEGL_adreno.so
03-12 21:55:11.367  1010  1010 I QC2Comp : codec capability queried!
03-12 21:55:11.368  1010  1010 I QC2V4l2Driver: [c2.qti.avc.decoder.secure] Closed device driver with fd: 7
03-12 21:55:11.368  1010  1010 I QC2CompStore: Added capabilities for c2.qti.avc.decoder.secure
03-12 21:55:11.368  1010  1010 I QC2V4l2Driver: [c2.qti.avc.encoder] Device /dev/video33 opened with fd: 7
03-12 21:55:11.368  1010  1010 E QC2V4l2Driver: [c2.qti.avc.encoder] failed to set buffer size limit to 4
03-12 21:55:11.368     0     0 I @7 populate_snd_card_dailinks: add smartpa dai link is successful!
03-12 21:55:11.368   866   866 I zygote  : Using memfd for future sealing
03-12 21:55:11.369     0     0 I @6 msm_vidc: fw: <VFW_E:HostDr:unkn:--------:-> VenusHostDriver_SetSysProperty(1009): QC_IMAGE_VERSION_STRING=VIDEO.IR.1.2-00031-PROD-1.261943.2
03-12 21:55:11.369     0     0 I @6 msm_vidc: fw: <VFW_E:HostDr:unkn:--------:->
03-12 21:55:11.369     0     0 I @6 msm_vidc: fw: <VFW_E:HostDr:unkn:--------:-> VenusHostDriver_SetSysProperty(1012): BUILD_TIME: Mar 13 2020 03:11:24
03-12 21:55:11.369     0     0 E         : @7 sm8150-asoc-snd soc:qcom,msm-audio-apr:sound-tavil: ASoC: CODEC DAI tavil_rx2 not registered
03-12 21:55:11.369     0     0 W sm8150-asoc-snd soc: qcom,msm-audio-apr:sound-tavil: msm_init_wsa_dev: Max WSA devices is 0 for this target?
03-12 21:55:11.369     0     0 I msm_vidc: fw: <VFW_E:HostDr:unkn:--------:->
03-12 21:55:11.369     0     0 I @7 msm_vidc: err: This control 980927 is not supported yet
03-12 21:55:11.369  1010  1010 I QC2Comp : codec capability queried!
03-12 21:55:11.370  1012  1071 I vppservice: remote_handle64_open: Successfully opened handle 0xeccf5910 for file:///libhcp_rpc_skel.so?hcp_rpc_skel_handle_invoke&_modver=1.0&_dom=cdsp on domain 3
03-12 21:55:11.370   934   934 E CamX    : [ERROR][CSL    ] camxcslhwinternal.cpp:2963 CSLHwInternalDefaultIoctl() Ioctl failed for device /dev/v4l-subdev17 (Type:CSLHwImageSensor, FD:28, Index:0) with error reason Bad address
03-12 21:55:11.370   934   934 E CamX    : [ERROR][CSL    ] camxcslhwinternal.cpp:2963 CSLHwInternalDefaultIoctl() Ioctl failed for device /dev/v4l-subdev18 (Type:CSLHwImageSensor, FD:29, Index:1) with error reason Bad address
03-12 21:55:11.370   934   934 E CamX    : [ERROR][CSL    ] camxcslhwinternal.cpp:2963 CSLHwInternalDefaultIoctl() Ioctl failed for device /dev/v4l-subdev19 (Type:CSLHwImageSensor, FD:30, Index:2) with error reason Bad address
03-12 21:55:11.370  1010  1010 I QC2V4l2Driver: [c2.qti.avc.encoder] Closed device driver with fd: 7
03-12 21:55:11.370   934   934 E CamX    : [ERROR][CSL    ] camxcslhwinternal.cpp:2963 CSLHwInternalDefaultIoctl() Ioctl failed for device /dev/v4l-subdev20 (Type:CSLHwImageSensor, FD:31, Index:3) with error reason Bad address
03-12 21:55:11.370   934   934 E CamX    : [ERROR][CSL    ] camxcslhwinternal.cpp:2963 CSLHwInternalDefaultIoctl() Ioctl failed for device /dev/v4l-subdev21 (Type:CSLHwImageSensor, FD:32, Index:4) with error reason Bad address
03-12 21:55:11.370   934   934 E CamX    : [ERROR][CSL    ] camxcslhwinternal.cpp:2963 CSLHwInternalDefaultIoctl() Ioctl failed for device /dev/v4l-subdev22 (Type:CSLHwImageSensor, FD:33, Index:5) with error reason Bad address
03-12 21:55:11.370   934   934 E CamX    : [ERROR][CSL    ] camxcslhwinternal.cpp:2963 CSLHwInternalDefaultIoctl() Ioctl failed for device /dev/v4l-subdev23 (Type:CSLHwImageSensor, FD:34, Index:6) with error reason Bad address
03-12 21:55:11.370  1010  1010 I QC2CompStore: Added capabilities for c2.qti.avc.encoder
03-12 21:55:11.370  1010  1010 I QC2V4l2Driver: [c2.qti.heic.encoder] Device /dev/video33 opened with fd: 7
03-12 21:55:11.371   865   865 I zygote64: Using memfd for future sealing
03-12 21:55:11.371  1012  1071 E vpp-hcp : u32VppIpHcp_TuningLoad (522): pstGlobal->pvTunings is null. Returning: VPP_OK
03-12 21:55:11.371  1012  1071 E vpp-hcp : bVppIpHcp_IsTuningLoadComplete (666): pstGlobal->pvTunings is null. Returning: VPP_TRUE
03-12 21:55:11.372  1010  1010 E QC2V4l2Driver: [c2.qti.heic.encoder] failed to set buffer size limit to 4
03-12 21:55:11.373  1012  1012 I HidlServiceManagement: Registered vendor.qti.hardware.vpp@1.3::IHidlVppService/vppService (start delay of 182ms)
03-12 21:55:11.373     0     0 I @3 msm_vidc: fw: <VFW_E:HostDr:unkn:--------:-> VenusHostDriver_SetSysProperty(1009): QC_IMAGE_VERSION_STRING=VIDEO.IR.1.2-00031-PROD-1.261943.2
03-12 21:55:11.373     0     0 I @3 msm_vidc: fw: <VFW_E:HostDr:unkn:--------:-> VenusHostDriver_SetSysProperty(1012): BUILD_TIME: Mar 13 2020 03:11:24
03-12 21:55:11.373     0     0 I @7 msm_vidc: err: This control 980927 is not supported yet
03-12 21:55:11.374  1012  1012 I vpp-ipc_service: dynamic hal is disabled
03-12 21:55:11.374     0     0 I msm_vidc: fw: <VFW_E:HostDr:unkn:--------:->
03-12 21:55:11.374     0     0 I msm_vidc: fw: <VFW_E:HostDr:unkn:--------:->
03-12 21:55:11.374  1010  1010 I QC2Comp : codec capability queried!
03-12 21:55:11.375  1010  1010 I QC2V4l2Driver: [c2.qti.heic.encoder] Closed device driver with fd: 7
03-12 21:55:11.375  1010  1010 I QC2CompStore: Added capabilities for c2.qti.heic.encoder
03-12 21:55:11.375  1010  1010 I QC2V4l2Driver: [c2.qti.hevc.decoder] Device /dev/video32 opened with fd: 7
03-12 21:55:11.378     0     0 I @5 msm_vidc: fw: <VFW_E:HostDr:unkn:--------:-> VenusHostDriver_SetSysProperty(1009): QC_IMAGE_VERSION_STRING=VIDEO.IR.1.2-00031-PROD-1.261943.2
03-12 21:55:11.378     0     0 I @5 msm_vidc: fw: <VFW_E:HostDr:unkn:--------:-> VenusHostDriver_SetSysProperty(1012): BUILD_TIME: Mar 13 2020 03:11:24
03-12 21:55:11.378     0     0 I @7 msm_vidc: err: This control 980928 is not supported yet
03-12 21:55:11.378     0     0 I msm_vidc: fw: <VFW_E:HostDr:unkn:--------:->
03-12 21:55:11.378     0     0 I msm_vidc: fw: <VFW_E:HostDr:unkn:--------:->
03-12 21:55:11.378  1010  1010 I QC2Comp : codec capability queried!
03-12 21:55:11.379  1010  1010 I QC2V4l2Driver: [c2.qti.hevc.decoder] Closed device driver with fd: 7
03-12 21:55:11.379  1010  1010 I QC2CompStore: Added capabilities for c2.qti.hevc.decoder
03-12 21:55:11.379  1010  1010 I QC2V4l2Driver: [c2.qti.hevc.decoder.secure] Device /dev/video32 opened with fd: 7
03-12 21:55:11.382     0     0 W         : @4 cam-a5 ac00000.qcom,a5: loading /vendor/firmware_mnt/image/CAMERA_ICP.elf failed with error -13
03-12 21:55:11.382     0     0 I @5 msm_vidc: fw: <VFW_E:HostDr:unkn:--------:-> VenusHostDriver_SetSysProperty(1009): QC_IMAGE_VERSION_STRING=VIDEO.IR.1.2-00031-PROD-1.261943.2
03-12 21:55:11.382     0     0 I @5 msm_vidc: fw: <VFW_E:HostDr:unkn:--------:-> VenusHostDriver_SetSysProperty(1012): BUILD_TIME: Mar 13 2020 03:11:24
03-12 21:55:11.382     0     0 I msm_vidc: fw: <VFW_E:HostDr:unkn:--------:->
03-12 21:55:11.382     0     0 I msm_vidc: fw: <VFW_E:HostDr:unkn:--------:->
03-12 21:55:11.382     0     0 I @5 msm_vidc: err: This control 980928 is not supported yet
03-12 21:55:11.383  1010  1010 I QC2Comp : codec capability queried!
03-12 21:55:11.384     0     0 I @4 ueventd: firmware: loading 'CAMERA_ICP.elf' for '/devices/platform/soc/ac00000.qcom,a5/firmware/CAMERA_ICP.elf'
03-12 21:55:11.387  1010  1010 I QC2V4l2Driver: [c2.qti.hevc.decoder.secure] Closed device driver with fd: 7
03-12 21:55:11.387  1010  1010 I QC2CompStore: Added capabilities for c2.qti.hevc.decoder.secure
03-12 21:55:11.387  1010  1010 I QC2V4l2Driver: [c2.qti.hevc.encoder] Device /dev/video33 opened with fd: 7
03-12 21:55:11.393  1010  1010 E QC2V4l2Driver: [c2.qti.hevc.encoder] failed to set buffer size limit to 4
03-12 21:55:11.393     0     0 I @6 msm_vidc: fw: <VFW_E:HostDr:unkn:--------:-> VenusHostDriver_SetSysProperty(1009): QC_IMAGE_VERSION_STRING=VIDEO.IR.1.2-00031-PROD-1.261943.2
03-12 21:55:11.393     0     0 I @6 msm_vidc: fw: <VFW_E:HostDr:unkn:--------:-> VenusHostDriver_SetSysProperty(1012): BUILD_TIME: Mar 13 2020 03:11:24
03-12 21:55:11.393     0     0 I @2 msm_vidc: err: This control 980927 is not supported yet
03-12 21:55:11.393     0     0 I @1 ueventd: loading /devices/platform/soc/ac00000.qcom,a5/firmware/CAMERA_ICP.elf took 9ms
03-12 21:55:11.394     0     0 I msm_vidc: fw: <VFW_E:HostDr:unkn:--------:->
03-12 21:55:11.394     0     0 I msm_vidc: fw: <VFW_E:HostDr:unkn:--------:->
03-12 21:55:11.395  1010  1010 I QC2Comp : codec capability queried!
03-12 21:55:11.395  1010  1010 I QC2V4l2Driver: [c2.qti.hevc.encoder] Closed device driver with fd: 7
03-12 21:55:11.395  1010  1010 I QC2CompStore: Added capabilities for c2.qti.hevc.encoder
03-12 21:55:11.396  1010  1010 I QC2V4l2Driver: [c2.qti.hevc.encoder.cq] Device /dev/video33 opened with fd: 7
