03-12 21:55:11.396  1010  1010 E QC2V4l2Driver: [c2.qti.hevc.encoder.cq] failed to set buffer size limit to 4
03-12 21:55:11.397     0     0 I @4 msm_vidc: fw: <VFW_E:HostDr:unkn:--------:-> VenusHostDriver_SetSysProperty(1009): QC_IMAGE_VERSION_STRING=VIDEO.IR.1.2-00031-PROD-1.261943.2
03-12 21:55:11.397     0     0 I @4 msm_vidc: fw: <VFW_E:HostDr:unkn:--------:-> VenusHostDriver_SetSysProperty(1012): BUILD_TIME: Mar 13 2020 03:11:24
03-12 21:55:11.397     0     0 I @4 msm_vidc: err: This control 980927 is not supported yet
03-12 21:55:11.397     0     0 I msm_vidc: fw: <VFW_E:HostDr:unkn:--------:->
03-12 21:55:11.397     0     0 I msm_vidc: fw: <VFW_E:HostDr:unkn:--------:->
03-12 21:55:11.397  1010  1010 I QC2Comp : codec capability queried!
03-12 21:55:11.398  1010  1010 I QC2V4l2Driver: [c2.qti.hevc.encoder.cq] Closed device driver with fd: 7
03-12 21:55:11.398  1010  1010 I QC2CompStore: Added capabilities for c2.qti.hevc.encoder.cq
03-12 21:55:11.398  1010  1010 I QC2V4l2Driver: [c2.qti.vp8.decoder] Device /dev/video32 opened with fd: 7
03-12 21:55:11.399     0     0 I @4 msm_vidc: fw: <VFW_E:HostDr:unkn:--------:-> VenusHostDriver_SetSysProperty(1009): QC_IMAGE_VERSION_STRING=VIDEO.IR.1.2-00031-PROD-1.261943.2
03-12 21:55:11.399     0     0 I @4 msm_vidc: fw: <VFW_E:HostDr:unkn:--------:-> VenusHostDriver_SetSysProperty(1012): BUILD_TIME: Mar 13 2020 03:11:24
03-12 21:55:11.399     0     0 I msm_vidc: fw: <VFW_E:HostDr:unkn:--------:->
03-12 21:55:11.399     0     0 I msm_vidc: fw: <VFW_E:HostDr:unkn:--------:->
03-12 21:55:11.400     0     0 I @6 populate_snd_card_dailinks: add smartpa dai link is successful!
03-12 21:55:11.400     0     0 W         : @6 sm8150-asoc-snd soc:qcom,msm-audio-apr:sound-tavil: msm_init_wsa_dev: Max WSA devices is 0 for this target?
03-12 21:55:11.400     0     0 E         : @6 sm8150-asoc-snd soc:qcom,msm-audio-apr:sound-tavil: ASoC: CODEC DAI btfm_bt_sco_a2dp_slim_rx not registered
03-12 21:55:11.401     0     0 I @6 msm_vidc: err: This control 980928 is not supported yet
03-12 21:55:11.401  1010  1010 I QC2Comp : codec capability queried!
03-12 21:55:11.402  1010  1010 I QC2V4l2Driver: [c2.qti.vp8.decoder] Closed device driver with fd: 7
03-12 21:55:11.403  1010  1010 I QC2CompStore: Added capabilities for c2.qti.vp8.decoder
03-12 21:55:11.403  1010  1010 I QC2V4l2Driver: [c2.qti.vp8.encoder] Device /dev/video33 opened with fd: 7
03-12 21:55:11.403  1010  1010 E QC2V4l2Driver: [c2.qti.vp8.encoder] failed to set buffer size limit to 4
03-12 21:55:11.404     0     0 I @4 msm_vidc: fw: <VFW_E:HostDr:unkn:--------:-> VenusHostDriver_SetSysProperty(1009): QC_IMAGE_VERSION_STRING=VIDEO.IR.1.2-00031-PROD-1.261943.2
03-12 21:55:11.404     0     0 I @4 msm_vidc: fw: <VFW_E:HostDr:unkn:--------:-> VenusHostDriver_SetSysProperty(1012): BUILD_TIME: Mar 13 2020 03:11:24
03-12 21:55:11.404     0     0 I @4 msm_vidc: err: This control 980927 is not supported yet
03-12 21:55:11.405  1010  1010 I QC2Comp : codec capability queried!
03-12 21:55:11.405  1043  1043 D libEGL  : loaded /vendor/lib64/egl/libGLESv1_CM_adreno.so
03-12 21:55:11.406     0     0 I msm_vidc: fw: <VFW_E:HostDr:unkn:--------:->
03-12 21:55:11.406     0     0 I msm_vidc: fw: <VFW_E:HostDr:unkn:--------:->
03-12 21:55:11.406     0     0 I @6 CAM_INFO: CAM-ICP: cam_icp_mgr_hw_open: 3037 FW download done successfully
03-12 21:55:11.406     0     0 I @6 CAM_INFO: CAM-UTIL: cam_soc_util_clk_disable: 577 disable ipe_1_clk
03-12 21:55:11.406     0     0 I @6 CAM_INFO: CAM-UTIL: cam_soc_util_clk_disable: 577 disable ipe_1_clk_src
03-12 21:55:11.406     0     0 I @6 CAM_INFO: CAM-UTIL: cam_soc_util_clk_disable: 577 disable ipe_1_axi_clk
03-12 21:55:11.406     0     0 I @6 CAM_INFO: CAM-UTIL: cam_soc_util_clk_disable: 577 disable ipe_1_areg_clk
03-12 21:55:11.406     0     0 I @6 CAM_INFO: CAM-UTIL: cam_soc_util_clk_disable: 577 disable ipe_1_ahb_clk
03-12 21:55:11.407     0     0 I @6 populate_snd_card_dailinks: add smartpa dai link is successful!
03-12 21:55:11.407     0     0 W         : @6 sm8150-asoc-snd soc:qcom,msm-audio-apr:sound-tavil: msm_init_wsa_dev: Max WSA devices is 0 for this target?
03-12 21:55:11.408  1043  1043 D libEGL  : loaded /vendor/lib64/egl/libGLESv2_adreno.so
03-12 21:55:11.408     0     0 E         : @6 sm8150-asoc-snd soc:qcom,msm-audio-apr:sound-tavil: ASoC: CODEC DAI btfm_bt_sco_a2dp_slim_rx not registered
03-12 21:55:11.408     0     0 I @6 CAM_INFO: CAM-UTIL: cam_soc_util_clk_disable: 577 disable ipe_0_clk
03-12 21:55:11.408     0     0 I @6 CAM_INFO: CAM-UTIL: cam_soc_util_clk_disable: 577 disable ipe_0_clk_src
03-12 21:55:11.408     0     0 I @6 CAM_INFO: CAM-UTIL: cam_soc_util_clk_disable: 577 disable ipe_0_axi_clk
03-12 21:55:11.408     0     0 I @6 CAM_INFO: CAM-UTIL: cam_soc_util_clk_disable: 577 disable ipe_0_areg_clk
03-12 21:55:11.408     0     0 I @6 CAM_INFO: CAM-UTIL: cam_soc_util_clk_disable: 577 disable ipe_0_ahb_clk
03-12 21:55:11.409     0     0 I @6 CAM_INFO: CAM-UTIL: cam_soc_util_clk_disable: 577 disable bps_clk
03-12 21:55:11.409     0     0 I @6 CAM_INFO: CAM-UTIL: cam_soc_util_clk_disable: 577 disable bps_clk_src
03-12 21:55:11.409     0     0 I @6 CAM_INFO: CAM-UTIL: cam_soc_util_clk_disable: 577 disable bps_axi_clk
03-12 21:55:11.409     0     0 I @6 CAM_INFO: CAM-UTIL: cam_soc_util_clk_disable: 577 disable bps_areg_clk
03-12 21:55:11.409     0     0 I @6 CAM_INFO: CAM-UTIL: cam_soc_util_clk_disable: 577 disable bps_ahb_clk
03-12 21:55:11.412     0     0 I @7 populate_snd_card_dailinks: add smartpa dai link is successful!
03-12 21:55:11.412     0     0 W         : @7 sm8150-asoc-snd soc:qcom,msm-audio-apr:sound-tavil: msm_init_wsa_dev: Max WSA devices is 0 for this target?
03-12 21:55:11.413     0     0 I         : @7 tavil_codec tavil_codec: tavil_soc_codec_probe()
03-12 21:55:11.413     0     0 I @1 CAM_INFO: CAM-UTIL: cam_soc_util_clk_disable: 577 disable icp_clk
03-12 21:55:11.413     0     0 I @1 CAM_INFO: CAM-UTIL: cam_soc_util_clk_disable: 577 disable icp_clk_src
03-12 21:55:11.413     0     0 I @1 CAM_INFO: CAM-UTIL: cam_soc_util_clk_disable: 577 disable icp_ahb_clk
03-12 21:55:11.413     0     0 I @1 CAM_INFO: CAM-UTIL: cam_soc_util_clk_disable: 577 disable soc_fast_ahb
03-12 21:55:11.414     0     0 I @1 CAM_INFO: CAM-UTIL: cam_soc_util_clk_disable: 577 disable camnoc_axi_clk
03-12 21:55:11.414     0     0 I @1 CAM_INFO: CAM-UTIL: cam_soc_util_clk_disable: 577 disable camnoc_axi_clk_src
03-12 21:55:11.414     0     0 I @1 CAM_INFO: CAM-UTIL: cam_soc_util_clk_disable: 577 disable cpas_ahb_clk
03-12 21:55:11.414  1010  1010 I QC2V4l2Driver: [c2.qti.vp8.encoder] Closed device driver with fd: 7
03-12 21:55:11.414     0     0 I @1 CAM_INFO: CAM-UTIL: cam_soc_util_clk_disable: 577 disable slow_ahb_clk_src
03-12 21:55:11.414     0     0 I @1 CAM_INFO: CAM-UTIL: cam_soc_util_clk_disable: 577 disable gcc_axi_sf_clk
03-12 21:55:11.414     0     0 I @1 CAM_INFO: CAM-UTIL: cam_soc_util_clk_disable: 577 disable gcc_axi_hf_clk
03-12 21:55:11.414     0     0 I @1 CAM_INFO: CAM-UTIL: cam_soc_util_clk_disable: 577 disable gcc_ahb_clk
03-12 21:55:11.414  1010  1010 I QC2CompStore: Added capabilities for c2.qti.vp8.encoder
03-12 21:55:11.414  1010  1010 I QC2V4l2Driver: [c2.qti.vp9.decoder] Device /dev/video32 opened with fd: 7
03-12 21:55:11.415   934   934 E CamX    : [ERROR][CSL    ] camxcslhwinternal.cpp:2933 CSLHwInternalFDIoctl() Ioctl failed for FD:9 with error reason Invalid argument
03-12 21:55:11.415     0     0 I @4 msm_vidc: fw: <VFW_E:HostDr:unkn:--------:-> VenusHostDriver_SetSysProperty(1009): QC_IMAGE_VERSION_STRING=VIDEO.IR.1.2-00031-PROD-1.261943.2
03-12 21:55:11.415     0     0 I @4 msm_vidc: fw: <VFW_E:HostDr:unkn:--------:-> VenusHostDriver_SetSysProperty(1012): BUILD_TIME: Mar 13 2020 03:11:24
03-12 21:55:11.415     0     0 I @7 msm_vidc: err: This control 980928 is not supported yet
03-12 21:55:11.415     0     0 I msm_vidc: fw: <VFW_E:HostDr:unkn:--------:->
03-12 21:55:11.415     0     0 I msm_vidc: fw: <VFW_E:HostDr:unkn:--------:->
03-12 21:55:11.415  1010  1010 I QC2Comp : codec capability queried!
03-12 21:55:11.416  1010  1010 I QC2V4l2Driver: [c2.qti.vp9.decoder] Closed device driver with fd: 7
03-12 21:55:11.416  1010  1010 I QC2CompStore: Added capabilities for c2.qti.vp9.decoder
03-12 21:55:11.416  1010  1010 I QC2V4l2Driver: [c2.qti.vp9.decoder.secure] Device /dev/video32 opened with fd: 7
03-12 21:55:11.420     0     0 I @4 msm_vidc: fw: <VFW_E:HostDr:unkn:--------:-> VenusHostDriver_SetSysProperty(1009): QC_IMAGE_VERSION_STRING=VIDEO.IR.1.2-00031-PROD-1.261943.2
03-12 21:55:11.420     0     0 I @4 msm_vidc: fw: <VFW_E:HostDr:unkn:--------:-> VenusHostDriver_SetSysProperty(1012): BUILD_TIME: Mar 13 2020 03:11:24
03-12 21:55:11.420     0     0 I msm_vidc: fw: <VFW_E:HostDr:unkn:--------:->
03-12 21:55:11.420     0     0 I @4 msm_vidc: err: This control 980928 is not supported yet
03-12 21:55:11.420     0     0 I msm_vidc: fw: <VFW_E:HostDr:unkn:--------:->
03-12 21:55:11.420  1010  1010 I QC2Comp : codec capability queried!
03-12 21:55:11.421  1010  1010 I QC2V4l2Driver: [c2.qti.vp9.decoder.secure] Closed device driver with fd: 7
03-12 21:55:11.421     0     0 I         : @7 wcd-dsp-mgr soc:wcd-dsp-mgr@2: for wdsp segments only will be dumped.
03-12 21:55:11.421  1010  1010 I QC2CompStore: Added capabilities for c2.qti.vp9.decoder.secure
03-12 21:55:11.421  1010  1010 I QC2CompStore: initialized store (qti.c2.store) with 13 components
03-12 21:55:11.421     0     0 I         : @7 wcd-dsp-mgr soc:wcd-dsp-mgr@2: bound spi0.0 (ops wcd_spi_component_ops)
03-12 21:55:11.421     0     0 I         : @7 wcd-dsp-mgr soc:wcd-dsp-mgr@2: bound qcom,glink:wdsp (ops glink_component_ops)
03-12 21:55:11.425   866   866 W zygote  : JNI RegisterNativeMethods: attempt to register 0 native methods for android.media.AudioAttributes
03-12 21:55:11.425     0     0 I wcd-dsp-mgr soc: wcd-dsp-mgr@2: bound tavil_codec (ops wcd_ctrl_component_ops)
03-12 21:55:11.427  1010  1010 I HidlServiceManagement: Registered android.hardware.media.c2@1.0::IComponentStore/default (start delay of 246ms)
03-12 21:55:11.427   934   934 E CamX    : [ERROR][UTILS  ] camxosutilslinux.cpp:884 LibMap() dlopen: dlopen failed: cannot locate symbol "__cxa_demangle" referenced by "/vendor/lib64/libvidhance.so"..., on '/vendor/lib64/camera/components/com.oneplus.node.eis.so'
03-12 21:55:11.427  1010  1010 I vendor.qti.media.c2@1.0-service: Codec2's IComponentStore default service created.
03-12 21:55:11.429   865   865 W zygote64: JNI RegisterNativeMethods: attempt to register 0 native methods for android.media.AudioAttributes
03-12 21:55:11.433     0     0 E         : @7 msm-pcm-routing soc:qcom,msm-pcm-routing: ASoC: no source widget found for SLIM_6_RX
03-12 21:55:11.433     0     0 E         : @7 msm-pcm-routing soc:qcom,msm-pcm-routing: ASoC: Failed to add route SLIM_6_RX -> SLIM_6_RX -> AUDIO_REF_EC_UL1 MUX
03-12 21:55:11.441  1043  1043 I AdrenoGLES-0: QUALCOMM build                   : ab8b468, I1017670a82
03-12 21:55:11.441  1043  1043 I AdrenoGLES-0: Build Date                       : 02/05/21
03-12 21:55:11.441  1043  1043 I AdrenoGLES-0: OpenGL ES Shader Compiler Version: EV031.32.02.07
03-12 21:55:11.441  1043  1043 I AdrenoGLES-0: Local Branch                     : mybrancheb67b55a-6fa6-f12c-ba74-1458d0b52af0
03-12 21:55:11.441  1043  1043 I AdrenoGLES-0: Remote Branch                    : quic/gfx-adreno.lnx.1.0.r99-rel
03-12 21:55:11.441  1043  1043 I AdrenoGLES-0: Remote Branch                    : NONE
03-12 21:55:11.441  1043  1043 I AdrenoGLES-0: Reconstruct Branch               : NOTHING
03-12 21:55:11.441  1043  1043 I AdrenoGLES-0: Build Config                     : S P 10.0.7 AArch64
03-12 21:55:11.441  1043  1043 I AdrenoGLES-0: Driver Path                      : /vendor/lib64/egl/libGLESv2_adreno.so
03-12 21:55:11.446   865   865 D Zygote  : begin preload
03-12 21:55:11.446   865   865 I Zygote  : Calling ZygoteHooks.beginPreload()
03-12 21:55:11.452   863   863 I ServiceManager: Waiting for service 'statscompanion' on '/dev/binder'...
03-12 21:55:11.453     0     0 E         : @7 msm-pcm-routing soc:qcom,msm-pcm-routing: ASoC: no sink widget found for PRI_MI2S_RX_VI_FB_MUX
03-12 21:55:11.453     0     0 E         : @7 msm-pcm-routing soc:qcom,msm-pcm-routing: ASoC: Failed to add route SENARY_TX -> SENARY_TX -> PRI_MI2S_RX_VI_FB_MUX
03-12 21:55:11.453     0     0 E         : @7 msm-pcm-routing soc:qcom,msm-pcm-routing: ASoC: no source widget found for PRI_MI2S_RX_VI_FB_MUX
03-12 21:55:11.453     0     0 E         : @7 msm-pcm-routing soc:qcom,msm-pcm-routing: ASoC: Failed to add route PRI_MI2S_RX_VI_FB_MUX -> direct -> PRI_MI2S_RX
03-12 21:55:11.455   866   866 I zygote  : Explicit concurrent copying GC freed 1586(181KB) AllocSpace objects, 0(0B) LOS objects, 99% free, 214KB/24MB, paused 69us total 11.724ms
03-12 21:55:11.461     0     0 I @1 ueventd: firmware: loading 'a630_sqe.fw' for '/devices/platform/soc/2c00000.qcom,kgsl-3d0/kgsl/kgsl-3d0/a630_sqe.fw'
03-12 21:55:11.461   866   866 I zygote  : Explicit concurrent copying GC freed 72(40KB) AllocSpace objects, 0(0B) LOS objects, 99% free, 222KB/24MB, paused 19us total 5.374ms
03-12 21:55:11.462   934   934 E CamX    : [ERROR][UTILS  ] camxosutilslinux.cpp:884 LibMap() dlopen: dlopen failed: cannot locate symbol "__cxa_demangle" referenced by "/vendor/lib64/libvidhance.so"..., on '/vendor/lib64/camera/components/com.vidhance.stats.aec_dmbr.so'
03-12 21:55:11.462     0     0 I @5 ueventd: loading /devices/platform/soc/2c00000.qcom,kgsl-3d0/kgsl/kgsl-3d0/a630_sqe.fw took 1ms
03-12 21:55:11.464   934   934 E CamX    : [ERROR][UTILS  ] camxosutilslinux.cpp:884 LibMap() dlopen: dlopen failed: cannot locate symbol "__cxa_demangle" referenced by "/vendor/lib64/libvidhance.so"..., on '/vendor/lib64/camera/components/com.vidhance.stats.aec_dmbr.so'
03-12 21:55:11.464   934   934 E CamX    : [ERROR][CHI    ] camxchicomponent.cpp:160 GetAECAlgorithmCallback() Failed to retrieve ChiAECAlgorithmEntry function address.
03-12 21:55:11.465  1036  1036 I ServiceManager: Waiting for service 'media.metrics' on '/dev/binder'...
03-12 21:55:11.468     0     0 I         : @7 spi_geni 88c000.spi: proto 1
03-12 21:55:11.469     0     0 I         : @7 spi_geni 88c000.spi: tx_fifo 16 rx_fifo 16 tx_width 32
03-12 21:55:11.471   866   866 I Zygote  : Accepting command socket connections
03-12 21:55:11.475     0     0 I @5 ueventd: firmware: loading 'a640_gmu.bin' for '/devices/platform/soc/2c00000.qcom,kgsl-3d0/kgsl/kgsl-3d0/a640_gmu.bin'
03-12 21:55:11.476   934   934 E android.hardware.camera.provider@2.4-service_64: ChiAWBAlgorithmEntry
03-12 21:55:11.476     0     0 I @5 ueventd: loading /devices/platform/soc/2c00000.qcom,kgsl-3d0/kgsl/kgsl-3d0/a640_gmu.bin took 1ms
03-12 21:55:11.479   865   865 I Zygote  : Preloading classes...
03-12 21:55:11.481   865   865 W Zygote  : Class not found for preloading: android.app.-$$Lambda$ResourcesManager$QJ7UiVk_XS90KuXAsIjIEym1DnM
03-12 21:55:11.521   934   934 E CamX    : [ERROR][SENSOR ] camximagesensormoduledatamanager.cpp:257 CreateAllSensorModuleSetManagers() buf: MTP 19801 MP 14 15
03-12 21:55:11.542   866  1097 I zygote  : Verified 1373 classes from mainline modules in 157.142ms
03-12 21:55:11.548   865  1100 I zygote64: Verified 1373 classes from mainline modules in 143.371ms
03-12 21:55:11.552   863   863 I ServiceManager: Waiting for service 'statscompanion' on '/dev/binder'...
03-12 21:55:11.565  1036  1036 I ServiceManager: Waiting for service 'media.metrics' on '/dev/binder'...
03-12 21:55:11.596     0     0 F @5 boot_mode:  
03-12 21:55:11.599     0     0 E @5 [TP]touchpanel: tp_fw_update_work: fw_name = tp/FW_19801_SY761.bin
03-12 21:55:11.601     0     0 I @6 ueventd: firmware: loading 'tp/FW_19801_SY761.bin' for '/devices/virtual/sec/sec_ts/tp!FW_19801_SY761.bin'
03-12 21:55:11.603     0     0 I @6 ueventd: loading /devices/virtual/sec/sec_ts/tp!FW_19801_SY761.bin took 1ms
03-12 21:55:11.603     0     0 E @5 [TP]touchpanel: retry times 0
03-12 21:55:11.603     0     0 E @5 [TP]sec-s6sy761: sec_fw_update is called, force update:0
03-12 21:55:11.603     0     0 E @5 [TP]sec-s6sy761: img version in bin is 0x10640819, img version in ic is 0x10640819
03-12 21:55:11.603     0     0 E @5 [TP]sec-s6sy761: config version in bin is 0x10640802, config version in ic is 0x10640802
03-12 21:55:11.604     0     0 E @5 [TP]touchpanel: release all touch point and key, clear tp touch down flag
03-12 21:55:11.604     0     0 E @5 [TP]sec-s6sy761: sec_enable_black_gesture, enable = 0
03-12 21:55:11.615     0     0 E @5 [TP]sec-s6sy761: sec_enable_charge_mode: state: 0 success!
03-12 21:55:11.615     0     0 E @5 [TP]sec-s6sy761: sec_touchhold_switch_mode: touchhold_enable: 0 success!
03-12 21:55:11.615     0     0 E @5 [TP]touchpanel: fw update finished
03-12 21:55:11.647  1143  1143 I gsid    : no DSU: No such file or directory
03-12 21:55:11.652   863   863 I ServiceManager: Waiting for service 'statscompanion' on '/dev/binder'...
03-12 21:55:11.667  1036  1036 I ServiceManager: Waiting for service 'media.metrics' on '/dev/binder'...
03-12 21:55:11.677   585   585 W libc    : Unable to set property "ro.sf.lcd_density" to "560": error code: 0xb
03-12 21:55:11.678     0     0 I         : @5 set_dload_mode ON
03-12 21:55:11.678     0     0 E         : @5 [MDM] on [1] dload_mode_addr [          (null)]
03-12 21:55:11.678     0     0 I         : @5 set_dload_mode ON
03-12 21:55:11.678     0     0 E         : @5 [MDM] on [16] dload_mode_addr [          (null)]
03-12 21:55:11.679     0     0 I         : @5 set_dload_mode ON
03-12 21:55:11.679     0     0 E         : @5 [MDM] on [1] dload_mode_addr [          (null)]
03-12 21:55:11.679     0     0 I         : @5 set_dload_mode ON
03-12 21:55:11.679     0     0 E         : @5 [MDM] on [16] dload_mode_addr [          (null)]
03-12 21:55:11.707  1146  1146 E PerMgrProxy: Starting pm-proxy service
03-12 21:55:11.710  1032  1049 D PerMgrSrv: modem state: is off-line, add client PM-PROXY-THREAD
03-12 21:55:11.710  1032  1049 D PerMgrSrv: PM-PROXY-THREAD registered
03-12 21:55:11.711  1146  1146 D PerMgrLib: PM-PROXY-THREAD successfully registered for modem
03-12 21:55:11.711  1146  1146 I PerMgrProxy: Casting proxy vote for modem
03-12 21:55:11.711  1146  1146 D PerMgrLib: PM-PROXY-THREAD voting for modem
03-12 21:55:11.712  1032  1049 D PerMgrSrv: PM-PROXY-THREAD voting for modem
03-12 21:55:11.712  1032  1049 D PerMgrSrv: modem new state: going on-line
03-12 21:55:11.712  1032  1049 D PerMgrSrv: modem num voters is 1
03-12 21:55:11.712  1146  1146 I PerMgrProxy: pm-proxy-thread vote successful for modem
03-12 21:55:11.712     0     0 I @5 subsys-restart: __subsystem_get(): Changing subsys fw_name to modem
03-12 21:55:11.713     0     0 I         : @5 ipa-wan ipa3_lcl_mdm_ssr_notifier_cb:3096 IPA received MPSS BEFORE_POWERUP
03-12 21:55:11.713  1148  1148 I bootstat: Service started: /system/bin/bootstat --set_system_boot_reason 
03-12 21:55:11.714     0     0 E         : @5 ipa ipa3_uc_state_check:338 uC is not loaded
03-12 21:55:11.714     0     0 I         : @5 ipa-wan ipa3_lcl_mdm_ssr_notifier_cb:3105 IPA BEFORE_POWERUP handling is complete
03-12 21:55:11.715     0     0 I         : @5 subsys-pil-tz 4080000.qcom,mss: modem: loading from 0x000000008dc00000 to 0x0000000097200000
03-12 21:55:11.717  1148  1148 I bootstat: Canonical boot reason: reboot,sideload
03-12 21:55:11.717  1148  1148 I bootstat: Canonical boot reason: reboot,sideload
03-12 21:55:11.718  1149  1149 I perfetto: probes.cc:77            Starting /system/bin/traced_probes service
03-12 21:55:11.718  1149  1149 I perfetto: probes_producer.cc:117  Disconnected from tracing service
03-12 21:55:11.722  1150  1150 W perfetto: service.cc:97           Started traced, listening on /dev/socket/traced_producer /dev/socket/traced_consumer
03-12 21:55:11.725  1148  1148 I bootstat: Last reboot reason read from /metadata/bootstat/persist.sys.boot.reason : reboot,sideload. Last reboot reason read from persist.sys.boot.reason : reboot,sideload
03-12 21:55:11.725  1148  1148 I bootstat: Normalized last reboot reason : reboot,sideload
03-12 21:55:11.726  1152  1152 E modprobe: LoadWithAliases was unable to load rmnet_perf
03-12 21:55:11.733  1151  1151 D nxpese@1.0-service: Initializing State Machine...
03-12 21:55:11.733  1151  1151 D StateMachine: ProcessExtEvent: enter state:1 event:5
03-12 21:55:11.733  1151  1151 D StateMachine: ProcessExtEvent: exit state:1
03-12 21:55:11.733  1151  1151 D nxpese@1.0-service: Registering SecureElement HALIMPL Service v1.0...
03-12 21:55:11.733  1151  1151 D JcDnld_SPI: checkIfEseClientUpdateReqd enter:  
03-12 21:55:11.734  1151  1151 D android.hardware.secure_element@1.0-service: nxp config referred : libnfc-nxp.conf
03-12 21:55:11.734  1151  1151 D android.hardware.secure_element@1.0-service: nxp config file : /vendor/etc/libnfc-nxp.conf
03-12 21:55:11.734  1151  1151 D android.hardware.secure_element@1.0-service: readNxpTransitConfig-Enter..Reading /data/vendor/nfc/libnfc-nxpTransit.conf
03-12 21:55:11.734  1151  1151 E android.hardware.secure_element@1.0-service: readConfig Cannot open config file /data/vendor/nfc/libnfc-nxpTransit.conf
03-12 21:55:11.734  1151  1151 D android.hardware.secure_element@1.0-service: readNxpRFConfig-Enter..Reading /system/vendor/libnfc-nxp_RF.conf
03-12 21:55:11.734  1151  1151 E android.hardware.secure_element@1.0-service: readConfig Cannot open config file /system/vendor/libnfc-nxp_RF.conf
03-12 21:55:11.738  1151  1151 I android.hardware.secure_element@1.0-service: ConfigFile - Parsing file '/vendor/etc/libese-nxp.conf'
03-12 21:55:11.738  1151  1151 I android.hardware.secure_element@1.0-service: ConfigFile - [SE_DEBUG_ENABLED] = 1
03-12 21:55:11.738  1151  1151 I android.hardware.secure_element@1.0-service: ConfigFile - [NXP_SWP_RD_TAG_OP_TIMEOUT] = 0xFF
03-12 21:55:11.738  1151  1151 I android.hardware.secure_element@1.0-service: ConfigFile - [NXP_WTX_COUNT_VALUE] = 240
03-12 21:55:11.738  1151  1151 I android.hardware.secure_element@1.0-service: ConfigFile - [NXP_POWER_SCHEME] = 0x02
03-12 21:55:11.738  1151  1151 I android.hardware.secure_element@1.0-service: ConfigFile - [NXP_SOF_WRITE] = 0x01
03-12 21:55:11.738  1151  1151 I android.hardware.secure_element@1.0-service: ConfigFile - [NXP_TP_MEASUREMENT] = 0x00
03-12 21:55:11.738  1151  1151 I android.hardware.secure_element@1.0-service: ConfigFile - [NXP_SPI_INTF_RST_ENABLE] = 0x00
03-12 21:55:11.738  1151  1151 I android.hardware.secure_element@1.0-service: ConfigFile - [NXP_SPI_WRITE_TIMEOUT] = 0x14
03-12 21:55:11.738  1151  1151 I android.hardware.secure_element@1.0-service: ConfigFile - [NXP_ESE_DEV_NODE] = "/dev/p73"
03-12 21:55:11.738  1151  1151 I android.hardware.secure_element@1.0-service: ConfigFile - [NXP_MAX_RNACK_RETRY] = 0x0A
03-12 21:55:11.738  1151  1151 D nxpese@1.0-service: Registering SPI interface as eSE1
03-12 21:55:11.747  1151  1151 I HidlServiceManagement: Registered android.hardware.secure_element@1.0::ISecureElement/eSE1 (start delay of 46ms)
03-12 21:55:11.747  1151  1151 I HidlServiceManagement: Removing namespace from process name android.hardware.secure_element@1.0-service to secure_element@1.0-service.
03-12 21:55:11.747  1151  1151 D nxpese@1.0-service: Registering SecureElement HALIOCTL Service v1.0...
03-12 21:55:11.748  1151  1151 I HidlServiceManagement: Registered vendor.nxp.nxpese@1.0::INxpEse/default (start delay of 48ms)
03-12 21:55:11.748  1151  1151 D nxpese@1.0-service: Registering SecureElement Event Handler Service v1.0...
03-12 21:55:11.749  1151  1151 I HidlServiceManagement: Registered vendor.nxp.eventprocessor@1.0::INxpEseEvtProcessor/default (start delay of 49ms)
03-12 21:55:11.749  1151  1151 D nxpese@1.0-service: Secure Element HAL Service is ready
03-12 21:55:11.749  1151  1151 D JcDnld_SPI: eSEClientUpdateHandler Enter
03-12 21:55:11.749  1151  1151 D JcDnld_SPI: eSEClientUpdateHandler Exit 
03-12 21:55:11.753   863   863 I ServiceManager: Waiting for service 'statscompanion' on '/dev/binder'...
03-12 21:55:11.767  1036  1036 I ServiceManager: Waiting for service 'media.metrics' on '/dev/binder'...
03-12 21:55:11.773  1147  1168 I adbd    : opening control endpoint /dev/usb-ffs/adb/ep0
03-12 21:55:11.774     0     0 I         : @1 ep0_open success!
03-12 21:55:11.774     0     0 I         : @1 read descriptors
03-12 21:55:11.774     0     0 I         : @1 read strings
03-12 21:55:11.775  1147  1166 I adbd    : Waiting for persist.adb.tls_server.enable=1
03-12 21:55:11.776     0     0 I @4 ueventd: firmware: loading 'a640_zap.mdt' for '/devices/platform/soc/soc:qcom,kgsl-hyp/firmware/a640_zap.mdt'
03-12 21:55:11.778     0     0 I @4 ueventd: loading /devices/platform/soc/soc:qcom,kgsl-hyp/firmware/a640_zap.mdt took 1ms
03-12 21:55:11.779  1147  1168 I adbd    : UsbFfsConnection constructed
03-12 21:55:11.780  1160  1160 I ThermalEngine: Thermal daemon started
03-12 21:55:11.780  1160  1160 E ThermalEngine: Unknown target identified with soc id 339
03-12 21:55:11.780  1160  1160 I ThermalEngine: No target config file, falling back to '/vendor/etc/thermal-engine.conf'
03-12 21:55:11.781  1147  1173 I adbd    : UsbFfs-monitor thread spawned
03-12 21:55:11.795  1160  1160 I ThermalEngine: devices_manager_init: Init
03-12 21:55:11.795  1160  1160 I ThermalEngine: Number of gpus :1
03-12 21:55:11.795  1160  1160 I ThermalEngine: Number of cpus :8
03-12 21:55:11.796  1160  1160 I ThermalEngine: update_cpu_topology: Cluster info node not found/sys/module/msm_thermal/cluster_info
03-12 21:55:11.796  1160  1160 E ThermalEngine: tmd_add_cpufreq_dev_data: Invalid or no boost freqs
03-12 21:55:11.799  1160  1160 I chatty  : uid=1000(system) /vendor/bin/thermal-engine identical 6 lines
03-12 21:55:11.799  1160  1160 E ThermalEngine: tmd_add_cpufreq_dev_data: Invalid or no boost freqs
03-12 21:55:11.800  1160  1160 E ThermalEngine: open/sys/class/thermal/cooling_device2/cur_state failed13
03-12 21:55:11.800  1160  1160 E ThermalEngine: open/sys/class/thermal/cooling_device3/cur_state failed13
03-12 21:55:11.801  1160  1160 E ThermalEngine: open/sys/class/thermal/cooling_device4/cur_state failed13
03-12 21:55:11.801  1160  1160 E ThermalEngine: open/sys/class/thermal/cooling_device5/cur_state failed13
03-12 21:55:11.801  1160  1160 E ThermalEngine: open/sys/class/thermal/cooling_device6/cur_state failed13
03-12 21:55:11.802  1160  1160 E ThermalEngine: open/sys/class/thermal/cooling_device8/cur_state failed13
03-12 21:55:11.802  1160  1160 E ThermalEngine: open/sys/class/thermal/cooling_device10/cur_state failed13
03-12 21:55:11.802  1160  1160 E ThermalEngine: open/sys/class/thermal/cooling_device11/cur_state failed13
03-12 21:55:11.802  1160  1160 I ThermalEngine: tmd_init_cluster_devs: No clusters found
03-12 21:55:11.803  1160  1160 E ThermalEngine: open/sys/class/thermal/cooling_device0/cur_state failed13
03-12 21:55:11.803  1160  1160 E ThermalEngine: open/sys/class/thermal/cooling_device1/cur_state failed13
03-12 21:55:11.803  1160  1160 E ThermalEngine: Unable to set NPU cdev state to 0
03-12 21:55:11.803  1160  1160 E ThermalEngine: open/sys/class/thermal/cooling_device1/cur_state failed13
03-12 21:55:11.803  1160  1160 E ThermalEngine: devices_init: Init NPU TMD failed 5
03-12 21:55:11.803  1160  1160 E ThermalEngine: open/sys/class/thermal/cooling_device14/cur_state failed13
03-12 21:55:11.803  1160  1160 E ThermalEngine: open/sys/class/thermal/cooling_device15/cur_state failed13
03-12 21:55:11.803  1160  1160 E ThermalEngine: open/sys/class/thermal/cooling_device17/cur_state failed13
03-12 21:55:11.803  1160  1160 E ThermalEngine: open/sys/class/thermal/cooling_device16/cur_state failed13
03-12 21:55:11.804  1160  1160 I ThermalEngine: vdd_rstr_init: Could not read /sys/module/msm_thermal/vdd_restriction/enabled
03-12 21:55:11.804     0     0 I @7 tfa98xx_probe(): Container loading requested: 0
03-12 21:55:11.804     0     0 I         : @7 tfa98xx 0-0034: tfa98xx codec registered ()
03-12 21:55:11.807  1160  1160 E ThermalEngine: Error reading /sys/class/leds/lcd-backlight/max_brightness
03-12 21:55:11.807  1160  1160 E ThermalEngine: open/sys/class/power_supply/battery/system_temp_level failed2
03-12 21:55:11.807  1160  1160 E ThermalEngine: Unable to init battery charging mitigation to 0
03-12 21:55:11.807  1160  1160 I ThermalEngine: sensors_manager_init: Init
03-12 21:55:11.809  1160  1186 E ThermalEngine: socket creation success
03-12 21:55:11.810     0     0 I @7 tfa98xx_probe(): Container loading requested: 0
03-12 21:55:11.810     0     0 I         : @7 tfa98xx 0-0035: tfa98xx codec registered ()
03-12 21:55:11.810     0     0 I subsys-pil-tz soc: qcom,kgsl-hyp: a640_zap: loading from 0x00000000f2c00000 to 0x00000000f2c01000
03-12 21:55:11.815     0     0 I @7 tfa98xx_container_loaded(): 3_01
03-12 21:55:11.815     0     0 I @7 tfa98xx_container_loaded(): NXP
03-12 21:55:11.815     0     0 I @7 tfa98xx_container_loaded(): stereo
03-12 21:55:11.815     0     0 I @7 tfa98xx_container_loaded(): 9871N1C
03-12 21:55:11.815     0     0 I @7 tfa98xx_container_loaded(): 2 ndev
03-12 21:55:11.815     0     0 I @7 tfa98xx_container_loaded(): 3 nprof
03-12 21:55:11.815  1160  1181 I ThermalEngine: ADSP thermal mitigation available.
03-12 21:55:11.815     0     0 I @7 tfa98xx_container_loaded(): tfa98xx_container_loaded: tfa98xx->tfa->dev_idx = 0
03-12 21:55:11.815     0     0 I @7 tfa98xx_container_loaded(): Firmware init complete
03-12 21:55:11.815     0     0 E @7 tfa98xx_create_controls(): tfa98xx_create_controls: enter!
03-12 21:55:11.815     0     0 I @7 tfa98xx_create_controls(): profile added [0]: receiver
03-12 21:55:11.815     0     0 I @7 add_sr_to_profile(): added profile:samplerate = [0:48000] for mixer profile: receiver
03-12 21:55:11.815     0     0 I @7 tfa98xx_create_controls(): profile added [1]: speaker
03-12 21:55:11.815     1     1 I @7 add_sr_to_profile(): added profile:samplerate = [1:48000] for mixer profile: speaker
03-12 21:55:11.816  1160  1181 I ThermalEngine: Mitigation:vdd_restriction[ADSP]:0 pending QMI request succeded
03-12 21:55:11.820     0     0 I tfa98xx_container_loaded(): loaded tfa98xx.cnt - size: 3591
03-12 21:55:11.823  1176  1176 I installd: installd firing up
03-12 21:55:11.828  1178  1178 I iorapd  : iorapd (the prefetchening) firing up
03-12 21:55:11.845  1178  1178 I iorapd  : Opened existing database at '/data/misc/iorapd/sqlite.db'
03-12 21:55:11.845  1178  1178 W iorapd  : Reconnect to package manager service: 1 times
03-12 21:55:11.846  1178  1178 I ServiceManager: Waiting for service 'package_native' on '/dev/binder'...
03-12 21:55:11.854   863   863 I ServiceManager: Waiting for service 'statscompanion' on '/dev/binder'...
03-12 21:55:11.860  1160  1160 E ThermalEngine: Unable to change to /sys/devices/soc/
03-12 21:55:11.860  1160  1160 E ThermalEngine: bcl_setup: Unexpected node error
03-12 21:55:11.860  1160  1160 E ThermalEngine: add_tgt_sensor: bcl sensor setup failed failed.
03-12 21:55:11.860  1160  1160 E ThermalEngine: add_tgt_sensors_set: Error adding bcl
03-12 21:55:11.860  1160  1160 E ThermalEngine: sensors_init: Error adding BCL TS
03-12 21:55:11.860  1160  1160 E ThermalEngine: pid_init_data: ERROR Uknown device
03-12 21:55:11.860  1160  1160 E ThermalEngine: thermal_monitor_init_data: ERROR Uknown device
03-12 21:55:11.860  1160  1160 E ThermalEngine: speaker_cal_init_data: ERROR Uknown device
03-12 21:55:11.860  1160  1160 E ThermalEngine: ss_init_data: ERROR Uknown device
03-12 21:55:11.860  1160  1160 I ThermalEngine: Loading config file for virtual sensor
03-12 21:55:11.860  1160  1160 I ThermalEngine: Loading configuration file /vendor/etc/thermal-engine.conf
03-12 21:55:11.861  1160  1160 I ThermalEngine: Parsing section global
03-12 21:55:11.861  1160  1160 E ThermalEngine: virtual_sensors_init: Error getting virtual sensors set
03-12 21:55:11.861  1160  1160 I ThermalEngine: Loading configuration file /vendor/etc/thermal-engine.conf
03-12 21:55:11.861  1160  1160 I ThermalEngine: Parsing section global
03-12 21:55:11.861  1160  1160 E ThermalEngine: sensors_manager_reg_clnt: Invalid sensor pop_mem.
03-12 21:55:11.861  1160  1160 E ThermalEngine: pid_algo_init: Sensor clnt create fail pop_mem
03-12 21:55:11.861  1160  1160 E ThermalEngine: sensors_manager_reg_clnt: Invalid sensor cpu3.
03-12 21:55:11.861  1160  1160 E ThermalEngine: pid_algo_init: Sensor clnt create fail cpu3
03-12 21:55:11.861  1160  1160 E ThermalEngine: sensors_manager_reg_clnt: Invalid sensor cpu2.
03-12 21:55:11.861  1160  1160 E ThermalEngine: pid_algo_init: Sensor clnt create fail cpu2
03-12 21:55:11.861  1160  1160 E ThermalEngine: sensors_manager_reg_clnt: Invalid sensor cpu1.
03-12 21:55:11.861  1160  1160 E ThermalEngine: pid_algo_init: Sensor clnt create fail cpu1
03-12 21:55:11.861  1160  1160 E ThermalEngine: sensors_manager_reg_clnt: Invalid sensor cpu0.
03-12 21:55:11.861  1160  1160 E ThermalEngine: pid_algo_init: Sensor clnt create fail cpu0
03-12 21:55:11.861  1160  1160 I ThermalEngine: pid_algo_init: No PID's to be configured.
03-12 21:55:11.861  1160  1160 E ThermalEngine: Failed to setup at least one sensor for monitoring
03-12 21:55:11.861  1160  1160 I ThermalEngine: ss_algo_init: No SS's configured.
03-12 21:55:11.861  1160  1160 E ThermalEngine: No speaker_cal config
03-12 21:55:11.861  1160  1160 E ThermalEngine: open/sys/module/msm_thermal/parameters/enabled failed2
03-12 21:55:11.866  1228  1228 I PerfDaemon: PerfDaemon is starting.
03-12 21:55:11.867  1160  1240 I ThermalEngine: Monitor : quiet_therm = 29682, msm_therm = 38626, xo_therm = 32471, battery_therm = 282,current_now = 643000 
03-12 21:55:11.867  1036  1036 I ServiceManager: Waiting for service 'media.metrics' on '/dev/binder'...
03-12 21:55:11.868  1228  1228 W perfservice: libminijail[1228]: failed to get path of fd 5: No such file or directory
03-12 21:55:11.868  1228  1228 W perfservice: libminijail[1228]: allowing syscall: connect
03-12 21:55:11.868  1228  1228 W perfservice: libminijail[1228]: allowing syscall: fcntl
03-12 21:55:11.868  1228  1228 W perfservice: libminijail[1228]: allowing syscall: sendto
03-12 21:55:11.868  1228  1228 W perfservice: libminijail[1228]: allowing syscall: socket
03-12 21:55:11.868  1228  1228 W perfservice: libminijail[1228]: allowing syscall: writev
03-12 21:55:11.868  1196  1196 V MediaUtils: physMem: 7831093248
03-12 21:55:11.868  1196  1196 V MediaUtils: requested limit: 134217728
03-12 21:55:11.868  1228  1228 W perfservice: libminijail[1228]: logging seccomp filter failures
03-12 21:55:11.868  1196  1196 I libc    : malloc_limit: Allocation limit enabled, max size 134217728 bytes
03-12 21:55:11.872  1182  1182 I keystore: found android.hardware.keymaster@4.0::IKeymasterDevice with interface name default and seclevel TRUSTED_ENVIRONMENT
03-12 21:55:11.888  1221  1221 I wificond: wificond is starting up...
03-12 21:55:11.888  1228  1228 D PerfDaemon: added vendor.perfservice to services and is now running.
03-12 21:55:11.889  1215  1215 I ServiceManager: Waiting for service 'package_native' on '/dev/binder'...
03-12 21:55:11.890  1196  1196 D AudioPowerUsage: AudioPowerUsage
03-12 21:55:11.891  1196  1196 D AudioAnalytics: AudioAnalytics
03-12 21:55:11.891  1196  1196 D MediaMetricsService: MediaMetricsService
03-12 21:55:11.893  1221  1221 I HidlServiceManagement: Registered android.system.wifi.keystore@1.0::IKeystore/default (start delay of 63ms)
03-12 21:55:11.898     0     0 I @7 tfa98xx_container_loaded(): loaded tfa98xx.cnt - size: 3591
03-12 21:55:11.898     0     0 I @7 tfa98xx_container_loaded(): container file already loaded...
03-12 21:55:11.899     0     0 I @7 tfa98xx_container_loaded(): tfa98xx_container_loaded: tfa98xx->tfa->dev_idx = 1
03-12 21:55:11.899     0     0 I @7 tfa98xx_container_loaded(): Firmware init complete
03-12 21:55:11.899   865   865 E ActivityRecognitionHardware: activity_recognition HAL is deprecated. class_init is effectively a no-op
03-12 21:55:11.911  1201  1201 I mediaserver: ServiceManager: 0xebe81170
03-12 21:55:11.911  1201  1201 D mediaserver: Time zone APEX ICU file found: /apex/com.android.tzdata/etc/icu/icu_tzdata.dat
03-12 21:55:11.911  1201  1201 D mediaserver: I18n APEX ICU file found: /apex/com.android.i18n/etc/icu/icudt66l.dat
03-12 21:55:11.912  1201  1201 W BatteryNotifier: batterystats service unavailable!
03-12 21:55:11.915  1241  1241 I android.hardware.media.omx@1.0-service: mediacodecservice starting
03-12 21:55:11.915  1201  1201 W BatteryNotifier: batterystats service unavailable!
03-12 21:55:11.919  1241  1241 W android.hardware.media.omx@1.0-service: libminijail[1241]: failed to get path of fd 5: No such file or directory
03-12 21:55:11.919  1241  1241 W android.hardware.media.omx@1.0-service: libminijail[1241]: allowing syscall: clock_gettime
03-12 21:55:11.919  1241  1241 W android.hardware.media.omx@1.0-service: libminijail[1241]: allowing syscall: connect
03-12 21:55:11.919  1241  1241 W android.hardware.media.omx@1.0-service: libminijail[1241]: allowing syscall: fcntl64
03-12 21:55:11.919  1241  1241 W android.hardware.media.omx@1.0-service: libminijail[1241]: allowing syscall: socket
03-12 21:55:11.919  1241  1241 W android.hardware.media.omx@1.0-service: libminijail[1241]: allowing syscall: writev
03-12 21:55:11.919  1149  1149 I perfetto: probes_producer.cc:100  Connected to the service
03-12 21:55:11.919  1241  1241 W android.hardware.media.omx@1.0-service: libminijail[1241]: compile_file: <fd>(80): nonexistent syscall 'ueventd'
03-12 21:55:11.920  1241  1241 W android.hardware.media.omx@1.0-service: libminijail[1241]: logging seccomp filter failures
03-12 21:55:11.930  1241  1241 E OMXMaster: OMX plugin failed w/ error 0x80001001 after registering 0 components
03-12 21:55:11.932  1241  1241 I SoftOMXPlugin: createOMXPlugin
03-12 21:55:11.933  1241  1241 I MediaCodecsXmlParser: getVendorXmlPath (/vendor/etc/media_codecs_vendor.xml)
03-12 21:55:11.933  1241  1241 D MediaCodecsXmlParser: parsing /vendor/etc/media_codecs_vendor.xml...
03-12 21:55:11.933  1241  1241 D MediaCodecsXmlParser: parsing /vendor/etc/media_codecs_google_audio.xml...
03-12 21:55:11.934  1241  1241 D MediaCodecsXmlParser: parsing /vendor/etc/media_codecs_vendor_audio.xml...
03-12 21:55:11.935  1241  1241 D MediaCodecsXmlParser: parsing /vendor/etc/media_codecs_google_telephony.xml...
03-12 21:55:11.936  1241  1241 D MediaCodecsXmlParser: parsing /vendor/etc/media_codecs_google_video.xml...
03-12 21:55:11.937  1241  1241 I MediaCodecsXmlParser: getVendorXmlPath (/vendor/etc/media_codecs_performance.xml)
03-12 21:55:11.937  1241  1241 D MediaCodecsXmlParser: parsing /vendor/etc/media_codecs_performance.xml...
03-12 21:55:11.937  1163  1163 I cameraserver: ServiceManager: 0xf0f00750
03-12 21:55:11.937  1163  1163 I CameraService: CameraService started (pid=1163)
03-12 21:55:11.937  1163  1163 I CameraService: CameraService process starting
03-12 21:55:11.938  1163  1163 W BatteryNotifier: batterystats service unavailable!
03-12 21:55:11.938  1241  1241 D MediaCodecsXmlParser: MediaCodec: cannot update non-existing codec at line 55 of /vendor/etc/media_codecs_performance.xml
03-12 21:55:11.938  1241  1241 D MediaCodecsXmlParser: MediaCodec: cannot update non-existing codec at line 79 of /vendor/etc/media_codecs_performance.xml
03-12 21:55:11.938  1241  1241 D MediaCodecsXmlParser: MediaCodec: cannot update non-existing codec at line 82 of /vendor/etc/media_codecs_performance.xml
03-12 21:55:11.938  1241  1241 D MediaCodecsXmlParser: MediaCodec: cannot update non-existing codec at line 85 of /vendor/etc/media_codecs_performance.xml
03-12 21:55:11.938  1241  1241 D MediaCodecsXmlParser: MediaCodec: cannot update non-existing codec at line 91 of /vendor/etc/media_codecs_performance.xml
03-12 21:55:11.938  1241  1241 D MediaCodecsXmlParser: MediaCodec: cannot update non-existing codec at line 94 of /vendor/etc/media_codecs_performance.xml
03-12 21:55:11.938  1241  1241 D MediaCodecsXmlParser: MediaCodec: cannot update non-existing codec at line 100 of /vendor/etc/media_codecs_performance.xml
03-12 21:55:11.938  1241  1241 D MediaCodecsXmlParser: MediaCodec: cannot update non-existing codec at line 142 of /vendor/etc/media_codecs_performance.xml
03-12 21:55:11.938  1241  1241 D MediaCodecsXmlParser: MediaCodec: cannot update non-existing codec at line 184 of /vendor/etc/media_codecs_performance.xml
03-12 21:55:11.938  1241  1241 D MediaCodecsXmlParser: MediaCodec: cannot update non-existing codec at line 190 of /vendor/etc/media_codecs_performance.xml
03-12 21:55:11.938  1241  1241 D MediaCodecsXmlParser: MediaCodec: cannot update non-existing codec at line 197 of /vendor/etc/media_codecs_performance.xml
03-12 21:55:11.938  1241  1241 D MediaCodecsXmlParser: MediaCodec: cannot update non-existing codec at line 203 of /vendor/etc/media_codecs_performance.xml
03-12 21:55:11.938  1241  1241 D MediaCodecsXmlParser: MediaCodec: cannot update non-existing codec at line 209 of /vendor/etc/media_codecs_performance.xml
03-12 21:55:11.938  1241  1241 D MediaCodecsXmlParser: MediaCodec: cannot update non-existing codec at line 213 of /vendor/etc/media_codecs_performance.xml
03-12 21:55:11.938  1241  1241 D MediaCodecsXmlParser: Cannot find /data/misc/media/media_codecs_profiling_results.xml
03-12 21:55:11.940  1241  1241 I HidlServiceManagement: Registered android.hardware.media.omx@1.0::IOmx/default (start delay of 79ms)
03-12 21:55:11.940  1241  1241 I HidlServiceManagement: Removing namespace from process name android.hardware.media.omx@1.0-service to omx@1.0-service.
03-12 21:55:11.940  1241  1241 I android.hardware.media.omx@1.0-service: IOmx HAL service created.
03-12 21:55:11.940  1241  1241 I OmxStore: omx common prefix: 'OMX.'
03-12 21:55:11.940  1241  1241 I MediaCodecsXmlParser: getVendorXmlPath (/vendor/etc/media_codecs_vendor.xml)
03-12 21:55:11.940  1241  1241 D MediaCodecsXmlParser: parsing /vendor/etc/media_codecs_vendor.xml...
03-12 21:55:11.940  1241  1241 D MediaCodecsXmlParser: parsing /vendor/etc/media_codecs_google_audio.xml...
03-12 21:55:11.941  1241  1241 D MediaCodecsXmlParser: parsing /vendor/etc/media_codecs_vendor_audio.xml...
03-12 21:55:11.941  1241  1241 D MediaCodecsXmlParser: parsing /vendor/etc/media_codecs_google_telephony.xml...
03-12 21:55:11.941  1163  1163 W BatteryNotifier: batterystats service unavailable!
03-12 21:55:11.941  1241  1241 D MediaCodecsXmlParser: parsing /vendor/etc/media_codecs_google_video.xml...
03-12 21:55:11.941  1241  1241 I MediaCodecsXmlParser: getVendorXmlPath (/vendor/etc/media_codecs_performance.xml)
03-12 21:55:11.941  1241  1241 D MediaCodecsXmlParser: parsing /vendor/etc/media_codecs_performance.xml...
03-12 21:55:11.942  1241  1241 D MediaCodecsXmlParser: MediaCodec: cannot update non-existing codec at line 55 of /vendor/etc/media_codecs_performance.xml
03-12 21:55:11.942  1241  1241 D MediaCodecsXmlParser: MediaCodec: cannot update non-existing codec at line 79 of /vendor/etc/media_codecs_performance.xml
03-12 21:55:11.942  1241  1241 D MediaCodecsXmlParser: MediaCodec: cannot update non-existing codec at line 82 of /vendor/etc/media_codecs_performance.xml
03-12 21:55:11.942  1241  1241 D MediaCodecsXmlParser: MediaCodec: cannot update non-existing codec at line 85 of /vendor/etc/media_codecs_performance.xml
03-12 21:55:11.942  1241  1241 D MediaCodecsXmlParser: MediaCodec: cannot update non-existing codec at line 91 of /vendor/etc/media_codecs_performance.xml
03-12 21:55:11.942  1241  1241 D MediaCodecsXmlParser: MediaCodec: cannot update non-existing codec at line 94 of /vendor/etc/media_codecs_performance.xml
03-12 21:55:11.942  1241  1241 D MediaCodecsXmlParser: MediaCodec: cannot update non-existing codec at line 100 of /vendor/etc/media_codecs_performance.xml
03-12 21:55:11.942  1241  1241 D MediaCodecsXmlParser: MediaCodec: cannot update non-existing codec at line 142 of /vendor/etc/media_codecs_performance.xml
03-12 21:55:11.942  1241  1241 D MediaCodecsXmlParser: MediaCodec: cannot update non-existing codec at line 184 of /vendor/etc/media_codecs_performance.xml
03-12 21:55:11.942  1241  1241 D MediaCodecsXmlParser: MediaCodec: cannot update non-existing codec at line 190 of /vendor/etc/media_codecs_performance.xml
03-12 21:55:11.942  1241  1241 D MediaCodecsXmlParser: MediaCodec: cannot update non-existing codec at line 197 of /vendor/etc/media_codecs_performance.xml
03-12 21:55:11.942  1241  1241 D MediaCodecsXmlParser: MediaCodec: cannot update non-existing codec at line 203 of /vendor/etc/media_codecs_performance.xml
03-12 21:55:11.942  1241  1241 D MediaCodecsXmlParser: MediaCodec: cannot update non-existing codec at line 209 of /vendor/etc/media_codecs_performance.xml
03-12 21:55:11.942  1241  1241 D MediaCodecsXmlParser: MediaCodec: cannot update non-existing codec at line 213 of /vendor/etc/media_codecs_performance.xml
03-12 21:55:11.942  1241  1241 D MediaCodecsXmlParser: Cannot find /data/misc/media/media_codecs_profiling_results.xml
03-12 21:55:11.942  1241  1241 E MediaCodecsXmlParser: Role video_decoder.mpeg4 has mismatching types: video/mp4v-es and video/mp4v-esdp
03-12 21:55:11.942  1241  1241 I OmxStore: node [OMX.qcom.video.encoder.heic] not found in IOmx
03-12 21:55:11.942  1241  1241 I OmxStore: node [OMX.qcom.video.decoder.avc] not found in IOmx
03-12 21:55:11.942  1241  1241 I OmxStore: node [OMX.qcom.video.decoder.avc.secure] not found in IOmx
03-12 21:55:11.942  1241  1241 I OmxStore: node [OMX.qti.video.decoder.h263sw] not found in IOmx
03-12 21:55:11.942  1241  1241 I OmxStore: node [OMX.qcom.video.decoder.hevc] not found in IOmx
03-12 21:55:11.942  1241  1241 I OmxStore: node [OMX.qcom.video.decoder.hevc.secure] not found in IOmx
03-12 21:55:11.942  1241  1241 I OmxStore: node [OMX.qcom.video.decoder.mpeg2] not found in IOmx
03-12 21:55:11.942  1241  1241 I OmxStore: node [OMX.qcom.video.decoder.mpeg2.secure] not found in IOmx
03-12 21:55:11.942  1241  1241 I OmxStore: node [OMX.qti.video.decoder.mpeg4sw] not found in IOmx
03-12 21:55:11.942  1241  1241 I OmxStore: node [OMX.qti.video.decoder.vc1sw] not found in IOmx
03-12 21:55:11.942  1241  1241 I OmxStore: node [OMX.qcom.video.decoder.vp8] not found in IOmx
03-12 21:55:11.942  1241  1241 I OmxStore: node [OMX.qcom.video.decoder.vp9] not found in IOmx
03-12 21:55:11.942  1241  1241 I OmxStore: node [OMX.qcom.video.decoder.vp9.secure] not found in IOmx
03-12 21:55:11.942  1241  1241 I OmxStore: node [OMX.qcom.video.encoder.avc] not found in IOmx
03-12 21:55:11.942  1241  1241 I OmxStore: node [OMX.qcom.video.encoder.h263sw] not found in IOmx
03-12 21:55:11.942  1241  1241 I OmxStore: node [OMX.qcom.video.encoder.hevc] not found in IOmx
03-12 21:55:11.942  1241  1241 I OmxStore: node [OMX.qcom.video.encoder.hevc.cq] not found in IOmx
03-12 21:55:11.942  1241  1241 I OmxStore: node [OMX.qcom.video.encoder.mpeg4sw] not found in IOmx
03-12 21:55:11.942  1241  1241 I OmxStore: node [OMX.qcom.video.encoder.vp8] not found in IOmx
03-12 21:55:11.943  1255  1255 E Diag_Lib: qpLogDiagInit <== result : 1
03-12 21:55:11.943  1255  1255 E Diag_Lib: QMID : gIsQXDMDisabled 1, gIsADBDisabled 1, gIsDebugDisabled 1, gIsIMSLogsDisabled 1
03-12 21:55:11.943  1255  1255 E Diag_Lib: [IMS_QMID] |imsqmiserver.c | 541 | QMID#$$#0#QMI DAEMON STARTED
03-12 21:55:11.946  1178  1178 I ServiceManager: Waiting for service 'package_native' on '/dev/binder'...
03-12 21:55:11.947   629   629 I hwservicemanager: Since android.hardware.camera.provider@2.4::ICameraProvider/legacy/0 is not registered, trying to start it as a lazy HAL.
03-12 21:55:11.947  1163  1163 E CameraProviderManager: addProviderLocked: Camera provider HAL 'legacy/0' is not actually available
03-12 21:55:11.948  1163  1163 I cameraserver: Waiting for activity service
03-12 21:55:11.951  1241  1241 I HidlServiceManagement: Registered android.hardware.media.omx@1.0::IOmxStore/default (start delay of 91ms)
03-12 21:55:11.951  1241  1241 I HidlServiceManagement: Removing namespace from process name android.hardware.media.omx@1.0-service to omx@1.0-service.
03-12 21:55:11.955   863   863 I ServiceManager: Waiting for service 'statscompanion' on '/dev/binder'...
03-12 21:55:11.959  1245  1245 E QCNEA   : Cne Version 4.9
03-12 21:55:11.966  1253  1253 E Diag_Lib: qpLogDiagInit <== result : 1; log_write_mutex is Initialized
03-12 21:55:11.967  1253  1253 E VIMSVT  : VT-Vendor:: enableImsADB 0, log_priority value 240
03-12 21:55:11.967  1253  1253 E Diag_Lib: [IMS_AP_RTP]"RTPService callback Registraton"
03-12 21:55:11.971  1036  1036 I AudioFlinger: Using default 3000 mSec as standby time.
03-12 21:55:11.971  1231  1231 E wfdhdcphal: wfdhdcphalservice starting...
03-12 21:55:11.971  1253  1253 I HidlServiceManagement: Registered vendor.qti.imsrtpservice@2.1::IRTPService/imsrtpservice (start delay of 61ms)
03-12 21:55:11.971  1036  1036 I audioserver: ServiceManager: AudioFlinger instantiate done 0x6d33e54060
03-12 21:55:11.972  1196  1247 I ServiceManager: Waiting for service 'package_native' on '/dev/binder'...
03-12 21:55:11.972  1036  1036 E APM::Serializer: deserialize: Could not parse /odm/etc/audio_policy_configuration.xml document.
03-12 21:55:11.972  1036  1036 E APM::Serializer: deserialize: Could not parse /vendor/etc/audio/audio_policy_configuration.xml document.
03-12 21:55:11.973  1231  1231 W wfdhdcphalservice: libminijail[1231]: failed to get path of fd 5: No such file or directory
03-12 21:55:11.973  1231  1231 W wfdhdcphalservice: libminijail[1231]: allowing syscall: clock_gettime
03-12 21:55:11.973  1231  1231 W wfdhdcphalservice: libminijail[1231]: allowing syscall: connect
03-12 21:55:11.973  1231  1231 W wfdhdcphalservice: libminijail[1231]: allowing syscall: fcntl64
