03-12 21:55:11.973  1231  1231 W wfdhdcphalservice: libminijail[1231]: allowing syscall: socket
03-12 21:55:11.973  1231  1231 W wfdhdcphalservice: libminijail[1231]: allowing syscall: writev
03-12 21:55:11.973  1231  1231 W wfdhdcphalservice: libminijail[1231]: logging seccomp filter failures
03-12 21:55:11.975  1277  1277 E cdsprpcd: vendor/qcom/proprietary/commonsys-intf/adsprpc/src/cdsprpcd.c:29:cdsp daemon starting
03-12 21:55:11.977  1036  1036 D AudioPolicyManagerCustom: USE_XML_AUDIO_POLICY_CONF is TRUE
03-12 21:55:11.978  1036  1036 D APM_EngineLoader: Loaded engine from libaudiopolicyenginedefault.so
03-12 21:55:11.978  1036  1036 E APM::AudioPolicyEngine/Config: parse: Could not parse document /vendor/etc/audio_policy_engine_configuration.xml
03-12 21:55:11.978  1036  1036 E libxml2 : I/O warning : failed to load external entity "/vendor/etc/audio_policy_engine_configuration.xml"
03-12 21:55:11.978  1036  1036 W APM::AudioPolicyEngine/Base: loadAudioPolicyEngineConfig: No configuration found, using default matching phone experience.
03-12 21:55:11.978  1036  1036 E APM::AudioPolicyEngine/Config: parseLegacyVolumeFile: Could not parse document /odm/etc/audio_policy_configuration.xml
03-12 21:55:11.978  1036  1036 E libxml2 : I/O warning : failed to load external entity "/odm/etc/audio_policy_configuration.xml"
03-12 21:55:11.978  1036  1036 E APM::AudioPolicyEngine/Config: parseLegacyVolumeFile: Could not parse document /vendor/etc/audio/audio_policy_configuration.xml
03-12 21:55:11.978  1036  1036 E libxml2 : I/O warning : failed to load external entity "/vendor/etc/audio/audio_policy_configuration.xml"
03-12 21:55:11.978  1231  1231 I HidlServiceManagement: Registered android.hardware.drm@1.3::IDrmFactory/wfdhdcp (start delay of 128ms)
03-12 21:55:11.978  1231  1231 I HidlServiceManagement: Registered android.hardware.drm@1.3::ICryptoFactory/wfdhdcp (start delay of 128ms)
03-12 21:55:11.980  1036  1036 W APM::AudioPolicyEngine/Base: loadAudioPolicyEngineConfig: No configuration of AUDIO_STREAM_ASSISTANT found, using default volume configuration
03-12 21:55:11.980  1036  1036 W APM::AudioPolicyEngine/Base: loadAudioPolicyEngineConfig: No configuration of AUDIO_STREAM_CALL_ASSISTANT found, using default volume configuration
03-12 21:55:11.981  1277  1277 I cdsprpcd: remote_handle_open: Successfully opened handle 0x7f for '":;./\attachguestos on domain 3
03-12 21:55:11.982  1261  1261 I imsrcsd : Uce Service HAL  is starting up...
03-12 21:55:11.986  1261  1261 I imsrcsd : Uce Service HAL  loading imsrcsbaseimpl
03-12 21:55:11.989  1252  1252 I HidlServiceManagement: Registered com.qualcomm.qti.dpm.api@1.0::IdpmQmi/dpmQmiService (start delay of 88ms)
03-12 21:55:11.990  1215  1215 I ServiceManager: Waiting for service 'package_native' on '/dev/binder'...
03-12 21:55:11.995   932   932 W HidlServiceManagement: Waited one second for vendor.oneplus.fingerprint.extension@1.0::IVendorFingerprintExtensions/default
03-12 21:55:11.996   629   629 I hwservicemanager: Since vendor.oneplus.fingerprint.extension@1.0::IVendorFingerprintExtensions/default is not registered, trying to start it as a lazy HAL.
03-12 21:55:11.996   932   932 I HidlServiceManagement: getService: Trying again for vendor.oneplus.fingerprint.extension@1.0::IVendorFingerprintExtensions/default...
03-12 21:55:11.997  1244  1244 I chatty  : uid=1000(system) sensors@1.0-ser expire 7 lines
03-12 21:55:11.998  1277  1277 I cdsprpcd: fastrpc_perf_init: enabled RPC traces (kernel 0, dsp 0) with frequency 1000
03-12 21:55:11.998  1277  1277 I cdsprpcd: remote_handle_open: Successfully opened handle 0xc04caef0 for adsp_default_listener on domain 3
03-12 21:55:11.998  1277  1277 I cdsprpcd: remote_handle_open: Successfully opened handle 0xc04cae10 for adsp_default_listener on domain 3
03-12 21:55:11.999  1277  1277 I cdsprpcd: remote_handle_open: Successfully opened handle 0x7 for '":;./\geteventfd on domain 3
03-12 21:55:12.005  1274  1274 E adsprpcd: vendor/qcom/proprietary/commonsys-intf/adsprpc/src/adsprpcd.c:30:adsp daemon starting
03-12 21:55:12.012     0     0 E         : @7 sm8150-asoc-snd soc:qcom,msm-audio-apr:sound-tavil: ASoC: no sink widget found for SpkrLeft IN
03-12 21:55:12.012     0     0 E         : @7 sm8150-asoc-snd soc:qcom,msm-audio-apr:sound-tavil: ASoC: Failed to add route SPK1 OUT -> direct -> SpkrLeft IN
03-12 21:55:12.012     0     0 E         : @7 sm8150-asoc-snd soc:qcom,msm-audio-apr:sound-tavil: ASoC: no sink widget found for SpkrRight IN
03-12 21:55:12.012     0     0 E         : @7 sm8150-asoc-snd soc:qcom,msm-audio-apr:sound-tavil: ASoC: Failed to add route SPK2 OUT -> direct -> SpkrRight IN
03-12 21:55:12.013   930   930 D audio_hw_primary: adev_open: enter
03-12 21:55:12.016   629   629 I hwservicemanager: getTransport: Cannot find entry vendor.qti.hardware.data.latency@1.0::ILinkLatency/default in either framework or device manifest.
03-12 21:55:12.016  1251  1251 E wifidisplayhal-service: Setup minijail
03-12 21:55:12.016  1245  1245 E HidlServiceManagement: Service vendor.qti.hardware.data.latency@1.0::ILinkLatency/default must be in VINTF manifest in order to register/get.
03-12 21:55:12.017  1251  1251 W wifidisplayhalservice: libminijail[1251]: failed to get path of fd 5: No such file or directory
03-12 21:55:12.017  1251  1251 W wifidisplayhalservice: libminijail[1251]: allowing syscall: clock_gettime
03-12 21:55:12.017  1251  1251 W wifidisplayhalservice: libminijail[1251]: allowing syscall: connect
03-12 21:55:12.017  1251  1251 W wifidisplayhalservice: libminijail[1251]: allowing syscall: fcntl64
03-12 21:55:12.017  1251  1251 W wifidisplayhalservice: libminijail[1251]: allowing syscall: socket
03-12 21:55:12.017  1251  1251 W wifidisplayhalservice: libminijail[1251]: allowing syscall: writev
03-12 21:55:12.017  1251  1251 W wifidisplayhalservice: libminijail[1251]: logging seccomp filter failures
03-12 21:55:12.018  1251  1251 E wifidisplayhal-service: Start with vendor binder
03-12 21:55:12.018   930   930 E ConfigParser: initAndParse: Error: 2 (No such file or directory). Using defaults!
03-12 21:55:12.018  1251  1251 E wifidisplayhal-service: Registering wifidisplay session hal service...
03-12 21:55:12.018  1284  1284 W wfdvnd-service: Setup minijail
03-12 21:55:12.020  1244  1291 I chatty  : uid=1000(system) sensors@1.0-ser expire 98 lines
03-12 21:55:12.020  1245  1245 I HidlServiceManagement: Registered vendor.qti.data.factory@2.0::IFactory/default (start delay of 139ms)
03-12 21:55:12.023   930   930 I HidlServiceManagement: Registered vendor.qti.hardware.audiohalext@1.0::IAudioHalExt/default (start delay of 1073ms)
03-12 21:55:12.023   930   930 I audio_hw_hidl: Registration complete for vendor.qti.hardware.audiohalext@1.0::IAudioHalExt/default.
03-12 21:55:12.023   930   930 D audio_log_utils: registered, module hal
03-12 21:55:12.024  1274  1274 I adsprpcd: remote_handle_open: Successfully opened handle 0x7f for '":;./\createstaticpd:audiopd on domain 0
03-12 21:55:12.024   930   930 D audio_hw_extn: snd_mon_feature_init: Called with feature Enabled
03-12 21:55:12.025  1272  1272 E adsprpcd: vendor/qcom/proprietary/commonsys-intf/adsprpc/src/adsprpcd.c:30:adsp daemon starting
03-12 21:55:12.026  1272  1272 I adsprpcd: remote_handle_open: Successfully opened handle 0x7f for '":;./\attachguestos on domain 0
03-12 21:55:12.027   930   930 D audio_hw_extn: snd_mon_feature_init:: ---- Feature SND_MONITOR is Enabled ----
03-12 21:55:12.027   930   930 W audio_hw_extn: :: compr_cap_feature_init: ---- Feature COMPRESS_CAPTURE is disabled ----
03-12 21:55:12.027   930   930 D audio_hw_extn: dsm_feedback_feature_init: Called with feature NOT Enabled
03-12 21:55:12.027   930   930 W audio_hw_extn: :: dsm_feedback_feature_init: ---- Feature DSM_FEEDBACK is disabled ----
03-12 21:55:12.027   930   930 E audio_hw_extn: ssrec_feature_init: dlopen failed
03-12 21:55:12.027   930   930 W audio_hw_extn: :: ssrec_feature_init: ---- Feature SSREC is disabled ----
03-12 21:55:12.027   930   930 D audio_hw_extn: src_trkn_feature_init:: ---- Feature SOURCE_TRACKING is Enabled ----
03-12 21:55:12.027   930   930 D audio_hw_extn: hdmi_edid_feature_init: HDMI_EDID feature Enabled
03-12 21:55:12.028  1261  1261 I imsrcsd : Starting Service for First Time imsbaseimpl
03-12 21:55:12.029  1284  1284 W wfdvndservice: libminijail[1284]: failed to get path of fd 5: No such file or directory
03-12 21:55:12.029  1284  1284 W wfdvndservice: libminijail[1284]: allowing syscall: clock_gettime
03-12 21:55:12.029  1284  1284 W wfdvndservice: libminijail[1284]: allowing syscall: connect
03-12 21:55:12.029  1284  1284 W wfdvndservice: libminijail[1284]: allowing syscall: fcntl64
03-12 21:55:12.029  1284  1284 W wfdvndservice: libminijail[1284]: allowing syscall: socket
03-12 21:55:12.029  1284  1284 W wfdvndservice: libminijail[1284]: allowing syscall: writev
03-12 21:55:12.029  1284  1284 W wfdvndservice: libminijail[1284]: logging seccomp filter failures
03-12 21:55:12.029  1284  1284 W wfdvnd-service: Start wfdvndservice
03-12 21:55:12.029  1284  1284 W BnHDCPFactoryImp: BnHDCPFactoryImp :: Start
03-12 21:55:12.030   930   930 D audio_hw_extn: hdmi_edid_feature_init:: ---- Feature HDMI_EDID is Enabled ----
03-12 21:55:12.030   930   930 D audio_hw_extn: :: keep_alive_feature_init: ---- Feature KEEP_ALIVE is ENABLED ----
03-12 21:55:12.030   930   930 D audio_hw_extn: :: hifi_audio_feature_init: ---- Feature HIFI_AUDIO is  NOT ENABLED ----
03-12 21:55:12.030   930   930 D audio_hw_extn: :: ras_feature_init: ---- Feature RAS_FEATURE is ENABLED ----
03-12 21:55:12.030   930   930 D audio_hw_extn: :: kpi_optimize_feature_init: ---- Feature KPI_OPTIMIZE is ENABLED ----
03-12 21:55:12.030   930   930 D audio_hw_extn: usb_offload_feature_init: Called with feature Enabled
03-12 21:55:12.030   930   930 D audio_hw_extn: usb_offload_burst_mode_feature_init: Called with feature Enabled
03-12 21:55:12.030   930   930 D audio_hw_extn: usb_offload_sidetone_volume_feature_init: Called with feature NOT Enabled
03-12 21:55:12.030   930   930 D audio_hw_extn: a2dp_offload_feature_init: Called with feature Enabled
03-12 21:55:12.031   930   930 D audio_hw_extn: a2dp_offload_feature_init:: ---- Feature A2DP_OFFLOAD is Enabled ----
03-12 21:55:12.031   930   930 D audio_hw_extn: :: vbat_feature_init: ---- Feature VBAT is ENABLED ----
03-12 21:55:12.031   930   930 D audio_hw_extn: :: display_port_feature_init: ---- Feature DISPLAY_PORT is ENABLED ----
03-12 21:55:12.031   930   930 D audio_hw_extn: :: fluence_feature_init: ---- Feature FLUENCE is ENABLED ----
03-12 21:55:12.031   930   930 D audio_hw_extn: :: custom_stereo_feature_init: ---- Feature CUSTOM_STEREO is ENABLED ----
03-12 21:55:12.031   930   930 D audio_hw_extn: :: anc_headset_feature_init: ---- Feature ANC_HEADSET is ENABLED----
03-12 21:55:12.031   930   930 D audio_hw_extn: spkr_prot_feature_init: Called with feature NOT Enabled, is_running_with_enhanced_fwk 1
03-12 21:55:12.031   930   930 W audio_hw_extn: :: spkr_prot_feature_init: ---- Feature SPKR_PROT is disabled ----
03-12 21:55:12.031   930   930 D audio_hw_extn: fm_feature_init: ---- Feature FM_POWER_OPT is ENABLED----
03-12 21:55:12.031   930   930 D audio_hw_extn: external_qdsp_feature_init: Called with feature NOT Enabled
03-12 21:55:12.031   930   930 W audio_hw_extn: :: external_qdsp_feature_init: ---- Feature EXTERNAL_QDSP is disabled ----
03-12 21:55:12.031   930   930 D audio_hw_extn: external_speaker_feature_init: Called with feature NOT Enabled
03-12 21:55:12.031   930   930 W audio_hw_extn: :: external_speaker_feature_init: ---- Feature EXTERNAL_SPKR is disabled ----
03-12 21:55:12.031   930   930 D audio_hw_extn: external_speaker_tfa_feature_init: Called with feature NOT Enabled
03-12 21:55:12.031   930   930 W audio_hw_extn: :: external_speaker_tfa_feature_init: ---- Feature EXTERNAL_SPKR_TFA is disabled ----
03-12 21:55:12.031   930   930 D audio_hw_extn: hwdep_cal_feature_init: Called with feature NOT Enabled
03-12 21:55:12.031   930   930 W audio_hw_extn: :: hwdep_cal_feature_init: ---- Feature HWDEP_CAL is disabled ----
03-12 21:55:12.031   930   930 D audio_hw_extn: hfp_feature_init: Called with feature Enabled
03-12 21:55:12.036  1251  1251 I HidlServiceManagement: Registered vendor.qti.hardware.wifidisplaysession@1.0::IWifiDisplaySession/wifidisplaysession (start delay of 135ms)
03-12 21:55:12.036  1251  1251 E wifidisplayhal-service: Registering wifidisplay video track hal service...
03-12 21:55:12.037  1251  1251 I HidlServiceManagement: Registered vendor.qti.hardware.wifidisplaysession@1.0::IWifiDisplaySessionVideoTrack/wifidisplaysessionvideotrack (start delay of 137ms)
03-12 21:55:12.037  1251  1251 E wifidisplayhal-service: Registering wifidisplay video track hal service...
03-12 21:55:12.038  1251  1251 I HidlServiceManagement: Registered vendor.qti.hardware.wifidisplaysession@1.0::IWifiDisplaySessionAudioTrack/wifidisplaysessionaudiotrack (start delay of 138ms)
03-12 21:55:12.038  1251  1251 E wifidisplayhal-service: Registering wifidisplay image track hal service...
03-12 21:55:12.039  1251  1251 I HidlServiceManagement: Registered vendor.qti.hardware.wifidisplaysession@1.0::IWifiDisplaySessionImageTrack/wifidisplaysessionimagetrack (start delay of 138ms)
03-12 21:55:12.040   930   930 D audio_hw_extn: hfp_feature_init:: ---- Feature HFP is Enabled ----
03-12 21:55:12.041   930   930 D audio_hw_extn: ext_hw_plugin_feature_init: Called with feature Enabled
03-12 21:55:12.043  1261  1261 I HidlServiceManagement: Registered com.qualcomm.qti.uceservice@2.1::IUceService/com.qualcomm.qti.uceservice (start delay of 122ms)
03-12 21:55:12.043  1261  1261 I imsrcsd : ImsRcsBaseImpl CM_IMSCONNECTIONMANAGER_CREATE_CONNECTION Before Registering Service
03-12 21:55:12.044  1261  1261 I HidlServiceManagement: Registered com.qualcomm.qti.imscmservice@2.2::IImsCmService/qti.ims.connectionmanagerservice (start delay of 123ms)
03-12 21:55:12.044  1261  1261 I imsrcsd : ImsRcsBaseImpl CM_IMSCONNECTIONMANAGER_CREATE_CONNECTION After Registering Service
03-12 21:55:12.044  1261  1261 E imsrcsd : [IMS_COM] |ImsCom.cpp | 53 | | 1261 |Com Fd: 8
03-12 21:55:12.044  1261  1261 E imsrcsd : [IMS_COM] |ImsCom.cpp | 158 | | 1261 |ImsCom::addComEventHandler(int 8, ComEventCallback 0x755b4f51b4, void* 0x0, ComCloseCallback 0x0, events 17) EX
03-12 21:55:12.044  1261  1261 E imsrcsd : [IMS_COM] |ImsCom.cpp | 170 | | 1261 |ImsCom::addComEventHandler epoll_ctl returns: 0
03-12 21:55:12.044  1261  1261 E imsrcsd : [IMS_COM] |ImsCom.cpp | 56 | | 1261 |ImsCom is ready. epollFd:7
03-12 21:55:12.044  1261  1261 E imsrcsd : [IMS_COM] |ImsQmiSvc.cpp | 42 | | 1261 |ImsQmiSvc: Xtor 
03-12 21:55:12.044  1261  1261 E imsrcsd : [IMS_COM] |ImsQmiSvc.cpp | 44 | | 1261 |ImsQmiSvc: qmiimssvcfd : 9 
03-12 21:55:12.044  1261  1261 E imsrcsd : [IMS_COM] |ImsCom.cpp | 158 | | 1261 |ImsCom::addComEventHandler(int 9, ComEventCallback 0x755b4f9ff4, void* 0x768be18e70, ComCloseCallback 0x0, events 1) EX
03-12 21:55:12.044  1261  1261 E imsrcsd : [IMS_COM] |ImsCom.cpp | 170 | | 1261 |ImsCom::addComEventHandler epoll_ctl returns: 0
03-12 21:55:12.045   930   930 D audio_hw_extn: ext_hw_plugin_feature_init:: ---- Feature EXT_HW_PLUGIN is Enabled ----
03-12 21:55:12.045   930   930 D audio_hw_extn: record_play_concurency_feature_init: ---- Feature RECORD_PLAY_CONCURRENCY is NOT ENABLED----
03-12 21:55:12.045   930   930 D audio_hw_extn: hdmi_passthrough_feature_init: Called with feature Enabled
03-12 21:55:12.045  1261  1261 E imsrcsd : [IMS_COM] |ImsQmiSvc.cpp | 115 | | 1261 |ImsQmiSvc: registerForQmiSvcUp 
03-12 21:55:12.045  1261  1261 E imsrcsd : [IMS_COM] |ImsQmiPrivate.cpp | 119 | | 1261 |ImsQmiPrivate Xtor
03-12 21:55:12.046  1261  1261 E imsrcsd : [IMS_COM] |ImsCom.cpp | 158 | | 1261 |ImsCom::addComEventHandler(int 13, ComEventCallback 0x755b4f8220, void* 0x768be18e70, ComCloseCallback 0x0, events 1) EX
03-12 21:55:12.046  1261  1261 E imsrcsd : [IMS_COM] |ImsCom.cpp | 170 | | 1261 |ImsCom::addComEventHandler epoll_ctl returns: 0
03-12 21:55:12.046  1261  1261 E imsrcsd : [IMS_COM] |ImsQmiPrivate.cpp | 226 | | 1261 |QMI IMS Private listener added 0x763be1e630
03-12 21:55:12.046  1261  1261 I imsrcsd : ImsCallInfoService - <API SVC> registerServiceImpl: Registering for vendor.qti.ims.callinfo 
03-12 21:55:12.047   930   930 E audio_hw_extn: hdmi_passthrough_feature_init: dlsym failed
03-12 21:55:12.048   930   930 W audio_hw_extn: :: hdmi_passthrough_feature_init: ---- Feature HDMI_PASSTHROUGH is disabled ----
03-12 21:55:12.048   930   930 D audio_hw_extn: concurrent_capture_feature_init: ---- Feature CONCURRENT_CAPTURE is ENABLED----
03-12 21:55:12.048   930   930 D audio_hw_extn: compress_in_feature_init: ---- Feature COMPRESS_IN is ENABLED----
03-12 21:55:12.048  1178  1178 I ServiceManager: Waiting for service 'package_native' on '/dev/binder'...
03-12 21:55:12.050  1261  1261 I HidlServiceManagement: Registered vendor.qti.ims.callinfo@1.0::IService/default (start delay of 129ms)
03-12 21:55:12.050  1261  1261 I imsrcsd : ImsRcsBaseImpl ImsCallInfo After Registering Service
03-12 21:55:12.051  1274  1274 I adsprpcd: fastrpc_perf_init: enabled RPC traces (kernel 0, dsp 0) with frequency 1000
03-12 21:55:12.053  1274  1274 I adsprpcd: remote_handle_open: Successfully opened handle 0xb0b9f6b0 for adsp_default_listener on domain 0
03-12 21:55:12.054  1274  1274 I adsprpcd: remote_handle_open: Successfully opened handle 0xb0b9f950 for adsp_default_listener on domain 0
03-12 21:55:12.054  1298  1298 I CLD80211: cnss-daemon: initialized exit socket pair
03-12 21:55:12.054  1274  1274 I adsprpcd: remote_handle_open: Successfully opened handle 0x7 for '":;./\geteventfd on domain 0
03-12 21:55:12.054  1298  1298 I CLD80211: cnss-daemon: nlctrl family id: 16 group: svc_msgs mcast_id: 19
03-12 21:55:12.056  1244  1318 I chatty  : uid=1000(system) sensors@1.0-ser expire 54 lines
03-12 21:55:12.057  1244  1310 I chatty  : uid=1000(system) sensors@1.0-ser expire 57 lines
03-12 21:55:12.058  1184  1184 V MediaUtils: physMem: 7831093248
03-12 21:55:12.058  1184  1184 V MediaUtils: requested limit: 1566218640
03-12 21:55:12.058  1184  1184 I libc    : malloc_limit: Allocation limit enabled, max size 1566218640 bytes
03-12 21:55:12.060   863   863 I ServiceManager: Waiting for service 'statscompanion' on '/dev/binder'...
03-12 21:55:12.061  1303  1313 D QCALOG  : [location-mq] SRV Socket-Opend
03-12 21:55:12.061  1303  1303 E LocSvc_utils_cfg: loc_read_process_conf:631]: Unrecognized value for GTP WAA Mode. Setting GTP WAA to default mode: DISABLED
03-12 21:55:12.063  1301  1301 E QCALOG  : [mlid] Failed to load libminksocket
03-12 21:55:12.067  1272  1272 I adsprpcd: fastrpc_perf_init: enabled RPC traces (kernel 0, dsp 0) with frequency 1000
03-12 21:55:12.067  1272  1272 I adsprpcd: remote_handle_open: Successfully opened handle 0xf04d5bb0 for adsp_default_listener on domain 0
03-12 21:55:12.067  1272  1272 I adsprpcd: remote_handle_open: Successfully opened handle 0xf04daba0 for adsp_default_listener on domain 0
03-12 21:55:12.067   930   930 D audio_hw_extn: battery_listener_feature_init: ---- Feature BATTERY_LISTENER is enabled ----
03-12 21:55:12.068  1272  1272 I adsprpcd: remote_handle_open: Successfully opened handle 0x7 for '":;./\geteventfd on domain 0
03-12 21:55:12.073  1196  1247 I ServiceManager: Waiting for service 'package_native' on '/dev/binder'...
03-12 21:55:12.076  1274  1319 W adsprpcd: vendor/qcom/proprietary/commonsys-intf/adsprpc/src/apps_std_imp.c:749: Warning: fopen returned 0x2 for file custom_sm_ecns_2.so.1. (No such file or directory)
03-12 21:55:12.077  1274  1319 W adsprpcd: vendor/qcom/proprietary/commonsys-intf/adsprpc/src/apps_std_imp.c:749: Warning: fopen returned 0x2 for file custom_sm_ecns_1.so.1. (No such file or directory)
03-12 21:55:12.077  1274  1319 W adsprpcd: vendor/qcom/proprietary/commonsys-intf/adsprpc/src/apps_std_imp.c:749: Warning: fopen returned 0x2 for file custom_dm_ecns_1.so.1. (No such file or directory)
03-12 21:55:12.080  1274  1319 W adsprpcd: vendor/qcom/proprietary/commonsys-intf/adsprpc/src/apps_std_imp.c:749: Warning: fopen returned 0x2 for file custom_dm_ecns_2.so.1. (No such file or directory)
03-12 21:55:12.080   930   930 D audio_hw_extn: maxx_audio_feature_init: Called with feature NOT Enabled
03-12 21:55:12.080   930   930 W audio_hw_extn: :: maxx_audio_feature_init: ---- Feature MAXX_AUDIO is disabled ----
03-12 21:55:12.080   930   930 D audio_hw_extn: audiozoom_feature_init: Called with feature NOT Enabled
03-12 21:55:12.080   930   930 W audio_hw_extn: :: audiozoom_feature_init: ---- Feature AUDIOZOOM is disabled ----
03-12 21:55:12.080   930   930 D voice_extn: :: dynamic_ecns_feature_init: ---- Feature DYNAMIC_ECNS is ENABLED ----
03-12 21:55:12.081  1274  1319 W adsprpcd: vendor/qcom/proprietary/commonsys-intf/adsprpc/src/apps_std_imp.c:749: Warning: fopen returned 0x2 for file custom_qm_ecns_1.so.1. (No such file or directory)
03-12 21:55:12.081  1274  1319 W adsprpcd: vendor/qcom/proprietary/commonsys-intf/adsprpc/src/apps_std_imp.c:749: Warning: fopen returned 0x2 for file custom_qm_ecns_2.so.1. (No such file or directory)
03-12 21:55:12.082  1274  1319 W adsprpcd: vendor/qcom/proprietary/commonsys-intf/adsprpc/src/apps_std_imp.c:749: Warning: fopen returned 0x2 for file capi_v2_dummy_ecns.so.1. (No such file or directory)
03-12 21:55:12.082  1274  1319 I chatty  : uid=1013(media) /vendor/bin/adsprpcd identical 1 line
03-12 21:55:12.085     0     0 I @7 input: sm8150-tavil-snd-card Headset Jack as /devices/platform/soc/soc:qcom,msm-audio-apr/soc:qcom,msm-audio-apr:sound-tavil/sound/card0/input14
03-12 21:55:12.085     0     0 I @7 input: sm8150-tavil-snd-card Button Jack as /devices/platform/soc/soc:qcom,msm-audio-apr/soc:qcom,msm-audio-apr:sound-tavil/sound/card0/input15
03-12 21:55:12.085  1274  1319 W adsprpcd: vendor/qcom/proprietary/commonsys-intf/adsprpc/src/apps_std_imp.c:749: Warning: fopen returned 0x2 for file capi_v2_dummy_ecns.so.1. (No such file or directory)
03-12 21:55:12.086     0     0 I         : @7 sm8150-asoc-snd soc:qcom,msm-audio-apr:sound-tavil: Sound card sm8150-tavil-snd-card registered
03-12 21:55:12.086   930   930 D audio_hw_utils: audio_extn_utils_open_snd_mixer: snd_card_name: sm8150-tavil-snd-card
03-12 21:55:12.086   930   930 W hardware_info: update_hardware_info_msmnile: Not a msmnile device
03-12 21:55:12.087   930   930 D audio_hw_utils: audio_extn_utils_open_snd_mixer: Opened sound card:0
03-12 21:55:12.087   930   930 D msm8974_platform: platform_init: Opened sound card:0
03-12 21:55:12.087   930   930 I audio_hw_extn: audio_extn_set_snd_card_split: snd_card_name(sm8150-tavil-snd-card) device(sm8150) snd_card(tavil) form_factor(snd)
03-12 21:55:12.087   930   930 W hardware_info: update_hardware_info_msmnile: Not a msmnile device
03-12 21:55:12.087   930   930 D msm8974_platform: platform_init: Loading mixer file: /vendor/etc/mixer_paths_tavil.xml
03-12 21:55:12.091     0     0 I @7 headset_imp_feature_get: get success!
03-12 21:55:12.093  1215  1215 I ServiceManager: Waiting for service 'package_native' on '/dev/binder'...
03-12 21:55:12.093  1330  1330 W XTIA    : [XTIA] wifi: 1, modem cell need ap: 1
03-12 21:55:12.093  1330  1330 W XTIA    : 	
03-12 21:55:12.096  1184  1184 W mediaextractor: libminijail[1184]: failed to get path of fd 5: No such file or directory
03-12 21:55:12.096  1184  1184 W mediaextractor: libminijail[1184]: allowing syscall: connect
03-12 21:55:12.096  1184  1184 W mediaextractor: libminijail[1184]: allowing syscall: fcntl
03-12 21:55:12.096  1184  1184 W mediaextractor: libminijail[1184]: allowing syscall: sendto
03-12 21:55:12.096  1184  1184 W mediaextractor: libminijail[1184]: allowing syscall: socket
03-12 21:55:12.096  1184  1184 W mediaextractor: libminijail[1184]: allowing syscall: writev
03-12 21:55:12.100  1184  1184 W mediaextractor: libminijail[1184]: logging seccomp filter failures
03-12 21:55:12.100     0     0 I @7 wcd_mbhc_usbc_ana_detect_work_fn: USB supply mode 6
03-12 21:55:12.105     0     0 I @6 SELinux: Context u:object_r:oem_audio_device:s0 is not valid (left unmapped).
03-12 21:55:12.113   629   629 I hwservicemanager: getTransport: Cannot find entry android.hardware.usb.gadget@1.0::IUsbGadget/default in either framework or device manifest.
03-12 21:55:12.113  1340  1340 I usbd    : Usb HAL not found
03-12 21:55:12.122  1326  1326 I Atfwd_Daemon: *** Starting ATFWD-daemon *** 
03-12 21:55:12.123  1326  1326 I Atfwd_Daemon: init all signals
03-12 21:55:12.123  1326  1326 I Atfwd_Daemon: Explicitly disbling qmux 
03-12 21:55:12.123  1326  1326 I Atfwd_Daemon: Disabling QMUX complete...
03-12 21:55:12.123  1326  1326 I Atfwd_Daemon: getting at svc obj for access terminal QMI svc
03-12 21:55:12.123  1326  1326 I Atfwd_Daemon: 
03-12 21:55:12.123  1326  1326 I Atfwd_Daemon: 
03-12 21:55:12.123  1326  1326 I Atfwd_Daemon:  TrtyInit: retryCnt: 1
03-12 21:55:12.123  1326  1326 I Atfwd_Daemon: Using QCCI. Skipping qmi_init
03-12 21:55:12.123  1326  1326 I Atfwd_Daemon: result : 1 	 ,Init step :0 	 ,qmiErrorCode: 0
03-12 21:55:12.123  1326  1326 I Atfwd_Daemon: 
03-12 21:55:12.123  1326  1326 I Atfwd_Daemon:  Back to main.
03-12 21:55:12.123  1326  1326 I Atfwd_Daemon:  tryinit complete with connectresult: 1
03-12 21:55:12.123  1326  1326 I Atfwd_Daemon: 
03-12 21:55:12.123  1326  1326 I Atfwd_Daemon: 
03-12 21:55:12.123  1326  1326 I Atfwd_Daemon:  TrtyInit: retryCnt: 1
03-12 21:55:12.123  1326  1326 I Atfwd_Daemon: 
03-12 21:55:12.123  1326  1326 I Atfwd_Daemon:  qmi_client_init_instance....
03-12 21:55:12.129  1331  1331 D LocSvc_LBSProxy: checkIfLocationExtendedClientExists] File does not Exist
03-12 21:55:12.138  1344  1344 D android.hardware.biometrics.fingerprint@2.1-service.oneplus_msmnile: Opening fingerprint hal library...
03-12 21:55:12.141  1286  1286 I mediaswcodec: media swcodec service starting
03-12 21:55:12.146   629  1290 W libc    : Unable to set property "ctl.interface_start" to "vendor.oneplus.fingerprint.extension@1.0::IVendorFingerprintExtensions/default": error code: 0x20
03-12 21:55:12.148  1286  1286 W mediaswcodec: Could not read additional policy file '/vendor/etc/seccomp_policy/mediaswcodec.policy'
03-12 21:55:12.148  1286  1286 W mediaswcodec: libminijail[1286]: failed to get path of fd 5: No such file or directory
03-12 21:55:12.148  1286  1286 W mediaswcodec: libminijail[1286]: allowing syscall: connect
03-12 21:55:12.148  1286  1286 W mediaswcodec: libminijail[1286]: allowing syscall: fcntl
03-12 21:55:12.148  1286  1286 W mediaswcodec: libminijail[1286]: allowing syscall: sendto
03-12 21:55:12.148  1286  1286 W mediaswcodec: libminijail[1286]: allowing syscall: socket
03-12 21:55:12.148  1286  1286 W mediaswcodec: libminijail[1286]: allowing syscall: writev
03-12 21:55:12.148  1299  1299 W libc    : Unable to set property "ctl.start" to "ril-daemon": error code: 0x20
03-12 21:55:12.149  1147  1173 I adbd    : USB event: FUNCTIONFS_BIND
03-12 21:55:12.149  1178  1178 I ServiceManager: Waiting for service 'package_native' on '/dev/binder'...
03-12 21:55:12.150     0     0 E         : @5 FF Gadgetstart                  0 ?
03-12 21:55:12.150  1286  1286 W mediaswcodec: libminijail[1286]: logging seccomp filter failures
03-12 21:55:12.150  1286  1286 I CodecServiceRegistrant: Creating software Codec2 service...
03-12 21:55:12.151  1184  1184 E MediaExtractorFactory: couldn't opendir(/system/lib64/extractors)
03-12 21:55:12.154     0     0 E         : FF Pullup gsync                 1 ?
03-12 21:55:12.154     0     0 E         : FF EP0 is not in SETUP phase    0 ?
03-12 21:55:12.154     0     0 E         : FF run_stop                     1 ?
03-12 21:55:12.154     0     0 E         : FF __Gadgetstart                0 ?
03-12 21:55:12.155  1286  1286 D C2Store : Default ION heapmask = -1
03-12 21:55:12.155  1286  1286 D C2Store : Default ION flags = 0
03-12 21:55:12.155  1286  1286 D C2Store : Default ION align = 0
03-12 21:55:12.157  1336  1336 I gatekeeperd: Starting gatekeeperd...
03-12 21:55:12.160  1286  1286 I HidlServiceManagement: Registered android.hardware.media.c2@1.1::IComponentStore/software (start delay of 180ms)
03-12 21:55:12.162   863   863 I ServiceManager: Waiting for service 'statscompanion' on '/dev/binder'...
03-12 21:55:12.166  1286  1286 I CodecServiceRegistrant: Preferred Codec2 store is set to "default".
03-12 21:55:12.166  1286  1286 I CodecServiceRegistrant: Software Codec2 service created and registered.
03-12 21:55:12.167     0     0 E         : FF UnmaskINT                    0 ?
03-12 21:55:12.168  1331  1331 V qdma_file_agent: API qdmafagent_initialize() called
03-12 21:55:12.168  1331  1331 I qdma_file_agent: Initialize QDMA file agent success. thread id: 480762682624
03-12 21:55:12.168  1331  1331 V qdma_file_agent: file_agent_post_event(1)
03-12 21:55:12.170     0     0 E         : FF Pullup put                   0 ?
03-12 21:55:12.170     0     0 I android_work: did not send uevent (0 0 0000000000000000)
03-12 21:55:12.171  1331  1357 W LocSvc_LocIpc: send:66] failed reason: No such file or directory
03-12 21:55:12.171  1331  1370 I qdma_file_agent: isRunWithVndEhcFwk: isRunningWithVendorEnhancedFramework 1
03-12 21:55:12.171  1331  1370 I qdma_file_agent: isRunWithVndEhcFwk: 1
03-12 21:55:12.171  1331  1370 V qdma_file_agent: file_agent_get_event(1)
03-12 21:55:12.171  1331  1370 D qdma_file_agent: [init.svc.vendor.qdmastatsd] = []
03-12 21:55:12.171  1331  1370 D qdma_file_agent: [init.svc.vendor.qdmastatsd] = []
03-12 21:55:12.171  1331  1370 I qdma_file_agent: file_agent_thread_handler qdmastatsd is missing, so skip connect
03-12 21:55:12.172  1363  1363 W libc    : Unable to set property "ctl.start" to "vendor.ril-daemon": error code: 0x20
03-12 21:55:12.173  1344  1344 E android.hardware.biometrics.fingerprint@2.1-service.oneplus_msmnile: add_fingerprint_ext_service
03-12 21:55:12.173  1196  1247 I ServiceManager: Waiting for service 'package_native' on '/dev/binder'...
03-12 21:55:12.173  1344  1344 D android.hardware.biometrics.fingerprint@2.1-service.oneplus_msmnile: VendorFingerprintExtensions
03-12 21:55:12.182  1347  1347 I HidlServiceManagement: Registered vendor.oneplus.hardware.ifaa@2.0::IOneplusIfaa/default (start delay of 61ms)
03-12 21:55:12.182  1347  1347 I HidlServiceManagement: Removing namespace from process name vendor.oneplus.hardware.ifaa@2.0-service to ifaa@2.0-service.
03-12 21:55:12.182  1360  1360 I HidlServiceManagement: Registered vendor.oneplus.hardware.rpmb@1.0::IOneplusRpmb/default (start delay of 51ms)
03-12 21:55:12.182  1360  1360 I HidlServiceManagement: Removing namespace from process name vendor.oneplus.hardware.rpmb@1.0-service to rpmb@1.0-service.
03-12 21:55:12.186  1344  1344 I HidlServiceManagement: Registered vendor.oneplus.fingerprint.extension@1.0::IVendorFingerprintExtensions/default (start delay of 86ms)
03-12 21:55:12.186     0     0 I @1 gf_spi: Found
03-12 21:55:12.186     0     0 I @1 gf_spi: Succeed to open device. irq = 300
03-12 21:55:12.186  1344  1344 E [GF_HAL][Device]: [open] Success to open device (/dev/goodix_fp) g_fd=7
03-12 21:55:12.187     0     0 I @1 gf_spi: Sensor has already powered-on.
03-12 21:55:12.187     0     0 I @1 gf_spi: gf_ioctl GF_IOC_RESET.
03-12 21:55:12.188  1339  1339 I update_engine: [INFO:main.cc(54)] A/B Update Engine starting
03-12 21:55:12.190  1344  1344 D QSEECOMAPI: QSEECom_get_handle sb_length = 0x1000
03-12 21:55:12.192   629   629 I hw-BpHwBinder: onLastStrongRef automatically unlinking death recipients
03-12 21:55:12.193     0     0 I @0 capability: warning: `msm_irqbalance' uses 32-bit capabilities (legacy support in use)
03-12 21:55:12.193  1215  1215 I ServiceManager: Waiting for service 'package_native' on '/dev/binder'...
03-12 21:55:12.194   932   932 I HidlServiceManagement: Registered vendor.one.biometrics.fingerprint.inscreen@1.0::IFingerprintInscreen/default (start delay of 1233ms)
03-12 21:55:12.194   932   932 I HidlServiceManagement: Removing namespace from process name vendor.one.biometrics.fingerprint.inscreen@1.0-service.oneplus_msmnile to inscreen@1.0-service.oneplus_msmnile.
03-12 21:55:12.194   932   932 I one.biometrics.fingerprint.inscreen@1.0-service.oneplus_msmnile: FOD HAL service ready.
03-12 21:55:12.196  1339  1339 I update_engine: [INFO:boot_control_android.cc(70)] Loaded boot control hidl hal.
03-12 21:55:12.197  1374  1374 E MSM-irqbalance: WARNING: Cannot find matching virq for hwirq(39).
03-12 21:55:12.198  1374  1374 I MSM-irqbalance: msm-irq_balance (1.3) initialized
03-12 21:55:12.198  1374  1374 I MSM-irqbalance: Configuration
03-12 21:55:12.198  1374  1374 I MSM-irqbalance: Rate: 0.2 Hz
03-12 21:55:12.198  1374  1374 I MSM-irqbalance: Decay Factor: 75.0
03-12 21:55:12.198  1374  1374 I MSM-irqbalance: Balancing Factor: 0.1
03-12 21:55:12.198  1374  1374 I MSM-irqbalance: Debug Log: OFF
03-12 21:55:12.198  1374  1374 I MSM-irqbalance: Cfg file: /system/vendor/etc/msm_irqbalance.conf
03-12 21:55:12.198  1374  1374 I MSM-irqbalance: CPU PRIO: CPU0: 1 CPU1: 1 CPU2: 1 CPU3: 1 CPU4: 0 CPU5: 0 CPU6: 0 CPU7: 0 
03-12 21:55:12.198  1374  1374 I MSM-irqbalance: Ignored IRQs: 4 35 
03-12 21:55:12.200  1339  1339 I update_engine: [INFO:daemon_state_android.cc(43)] Booted in dev mode.
03-12 21:55:12.209  1339  1339 I update_engine: [INFO:delta_performer.cc(1997)] Resetting recorded hash for prepared partitions.
03-12 21:55:12.210  1339  1339 I update_engine: [INFO:update_attempter_android.cc(1010)] Scheduling CleanupPreviousUpdateAction.
03-12 21:55:12.211  1339  1339 I update_engine: [INFO:action_processor.cc(51)] ActionProcessor: starting NoOpAction
03-12 21:55:12.212  1339  1339 I update_engine: [INFO:action_processor.cc(116)] ActionProcessor: finished last action NoOpAction with code ErrorCode::kSuccess
03-12 21:55:12.212  1339  1339 I update_engine: [INFO:update_attempter_android.cc(522)] Processing Done.
03-12 21:55:12.213  1339  1339 I update_engine: [INFO:update_attempter_android.cc(662)] Terminating cleanup previous update.
03-12 21:55:12.220  1376  1376 E Diag_Lib: qpLogDiagInit <== result : 1
03-12 21:55:12.220  1376  1376 E Diag_Lib: DATAD : gIsQXDMDisabled 1, gIsADBDisabled 1, gIsDebugDisabled 1, gIsIMSLogsDisabled 1
03-12 21:55:12.236     0     0 I         : @7 subsys-pil-tz 4080000.qcom,mss: modem: Brought out of reset
03-12 21:55:12.247  1344  1344 D QSEECOMAPI: App is not loaded in QSEE
03-12 21:55:12.248  1344  1344 D QSEECOMAPI: app_arch = 2, total_files = 9
03-12 21:55:12.248  1344  1344 E ion     : ioctl c0044901 failed with code -1: Inappropriate ioctl for device
03-12 21:55:12.251  1178  1178 I ServiceManager: Waiting for service 'package_native' on '/dev/binder'...
03-12 21:55:12.254     0     0 I         : @4 subsys-pil-tz soc:qcom,kgsl-hyp: a640_zap: Brought out of reset
03-12 21:55:12.256  1043  1043 I AdrenoGLES-0: PFP: 0x016ee190, ME: 0x00000000
03-12 21:55:12.262   863   863 I ServiceManager: Waiting for service 'statscompanion' on '/dev/binder'...
03-12 21:55:12.268     0     0 W @6 QSEECOM: qseecom_load_app: App (gfp9558) does'nt exist, loading apps for first time
03-12 21:55:12.269  1043  1043 I Gralloc4: Adding additional valid usage bits: 0x8202400
03-12 21:55:12.269   983  1009 E ion     : ioctl c0044901 failed with code -1: Inappropriate ioctl for device
03-12 21:55:12.270  1043  1043 I RenderEngine: OpenGL ES informations:
03-12 21:55:12.270  1043  1043 I RenderEngine: vendor    : Qualcomm
03-12 21:55:12.270  1043  1043 I RenderEngine: renderer  : Adreno (TM) 640
03-12 21:55:12.270  1043  1043 I RenderEngine: version   : OpenGL ES 3.2 V@0502.0 (GIT@ab8b468, I1017670a82, 1612548454) (Date:02/05/21)
03-12 21:55:12.270  1043  1043 I RenderEngine: extensions: GL_OES_EGL_image GL_OES_EGL_image_external GL_OES_EGL_sync GL_OES_vertex_half_float GL_OES_framebuffer_object GL_OES_rgb8_rgba8 GL_OES_compressed_ETC1_RGB8_texture GL_AMD_compressed_ATC_texture GL_KHR_texture_compression_astc_ldr GL_KHR_texture_compression_astc_hdr GL_OES_texture_compression_astc GL_OES_texture_npot GL_EXT_texture_filter_anisotropic GL_EXT_texture_format_BGRA8888 GL_EXT_read_format_bgra GL_OES_texture_3D GL_EXT_color_buffer_float GL_EXT_color_buffer_half_float GL_QCOM_alpha_test GL_OES_depth24 GL_OES_packed_depth_stencil GL_OES_depth_texture GL_OES_depth_texture_cube_map GL_EXT_sRGB GL_OES_texture_float GL_OES_texture_float_linear GL_OES_texture_half_float GL_OES_texture_half_float_linear GL_EXT_texture_type_2_10_10_10_REV GL_EXT_texture_sRGB_decode GL_EXT_texture_format_sRGB_override GL_OES_element_index_uint GL_EXT_copy_image GL_EXT_geometry_shader GL_EXT_tessellation_shader GL_OES_texture_stencil8 GL_EXT_shader_io_blocks GL_OES_shader_image_atomic GL_OES_sample_variables GL_EX
03-12 21:55:12.270  1043  1043 I RenderEngine: GL_MAX_TEXTURE_SIZE = 16384
03-12 21:55:12.270  1043  1043 I RenderEngine: GL_MAX_VIEWPORT_DIMS = 16384
03-12 21:55:12.273  1196  1247 I ServiceManager: Waiting for service 'package_native' on '/dev/binder'...
03-12 21:55:12.276  1043  1043 E HWComposer: loadLayerMetadataSupport: getLayerGenericMetadataKeys failed: UNSUPPORTED (8)
03-12 21:55:12.276   942   942 I chatty  : uid=1000(system) composer@2.4-se expire 34 lines
03-12 21:55:12.277  1043  1043 I HWComposer: Switching to generalized multi-display mode
03-12 21:55:12.277  1043  1043 W DisplayIdentification: Invalid EDID: falling back to serial number due to missing display name.
03-12 21:55:12.277  1043  1043 W DisplayIdentification: Invalid EDID: falling back to ASCII text due to missing serial number.
03-12 21:55:12.277  1043  1043 E HWComposer: isConnected failed for display 19260779396743297: Invalid display
03-12 21:55:12.280  1043  1398 W SurfaceFlinger: Ignoring VSYNC request while display is disconnected
03-12 21:55:12.281  1043  1398 W SurfaceFlinger: Ignoring VSYNC request while display is disconnected
03-12 21:55:12.281  1043  1399 W SurfaceFlinger: Ignoring VSYNC request while display is disconnected
03-12 21:55:12.281  1043  1399 W SurfaceFlinger: Ignoring VSYNC request while display is disconnected
03-12 21:55:12.282  1043  1398 W SurfaceFlinger: Ignoring VSYNC request while display is disconnected
03-12 21:55:12.282  1043  1398 W SurfaceFlinger: Ignoring VSYNC request while display is disconnected
03-12 21:55:12.282  1043  1043 I FramebufferSurface: framebuffer size has been limited to [1440x3120] from [1440x3120]
03-12 21:55:12.286     0     0 I         : @2 subsys-pil-tz 4080000.qcom,mss: Subsystem error monitoring/handling services are up
03-12 21:55:12.286     0     0 I         : @2 subsys-pil-tz 4080000.qcom,mss: modem: Power/Clock ready interrupt received
03-12 21:55:12.293     0     0 I         : @5 ipa-wan ipa3_lcl_mdm_ssr_notifier_cb:3108 IPA received MPSS AFTER_POWERUP
03-12 21:55:12.293     0     0 E         : @5 ipa ipa3_odl_pipe_open:358 adpl pipe not configured
03-12 21:55:12.293     0     0 I         : @5 ipa-wan ipa3_lcl_mdm_ssr_notifier_cb:3113 IPA AFTER_POWERUP handling is complete
03-12 21:55:12.294  1032  1049 D PerMgrSrv: modem new state: is on-line
03-12 21:55:12.294  1032  1048 D PerMgrSrv: modem state: is on-line, add client cnss-daemon
03-12 21:55:12.294  1032  1048 D PerMgrSrv: cnss-daemon registered
03-12 21:55:12.294  1298  1298 D PerMgrLib: cnss-daemon successfully registered for modem
03-12 21:55:12.294  1298  1298 D PerMgrLib: cnss-daemon voting for modem
03-12 21:55:12.294  1032  1048 D PerMgrSrv: cnss-daemon voting for modem
03-12 21:55:12.294  1032  1048 D PerMgrSrv: modem num voters is 2
03-12 21:55:12.296     0     0 E @4 [drm-dp]: dp_connector_detect: dp_connector_detect:op_dp_enable=0
03-12 21:55:12.297     0     0 E @4 [drm-dp]: dp_connector_detect: dp_connector_detect:op_dp_enable=0
03-12 21:55:12.298  1215  1215 I ServiceManager: Waiting for service 'package_native' on '/dev/binder'...
03-12 21:55:12.300  1024  1024 I vendor.rmt_storage: rmt_storage_connect_cb: clnt_h=0x1 conn_h=0x7382d271d0
03-12 21:55:12.300     0     0 E @4 rmt_storage: INFO:rmt_storage_open_cb: Processing: Open Request for /boot/modem_fs1!
03-12 21:55:12.300  1024  1024 I vendor.rmt_storage: rmt_storage_open_cb: /boot/modem_fs1: req_h=0x1 msg_id=1: Client found
03-12 21:55:12.300  1024  1024 I vendor.rmt_storage: rmt_storage_open_cb: /boot/modem_fs1: req_h=0x1 msg_id=1: Send response: res=0 err=0
03-12 21:55:12.301     0     0 I @4 service-notifier: service_notifier_new_server: Connection established between QMI handle and 180 service
03-12 21:55:12.301     0     0 I @4 sysmon-qmi: ssctl_new_server: Connection established between QMI handle and modem's SSCTL service
03-12 21:55:12.301  1024  1024 I vendor.rmt_storage: rmt_storage_connect_cb: clnt_h=0x2 conn_h=0x7382d27330
03-12 21:55:12.301     0     0 E @4 rmt_storage: INFO:rmt_storage_open_cb: Processing: Open Request for /boot/modem_fs2!
03-12 21:55:12.301  1024  1024 I vendor.rmt_storage: rmt_storage_open_cb: /boot/modem_fs2: req_h=0x2 msg_id=1: Client found
03-12 21:55:12.301  1024  1024 I vendor.rmt_storage: rmt_storage_open_cb: /boot/modem_fs2: req_h=0x2 msg_id=1: Send response: res=0 err=0
03-12 21:55:12.301  1024  1024 I vendor.rmt_storage: rmt_storage_disconnect_cb: clnt_h=0x1 conn_h=0x7382d271d0
03-12 21:55:12.301  1024  1024 I vendor.rmt_storage: rmt_storage_connect_cb: clnt_h=0x3 conn_h=0x7382d271d0
03-12 21:55:12.301     0     0 E @4 rmt_storage: INFO:rmt_storage_open_cb: Processing: Open Request for /boot/modem_fsg!
03-12 21:55:12.301  1024  1024 I vendor.rmt_storage: rmt_storage_open_cb: /boot/modem_fsg: req_h=0x3 msg_id=1: Client found
03-12 21:55:12.301  1024  1024 I vendor.rmt_storage: rmt_storage_open_cb: /boot/modem_fsg: req_h=0x3 msg_id=1: Send response: res=0 err=0
03-12 21:55:12.301  1024  1024 I vendor.rmt_storage: rmt_storage_connect_cb: clnt_h=0x4 conn_h=0x7382d27210
03-12 21:55:12.301  1024  1024 I oem_rmts: oem_remote_storage_should_create_client: init a new client for path:/oem/nvbk/static
03-12 21:55:12.302     0     0 E @4 rmt_storage: INFO:oem_remote_storage_should_create_client: init a new client for path /oem/nvbk/static!
03-12 21:55:12.302  1024  1024 I vendor.rmt_storage: rmt_storage_open_cb: /oem/nvbk/static: req_h=0x4 msg_id=1: Client found
03-12 21:55:12.302  1024  1024 I vendor.rmt_storage: rmt_storage_open_cb: /oem/nvbk/static: req_h=0x4 msg_id=1: Send response: res=0 err=0
03-12 21:55:12.302  1024  1024 I vendor.rmt_storage: rmt_storage_connect_cb: clnt_h=0x5 conn_h=0x7382d270f0
03-12 21:55:12.302  1024  1024 I oem_rmts: oem_remote_storage_should_create_client: init a new client for path:/oem/nvbk/dynamic
03-12 21:55:12.302     0     0 E @4 rmt_storage: INFO:oem_remote_storage_should_create_client: init a new client for path /oem/nvbk/dynamic!
03-12 21:55:12.302  1024  1024 I vendor.rmt_storage: rmt_storage_open_cb: /oem/nvbk/dynamic: req_h=0x5 msg_id=1: Client found
03-12 21:55:12.302  1024  1024 I vendor.rmt_storage: rmt_storage_open_cb: /oem/nvbk/dynamic: req_h=0x5 msg_id=1: Send response: res=0 err=0
03-12 21:55:12.302  1024  1024 I vendor.rmt_storage: rmt_storage_disconnect_cb: clnt_h=0x2 conn_h=0x7382d27330
03-12 21:55:12.302  1024  1024 I vendor.rmt_storage: rmt_storage_disconnect_cb: clnt_h=0x3 conn_h=0x7382d271d0
03-12 21:55:12.302  1024  1024 I vendor.rmt_storage: rmt_storage_disconnect_cb: clnt_h=0x4 conn_h=0x7382d27210
03-12 21:55:12.303  1024  1024 I vendor.rmt_storage: rmt_storage_disconnect_cb: clnt_h=0x5 conn_h=0x7382d270f0
03-12 21:55:12.303  1298  1406 E cnss-daemon: ro.baseband : [msm]
03-12 21:55:12.303  1024  1024 I vendor.rmt_storage: rmt_storage_connect_cb: clnt_h=0x6 conn_h=0x7382d270f0
03-12 21:55:12.303  1024  1024 I vendor.rmt_storage: rmt_storage_alloc_buff_cb: /boot/modem_fs1: req_h=0x6 msg_id=4: Alloc request received: Size: 2097152
03-12 21:55:12.303  1024  1024 I vendor.rmt_storage: rmt_storage_alloc_buff_cb: /boot/modem_fs1: req_h=0x6 msg_id=4: Old Client requesting buffer from RMTS Server
03-12 21:55:12.303     0     0 E @4 rmt_storage: INFO:rmt_storage_alloc_buff_cb: Received req_size: 2097152! avail: 2097152
03-12 21:55:12.303  1024  1024 I vendor.rmt_storage: rmt_storage_alloc_buff_cb: /boot/modem_fs1: req_h=0x6 msg_id=4: Send response: res=0 err=0
03-12 21:55:12.304  1024  1024 I vendor.rmt_storage: rmt_storage_disconnect_cb: clnt_h=0x6 conn_h=0x7382d270f0
03-12 21:55:12.305  1024  1024 I vendor.rmt_storage: rmt_storage_connect_cb: clnt_h=0x7 conn_h=0x7382d270f0
03-12 21:55:12.305  1024  1024 I vendor.rmt_storage: rmt_storage_get_client: No client found for hndl=10
03-12 21:55:12.305  1024  1024 I vendor.rmt_storage: rmt_storage_rw_iovec_cb: /oem/nvbk/static: req_h=0x7 msg_id=3: R/W request received
03-12 21:55:12.305  1024  1024 I oem_rmts: oem_remote_storage_is_oem_client: It's an oem storage client.
03-12 21:55:12.305  1024  1024 I vendor.rmt_storage: wakelock acquired: 1, error no: 11
03-12 21:55:12.305  1024  1413 I vendor.rmt_storage: rmt_storage_client_thread: /boot/modem_fsg: Worker thread started
03-12 21:55:12.306  1024  1413 I vendor.rmt_storage: wake lock name: rmt_storage_495843134720, name creation success: 24
03-12 21:55:12.306  1024  1415 I vendor.rmt_storage: rmt_storage_client_thread: /oem/nvbk/static: Worker thread started
03-12 21:55:12.306  1024  1415 I vendor.rmt_storage: wake lock name: rmt_storage_495842098432, name creation success: 24
03-12 21:55:12.306  1024  1415 I vendor.rmt_storage: rmt_storage_client_thread: /oem/nvbk/static: req_h=0x7 msg_id=3: Bytes read = 512
03-12 21:55:12.306  1024  1415 I vendor.rmt_storage: rmt_storage_client_thread: /oem/nvbk/static: req_h=0x7 msg_id=3: Send response: res=0 err=0
03-12 21:55:12.306  1024  1024 I vendor.rmt_storage: rmt_storage_connect_cb: clnt_h=0x8 conn_h=0x7382d271d0
03-12 21:55:12.306  1024  1024 I vendor.rmt_storage: rmt_storage_get_client: No client found for hndl=10
03-12 21:55:12.306  1024  1024 I vendor.rmt_storage: rmt_storage_rw_iovec_cb: /oem/nvbk/static: req_h=0x8 msg_id=3: R/W request received
03-12 21:55:12.306  1024  1415 I vendor.rmt_storage: rmt_storage_client_thread: /oem/nvbk/static: About to block rmt_storage client thread (th_id: 495842098432) wakelock released: 0, error no: 22
03-12 21:55:12.306  1024  1415 I vendor.rmt_storage: 
03-12 21:55:12.306  1024  1024 I oem_rmts: oem_remote_storage_is_oem_client: It's an oem storage client.
03-12 21:55:12.306  1024  1024 I vendor.rmt_storage: wakelock acquired: 1, error no: 11
03-12 21:55:12.306  1024  1024 I vendor.rmt_storage: rmt_storage_disconnect_cb: clnt_h=0x7 conn_h=0x7382d270f0
03-12 21:55:12.306  1024  1415 I vendor.rmt_storage: rmt_storage_client_thread: /oem/nvbk/static: Unblock worker thread (th_id: 495842098432)
03-12 21:55:12.307  1024  1416 I vendor.rmt_storage: rmt_storage_client_thread: /oem/nvbk/dynamic: Worker thread started
03-12 21:55:12.307  1024  1416 I vendor.rmt_storage: wake lock name: rmt_storage_495841062144, name creation success: 24
03-12 21:55:12.307  1024  1412 I vendor.rmt_storage: rmt_storage_client_thread: /boot/modem_fs2: Worker thread started
03-12 21:55:12.307  1024  1412 I vendor.rmt_storage: wake lock name: rmt_storage_495844171008, name creation success: 24
03-12 21:55:12.308  1024  1415 I vendor.rmt_storage: rmt_storage_client_thread: /oem/nvbk/static: req_h=0x8 msg_id=3: Bytes read = 895488
03-12 21:55:12.308  1024  1415 I vendor.rmt_storage: rmt_storage_client_thread: /oem/nvbk/static: req_h=0x8 msg_id=3: Send response: res=0 err=0
03-12 21:55:12.309  1024  1415 I vendor.rmt_storage: rmt_storage_client_thread: /oem/nvbk/static: About to block rmt_storage client thread (th_id: 495842098432) wakelock released: 1, error no: 22
03-12 21:55:12.309  1024  1415 I vendor.rmt_storage: 
03-12 21:55:12.309  1024  1024 I vendor.rmt_storage: rmt_storage_disconnect_cb: clnt_h=0x8 conn_h=0x7382d271d0
03-12 21:55:12.311  1024  1411 I vendor.rmt_storage: rmt_storage_client_thread: /boot/modem_fs1: Worker thread started
03-12 21:55:12.311  1024  1411 I vendor.rmt_storage: wake lock name: rmt_storage_495845207296, name creation success: 24
03-12 21:55:12.314  1402  1402 I QTI_SDM_INFO: [qti_main.c:590] main():Successfully got the watch descriptor fd:4 for the hex dumps
03-12 21:55:12.314  1402  1402 I QTI_SDM_INFO: [qti_main.c:607] main():Start QTI
03-12 21:55:12.314  1402  1402 I QTI_SDM_INFO: [qti_main.c:705] main():DPL mode only 0
03-12 21:55:12.314  1402  1402 I QTI_SDM_INFO: [qti_rmnet_peripheral.c:820] qti_rmnet_ph_init():Open peripheral file to receive QMI messages
03-12 21:55:12.314  1402  1402 I QTI_SDM_INFO: [qti_rmnet_peripheral.c:766] qti_file_open():Successfully opened device file. FD is 7
03-12 21:55:12.314  1402  1402 I QTI_SDM_INFO: [qti_rmnet_peripheral.c:838] qti_rmnet_ph_init():Opened USB file's fd is 7
03-12 21:55:12.314  1402  1402 E QTI_SDM_INFO: [qti_rmnet_peripheral.c:758] qti_file_open():Could not open device file. Errno 2 error msg=No such file or directory
03-12 21:55:12.321   865   865 W Zygote  : Class not found for preloading: android.inputmethodservice.-$$Lambda$InputMethodService$TvVfWDKZ3ljQdrU87qYykg6uD-I
03-12 21:55:12.328  1024  1024 I vendor.rmt_storage: rmt_storage_connect_cb: clnt_h=0x9 conn_h=0x7382d271d0
03-12 21:55:12.328  1024  1024 I vendor.rmt_storage: rmt_storage_get_client: No client found for hndl=9
03-12 21:55:12.328  1024  1024 I vendor.rmt_storage: rmt_storage_rw_iovec_cb: /oem/nvbk/dynamic: req_h=0x9 msg_id=3: R/W request received
03-12 21:55:12.328  1024  1024 I oem_rmts: oem_remote_storage_is_oem_client: It's an oem storage client.
03-12 21:55:12.328  1024  1024 I vendor.rmt_storage: wakelock acquired: 1, error no: 11
03-12 21:55:12.328  1024  1416 I vendor.rmt_storage: rmt_storage_client_thread: /oem/nvbk/dynamic: Unblock worker thread (th_id: 495841062144)
03-12 21:55:12.328  1024  1416 I vendor.rmt_storage: rmt_storage_client_thread: /oem/nvbk/dynamic: req_h=0x9 msg_id=3: Bytes read = 512
