03-12 21:55:12.328  1024  1416 I vendor.rmt_storage: rmt_storage_client_thread: /oem/nvbk/dynamic: req_h=0x9 msg_id=3: Send response: res=0 err=0
03-12 21:55:12.328  1024  1416 I vendor.rmt_storage: rmt_storage_client_thread: /oem/nvbk/dynamic: About to block rmt_storage client thread (th_id: 495841062144) wakelock released: 1, error no: 0
03-12 21:55:12.328  1024  1416 I vendor.rmt_storage: 
03-12 21:55:12.329  1024  1024 I vendor.rmt_storage: rmt_storage_connect_cb: clnt_h=0xa conn_h=0x7382d270f0
03-12 21:55:12.329  1024  1024 I vendor.rmt_storage: rmt_storage_get_client: No client found for hndl=9
03-12 21:55:12.329  1024  1024 I vendor.rmt_storage: rmt_storage_rw_iovec_cb: /oem/nvbk/dynamic: req_h=0xa msg_id=3: R/W request received
03-12 21:55:12.329  1024  1024 I oem_rmts: oem_remote_storage_is_oem_client: It's an oem storage client.
03-12 21:55:12.329  1024  1024 I vendor.rmt_storage: wakelock acquired: 1, error no: 11
03-12 21:55:12.329  1024  1024 I vendor.rmt_storage: rmt_storage_disconnect_cb: clnt_h=0x9 conn_h=0x7382d271d0
03-12 21:55:12.329  1024  1416 I vendor.rmt_storage: rmt_storage_client_thread: /oem/nvbk/dynamic: Unblock worker thread (th_id: 495841062144)
03-12 21:55:12.331  1024  1416 I vendor.rmt_storage: rmt_storage_client_thread: /oem/nvbk/dynamic: req_h=0xa msg_id=3: Bytes read = 954368
03-12 21:55:12.331  1024  1416 I vendor.rmt_storage: rmt_storage_client_thread: /oem/nvbk/dynamic: req_h=0xa msg_id=3: Send response: res=0 err=0
03-12 21:55:12.331  1024  1416 I vendor.rmt_storage: rmt_storage_client_thread: /oem/nvbk/dynamic: About to block rmt_storage client thread (th_id: 495841062144) wakelock released: 1, error no: 0
03-12 21:55:12.331  1024  1416 I vendor.rmt_storage: 
03-12 21:55:12.332  1024  1024 I vendor.rmt_storage: rmt_storage_disconnect_cb: clnt_h=0xa conn_h=0x7382d270f0
03-12 21:55:12.335     0     0 W @6 QSEECOM: qseecom_load_app: App with id 4 (gfp9558) now loaded
03-12 21:55:12.335  1344  1344 D QSEECOMAPI: Loaded image: APP id = 4
03-12 21:55:12.336  1344  1344 D [GF_HAL][CaEntry]: [startTap] Load ta: gfp9558 succeeded.
03-12 21:55:12.336  1344  1344 D QSEECOMAPI: QSEECom_get_handle sb_length = 0x1000
03-12 21:55:12.336  1344  1344 D QSEECOMAPI: App is already loaded QSEE and app id = 1
03-12 21:55:12.336  1344  1344 D [GF_HAL][CaEntry]: [fetchHmacKeyFromKeyMaster] start keymaster ta succeeded, handle=0x7d4f6f24d0
03-12 21:55:12.339  1344  1344 D [GF_HAL][CaEntry]: [fetchHmacKeyFromKeyMaster] fetch hmac key from keymaster succeeded, key offset:12, key len:152
03-12 21:55:12.339  1344  1344 D QSEECOMAPI: QSEECom_dealloc_memory 
03-12 21:55:12.339  1344  1344 D QSEECOMAPI: QSEECom_shutdown_app, app_id = 1
03-12 21:55:12.339  1344  1344 D [GF_HAL][CaEntry]: [sendCommand] request token: 1, target: 1000, cmd id: 10
03-12 21:55:12.339  1344  1344 D [GF_HAL][CaEntry]: [sendCommand] carveout_ion_handle_fd = 0,carveout_ion_handle_len = 0 
03-12 21:55:12.341   865   865 I zygote64: Thread[1,tid=865,Native,Thread*=0x7ce3652be0,peer=0x12c03040,"main"] recursive attempt to load library "libmedia_jni.so"
03-12 21:55:12.342   865   865 I zygote64: Thread[1,tid=865,Native,Thread*=0x7ce3652be0,peer=0x12c03040,"main"] recursive attempt to load library "libmedia_jni.so"
03-12 21:55:12.342   865   865 D MtpDeviceJNI: register_android_mtp_MtpDevice
03-12 21:55:12.342   865   865 I zygote64: Thread[1,tid=865,Native,Thread*=0x7ce3652be0,peer=0x12c03040,"main"] recursive attempt to load library "libmedia_jni.so"
03-12 21:55:12.342   865   865 I zygote64: Thread[1,tid=865,Native,Thread*=0x7ce3652be0,peer=0x12c03040,"main"] recursive attempt to load library "libmedia_jni.so"
03-12 21:55:12.344  1344  1344 D [GF_HAL][CaEntry]: [sendCommand] request token: 2, target: 1002, cmd id: 9
03-12 21:55:12.344  1344  1344 D [GF_HAL][CaEntry]: [sendCommand] carveout_ion_handle_fd = 14,carveout_ion_handle_len = 4194304 
03-12 21:55:12.349   865   865 W Zygote  : Class not found for preloading: android.media.MediaRouter$Static$Client$1
03-12 21:55:12.349   865   865 W Zygote  : Class not found for preloading: android.media.MediaRouter$Static$Client$2
03-12 21:55:12.351  1178  1178 I ServiceManager: Waiting for service 'package_native' on '/dev/binder'...
03-12 21:55:12.351  1344  1344 D [GF_HAL][HalContext]: [invokeCommand] err = 0, errno = GF_SUCCESS
03-12 21:55:12.351  1024  1024 I vendor.rmt_storage: rmt_storage_connect_cb: clnt_h=0xb conn_h=0x7382d270f0
03-12 21:55:12.351  1024  1024 I vendor.rmt_storage: rmt_storage_rw_iovec_cb: /boot/modem_fs1: req_h=0xb msg_id=3: R/W request received
03-12 21:55:12.351  1344  1344 D [GF_HAL][Thread]: [createThread] Thread id = 2649783488
03-12 21:55:12.352  1024  1024 I vendor.rmt_storage: wakelock acquired: 1, error no: 11
03-12 21:55:12.352  1024  1411 I vendor.rmt_storage: rmt_storage_client_thread: /boot/modem_fs1: Unblock worker thread (th_id: 495845207296)
03-12 21:55:12.352  1344  1421 D [GF_HAL][HalDsp]: [threadLoop] thread runing
03-12 21:55:12.352  1344  1421 D [GF_HAL][HalDsp]: [threadLoop] notify ready
03-12 21:55:12.352  1024  1411 I vendor.rmt_storage: rmt_storage_client_thread: /boot/modem_fs1: req_h=0xb msg_id=3: Bytes read = 512
03-12 21:55:12.352  1024  1411 I vendor.rmt_storage: rmt_storage_client_thread: /boot/modem_fs1: req_h=0xb msg_id=3: Send response: res=0 err=0
03-12 21:55:12.352  1024  1411 I vendor.rmt_storage: rmt_storage_client_thread: /boot/modem_fs1: About to block rmt_storage client thread (th_id: 495845207296) wakelock released: 1, error no: 0
03-12 21:55:12.352  1024  1411 I vendor.rmt_storage: 
03-12 21:55:12.352  1344  1344 D [GF_HAL][HalDsp]: [init] receive ready
03-12 21:55:12.352  1344  1344 D [GF_HAL][HalDsp]: [init] notify init, but NO wait
03-12 21:55:12.352  1344  1344 D [GF_HAL][CaEntry]: [sendCommand] request token: 3, target: 1002, cmd id: 0
03-12 21:55:12.352  1344  1344 D [GF_HAL][CaEntry]: [sendCommand] carveout_ion_handle_fd = 14,carveout_ion_handle_len = 4194304 
03-12 21:55:12.353  1024  1024 I vendor.rmt_storage: rmt_storage_connect_cb: clnt_h=0xc conn_h=0x7382d271d0
03-12 21:55:12.353  1024  1024 I vendor.rmt_storage: rmt_storage_rw_iovec_cb: /boot/modem_fs2: req_h=0xc msg_id=3: R/W request received
03-12 21:55:12.353  1024  1024 I vendor.rmt_storage: wakelock acquired: 1, error no: 11
03-12 21:55:12.353  1024  1024 I vendor.rmt_storage: rmt_storage_disconnect_cb: clnt_h=0xb conn_h=0x7382d270f0
03-12 21:55:12.353  1024  1412 I vendor.rmt_storage: rmt_storage_client_thread: /boot/modem_fs2: Unblock worker thread (th_id: 495844171008)
03-12 21:55:12.353  1024  1412 I vendor.rmt_storage: rmt_storage_client_thread: /boot/modem_fs2: req_h=0xc msg_id=3: Bytes read = 512
03-12 21:55:12.353  1024  1412 I vendor.rmt_storage: rmt_storage_client_thread: /boot/modem_fs2: req_h=0xc msg_id=3: Send response: res=0 err=0
03-12 21:55:12.353  1024  1412 I vendor.rmt_storage: rmt_storage_client_thread: /boot/modem_fs2: About to block rmt_storage client thread (th_id: 495844171008) wakelock released: 1, error no: 0
03-12 21:55:12.353  1024  1412 I vendor.rmt_storage: 
03-12 21:55:12.353  1024  1024 I vendor.rmt_storage: rmt_storage_disconnect_cb: clnt_h=0xc conn_h=0x7382d271d0
03-12 21:55:12.355  1024  1024 I vendor.rmt_storage: rmt_storage_connect_cb: clnt_h=0xd conn_h=0x7382d271d0
03-12 21:55:12.355  1024  1024 I vendor.rmt_storage: rmt_storage_rw_iovec_cb: /boot/modem_fs2: req_h=0xd msg_id=3: R/W request received
03-12 21:55:12.355  1024  1024 I vendor.rmt_storage: wakelock acquired: 1, error no: 11
03-12 21:55:12.355  1024  1412 I vendor.rmt_storage: rmt_storage_client_thread: /boot/modem_fs2: Unblock worker thread (th_id: 495844171008)
03-12 21:55:12.357  1024  1412 I vendor.rmt_storage: rmt_storage_client_thread: /boot/modem_fs2: req_h=0xd msg_id=3: Bytes read = 2096128
03-12 21:55:12.357  1024  1412 I vendor.rmt_storage: rmt_storage_client_thread: /boot/modem_fs2: req_h=0xd msg_id=3: Send response: res=0 err=0
03-12 21:55:12.357  1024  1412 I vendor.rmt_storage: rmt_storage_client_thread: /boot/modem_fs2: About to block rmt_storage client thread (th_id: 495844171008) wakelock released: 1, error no: 0
03-12 21:55:12.357  1024  1412 I vendor.rmt_storage: 
03-12 21:55:12.357  1024  1024 I vendor.rmt_storage: rmt_storage_disconnect_cb: clnt_h=0xd conn_h=0x7382d271d0
03-12 21:55:12.360  1344  1421 D [GF_HAL][HalDsp]: [processSendCmd] receive cmd
03-12 21:55:12.362  1418  1418 I ADPL_SDM_INFO: [adpl_main.c:367] main():Start ADPL
03-12 21:55:12.362   863   863 I ServiceManager: Waiting for service 'statscompanion' on '/dev/binder'...
03-12 21:55:12.362  1418  1418 I ADPL_SDM_INFO: [adpl_dpm.c:232] adpl_dpm_init():adpl_dpm_init()
03-12 21:55:12.363  1418  1418 I ADPL_SDM_INFO: [adpl_dpm.c:260] adpl_dpm_init():Successful DPM service registration
03-12 21:55:12.363  1418  1418 I ADPL_SDM_INFO: [adpl_peripheral.c:388] adpl_ph_init():Open ADPL file to receive QMI messages
03-12 21:55:12.363  1418  1418 I ADPL_SDM_INFO: [adpl_peripheral.c:141] adpl_file_open():Successfully opened device file. FD is 10
03-12 21:55:12.363  1418  1418 I ADPL_SDM_INFO: [adpl_peripheral.c:403] adpl_ph_init():Opened ADPL file's fd is 10
03-12 21:55:12.363  1418  1418 I ADPL_SDM_INFO: [adpl_peripheral.c:633] odl_ph_init():Open ODL file to receive QMI messages
03-12 21:55:12.363  1418  1418 I ADPL_SDM_INFO: [adpl_peripheral.c:141] adpl_file_open():Successfully opened device file. FD is 11
03-12 21:55:12.363  1418  1418 I ADPL_SDM_INFO: [adpl_peripheral.c:647] odl_ph_init():Opened ODL file's fd is 11
03-12 21:55:12.364  1344  1421 D [GF_HAL][gf_proxy_main]: [gf_proxy_dsp_init] enter
03-12 21:55:12.364  1344  1421 D [GF_HAL][gf_proxy_main]: [gf_proxy_sem_init] enter
03-12 21:55:12.364  1344  1421 D [GF_HAL][gf_proxy_main]: [gf_proxy_sem_init] exit
03-12 21:55:12.364  1344  1421 I android.hardware.biometrics.fingerprint@2.1-service.oneplus_msmnile: Successfully opened fastrpc_shell_3
03-12 21:55:12.366   865   865 W Zygote  : Class not found for preloading: android.net.shared.Inet4AddressUtils
03-12 21:55:12.366   865   865 W Zygote  : Class not found for preloading: android.net.shared.InetAddressUtils
03-12 21:55:12.374  1196  1247 I ServiceManager: Waiting for service 'package_native' on '/dev/binder'...
03-12 21:55:12.382  1344  1421 I android.hardware.biometrics.fingerprint@2.1-service.oneplus_msmnile: Successfully created user PD on domain 3 (attrs 0x0, debug_trace 0x0)
03-12 21:55:12.382  1344  1421 I android.hardware.biometrics.fingerprint@2.1-service.oneplus_msmnile: fastrpc_perf_init: enabled RPC traces (kernel 0, dsp 0) with frequency 1000
03-12 21:55:12.388     0     0 E         : @2 FF BUS RESET                    0 ?
03-12 21:55:12.397  1344  1425 W android.hardware.biometrics.fingerprint@2.1-service.oneplus_msmnile: vendor/qcom/proprietary/commonsys-intf/adsprpc/src/apps_std_imp.c:749: Warning: fopen returned 0x2 for file oemconfig.so. (No such file or directory)
03-12 21:55:12.399  1215  1215 I ServiceManager: Waiting for service 'package_native' on '/dev/binder'...
03-12 21:55:12.399  1344  1344 D [GF_HAL][HalContext]: [invokeCommand] err = 0, errno = GF_SUCCESS
03-12 21:55:12.399  1344  1344 D [GF_HAL][CaEntry]: [sendCommand] request token: 4, target: 1002, cmd id: 1
03-12 21:55:12.399  1344  1344 D [GF_HAL][CaEntry]: [sendCommand] carveout_ion_handle_fd = 14,carveout_ion_handle_len = 4194304 
03-12 21:55:12.400  1344  1425 W android.hardware.biometrics.fingerprint@2.1-service.oneplus_msmnile: vendor/qcom/proprietary/commonsys-intf/adsprpc/src/apps_std_imp.c:749: Warning: fopen returned 0x2 for file testsig-0x9491e122.so. (No such file or directory)
03-12 21:55:12.400  1344  1425 W android.hardware.biometrics.fingerprint@2.1-service.oneplus_msmnile: vendor/qcom/proprietary/commonsys-intf/adsprpc/src/apps_std_imp.c:749: Warning: fopen returned 0x2 for file testsig.so. (No such file or directory)
03-12 21:55:12.403  1344  1344 D [GF_HAL][HalContext]: [invokeCommand] err = 0, errno = GF_SUCCESS
03-12 21:55:12.403  1344  1344 I [GF_HAL][Device]: [enable] g_netlink_route=25
03-12 21:55:12.403  1344  1344 D [GF_HAL][Thread]: [createThread] Thread id = 2595863744
03-12 21:55:12.403  1344  1344 D [GF_HAL][CaEntry]: [sendCommand] request token: 5, target: 1002, cmd id: 2
03-12 21:55:12.403  1344  1344 D [GF_HAL][CaEntry]: [sendCommand] carveout_ion_handle_fd = 14,carveout_ion_handle_len = 4194304 
03-12 21:55:12.405   934   934 E CamX    : [ERROR][HWL    ] camxhwenvironment.cpp:618 ProbeImageSensorModules() ImageSensorModuleDataManager created
03-12 21:55:12.405   934   934 E CamX    : [ERROR][SENSOR ] camximagesensormoduledata.cpp:629 Probe() vendorIDAddr:10000,  vendorID:3, slaveAddress:a2
03-12 21:55:12.405     0     0 I @7 CAM_INFO: CAM-SENSOR: cam_sensor_update_id_info: 688 eeprom_slave_addr:  0xa2, vendor_id_Addr: 0x00010000, vendorID: 0x03, vendor_mask: 0x0
03-12 21:55:12.406     0     0 W gf_spi  : IRQ has been enabled.
03-12 21:55:12.406  1344  1421 I android.hardware.biometrics.fingerprint@2.1-service.oneplus_msmnile: remote_handle64_open: Successfully opened handle 0x4f6f29d0 for file:///libproxy_skel.so?proxy_skel_handle_invoke&_modver=1.0&_dom=cdsp on domain 3
03-12 21:55:12.406  1344  1421 D [GF_HAL][gf_proxy_main]: [gf_proxy_open_handle] open handle:538203597264 success
03-12 21:55:12.406  1344  1427 D [GF_HAL][Device]: [threadLoop] GF netlink thread started
03-12 21:55:12.407  1344  1427 D [GF_HAL][Device]: [threadLoop] native process pid=1344
03-12 21:55:12.407  1344  1427 D [GF_HAL][Device]: [threadLoop] bind done
03-12 21:55:12.407  1344  1427 D [GF_HAL][Device]: [threadLoop] send init msg to kernel
03-12 21:55:12.414   865   865 W Zygote  : Class not found for preloading: android.telephony.ims.stub.-$$Lambda$ImsRegistrationImplBase$wwtkoeOtGwMjG5I0-ZTfjNpGU-s
03-12 21:55:12.423   865   865 W Zygote  : Class not found for preloading: android.view.-$$Lambda$cZhmLzK8aetUdx4VlP9w5jR7En0
03-12 21:55:12.424     0     0 I @0 CAM_INFO: CAM-CCI: cam_cci_init: 184 End init ref_count 1 dev=cam-cci-driver
03-12 21:55:12.424     0     0 I @0 CAM_INFO: CAM-SENSOR: cam_sensor_power_up: 1542 camera_io_init
03-12 21:55:12.424     0     0 I @0 CAM_INFO: CAM-SENSOR: cam_sensor_match_id: 926 read id: 0x586 expected id 0x586:
03-12 21:55:12.424     0     0 I @5 CAM_INFO: CAM-SENSOR: cam_sensor_match_id: 979 sensor_id: 0x586, id 0x3, lens 0xe2, lens mismatch
03-12 21:55:12.424     0     0 E @5 CAM_ERR: CAM-SENSOR: cam_sensor_driver_cmd: 1103 cam_sensor_match_id failed, vendor mismatch, rc -1
03-12 21:55:12.427     0     0 I @7 CAM_INFO: CAM-UTIL: cam_soc_util_clk_disable: 577 disable cam_clk
03-12 21:55:12.429     0     0 I @5 CAM_INFO: CAM-UTIL: cam_soc_util_clk_disable: 577 disable cci_0_clk
03-12 21:55:12.429     0     0 I @5 CAM_INFO: CAM-UTIL: cam_soc_util_clk_disable: 577 disable cci_0_clk_src
03-12 21:55:12.429     0     0 I @5 CAM_INFO: CAM-UTIL: cam_soc_util_clk_disable: 577 disable camnoc_axi_clk
03-12 21:55:12.429     0     0 I @5 CAM_INFO: CAM-UTIL: cam_soc_util_clk_disable: 577 disable camnoc_axi_clk_src
03-12 21:55:12.429     0     0 I @5 CAM_INFO: CAM-UTIL: cam_soc_util_clk_disable: 577 disable cpas_ahb_clk
03-12 21:55:12.429     0     0 I @5 CAM_INFO: CAM-UTIL: cam_soc_util_clk_disable: 577 disable slow_ahb_clk_src
03-12 21:55:12.429     0     0 I @5 CAM_INFO: CAM-UTIL: cam_soc_util_clk_disable: 577 disable gcc_axi_sf_clk
03-12 21:55:12.429     0     0 I @5 CAM_INFO: CAM-UTIL: cam_soc_util_clk_disable: 577 disable gcc_axi_hf_clk
03-12 21:55:12.429     0     0 I @5 CAM_INFO: CAM-UTIL: cam_soc_util_clk_disable: 577 disable gcc_ahb_clk
03-12 21:55:12.430     0     0 I @1 CAM_INFO: CAM-CCI: cam_cci_soc_release: 428 End release ref_count 0 dev=cam-cci-driver
03-12 21:55:12.430     0     0 I @1 CAM_INFO: CAM-SENSOR: cam_sensor_power_down: 1583 camera_io_release
03-12 21:55:12.431   865   865 W Zygote  : Class not found for preloading: android.view.autofill.-$$Lambda$AutofillManager$AutofillManagerClient$vxNm6RuuD-r5pkiSxNSBBd1w_Qc
03-12 21:55:12.431   865   865 W Zygote  : Class not found for preloading: android.view.contentcapture.-$$Lambda$MainContentCaptureSession$1$JPRO-nNGZpgXrKr4QC_iQiTbQx0
03-12 21:55:12.431   865   865 W Zygote  : Class not found for preloading: android.view.contentcapture.-$$Lambda$MainContentCaptureSession$1$Xhq3WJibbalS1G_W3PRC2m7muhM
03-12 21:55:12.431   865   865 W Zygote  : Class not found for preloading: android.view.contentcapture.MainContentCaptureSession$1
03-12 21:55:12.445     0     0 E         : @5 FF CONNECT DONE                 0 ?
03-12 21:55:12.450   934   934 E CamX    : [ERROR][CSL    ] camxcslhwinternal.cpp:2963 CSLHwInternalDefaultIoctl() Ioctl failed for device /dev/v4l-subdev17 (Type:CSLHwImageSensor, FD:28, Index:0) with error reason Operation not permitted
03-12 21:55:12.450   934   934 E CamX    : [ERROR][CSL    ] camxcslhwinternalsensor.cpp:243 CSLHwInternalProbeSensorHW() ioctl failed for fd=28
03-12 21:55:12.450   934   934 E CamX    : [ERROR][HWL    ] camxhwenvironment.cpp:713 ProbeImageSensorModules() Sensor not detected for deviceIndex = 0
03-12 21:55:12.451   934   934 E CamX    : [ERROR][SENSOR ] camximagesensormoduledata.cpp:629 Probe() vendorIDAddr:90008,  vendorID:e2, slaveAddress:a2
03-12 21:55:12.452     0     0 I CAM_INFO: CAM-SENSOR: cam_sensor_update_id_info: 688 eeprom_slave_addr:  0xa2, vendor_id_Addr: 0x00090008, vendorID: 0xe2, vendor_mask: 0x0
03-12 21:55:12.452  1178  1178 I ServiceManager: Waiting for service 'package_native' on '/dev/binder'...
03-12 21:55:12.463   863   863 I ServiceManager: Waiting for service 'statscompanion' on '/dev/binder'...
03-12 21:55:12.465     0     0 I @1 CAM_INFO: CAM-CCI: cam_cci_init: 184 End init ref_count 1 dev=cam-cci-driver
03-12 21:55:12.465     0     0 I @1 CAM_INFO: CAM-SENSOR: cam_sensor_power_up: 1542 camera_io_init
03-12 21:55:12.465     0     0 I @5 CAM_INFO: CAM-SENSOR: cam_sensor_match_id: 926 read id: 0x586 expected id 0x586:
03-12 21:55:12.466     0     0 I @7 CAM_INFO: CAM-SENSOR: cam_sensor_match_id: 983 sensor_id: 0x586, vendor_id 0xe2 matched
03-12 21:55:12.474  1196  1247 I ServiceManager: Waiting for service 'package_native' on '/dev/binder'...
03-12 21:55:12.477     0     0 I         : @5 coresight-remote-etm soc:modem_etm0: Connection established between QMI handle and 2 service
03-12 21:55:12.477     0     0 E         : @5 00 SETUP                     ?	80 06 0100 0000 64
03-12 21:55:12.478     0     0 E         : 01 QUEUE                        0 ?	1 18
03-12 21:55:12.478     0     0 I android_work: sent uevent USB_STATE=CONNECTED
03-12 21:55:12.478     0     0 E         : @1 00 DONE                         0 ?	STATUS
03-12 21:55:12.479     0     0 E         : @1 00 DONE                         0 ?	STATUS
03-12 21:55:12.480     0     0 E         : 00 SETUP                     ?	00 05 003B 0000 0
03-12 21:55:12.480     0     0 I SMBLIB  : notify_usb_enumeration_function: status=1,vbus_present:1
03-12 21:55:12.480     0     0 I @7 CAM_INFO: CAM-SENSOR: cam_sensor_driver_cmd: 1117 Probe success,slot:0, slave_addr:0x34, sensor_id:0x586
03-12 21:55:12.481  1160  1186 E ThermalEngine: read error 0. buf:[add@/devices/virtual/thermal/cooling_device21 ACTION=add DEVPATH=/devices/virtual/thermal/cooling_device21 SUBSYSTEM=thermal SEQNUM=7337 ]
03-12 21:55:12.481  1160  1186 E ThermalEngine: read error 0. buf:[add@/devices/virtual/thermal/cooling_device22 ACTION=add DEVPATH=/devices/virtual/thermal/cooling_device22 SUBSYSTEM=thermal SEQNUM=7339 ]
03-12 21:55:12.481   952   980 E android.hardware.thermal@2.0-service.qti: read error:0. buf:add@/devices/virtual/thermal/cooling_device21 ACTION=add DEVPATH=/devices/virtual/thermal/cooling_device21 SUBSYSTEM=thermal SEQNUM=7337 
03-12 21:55:12.481   952   980 E android.hardware.thermal@2.0-service.qti: read error:0. buf:add@/devices/virtual/thermal/cooling_device22 ACTION=add DEVPATH=/devices/virtual/thermal/cooling_device22 SUBSYSTEM=thermal SEQNUM=7339 
03-12 21:55:12.481  1160  1186 E ThermalEngine: read error 0. buf:[add@/devices/virtual/thermal/cooling_device23 ACTION=add DEVPATH=/devices/virtual/thermal/cooling_device23 SUBSYSTEM=thermal SEQNUM=7340 ]
03-12 21:55:12.481   952   980 E android.hardware.thermal@2.0-service.qti: read error:0. buf:add@/devices/virtual/thermal/cooling_device23 ACTION=add DEVPATH=/devices/virtual/thermal/cooling_device23 SUBSYSTEM=thermal SEQNUM=7340 
03-12 21:55:12.482  1160  1186 E ThermalEngine: read error 0. buf:[add@/devices/virtual/thermal/cooling_device24 ACTION=add DEVPATH=/devices/virtual/thermal/cooling_device24 SUBSYSTEM=thermal SEQNUM=7341 ]
03-12 21:55:12.482  1160  1179 I ThermalEngine: MODEM thermal mitigation available.
03-12 21:55:12.482   952   980 E android.hardware.thermal@2.0-service.qti: read error:0. buf:add@/devices/virtual/thermal/cooling_device24 ACTION=add DEVPATH=/devices/virtual/thermal/cooling_device24 SUBSYSTEM=thermal SEQNUM=7341 
03-12 21:55:12.482  1160  1186 E ThermalEngine: read error 0. buf:[add@/devices/virtual/thermal/cooling_device25 ACTION=add DEVPATH=/devices/virtual/thermal/cooling_device25 SUBSYSTEM=thermal SEQNUM=7342 ]
03-12 21:55:12.482     0     0 I @5 CAM_INFO: CAM-UTIL: cam_soc_util_clk_disable: 577 disable cam_clk
03-12 21:55:12.482     0     0 I CAM_INFO: CAM-SENSOR: cam_sensor_match_id: 993 sensor_id: 0x586, fuse_id:9260586a58210303
03-12 21:55:12.482   952   980 E android.hardware.thermal@2.0-service.qti: read error:0. buf:add@/devices/virtual/thermal/cooling_device25 ACTION=add DEVPATH=/devices/virtual/thermal/cooling_device25 SUBSYSTEM=thermal SEQNUM=7342 
03-12 21:55:12.482     0     0 I         : @5 memshare_child soc:qcom,memshare:qcom,client_3: memshare_query: client_id : 1, query_resp.size :5242880, query_resp.resp.result :0
03-12 21:55:12.482  1160  1179 I ThermalEngine: Mitigation:modem[MODEM]:0 pending QMI request succeded
03-12 21:55:12.483     0     0 I         : @5 memshare_child soc:qcom,memshare:qcom,client_3: memshare_alloc: memory alloc request received for client id: 1, proc_id: 0, request size: 5242880
03-12 21:55:12.483     0     0 I         : @5 memshare_child soc:qcom,memshare:qcom,client_3: memshare_alloc: client_id: 1, alloc_resp.num_bytes: 5242880, alloc_resp.resp.result: 0
03-12 21:55:12.483  1160  1179 I ThermalEngine: Mitigation:vdd_restriction[MODEM]:0 pending QMI request succeded
03-12 21:55:12.483   844   858 D QC-time-services: Daemon:time_service_modem_serv_notify_cb: QMI service is up 
03-12 21:55:12.483   844  1018 D QC-time-services: Daemon:genoff_modem_qmi_service_handle_cb: QMI service handle cb called 
03-12 21:55:12.484  1160  1179 I ThermalEngine: Mitigation:modem_proc[MODEM]:0 pending QMI request succeded
03-12 21:55:12.484   844  1018 D QC-time-services: Daemon:genoff_modem_qmi_service_handle_cb: qmi_client_get_service_instance for local returned 0
03-12 21:55:12.484  1160  1179 I ThermalEngine: Mitigation:modem_proc_current[MODEM]:0 pending QMI request succeded
03-12 21:55:12.485     0     0 E @7 diag : In diag_send_peripheral_buffering_mode, buffering flag not set for 0
03-12 21:55:12.485  1160  1179 I ThermalEngine: Mitigation:modem_skin[MODEM]:0 pending QMI request succeded
03-12 21:55:12.485     0     0 I @5 CAM_INFO: CAM-UTIL: cam_soc_util_clk_disable: 577 disable cci_0_clk
03-12 21:55:12.485     0     0 I @5 CAM_INFO: CAM-UTIL: cam_soc_util_clk_disable: 577 disable cci_0_clk_src
03-12 21:55:12.485     0     0 I @5 CAM_INFO: CAM-UTIL: cam_soc_util_clk_disable: 577 disable camnoc_axi_clk
03-12 21:55:12.485     0     0 I @5 CAM_INFO: CAM-UTIL: cam_soc_util_clk_disable: 577 disable camnoc_axi_clk_src
03-12 21:55:12.485     0     0 I @5 CAM_INFO: CAM-UTIL: cam_soc_util_clk_disable: 577 disable cpas_ahb_clk
03-12 21:55:12.485     0     0 I @5 CAM_INFO: CAM-UTIL: cam_soc_util_clk_disable: 577 disable slow_ahb_clk_src
03-12 21:55:12.485     0     0 I @5 CAM_INFO: CAM-UTIL: cam_soc_util_clk_disable: 577 disable gcc_axi_sf_clk
03-12 21:55:12.485     0     0 I @5 CAM_INFO: CAM-UTIL: cam_soc_util_clk_disable: 577 disable gcc_axi_hf_clk
03-12 21:55:12.485     0     0 I @5 CAM_INFO: CAM-UTIL: cam_soc_util_clk_disable: 577 disable gcc_ahb_clk
03-12 21:55:12.486     0     0 I @7 CAM_INFO: CAM-CCI: cam_cci_soc_release: 428 End release ref_count 0 dev=cam-cci-driver
03-12 21:55:12.486     0     0 I @7 CAM_INFO: CAM-SENSOR: cam_sensor_power_down: 1583 camera_io_release
03-12 21:55:12.486     0     0 I @7 CAM_INFO: CAM-SENSOR: cam_sensor_driver_cmd: 1399 fuse_id:9260586a58210303
03-12 21:55:12.486   934   934 E CamX    : [ERROR][CSL    ] camxcslhwinternalsensor.cpp:41 OPSaveFuseId() read fuse_id: 9260586a58210303 
03-12 21:55:12.486   934   934 E CamX    : [ERROR][CSL    ] camxcslhwinternal.cpp:2963 CSLHwInternalDefaultIoctl() Ioctl failed for device /dev/v4l-subdev17 (Type:CSLHwImageSensor, FD:28, Index:40) with error reason Bad address
03-12 21:55:12.487   934   934 E CamX    : [ERROR][HWL    ] camxhwenvironment.cpp:691 ProbeImageSensorModules() QueryCap results for Sensor 0 (deviceIndex: 40) - slotInfo: 0, secureCamera: 0, pitch: 0 roll: 90, yaw: 180, actuatorSlotId: 7 EEPROMSlotId: 7, OISSlotId: 2, flashSlotId: 7 CSIPHYSlotId: 1
03-12 21:55:12.488   934   934 I ISPHVX  : CreateTuningDataManager tuning bin: ofilm_imx586
03-12 21:55:12.489     0     0 E         : @7 00 SETUP                     ?	80 06 0100 0000 18
03-12 21:55:12.490     0     0 E         : 01 QUEUE                        0 ?	1 18
03-12 21:55:12.492     0     0 E         : 00 DONE                         0 ?	STATUS
03-12 21:55:12.492     0     0 E         : 00 SETUP                     ?	80 06 0200 0000 255
03-12 21:55:12.492     0     0 E         : 01 QUEUE                        0 ?	1 32
03-12 21:55:12.492     0     0 E         : 00 DONE                         0 ?	STATUS
03-12 21:55:12.492     0     0 E         : 00 SETUP                     ?	80 06 0F00 0000 255
03-12 21:55:12.492     0     0 E         : 01 QUEUE                        0 ?	1 22
03-12 21:55:12.492     0     0 E         : 00 DONE                         0 ?	STATUS
03-12 21:55:12.492     0     0 E         : 00 SETUP                     ?	80 06 0303 0409 255
03-12 21:55:12.492     0     0 E         : 01 QUEUE                        0 ?	1 18
03-12 21:55:12.492     0     0 E         : 00 DONE                         0 ?	STATUS
03-12 21:55:12.492     0     0 E         : 00 SETUP                     ?	C0 01 0000 0004 16
03-12 21:55:12.496     0     0 E         : 01 QUEUE                        0 ?	1 16
03-12 21:55:12.496     0     0 E         : 00 DONE                         0 ?	STATUS
03-12 21:55:12.496     0     0 E         : 00 SETUP                     ?	C0 01 0000 0004 40
03-12 21:55:12.496     0     0 E         : 01 QUEUE                        0 ?	1 40
03-12 21:55:12.496     0     0 E         : 00 DONE                         0 ?	STATUS
03-12 21:55:12.496     0     0 E         : 00 SETUP                     ?	80 06 0300 0000 255
03-12 21:55:12.496     0     0 E         : 01 QUEUE                        0 ?	1 4
03-12 21:55:12.496     0     0 E         : 00 DONE                         0 ?	STATUS
03-12 21:55:12.496     0     0 E         : 00 SETUP                     ?	80 06 0302 0409 255
03-12 21:55:12.496     0     0 E         : 01 QUEUE                        0 ?	1 48
03-12 21:55:12.502  1215  1215 I ServiceManager: Waiting for service 'package_native' on '/dev/binder'...
03-12 21:55:12.507  1344  1421 D [GF_HAL][gf_proxy_main]: [gf_proxy_send_cmd_to_dsp] enter
03-12 21:55:12.507  1344  1421 D [GF_HAL][gf_proxy_main]: [gf_proxy_send_cmd_to_dsp] send_command success for cmd type:9, times:0
03-12 21:55:12.507  1344  1421 D [GF_HAL][gf_proxy_main]: [gf_proxy_send_cmd_to_dsp] exit
03-12 21:55:12.507  1344  1421 D [GF_HAL][gf_proxy_main]: [gf_proxy_map_ion_buf] enter
03-12 21:55:12.507  1344  1421 D [GF_HAL][gf_proxy_main]: [gf_proxy_map_ion_buf] fd:14, size:4194304
03-12 21:55:12.508   844  1018 D QC-time-services: Daemon:genoff_modem_qmi_service_handle_cb: Initial transaction successful
03-12 21:55:12.511  1344  1425 D [GF_HAL][gf_arm_proxy_imp]: [arm_proxy_notify] enter
03-12 21:55:12.511  1344  1425 E [GF_HAL][gf_arm_proxy_imp]: [arm_proxy_notify] Received notify from DSP cmd:0x9 result:0x0 is err, don't post sem
03-12 21:55:12.511  1344  1425 D [GF_HAL][gf_arm_proxy_imp]: [arm_proxy_notify] exit
03-12 21:55:12.541  1344  1344 D [GF_HAL][HalContext]: [invokeCommand] err = 0, errno = GF_SUCCESS
03-12 21:55:12.542     0     0 E         : 00 DONE                         0 ?	STATUS
03-12 21:55:12.542     0     0 I gf_spi  : Sensor has already powered-on.
03-12 21:55:12.547  1032  1048 D PerMgrSrv: modem state: is on-line, add client QCRIL
03-12 21:55:12.547  1032  1048 D PerMgrSrv: QCRIL registered
03-12 21:55:12.547  1383  1383 D PerMgrLib: QCRIL successfully registered for modem
03-12 21:55:12.551  1344  1344 E [GF_HAL][ShenzhenAlgo]: [v03.02.04.18]
03-12 21:55:12.551  1344  1344 D [GF_HAL][CaEntry]: [sendCommand] request token: 6, target: 1001, cmd id: 0
03-12 21:55:12.551  1344  1344 D [GF_HAL][CaEntry]: [sendCommand] carveout_ion_handle_fd = 14,carveout_ion_handle_len = 4194304 
03-12 21:55:12.554  1032  1048 D PerMgrSrv: modem state: is on-line, add client QCRIL
03-12 21:55:12.554  1032  1048 D PerMgrSrv: QCRIL registered
03-12 21:55:12.554  1391  1391 D PerMgrLib: QCRIL successfully registered for modem
03-12 21:55:12.555  1178  1178 I ServiceManager: Waiting for service 'package_native' on '/dev/binder'...
03-12 21:55:12.563   863   863 I ServiceManager: Waiting for service 'statscompanion' on '/dev/binder'...
03-12 21:55:12.563     0     0 E         : @5 00 SETUP                     ?	80 00 0000 0000 2
03-12 21:55:12.563     0     0 E         : @5 FF resize_fifo                  3 ?
03-12 21:55:12.563     0     0 E         : @5 FF currentDraw                500 ?
03-12 21:55:12.563     0     0 E @5 SMBLIB: smblib_set_prop_sdp_current_max: set usb current_max=500000
03-12 21:55:12.564     0     0 E         : @4 00 DONE                         0 ?	STATUS
03-12 21:55:12.564  1147  1173 I adbd    : USB event: FUNCTIONFS_ENABLE
03-12 21:55:12.564     0     0 E         : 01 QUEUE                        0 ?	1 2
03-12 21:55:12.564     0     0 E         : 00 DONE                         0 ?	STATUS
03-12 21:55:12.564     0     0 E         : 00 SETUP                     ?	00 09 0001 0000 0
03-12 21:55:12.564     0     0 E         : FF fifo_reset                   3 ?
03-12 21:55:12.564     0     0 E         : FF fifo_reset                   5 ?
03-12 21:55:12.564     0     0 E         : FF fifo_reset                   7 ?
03-12 21:55:12.564     0     0 E         : FF fifo_reset                   9 ?
03-12 21:55:12.564     0     0 E         : FF fifo_reset                  11 ?
03-12 21:55:12.564     0     0 E         : FF fifo_reset                  13 ?
03-12 21:55:12.564     0     0 E         : FF fifo_reset                  15 ?
03-12 21:55:12.564     0     0 E         : FF fifo_reset                  17 ?
03-12 21:55:12.564     0     0 E         : FF fifo_reset                  19 ?
03-12 21:55:12.564     0     0 E         : FF fifo_reset                  21 ?
03-12 21:55:12.564     0     0 E         : FF fifo_reset                  23 ?
03-12 21:55:12.564     0     0 E         : FF fifo_reset                  25 ?
03-12 21:55:12.564     0     0 E         : FF fifo_reset                  27 ?
03-12 21:55:12.564     0     0 E         : FF fifo_reset                  29 ?
03-12 21:55:12.564     0     0 E         : FF fifo_reset                  31 ?
03-12 21:55:12.564     0     0 I configfs-gadget gadget: high-speed config #1: b
03-12 21:55:12.564     0     0 E         : FF fifo_depth                 130 ?
03-12 21:55:12.564     0     0 I         : usb_gadget_vbus_draw USB setting current is 500mA
03-12 21:55:12.564     0     0 I msm-dwc3 a600000.ssusb: Avail curr from USB = 500
03-12 21:55:12.564     0     0 I android_work: sent uevent USB_STATE=CONFIGURED
03-12 21:55:12.564  1147  1452 I adbd    : UsbFfs-worker thread spawned
03-12 21:55:12.569     0     0 E         : @2 00 SETUP                     ?	80 06 0300 0000 255
03-12 21:55:12.570     0     0 E         : 01 QUEUE                        0 ?	1 4
03-12 21:55:12.570     0     0 E         : 00 DONE                         0 ?	STATUS
03-12 21:55:12.570     0     0 E         : 00 SETUP                     ?	80 06 0301 0409 255
03-12 21:55:12.570     0     0 E         : 01 QUEUE                        0 ?	1 16
03-12 21:55:12.570     0     0 E         : 00 DONE                         0 ?	STATUS
03-12 21:55:12.570     0     0 E         : 00 SETUP                     ?	80 06 0302 0409 255
03-12 21:55:12.570     0     0 E         : 01 QUEUE                        0 ?	1 48
03-12 21:55:12.575  1196  1247 I ServiceManager: Waiting for service 'package_native' on '/dev/binder'...
03-12 21:55:12.599  1383  1383 I HidlServiceManagement: Registered vendor.qti.hardware.radio.am@1.0::IQcRilAudio/slot1 (start delay of 389ms)
03-12 21:55:12.602  1215  1215 I ServiceManager: Waiting for service 'package_native' on '/dev/binder'...
03-12 21:55:12.611  1383  1383 I HidlServiceManagement: Registered vendor.qti.hardware.radio.qcrilhook@1.0::IQtiOemHook/oemhook0 (start delay of 401ms)
03-12 21:55:12.611  1383  1383 D PerMgrLib: QCRIL voting for modem
03-12 21:55:12.611  1032  1048 D PerMgrSrv: QCRIL voting for modem
03-12 21:55:12.611  1032  1048 D PerMgrSrv: modem num voters is 3
03-12 21:55:12.627  1383  1470 I HidlServiceManagement: Registered vendor.qti.hardware.radio.uim@1.2::IUim/Uim0 (start delay of 417ms)
03-12 21:55:12.629  1383  1475 I HidlServiceManagement: Registered vendor.qti.hardware.radio.uim_remote_client@1.0::IUimRemoteServiceClient/uimRemoteClient0 (start delay of 419ms)
03-12 21:55:12.633  1383  1433 I HidlServiceManagement: Registered vendor.qti.hardware.radio.lpa@1.0::IUimLpa/UimLpa0 (start delay of 423ms)
03-12 21:55:12.633  1383  1476 I HidlServiceManagement: Registered vendor.qti.hardware.radio.uim_remote_server@1.0::IUimRemoteServiceServer/uimRemoteServer0 (start delay of 423ms)
03-12 21:55:12.635  1383  1472 I HidlServiceManagement: Registered vendor.qti.hardware.data.connection@1.1::IDataConnection/slot1 (start delay of 425ms)
03-12 21:55:12.641  1383  1474 I HidlServiceManagement: Registered android.hardware.radio@1.2::ISap/slot1 (start delay of 430ms)
03-12 21:55:12.656  1178  1178 I ServiceManager: Waiting for service 'package_native' on '/dev/binder'...
03-12 21:55:12.663   863   863 I ServiceManager: Waiting for service 'statscompanion' on '/dev/binder'...
03-12 21:55:12.671  1383  1433 I HidlServiceManagement: Registered vendor.qti.hardware.radio.qtiradio@2.3::IQtiRadio/slot1 (start delay of 461ms)
03-12 21:55:12.672  1383  1383 I HidlServiceManagement: Registered android.hardware.radio@1.4::IRadio/slot1 (start delay of 461ms)
03-12 21:55:12.672  1383  1433 I HidlServiceManagement: Registered vendor.qti.hardware.radio.ims@1.5::IImsRadio/imsradio0 (start delay of 462ms)
03-12 21:55:12.675  1196  1247 I ServiceManager: Waiting for service 'package_native' on '/dev/binder'...
03-12 21:55:12.678  1383  1383 I HidlServiceManagement: Registered android.hardware.radio.config@1.1::IRadioConfig/default (start delay of 468ms)
03-12 21:55:12.680  1344  1344 D [GF_HAL][HalContext]: [invokeCommand] err = 0, errno = GF_SUCCESS
03-12 21:55:12.681  1344  1344 D [GF_HAL][Thread]: [createThread] Thread id = 2576665792
03-12 21:55:12.681  1344  1344 D [GF_HAL][ShenzhenSensor]: msg : 0
03-12 21:55:12.682  1344  1344 D [GF_HAL][Thread]: [createThread] Thread id = 2575625408
03-12 21:55:12.682  1344  1344 D [GF_HAL][CaEntry]: [sendCommand] request token: 7, target: 1002, cmd id: 8
03-12 21:55:12.682  1344  1344 D [GF_HAL][CaEntry]: [sendCommand] carveout_ion_handle_fd = 14,carveout_ion_handle_len = 4194304 
03-12 21:55:12.686  1344  1482 D [GF_HAL][EventCenter]: [threadLoop] Wait get event
03-12 21:55:12.701  1344  1344 D [GF_HAL][HalContext]: [invokeCommand] err = 0, errno = GF_SUCCESS
03-12 21:55:12.701  1344  1344 D [GF_HAL][Sensor]: [doSleep] ### sleep ###
03-12 21:55:12.701  1344  1484 D [GF_HAL][CaEntry]: [sendCommand] request token: 8, target: 1000, cmd id: 13
03-12 21:55:12.701  1344  1484 D [GF_HAL][CaEntry]: [sendCommand] carveout_ion_handle_fd = 14,carveout_ion_handle_len = 4194304 
03-12 21:55:12.703  1215  1215 I ServiceManager: Waiting for service 'package_native' on '/dev/binder'...
03-12 21:55:12.703  1344  1344 I HidlServiceManagement: Registered android.hardware.biometrics.fingerprint@2.1::IBiometricsFingerprint/default (start delay of 603ms)
03-12 21:55:12.703  1344  1344 I HidlServiceManagement: Removing namespace from process name android.hardware.biometrics.fingerprint@2.1-service.oneplus_msmnile to fingerprint@2.1-service.oneplus_msmnile.
03-12 21:55:12.705  1344  1484 D [GF_HAL][HalContext]: [invokeCommand] err = 0, errno = GF_SUCCESS
03-12 21:55:12.705  1344  1484 D [GF_HAL][HalContext]: [threadLoop] Init finished thead exit.
03-12 21:55:12.714     0     0 E         : 00 DONE                         0 ?	STATUS
03-12 21:55:12.714     0     0 I         : Sending QMI_IPA_INIT_MODEM_DRIVER_REQ_V01
03-12 21:55:12.725  1025  1025 I tftp_server: pid=1025 tid=1025 tftp-server : INF :[tftp_server.c, 659] rcvd request [1] [72] [2] [0] [48]
03-12 21:55:12.726     0     0 E         : @7 ipa-wan ipa3_handle_indication_req:151 not send indication
03-12 21:55:12.726  1025  1486 I tftp_server: pid=1025 tid=1486 tftp-server : INF :[tftp_server_utils.c, 113] file [readwrite/server_check.txt] : [/vendor/rfs/msm/mpss/readwrite/server_check.txt]
03-12 21:55:12.727  1025  1486 I tftp_server: pid=1025 tid=1486 tftp-server : INF :[tftp_server.c, 1202] OACK options : [7680, 200, 10, 0, 0, 0, 0, 0]
03-12 21:55:12.727  1025  1486 I tftp_server: pid=1025 tid=1486 tftp-server : INF :[tftp_os_la.c, 63] open : [-1] [-1] [384] [577] [/vendor/rfs/msm/mpss/readwrite/server_check.txt]
03-12 21:55:12.729     0     0 E         : @7 ipa ipa3_uc_wdi_event_log_info_handler:375 WDI stats ofst=0x47150
03-12 21:55:12.729     0     0 E         : @7 ipa ipa3_uc_ntn_event_log_info_handler:40 NTN stats ofst=0x470e0
03-12 21:55:12.732     0     0 I         : @6 QMI_IPA_INIT_MODEM_DRIVER_REQ_V01 response received
03-12 21:55:12.732  1025  1025 I tftp_server: pid=1025 tid=1025 tftp-server : INF :[tftp_server.c, 659] rcvd request [1] [84] [1] [0] [51]
03-12 21:55:12.733     0     0 E         : @7 ipa ipa3_uc_send_cmd_64b_param:735 Recevied status 0, Expected status 2
03-12 21:55:12.733  1025  1488 I tftp_server: pid=1025 tid=1488 tftp-server : INF :[tftp_server_utils.c, 113] file [readwrite/ota_firewall/ruleset] : [/vendor/rfs/msm/mpss/readwrite/ota_firewall/ruleset]
03-12 21:55:12.733  1025  1488 I tftp_server: pid=1025 tid=1488 tftp-server : INF :[tftp_server.c, 1202] OACK options : [7680, 200, 10, 4, 0, 0, 0, 0]
03-12 21:55:12.733  1025  1488 I tftp_server: pid=1025 tid=1488 tftp-server : INF :[tftp_os_la.c, 63] open : [-1] [-1] [384] [0] [/vendor/rfs/msm/mpss/readwrite/ota_firewall/ruleset]
03-12 21:55:12.733  1025  1488 E tftp_server: pid=1025 tid=1488 tftp-server : ERR :[tftp_os_la.c, 70] open failed: [2] [No such file or directory]
03-12 21:55:12.733  1025  1488 E tftp_server: pid=1025 tid=1488 tftp-server : ERR :[tftp_server.c, 1698] open failed : [-2] [Unknown error -2]
03-12 21:55:12.733  1025  1488 E tftp_server: pid=1025 tid=1488 tftp-server : ERR :[tftp_protocol.c, 1229] sending error-pkt. Code = 1, Msg = Err=2 String=No such file or directory
03-12 21:55:12.734  1025  1025 I tftp_server: pid=1025 tid=1025 tftp-server : INF :[tftp_server.c, 659] rcvd request [1] [84] [1] [0] [52]
03-12 21:55:12.734  1025  1489 I tftp_server: pid=1025 tid=1489 tftp-server : INF :[tftp_server_utils.c, 113] file [readwrite/ota_firewall/ruleset] : [/vendor/rfs/msm/mpss/readwrite/ota_firewall/ruleset]
03-12 21:55:12.734  1025  1489 I tftp_server: pid=1025 tid=1489 tftp-server : INF :[tftp_server.c, 1202] OACK options : [7680, 200, 0, 10, 0, 0, 0, 0]
03-12 21:55:12.734  1025  1489 I tftp_server: pid=1025 tid=1489 tftp-server : INF :[tftp_os_la.c, 63] open : [-1] [-1] [384] [0] [/vendor/rfs/msm/mpss/readwrite/ota_firewall/ruleset]
03-12 21:55:12.734  1025  1489 E tftp_server: pid=1025 tid=1489 tftp-server : ERR :[tftp_os_la.c, 70] open failed: [2] [No such file or directory]
03-12 21:55:12.734  1025  1489 E tftp_server: pid=1025 tid=1489 tftp-server : ERR :[tftp_server.c, 1698] open failed : [-2] [Unknown error -2]
03-12 21:55:12.734  1025  1489 E tftp_server: pid=1025 tid=1489 tftp-server : ERR :[tftp_protocol.c, 1229] sending error-pkt. Code = 1, Msg = Err=2 String=No such file or directory
03-12 21:55:12.750   865   865 W Zygote  : Class not found for preloading: com.android.internal.telephony.GsmCdmaPhone$3
03-12 21:55:12.750   865   865 W Zygote  : Class not found for preloading: com.android.internal.telephony.IccSmsInterfaceManager$2
03-12 21:55:12.756  1178  1178 I ServiceManager: Waiting for service 'package_native' on '/dev/binder'...
03-12 21:55:12.759   865   865 W Zygote  : Class not found for preloading: com.android.internal.telephony.imsphone.-$$Lambda$ImsPhoneCallTracker$QlPVd_3u4_verjHUDnkn6zaSe54
03-12 21:55:12.759   865   865 W Zygote  : Class not found for preloading: com.android.internal.telephony.imsphone.ImsPhone$4
03-12 21:55:12.763   865   865 W Zygote  : Class not found for preloading: com.android.internal.widget.-$$Lambda$gPQuiuEDuOmrh2MixBcV6a5gu5s
03-12 21:55:12.763   865   865 W Zygote  : Class not found for preloading: com.android.internal.widget.LockPatternUtils$2
03-12 21:55:12.763   863   863 I ServiceManager: Waiting for service 'statscompanion' on '/dev/binder'...
03-12 21:55:12.776  1196  1247 I ServiceManager: Waiting for service 'package_native' on '/dev/binder'...
03-12 21:55:12.797  1244  1318 I chatty  : uid=1000(system) sensors@1.0-ser expire 2 lines
03-12 21:55:12.798  1244  1310 I chatty  : uid=1000(system) sensors@1.0-ser expire 4 lines
03-12 21:55:12.803  1215  1215 I ServiceManager: Waiting for service 'package_native' on '/dev/binder'...
03-12 21:55:12.811  1043  1043 D RenderEngine: shader cache generated - 64 shaders in 514.255432 ms
03-12 21:55:12.812  1043  1043 I SurfaceFlinger: Unable to create frame scheduler extension
03-12 21:55:12.814   865   865 I Zygote  : ...preloaded 12107 classes in 1335ms.
03-12 21:55:12.815   865   865 I zygote64: VMRuntime.preloadDexCaches starting
03-12 21:55:12.818  1043  1043 I HidlServiceManagement: Registered android.frameworks.displayservice@1.0::IDisplayService/default (start delay of 1578ms)
03-12 21:55:12.818  1043  1043 D SurfaceFlinger: Setting power mode 2 on display 19260779396743297
03-12 21:55:12.819  1043  1043 D SurfaceFlinger: Finished setting power mode 2 on display 19260779396743297
03-12 21:55:12.820  1244  1318 I chatty  : uid=1000(system) sensors@1.0-ser expire 1 line
03-12 21:55:12.820  1244  1318 V sensors-hal: handle_indication:581, indication, payload_len=73
03-12 21:55:12.820  1244  1310 V sensors-hal: handle_ssc_event:100, suid_event for ambient_light, num_suids=1, ts=11.210428s
03-12 21:55:12.820  1244  1310 I sensors-hal: suid_lookup_callback:421, datatype : ambient_light
03-12 21:55:12.820  1244  1310 I sensors-hal: suid_lookup_callback:428, num_mandatory_sensors_found : 1, mandatory_sensor_datatypes.size() : 22
03-12 21:55:12.820  1244  1310 I sensors-hal: suid_lookup_callback:445, received suid for dt=ambient_light, t=11.210474s
03-12 21:55:12.822  1244  1318 V sensors-hal: handle_indication:513, msg_id 34 
03-12 21:55:12.822  1244  1318 V sensors-hal: handle_indication:581, indication, payload_len=69
03-12 21:55:12.822  1244  1310 V sensors-hal: handle_ssc_event:100, suid_event for proximity, num_suids=1, ts=11.211947s
03-12 21:55:12.822  1244  1310 I sensors-hal: suid_lookup_callback:421, datatype : proximity
03-12 21:55:12.822  1244  1310 I sensors-hal: suid_lookup_callback:428, num_mandatory_sensors_found : 2, mandatory_sensor_datatypes.size() : 22
03-12 21:55:12.822  1244  1310 I sensors-hal: suid_lookup_callback:445, received suid for dt=proximity, t=11.211992s
03-12 21:55:12.824     0     0 E         : @7 msm_qti_pp_get_rms_value_control, back not active to query rms be_idx:3
03-12 21:55:12.833   865   865 I zygote64: VMRuntime.preloadDexCaches strings total=423738 before=11663 after=11663
03-12 21:55:12.833   865   865 I zygote64: VMRuntime.preloadDexCaches types total=41377 before=11386 after=11568
03-12 21:55:12.833   865   865 I zygote64: VMRuntime.preloadDexCaches fields total=176146 before=14188 after=15093
03-12 21:55:12.833   865   865 I zygote64: VMRuntime.preloadDexCaches methods total=318584 before=18312 after=18313
03-12 21:55:12.833   865   865 I zygote64: VMRuntime.preloadDexCaches finished
03-12 21:55:12.836   865   865 I zygote64: The ClassLoaderContext is a special shared library.
03-12 21:55:12.840   865   865 D ApplicationLoaders: Created zygote-cached class loader: /system/framework/android.hidl.base-V1.0-java.jar
03-12 21:55:12.840  1244  1318 V sensors-hal: handle_indication:513, msg_id 34 
03-12 21:55:12.840  1244  1318 V sensors-hal: handle_indication:581, indication, payload_len=69
03-12 21:55:12.840  1244  1318 V sensors-hal: handle_indication:513, msg_id 34 
03-12 21:55:12.840  1244  1318 V sensors-hal: handle_indication:581, indication, payload_len=73
03-12 21:55:12.840  1244  1310 V sensors-hal: handle_ssc_event:100, suid_event for proximity, num_suids=1, ts=11.229830s
03-12 21:55:12.840  1244  1310 I sensors-hal: suid_lookup_callback:421, datatype : proximity
03-12 21:55:12.840  1244  1310 I sensors-hal: suid_lookup_callback:428, num_mandatory_sensors_found : 3, mandatory_sensor_datatypes.size() : 22
03-12 21:55:12.840  1244  1310 I sensors-hal: suid_lookup_callback:445, received suid for dt=proximity, t=11.229864s
03-12 21:55:12.840  1244  1310 V sensors-hal: handle_ssc_event:100, suid_event for ambient_light, num_suids=1, ts=11.229878s
03-12 21:55:12.840  1244  1310 I sensors-hal: suid_lookup_callback:421, datatype : ambient_light
03-12 21:55:12.840  1244  1310 I sensors-hal: suid_lookup_callback:428, num_mandatory_sensors_found : 3, mandatory_sensor_datatypes.size() : 22
03-12 21:55:12.840  1244  1310 I sensors-hal: suid_lookup_callback:445, received suid for dt=ambient_light, t=11.229901s
03-12 21:55:12.843   865   865 I zygote64: The ClassLoaderContext is a special shared library.
03-12 21:55:12.847     0     0 I @7 core_get_license_status: cmdrsp_license_result.result = 0x15 for module 0x131ff
03-12 21:55:12.851   865   865 D ApplicationLoaders: Created zygote-cached class loader: /system/framework/android.hidl.manager-V1.0-java.jar
03-12 21:55:12.854   865   865 I zygote64: The ClassLoaderContext is a special shared library.
03-12 21:55:12.854     0     0 E @7 [ELUS]: (elliptic_system_configuration_param_get) : get ELLIPTIC_SYSTEM_CONFIGURATION_CUSTOM_SETTING_00
03-12 21:55:12.854     0     0 E @7 [ELUS]: (elliptic_system_configuration_param_get) : get ELLIPTIC_SYSTEM_CONFIGURATION_CUSTOM_SETTING_01
03-12 21:55:12.855     0     0 E @7 [ELUS]: (elliptic_system_configuration_param_get) : get ELLIPTIC_SYSTEM_CONFIGURATION_CUSTOM_SETTING_02
03-12 21:55:12.855     0     0 E @7 [ELUS]: (elliptic_system_configuration_param_get) : get ELLIPTIC_SYSTEM_CONFIGURATION_CUSTOM_SETTING_03
03-12 21:55:12.856     0     0 E @7 [ELUS]: (elliptic_system_configuration_param_get) : get ELLIPTIC_SYSTEM_CONFIGURATION_CUSTOM_SETTING_04
03-12 21:55:12.856   865   865 D ApplicationLoaders: Created zygote-cached class loader: /system/framework/android.test.base.jar
03-12 21:55:12.856   865   865 I Zygote  : Preloading resources...
03-12 21:55:12.856     0     0 E @7 [ELUS]: (elliptic_system_configuration_param_get) : get ELLIPTIC_SYSTEM_CONFIGURATION_CUSTOM_SETTING_05
03-12 21:55:12.857  1178  1178 I ServiceManager: Waiting for service 'package_native' on '/dev/binder'...
03-12 21:55:12.857     0     0 E @7 [ELUS]: (elliptic_system_configuration_param_get) : get ELLIPTIC_SYSTEM_CONFIGURATION_CUSTOM_SETTING_06
03-12 21:55:12.857     0     0 E @7 [ELUS]: (elliptic_system_configuration_param_get) : get ELLIPTIC_SYSTEM_CONFIGURATION_CUSTOM_SETTING_07
03-12 21:55:12.857     0     0 E @7 [ELUS]: (elliptic_system_configuration_param_get) : get ELLIPTIC_SYSTEM_CONFIGURATION_CUSTOM_SETTING_08
03-12 21:55:12.858     0     0 E @7 [ELUS]: (elliptic_system_configuration_param_get) : get ELLIPTIC_SYSTEM_CONFIGURATION_CUSTOM_SETTING_09
03-12 21:55:12.858     0     0 E @7 [ELUS]: (elliptic_system_configuration_param_get) : get ELLIPTIC_SYSTEM_CONFIGURATION_CUSTOM_SETTING_10
03-12 21:55:12.859     0     0 E @7 [ELUS]: (elliptic_system_configuration_param_get) : get ELLIPTIC_SYSTEM_CONFIGURATION_CUSTOM_SETTING_11
03-12 21:55:12.859     0     0 E @7 [ELUS]: (elliptic_system_configuration_param_get) : get ELLIPTIC_SYSTEM_CONFIGURATION_CUSTOM_SETTING_12
03-12 21:55:12.859     0     0 E @7 [ELUS]: (elliptic_system_configuration_param_get) : get ELLIPTIC_SYSTEM_CONFIGURATION_CUSTOM_SETTING_13
03-12 21:55:12.859     0     0 E @7 [ELUS]: (elliptic_system_configuration_param_get) : get ELLIPTIC_SYSTEM_CONFIGURATION_CUSTOM_SETTING_14
03-12 21:55:12.860     0     0 E @7 [ELUS]: (elliptic_system_configuration_param_get) : get ELLIPTIC_SYSTEM_CONFIGURATION_CUSTOM_SETTING_15
03-12 21:55:12.863   865   865 W Resources: Preloaded drawable resource #0x108028b (android:drawable/dialog_background_material) that varies with configuration!!
03-12 21:55:12.864   863   863 I ServiceManager: Waiting for service 'statscompanion' on '/dev/binder'...
03-12 21:55:12.866     0     0 E         : @7 msm-ext-disp-audio-codec-rx soc:qcom,msm-ext-disp:qcom,msm-ext-disp-audio-codec-rx: msm_ext_disp_audio_type_get: codec_data, get_audio_edid_blk() or get_intf_id is NULL
