03-14 02:18:52.893  1465  1558 I PackageWatchdog: Updated health check state for package android: PASSED -> PASSED
03-14 02:18:52.893  1465  1558 I PackageWatchdog: Updated health check state for package com.android.launcher3: PASSED -> PASSED
03-14 02:18:52.893  1465  1558 I PackageWatchdog: Updated health check state for package com.google.android.networkstack: PASSED -> PASSED
03-14 02:18:52.893  1465  1558 I PackageWatchdog: Updated health check state for package com.android.systemui: PASSED -> PASSED
03-14 02:18:52.893  1465  1558 I PackageWatchdog: Scheduling next state sync in 172700180ms
03-14 02:18:52.893  1465  1558 D PackageWatchdog: rescue-party-observer added the following packages to monitor [android]
03-14 02:18:52.893  1465  1558 I PackageWatchdog: Syncing state, reason: updated observers
03-14 02:18:52.893  1465  1558 I PackageWatchdog: Not pruning observers, elapsed time: 0ms
03-14 02:18:52.893  1465  1558 I PackageWatchdog: Scheduling next state sync in 172700180ms
03-14 02:18:52.894  1465  1558 I PackageWatchdog: Saving observer state to file
03-14 02:18:52.896  1465  1465 D PackageWatchdog: Getting all observed packages pending health checks
03-14 02:18:52.896  1465  1465 I PackageWatchdog: Syncing health check requests for packages: {}
03-14 02:18:52.896  1465  1465 I ExplicitHealthCheckController: Service not ready to get health check supported packages. Binding...
03-14 02:18:52.898  1465  1465 I ExplicitHealthCheckController: Explicit health check service is bound
03-14 02:18:52.900  1465  1465 I ExplicitHealthCheckController: Explicit health check service is connected ComponentInfo{com.google.android.ext.services/android.ext.services.watchdog.ExplicitHealthCheckServiceImpl}
03-14 02:18:52.900  1465  1465 I ExplicitHealthCheckController: Service initialized, syncing requests
03-14 02:18:52.900  1465  1465 D PackageWatchdog: Getting all observed packages pending health checks
03-14 02:18:52.900  1465  1465 I PackageWatchdog: Syncing health check requests for packages: {}
03-14 02:18:52.900  1465  1465 D ExplicitHealthCheckController: Getting health check supported packages
03-14 02:18:52.901  1465  2164 I ExplicitHealthCheckController: Explicit health check supported packages [PackageConfig{com.google.android.networkstack, 86400000}]
03-14 02:18:52.901  1465  2164 D PackageWatchdog: Received supported packages [PackageConfig{com.google.android.networkstack, 86400000}]
03-14 02:18:52.901  1465  2164 I PackageWatchdog: Updated health check state for package com.google.android.ext.services: PASSED -> PASSED
03-14 02:18:52.901  1465  2164 I PackageWatchdog: Updated health check state for package android: PASSED -> PASSED
03-14 02:18:52.901  1465  2164 I PackageWatchdog: Updated health check state for package com.android.launcher3: PASSED -> PASSED
03-14 02:18:52.901  1465  2164 I PackageWatchdog: Updated health check state for package com.google.android.networkstack: PASSED -> PASSED
03-14 02:18:52.901  1465  2164 I PackageWatchdog: Updated health check state for package com.android.systemui: PASSED -> PASSED
03-14 02:18:52.901  1465  2164 D ExplicitHealthCheckController: Getting health check requested packages
03-14 02:18:52.901  1465  2164 I ExplicitHealthCheckController: Explicit health check requested packages []
03-14 02:18:52.901  1465  2164 I ExplicitHealthCheckController: No more health check requests, unbinding...
03-14 02:18:52.903  1465  2164 I ExplicitHealthCheckController: Explicit health check service is unbound
03-14 02:18:52.964  1465  2164 I RescueParty: Starting to observe: [com.android.launcher3], updated namespace: launcher
03-14 02:18:52.965  1465  2164 I PackageWatchdog: Updated health check state for package com.android.launcher3: INACTIVE -> INACTIVE
03-14 02:18:52.965  1465  1558 I PackageWatchdog: Syncing state, reason: observing new packages
03-14 02:18:52.965  1465  1558 I PackageWatchdog: Removing 72ms from all packages on all observers
03-14 02:18:52.965  1465  1558 I PackageWatchdog: Updated health check state for package com.google.android.ext.services: PASSED -> PASSED
03-14 02:18:52.965  1465  1558 I PackageWatchdog: Updated health check state for package android: PASSED -> PASSED
03-14 02:18:52.965  1465  1558 I PackageWatchdog: Updated health check state for package com.android.launcher3: PASSED -> PASSED
03-14 02:18:52.965  1465  1558 I PackageWatchdog: Updated health check state for package com.google.android.networkstack: PASSED -> PASSED
03-14 02:18:52.965  1465  1558 I PackageWatchdog: Updated health check state for package com.android.systemui: PASSED -> PASSED
03-14 02:18:52.965  1465  1558 I PackageWatchdog: Scheduling next state sync in 172700108ms
03-14 02:18:52.965  1465  1558 D PackageWatchdog: rescue-party-observer added the following packages to monitor [com.android.launcher3]
03-14 02:18:52.965  1465  1558 I PackageWatchdog: Syncing state, reason: updated observers
03-14 02:18:52.965  1465  1558 I PackageWatchdog: Not pruning observers, elapsed time: 0ms
03-14 02:18:52.965  1465  1558 I PackageWatchdog: Scheduling next state sync in 172700108ms
03-14 02:18:52.965  1465  1558 I PackageWatchdog: Saving observer state to file
03-14 02:18:52.969  1465  1465 D PackageWatchdog: Getting all observed packages pending health checks
03-14 02:18:52.969  1465  1465 I PackageWatchdog: Syncing health check requests for packages: {}
03-14 02:18:52.969  1465  1465 I ExplicitHealthCheckController: Service not ready to get health check supported packages. Binding...
03-14 02:18:52.971  1465  1465 I ExplicitHealthCheckController: Explicit health check service is bound
03-14 02:18:52.972  1465  1465 I ExplicitHealthCheckController: Explicit health check service is connected ComponentInfo{com.google.android.ext.services/android.ext.services.watchdog.ExplicitHealthCheckServiceImpl}
03-14 02:18:52.972  1465  1465 I ExplicitHealthCheckController: Service initialized, syncing requests
03-14 02:18:52.972  1465  1465 D PackageWatchdog: Getting all observed packages pending health checks
03-14 02:18:52.972  1465  1465 I PackageWatchdog: Syncing health check requests for packages: {}
03-14 02:18:52.973  1465  1465 D ExplicitHealthCheckController: Getting health check supported packages
03-14 02:18:52.973  1465  3471 I ExplicitHealthCheckController: Explicit health check supported packages [PackageConfig{com.google.android.networkstack, 86400000}]
03-14 02:18:52.974  1465  3471 D PackageWatchdog: Received supported packages [PackageConfig{com.google.android.networkstack, 86400000}]
03-14 02:18:52.974  1465  3471 I PackageWatchdog: Updated health check state for package com.google.android.ext.services: PASSED -> PASSED
03-14 02:18:52.974  1465  3471 I PackageWatchdog: Updated health check state for package android: PASSED -> PASSED
03-14 02:18:52.974  1465  3471 I PackageWatchdog: Updated health check state for package com.android.launcher3: PASSED -> PASSED
03-14 02:18:52.974  1465  3471 I PackageWatchdog: Updated health check state for package com.google.android.networkstack: PASSED -> PASSED
03-14 02:18:52.974  1465  3471 I PackageWatchdog: Updated health check state for package com.android.systemui: PASSED -> PASSED
03-14 02:18:52.974  1465  3471 D ExplicitHealthCheckController: Getting health check requested packages
03-14 02:18:52.974  1465  3471 I ExplicitHealthCheckController: Explicit health check requested packages []
03-14 02:18:52.974  1465  3471 I ExplicitHealthCheckController: No more health check requests, unbinding...
03-14 02:18:52.976  1465  4406 I RescueParty: Starting to observe: [android], updated namespace: netd_native
03-14 02:18:52.977  1465  4406 I PackageWatchdog: Updated health check state for package android: INACTIVE -> INACTIVE
03-14 02:18:52.977  1465  3471 I ExplicitHealthCheckController: Explicit health check service is unbound
03-14 02:18:52.977  1465  1558 I PackageWatchdog: Syncing state, reason: observing new packages
03-14 02:18:52.977  1465  1558 I PackageWatchdog: Removing 12ms from all packages on all observers
03-14 02:18:52.977  1465  1558 I PackageWatchdog: Updated health check state for package com.google.android.ext.services: PASSED -> PASSED
03-14 02:18:52.977  1465  1558 I PackageWatchdog: Updated health check state for package android: PASSED -> PASSED
03-14 02:18:52.977  1465  1558 I PackageWatchdog: Updated health check state for package com.android.launcher3: PASSED -> PASSED
03-14 02:18:52.977  1465  1558 I PackageWatchdog: Updated health check state for package com.google.android.networkstack: PASSED -> PASSED
03-14 02:18:52.977  1465  1558 I PackageWatchdog: Updated health check state for package com.android.systemui: PASSED -> PASSED
03-14 02:18:52.977  1465  1558 I PackageWatchdog: Scheduling next state sync in 172700096ms
03-14 02:18:52.977  1465  1558 D PackageWatchdog: rescue-party-observer added the following packages to monitor [android]
03-14 02:18:52.977  1465  1558 I PackageWatchdog: Syncing state, reason: updated observers
03-14 02:18:52.977  1465  1558 I PackageWatchdog: Not pruning observers, elapsed time: 0ms
03-14 02:18:52.978  1465  1558 I PackageWatchdog: Scheduling next state sync in 172700096ms
03-14 02:18:52.978  1465  1558 I PackageWatchdog: Saving observer state to file
03-14 02:18:52.981  1465  1465 D PackageWatchdog: Getting all observed packages pending health checks
03-14 02:18:52.981  1465  1465 I PackageWatchdog: Syncing health check requests for packages: {}
03-14 02:18:52.981  1465  1465 I ExplicitHealthCheckController: Service not ready to get health check supported packages. Binding...
03-14 02:18:52.983  1465  1465 I ExplicitHealthCheckController: Explicit health check service is bound
03-14 02:18:52.986  1465  1465 I ExplicitHealthCheckController: Explicit health check service is connected ComponentInfo{com.google.android.ext.services/android.ext.services.watchdog.ExplicitHealthCheckServiceImpl}
03-14 02:18:52.986  1465  1465 I ExplicitHealthCheckController: Service initialized, syncing requests
03-14 02:18:52.986  1465  1465 D PackageWatchdog: Getting all observed packages pending health checks
03-14 02:18:52.986  1465  1465 I PackageWatchdog: Syncing health check requests for packages: {}
03-14 02:18:52.986  1465  1465 D ExplicitHealthCheckController: Getting health check supported packages
03-14 02:18:52.987  1465  6870 I ExplicitHealthCheckController: Explicit health check supported packages [PackageConfig{com.google.android.networkstack, 86400000}]
03-14 02:18:52.987  1465  6870 D PackageWatchdog: Received supported packages [PackageConfig{com.google.android.networkstack, 86400000}]
03-14 02:18:52.987  1465  6870 I PackageWatchdog: Updated health check state for package com.google.android.ext.services: PASSED -> PASSED
03-14 02:18:52.987  1465  6870 I PackageWatchdog: Updated health check state for package android: PASSED -> PASSED
03-14 02:18:52.987  1465  6870 I PackageWatchdog: Updated health check state for package com.android.launcher3: PASSED -> PASSED
03-14 02:18:52.987  1465  6870 I PackageWatchdog: Updated health check state for package com.google.android.networkstack: PASSED -> PASSED
03-14 02:18:52.987  1465  6870 I PackageWatchdog: Updated health check state for package com.android.systemui: PASSED -> PASSED
03-14 02:18:52.987  1465  6870 D ExplicitHealthCheckController: Getting health check requested packages
03-14 02:18:52.988  1465  6870 I ExplicitHealthCheckController: Explicit health check requested packages []
03-14 02:18:52.988  1465  6870 I ExplicitHealthCheckController: No more health check requests, unbinding...
03-14 02:18:52.990  1465  6870 I ExplicitHealthCheckController: Explicit health check service is unbound
03-14 02:18:53.033  1465  6870 I RescueParty: Starting to observe: [com.android.systemui], updated namespace: privacy
03-14 02:18:53.033  1465  6870 I PackageWatchdog: Updated health check state for package com.android.systemui: INACTIVE -> INACTIVE
03-14 02:18:53.033  1465  1558 I PackageWatchdog: Syncing state, reason: observing new packages
03-14 02:18:53.033  1465  1558 I PackageWatchdog: Removing 55ms from all packages on all observers
03-14 02:18:53.033  1465  1558 I PackageWatchdog: Updated health check state for package com.google.android.ext.services: PASSED -> PASSED
03-14 02:18:53.033  1465  1558 I PackageWatchdog: Updated health check state for package android: PASSED -> PASSED
03-14 02:18:53.033  1465  1558 I PackageWatchdog: Updated health check state for package com.android.launcher3: PASSED -> PASSED
03-14 02:18:53.033  1465  1558 I PackageWatchdog: Updated health check state for package com.google.android.networkstack: PASSED -> PASSED
03-14 02:18:53.033  1465  1558 I PackageWatchdog: Updated health check state for package com.android.systemui: PASSED -> PASSED
03-14 02:18:53.033  1465  1558 I PackageWatchdog: Scheduling next state sync in 172700041ms
03-14 02:18:53.033  1465  1558 D PackageWatchdog: rescue-party-observer added the following packages to monitor [com.android.systemui]
03-14 02:18:53.033  1465  1558 I PackageWatchdog: Syncing state, reason: updated observers
03-14 02:18:53.033  1465  1558 I PackageWatchdog: Not pruning observers, elapsed time: 0ms
03-14 02:18:53.033  1465  1558 I PackageWatchdog: Scheduling next state sync in 172700041ms
03-14 02:18:53.033  1465  1558 I PackageWatchdog: Saving observer state to file
03-14 02:18:53.036  1465  1465 D PackageWatchdog: Getting all observed packages pending health checks
03-14 02:18:53.036  1465  1465 I PackageWatchdog: Syncing health check requests for packages: {}
03-14 02:18:53.036  1465  1465 I ExplicitHealthCheckController: Service not ready to get health check supported packages. Binding...
03-14 02:18:53.038  1465  1465 I ExplicitHealthCheckController: Explicit health check service is bound
03-14 02:18:53.043  1465  1465 I ExplicitHealthCheckController: Explicit health check service is connected ComponentInfo{com.google.android.ext.services/android.ext.services.watchdog.ExplicitHealthCheckServiceImpl}
03-14 02:18:53.043  1465  1465 I ExplicitHealthCheckController: Service initialized, syncing requests
03-14 02:18:53.043  1465  1465 D PackageWatchdog: Getting all observed packages pending health checks
03-14 02:18:53.043  1465  1465 I PackageWatchdog: Syncing health check requests for packages: {}
03-14 02:18:53.043  1465  1465 D ExplicitHealthCheckController: Getting health check supported packages
03-14 02:18:53.044  1465  4406 I ExplicitHealthCheckController: Explicit health check supported packages [PackageConfig{com.google.android.networkstack, 86400000}]
03-14 02:18:53.044  1465  4406 D PackageWatchdog: Received supported packages [PackageConfig{com.google.android.networkstack, 86400000}]
03-14 02:18:53.044  1465  4406 I PackageWatchdog: Updated health check state for package com.google.android.ext.services: PASSED -> PASSED
03-14 02:18:53.044  1465  4406 I PackageWatchdog: Updated health check state for package android: PASSED -> PASSED
03-14 02:18:53.044  1465  4406 I PackageWatchdog: Updated health check state for package com.android.launcher3: PASSED -> PASSED
03-14 02:18:53.044  1465  4406 I PackageWatchdog: Updated health check state for package com.google.android.networkstack: PASSED -> PASSED
03-14 02:18:53.044  1465  4406 I PackageWatchdog: Updated health check state for package com.android.systemui: PASSED -> PASSED
03-14 02:18:53.044  1465  4406 D ExplicitHealthCheckController: Getting health check requested packages
03-14 02:18:53.044  1465  4406 I ExplicitHealthCheckController: Explicit health check requested packages []
03-14 02:18:53.045  1465  4406 I ExplicitHealthCheckController: No more health check requests, unbinding...
03-14 02:18:53.046  1465  4406 I ExplicitHealthCheckController: Explicit health check service is unbound
03-14 02:18:53.065  1465  6870 I RescueParty: Starting to observe: [android], updated namespace: runtime_native
03-14 02:18:53.066  1465  6870 I PackageWatchdog: Updated health check state for package android: INACTIVE -> INACTIVE
03-14 02:18:53.066  1465  1558 I PackageWatchdog: Syncing state, reason: observing new packages
03-14 02:18:53.066  1465  1558 I PackageWatchdog: Removing 33ms from all packages on all observers
03-14 02:18:53.066  1465  1558 I PackageWatchdog: Updated health check state for package com.google.android.ext.services: PASSED -> PASSED
03-14 02:18:53.066  1465  1558 I PackageWatchdog: Updated health check state for package android: PASSED -> PASSED
03-14 02:18:53.066  1465  1558 I PackageWatchdog: Updated health check state for package com.android.launcher3: PASSED -> PASSED
03-14 02:18:53.066  1465  1558 I PackageWatchdog: Updated health check state for package com.google.android.networkstack: PASSED -> PASSED
03-14 02:18:53.066  1465  1558 I PackageWatchdog: Updated health check state for package com.android.systemui: PASSED -> PASSED
03-14 02:18:53.066  1465  1558 I PackageWatchdog: Scheduling next state sync in 172700008ms
03-14 02:18:53.066  1465  1558 D PackageWatchdog: rescue-party-observer added the following packages to monitor [android]
03-14 02:18:53.066  1465  1558 I PackageWatchdog: Syncing state, reason: updated observers
03-14 02:18:53.066  1465  1558 I PackageWatchdog: Not pruning observers, elapsed time: 0ms
03-14 02:18:53.066  1465  1558 I PackageWatchdog: Scheduling next state sync in 172700008ms
03-14 02:18:53.066  1465  1558 I PackageWatchdog: Saving observer state to file
03-14 02:18:53.069  1465  1465 D PackageWatchdog: Getting all observed packages pending health checks
03-14 02:18:53.069  1465  1465 I PackageWatchdog: Syncing health check requests for packages: {}
03-14 02:18:53.069  1465  1465 I ExplicitHealthCheckController: Service not ready to get health check supported packages. Binding...
03-14 02:18:53.071  1465  1465 I ExplicitHealthCheckController: Explicit health check service is bound
03-14 02:18:53.072  1465  1465 I ExplicitHealthCheckController: Explicit health check service is connected ComponentInfo{com.google.android.ext.services/android.ext.services.watchdog.ExplicitHealthCheckServiceImpl}
03-14 02:18:53.072  1465  1465 I ExplicitHealthCheckController: Service initialized, syncing requests
03-14 02:18:53.072  1465  1465 D PackageWatchdog: Getting all observed packages pending health checks
03-14 02:18:53.072  1465  1465 I PackageWatchdog: Syncing health check requests for packages: {}
03-14 02:18:53.072  1465  1465 D ExplicitHealthCheckController: Getting health check supported packages
03-14 02:18:53.075  1465  6870 I ExplicitHealthCheckController: Explicit health check supported packages [PackageConfig{com.google.android.networkstack, 86400000}]
03-14 02:18:53.075  1465  6870 D PackageWatchdog: Received supported packages [PackageConfig{com.google.android.networkstack, 86400000}]
03-14 02:18:53.075  1465  6870 I PackageWatchdog: Updated health check state for package com.google.android.ext.services: PASSED -> PASSED
03-14 02:18:53.075  1465  6870 I PackageWatchdog: Updated health check state for package android: PASSED -> PASSED
03-14 02:18:53.075  1465  6870 I PackageWatchdog: Updated health check state for package com.android.launcher3: PASSED -> PASSED
03-14 02:18:53.075  1465  6870 I PackageWatchdog: Updated health check state for package com.google.android.networkstack: PASSED -> PASSED
03-14 02:18:53.075  1465  6870 I PackageWatchdog: Updated health check state for package com.android.systemui: PASSED -> PASSED
03-14 02:18:53.075  1465  6870 D ExplicitHealthCheckController: Getting health check requested packages
03-14 02:18:53.076  1465  6870 I ExplicitHealthCheckController: Explicit health check requested packages []
03-14 02:18:53.076  1465  6870 I ExplicitHealthCheckController: No more health check requests, unbinding...
03-14 02:18:53.079  1465  6870 I ExplicitHealthCheckController: Explicit health check service is unbound
03-14 02:18:53.110  1465  6870 I RescueParty: Starting to observe: [com.google.android.ext.services, android, com.android.systemui], updated namespace: systemui
03-14 02:18:53.110  1465  6870 I PackageWatchdog: Updated health check state for package com.google.android.ext.services: INACTIVE -> INACTIVE
03-14 02:18:53.110  1465  6870 I PackageWatchdog: Updated health check state for package android: INACTIVE -> INACTIVE
03-14 02:18:53.110  1465  6870 I PackageWatchdog: Updated health check state for package com.android.systemui: INACTIVE -> INACTIVE
03-14 02:18:53.110  1465  1558 I PackageWatchdog: Syncing state, reason: observing new packages
03-14 02:18:53.110  1465  1558 I PackageWatchdog: Removing 44ms from all packages on all observers
03-14 02:18:53.110  1465  1558 I PackageWatchdog: Updated health check state for package com.google.android.ext.services: PASSED -> PASSED
03-14 02:18:53.110  1465  1558 I PackageWatchdog: Updated health check state for package android: PASSED -> PASSED
03-14 02:18:53.110  1465  1558 I PackageWatchdog: Updated health check state for package com.android.launcher3: PASSED -> PASSED
03-14 02:18:53.111  1465  1558 I PackageWatchdog: Updated health check state for package com.google.android.networkstack: PASSED -> PASSED
03-14 02:18:53.111  1465  1558 I PackageWatchdog: Updated health check state for package com.android.systemui: PASSED -> PASSED
03-14 02:18:53.111  1465  1558 I PackageWatchdog: Scheduling next state sync in 172699964ms
03-14 02:18:53.111  1465  1558 D PackageWatchdog: rescue-party-observer added the following packages to monitor [com.google.android.ext.services, android, com.android.systemui]
03-14 02:18:53.111  1465  1558 I PackageWatchdog: Syncing state, reason: updated observers
03-14 02:18:53.111  1465  1558 I PackageWatchdog: Not pruning observers, elapsed time: 0ms
03-14 02:18:53.111  1465  1558 I PackageWatchdog: Scheduling next state sync in 172799757ms
03-14 02:18:53.111  1465  1558 I PackageWatchdog: Saving observer state to file
03-14 02:18:53.115  1465  1465 D PackageWatchdog: Getting all observed packages pending health checks
03-14 02:18:53.115  1465  1465 I PackageWatchdog: Syncing health check requests for packages: {}
03-14 02:18:53.115  1465  1465 I ExplicitHealthCheckController: Service not ready to get health check supported packages. Binding...
03-14 02:18:53.117  1465  1465 I ExplicitHealthCheckController: Explicit health check service is bound
03-14 02:18:53.120  1465  1465 I ExplicitHealthCheckController: Explicit health check service is connected ComponentInfo{com.google.android.ext.services/android.ext.services.watchdog.ExplicitHealthCheckServiceImpl}
03-14 02:18:53.120  1465  1465 I ExplicitHealthCheckController: Service initialized, syncing requests
03-14 02:18:53.120  1465  1465 D PackageWatchdog: Getting all observed packages pending health checks
03-14 02:18:53.120  1465  1465 I PackageWatchdog: Syncing health check requests for packages: {}
03-14 02:18:53.120  1465  1465 D ExplicitHealthCheckController: Getting health check supported packages
03-14 02:18:53.122  1465  4406 I ExplicitHealthCheckController: Explicit health check supported packages [PackageConfig{com.google.android.networkstack, 86400000}]
03-14 02:18:53.122  1465  4406 D PackageWatchdog: Received supported packages [PackageConfig{com.google.android.networkstack, 86400000}]
03-14 02:18:53.122  1465  4406 I PackageWatchdog: Updated health check state for package com.google.android.ext.services: PASSED -> PASSED
03-14 02:18:53.122  1465  4406 I PackageWatchdog: Updated health check state for package android: PASSED -> PASSED
03-14 02:18:53.122  1465  4406 I PackageWatchdog: Updated health check state for package com.android.launcher3: PASSED -> PASSED
03-14 02:18:53.122  1465  4406 I PackageWatchdog: Updated health check state for package com.google.android.networkstack: PASSED -> PASSED
03-14 02:18:53.122  1465  4406 I PackageWatchdog: Updated health check state for package com.android.systemui: PASSED -> PASSED
03-14 02:18:53.122  1465  4406 D ExplicitHealthCheckController: Getting health check requested packages
03-14 02:18:53.123  1465  6870 I ExplicitHealthCheckController: Explicit health check requested packages []
03-14 02:18:53.123  1465  6870 I ExplicitHealthCheckController: No more health check requests, unbinding...
03-14 02:18:53.123  1465  4406 I RescueParty: Starting to observe: [android], updated namespace: telephony
03-14 02:18:53.124  1465  4406 I PackageWatchdog: Updated health check state for package android: INACTIVE -> INACTIVE
03-14 02:18:53.125  1465  6870 I ExplicitHealthCheckController: Explicit health check service is unbound
03-14 02:18:53.126  1465  1558 I PackageWatchdog: Syncing state, reason: observing new packages
03-14 02:18:53.126  1465  1558 I PackageWatchdog: Removing 15ms from all packages on all observers
03-14 02:18:53.126  1465  1558 I PackageWatchdog: Updated health check state for package com.google.android.ext.services: PASSED -> PASSED
03-14 02:18:53.126  1465  1558 I PackageWatchdog: Updated health check state for package android: PASSED -> PASSED
03-14 02:18:53.126  1465  1558 I PackageWatchdog: Updated health check state for package com.android.launcher3: PASSED -> PASSED
03-14 02:18:53.126  1465  1558 I PackageWatchdog: Updated health check state for package com.google.android.networkstack: PASSED -> PASSED
03-14 02:18:53.126  1465  1558 I PackageWatchdog: Updated health check state for package com.android.systemui: PASSED -> PASSED
03-14 02:18:53.126  1465  1558 I PackageWatchdog: Scheduling next state sync in 172799742ms
03-14 02:18:53.126  1465  1558 D PackageWatchdog: rescue-party-observer added the following packages to monitor [android]
03-14 02:18:53.126  1465  1558 I PackageWatchdog: Syncing state, reason: updated observers
03-14 02:18:53.126  1465  1558 I PackageWatchdog: Not pruning observers, elapsed time: 0ms
03-14 02:18:53.126  1465  1558 I PackageWatchdog: Scheduling next state sync in 172799742ms
03-14 02:18:53.126  1465  1558 I PackageWatchdog: Saving observer state to file
03-14 02:18:53.129  1465  1465 D PackageWatchdog: Getting all observed packages pending health checks
03-14 02:18:53.129  1465  1465 I PackageWatchdog: Syncing health check requests for packages: {}
03-14 02:18:53.129  1465  1465 I ExplicitHealthCheckController: Service not ready to get health check supported packages. Binding...
03-14 02:18:53.132  1465  1465 I ExplicitHealthCheckController: Explicit health check service is bound
03-14 02:18:53.136  1465  1465 I ExplicitHealthCheckController: Explicit health check service is connected ComponentInfo{com.google.android.ext.services/android.ext.services.watchdog.ExplicitHealthCheckServiceImpl}
03-14 02:18:53.137  1465  1465 I ExplicitHealthCheckController: Service initialized, syncing requests
03-14 02:18:53.137  1465  1465 D PackageWatchdog: Getting all observed packages pending health checks
03-14 02:18:53.137  1465  1465 I PackageWatchdog: Syncing health check requests for packages: {}
03-14 02:18:53.137  1465  1465 D ExplicitHealthCheckController: Getting health check supported packages
03-14 02:18:53.138  1465  3471 I ExplicitHealthCheckController: Explicit health check supported packages [PackageConfig{com.google.android.networkstack, 86400000}]
03-14 02:18:53.138  1465  3471 D PackageWatchdog: Received supported packages [PackageConfig{com.google.android.networkstack, 86400000}]
03-14 02:18:53.138  1465  3471 I PackageWatchdog: Updated health check state for package com.google.android.ext.services: PASSED -> PASSED
03-14 02:18:53.138  1465  3471 I PackageWatchdog: Updated health check state for package android: PASSED -> PASSED
03-14 02:18:53.138  1465  3471 I PackageWatchdog: Updated health check state for package com.android.launcher3: PASSED -> PASSED
03-14 02:18:53.138  1465  3471 I PackageWatchdog: Updated health check state for package com.google.android.networkstack: PASSED -> PASSED
03-14 02:18:53.138  1465  3471 I PackageWatchdog: Updated health check state for package com.android.systemui: PASSED -> PASSED
03-14 02:18:53.138  1465  3471 D ExplicitHealthCheckController: Getting health check requested packages
03-14 02:18:53.139  1465  4406 I ExplicitHealthCheckController: Explicit health check requested packages []
03-14 02:18:53.139  1465  4406 I ExplicitHealthCheckController: No more health check requests, unbinding...
03-14 02:18:53.143  1465  4406 I ExplicitHealthCheckController: Explicit health check service is unbound
03-14 02:18:53.168  1465  4406 I RescueParty: Starting to observe: [android], updated namespace: wifi
03-14 02:18:53.169  1465  4406 I PackageWatchdog: Updated health check state for package android: INACTIVE -> INACTIVE
03-14 02:18:53.169  1465  1558 I PackageWatchdog: Syncing state, reason: observing new packages
03-14 02:18:53.169  1465  1558 I PackageWatchdog: Removing 43ms from all packages on all observers
03-14 02:18:53.169  1465  1558 I PackageWatchdog: Updated health check state for package com.google.android.ext.services: PASSED -> PASSED
03-14 02:18:53.169  1465  1558 I PackageWatchdog: Updated health check state for package android: PASSED -> PASSED
03-14 02:18:53.169  1465  1558 I PackageWatchdog: Updated health check state for package com.android.launcher3: PASSED -> PASSED
03-14 02:18:53.169  1465  1558 I PackageWatchdog: Updated health check state for package com.google.android.networkstack: PASSED -> PASSED
03-14 02:18:53.169  1465  1558 I PackageWatchdog: Updated health check state for package com.android.systemui: PASSED -> PASSED
03-14 02:18:53.169  1465  1558 I PackageWatchdog: Scheduling next state sync in 172799699ms
03-14 02:18:53.169  1465  1558 D PackageWatchdog: rescue-party-observer added the following packages to monitor [android]
03-14 02:18:53.169  1465  1558 I PackageWatchdog: Syncing state, reason: updated observers
03-14 02:18:53.169  1465  1558 I PackageWatchdog: Not pruning observers, elapsed time: 0ms
03-14 02:18:53.169  1465  1558 I PackageWatchdog: Scheduling next state sync in 172799699ms
03-14 02:18:53.169  1465  1558 I PackageWatchdog: Saving observer state to file
03-14 02:18:53.172  1465  1465 D PackageWatchdog: Getting all observed packages pending health checks
03-14 02:18:53.172  1465  1465 I PackageWatchdog: Syncing health check requests for packages: {}
03-14 02:18:53.172  1465  1465 I ExplicitHealthCheckController: Service not ready to get health check supported packages. Binding...
03-14 02:18:53.174  1465  1465 I ExplicitHealthCheckController: Explicit health check service is bound
03-14 02:18:53.177  1465  1465 I ExplicitHealthCheckController: Explicit health check service is connected ComponentInfo{com.google.android.ext.services/android.ext.services.watchdog.ExplicitHealthCheckServiceImpl}
03-14 02:18:53.177  1465  1465 I ExplicitHealthCheckController: Service initialized, syncing requests
03-14 02:18:53.177  1465  1465 D PackageWatchdog: Getting all observed packages pending health checks
03-14 02:18:53.177  1465  1465 I PackageWatchdog: Syncing health check requests for packages: {}
03-14 02:18:53.177  1465  1465 D ExplicitHealthCheckController: Getting health check supported packages
03-14 02:18:53.179  1465  6870 I ExplicitHealthCheckController: Explicit health check supported packages [PackageConfig{com.google.android.networkstack, 86400000}]
03-14 02:18:53.179  1465  6870 D PackageWatchdog: Received supported packages [PackageConfig{com.google.android.networkstack, 86400000}]
03-14 02:18:53.179  1465  6870 I PackageWatchdog: Updated health check state for package com.google.android.ext.services: PASSED -> PASSED
03-14 02:18:53.179  1465  6870 I PackageWatchdog: Updated health check state for package android: PASSED -> PASSED
03-14 02:18:53.179  1465  6870 I PackageWatchdog: Updated health check state for package com.android.launcher3: PASSED -> PASSED
03-14 02:18:53.179  1465  6870 I PackageWatchdog: Updated health check state for package com.google.android.networkstack: PASSED -> PASSED
03-14 02:18:53.179  1465  6870 I PackageWatchdog: Updated health check state for package com.android.systemui: PASSED -> PASSED
03-14 02:18:53.179  1465  6870 D ExplicitHealthCheckController: Getting health check requested packages
03-14 02:18:53.180  1465  6870 I ExplicitHealthCheckController: Explicit health check requested packages []
03-14 02:18:53.180  1465  6870 I ExplicitHealthCheckController: No more health check requests, unbinding...
03-14 02:18:53.183  1465  3471 I RescueParty: Starting to observe: [android], updated namespace: window_manager
03-14 02:18:53.183  1465  3471 I PackageWatchdog: Updated health check state for package android: INACTIVE -> INACTIVE
03-14 02:18:53.183  1465  1558 I PackageWatchdog: Syncing state, reason: observing new packages
03-14 02:18:53.183  1465  1558 I PackageWatchdog: Removing 14ms from all packages on all observers
03-14 02:18:53.184  1465  1558 I PackageWatchdog: Updated health check state for package com.google.android.ext.services: PASSED -> PASSED
03-14 02:18:53.184  1465  1558 I PackageWatchdog: Updated health check state for package android: PASSED -> PASSED
03-14 02:18:53.184  1465  1558 I PackageWatchdog: Updated health check state for package com.android.launcher3: PASSED -> PASSED
03-14 02:18:53.184  1465  1558 I PackageWatchdog: Updated health check state for package com.google.android.networkstack: PASSED -> PASSED
03-14 02:18:53.184  1465  1558 I PackageWatchdog: Updated health check state for package com.android.systemui: PASSED -> PASSED
03-14 02:18:53.184  1465  1558 I PackageWatchdog: Scheduling next state sync in 172799685ms
03-14 02:18:53.184  1465  1558 D PackageWatchdog: rescue-party-observer added the following packages to monitor [android]
03-14 02:18:53.184  1465  1558 I PackageWatchdog: Syncing state, reason: updated observers
03-14 02:18:53.184  1465  1558 I PackageWatchdog: Not pruning observers, elapsed time: 0ms
03-14 02:18:53.184  1465  1558 I PackageWatchdog: Scheduling next state sync in 172799685ms
03-14 02:18:53.184  1465  1558 I PackageWatchdog: Saving observer state to file
03-14 02:18:53.184  1465  6870 I ExplicitHealthCheckController: Explicit health check service is unbound
03-14 02:18:53.191  1465  1465 D PackageWatchdog: Getting all observed packages pending health checks
03-14 02:18:53.191  1465  1465 I PackageWatchdog: Syncing health check requests for packages: {}
03-14 02:18:53.191  1465  1465 I ExplicitHealthCheckController: Service not ready to get health check supported packages. Binding...
03-14 02:18:53.193  1465  1465 I ExplicitHealthCheckController: Explicit health check service is bound
03-14 02:18:53.197  1465  1465 I ExplicitHealthCheckController: Explicit health check service is connected ComponentInfo{com.google.android.ext.services/android.ext.services.watchdog.ExplicitHealthCheckServiceImpl}
03-14 02:18:53.197  1465  1465 I ExplicitHealthCheckController: Service initialized, syncing requests
03-14 02:18:53.197  1465  1465 D PackageWatchdog: Getting all observed packages pending health checks
03-14 02:18:53.197  1465  1465 I PackageWatchdog: Syncing health check requests for packages: {}
03-14 02:18:53.197  1465  1465 D ExplicitHealthCheckController: Getting health check supported packages
03-14 02:18:53.199  1465  4406 I ExplicitHealthCheckController: Explicit health check supported packages [PackageConfig{com.google.android.networkstack, 86400000}]
03-14 02:18:53.199  1465  4406 D PackageWatchdog: Received supported packages [PackageConfig{com.google.android.networkstack, 86400000}]
03-14 02:18:53.199  1465  4406 I PackageWatchdog: Updated health check state for package com.google.android.ext.services: PASSED -> PASSED
03-14 02:18:53.199  1465  4406 I PackageWatchdog: Updated health check state for package android: PASSED -> PASSED
03-14 02:18:53.199  1465  4406 I PackageWatchdog: Updated health check state for package com.android.launcher3: PASSED -> PASSED
03-14 02:18:53.199  1465  4406 I PackageWatchdog: Updated health check state for package com.google.android.networkstack: PASSED -> PASSED
03-14 02:18:53.199  1465  4406 I PackageWatchdog: Updated health check state for package com.android.systemui: PASSED -> PASSED
03-14 02:18:53.199  1465  4406 D ExplicitHealthCheckController: Getting health check requested packages
03-14 02:18:53.199  1465  4406 I ExplicitHealthCheckController: Explicit health check requested packages []
03-14 02:18:53.199  1465  4406 I ExplicitHealthCheckController: No more health check requests, unbinding...
03-14 02:18:53.202  1465  4406 I ExplicitHealthCheckController: Explicit health check service is unbound
03-14 02:18:53.316  1465  3471 I RescueParty: Starting to observe: [android], updated namespace: activity_manager_native_boot
03-14 02:18:53.317  1465  3471 I PackageWatchdog: Updated health check state for package android: INACTIVE -> INACTIVE
03-14 02:18:53.317  1465  1558 I PackageWatchdog: Syncing state, reason: observing new packages
03-14 02:18:53.317  1465  1558 I PackageWatchdog: Removing 133ms from all packages on all observers
03-14 02:18:53.317  1465  1558 I PackageWatchdog: Updated health check state for package com.google.android.ext.services: PASSED -> PASSED
03-14 02:18:53.317  1465  1558 I PackageWatchdog: Updated health check state for package android: PASSED -> PASSED
03-14 02:18:53.317  1465  1558 I PackageWatchdog: Updated health check state for package com.android.launcher3: PASSED -> PASSED
03-14 02:18:53.317  1465  1558 I PackageWatchdog: Updated health check state for package com.google.android.networkstack: PASSED -> PASSED
03-14 02:18:53.317  1465  1558 I PackageWatchdog: Updated health check state for package com.android.systemui: PASSED -> PASSED
03-14 02:18:53.317  1465  1558 I PackageWatchdog: Scheduling next state sync in 172799552ms
03-14 02:18:53.317  1465  1558 D PackageWatchdog: rescue-party-observer added the following packages to monitor [android]
03-14 02:18:53.317  1465  1558 I PackageWatchdog: Syncing state, reason: updated observers
03-14 02:18:53.317  1465  1558 I PackageWatchdog: Not pruning observers, elapsed time: 0ms
03-14 02:18:53.317  1465  1558 I PackageWatchdog: Scheduling next state sync in 172799552ms
03-14 02:18:53.317  1465  1558 I PackageWatchdog: Saving observer state to file
03-14 02:18:53.320  1465  1465 D PackageWatchdog: Getting all observed packages pending health checks
03-14 02:18:53.320  1465  1465 I PackageWatchdog: Syncing health check requests for packages: {}
03-14 02:18:53.320  1465  1465 I ExplicitHealthCheckController: Service not ready to get health check supported packages. Binding...
03-14 02:18:53.323  1465  1465 I ExplicitHealthCheckController: Explicit health check service is bound
03-14 02:18:53.325  1465  1465 I ExplicitHealthCheckController: Explicit health check service is connected ComponentInfo{com.google.android.ext.services/android.ext.services.watchdog.ExplicitHealthCheckServiceImpl}
03-14 02:18:53.325  1465  1465 I ExplicitHealthCheckController: Service initialized, syncing requests
03-14 02:18:53.325  1465  1465 D PackageWatchdog: Getting all observed packages pending health checks
03-14 02:18:53.325  1465  1465 I PackageWatchdog: Syncing health check requests for packages: {}
03-14 02:18:53.325  1465  1465 D ExplicitHealthCheckController: Getting health check supported packages
03-14 02:18:53.326  1465  3471 I ExplicitHealthCheckController: Explicit health check supported packages [PackageConfig{com.google.android.networkstack, 86400000}]
03-14 02:18:53.327  1465  3471 D PackageWatchdog: Received supported packages [PackageConfig{com.google.android.networkstack, 86400000}]
03-14 02:18:53.327  1465  3471 I PackageWatchdog: Updated health check state for package com.google.android.ext.services: PASSED -> PASSED
03-14 02:18:53.327  1465  3471 I PackageWatchdog: Updated health check state for package android: PASSED -> PASSED
03-14 02:18:53.327  1465  3471 I PackageWatchdog: Updated health check state for package com.android.launcher3: PASSED -> PASSED
03-14 02:18:53.327  1465  3471 I PackageWatchdog: Updated health check state for package com.google.android.networkstack: PASSED -> PASSED
03-14 02:18:53.327  1465  3471 I PackageWatchdog: Updated health check state for package com.android.systemui: PASSED -> PASSED
03-14 02:18:53.327  1465  3471 D ExplicitHealthCheckController: Getting health check requested packages
03-14 02:18:53.327  1465  3471 I ExplicitHealthCheckController: Explicit health check requested packages []
03-14 02:18:53.327  1465  3471 I ExplicitHealthCheckController: No more health check requests, unbinding...
03-14 02:18:53.329  1465  3471 I ExplicitHealthCheckController: Explicit health check service is unbound
03-14 02:18:53.353  1465  6870 I RescueParty: Starting to observe: [android], updated namespace: runtime_native_boot
03-14 02:18:53.354  1465  6870 I PackageWatchdog: Updated health check state for package android: INACTIVE -> INACTIVE
03-14 02:18:53.354  1465  1558 I PackageWatchdog: Syncing state, reason: observing new packages
03-14 02:18:53.354  1465  1558 I PackageWatchdog: Removing 37ms from all packages on all observers
03-14 02:18:53.354  1465  1558 I PackageWatchdog: Updated health check state for package com.google.android.ext.services: PASSED -> PASSED
03-14 02:18:53.354  1465  1558 I PackageWatchdog: Updated health check state for package android: PASSED -> PASSED
03-14 02:18:53.354  1465  1558 I PackageWatchdog: Updated health check state for package com.android.launcher3: PASSED -> PASSED
03-14 02:18:53.354  1465  1558 I PackageWatchdog: Updated health check state for package com.google.android.networkstack: PASSED -> PASSED
03-14 02:18:53.354  1465  1558 I PackageWatchdog: Updated health check state for package com.android.systemui: PASSED -> PASSED
03-14 02:18:53.354  1465  1558 I PackageWatchdog: Scheduling next state sync in 172799515ms
03-14 02:18:53.354  1465  1558 D PackageWatchdog: rescue-party-observer added the following packages to monitor [android]
03-14 02:18:53.354  1465  1558 I PackageWatchdog: Syncing state, reason: updated observers
03-14 02:18:53.354  1465  1558 I PackageWatchdog: Not pruning observers, elapsed time: 0ms
03-14 02:18:53.354  1465  1558 I PackageWatchdog: Scheduling next state sync in 172799515ms
03-14 02:18:53.354  1465  1558 I PackageWatchdog: Saving observer state to file
03-14 02:18:53.357  1465  1465 D PackageWatchdog: Getting all observed packages pending health checks
03-14 02:18:53.357  1465  1465 I PackageWatchdog: Syncing health check requests for packages: {}
03-14 02:18:53.357  1465  1465 I ExplicitHealthCheckController: Service not ready to get health check supported packages. Binding...
03-14 02:18:53.360  1465  1465 I ExplicitHealthCheckController: Explicit health check service is bound
03-14 02:18:53.363  1465  1465 I ExplicitHealthCheckController: Explicit health check service is connected ComponentInfo{com.google.android.ext.services/android.ext.services.watchdog.ExplicitHealthCheckServiceImpl}
03-14 02:18:53.363  1465  1465 I ExplicitHealthCheckController: Service initialized, syncing requests
03-14 02:18:53.363  1465  1465 D PackageWatchdog: Getting all observed packages pending health checks
03-14 02:18:53.363  1465  1465 I PackageWatchdog: Syncing health check requests for packages: {}
03-14 02:18:53.363  1465  1465 D ExplicitHealthCheckController: Getting health check supported packages
03-14 02:18:53.365  1465  6870 I ExplicitHealthCheckController: Explicit health check supported packages [PackageConfig{com.google.android.networkstack, 86400000}]
03-14 02:18:53.365  1465  6870 D PackageWatchdog: Received supported packages [PackageConfig{com.google.android.networkstack, 86400000}]
03-14 02:18:53.365  1465  6870 I PackageWatchdog: Updated health check state for package com.google.android.ext.services: PASSED -> PASSED
03-14 02:18:53.365  1465  6870 I PackageWatchdog: Updated health check state for package android: PASSED -> PASSED
03-14 02:18:53.365  1465  6870 I PackageWatchdog: Updated health check state for package com.android.launcher3: PASSED -> PASSED
03-14 02:18:53.365  1465  6870 I PackageWatchdog: Updated health check state for package com.google.android.networkstack: PASSED -> PASSED
03-14 02:18:53.365  1465  6870 I PackageWatchdog: Updated health check state for package com.android.systemui: PASSED -> PASSED
03-14 02:18:53.365  1465  6870 D ExplicitHealthCheckController: Getting health check requested packages
03-14 02:18:53.367  1465  6870 I ExplicitHealthCheckController: Explicit health check requested packages []
03-14 02:18:53.367  1465  6870 I ExplicitHealthCheckController: No more health check requests, unbinding...
03-14 02:18:53.368  1465  3471 I RescueParty: Starting to observe: [android], updated namespace: storage_native_boot
03-14 02:18:53.368  1465  3471 I PackageWatchdog: Updated health check state for package android: INACTIVE -> INACTIVE
03-14 02:18:53.369  1465  1558 I PackageWatchdog: Syncing state, reason: observing new packages
03-14 02:18:53.369  1465  1558 I PackageWatchdog: Removing 15ms from all packages on all observers
03-14 02:18:53.369  1465  1558 I PackageWatchdog: Updated health check state for package com.google.android.ext.services: PASSED -> PASSED
03-14 02:18:53.369  1465  1558 I PackageWatchdog: Updated health check state for package android: PASSED -> PASSED
03-14 02:18:53.369  1465  1558 I PackageWatchdog: Updated health check state for package com.android.launcher3: PASSED -> PASSED
03-14 02:18:53.369  1465  1558 I PackageWatchdog: Updated health check state for package com.google.android.networkstack: PASSED -> PASSED
03-14 02:18:53.369  1465  1558 I PackageWatchdog: Updated health check state for package com.android.systemui: PASSED -> PASSED
03-14 02:18:53.369  1465  1558 I PackageWatchdog: Scheduling next state sync in 172799500ms
03-14 02:18:53.369  1465  1558 D PackageWatchdog: rescue-party-observer added the following packages to monitor [android]
03-14 02:18:53.369  1465  1558 I PackageWatchdog: Syncing state, reason: updated observers
03-14 02:18:53.369  1465  1558 I PackageWatchdog: Not pruning observers, elapsed time: 0ms
03-14 02:18:53.369  1465  1558 I PackageWatchdog: Scheduling next state sync in 172799500ms
03-14 02:18:53.369  1465  1558 I PackageWatchdog: Saving observer state to file
03-14 02:18:53.370  1465  6870 I ExplicitHealthCheckController: Explicit health ch