03-13 22:30:36.318  1338  1338 D [GF_HAL][CaEntry]: [sendCommand] carveout_ion_handle_fd = 14,carveout_ion_handle_len = 4194304 
03-13 22:30:36.320     0     0 E         : @5 FF BUS RESET                    0 ?
03-13 22:30:36.322  1338  1338 D [GF_HAL][HalContext]: [invokeCommand] err = 0, errno = GF_SUCCESS
03-13 22:30:36.322  1338  1338 I [GF_HAL][Device]: [enable] g_netlink_route=25
03-13 22:30:36.322  1338  1338 D [GF_HAL][Thread]: [createThread] Thread id = 644152512
03-13 22:30:36.322  1338  1338 D [GF_HAL][CaEntry]: [sendCommand] request token: 5, target: 1002, cmd id: 2
03-13 22:30:36.322  1338  1338 D [GF_HAL][CaEntry]: [sendCommand] carveout_ion_handle_fd = 14,carveout_ion_handle_len = 4194304 
03-13 22:30:36.328  1194  1194 I ServiceManager: Waiting for service 'package_native' on '/dev/binder'...
03-13 22:30:36.338     0     0 W gf_spi  : IRQ has been enabled.
03-13 22:30:36.359   860   860 I ServiceManager: Waiting for service 'statscompanion' on '/dev/binder'...
03-13 22:30:36.364  1338  1421 D [GF_HAL][Device]: [threadLoop] GF netlink thread started
03-13 22:30:36.364  1338  1421 D [GF_HAL][Device]: [threadLoop] native process pid=1338
03-13 22:30:36.364  1338  1421 D [GF_HAL][Device]: [threadLoop] bind done
03-13 22:30:36.364  1338  1421 D [GF_HAL][Device]: [threadLoop] send init msg to kernel
03-13 22:30:36.377     0     0 E         : @5 FF CONNECT DONE                 0 ?
03-13 22:30:36.385  1157  1203 E ThermalEngine: read error 0. buf:[add@/devices/virtual/thermal/cooling_device21 ACTION=add DEVPATH=/devices/virtual/thermal/cooling_device21 SUBSYSTEM=thermal SEQNUM=7342 ]
03-13 22:30:36.385  1157  1203 E ThermalEngine: read error 0. buf:[add@/devices/virtual/thermal/cooling_device22 ACTION=add DEVPATH=/devices/virtual/thermal/cooling_device22 SUBSYSTEM=thermal SEQNUM=7343 ]
03-13 22:30:36.385   946   963 E android.hardware.thermal@2.0-service.qti: read error:0. buf:add@/devices/virtual/thermal/cooling_device21 ACTION=add DEVPATH=/devices/virtual/thermal/cooling_device21 SUBSYSTEM=thermal SEQNUM=7342 
03-13 22:30:36.386  1157  1203 E ThermalEngine: read error 0. buf:[add@/devices/virtual/thermal/cooling_device23 ACTION=add DEVPATH=/devices/virtual/thermal/cooling_device23 SUBSYSTEM=thermal SEQNUM=7346 ]
03-13 22:30:36.386   946   963 E android.hardware.thermal@2.0-service.qti: read error:0. buf:add@/devices/virtual/thermal/cooling_device22 ACTION=add DEVPATH=/devices/virtual/thermal/cooling_device22 SUBSYSTEM=thermal SEQNUM=7343 
03-13 22:30:36.386   946   963 E android.hardware.thermal@2.0-service.qti: read error:0. buf:add@/devices/virtual/thermal/cooling_device23 ACTION=add DEVPATH=/devices/virtual/thermal/cooling_device23 SUBSYSTEM=thermal SEQNUM=7346 
03-13 22:30:36.386  1157  1203 E ThermalEngine: read error 0. buf:[add@/devices/virtual/thermal/cooling_device24 ACTION=add DEVPATH=/devices/virtual/thermal/cooling_device24 SUBSYSTEM=thermal SEQNUM=7347 ]
03-13 22:30:36.386   946   963 E android.hardware.thermal@2.0-service.qti: read error:0. buf:add@/devices/virtual/thermal/cooling_device24 ACTION=add DEVPATH=/devices/virtual/thermal/cooling_device24 SUBSYSTEM=thermal SEQNUM=7347 
03-13 22:30:36.386  1157  1203 E ThermalEngine: read error 0. buf:[add@/devices/virtual/thermal/cooling_device25 ACTION=add DEVPATH=/devices/virtual/thermal/cooling_device25 SUBSYSTEM=thermal SEQNUM=7348 ]
03-13 22:30:36.386   946   963 E android.hardware.thermal@2.0-service.qti: read error:0. buf:add@/devices/virtual/thermal/cooling_device25 ACTION=add DEVPATH=/devices/virtual/thermal/cooling_device25 SUBSYSTEM=thermal SEQNUM=7348 
03-13 22:30:36.387     0     0 I         : @5 memshare_child soc:qcom,memshare:qcom,client_3: memshare_query: client_id : 1, query_resp.size :5242880, query_resp.resp.result :0
03-13 22:30:36.387     0     0 I         : @5 memshare_child soc:qcom,memshare:qcom,client_3: memshare_alloc: memory alloc request received for client id: 1, proc_id: 0, request size: 5242880
03-13 22:30:36.387     0     0 I         : @5 memshare_child soc:qcom,memshare:qcom,client_3: memshare_alloc: client_id: 1, alloc_resp.num_bytes: 5242880, alloc_resp.resp.result: 0
03-13 22:30:36.388     0     0 E @5 diag : In diag_send_feature_mask_update, control channel is not open, p: 0, 0000000000000000
03-13 22:30:36.388     0     0 I coresight-remote-etm soc: modem_etm0: Connection established between QMI handle and 2 service
03-13 22:30:36.389     0     0 E @5 diag : In diag_send_peripheral_buffering_mode, buffering flag not set for 0
03-13 22:30:36.390   841   855 D QC-time-services: Daemon:time_service_modem_serv_notify_cb: QMI service is up 
03-13 22:30:36.390   841  1025 D QC-time-services: Daemon:genoff_modem_qmi_service_handle_cb: QMI service handle cb called 
03-13 22:30:36.393  1185  1212 I ServiceManager: Waiting for service 'package_native' on '/dev/binder'...
03-13 22:30:36.395  1157  1191 I ThermalEngine: MODEM thermal mitigation available.
03-13 22:30:36.395  1157  1191 I ThermalEngine: Mitigation:modem[MODEM]:0 pending QMI request succeded
03-13 22:30:36.395  1157  1191 I ThermalEngine: Mitigation:vdd_restriction[MODEM]:0 pending QMI request succeded
03-13 22:30:36.396  1157  1191 I ThermalEngine: Mitigation:modem_proc[MODEM]:0 pending QMI request succeded
03-13 22:30:36.396  1157  1191 I ThermalEngine: Mitigation:modem_proc_current[MODEM]:0 pending QMI request succeded
03-13 22:30:36.396  1157  1191 I ThermalEngine: Mitigation:modem_skin[MODEM]:0 pending QMI request succeded
03-13 22:30:36.397   841  1025 D QC-time-services: Daemon:genoff_modem_qmi_service_handle_cb: qmi_client_get_service_instance for local returned 0
03-13 22:30:36.405  1175  1175 I ServiceManager: Waiting for service 'package_native' on '/dev/binder'...
03-13 22:30:36.408  1338  1414 D [GF_HAL][gf_proxy_main]: [gf_proxy_send_cmd_to_dsp] enter
03-13 22:30:36.408  1338  1414 D [GF_HAL][gf_proxy_main]: [gf_proxy_send_cmd_to_dsp] send_command success for cmd type:9, times:0
03-13 22:30:36.408  1338  1414 D [GF_HAL][gf_proxy_main]: [gf_proxy_send_cmd_to_dsp] exit
03-13 22:30:36.408  1338  1414 D [GF_HAL][gf_proxy_main]: [gf_proxy_map_ion_buf] enter
03-13 22:30:36.408  1338  1414 D [GF_HAL][gf_proxy_main]: [gf_proxy_map_ion_buf] fd:14, size:4194304
03-13 22:30:36.410  1338  1416 D [GF_HAL][gf_arm_proxy_imp]: [arm_proxy_notify] enter
03-13 22:30:36.410  1338  1416 E [GF_HAL][gf_arm_proxy_imp]: [arm_proxy_notify] Received notify from DSP cmd:0x9 result:0x0 is err, don't post sem
03-13 22:30:36.410  1338  1416 D [GF_HAL][gf_arm_proxy_imp]: [arm_proxy_notify] exit
03-13 22:30:36.410     0     0 E         : @1 00 SETUP                     ?	80 06 0100 0000 64
03-13 22:30:36.411     0     0 E         : 01 QUEUE                        0 ?	1 18
03-13 22:30:36.411     0     0 E         : 00 DONE                         0 ?	STATUS
03-13 22:30:36.411     0     0 I android_work: sent uevent USB_STATE=CONNECTED
03-13 22:30:36.411     0     0 E         : @5 00 SETUP                     ?	00 05 0022 0000 0
03-13 22:30:36.411     0     0 E         : @5 00 DONE                         0 ?	STATUS
03-13 22:30:36.411     0     0 I SMBLIB  : notify_usb_enumeration_function: status=1,vbus_present:1
03-13 22:30:36.413   841  1025 D QC-time-services: Daemon:genoff_modem_qmi_service_handle_cb: Initial transaction successful
03-13 22:30:36.422     0     0 E         : 00 SETUP                     ?	80 06 0100 0000 18
03-13 22:30:36.422     0     0 E         : 01 QUEUE                        0 ?	1 18
03-13 22:30:36.424     0     0 E         : 00 DONE                         0 ?	STATUS
03-13 22:30:36.424     0     0 E         : 00 SETUP                     ?	80 06 0200 0000 255
03-13 22:30:36.424     0     0 E         : 01 QUEUE                        0 ?	1 32
03-13 22:30:36.424     0     0 E         : 00 DONE                         0 ?	STATUS
03-13 22:30:36.424     0     0 E         : 00 SETUP                     ?	80 06 0F00 0000 255
03-13 22:30:36.424     0     0 E         : 01 QUEUE                        0 ?	1 22
03-13 22:30:36.424     0     0 E         : 00 DONE                         0 ?	STATUS
03-13 22:30:36.424     0     0 E         : 00 SETUP                     ?	80 06 0303 0409 255
03-13 22:30:36.425     0     0 E         : 01 QUEUE                        0 ?	1 18
03-13 22:30:36.425     0     0 E         : 00 DONE                         0 ?	STATUS
03-13 22:30:36.425     0     0 E         : 00 SETUP                     ?	C0 01 0000 0004 16
03-13 22:30:36.425     0     0 E         : 01 QUEUE                        0 ?	1 16
03-13 22:30:36.425     0     0 E         : 00 DONE                         0 ?	STATUS
03-13 22:30:36.425     0     0 E         : 00 SETUP                     ?	C0 01 0000 0004 40
03-13 22:30:36.425     0     0 E         : 01 QUEUE                        0 ?	1 40
03-13 22:30:36.425     0     0 E         : 00 DONE                         0 ?	STATUS
03-13 22:30:36.425     0     0 E         : 00 SETUP                     ?	80 06 0300 0000 255
03-13 22:30:36.425     0     0 E         : 01 QUEUE                        0 ?	1 4
03-13 22:30:36.425     0     0 E         : 00 DONE                         0 ?	STATUS
03-13 22:30:36.425     0     0 E         : 00 SETUP                     ?	80 06 0302 0409 255
03-13 22:30:36.425     0     0 E         : 01 QUEUE                        0 ?	1 48
03-13 22:30:36.432   862   862 W Zygote  : Class not found for preloading: com.android.internal.telephony.GsmCdmaPhone$3
03-13 22:30:36.433   862   862 W Zygote  : Class not found for preloading: com.android.internal.telephony.IccSmsInterfaceManager$2
03-13 22:30:36.434  1194  1194 I ServiceManager: Waiting for service 'package_native' on '/dev/binder'...
03-13 22:30:36.441   862   862 W Zygote  : Class not found for preloading: com.android.internal.telephony.imsphone.-$$Lambda$ImsPhoneCallTracker$QlPVd_3u4_verjHUDnkn6zaSe54
03-13 22:30:36.441   862   862 W Zygote  : Class not found for preloading: com.android.internal.telephony.imsphone.ImsPhone$4
03-13 22:30:36.444   862   862 W Zygote  : Class not found for preloading: com.android.internal.widget.-$$Lambda$gPQuiuEDuOmrh2MixBcV6a5gu5s
03-13 22:30:36.445   862   862 W Zygote  : Class not found for preloading: com.android.internal.widget.LockPatternUtils$2
03-13 22:30:36.459   860   860 I ServiceManager: Waiting for service 'statscompanion' on '/dev/binder'...
03-13 22:30:36.461  1338  1338 D [GF_HAL][HalContext]: [invokeCommand] err = 0, errno = GF_SUCCESS
03-13 22:30:36.469     0     0 E         : 00 DONE                         0 ?	STATUS
03-13 22:30:36.469     0     0 I gf_spi  : Sensor has already powered-on.
03-13 22:30:36.471  1338  1338 E [GF_HAL][ShenzhenAlgo]: [v03.02.04.18]
03-13 22:30:36.471  1338  1338 D [GF_HAL][CaEntry]: [sendCommand] request token: 6, target: 1001, cmd id: 0
03-13 22:30:36.471  1338  1338 D [GF_HAL][CaEntry]: [sendCommand] carveout_ion_handle_fd = 14,carveout_ion_handle_len = 4194304 
03-13 22:30:36.487   862   862 I Zygote  : ...preloaded 12107 classes in 1167ms.
03-13 22:30:36.487   862   862 I zygote64: VMRuntime.preloadDexCaches starting
03-13 22:30:36.494  1185  1212 I ServiceManager: Waiting for service 'package_native' on '/dev/binder'...
03-13 22:30:36.498     0     0 E         : @4 00 SETUP                     ?	80 00 0000 0000 2
03-13 22:30:36.498     0     0 E         : @4 FF resize_fifo                  3 ?
03-13 22:30:36.499     0     0 E         : @4 FF currentDraw                500 ?
03-13 22:30:36.499     0     0 E @4 SMBLIB: smblib_set_prop_sdp_current_max: set usb current_max=500000
03-13 22:30:36.499     0     0 E         : 01 QUEUE                        0 ?	1 2
03-13 22:30:36.499     0     0 E         : 00 DONE                         0 ?	STATUS
03-13 22:30:36.499     0     0 E         : 00 SETUP                     ?	00 09 0001 0000 0
03-13 22:30:36.499     0     0 E         : FF fifo_reset                   3 ?
03-13 22:30:36.499  1140  1158 I adbd    : USB event: FUNCTIONFS_ENABLE
03-13 22:30:36.499     0     0 E         : FF fifo_reset                   5 ?
03-13 22:30:36.499     0     0 E         : FF fifo_reset                   7 ?
03-13 22:30:36.499     0     0 E         : FF fifo_reset                   9 ?
03-13 22:30:36.499     0     0 E         : FF fifo_reset                  11 ?
03-13 22:30:36.499     0     0 E         : FF fifo_reset                  13 ?
03-13 22:30:36.499     0     0 E         : FF fifo_reset                  15 ?
03-13 22:30:36.499     0     0 E         : FF fifo_reset                  17 ?
03-13 22:30:36.499     0     0 E         : FF fifo_reset                  19 ?
03-13 22:30:36.499     0     0 E         : FF fifo_reset                  21 ?
03-13 22:30:36.499     0     0 E         : FF fifo_reset                  23 ?
03-13 22:30:36.499     0     0 E         : FF fifo_reset                  25 ?
03-13 22:30:36.499     0     0 E         : FF fifo_reset                  27 ?
03-13 22:30:36.499     0     0 E         : FF fifo_reset                  29 ?
03-13 22:30:36.499     0     0 E         : FF fifo_reset                  31 ?
03-13 22:30:36.499     0     0 I configfs-gadget gadget: high-speed config #1: b
03-13 22:30:36.499     0     0 E         : FF fifo_depth                 130 ?
03-13 22:30:36.499     0     0 I         : usb_gadget_vbus_draw USB setting current is 500mA
03-13 22:30:36.499     0     0 E         : 00 DONE                         0 ?	STATUS
03-13 22:30:36.499     0     0 I msm-dwc3 a600000.ssusb: Avail curr from USB = 500
03-13 22:30:36.499  1140  1437 I adbd    : UsbFfs-worker thread spawned
03-13 22:30:36.505     0     0 E         : @2 00 SETUP                     ?	80 06 0300 0000 255
03-13 22:30:36.505     0     0 E         : @6 00 SETUP                     ?	80 06 0301 0409 255
03-13 22:30:36.506  1175  1175 I ServiceManager: Waiting for service 'package_native' on '/dev/binder'...
03-13 22:30:36.508   862   862 I zygote64: VMRuntime.preloadDexCaches strings total=423781 before=11663 after=11663
03-13 22:30:36.508   862   862 I zygote64: VMRuntime.preloadDexCaches types total=41383 before=11385 after=11567
03-13 22:30:36.508   862   862 I zygote64: VMRuntime.preloadDexCaches fields total=176170 before=14188 after=15093
03-13 22:30:36.508   862   862 I zygote64: VMRuntime.preloadDexCaches methods total=318647 before=18312 after=18313
03-13 22:30:36.508   862   862 I zygote64: VMRuntime.preloadDexCaches finished
03-13 22:30:36.508     0     0 E         : 01 QUEUE                        0 ?	1 4
03-13 22:30:36.508     0     0 E         : 00 DONE                         0 ?	STATUS
03-13 22:30:36.508     0     0 I android_work: sent uevent USB_STATE=CONFIGURED
03-13 22:30:36.508     0     0 E         : 01 QUEUE                        0 ?	1 16
03-13 22:30:36.508     0     0 E         : 00 DONE                         0 ?	STATUS
03-13 22:30:36.508     0     0 E         : 00 SETUP                     ?	80 06 0302 0409 255
03-13 22:30:36.508     0     0 E         : 01 QUEUE                        0 ?	1 48
03-13 22:30:36.511   862   862 I zygote64: The ClassLoaderContext is a special shared library.
03-13 22:30:36.514   862   862 D ApplicationLoaders: Created zygote-cached class loader: /system/framework/android.hidl.base-V1.0-java.jar
03-13 22:30:36.519   862   862 I zygote64: The ClassLoaderContext is a special shared library.
03-13 22:30:36.521   862   862 D ApplicationLoaders: Created zygote-cached class loader: /system/framework/android.hidl.manager-V1.0-java.jar
03-13 22:30:36.525   862   862 I zygote64: The ClassLoaderContext is a special shared library.
03-13 22:30:36.529   862   862 D ApplicationLoaders: Created zygote-cached class loader: /system/framework/android.test.base.jar
03-13 22:30:36.529   862   862 I Zygote  : Preloading resources...
03-13 22:30:36.535  1194  1194 I ServiceManager: Waiting for service 'package_native' on '/dev/binder'...
03-13 22:30:36.541   862   862 W Resources: Preloaded drawable resource #0x108028b (android:drawable/dialog_background_material) that varies with configuration!!
03-13 22:30:36.560   860   860 I ServiceManager: Waiting for service 'statscompanion' on '/dev/binder'...
03-13 22:30:36.565   862   862 I Zygote  : ...preloaded 64 resources in 37ms.
03-13 22:30:36.571   862   862 I Zygote  : ...preloaded 41 resources in 6ms.
03-13 22:30:36.573  1140  1140 I adbd    : UsbFfs: already offline
03-13 22:30:36.573  1140  1140 I adbd    : authentication not required
03-13 22:30:36.578     0     0 E         : 00 DONE                         0 ?	STATUS
03-13 22:30:36.578     0     0 E         : 00 SETUP                     ?	80 06 0303 0409 64
03-13 22:30:36.578     0     0 E         : 01 QUEUE                        0 ?	1 18
03-13 22:30:36.595  1185  1212 I ServiceManager: Waiting for service 'package_native' on '/dev/binder'...
03-13 22:30:36.602  1338  1338 D [GF_HAL][HalContext]: [invokeCommand] err = 0, errno = GF_SUCCESS
03-13 22:30:36.603   862   862 D libEGL  : loaded /vendor/lib64/egl/libEGL_adreno.so
03-13 22:30:36.603  1338  1338 D [GF_HAL][Thread]: [createThread] Thread id = 625052864
03-13 22:30:36.603  1338  1338 D [GF_HAL][ShenzhenSensor]: msg : 0
03-13 22:30:36.604  1338  1439 D [GF_HAL][EventCenter]: [threadLoop] Wait get event
03-13 22:30:36.604  1338  1338 D [GF_HAL][Thread]: [createThread] Thread id = 607235264
03-13 22:30:36.604  1338  1338 D [GF_HAL][CaEntry]: [sendCommand] request token: 7, target: 1002, cmd id: 8
03-13 22:30:36.604  1338  1338 D [GF_HAL][CaEntry]: [sendCommand] carveout_ion_handle_fd = 14,carveout_ion_handle_len = 4194304 
03-13 22:30:36.606  1175  1175 I ServiceManager: Waiting for service 'package_native' on '/dev/binder'...
03-13 22:30:36.611   862   862 D libEGL  : loaded /vendor/lib64/egl/libGLESv1_CM_adreno.so
03-13 22:30:36.621   862   862 D libEGL  : loaded /vendor/lib64/egl/libGLESv2_adreno.so
03-13 22:30:36.624  1338  1338 D [GF_HAL][HalContext]: [invokeCommand] err = 0, errno = GF_SUCCESS
03-13 22:30:36.624  1338  1338 D [GF_HAL][Sensor]: [doSleep] ### sleep ###
03-13 22:30:36.624  1338  1440 D [GF_HAL][CaEntry]: [sendCommand] request token: 8, target: 1000, cmd id: 13
03-13 22:30:36.624  1338  1440 D [GF_HAL][CaEntry]: [sendCommand] carveout_ion_handle_fd = 14,carveout_ion_handle_len = 4194304 
03-13 22:30:36.625  1338  1338 I HidlServiceManagement: Registered android.hardware.biometrics.fingerprint@2.1::IBiometricsFingerprint/default (start delay of 567ms)
03-13 22:30:36.625  1338  1338 I HidlServiceManagement: Removing namespace from process name android.hardware.biometrics.fingerprint@2.1-service.oneplus_msmnile to fingerprint@2.1-service.oneplus_msmnile.
03-13 22:30:36.627  1338  1440 D [GF_HAL][HalContext]: [invokeCommand] err = 0, errno = GF_SUCCESS
03-13 22:30:36.627  1338  1440 D [GF_HAL][HalContext]: [threadLoop] Init finished thead exit.
03-13 22:30:36.628     0     0 E         : 00 DONE                         0 ?	STATUS
03-13 22:30:36.628     0     0 I         : Sending QMI_IPA_INIT_MODEM_DRIVER_REQ_V01
03-13 22:30:36.629     0     0 E         : @2 ipa-wan ipa3_handle_indication_req:151 not send indication
03-13 22:30:36.629  1019  1019 I tftp_server: pid=1019 tid=1019 tftp-server : INF :[tftp_server.c, 659] rcvd request [1] [72] [2] [0] [48]
03-13 22:30:36.630  1019  1441 I tftp_server: pid=1019 tid=1441 tftp-server : INF :[tftp_server_utils.c, 113] file [readwrite/server_check.txt] : [/vendor/rfs/msm/mpss/readwrite/server_check.txt]
03-13 22:30:36.630  1019  1441 I tftp_server: pid=1019 tid=1441 tftp-server : INF :[tftp_server.c, 1202] OACK options : [7680, 200, 10, 0, 0, 0, 0, 0]
03-13 22:30:36.631  1019  1441 I tftp_server: pid=1019 tid=1441 tftp-server : INF :[tftp_os_la.c, 63] open : [-1] [-1] [384] [577] [/vendor/rfs/msm/mpss/readwrite/server_check.txt]
03-13 22:30:36.634     0     0 E         : @0 ipa ipa3_uc_wdi_event_log_info_handler:375 WDI stats ofst=0x47150
03-13 22:30:36.634     0     0 E         : @0 ipa ipa3_uc_ntn_event_log_info_handler:40 NTN stats ofst=0x470e0
03-13 22:30:36.635  1019  1019 I tftp_server: pid=1019 tid=1019 tftp-server : INF :[tftp_server.c, 659] rcvd request [1] [84] [1] [0] [51]
03-13 22:30:36.636  1194  1194 I ServiceManager: Waiting for service 'package_native' on '/dev/binder'...
03-13 22:30:36.636  1019  1442 I tftp_server: pid=1019 tid=1442 tftp-server : INF :[tftp_server_utils.c, 113] file [readwrite/ota_firewall/ruleset] : [/vendor/rfs/msm/mpss/readwrite/ota_firewall/ruleset]
03-13 22:30:36.636     0     0 I         : @2 QMI_IPA_INIT_MODEM_DRIVER_REQ_V01 response received
03-13 22:30:36.637  1019  1442 I tftp_server: pid=1019 tid=1442 tftp-server : INF :[tftp_server.c, 1202] OACK options : [7680, 200, 10, 4, 0, 0, 0, 0]
03-13 22:30:36.637  1019  1442 I tftp_server: pid=1019 tid=1442 tftp-server : INF :[tftp_os_la.c, 63] open : [-1] [-1] [384] [0] [/vendor/rfs/msm/mpss/readwrite/ota_firewall/ruleset]
03-13 22:30:36.637  1019  1442 E tftp_server: pid=1019 tid=1442 tftp-server : ERR :[tftp_os_la.c, 70] open failed: [2] [No such file or directory]
03-13 22:30:36.637  1019  1442 E tftp_server: pid=1019 tid=1442 tftp-server : ERR :[tftp_server.c, 1698] open failed : [-2] [Unknown error -2]
03-13 22:30:36.637  1019  1442 E tftp_server: pid=1019 tid=1442 tftp-server : ERR :[tftp_protocol.c, 1229] sending error-pkt. Code = 1, Msg = Err=2 String=No such file or directory
03-13 22:30:36.637  1019  1019 I tftp_server: pid=1019 tid=1019 tftp-server : INF :[tftp_server.c, 659] rcvd request [1] [84] [1] [0] [52]
03-13 22:30:36.640     0     0 E         : @4 ipa ipa3_uc_send_cmd_64b_param:735 Recevied status 0, Expected status 2
03-13 22:30:36.641  1019  1443 I tftp_server: pid=1019 tid=1443 tftp-server : INF :[tftp_server_utils.c, 113] file [readwrite/ota_firewall/ruleset] : [/vendor/rfs/msm/mpss/readwrite/ota_firewall/ruleset]
03-13 22:30:36.641  1019  1443 I tftp_server: pid=1019 tid=1443 tftp-server : INF :[tftp_server.c, 1202] OACK options : [7680, 200, 0, 10, 0, 0, 0, 0]
03-13 22:30:36.641  1019  1443 I tftp_server: pid=1019 tid=1443 tftp-server : INF :[tftp_os_la.c, 63] open : [-1] [-1] [384] [0] [/vendor/rfs/msm/mpss/readwrite/ota_firewall/ruleset]
03-13 22:30:36.641  1019  1443 E tftp_server: pid=1019 tid=1443 tftp-server : ERR :[tftp_os_la.c, 70] open failed: [2] [No such file or directory]
03-13 22:30:36.641  1019  1443 E tftp_server: pid=1019 tid=1443 tftp-server : ERR :[tftp_server.c, 1698] open failed : [-2] [Unknown error -2]
03-13 22:30:36.641  1019  1443 E tftp_server: pid=1019 tid=1443 tftp-server : ERR :[tftp_protocol.c, 1229] sending error-pkt. Code = 1, Msg = Err=2 String=No such file or directory
03-13 22:30:36.660   860   860 I ServiceManager: Waiting for service 'statscompanion' on '/dev/binder'...
03-13 22:30:36.673  1045  1045 D RenderEngine: shader cache generated - 64 shaders in 451.149445 ms
03-13 22:30:36.673  1045  1045 I SurfaceFlinger: Unable to create frame scheduler extension
03-13 22:30:36.674   939   995 I libdisplayconfigqti: Register client name: display_extension1045 device client: 0x70c6015830
03-13 22:30:36.676   862   862 I Zygote  : Preloading shared libraries...
03-13 22:30:36.680  1045  1045 I HidlServiceManagement: Registered android.frameworks.displayservice@1.0::IDisplayService/default (start delay of 1512ms)
03-13 22:30:36.681  1045  1045 D SurfaceFlinger: Setting power mode 2 on display 19260779396743297
03-13 22:30:36.681   939   995 I SDM     : DisplayBase::SetDisplayState: Set state = 1, display 28-0, teardown = 0
03-13 22:30:36.681   939   995 E SDM     : NotifyEvent: phone is booting, would not notify
03-13 22:30:36.681   939   995 I SDM     : StrategyImpl::SetIdleTimeoutMs: Idle timeout set to zero for command mode panels
03-13 22:30:36.682  1045  1045 D SurfaceFlinger: Finished setting power mode 2 on display 19260779396743297
03-13 22:30:36.682   939  1380 W SDM     : DisplayBase::SetVSyncState: Can't enable vsync when display 28-0 is powered off!! Defer it when display is active
03-13 22:30:36.691   862   862 I Zygote  : Called ZygoteHooks.endPreload()
03-13 22:30:36.691     0     0 E         : @5 msm_qti_pp_get_rms_value_control, back not active to query rms be_idx:3
03-13 22:30:36.692   862   862 I Zygote  : Installed AndroidKeyStoreProvider in 0ms.
03-13 22:30:36.695  1185  1212 I ServiceManager: Waiting for service 'package_native' on '/dev/binder'...
03-13 22:30:36.696   862   862 I Zygote  : Warmed up JCA providers in 5ms.
03-13 22:30:36.696   862   862 D Zygote  : end preload
03-13 22:30:36.698  1026  1042 D PerMgrSrv: modem state: is on-line, add client QCRIL
03-13 22:30:36.698  1026  1042 D PerMgrSrv: QCRIL registered
03-13 22:30:36.699  1368  1368 D PerMgrLib: QCRIL successfully registered for modem
03-13 22:30:36.700  1026  1042 D PerMgrSrv: modem state: is on-line, add client QCRIL
03-13 22:30:36.701  1026  1042 D PerMgrSrv: QCRIL registered
03-13 22:30:36.701  1381  1381 D PerMgrLib: QCRIL successfully registered for modem
03-13 22:30:36.707  1175  1175 I ServiceManager: Waiting for service 'package_native' on '/dev/binder'...
03-13 22:30:36.713     0     0 I @6 core_get_license_status: cmdrsp_license_result.result = 0x15 for module 0x131ff
03-13 22:30:36.719     0     0 E @6 [ELUS]: (elliptic_system_configuration_param_get) : get ELLIPTIC_SYSTEM_CONFIGURATION_CUSTOM_SETTING_00
03-13 22:30:36.719     0     0 E @6 [ELUS]: (elliptic_system_configuration_param_get) : get ELLIPTIC_SYSTEM_CONFIGURATION_CUSTOM_SETTING_01
03-13 22:30:36.720     0     0 E @6 [ELUS]: (elliptic_system_configuration_param_get) : get ELLIPTIC_SYSTEM_CONFIGURATION_CUSTOM_SETTING_02
03-13 22:30:36.720   862   862 I zygote64: Explicit concurrent copying GC freed 185364(9399KB) AllocSpace objects, 28(852KB) LOS objects, 82% free, 5226KB/29MB, paused 871us total 23.580ms
03-13 22:30:36.720     0     0 E @6 [ELUS]: (elliptic_system_configuration_param_get) : get ELLIPTIC_SYSTEM_CONFIGURATION_CUSTOM_SETTING_03
03-13 22:30:36.720     0     0 E @6 [ELUS]: (elliptic_system_configuration_param_get) : get ELLIPTIC_SYSTEM_CONFIGURATION_CUSTOM_SETTING_04
03-13 22:30:36.721     0     0 E @6 [ELUS]: (elliptic_system_configuration_param_get) : get ELLIPTIC_SYSTEM_CONFIGURATION_CUSTOM_SETTING_05
03-13 22:30:36.721     0     0 E @6 [ELUS]: (elliptic_system_configuration_param_get) : get ELLIPTIC_SYSTEM_CONFIGURATION_CUSTOM_SETTING_06
03-13 22:30:36.721     0     0 E @6 [ELUS]: (elliptic_system_configuration_param_get) : get ELLIPTIC_SYSTEM_CONFIGURATION_CUSTOM_SETTING_07
03-13 22:30:36.721     0     0 E @6 [ELUS]: (elliptic_system_configuration_param_get) : get ELLIPTIC_SYSTEM_CONFIGURATION_CUSTOM_SETTING_08
03-13 22:30:36.722     0     0 E @6 [ELUS]: (elliptic_system_configuration_param_get) : get ELLIPTIC_SYSTEM_CONFIGURATION_CUSTOM_SETTING_09
03-13 22:30:36.722     0     0 E @6 [ELUS]: (elliptic_system_configuration_param_get) : get ELLIPTIC_SYSTEM_CONFIGURATION_CUSTOM_SETTING_10
03-13 22:30:36.722     0     0 E @6 [ELUS]: (elliptic_system_configuration_param_get) : get ELLIPTIC_SYSTEM_CONFIGURATION_CUSTOM_SETTING_11
03-13 22:30:36.722     0     0 E @6 [ELUS]: (elliptic_system_configuration_param_get) : get ELLIPTIC_SYSTEM_CONFIGURATION_CUSTOM_SETTING_12
03-13 22:30:36.723     0     0 E @6 [ELUS]: (elliptic_system_configuration_param_get) : get ELLIPTIC_SYSTEM_CONFIGURATION_CUSTOM_SETTING_13
03-13 22:30:36.723     0     0 E @6 [ELUS]: (elliptic_system_configuration_param_get) : get ELLIPTIC_SYSTEM_CONFIGURATION_CUSTOM_SETTING_14
03-13 22:30:36.723     0     0 E @6 [ELUS]: (elliptic_system_configuration_param_get) : get ELLIPTIC_SYSTEM_CONFIGURATION_CUSTOM_SETTING_15
03-13 22:30:36.729     0     0 E         : @6 msm-ext-disp-audio-codec-rx soc:qcom,msm-ext-disp:qcom,msm-ext-disp-audio-codec-rx: msm_ext_disp_audio_type_get: codec_data, get_audio_edid_blk() or get_intf_id is NULL
03-13 22:30:36.729     0     0 E         : @6 msm-ext-disp-audio-codec-rx soc:qcom,msm-ext-disp:qcom,msm-ext-disp-audio-codec-rx: msm_ext_disp_audio_type_get: codec_data, get_audio_edid_blk() or get_intf_id is NULL
03-13 22:30:36.736   862   862 I zygote64: Explicit concurrent copying GC freed 11460(389KB) AllocSpace objects, 0(0B) LOS objects, 83% free, 4868KB/28MB, paused 22us total 13.847ms
03-13 22:30:36.736  1194  1194 I ServiceManager: Waiting for service 'package_native' on '/dev/binder'...
03-13 22:30:36.743  1201  1327 V sensors-hal: handle_indication:513, msg_id 34 
03-13 22:30:36.743  1201  1327 V sensors-hal: handle_indication:581, indication, payload_len=69
03-13 22:30:36.743  1201  1325 V sensors-hal: handle_ssc_event:100, suid_event for printf_ap, num_suids=1, ts=11.134770s
03-13 22:30:36.743  1201  1325 I sensors-hal: suid_lookup_callback:421, datatype : printf_ap
03-13 22:30:36.743  1201  1325 I sensors-hal: update_mandatory_list_database:184, laterboot datatype printf_ap write
03-13 22:30:36.743  1201  1325 I sensors-hal: suid_lookup_callback:428, num_mandatory_sensors_found : 1, mandatory_sensor_datatypes.size() : 22
03-13 22:30:36.743  1201  1325 I sensors-hal: suid_lookup_callback:445, received suid for dt=printf_ap, t=11.135007s
03-13 22:30:36.761   860   860 I ServiceManager: Waiting for service 'statscompanion' on '/dev/binder'...
03-13 22:30:36.766     0     0 E         : @6 msm_pcm_path_latency_ctl_get substream runtime not found
03-13 22:30:36.766  1201  1327 V sensors-hal: handle_indication:513, msg_id 34 
03-13 22:30:36.766  1201  1327 V sensors-hal: handle_indication:581, indication, payload_len=73
03-13 22:30:36.766  1201  1325 V sensors-hal: handle_ssc_event:100, suid_event for ambient_light, num_suids=1, ts=11.158326s
03-13 22:30:36.766  1201  1325 I sensors-hal: suid_lookup_callback:421, datatype : ambient_light
03-13 22:30:36.766  1201  1325 I sensors-hal: suid_lookup_callback:428, num_mandatory_sensors_found : 1, mandatory_sensor_datatypes.size() : 22
03-13 22:30:36.766  1201  1325 I sensors-hal: suid_lookup_callback:445, received suid for dt=ambient_light, t=11.158431s
03-13 22:30:36.766  1368  1368 I HidlServiceManagement: Registered vendor.qti.hardware.radio.am@1.0::IQcRilAudio/slot1 (start delay of 628ms)
03-13 22:30:36.768  1201  1327 V sensors-hal: handle_indication:513, msg_id 34 
03-13 22:30:36.768  1201  1327 V sensors-hal: handle_indication:581, indication, payload_len=69
03-13 22:30:36.768  1201  1325 V sensors-hal: handle_ssc_event:100, suid_event for proximity, num_suids=1, ts=11.159840s
03-13 22:30:36.768  1201  1325 I sensors-hal: suid_lookup_callback:421, datatype : proximity
03-13 22:30:36.768  1201  1325 I sensors-hal: suid_lookup_callback:428, num_mandatory_sensors_found : 2, mandatory_sensor_datatypes.size() : 22
03-13 22:30:36.768  1201  1325 I sensors-hal: suid_lookup_callback:445, received suid for dt=proximity, t=11.159886s
03-13 22:30:36.768  1446  1446 D BootAnimation: BootAnimationStartTiming start time: 11160ms
03-13 22:30:36.768  1446  1446 D BootAnimation: BootAnimationPreloadTiming start time: 11160ms
03-13 22:30:36.769  1446  1446 D BootAnimation: Animation customzation path: 
03-13 22:30:36.778  1368  1368 I HidlServiceManagement: Registered vendor.qti.hardware.radio.qcrilhook@1.0::IQtiOemHook/oemhook0 (start delay of 639ms)
03-13 22:30:36.778  1368  1368 D PerMgrLib: QCRIL voting for modem
03-13 22:30:36.778  1026  1042 D PerMgrSrv: QCRIL voting for modem
03-13 22:30:36.778  1026  1042 D PerMgrSrv: modem num voters is 3
03-13 22:30:36.779   862   862 D Zygote  : Forked child process 1467
03-13 22:30:36.780   862   862 I Zygote  : System server process 1467 has been created
03-13 22:30:36.781   862   862 I Zygote  : Accepting command socket connections
03-13 22:30:36.785  1201  1327 V sensors-hal: handle_indication:513, msg_id 34 
03-13 22:30:36.785  1201  1327 V sensors-hal: handle_indication:581, indication, payload_len=69
03-13 22:30:36.785  1201  1327 V sensors-hal: handle_indication:513, msg_id 34 
03-13 22:30:36.785  1201  1327 V sensors-hal: handle_indication:581, indication, payload_len=73
03-13 22:30:36.785  1201  1325 V sensors-hal: handle_ssc_event:100, suid_event for proximity, num_suids=1, ts=11.177472s
03-13 22:30:36.785  1201  1325 I sensors-hal: suid_lookup_callback:421, datatype : proximity
03-13 22:30:36.785  1201  1325 I sensors-hal: suid_lookup_callback:428, num_mandatory_sensors_found : 3, mandatory_sensor_datatypes.size() : 22
03-13 22:30:36.785  1201  1325 I sensors-hal: suid_lookup_callback:445, received suid for dt=proximity, t=11.177519s
03-13 22:30:36.785  1201  1325 V sensors-hal: handle_ssc_event:100, suid_event for ambient_light, num_suids=1, ts=11.177533s
03-13 22:30:36.785  1201  1325 I sensors-hal: suid_lookup_callback:421, datatype : ambient_light
03-13 22:30:36.785  1201  1325 I sensors-hal: suid_lookup_callback:428, num_mandatory_sensors_found : 3, mandatory_sensor_datatypes.size() : 22
03-13 22:30:36.785  1201  1325 I sensors-hal: suid_lookup_callback:445, received suid for dt=ambient_light, t=11.177555s
03-13 22:30:36.791  1368  1486 I HidlServiceManagement: Registered vendor.qti.hardware.radio.uim@1.2::IUim/Uim0 (start delay of 653ms)
03-13 22:30:36.793  1368  1434 I HidlServiceManagement: Registered vendor.qti.hardware.radio.lpa@1.0::IUimLpa/UimLpa0 (start delay of 655ms)
03-13 22:30:36.794  1368  1488 I HidlServiceManagement: Registered vendor.qti.hardware.data.connection@1.1::IDataConnection/slot1 (start delay of 655ms)
03-13 22:30:36.794  1368  1491 I HidlServiceManagement: Registered vendor.qti.hardware.radio.uim_remote_client@1.0::IUimRemoteServiceClient/uimRemoteClient0 (start delay of 656ms)
03-13 22:30:36.794  1368  1490 I HidlServiceManagement: Registered android.hardware.radio@1.2::ISap/slot1 (start delay of 656ms)
03-13 22:30:36.795  1185  1212 I ServiceManager: Waiting for service 'package_native' on '/dev/binder'...
03-13 22:30:36.802  1368  1434 I HidlServiceManagement: Registered vendor.qti.hardware.radio.qtiradio@2.3::IQtiRadio/slot1 (start delay of 664ms)
03-13 22:30:36.803  1368  1434 I HidlServiceManagement: Registered vendor.qti.hardware.radio.ims@1.5::IImsRadio/imsradio0 (start delay of 665ms)
03-13 22:30:36.806  1368  1492 I HidlServiceManagement: Registered vendor.qti.hardware.radio.uim_remote_server@1.0::IUimRemoteServiceServer/uimRemoteServer0 (start delay of 658ms)
03-13 22:30:36.807  1140  1156 I adbd    : jdwp connection from 1467
03-13 22:30:36.807  1175  1175 I ServiceManager: Waiting for service 'package_native' on '/dev/binder'...
03-13 22:30:36.814  1368  1368 I HidlServiceManagement: Registered android.hardware.radio@1.4::IRadio/slot1 (start delay of 675ms)
03-13 22:30:36.816  1368  1368 I HidlServiceManagement: Registered android.hardware.radio.config@1.1::IRadioConfig/default (start delay of 677ms)
03-13 22:30:36.818     0     0 I chatty  : uid=0(root) logd identical 6 lines
03-13 22:30:36.820     0     0 E         : @6 msm_pcm_path_latency_ctl_get substream runtime not found
03-13 22:30:36.837  1194  1194 I ServiceManager: Waiting for service 'package_native' on '/dev/binder'...
03-13 22:30:36.845  1201  1327 V sensors-hal: handle_indication:513, msg_id 34 
03-13 22:30:36.845  1201  1327 V sensors-hal: handle_indication:581, indication, payload_len=43
03-13 22:30:36.845  1201  1325 V sensors-hal: handle_ssc_event:100, suid_event for mag, num_suids=0, ts=11.236875s
03-13 22:30:36.845  1201  1325 I sensors-hal: suid_lookup_callback:421, datatype : mag
03-13 22:30:36.848  1446  1446 D BootAnimation: BootAnimationPreloadStopTiming start time: 11240ms
03-13 22:30:36.854  1446  1506 D libEGL  : loaded /vendor/lib64/egl/libEGL_adreno.so
03-13 22:30:36.857  1446  1506 D libEGL  : loaded /vendor/lib64/egl/libGLESv1_CM_adreno.so
03-13 22:30:36.861  1446  1506 D libEGL  : loaded /vendor/lib64/egl/libGLESv2_adreno.so
03-13 22:30:36.861   860   860 I ServiceManager: Waiting for service 'statscompanion' on '/dev/binder'...
03-13 22:30:36.864  1201  1327 V sensors-hal: handle_indication:513, msg_id 34 
03-13 22:30:36.864  1201  1327 V sensors-hal: handle_indication:581, indication, payload_len=65
03-13 22:30:36.864  1201  1327 V sensors-hal: handle_indication:513, msg_id 34 
03-13 22:30:36.864  1201  1327 V sensors-hal: handle_indication:581, indication, payload_len=63
03-13 22:30:36.864  1201  1327 V sensors-hal: handle_indication:513, msg_id 34 
03-13 22:30:36.864  1201  1327 V sensors-hal: handle_indication:581, indication, payload_len=64
03-13 22:30:36.864  1201  1327 V sensors-hal: handle_indication:513, msg_id 34 
03-13 22:30:36.864  1201  1327 V sensors-hal: handle_indication:581, indication, payload_len=44
03-13 22:30:36.864  1201  1325 V sensors-hal: handle_ssc_event:100, suid_event for accel, num_suids=1, ts=11.255904s
03-13 22:30:36.864  1201  1327 V sensors-hal: handle_indication:513, msg_id 34 
03-13 22:30:36.864  1201  1325 I sensors-hal: suid_lookup_callback:421, datatype : accel
03-13 22:30:36.864  1201  1325 I sensors-hal: suid_lookup_callback:428, num_mandatory_sensors_found : 3, mandatory_sensor_datatypes.size() : 22
03-13 22:30:36.864  1201  1325 I sensors-hal: suid_lookup_callback:445, received suid for dt=accel, t=11.255980s
03-13 22:30:36.864  1201  1325 V sensors-hal: handle_ssc_event:100, suid_event for mag, num_suids=1, ts=11.256002s
03-13 22:30:36.864  1201  1325 I sensors-hal: suid_lookup_callback:421, datatype : mag
03-13 22:30:36.864  1201  1325 I sensors-hal: suid_lookup_callback:428, num_mandatory_sensors_found : 4, mandatory_sensor_datatypes.size() : 22
03-13 22:30:36.864  1201  1325 I sensors-hal: suid_lookup_callback:445, received suid for dt=mag, t=11.256033s
03-13 22:30:36.864  1201  1325 V sensors-hal: handle_ssc_event:100, suid_event for gyro, num_suids=1, ts=11.256042s
03-13 22:30:36.864  1201  1325 I sensors-hal: suid_lookup_callback:421, datatype : gyro
03-13 22:30:36.864  1201  1325 I sensors-hal: suid_lookup_callback:428, num_mandatory_sensors_found : 5, mandatory_sensor_datatypes.size() : 22
03-13 22:30:36.864  1201  1325 I sensors-hal: suid_lookup_callback:445, received suid for dt=gyro, t=11.256064s
03-13 22:30:36.864  1201  1325 V sensors-hal: handle_ssc_event:100, suid_event for sars, num_suids=0, ts=11.256080s
03-13 22:30:36.864  1201  1325 I sensors-hal: suid_lookup_callback:421, datatype : sars
03-13 22:30:36.864  1201  1327 V sensors-hal: handle_indication:581, indication, payload_len=43
03-13 22:30:36.864  1201  1327 V sensors-hal: handle_indication:513, msg_id 34 
03-13 22:30:36.864  1201  1327 V sensors-hal: handle_indication:581, indication, payload_len=78
03-13 22:30:36.864  1201  1327 V sensors-hal: handle_indication:513, msg_id 34 
03-13 22:30:36.864  1201  1327 V sensors-hal: handle_indication:581, indication, payload_len=73
03-13 22:30:36.864  1201  1327 V sensors-hal: handle_indication:513, msg_id 34 
03-13 22:30:36.864  1201  1327 V sensors-hal: handle_indication:581, indication, payload_len=72
03-13 22:30:36.864  1201  1327 V sensors-hal: handle_indication:513, msg_id 34 
03-13 22:30:36.864  1201  1327 V sensors-hal: handle_indication:581, indication, payload_len=66
03-13 22:30:36.864  1201  1325 V sensors-hal: handle_ssc_event:100, suid_event for sar, num_suids=0, ts=11.256230s
03-13 22:30:36.864  1201  1325 I sensors-hal: suid_lookup_callback:421, datatype : sar
03-13 22:30:36.864  1201  1325 V sensors-hal: handle_ssc_event:100, suid_event for sensor_temperature, num_suids=1, ts=11.256248s
03-13 22:30:36.864  1201  1325 I sensors-hal: suid_lookup_callback:421, datatype : sensor_temperature
03-13 22:30:36.864  1201  1325 I sensors-hal: suid_lookup_callback:428, num_mandatory_sensors_found : 6, mandatory_sensor_datatypes.size() : 22
03-13 22:30:36.864  1201  1325 I sensors-hal: suid_lookup_callback:445, received suid for dt=sensor_temperature, t=11.256270s
03-13 22:30:36.864  1201  1325 V sensors-hal: handle_ssc_event:100, suid_event for device_orient, num_suids=1, ts=11.256279s
03-13 22:30:36.864  1201  1325 I sensors-hal: suid_lookup_callback:421, datatype : device_orient
03-13 22:30:36.864  1201  1325 I sensors-hal: suid_lookup_callback:428, num_mandatory_sensors_found : 7, mandatory_sensor_datatypes.size() : 22
03-13 22:30:36.864  1201  1325 I sensors-hal: suid_lookup_callback:445, received suid for dt=device_orient, t=11.256298s
03-13 22:30:36.864  1201  1325 V sensors-hal: handle_ssc_event:100, suid_event for op_free_fall, num_suids=1, ts=11.256307s
03-13 22:30:36.864  1201  1325 I sensors-hal: suid_lookup_callback:421, datatype : op_free_fall
03-13 22:30:36.864  1201  1325 I sensors-hal: suid_lookup_callback:428, num_mandatory_sensors_found : 8, mandatory_sensor_datatypes.size() : 22
03-13 22:30:36.864  1201  1325 I sensors-hal: suid_lookup_callback:445, received suid for dt=op_free_fall, t=11.256326s
03-13 22:30:36.864  1201  1325 V sensors-hal: handle_ssc_event:100, suid_event for pickup, num_suids=1, ts=11.256334s
03-13 22:30:36.864  1201  1325 I sensors-hal: suid_lookup_callback:421, datatype : pickup
03-13 22:30:36.864  1201  1325 I sensors-hal: suid_lookup_callback:428, num_mandatory_sensors_found : 9, mandatory_sensor_datatypes.size() : 22
03-13 22:30:36.864  1201  1325 I sensors-hal: suid_lookup_callback:445, received suid for dt=pickup, t=11.256354s
03-13 22:30:36.874  1201  1327 V sensors-hal: handle_indication:513, msg_id 34 
03-13 22:30:36.874  1201  1327 V sensors-hal: handle_indication:581, indication, payload_len=64
03-13 22:30:36.874  1201  1327 V sensors-hal: handle_indication:513, msg_id 34 
03-13 22:30:36.874  1201  1327 V sensors-hal: handle_indication:581, indication, payload_len=63
03-13 22:30:36.874  1201  1325 V sensors-hal: handle_ssc_event:100, suid_event for tilt, num_suids=1, ts=11.265980s
03-13 22:30:36.874  1201  1327 V sensors-hal: handle_indication:513, msg_id 34 
03-13 22:30:36.874  1201  1327 V sensors-hal: handle_indication:581, indication, payload_len=69
03-13 22:30:36.874  1201  1325 I sensors-hal: suid_lookup_callback:421, datatype : tilt
03-13 22:30:36.874  1201  1327 V sensors-hal: handle_indication:513, msg_id 34 
03-13 22:30:36.874  1201  1325 I sensors-hal: suid_lookup_callback:428, num_mandatory_sensors_found : 10, mandatory_sensor_datatypes.size() : 22
03-13 22:30:36.874  1201  1327 V sensors-hal: handle_indication:581, indication, payload_len=64
03-13 22:30:36.874  1201  1325 I sensors-hal: suid_lookup_callback:445, received suid for dt=tilt, t=11.266037s
03-13 22:30:36.874  1201  1325 V sensors-hal: handle_ssc_event:100, suid_event for cmc, num_suids=1, ts=11.266053s
03-13 22:30:36.874  1201  1325 I sensors-hal: suid_lookup_callback:421, datatype : cmc
03-13 22:30:36.874  1201  1325 I sensors-hal: suid_lookup_callback:428, num_mandatory_sensors_found : 11, mandatory_sensor_datatypes.size() : 22
03-13 22:30:36.874  1201  1325 I sensors-hal: suid_lookup_callback:445, received suid for dt=cmc, t=11.266075s
03-13 22:30:36.874  1201  1325 V sensors-hal: handle_ssc_event:100, suid_event for pedometer, num_suids=1, ts=11.266085s
03-13 22:30:36.874  1201  1325 I sensors-hal: suid_lookup_callback:421, datatype : pedometer
03-13 22:30:36.874  1201  1325 I sensors-hal: suid_lookup_callback:428, num_mandatory_sensors_found : 12, mandatory_sensor_datatypes.size() : 22
03-13 22:30:36.874  1201  1325 I sensors-hal: suid_lookup_callback:445, received suid for dt=pedometer, t=11.266105s
03-13 22:30:36.874  1201  1325 V sensors-hal: handle_ssc_event:100, suid_event for psmd, num_suids=1, ts=11.266113s
03-13 22:30:36.874  1201  1325 I sensors-hal: suid_lookup_callback:421, datatype : psmd
03-13 22:30:36.874  1201  1325 I sensors-hal: suid_lookup_callback:428, num_mandatory_sensors_found : 13, mandatory_sensor_datatypes.size() : 22
03-13 22:30:36.874  1201  1325 I sensors-hal: suid_lookup_callback:445, received suid for dt=psmd, t=11.266136s
03-13 22:30:36.878  1201  1327 V sensors-hal: handle_indication:513, msg_id 34 
03-13 22:30:36.878  1201  1327 V sensors-hal: handle_indication:581, indication, payload_len=68
03-13 22:30:36.878  1201  1327 V sensors-hal: handle_indication:513, msg_id 34 
03-13 22:30:36.878  1201  1327 V sensors-hal: handle_indication:581, indication, payload_len=70
03-13 22:30:36.879  1201  1325 V sensors-hal: handle_ssc_event:100, suid_event for gyro_cal, num_suids=1, ts=11.270604s
03-13 22:30:36.879  1201  1325 I sensors-hal: suid_lookup_callback:421, datatype : gyro_cal
03-13 22:30:36.879  1201  1325 I sensors-hal: suid_lookup_callback:428, num_mandatory_sensors_found : 14, mandatory_sensor_datatypes.size() : 22
03-13 22:30:36.879  1201  1325 I sensors-hal: suid_lookup_callback:445, received suid for dt=gyro_cal, t=11.270637s
03-13 22:30:36.879  1201  1325 V sensors-hal: handle_ssc_event:100, suid_event for sig_motion, num_suids=1, ts=11.270650s
03-13 22:30:36.879  1201  1325 I sensors-hal: suid_lookup_callback:421, datatype : sig_motion
03-13 22:30:36.879  1201  1325 I sensors-hal: suid_lookup_callback:428, num_mandatory_sensors_found : 15, mandatory_sensor_datatypes.size() : 22
03-13 22:30:36.879  1201  1325 I sensors-hal: suid_lookup_callback:445, received suid for dt=sig_motion, t=11.270671s
03-13 22:30:36.880  1201  1327 V sensors-hal: handle_indication:513, msg_id 34 
03-13 22:30:36.880  1201  1327 V sensors-hal: handle_indication:581, indication, payload_len=67
03-13 22:30:36.880  1201  1325 V sensors-hal: handle_ssc_event:100, suid_event for mag_cal, num_suids=1, ts=11.272536s
03-13 22:30:36.880  1201  1325 I sensors-hal: suid_lookup_callback:421, datatype : mag_cal
03-13 22:30:36.880  1201  1325 I sensors-hal: suid_lookup_callback:428, num_mandatory_sensors_found : 16, mandatory_sensor_datatypes.size() : 22
03-13 22:30:36.880  1201  1325 I sensors-hal: suid_lookup_callback:445, received suid for dt=mag_cal, t=11.272578s
03-13 22:30:36.883  1201  1327 V sensors-hal: handle_indication:513, msg_id 34 
03-13 22:30:36.883  1201  1327 V sensors-hal: handle_indication:581, indication, payload_len=64
03-13 22:30:36.88