03-13 21:13:06.728  1500  1500 E FingerprintService: 	at android.os.Looper.loop(Looper.java:223)
03-13 21:13:06.728  1500  1500 E FingerprintService: 	at com.android.server.SystemServer.run(SystemServer.java:633)
03-13 21:13:06.728  1500  1500 E FingerprintService: 	at com.android.server.SystemServer.main(SystemServer.java:419)
03-13 21:13:06.728  1500  1500 E FingerprintService: 	at java.lang.reflect.Method.invoke(Native Method)
03-13 21:13:06.728  1500  1500 E FingerprintService: 	at com.android.internal.os.RuntimeInit$MethodAndArgsCaller.run(RuntimeInit.java:592)
03-13 21:13:06.728  1500  1500 E FingerprintService: 	at com.android.internal.os.ZygoteInit.main(ZygoteInit.java:930)
03-13 21:13:06.729  1500  1500 V FingerprintService: Acquired: 6 0
03-13 21:13:06.731  2188  2188 W FingerprintManager: Invalid acquired message: 6, 0
03-13 21:13:06.731  1500  1545 I ActivityManager: Start proc 7548:com.google.android.onetimeinitializer/u0a189 for broadcast {com.google.android.onetimeinitializer/com.google.android.onetimeinitializer.OneTimeInitializerReceiver}
03-13 21:13:06.740     0     0 E [20210313_21:13:06.737699]@4 init: Control message: Could not ctl.interface_start for 'vendor.one.biometrics.fingerprint.inscreen@1.0::IFingerprintInscreen/default' from pid: 628 (/system/bin/hwservicemanager): File /system_ext/bin/hw/vendor.one.biometrics.fingerprint.inscreen@1.0-service.oneplus_msmnile (labeled "u:object_r:system_file:s0") has incorrect label or no domain transition from u:r:init:s0 to another SELinux domain defined. Have you configured your service correctly? https://source.android.com/security/selinux/device-policy#label_new_services_and_address_denials
03-13 21:13:06.744  1500  1500 I ExplicitHealthCheckController: Explicit health check service is connected ComponentInfo{com.google.android.ext.services/android.ext.services.watchdog.ExplicitHealthCheckServiceImpl}
03-13 21:13:06.744  1500  1500 I ExplicitHealthCheckController: Service initialized, syncing requests
03-13 21:13:06.749  1500  1500 D PackageWatchdog: Getting all observed packages pending health checks
03-13 21:13:06.749  1500  1500 I PackageWatchdog: Syncing health check requests for packages: {com.android.launcher3}
03-13 21:13:06.749  1500  1500 D ExplicitHealthCheckController: Getting health check supported packages
03-13 21:13:06.755  1500  4113 D BackupTransportManager: Transport com.google.android.gms/.backup.BackupTransportService updated its attributes
03-13 21:13:06.757  1500  2882 I ExplicitHealthCheckController: Explicit health check supported packages [PackageConfig{com.google.android.networkstack, 86400000}]
03-13 21:13:06.757  1500  2882 D PackageWatchdog: Received supported packages [PackageConfig{com.google.android.networkstack, 86400000}]
03-13 21:13:06.757  1500  2882 I PackageWatchdog: Updated health check state for package android: PASSED -> PASSED
03-13 21:13:06.757  1500  2882 I PackageWatchdog: Updated health check state for package com.android.launcher3: INACTIVE -> PASSED
03-13 21:13:06.757  1500  2882 I PackageWatchdog: Updated health check state for package com.google.android.as: PASSED -> PASSED
03-13 21:13:06.757  1500  2882 I PackageWatchdog: Updated health check state for package com.google.android.networkstack: PASSED -> PASSED
03-13 21:13:06.757  1500  2882 I PackageWatchdog: Syncing state, reason: updated health check supported packages [PackageConfig{com.google.android.networkstack, 86400000}]
03-13 21:13:06.757  1500  2882 I PackageWatchdog: Removing 58ms from all packages on all observers
03-13 21:13:06.757  1500  2882 I PackageWatchdog: Updated health check state for package android: PASSED -> PASSED
03-13 21:13:06.757  1500  2882 I PackageWatchdog: Updated health check state for package com.android.launcher3: PASSED -> PASSED
03-13 21:13:06.757  1500  2882 I PackageWatchdog: Updated health check state for package com.google.android.as: PASSED -> PASSED
03-13 21:13:06.757  1500  2882 I PackageWatchdog: Updated health check state for package com.google.android.networkstack: PASSED -> PASSED
03-13 21:13:06.757  1500  2882 I PackageWatchdog: Scheduling next state sync in 172799780ms
03-13 21:13:06.757  1500  2882 D ExplicitHealthCheckController: Getting health check requested packages
03-13 21:13:06.757  1500  1500 D PackageWatchdog: Getting all observed packages pending health checks
03-13 21:13:06.757  1500  1543 I PackageWatchdog: Saving observer state to file
03-13 21:13:06.757  1500  1500 I PackageWatchdog: Syncing health check requests for packages: {}
03-13 21:13:06.757  1500  1500 D ExplicitHealthCheckController: Getting health check supported packages
03-13 21:13:06.757  1500  2051 I ExplicitHealthCheckController: Explicit health check requested packages []
03-13 21:13:06.757  1500  2051 I ExplicitHealthCheckController: No more health check requests, unbinding...
03-13 21:13:06.758  1500  4115 I ExplicitHealthCheckController: Explicit health check supported packages [PackageConfig{com.google.android.networkstack, 86400000}]
03-13 21:13:06.761  1500  2051 I ExplicitHealthCheckController: Explicit health check service is unbound
03-13 21:13:06.764  1500  4115 D PackageWatchdog: Received supported packages [PackageConfig{com.google.android.networkstack, 86400000}]
03-13 21:13:06.764  1500  4115 I PackageWatchdog: Updated health check state for package android: PASSED -> PASSED
03-13 21:13:06.764  1500  4115 I PackageWatchdog: Updated health check state for package com.android.launcher3: PASSED -> PASSED
03-13 21:13:06.764  1500  4115 I PackageWatchdog: Updated health check state for package com.google.android.as: PASSED -> PASSED
03-13 21:13:06.764  1500  4115 I PackageWatchdog: Updated health check state for package com.google.android.networkstack: PASSED -> PASSED
03-13 21:13:06.764  1500  4115 I ExplicitHealthCheckController: Service not ready to get health check requested packages. Binding...
03-13 21:13:06.768  1500  4115 I ExplicitHealthCheckController: Explicit health check service is bound
03-13 21:13:06.809  1500  1500 I ExplicitHealthCheckController: Explicit health check service is connected ComponentInfo{com.google.android.ext.services/android.ext.services.watchdog.ExplicitHealthCheckServiceImpl}
03-13 21:13:06.809  1500  1500 I ExplicitHealthCheckController: Service initialized, syncing requests
03-13 21:13:06.830  1500  1500 D PackageWatchdog: Getting all observed packages pending health checks
03-13 21:13:06.830  1500  1500 I PackageWatchdog: Syncing health check requests for packages: {}
03-13 21:13:06.830  1500  1500 D ExplicitHealthCheckController: Getting health check supported packages
03-13 21:13:06.831  1500  4115 I ExplicitHealthCheckController: Explicit health check supported packages [PackageConfig{com.google.android.networkstack, 86400000}]
03-13 21:13:06.831  1500  4115 D PackageWatchdog: Received supported packages [PackageConfig{com.google.android.networkstack, 86400000}]
03-13 21:13:06.831  1500  4115 I PackageWatchdog: Updated health check state for package android: PASSED -> PASSED
03-13 21:13:06.831  1500  4115 I PackageWatchdog: Updated health check state for package com.android.launcher3: PASSED -> PASSED
03-13 21:13:06.831  1500  4115 I PackageWatchdog: Updated health check state for package com.google.android.as: PASSED -> PASSED
03-13 21:13:06.831  1500  4115 I PackageWatchdog: Updated health check state for package com.google.android.networkstack: PASSED -> PASSED
03-13 21:13:06.831  1500  4115 D ExplicitHealthCheckController: Getting health check requested packages
03-13 21:13:06.832  1500  2052 I ExplicitHealthCheckController: Explicit health check requested packages []
03-13 21:13:06.832  1500  2052 I ExplicitHealthCheckController: No more health check requests, unbinding...
03-13 21:13:06.833  1500  2052 I ExplicitHealthCheckController: Explicit health check service is unbound
03-13 21:13:06.840  1500  4117 I RescueParty: Starting to observe: [com.android.systemui], updated namespace: privacy
03-13 21:13:06.841  1500  4117 I PackageWatchdog: Updated health check state for package com.android.systemui: INACTIVE -> INACTIVE
03-13 21:13:06.841  1500  1543 I PackageWatchdog: Syncing state, reason: observing new packages
03-13 21:13:06.841  1500  1543 I PackageWatchdog: Removing 84ms from all packages on all observers
03-13 21:13:06.841  1500  1543 I PackageWatchdog: Updated health check state for package android: PASSED -> PASSED
03-13 21:13:06.841  1500  1543 I PackageWatchdog: Updated health check state for package com.android.launcher3: PASSED -> PASSED
03-13 21:13:06.841  1500  1543 I PackageWatchdog: Updated health check state for package com.google.android.as: PASSED -> PASSED
03-13 21:13:06.841  1500  1543 I PackageWatchdog: Updated health check state for package com.google.android.networkstack: PASSED -> PASSED
03-13 21:13:06.841  1500  1543 I PackageWatchdog: Scheduling next state sync in 172799696ms
03-13 21:13:06.841  1500  1543 D PackageWatchdog: rescue-party-observer added the following packages to monitor [com.android.systemui]
03-13 21:13:06.841  1500  1543 I PackageWatchdog: Syncing state, reason: updated observers
03-13 21:13:06.841  1500  1543 I PackageWatchdog: Not pruning observers, elapsed time: 0ms
03-13 21:13:06.841  1500  1543 I PackageWatchdog: Scheduling next state sync in 172799696ms
03-13 21:13:06.841  1500  1543 I PackageWatchdog: Saving observer state to file
03-13 21:13:06.847  1500  1500 D PackageWatchdog: Getting all observed packages pending health checks
03-13 21:13:06.847  1500  1500 I PackageWatchdog: Syncing health check requests for packages: {com.android.systemui}
03-13 21:13:06.847  1500  1500 I ExplicitHealthCheckController: Service not ready to get health check supported packages. Binding...
03-13 21:13:06.848  1500  1500 I ExplicitHealthCheckController: Explicit health check service is bound
03-13 21:13:06.850     0     0 E [20210313_21:13:06.841405]@4 binder_alloc: 2890: binder_alloc_buf size 1056768 failed, no address space
03-13 21:13:06.850     0     0 E [20210313_21:13:06.841413]@4 binder_alloc: allocated: 1560 (num: 16 largest: 640), free: 1038824 (num: 4 largest: 1037968)
03-13 21:13:06.850     0     0 I [20210313_21:13:06.841417]@4 binder: 3685:4794 transaction failed 29201/-28, size 1056768-0 line 3234
03-13 21:13:06.855  1500  1500 I ExplicitHealthCheckController: Explicit health check service is connected ComponentInfo{com.google.android.ext.services/android.ext.services.watchdog.ExplicitHealthCheckServiceImpl}
03-13 21:13:06.856  1500  1500 I ExplicitHealthCheckController: Service initialized, syncing requests
03-13 21:13:06.856  1500  1500 D PackageWatchdog: Getting all observed packages pending health checks
03-13 21:13:06.856  1500  1500 I PackageWatchdog: Syncing health check requests for packages: {com.android.systemui}
03-13 21:13:06.856  1500  1500 D ExplicitHealthCheckController: Getting health check supported packages
03-13 21:13:06.858  1500  1519 I ExplicitHealthCheckController: Explicit health check supported packages [PackageConfig{com.google.android.networkstack, 86400000}]
03-13 21:13:06.858  1500  1519 D PackageWatchdog: Received supported packages [PackageConfig{com.google.android.networkstack, 86400000}]
03-13 21:13:06.858  1500  1519 I PackageWatchdog: Updated health check state for package android: PASSED -> PASSED
03-13 21:13:06.858  1500  1519 I PackageWatchdog: Updated health check state for package com.android.launcher3: PASSED -> PASSED
03-13 21:13:06.858  1500  1519 I PackageWatchdog: Updated health check state for package com.google.android.as: PASSED -> PASSED
03-13 21:13:06.858  1500  1519 I PackageWatchdog: Updated health check state for package com.google.android.networkstack: PASSED -> PASSED
03-13 21:13:06.858  1500  1519 I PackageWatchdog: Updated health check state for package com.android.systemui: INACTIVE -> PASSED
03-13 21:13:06.858  1500  1519 I PackageWatchdog: Syncing state, reason: updated health check supported packages [PackageConfig{com.google.android.networkstack, 86400000}]
03-13 21:13:06.858  1500  1519 I PackageWatchdog: Removing 17ms from all packages on all observers
03-13 21:13:06.858  1500  1519 I PackageWatchdog: Updated health check state for package android: PASSED -> PASSED
03-13 21:13:06.858  1500  1519 I PackageWatchdog: Updated health check state for package com.android.launcher3: PASSED -> PASSED
03-13 21:13:06.858  1500  1519 I PackageWatchdog: Updated health check state for package com.google.android.as: PASSED -> PASSED
03-13 21:13:06.858  1500  1519 I PackageWatchdog: Updated health check state for package com.google.android.networkstack: PASSED -> PASSED
03-13 21:13:06.858  1500  1519 I PackageWatchdog: Updated health check state for package com.android.systemui: PASSED -> PASSED
03-13 21:13:06.858  1500  1519 I PackageWatchdog: Scheduling next state sync in 172799679ms
03-13 21:13:06.858  1500  1519 D ExplicitHealthCheckController: Getting health check requested packages
03-13 21:13:06.859  1500  1543 I PackageWatchdog: Saving observer state to file
03-13 21:13:06.860  1500  2052 I ExplicitHealthCheckController: Explicit health check requested packages []
03-13 21:13:06.860  1500  2052 I ExplicitHealthCheckController: No more health check requests, unbinding...
03-13 21:13:06.862  1500  1500 D PackageWatchdog: Getting all observed packages pending health checks
03-13 21:13:06.862  1500  1500 I PackageWatchdog: Syncing health check requests for packages: {}
03-13 21:13:06.862  1500  2052 I ExplicitHealthCheckController: Explicit health check service is unbound
03-13 21:13:06.862  1500  1500 I ExplicitHealthCheckController: Service not ready to get health check supported packages. Binding...
03-13 21:13:06.864  1500  1500 I ExplicitHealthCheckController: Explicit health check service is bound
03-13 21:13:06.868  1500  1500 I ExplicitHealthCheckController: Explicit health check service is connected ComponentInfo{com.google.android.ext.services/android.ext.services.watchdog.ExplicitHealthCheckServiceImpl}
03-13 21:13:06.868  1500  1500 I ExplicitHealthCheckController: Service initialized, syncing requests
03-13 21:13:06.868  1500  1500 D PackageWatchdog: Getting all observed packages pending health checks
03-13 21:13:06.868  1500  1500 I PackageWatchdog: Syncing health check requests for packages: {}
03-13 21:13:06.868  1500  1500 D ExplicitHealthCheckController: Getting health check supported packages
03-13 21:13:06.866     0     0 D [20210313_21:13:06.866009]@2 logd: logdr: UID=10156 GID=10156 PID=3685 n tail=0 logMask=4 pid=0 start=0ns timeout=0ns
03-13 21:13:06.869  1500  2051 I ExplicitHealthCheckController: Explicit health check supported packages [PackageConfig{com.google.android.networkstack, 86400000}]
03-13 21:13:06.869  1500  2051 D PackageWatchdog: Received supported packages [PackageConfig{com.google.android.networkstack, 86400000}]
03-13 21:13:06.869  1500  2051 I PackageWatchdog: Updated health check state for package android: PASSED -> PASSED
03-13 21:13:06.869  1500  2051 I PackageWatchdog: Updated health check state for package com.android.launcher3: PASSED -> PASSED
03-13 21:13:06.869  1500  2051 I PackageWatchdog: Updated health check state for package com.google.android.as: PASSED -> PASSED
03-13 21:13:06.869  1500  2051 I PackageWatchdog: Updated health check state for package com.google.android.networkstack: PASSED -> PASSED
03-13 21:13:06.869  1500  2051 I PackageWatchdog: Updated health check state for package com.android.systemui: PASSED -> PASSED
03-13 21:13:06.869  1500  2051 D ExplicitHealthCheckController: Getting health check requested packages
03-13 21:13:06.870  1500  1519 I ExplicitHealthCheckController: Explicit health check requested packages []
03-13 21:13:06.870  1500  1519 I ExplicitHealthCheckController: No more health check requests, unbinding...
03-13 21:13:06.871  1500  1519 I ExplicitHealthCheckController: Explicit health check service is unbound
03-13 21:13:06.878  1500  2258 D CompatibilityChangeReporter: Compat change id reported: 135634846; UID 10106; state: DISABLED
03-13 21:13:06.879  1500  1545 D CompatibilityChangeReporter: Compat change id reported: 143937733; UID 10106; state: ENABLED
03-13 21:13:06.879  1500  2258 I ActivityManager: Killing 5719:com.google.android.documentsui/u0a120 (adj 999): empty #31
03-13 21:13:06.911  1500  1545 I ActivityManager: Start proc 7600:com.google.android.packageinstaller/u0a106 for broadcast {com.google.android.packageinstaller/com.android.packageinstaller.TemporaryFileManager}
03-13 21:13:06.942  1500  2258 I RescueParty: Starting to observe: [android], updated namespace: settings_stats
03-13 21:13:06.942  1500  2258 I PackageWatchdog: Updated health check state for package android: INACTIVE -> INACTIVE
03-13 21:13:06.943  1500  1543 I PackageWatchdog: Syncing state, reason: observing new packages
03-13 21:13:06.943  1500  1543 I PackageWatchdog: Removing 85ms from all packages on all observers
03-13 21:13:06.943  1500  1543 I PackageWatchdog: Updated health check state for package android: PASSED -> PASSED
03-13 21:13:06.943  1500  1543 I PackageWatchdog: Updated health check state for package com.android.launcher3: PASSED -> PASSED
03-13 21:13:06.943  1500  1543 I PackageWatchdog: Updated health check state for package com.google.android.as: PASSED -> PASSED
03-13 21:13:06.943  1500  1543 I PackageWatchdog: Updated health check state for package com.google.android.networkstack: PASSED -> PASSED
03-13 21:13:06.943  1500  1543 I PackageWatchdog: Updated health check state for package com.android.systemui: PASSED -> PASSED
03-13 21:13:06.943  1500  1543 I PackageWatchdog: Scheduling next state sync in 172799594ms
03-13 21:13:06.943  1500  1543 D PackageWatchdog: rescue-party-observer added the following packages to monitor [android]
03-13 21:13:06.943  1500  1500 D PackageWatchdog: Getting all observed packages pending health checks
03-13 21:13:06.943  1500  1500 I PackageWatchdog: Syncing health check requests for packages: {}
03-13 21:13:06.943  1500  1543 I PackageWatchdog: Syncing state, reason: updated observers
03-13 21:13:06.943  1500  1500 I ExplicitHealthCheckController: Service not ready to get health check supported packages. Binding...
03-13 21:13:06.944  1500  1543 I PackageWatchdog: Not pruning observers, elapsed time: 0ms
03-13 21:13:06.944  1500  1543 I PackageWatchdog: Scheduling next state sync in 172799594ms
03-13 21:13:06.944  1500  1543 I PackageWatchdog: Saving observer state to file
03-13 21:13:06.946  1500  1500 I ExplicitHealthCheckController: Explicit health check service is bound
03-13 21:13:06.947  1500  1500 D PackageWatchdog: Getting all observed packages pending health checks
03-13 21:13:06.947  1500  1500 I PackageWatchdog: Syncing health check requests for packages: {}
03-13 21:13:06.947  1500  1500 I ExplicitHealthCheckController: Service not ready to get health check supported packages. Binding...
03-13 21:13:06.947  1500  1500 I ExplicitHealthCheckController: Not binding to service, service already connecting
03-13 21:13:06.948  1500  1500 I ExplicitHealthCheckController: Explicit health check service is connected ComponentInfo{com.google.android.ext.services/android.ext.services.watchdog.ExplicitHealthCheckServiceImpl}
03-13 21:13:06.948  1500  1500 I ExplicitHealthCheckController: Service initialized, syncing requests
03-13 21:13:06.948  1500  1500 D PackageWatchdog: Getting all observed packages pending health checks
03-13 21:13:06.948  1500  1500 I PackageWatchdog: Syncing health check requests for packages: {}
03-13 21:13:06.948  1500  1500 D ExplicitHealthCheckController: Getting health check supported packages
03-13 21:13:06.950  1500  2882 I ExplicitHealthCheckController: Explicit health check supported packages [PackageConfig{com.google.android.networkstack, 86400000}]
03-13 21:13:06.950  1500  2882 D PackageWatchdog: Received supported packages [PackageConfig{com.google.android.networkstack, 86400000}]
03-13 21:13:06.950  1500  2882 I PackageWatchdog: Updated health check state for package android: PASSED -> PASSED
03-13 21:13:06.950  1500  2882 I PackageWatchdog: Updated health check state for package com.android.launcher3: PASSED -> PASSED
03-13 21:13:06.950  1500  2882 I PackageWatchdog: Updated health check state for package com.google.android.as: PASSED -> PASSED
03-13 21:13:06.950  1500  2882 I PackageWatchdog: Updated health check state for package com.google.android.networkstack: PASSED -> PASSED
03-13 21:13:06.950  1500  2882 I PackageWatchdog: Updated health check state for package com.android.systemui: PASSED -> PASSED
03-13 21:13:06.950  1500  2882 D ExplicitHealthCheckController: Getting health check requested packages
03-13 21:13:06.951  1500  2886 I ExplicitHealthCheckController: Explicit health check requested packages []
03-13 21:13:06.951  1500  2886 I ExplicitHealthCheckController: No more health check requests, unbinding...
03-13 21:13:06.953  1500  2886 I ExplicitHealthCheckController: Explicit health check service is unbound
03-13 21:13:06.975  1500  4117 I RescueParty: Starting to observe: [com.google.android.ext.services, android, com.android.systemui], updated namespace: systemui
03-13 21:13:06.976  1500  4117 I PackageWatchdog: Updated health check state for package com.google.android.ext.services: INACTIVE -> INACTIVE
03-13 21:13:06.976  1500  4117 I PackageWatchdog: Updated health check state for package android: INACTIVE -> INACTIVE
03-13 21:13:06.976  1500  4117 I PackageWatchdog: Updated health check state for package com.android.systemui: INACTIVE -> INACTIVE
03-13 21:13:06.983  1500  1543 I PackageWatchdog: Syncing state, reason: observing new packages
03-13 21:13:06.983  1500  1543 I PackageWatchdog: Removing 39ms from all packages on all observers
03-13 21:13:06.983  1500  1543 I PackageWatchdog: Updated health check state for package android: PASSED -> PASSED
03-13 21:13:06.983  1500  1543 I PackageWatchdog: Updated health check state for package com.android.launcher3: PASSED -> PASSED
03-13 21:13:06.983  1500  1543 I PackageWatchdog: Updated health check state for package com.google.android.as: PASSED -> PASSED
03-13 21:13:06.983  1500  1543 I PackageWatchdog: Updated health check state for package com.google.android.networkstack: PASSED -> PASSED
03-13 21:13:06.983  1500  1543 I PackageWatchdog: Updated health check state for package com.android.systemui: PASSED -> PASSED
03-13 21:13:06.983  1500  1543 I PackageWatchdog: Scheduling next state sync in 172799555ms
03-13 21:13:06.983  1500  1543 D PackageWatchdog: rescue-party-observer added the following packages to monitor [com.google.android.ext.services, android, com.android.systemui]
03-13 21:13:06.984  1500  1543 I PackageWatchdog: Syncing state, reason: updated observers
03-13 21:13:06.984  1500  1543 I PackageWatchdog: Removing 1ms from all packages on all observers
03-13 21:13:06.984  1500  1543 I PackageWatchdog: Updated health check state for package com.google.android.ext.services: INACTIVE -> INACTIVE
03-13 21:13:06.984  1500  1543 I PackageWatchdog: Updated health check state for package android: PASSED -> PASSED
03-13 21:13:06.984  1500  1543 I PackageWatchdog: Updated health check state for package com.android.launcher3: PASSED -> PASSED
03-13 21:13:06.984  1500  1543 I PackageWatchdog: Updated health check state for package com.google.android.as: PASSED -> PASSED
03-13 21:13:06.984  1500  1543 I PackageWatchdog: Updated health check state for package com.google.android.networkstack: PASSED -> PASSED
03-13 21:13:06.984  1500  1543 I PackageWatchdog: Updated health check state for package com.android.systemui: PASSED -> PASSED
03-13 21:13:06.984  1500  1543 I PackageWatchdog: Scheduling next state sync in 172799554ms
03-13 21:13:06.984  1500  1500 D PackageWatchdog: Getting all observed packages pending health checks
03-13 21:13:06.985  1500  1500 I PackageWatchdog: Syncing health check requests for packages: {com.google.android.ext.services}
03-13 21:13:06.985  1500  1500 I ExplicitHealthCheckController: Service not ready to get health check supported packages. Binding...
03-13 21:13:06.985  1500  1543 I PackageWatchdog: Saving observer state to file
03-13 21:13:06.988  1500  1500 I ExplicitHealthCheckController: Explicit health check service is bound
03-13 21:13:06.988  1500  1500 D PackageWatchdog: Getting all observed packages pending health checks
03-13 21:13:06.996  1500  1500 I ExplicitHealthCheckController: Explicit health check service is connected ComponentInfo{com.google.android.ext.services/android.ext.services.watchdog.ExplicitHealthCheckServiceImpl}
03-13 21:13:06.996  1500  1500 I ExplicitHealthCheckController: Service initialized, syncing requests
03-13 21:13:06.997  1500  1500 D PackageWatchdog: Getting all observed packages pending health checks
03-13 21:13:06.997  1500  1500 I PackageWatchdog: Syncing health check requests for packages: {com.google.android.ext.services}
03-13 21:13:06.997  1500  1500 D ExplicitHealthCheckController: Getting health check supported packages
03-13 21:13:07.001     0     0 I [20210313_21:13:06.996576]@2 binder: undelivered transaction 323909, process died.
03-13 21:13:07.000  1500  2052 I ExplicitHealthCheckController: Explicit health check supported packages [PackageConfig{com.google.android.networkstack, 86400000}]
03-13 21:13:07.000  1500  2052 D PackageWatchdog: Received supported packages [PackageConfig{com.google.android.networkstack, 86400000}]
03-13 21:13:07.000  1500  2052 I PackageWatchdog: Updated health check state for package com.google.android.ext.services: INACTIVE -> PASSED
03-13 21:13:07.000  1500  2052 I PackageWatchdog: Updated health check state for package android: PASSED -> PASSED
03-13 21:13:07.000  1500  2052 I PackageWatchdog: Updated health check state for package com.android.launcher3: PASSED -> PASSED
03-13 21:13:07.000  1500  2052 I PackageWatchdog: Updated health check state for package com.google.android.as: PASSED -> PASSED
03-13 21:13:07.000  1500  2052 I PackageWatchdog: Updated health check state for package com.google.android.networkstack: PASSED -> PASSED
03-13 21:13:07.000  1500  2052 I PackageWatchdog: Updated health check state for package com.android.systemui: PASSED -> PASSED
03-13 21:13:07.000  1500  2052 I PackageWatchdog: Syncing state, reason: updated health check supported packages [PackageConfig{com.google.android.networkstack, 86400000}]
03-13 21:13:07.000  1500  2052 I PackageWatchdog: Removing 16ms from all packages on all observers
03-13 21:13:07.000  1500  2052 I PackageWatchdog: Updated health check state for package com.google.android.ext.services: PASSED -> PASSED
03-13 21:13:07.000  1500  2052 I PackageWatchdog: Updated health check state for package android: PASSED -> PASSED
03-13 21:13:07.000  1500  2052 I PackageWatchdog: Updated health check state for package com.android.launcher3: PASSED -> PASSED
03-13 21:13:07.000  1500  2052 I PackageWatchdog: Updated health check state for package com.google.android.as: PASSED -> PASSED
03-13 21:13:07.000  1500  2052 I PackageWatchdog: Updated health check state for package com.google.android.networkstack: PASSED -> PASSED
03-13 21:13:07.000  1500  2052 I PackageWatchdog: Updated health check state for package com.android.systemui: PASSED -> PASSED
03-13 21:13:07.000  1500  2052 I PackageWatchdog: Scheduling next state sync in 172799538ms
03-13 21:13:07.000  1500  2052 D ExplicitHealthCheckController: Getting health check requested packages
03-13 21:13:07.001  1500  1543 I PackageWatchdog: Saving observer state to file
03-13 21:13:07.002  1500  4111 I ExplicitHealthCheckController: Explicit health check requested packages []
03-13 21:13:07.002  1500  4111 I ExplicitHealthCheckController: No more health check requests, unbinding...
03-13 21:13:07.003  1500  4115 I RescueParty: Starting to observe: [android], updated namespace: telephony
03-13 21:13:07.003  1500  4115 I PackageWatchdog: Updated health check state for package android: INACTIVE -> INACTIVE
03-13 21:13:07.006  1500  4111 I ExplicitHealthCheckController: Explicit health check service is unbound
03-13 21:13:07.007  1500  1500 D PackageWatchdog: Getting all observed packages pending health checks
03-13 21:13:07.007  1500  1500 I PackageWatchdog: Syncing health check requests for packages: {}
03-13 21:13:07.007  1500  1500 I ExplicitHealthCheckController: Service not ready to get health check supported packages. Binding...
03-13 21:13:07.008  1500  1543 I PackageWatchdog: Syncing state, reason: observing new packages
03-13 21:13:07.008  1500  1543 I PackageWatchdog: Removing 8ms from all packages on all observers
03-13 21:13:07.010  1500  1543 I PackageWatchdog: Updated health check state for package com.google.android.ext.services: PASSED -> PASSED
03-13 21:13:07.011  1500  1543 I PackageWatchdog: Updated health check state for package android: PASSED -> PASSED
03-13 21:13:07.011  1500  1543 I PackageWatchdog: Updated health check state for package com.android.launcher3: PASSED -> PASSED
03-13 21:13:07.011  1500  1543 I PackageWatchdog: Updated health check state for package com.google.android.as: PASSED -> PASSED
03-13 21:13:07.011  1500  1543 I PackageWatchdog: Updated health check state for package com.google.android.networkstack: PASSED -> PASSED
03-13 21:13:07.011  1500  1543 I PackageWatchdog: Updated health check state for package com.android.systemui: PASSED -> PASSED
03-13 21:13:07.011  1500  1543 I PackageWatchdog: Scheduling next state sync in 172799530ms
03-13 21:13:07.011  1500  1543 D PackageWatchdog: rescue-party-observer added the following packages to monitor [android]
03-13 21:13:07.011  1500  1543 I PackageWatchdog: Syncing state, reason: updated observers
03-13 21:13:07.011  1500  1543 I PackageWatchdog: Not pruning observers, elapsed time: 0ms
03-13 21:13:07.011  1500  1543 I PackageWatchdog: Scheduling next state sync in 172799530ms
03-13 21:13:07.011  1500  1543 I PackageWatchdog: Saving observer state to file
03-13 21:13:07.012  1500  1500 I ExplicitHealthCheckController: Explicit health check service is bound
03-13 21:13:07.013     0     0 I [20210313_21:13:07.012857]@0 gf_spi: [info]:gf_opticalfp_irq_handler, event 0
03-13 21:13:07.013     0     0 E [TP]sec-s6sy761: sec_trigger_reason: touch_hold status 0
03-13 21:13:07.016  1500  1500 D PackageWatchdog: Getting all observed packages pending health checks
03-13 21:13:07.016  1500  1500 I PackageWatchdog: Syncing health check requests for packages: {}
03-13 21:13:07.016  1500  1500 I ExplicitHealthCheckController: Service not ready to get health check supported packages. Binding...
03-13 21:13:07.016  1500  1500 I ExplicitHealthCheckController: Not binding to service, service already connecting
03-13 21:13:07.018  1500  1500 E FingerprintService: Failed to get IFingerprintInscreen interface
03-13 21:13:07.018  1500  1500 E FingerprintService: java.util.NoSuchElementException
03-13 21:13:07.018  1500  1500 E FingerprintService: 	at android.os.HwBinder.getService(Native Method)
03-13 21:13:07.018  1500  1500 E FingerprintService: 	at android.os.HwBinder.getService(HwBinder.java:83)
03-13 21:13:07.018  1500  1500 E FingerprintService: 	at vendor.one.biometrics.fingerprint.inscreen.V1_0.IFingerprintInscreen.getService(IFingerprintInscreen.java:70)
03-13 21:13:07.018  1500  1500 E FingerprintService: 	at vendor.one.biometrics.fingerprint.inscreen.V1_0.IFingerprintInscreen.getService(IFingerprintInscreen.java:77)
03-13 21:13:07.018  1500  1500 E FingerprintService: 	at com.android.server.biometrics.fingerprint.FingerprintService.getFingerprintInScreenDaemon(FingerprintService.java:1128)
03-13 21:13:07.018  1500  1500 E FingerprintService: 	at com.android.server.biometrics.fingerprint.FingerprintService.access$8700(FingerprintService.java:103)
03-13 21:13:07.018  1500  1500 E FingerprintService: 	at com.android.server.biometrics.fingerprint.FingerprintService$1.lambda$onAcquired_2_2$1$FingerprintService$1(FingerprintService.java:700)
03-13 21:13:07.018  1500  1500 E FingerprintService: 	at com.android.server.biometrics.fingerprint.-$$Lambda$FingerprintService$1$b_tdocKWbLx7EI9JvTg40_nnYoQ.run(Unknown Source:8)
03-13 21:13:07.018  1500  1500 E FingerprintService: 	at android.os.Handler.handleCallback(Handler.java:938)
03-13 21:13:07.018  1500  1500 E FingerprintService: 	at android.os.Handler.dispatchMessage(Handler.java:99)
03-13 21:13:07.018  1500  1500 E FingerprintService: 	at android.os.Looper.loop(Looper.java:223)
03-13 21:13:07.018  1500  1500 E FingerprintService: 	at com.android.server.SystemServer.run(SystemServer.java:633)
03-13 21:13:07.018  1500  1500 E FingerprintService: 	at com.android.server.SystemServer.main(SystemServer.java:419)
03-13 21:13:07.018  1500  1500 E FingerprintService: 	at java.lang.reflect.Method.invoke(Native Method)
03-13 21:13:07.018  1500  1500 E FingerprintService: 	at com.android.internal.os.RuntimeInit$MethodAndArgsCaller.run(RuntimeInit.java:592)
03-13 21:13:07.018  1500  1500 E FingerprintService: 	at com.android.internal.os.ZygoteInit.main(ZygoteInit.java:930)
03-13 21:13:07.019  1500  1500 V FingerprintService: Acquired: 6 1
03-13 21:13:07.019  1500  1500 I ExplicitHealthCheckController: Explicit health check service is connected ComponentInfo{com.google.android.ext.services/android.ext.services.watchdog.ExplicitHealthCheckServiceImpl}
03-13 21:13:07.019  2188  2188 W FingerprintManager: Invalid acquired message: 6, 1
03-13 21:13:07.019  1500  1500 I ExplicitHealthCheckController: Service initialized, syncing requests
03-13 21:13:07.019  1500  1500 D PackageWatchdog: Getting all observed packages pending health checks
03-13 21:13:07.019  1500  1500 I PackageWatchdog: Syncing health check requests for packages: {}
03-13 21:13:07.019  1500  1500 D ExplicitHealthCheckController: Getting health check supported packages
03-13 21:13:07.021  1500  4111 I ExplicitHealthCheckController: Explicit health check supported packages [PackageConfig{com.google.android.networkstack, 86400000}]
03-13 21:13:07.021  1500  4111 D PackageWatchdog: Received supported packages [PackageConfig{com.google.android.networkstack, 86400000}]
03-13 21:13:07.021  1500  4111 I PackageWatchdog: Updated health check state for package com.google.android.ext.services: PASSED -> PASSED
03-13 21:13:07.021  1500  4111 I PackageWatchdog: Updated health check state for package android: PASSED -> PASSED
03-13 21:13:07.022  1500  4111 I PackageWatchdog: Updated health check state for package com.android.launcher3: PASSED -> PASSED
03-13 21:13:07.022  1500  4111 I PackageWatchdog: Updated health check state for package com.google.android.as: PASSED -> PASSED
03-13 21:13:07.022  1500  4111 I PackageWatchdog: Updated health check state for package com.google.android.networkstack: PASSED -> PASSED
03-13 21:13:07.022  1500  4111 I PackageWatchdog: Updated health check state for package com.android.systemui: PASSED -> PASSED
03-13 21:13:07.022  1500  4111 D ExplicitHealthCheckController: Getting health check requested packages
03-13 21:13:07.023  1500  2258 I ExplicitHealthCheckController: Explicit health check requested packages []
03-13 21:13:07.023  1500  2258 I ExplicitHealthCheckController: No more health check requests, unbinding...
03-13 21:13:07.024  1500  2258 I ExplicitHealthCheckController: Explicit health check service is unbound
03-13 21:13:07.022     0     0 E [20210313_21:13:07.021694]@7 init: Control message: Could not ctl.interface_start for 'vendor.one.biometrics.fingerprint.inscreen@1.0::IFingerprintInscreen/default' from pid: 628 (/system/bin/hwservicemanager): File /system_ext/bin/hw/vendor.one.biometrics.fingerprint.inscreen@1.0-service.oneplus_msmnile (labeled "u:object_r:system_file:s0") has incorrect label or no domain transition from u:r:init:s0 to another SELinux domain defined. Have you configured your service correctly? https://source.android.com/security/selinux/device-policy#label_new_services_and_address_denials
03-13 21:13:07.041  1500  2258 D CompatibilityChangeReporter: Compat change id reported: 135634846; UID 10147; state: DISABLED
03-13 21:13:07.041  1500  1545 D CompatibilityChangeReporter: Compat change id reported: 143937733; UID 10147; state: ENABLED
03-13 21:13:07.043  1500  2258 I ActivityManager: Killing 5375:com.android.externalstorage/u0a111 (adj 999): empty #31
03-13 21:13:07.052  1500  2052 I RescueParty: Starting to observe: [android], updated namespace: wifi
03-13 21:13:07.052  1500  2052 I PackageWatchdog: Updated health check state for package android: INACTIVE -> INACTIVE
03-13 21:13:07.053  1500  1543 I PackageWatchdog: Syncing state, reason: observing new packages
03-13 21:13:07.053  1500  1543 I PackageWatchdog: Removing 41ms from all packages on all observers
03-13 21:13:07.053  1500  1543 I PackageWatchdog: Updated health check state for package com.google.android.ext.services: PASSED -> PASSED
03-13 21:13:07.053  1500  1543 I PackageWatchdog: Updated health check state for package android: PASSED -> PASSED
03-13 21:13:07.053  1500  1543 I PackageWatchdog: Updated health check state for package com.android.launcher3: PASSED -> PASSED
03-13 21:13:07.053  1500  1543 I PackageWatchdog: Updated health check state for package com.google.android.as: PASSED -> PASSED
03-13 21:13:07.053  1500  1543 I PackageWatchdog: Updated health check state for package com.google.android.networkstack: PASSED -> PASSED
03-13 21:13:07.053  1500  1543 I PackageWatchdog: Updated health check state for package com.android.systemui: PASSED -> PASSED
03-13 21:13:07.053  1500  1543 I PackageWatchdog: Scheduling next state sync in 172799489ms
03-13 21:13:07.053  1500  1543 D PackageWatchdog: rescue-party-observer added the following packages to monitor [android]
03-13 21:13:07.053  1500  1543 I PackageWatchdog: Syncing state, reason: updated observers
03-13 21:13:07.053  1500  1543 I PackageWatchdog: Not pruning observers, elapsed time: 0ms
03-13 21:13:07.053  1500  1543 I PackageWatchdog: Scheduling next state sync in 172799489ms
03-13 21:13:07.053  1500  1543 I PackageWatchdog: Saving observer state to file
03-13 21:13:07.056  1500  2100 D ConnectivityService: reportNetworkConnectivity(102, false) by 10156
03-13 21:13:07.064  1500  4118 I RescueParty: Starting to observe: [android], updated namespace: window_manager
03-13 21:13:07.064  1500  1500 D PackageWatchdog: Getting all observed packages pending health checks
03-13 21:13:07.064  1500  1500 I PackageWatchdog: Syncing health check requests for packages: {}
03-13 21:13:07.064  1500  1500 I ExplicitHealthCheckController: Service not ready to get health check supported packages. Binding...
03-13 21:13:07.064  1500  4118 I PackageWatchdog: Updated health check state for package android: INACTIVE -> INACTIVE
03-13 21:13:07.064  1500  1543 I PackageWatchdog: Syncing state, reason: observing new packages
03-13 21:13:07.064  1500  1543 I PackageWatchdog: Removing 11ms from all packages on all observers
03-13 21:13:07.064  1500  1543 I PackageWatchdog: Updated health check state for package com.google.android.ext.services: PASSED -> PASSED
03-13 21:13:07.064  1500  1543 I PackageWatchdog: Updated health check state for package android: PASSED -> PASSED
03-13 21:13:07.064  1500  1543 I PackageWatchdog: Updated health check state for package com.android.launcher3: PASSED -> PASSED
03-13 21:13:07.064  1500  1543 I PackageWatchdog: Updated health check state for package com.google.android.as: PASSED -> PASSED
03-13 21:13:07.064  1500  1543 I PackageWatchdog: Updated health check state for package com.google.android.networkstack: PASSED -> PASSED
03-13 21:13:07.064  1500  1543 I PackageWatchdog: Updated health check state for package com.android.systemui: PASSED -> PASSED
03-13 21:13:07.064  1500  1543 I PackageWatchdog: Scheduling next state sync in 172799478ms
03-13 21:13:07.065  1500  1543 D PackageWatchdog: rescue-party-observer added the following packages to monitor [android]
03-13 21:13:07.065  1500  1543 I PackageWatchdog: Syncing state, reason: updated observers
03-13 21:13:07.065  1500  1543 I PackageWatchdog: Removing 1ms from all packages on all observers
03-13 21:13:07.065  1500  1543 I PackageWatchdog: Updated health check state for package com.google.android.ext.services: PASSED -> PASSED
03-13 21:13:07.065  1500  1543 I PackageWatchdog: Updated health check state for package android: PASSED -> PASSED
03-13 21:13:07.065  1500  1543 I PackageWatchdog: Updated health check state for package com.android.launcher3: PASSED -> PASSED
03-13 21:13:07.065  1500  1543 I PackageWatchdog: Updated health check state for package com.google.android.as: PASSED -> PASSED
03-13 21:13:07.065  1500  1543 I PackageWatchdog: Updated health check state for package com.google.android.networkstack: PASSED -> PASSED
03-13 21:13:07.065  1500  1543 I PackageWatchdog: Updated health check state for package com.android.systemui: PASSED -> PASSED
03-13 21:13:07.065  1500  1543 I PackageWatchdog: Scheduling next state sync in 172799477ms
03-13 21:13:07.065  1500  1543 I PackageWatchdog: Saving observer state to file
03-13 21:13:07.067  1500  1500 I ExplicitHealthCheckController: Explicit health check service is bound
03-13 21:13:07.069  1500  1500 D PackageWatchdog: Getting all observed packages pending health checks
03-13 21:13:07.069  1500  1500 I PackageWatchdog: Syncing health check requests for packages: {}
03-13 21:13:07.069  1500  1500 I ExplicitHealthCheckController: Service not ready to get health check supported packages. Binding...
03-13 21:13:07.069  1500  1500 I ExplicitHealthCheckController: Not binding to service, service already connecting
03-13 21:13:07.069  1500  1500 I ExplicitHealthCheckController: Explicit health check service is connected ComponentInfo{com.google.android.ext.services/android.ext.services.watchdog.ExplicitHealthCheckServiceImpl}
03-13 21:13:07.069  1500  1500 I ExplicitHealthCheckController: Service initialized, syncing requests
03-13 21:13:07.069  1500  1500 D PackageWatchdog: Getting all observed packages pending health checks
03-13 21:13:07.069  1500  1500 I PackageWatchdog: Syncing health check requests for packages: {}
03-13 21:13:07.069  1500  1500 D ExplicitHealthCheckController: Getting health check supported packages
03-13 21:13:07.071  1500  4111 I ExplicitHealthCheckController: Explicit health check supported packages [PackageConfig{com.google.android.networkstack, 86400000}]
03-13 21:13:07.071  1500  4111 D PackageWatchdog: Received supported packages [PackageConfig{com.google.android.networkstack, 86400000}]
03-13 21:13:07.071  1500  4111 I PackageWatchdog: Updated health check state for package com.google.android.ext.services: PASSED -> PASSED
03-13 21:13:07.071  1500  4111 I PackageWatchdog: Updated health check state for package android: PASSED -> PASSED
03-13 21:13:07.071  1500  4111 I PackageWatchdog: Updated health check state for package com.android.launcher3: PASSED -> PASSED
03-13 21:13:07.071  1500  4111 I PackageWatchdog: Updated health check state for package com.google.android.as: PASSED -> PASSED
03-13 21:13:07.071  1500  4111 I PackageWatchdog: Updated health check state for package com.google.android.networkstack: PASSED -> PASSED
03-13 21:13:07.071  1500  4111 I PackageWatchdog: Updated health check state for package com.android.systemui: PASSED -> PASSED
03-13 21:13:07.071  1500  4111 D ExplicitHealthCheckController: Getting health check requested packages
03-13 21:13:07.074  1500  2258 I ExplicitHealthCheckController: Explicit health check requested packages []
03-13 21:13:07.074  1500  2258 I ExplicitHealthCheckController: No more health check requests, unbinding...
03-13 21:13:07.074  1500  1545 I ActivityManager: Start proc 7637:com.google.android.partnersetup/u0a147 for broadcast {com.google.android.partnersetup/com.google.android.partnersetup.GooglePartnerSetup}
03-13 21:13:07.076  1500  2258 I ExplicitHealthCheckController: Explicit health check service is unbound
03-13 21:13:07.303  1500  1500 E FingerprintService: Failed to get IFingerprintInscreen interface
03-13 21:13:07.303  1500  1500 E FingerprintService: java.util.NoSuchElementException
03-13 21:13:07.303  1500  1500 E FingerprintService: 	at android.os.HwBinder.getService(Native Method)
03-13 21:13:07.303  1500  1500 E FingerprintService: 	at android.os.HwBinder.getService(HwBinder.java:83)
03-13 21:13:07.303  1500  1500 E FingerprintService: 	at vendor.one.biometrics.fingerprint.inscreen.V1_0.IFingerprintInscreen.getService(IFingerprintInscreen.java:70)
03-13 21:13:07.303  1500  1500 E FingerprintService: 	at vendor.one.biometrics.fingerprint.inscreen.V1_0.IFingerprintInscreen.getService(IFingerprintInscreen.java:77)
03-13 21:13:07.303  1500  1500 E FingerprintService: 	at com.android.server.biometrics.fingerprint.FingerprintService.getFingerprintInScreenDaemon(FingerprintService.java:1128)
03-13 21:13:07.303  1500  1500 E FingerprintService: 	at com.android.server.biometrics.fingerprint.FingerprintService.access$8700(FingerprintService.java:103)
03-13 21:13:07.303  1500  1500 E FingerprintService: 	at com.android.server.biometrics.fingerprint.FingerprintService$1.lambda$onAcquired_2_2$1$FingerprintService$1(FingerprintService.java:700)
03-13 21:13:07.303  1500  1500 E FingerprintService: 	at com.android.server.biometrics.fingerprint.-$$Lambda$FingerprintService$1$b_tdocKWbLx7EI9JvTg40_nnYoQ.run(Unknown Source:8)
03-13 21:13:07.303  1500  1500 E FingerprintService: 	at android.os.Handler.handleCallback(Handler.java:938)
03-13 21:13:07.303  1500  1500 E FingerprintService: 	at android.os.Handler.dispatchMessage(Handler.java:99)
03-13 21:13:07.303  1500  1500 E FingerprintService: 	at android.os.Looper.loop(Looper.java:223)
03-13 21:13:07.303  1500  1500 E FingerprintService: 	at com.android.server.SystemServer.run(SystemServer.java:633)
03-13 21:13:07.303  1500  1500 E FingerprintService: 	at com.android.server.SystemServer.main(SystemServer.java:419)
03-13 21:13:07.303  1500  1500 E FingerprintService: 	at java.lang.reflect.Method.invoke(Native Method)
03-13 21:13:07.303  1500  1500 E FingerprintService: 	at com.android.internal.os.RuntimeInit$MethodAndArgsCaller.run(RuntimeInit.java:592)
03-13 21:13:07.303  1500  1500 E FingerprintService: 	at com.android.internal.os.ZygoteInit.main(ZygoteInit.java:930)
03-13 21:13:07.303  1500  1500 V FingerprintService: Acquired: 5 0
03-13 21:13:07.310     0     0 E [20210313_21:13:07.306499]@1 init: Control message: Could not ctl.interface_start for 'vendor.one.biometrics.fingerprint.inscreen@1.0::IFingerprintInscreen/default' from pid: 628 (/system/bin/hwservicemanager): File /system_ext/bin/hw/vendor.one.biometrics.fingerprint.inscreen@1.0-service.oneplus_msmnile (labeled "u:object_r:system_file:s0") has incorrect label or no domain transition from u:r:init:s0 to another SELinux domain defined. Have you configured your service correctly? https://source.android.com/security/selinux/device-policy#label_new_services_and_address_denials
03-13 21:13:07.327  1500  4113 I RescueParty: Starting to observe: [android], updated namespace: runtime_native_boot
03-13 21:13:07.328  1500  4113 I PackageWatchdog: Updated health check state for package android: INACTIVE -> INACTIVE
03-13 21:13:07.328  1500  1543 I PackageWatchdog: Syncing state, reason: observing new packages
03-13 21:13:07.328  1500  1543 I PackageWatchdog: Removing 263ms from all packages on all observers
03-13 21:13:07.328  1500  1543 I PackageWatchdog: Updated health check state for package com.google.android.ext.services: PASSED -> PASSED
03-13 21:13:07.328  1500  1543 I PackageWatchdog: Updated health check state for package android: PASSED -> PASSED
03-13 21:13:07.328  1500  1543 I PackageWatchdog: Updated health check state for package com.android.launcher3: PASSED -> PASSED
03-13 21:13:07.328  1500  1543 I PackageWatchdog: Updated health check state for package com.google.android.as: PASSED -> PASSED
03-13 21:13:07.328  1500  1543 I PackageWatchdog: Updated health check state for package com.google.android.networkstack: PASSED -> PASSED
03-13 21:13:07.328  1500  1543 I PackageWatchdog: Updated health check state for package com.android.systemui: PASSED -> PASSED
03-13 21:13:07.328  1500  1543 I PackageWatchdog: Scheduling next state sync in 172799214ms
03-13 21:13:07.329  1500  1543 D PackageWatchdog: rescue-party-observer added the following packages to monitor [android]
03-13 21:13:07.329  1500  1543 I PackageWatchdog: Syncing state, reason: updated observers
03-13 21:13:07.329  1500  1543 I PackageWatchdog: Not pruning observers, elapsed time: 0ms
03-13 21:13:07.329  1500  1543 I PackageWatchdog: Scheduling next state sync in 172799214ms
03-13 21:13:07.329  1500  1543 I PackageWatchdog: Saving observer state to file
03-13 21:13:07.331  1500  4113 I RescueParty: Starting to observe: [android], updated namespace: storage_native_boot
03-13 21:13:07.331  1500  4113 I PackageWatchdog: Updated health check state for package android: INACTIVE -> INACTIVE
03-13 21:13:07.332  1500  1500 D PackageWatchdog: Getting all observed packages pending health checks
03-13 21:13:07.332  1500  1500 I PackageWatchdog: Syncing health check requests for packages: {}
03-13 21:13:07.332  1500  1543 I PackageWatchdog: Syncing state, reason: observing new packages
03-13 21:13:07.332  1500  1543 I PackageWatchdog: Removing 3ms from all packages on all observers
03-13 21:13:07.332  1500  1543 I PackageWatchdog: Updated health check state for package com.google.android.ext.services: PASSED -> PASSED
03-13 21:13:07.332  1500  1543 I PackageWatchdog: Updated health check state for package android: PASSED -> PASSED
03-13 21:13:07.332  1500  1500 I ExplicitHealthCheckController: Service not ready to get health check supported packages. Binding...
03-13 21:13:07.332  1500  1543 I PackageWatchdog: Updated health check state for package com.android.launcher3: PASSED -> PASSED
