03-13 08:11:56.457     0     0 E @5 msm-dsi-display: [dsi_display_get_gamma_para] dsi_display_get_gamma_para end
03-13 08:11:56.458     0     0 E @5 msm-dsi-display: [dsi_display_gamma_read] dsi_display_gamma_read end
03-13 08:11:56.555     0     0 E @5 ip_local_port_range: prefer different parity for start/end values.
03-13 08:11:56.727     0     0 I @4 service-notifier: root_service_service_ind_cb: Indication received from msm/modem/wlan_pd, state: 0x1fffffff, trans-id: 1
03-13 08:11:56.727     0     0 I @6 service-notifier: send_ind_ack: Indication ACKed for transid 1, service msm/modem/wlan_pd, instance 180!
03-13 08:11:56.728     0     0 I @4 icnss_qmi: QMI Server Connected: state: 0x980
03-13 08:11:56.963     0     0 I @7 FASTCHG: dashchg_fw_check: result=success
03-13 08:11:56.963     0     0 I @7 FASTCHG: reset_mcu_and_request_irq:
03-13 08:11:56.964     0     0 E         : @6 ipa-wan ipa3_wwan_ioctl:1961 dev(rmnet_data0) register to IPA
03-13 08:11:56.989     0     0 I @7 FASTCHG: dashchg_fw_update: FW check success
03-13 08:11:57.106     0     0 I @6 AidlLazyServiceRegistrar: Process has 1 (of 1 available) client(s) in use after notification android.apex.IApexService has clients: 1
03-13 08:11:57.539     0     0 I @4 audio_poll: exit mask is 0x41
03-13 08:11:57.539     0     0 I @4 audio_poll: exit mask is 0x41
03-13 08:11:57.539     0     0 I @4 audio_poll: exit mask is 0x0
03-13 08:11:57.918     0     0 I         : @7 Connection established with the DFC Service
03-13 08:11:57.918     0     0 I         : @4 Connection established with the WDA Service
03-13 08:11:58.001     0     0 E @6 init : Control message: Could not find 'android.frameworks.sensorservice@1.0::ISensorManager/default' for ctl.interface_start from pid: 628 (/system/bin/hwservicemanager)
03-13 08:11:58.108     0     0 I @6 init : Service 'vendor.wifi-mac-generator' (pid 802) exited with status 0 oneshot service took 5.137000 seconds in background
03-13 08:11:58.108     0     0 I @6 init : Sending signal 9 to service 'vendor.wifi-mac-generator' (pid 802) process group...
03-13 08:11:58.108     0     0 I @6 libprocessgroup: Successfully killed process cgroup uid 1010 pid 802 in 0ms
03-13 08:11:58.118     0     0 W @4 healthd: battery l=84 v=4170 t=28.0 h=2 st=2 c=915000 fc=3538000 cc=2 chg=u
03-13 08:11:59.001     0     0 E @5 init : Control message: Could not find 'android.frameworks.sensorservice@1.0::ISensorManager/default' for ctl.interface_start from pid: 628 (/system/bin/hwservicemanager)
03-13 08:11:59.321     0     0 I @5 init : starting service 'vendor.ims_rtp_daemon'...
03-13 08:11:59.363     0     0 W         : @4 ------------[ cut here ]------------
03-13 08:11:59.363     0     0 W @4 WARNING: CPU: 4 PID: 826 at /home/androiabledroid/oneos/kernel/oneplus/sm8150/kernel/softirq.c:157 __local_bh_enable_ip+0x98/0xe0
03-13 08:11:59.363     0     0 F         : @4 Modules linked in:
03-13 08:11:59.363     0     0 F @4 CPU  : 4 PID: 826 Comm: kworker/4:3 Tainted: G S      W       4.14.117-perf #106
03-13 08:11:59.363     0     0 F         : @4 Hardware name: Qualcomm Technologies, Inc. SM8150 V2 PM8150 MTP 19801 MP 14 15 (DT)
03-13 08:11:59.363     0     0 F @4 Workqueue: events ipa3_wake_tx_queue
03-13 08:11:59.363     0     0 F @4 task : 00000000560be6b0 task.stack: 0000000037aec765
03-13 08:11:59.363     0     0 F @4 pc   : __local_bh_enable_ip+0x98/0xe0
03-13 08:11:59.363     0     0 F @4 lr   : _raw_spin_unlock_bh+0x20/0x28
03-13 08:11:59.363     0     0 F @4 sp   : ffffff801f293680 pstate : 40c001c5
03-13 08:11:59.363     0     0 F @4 x29  : ffffff801f293680 x28: ffffffe2850d8618
03-13 08:11:59.363     0     0 F @4 x27  : ffffff88e983b000 x26: ffffffe2850d8400
03-13 08:11:59.363     0     0 F @4 x25  : ffffffe3c856e820 x24: 0000000000000068
03-13 08:11:59.363     0     0 F @4 x23  : ffffffe3c856e840 x22: 0000000000000001
03-13 08:11:59.363     0     0 F @4 x21  : ffffffe3c856e820 x20: 0000000000000001
03-13 08:11:59.363     0     0 F @4 x19  : 0000000000000000 x18: 0000000000000004
03-13 08:11:59.363     0     0 F @4 x17  : 0000000000000000 x16: 0000000000000000
03-13 08:11:59.363     0     0 F @4 x15  : ffffff88e7e3e688 x14: 00000000201e8000
03-13 08:11:59.363     0     0 F @4 x13  : 0000000000000701 x12: 000000000000f8fe
03-13 08:11:59.363     0     0 F @4 x11  : ffffff800e5c0000 x10: 000000000001e018
03-13 08:11:59.363     0     0 F @4 x9   : 00000000ffffffc0 x8 : ffffffe28da3c000
03-13 08:11:59.363     0     0 F @4 x7   : 0000000000000000 x6 : 000000000000003f
03-13 08:11:59.363     0     0 F @4 x5   : 0000000000000000 x4 : 0000000000000008
03-13 08:11:59.363     0     0 F @4 x3   : 0000000000000000 x2 : 0000000000000008
03-13 08:11:59.363     0     0 F @4 x1   : 0000000000000201 x0 : ffffff88e78cc1d8
03-13 08:11:59.363     0     0 F         : @4
03-13 08:11:59.363     0     0 F         : @4 98a8  d379e14b d001526a 913e014a b86b694b 350001cb b9404909 51000529 b9004909
03-13 08:11:59.363     0     0 F         : @4 98c8  b9404909 35000089 f9400108 36080048 94562b74 f9400bf3 a8c27bfd d65f03c0
03-13 08:11:59.363     0     0 F         : @4 98e8  d4210000 17ffffe3 b940490b 7218317f 54fffe21 f9000fa8 d53b4233 d50342df
03-13 08:11:59.363     0     0 F         : @4 9908  d538d088 b8a96908 d379e108 b8686948 34000048 97ff1f01 d51b4233 f9400fa8
03-13 08:11:59.363     0     0 F         : @4
03-13 08:11:59.363     0     0 F         : @4 a6f8  54000060 a8c17bfd d65f03c0 f9400108 360fffa8 97ffe7e7 a8c17bfd d65f03c0
03-13 08:11:59.363     0     0 F         : @4 a718  a9bf7bfd 910003fd 79400008 11000508 489ffc08 52804021 aa1e03e0 97a9bc47
03-13 08:11:59.363     0     0 F         : @4 a738  a8c17bfd d65f03c0 a9bf7bfd 910003fd d5384108 b9404909 11000529 b9004909
03-13 08:11:59.363     0     0 F         : @4 a758  b9400009 7200213f 54000201 f9800011 885ffc09 11080129 880a7c09 35ffffaa
03-13 08:11:59.363     0     0 F         : @4
03-13 08:11:59.363     0     0 F         : @4 3640  e68b98e8 ffffff88 40c001c5 00000000 1f2938e0 ffffff80 e78cc0c8 ffffff88
03-13 08:11:59.363     0     0 F         : @4 3660  ffffffff ffffffff e983b000 ffffff88 1f293680 ffffff80 e68b98e8 ffffff88
03-13 08:11:59.363     0     0 F         : @4 3680  1f2936a0 ffffff80 e7e4a738 ffffff88 00000000 00000000 c856e820 ffffffe3
03-13 08:11:59.363     0     0 F         : @4 36a0  1f2938e0 ffffff80 e78cc1d8 ffffff88 00000140 00000000 850d8618 ffffffe2
03-13 08:11:59.363     0     0 F         : @4
03-13 08:11:59.363     0     0 F         : @4 Call trace:
03-13 08:11:59.363     0     0 F         : @4  __local_bh_enable_ip+0x98/0xe0
03-13 08:11:59.363     0     0 F         : @4  _raw_spin_unlock_bh+0x20/0x28
03-13 08:11:59.363     0     0 F         : @4  ipa3_send+0x520/0xa08
03-13 08:11:59.363     0     0 F         : @4  ipa3_tx_dp+0x7a8/0x970
03-13 08:11:59.363     0     0 F         : @4  ipa3_wwan_xmit+0x354/0x520
03-13 08:11:59.363     0     0 F         : @4  dev_hard_start_xmit+0x148/0x298
03-13 08:11:59.363     0     0 F         : @4  sch_direct_xmit+0x160/0x1a8
03-13 08:11:59.363     0     0 F         : @4  __qdisc_run+0x3b0/0x4c0
03-13 08:11:59.363     0     0 F         : @4  net_tx_action+0x240/0x248
03-13 08:11:59.363     0     0 F         : @4  __do_softirq+0x1a8/0x39c
03-13 08:11:59.363     0     0 F         : @4  __local_bh_enable_ip+0xd0/0xe0
03-13 08:11:59.363     0     0 F         : @4  _raw_spin_unlock_bh+0x20/0x28
03-13 08:11:59.363     0     0 F         : @4  ipa3_wake_tx_queue+0xd4/0xe0
03-13 08:11:59.363     0     0 F         : @4  process_one_work+0x250/0x448
03-13 08:11:59.363     0     0 F         : @4  worker_thread+0x248/0x450
03-13 08:11:59.363     0     0 F         : @4  kthread+0x11c/0x130
03-13 08:11:59.363     0     0 F         : @4  ret_from_fork+0x10/0x1c
03-13 08:11:59.363     0     0 W         : @4 ---[ end trace 528182a34a8eb42c ]---
03-13 08:11:59.365     0     0 F PC      : 0xffffff88e68b98a8:
03-13 08:11:59.365     0     0 F LR      : 0xffffff88e7e4a6f8:
03-13 08:11:59.365     0     0 F SP      : 0xffffff801f293640:
03-13 08:11:59.943     0     0 I @7 init : Control message: Processed ctl.start for 'idmap2d' from pid: 1465 (system_server)
03-13 08:12:00.002     0     0 E @7 init : Control message: Could not find 'android.frameworks.sensorservice@1.0::ISensorManager/default' for ctl.interface_start from pid: 628 (/system/bin/hwservicemanager)
03-13 08:12:00.336     0     0 I @7 icnss: WLAN FW is ready: 0xd87
03-13 08:12:00.336     0     0 E         : @7 qcom,rpmh-regulator soc:rpmh-regulator-ldoa7: TCS Busy, retrying RPMH message send
03-13 08:12:00.336     0     0 I chatty  : uid=0(root) logd identical 6 lines
03-13 08:12:00.336     0     0 E         : @7 qcom,rpmh-regulator soc:rpmh-regulator-ldoa7: TCS Busy, retrying RPMH message send
03-13 08:12:00.338     0     0 W @5 healthd: battery l=84 v=4194 t=28.0 h=2 st=2 c=462000 fc=3538000 cc=2 chg=u
03-13 08:12:00.510     0     0 I @6 init : processing action (sys.sysctl.extra_free_kbytes=*) from (/system/etc/init/hw/init.rc:1024)
03-13 08:12:02.106     0     0 I @5 AidlLazyServiceRegistrar: Process has 0 (of 1 available) client(s) in use after notification android.apex.IApexService has clients: 0
03-13 08:12:02.106     0     0 I @5 AidlLazyServiceRegistrar: Shutdown prevented by forcePersist override flag.
--------- beginning of system
03-14 01:24:41.918  1141  1141 W iorapd  : Reconnect to package manager service: 1 times
03-14 01:24:41.927  2166  2166 D iorap.prefetcherd: Installing minijail
03-14 01:24:41.927  2166  2166 W iorap.prefetcherd: No seccomp filter defined for this architecture.
03-14 01:24:42.045  1465  1559 I chatty  : uid=1000(system) ActivityManager expire 1 line
03-14 01:24:42.170  1708  1708 I imsrcsd : getAndroidPropValue : vendor.ims.modem.multisub.cap[2]
03-14 01:24:42.170  1708  1708 I imsrcsd : Uce Service HAL  detected modemVersion[2]
03-14 01:24:42.170  1708  1708 I imsrcsd : Uce Service HAL  loading lib-imsrcs-v2
03-14 01:24:42.181  1708  1708 I Diag_Lib: StartImsService
03-14 01:24:42.181  1708  1708 I imsrcsd : ImsServiceMain startService[1]
03-14 01:24:42.183  1708  2182 I HidlServiceManagement: Registered vendor.qti.ims.callinfo@1.0::IService/default (start delay of 5037ms)
03-14 01:24:42.183  1708  2182 I imsrcsd : ImsServiceMain Running..
03-14 01:24:42.296  1708  2181 I Diag_Lib: OnServiceStatusReceived iStatus[0]
03-14 01:24:42.297  1708  2181 E Diag_Lib: Modem does not support UCE/IMS-CM, proceed to register HAL's
03-14 01:24:42.297  1708  2181 I Diag_Lib: Starting Service for First Time
03-14 01:24:42.297  1708  2181 I HidlServiceManagement: Registered com.qualcomm.qti.uceservice@2.1::IUceService/com.qualcomm.qti.uceservice (start delay of 5151ms)
03-14 01:24:42.297  1708  2181 I Diag_Lib: CM_IMSCONNECTIONMANAGER_CREATE_CONNECTION Before Registering Service
03-14 01:24:42.297  1708  2181 I HidlServiceManagement: Registered com.qualcomm.qti.imscmservice@2.2::IImsCmService/qti.ims.connectionmanagerservice (start delay of 5151ms)
03-14 01:24:42.298  1708  2181 I Diag_Lib: CM_IMSCONNECTIONMANAGER_CREATE_CONNECTION After Registering Service
03-14 01:24:42.825  1465  2062 I chatty  : uid=1000(system) NetworkWatchlis expire 1 line
03-14 01:24:42.920  1141  1141 I iorapd  : iorapd (the prefetchening) readied up
03-14 01:24:45.078     0     0 W [20210313_19:54:45.077538]@6 healthd: battery l=84 v=4161 t=28.1 h=2 st=2 c=736000 fc=3538000 cc=2 chg=u
03-14 01:24:46.849  1465  1465 I chatty  : uid=1000 system_server expire 202 lines
03-14 01:24:46.850  1465  2066 I chatty  : uid=1000(system) StorageManagerS expire 1 line
03-14 01:24:46.851   671  2611 I vold    : [libfs_mgr]dt_fstab: Skip disabled entry for partition vendor
03-14 01:24:46.851   671  2611 I vold    : [libfs_mgr]dt_fstab: Skip disabled entry for partition odm
03-14 01:24:46.851   671  2611 D vold    : Starting trim of /metadata
03-14 01:24:46.858   671  2611 I vold    : Trimmed 7733248 bytes on /metadata in 6ms
03-14 01:24:46.858   671  2611 D vold    : Starting trim of /data
03-14 01:24:46.858  1465  2161 I chatty  : uid=1000(system) Binder:1465_3 expire 3 lines
03-14 01:24:46.891   671  2611 I vold    : Trimmed 0 bytes on /data in 33ms
03-14 01:24:46.891   671  2611 D vold    : Starting trim of /mnt/vendor/persist
03-14 01:24:46.913  1465  2622 I chatty  : uid=1000 system_server expire 3 lines
03-14 01:24:46.930   671  2611 I vold    : Trimmed 16674816 bytes on /mnt/vendor/persist in 38ms
03-14 01:24:47.160     0     0 I [20210313_19:54:47.160230]@7 init: processing action (sys.audio.restart.hal=1) from (/system/etc/init/audioserver.rc:42)
03-14 01:24:47.160     0     0 I [20210313_19:54:47.160251]@7 init: Sending signal 9 to service 'vendor.audio-hal' (pid 874) process group...
03-14 01:24:47.160     0     0 I [20210313_19:54:47.160423]@5 sensor_poll: exit mask is 0x0
03-14 01:24:47.164  1465  1551 I chatty  : uid=1000 system_server expire 8 lines
03-14 01:24:47.165     0     0 I [20210313_19:54:47.165592]@4 libprocessgroup: Successfully killed process cgroup uid 1041 pid 874 in 5ms
03-14 01:24:47.165     0     0 I [20210313_19:54:47.165938]@6 init: Service 'vendor.audio-hal' (pid 874) received signal 9
03-14 01:24:47.168     0     0 I [20210313_19:54:47.166383]@6 init: Command 'stop vendor.audio-hal-4-0-msd' action=sys.audio.restart.hal=1 (/system/etc/init/audioserver.rc:46) took 0ms and failed: service vendor.audio-hal-4-0-msd not found
03-14 01:24:47.168     0     0 I [20210313_19:54:47.166407]@6 init: Command 'stop vendor.audio-hal-2-0' action=sys.audio.restart.hal=1 (/system/etc/init/audioserver.rc:47) took 0ms and failed: service vendor.audio-hal-2-0 not found
03-14 01:24:47.168     0     0 I [20210313_19:54:47.166421]@6 init: Command 'stop audio-hal-2-0' action=sys.audio.restart.hal=1 (/system/etc/init/audioserver.rc:48) took 0ms and failed: service audio-hal-2-0 not found
03-14 01:24:47.168     0     0 I [20210313_19:54:47.166592]@6 init: starting service 'vendor.audio-hal'...
03-14 01:24:47.170  1465  2658 I chatty  : uid=1000(system) ConnectivitySer expire 1 line
03-14 01:24:47.171     0     0 I [20210313_19:54:47.169005]@6 init: Command 'start vendor.audio-hal-4-0-msd' action=sys.audio.restart.hal=1 (/system/etc/init/audioserver.rc:50) took 0ms and failed: service vendor.audio-hal-4-0-msd not found
03-14 01:24:47.171     0     0 I [20210313_19:54:47.169030]@6 init: Command 'start vendor.audio-hal-2-0' action=sys.audio.restart.hal=1 (/system/etc/init/audioserver.rc:51) took 0ms and failed: service vendor.audio-hal-2-0 not found
03-14 01:24:47.173     0     0 I         : [20210313_19:54:47.173277]@5 acc_open
03-14 01:24:47.173     0     0 I         : [20210313_19:54:47.173288]@5 acc_release
03-14 01:24:47.174  1465  2058 I chatty  : uid=1000(system) HwBinder:1465_2 expire 1 line
03-14 01:24:47.181  1465  2029 I chatty  : uid=1000 system_server expire 5 lines
03-14 01:24:47.188     0     0 I [20210313_19:54:47.186308]@6 binder: undelivered death notification, 0000007aa7331530
03-14 01:24:47.196  1465  2037 I chatty  : uid=1000 system_server expire 6 lines
03-14 01:24:47.220  1465  1465 I chatty  : uid=1000 system_server expire 248 lines
03-14 01:24:47.223  1465  1545 I chatty  : uid=1000(system) android.ui expire 1 line
03-14 01:24:47.246     0     0 I [20210313_19:54:47.239729]@7 headset_imp_feature_get: get success!
03-14 01:24:47.249  1465  2045 I chatty  : uid=1000 system_server expire 3 lines
03-14 01:24:47.297  1465  2658 I chatty  : uid=1000(system) ConnectivitySer expire 2 lines
03-14 01:24:47.308  1465  1465 I chatty  : uid=1000 system_server expire 242 lines
03-14 01:24:47.310     0     0 I         : [20210313_19:54:47.308048]@4 Wifi Turning On from UI
03-14 01:24:47.310     0     0 E [20210313_19:54:47.308056]@4 wlan: Loading driver v5.2.03.13E; 2021-03-13T20:08:54Z; cld:; cmn:; ()
03-14 01:24:47.310     0     0 I [20210313_19:54:47.308063]@4 qdf_print_ctrl_register: Allocated print control object 0
03-14 01:24:47.310     0     0 I [20210313_19:54:47.310314]@4 [wifi@1.0-servic][0x1fa150ab][19: 54:47.310312] wlan: [907:I:tdls] ucfg_tdls_init: 40: tdls module dispatcher init
03-14 01:24:47.310     0     0 I [20210313_19:54:47.310321]@4 [wifi@1.0-servic][0x1fa1513e][19: 54:47.310320] wlan: [907:I:tdls] ucfg_tdls_init: 72: tdls module dispatcher init done
03-14 01:24:47.310     0     0 I [20210313_19:54:47.310328]@4 [wifi@1.0-servic][0x1fa151c5][19: 54:47.310327] wlan: [907:I:POLICY_MGR] policy_mgr_init: 214: Callbacks registered with obj mgr
03-14 01:24:47.310     0     0 I [20210313_19:54:47.310370]@4 [wifi@1.0-servic][0x1fa154ee][19: 54:47.310369] wlan: [907:I:IPA] ipa_init: 125: ipa module dispatcher init
03-14 01:24:47.310     0     0 E         : [20210313_19:54:47.310374]@4 ipa ipa3_uc_reg_rdyCB:2922 bad parm. inout=0000000000000000
03-14 01:24:47.310     0     0 I wlan    : driver loaded
03-14 01:24:47.310  1465  2720 I chatty  : uid=1000 system_server expire 1 line
03-14 01:24:47.310  1465  2721 I chatty  : uid=1000 system_server expire 1 line
03-14 01:24:47.311     0     0 I [20210313_19:54:47.311633]@6 [kworker/u16: 2][0x1fa1b387][19:54:47.311630] wlan: [249:I:HDD] hdd_soc_probe: 393: probing driver
03-14 01:24:47.311     0     0 I [20210313_19:54:47.311647]@6 [kworker/u16: 2][0x1fa1b4a8][19:54:47.311645] wlan: [249:I:QDF] cds_smmu_mem_map_setup: 2859: SMMU S1 disabled
03-14 01:24:47.315     0     0 I [20210313_19:54:47.314596]@7 ueventd: firmware: loading 'wlan/qca_cld/WCNSS_qcom_cfg.ini' for '/devices/platform/soc/18800000.qcom,icnss/firmware/wlan!qca_cld!WCNSS_qcom_cfg.ini'
03-14 01:24:47.315  1465  1571 I chatty  : uid=1000(system) PowerManagerSer expire 2 lines
03-14 01:24:47.316  1465  1558 I chatty  : uid=1000(system) android.bg expire 3 lines
03-14 01:24:47.319     0     0 I [20210313_19:54:47.318623]@7 ueventd: loading /devices/platform/soc/18800000.qcom,icnss/firmware/wlan!qca_cld!WCNSS_qcom_cfg.ini took 4ms
03-14 01:24:47.321     0     0 I [20210313_19:54:47.321525]@4 [kworker/u16: 2][0x1fa498f3][19:54:47.321516] wlan: [249:I:tdls] tdls_psoc_obj_create_notification: 68: TDLS obj attach to psoc successfully
03-14 01:24:47.321     0     0 I [20210313_19:54:47.321547]@4 [kworker/u16: 2][0x1fa49b3c][19:54:47.321546] wlan: [249:I:OBJMGR] wlan_objmgr_psoc_obj_create: 187: Created psoc 0
03-14 01:24:47.321     0     0 I [20210313_19:54:47.321580]@4 [kworker/u16: 2][0x1fa49dae][19:54:47.321579] wlan: [249:E:action_oui] action_oui_string_to_hex: 56: Token len is not multiple of 2
03-14 01:24:47.321     0     0 I [20210313_19:54:47.321585]@4 [kworker/u16: 2][0x1fa49e06][19:54:47.321584] wlan: [249:E:action_oui] action_oui_parse: 615: Invalid string for token: ACTION_OUI_TOKEN at extension: 1 in action oui: 4
03-14 01:24:47.321     0     0 I [20210313_19:54:47.321589]@4 [kworker/u16: 2][0x1fa49e56][19:54:47.321588] wlan: [249:E:action_oui] action_oui_parse: 660: Not able to parse any extension in action oui: 4
03-14 01:24:47.321     0     0 I [20210313_19:54:47.321593]@4 [kworker/u16: 2][0x1fa49ea1][19:54:47.321592] wlan: [249:E:action_oui] ucfg_action_oui_parse: 129: Failed to parse: 4
03-14 01:24:47.321     0     0 I [20210313_19:54:47.321598]@4 [kworker/u16: 2][0x1fa49f06][19:54:47.321597] wlan: [249:E:HDD] hdd_action_oui_config: 11461: Failed to parse action_oui str: 4
03-14 01:24:47.322     0     0 I [20210313_19:54:47.321922]@4 [kworker/u16: 2][0x1fa4b745][19:54:47.321920] wlan: [249:I:HDD] hdd_wlan_start_modules: 2997: Wlan transitioning (UNINITIALIZED -> CLOSED)
03-14 01:24:47.322     0     0 I [20210313_19:54:47.321928]@4 [kworker/u16: 2][0x1fa4b7bd][19:54:47.321926] wlan: [249:I:HDD] hdd_wlan_start_modules: 3001: Wlan transitioning (CLOSED -> ENABLED)
03-14 01:24:47.323     0     0 E         : [20210313_19:54:47.322299]@4 ipa ipa3_uc_reg_rdyCB:2922 bad parm. inout=0000000000000000
03-14 01:24:47.323     0     0 I [kworker/u16:2][0x1fa4d555][19:54:47.322321] wlan: [249:W:HIF] hif_snoc_enable_bus: device_init_wakeup already done
03-14 01:24:47.323     0     0 I [20210313_19:54:47.322331]@4 [kworker/u16: 2][0x1fa4d603][19:54:47.322330] wlan: [249:E:TXRX] hif_print_hal_shadow_register_cfg: CONFIG_SHADOW_V2 not defined
03-14 01:24:47.376     0     0 I [20210313_19:54:47.376042]@4 [kworker/u16: 2][0x1fb49230][19:54:47.376039] wlan: [249:I:HIF] hif_snoc_bus_configure: 188: expecting wake from ce 2, irq 178
03-14 01:24:47.376     0     0 I [20210313_19:54:47.376068]@4 [kworker/u16: 2][0x1fb4943f][19:54:47.376067] wlan: [249:E:QDF] cds_get_context: 1285: Module ID 66 context is Null
03-14 01:24:47.386     0     0 I [20210313_19:54:47.376906]@4 [kworker/u16: 2][0x1fb4d317][19:54:47.376904] wlan: [249:E:QDF] cds_get_context: 1285: Module ID 66 context is Null
03-14 01:24:47.386     0     0 I [20210313_19:54:47.377074]@4 [kworker/u16: 2][0x1fb4dfaa][19:54:47.377072] wlan: [249:F:WMA] WMA --> wmi_unified_attach - success
03-14 01:24:47.386     0     0 I [20210313_19:54:47.380519]@4 [kworker/u16: 2][0x1fb5e1ea][19:54:47.380516] wlan: [249:E:QDF] Target Ready! TX resource : 2 size:2184, MaxMsgsPerHTCBundle = 1
03-14 01:24:47.386     0     0 I [20210313_19:54:47.380527]@4 [kworker/u16: 2][0x1fb5e2b7][19:54:47.380526] wlan: [249:E:QDF] SVS Index : 1 TX : 0x100 : alloc:2
03-14 01:24:47.386     0     0 I [20210313_19:54:47.382234]@6 [kworker/u16: 13][0x1fb662a4][19:54:47.382232] wlan: [325:E:POLICY_MGR] policy_mgr_init_dbs_config: 368: Disabling dual mac capabilities
03-14 01:24:47.386     0     0 I [20210313_19:54:47.382245]@6 [kworker/u16: 13][0x1fb66385][19:54:47.382243] wlan: [325:I:WMA] wma_rx_service_ready_event: Firmware build version : 3202ffff
03-14 01:24:47.386     0     0 I [20210313_19:54:47.382250]@6 [kworker/u16: 13][0x1fb663f0][19:54:47.382249] wlan: [325:I:WMA] wma_rx_service_ready_event: Board id: 0, Board version: d 0 0 0 0
03-14 01:24:47.386     0     0 I [20210313_19:54:47.382280]@6 [kworker/u16: 13][0x1fb66629][19:54:47.382279] wlan: [325:E:QDF] Num chain mask tables: 0
03-14 01:24:47.386     0     0 I [20210313_19:54:47.382401]@6 [kworker/u16: 13][0x1fb66f3e][19:54:47.382400] wlan: [325:E:WMA] wma_update_supported_bands: wrong supported band
03-14 01:24:47.386     0     0 I [20210313_19:54:47.382429]@6 [kworker/u16: 13][0x1fb6715d][19:54:47.382428] wlan: [325:E:POLICY_MGR] policy_mgr_init_dbs_config: 368: Disabling dual mac capabilities
03-14 01:24:47.386     0     0 I [20210313_19:54:47.382441]@6 [kworker/u16: 13][0x1fb6723e][19:54:47.382440] wlan: [325:E:QDF] copy_fw_abi_version_tlv: INIT_CMD version: 1, 0, 0x5f414351, 0x4c4d, 0x0, 0x0
03-14 01:24:47.422     0     0 I [20210313_19:54:47.418106]@5 [kworker/u16: 13][0x1fc0e50f][19:54:47.418104] wlan: [325:E:QDF] ready_extract_init_status_tlv:0
03-14 01:24:47.422     0     0 I [20210313_19:54:47.418192]@5 [kworker/u16: 13][0x1fc0eb89][19:54:47.418190] wlan: [325:I:dfs] WLAN_DEBUG_DFS_ALWAYS : wlan_dfs_pdev_obj_create_notification: 356: dfs_offload 0
03-14 01:24:47.422     0     0 I [20210313_19:54:47.418347]@5 [kworker/u16: 13][0x1fc0f736][19:54:47.418346] wlan: [325:E:dfs] WLAN_DEBUG_DFS_ALWAYS : dfs_init_radar_filters: 249: Unknown dfs domain 0
03-14 01:24:47.422     0     0 F [20210313_19:54:47.418364]@5 null_get_capability: 1518: SPECTRAL : get_capability not registered
03-14 01:24:47.422     0     0 F [20210313_19:54:47.418367]@5 target_if_pdev_spectral_init: 1992: HAL_CAP_PHYDIAG : Capable
03-14 01:24:47.422     0     0 F null_get_capability: 1518: SPECTRAL : get_capability not registered
03-14 01:24:47.422     0     0 F [20210313_19:54:47.418371]@5 target_if_pdev_spectral_init: 1996: HAL_CAP_RADAR   : Capable
03-14 01:24:47.422     0     0 F null_get_capability: 1518: SPECTRAL : get_capability not registered
03-14 01:24:47.422     0     0 F [20210313_19:54:47.418375]@5 target_if_pdev_spectral_init: 2001: HAL_CAP_SPECTRAL_SCAN : Capable
03-14 01:24:47.422     0     0 F null_get_tsf64: 1506: SPECTRAL : get_tsf64 not registered
03-14 01:24:47.422     0     0 I [20210313_19:54:47.418456]@5 [kworker/u16: 13][0x1fc0ff5b][19:54:47.418455] wlan: [325:I:OBJMGR] wlan_objmgr_pdev_obj_create: 176: Created pdev 0
03-14 01:24:47.422     0     0 I [20210313_19:54:47.418582]@4 [kworker/u16: 2][0x1fc108ca][19:54:47.418580] wlan: [249:I:WMA] wma_wait_for_ready_event: 6961: FW ready event received
03-14 01:24:47.426     0     0 I [20210313_19:54:47.425321]@5 [kworker/u16: 2][0x1fc3020e][19:54:47.425318] wlan: [249:I:HTT] max pool size 64 pool filled 64
03-14 01:24:47.429     0     0 I [20210313_19:54:47.426925]@5 [kworker/u16: 2][0x1fc37a61][19:54:47.426922] wlan: [249:I:HTT] HTT: full reorder offload enabled
03-14 01:24:47.446     0     0 I [20210313_19:54:47.445196]@4 [kworker/u16: 2][0x1fc8d4ab][19:54:47.445192] wlan: [249:I:HDD] hdd_update_hw_sw_info: 2666: Host SW:5.2.03.13E, FW:3.2.0.0.32767.4, HW:HW_VERSION=40060000., Board ver: d Ref design id: 0, Customer id: 0, Project id: 0, Board Data Rev: 0
03-14 01:24:47.449     0     0 I [20210313_19:54:47.447867]@4 [kworker/u16: 2][0x1fc99d2f][19:54:47.447866] wlan: [249:I:SYS] Creating periodic timer for OLBC UPDATE CACHE TIMEOUT
03-14 01:24:47.449     0     0 I [20210313_19:54:47.447976]@4 [kworker/u16: 2][0x1fc9a564][19:54:47.447975] wlan: [249:I:tdls] ucfg_tdls_psoc_enable: 252: psoc tdls enable: 0x0000000000000000
03-14 01:24:47.449     0     0 I [20210313_19:54:47.448876]@4 [kworker/u16: 2][0x1fc9e8d5][19:54:47.448874] wlan: [249:E:HDD] hdd_features_init: 11281: Unable to send DBS scan selection setting to FW
03-14 01:24:47.449     0     0 I [20210313_19:54:47.448886]@4 [kworker/u16: 2][0x1fc9e9a0][19:54:47.448885] wlan: [249:E:HDD] wlan_hdd_tsf_init: 1764: set tsf GPIO failed, status: 4
03-14 01:24:47.449     0     0 I [20210313_19:54:47.448933]@4 [kworker/u16: 2][0x1fc9ed23][19:54:47.448932] wlan: [249:I:HDD] hdd_wlan_start_modules: 3139: Wlan transitioned (now ENABLED)
03-14 01:24:47.450     0     0 I [20210313_19:54:47.450179]@6 [scheduler_threa][0x1fca4a8a][19: 54:47.450177] wlan: [2731:I:QDF] host_diag_log_submit: Unloading/Loading in Progress. Ignore!!!
03-14 01:24:47.454     0     0 E [20210313_19:54:47.451281]@3 cnss_utils: WLAN MAC address is not set, type 0
03-14 01:24:47.454     0     0 I [20210313_19:54:47.453561]@6 ueventd: firmware: loading 'wlan/qca_cld/wlan_mac.bin' for '/devices/platform/soc/18800000.qcom,icnss/firmware/wlan!qca_cld!wlan_mac.bin'
03-14 01:24:47.454     0     0 I [20210313_19:54:47.453984]@6 ueventd: loading /devices/platform/soc/18800000.qcom,icnss/firmware/wlan!qca_cld!wlan_mac.bin took 0ms
03-14 01:24:47.454     0     0 I [20210313_19:54:47.454378]@4 [kworker/u16: 2][0x1fcb8572][19:54:47.454376] wlan: [249:I:HDD] hdd_initialize_mac_address: 10825: using MAC address from wlan_mac.bin
03-14 01:24:47.454     0     0 I [20210313_19:54:47.454490]@4 [kworker/u16: 2][0x1fcb8def][19:54:47.454489] wlan: [249:I:HDD] wlan_hdd_get_provisioned_intf_addr: 3724: Assigning MAC from provisioned list48:01:c5:fd:7b:22
03-14 01:24:47.462     0     0 I [20210313_19:54:47.457753]@5 [kworker/u16: 2][0x1fcc8287][19:54:47.457750] wlan: [249:I:HDD] hdd_open_adapter: 5526: wlan0 interface created. iftype: 0
03-14 01:24:47.462     0     0 I [20210313_19:54:47.457774]@5 [kworker/u16: 2][0x1fcc842c][19:54:47.457772] wlan: [249:I:HDD] wlan_hdd_get_provisioned_intf_addr: 3724: Assigning MAC from provisioned list48:01:c5:fd:7b:20
03-14 01:24:47.462     0     0 I [20210313_19:54:47.460283]@5 [kworker/u16: 2][0x1fcd405b][19:54:47.460281] wlan: [249:I:HDD] hdd_open_adapter: 5526: wlan1 interface created. iftype: 0
03-14 01:24:47.462     0     0 I [20210313_19:54:47.460303]@5 [kworker/u16: 2][0x1fcd41e1][19:54:47.460302] wlan: [249:I:HDD] wlan_hdd_get_provisioned_intf_addr: 3724: Assigning MAC from provisioned list00:0a:f5:89:89:fd
03-14 01:24:47.464   907   907 I android.hardware.wifi@1.0-service: Wifi HAL started
03-14 01:24:47.466     0     0 I [20210313_19:54:47.463392]@4 [kworker/u16: 2][0x1fce2986][19:54:47.463390] wlan: [249:I:HDD] hdd_open_adapter: 5526: p2p0 interface created. iftype: 7
03-14 01:24:47.466     0     0 I [20210313_19:54:47.463524]@4 [kworker/u16: 2][0x1fce336f][19:54:47.463522] wlan: [249:I:HDD] hdd_set_idle_ps_config: 8380: Already in the requested power state:1
03-14 01:24:47.470     0     0 I         : [20210313_19:54:47.470423]@5 Wifi Turning On from UI
03-14 01:24:47.470     0     0 I [20210313_19:54:47.470803]@6 [wifi@1.0-servic][0x1fd05554][19: 54:47.470801] wlan: [907:I:HDD] hdd_trigger_psoc_idle_restart: 9656: Driver modules already Enabled
03-14 01:24:47.470     0     0 I [20210313_19:54:47.470826]@6 [wifi@1.0-servic][0x1fd0563b][19: 54:47.470813] wlan: [907:I:HDD] hdd_vdev_create: 4422: creating new vdev
03-14 01:24:47.470     0     0 I [20210313_19:54:47.470862]@6 [wifi@1.0-servic][0x1fd059d1][19: 54:47.470861] wlan: [907:I:OBJMGR] wlan_objmgr_vdev_obj_create: 263: Created vdev 0
03-14 01:24:47.473     0     0 I [20210313_19:54:47.471904]@6 [wifi@1.0-servic][0x1fd0a7d4][19: 54:47.471901] wlan: [907:I:HDD] hdd_vdev_create: 4514: vdev 0 created successfully
03-14 01:24:47.473     0     0 I [20210313_19:54:47.472729]@6 IPv6: ADDRCONF(NETDEV_UP): wlan0: link is not ready
03-14 01:24:47.474     0     0 I [20210313_19:54:47.473857]@6 [wifi@1.0-servic][0x1fd13a71][19: 54:47.473856] wlan: [907:E:POLICY_MGR] policy_mgr_get_dbs_hw_modes: 634: HW is not DBS capable
03-14 01:24:47.509  1465  1547 I chatty  : uid=1000(system) android.display expire 2 lines
03-14 01:24:47.516  1465  2054 I chatty  : uid=1000 system_server expire 3 lines
03-14 01:24:47.519   907   907 I android.hardware.wifi@1.0-service: Adding interface handle for wlan1
03-14 01:24:47.519   907   907 I android.hardware.wifi@1.0-service: Adding interface handle for p2p0
03-14 01:24:47.519   907   907 I android.hardware.wifi@1.0-service: Adding interface handle for wlan0
03-14 01:24:47.519   907   907 W android.hardware.wifi@1.0-service: No active wlan interfaces in use! Using default
03-14 01:24:47.519   907   907 W android.hardware.wifi@1.0-service: No active wlan interfaces in use! Using default
03-14 01:24:47.525   907   907 I android.hardware.wifi@1.0-service: Configured chip in mode 3
03-14 01:24:47.525   907   907 W android.hardware.wifi@1.0-service: No active wlan interfaces in use! Using default
03-14 01:24:47.525  1465  1465 I chatty  : uid=1000 system_server expire 228 lines
03-14 01:24:47.528     0     0 E [20210313_19:54:47.528286]@6 msm-dsi-display: [dsi_display_validate_mode_change] set fps: 90, fresh_rate_report_enable : 0
03-14 01:24:47.528     0     0 I [20210313_19:54:47.528294]@6 gf_spi: [info] goodix_fb_state_chg_callback go to the msm_drm_notifier_callback value = 2
03-14 01:24:47.528     0     0 I [20210313_19:54:47.528297]@6 gf_spi: goodix_fb_state_chg_callback defalut
03-14 01:24:47.528     0     0 E [20210313_19:54:47.528300]@6 [TP]touchpanel: fb_notifier_callback: event = 2, blank = 90
03-14 01:24:47.528     0     0 E [20210313_19:54:47.528596]@6 [TP]sec-s6sy761: sec_refresh_switch_mode: refresh_switch: 90HZ success!
03-14 01:24:47.528     0     0 I         : [20210313_19:54:47.528625]@6 [oneplus_motor]  fb_notifier_callback : receives wrong data EARLY_BLANK:90
03-14 01:24:47.528     0     0 E [20210313_19:54:47.528628]@6 msm-dsi-display: [dsi_display_validate_mode_change] invalid mode dfps not supported
03-14 01:24:47.528     0     0 E [20210313_19:54:47.528631]@6 dsi-drm: [dsi_bridge_mode_fixup] [dsi_samsung_oneplus_dsc_cmd_display] seamless mode mismatch failure rc=-524
03-14 01:24:47.534  1198  1198 I wificond: setting base_wiphy_index_ to 0
03-14 01:24:47.534  1198  1198 I wificond: create scanner for interface with index: 30
03-14 01:24:47.534  1198  1198 I wificond: subscribe scan result for interface with index: 30
03-14 01:24:47.536  1465  1546 I chatty  : uid=1000(system) android.io expire 3 lines
03-14 01:24:47.538  1465  1560 I chatty  : uid=1000(system) ActivityManager expire 34 lines
03-14 01:24:47.546     0     0 E [20210313_19:54:47.546088]@2 msm-dsi-panel: [dsi_panel_post_switch:4976] dsi_panel_post_switch: Send the command DSI_CMD_SET_POST_TIMING_SWITCH
03-14 01:24:47.566     0     0 E [20210313_19:54:47.557535]@4 msm-dsi-panel: [dsi_panel_switch:4944] Send DSI_CMD_SET_TIMING_SWITCH cmds
03-14 01:24:47.566     0     0 E [20210313_19:54:47.557544]@4 msm-dsi-panel: [dsi_panel_switch:4945] panel->cur_mode->timing->h_active = 1440
03-14 01:24:47.566     0     0 E [20210313_19:54:47.558244]@4 msm-dsi-panel: [dsi_panel_switch:4949] Send DSI_GAMMA_CMD_SET_SWITCH_90HZ cmds
03-14 01:24:47.569  1465  1547 I chatty  : uid=1000(system) android.display expire 1 line
03-14 01:24:47.578  1465  2066 I chatty  : uid=1000(system) StorageManagerS expire 1 line
03-14 01:24:47.602  1465  2067 I chatty  : uid=1000 system_server expire 3 lines
03-14 01:24:47.605  1465  1557 I chatty  : uid=1000(system) HwBinder:1465_1 expire 1 line
03-14 01:24:47.619  1465  1544 I chatty  : uid=1000(system) android.fg expire 2 lines
03-14 01:24:47.666     0     0 E         : [20210313_19:54:47.662489]@7 msm_qti_pp_get_rms_value_control, back not active to query rms be_idx:3
03-14 01:24:47.725     0     0 I [20210313_19:54:47.713458]@7 core_get_license_status: cmdrsp_license_result.result = 0x15 for module 0x131ff
03-14 01:24:47.725     0     0 E [20210313_19:54:47.723469]@7 [ELUS]: (elliptic_system_configuration_param_get) : get ELLIPTIC_SYSTEM_CONFIGURATION_CUSTOM_SETTING_00
03-14 01:24:47.725     0     0 E [20210313_19:54:47.723814]@7 [ELUS]: (elliptic_system_configuration_param_get) : get ELLIPTIC_SYSTEM_CONFIGURATION_CUSTOM_SETTING_01
03-14 01:24:47.725     0     0 E [20210313_19:54:47.724282]@7 [ELUS]: (elliptic_system_configuration_param_get) : get ELLIPTIC_SYSTEM_CONFIGURATION_CUSTOM_SETTING_02
03-14 01:24:47.725     0     0 E [20210313_19:54:47.724711]@7 [ELUS]: (elliptic_system_configuration_param_get) : get ELLIPTIC_SYSTEM_CONFIGURATION_CUSTOM_SETTING_03
03-14 01:24:47.725     0     0 E [20210313_19:54:47.725183]@7 [ELUS]: (elliptic_system_configuration_param_get) : get ELLIPTIC_SYSTEM_CONFIGURATION_CUSTOM_SETTING_04
03-14 01:24:47.725     0     0 E [20210313_19:54:47.725416]@7 [ELUS]: (elliptic_system_configuration_param_get) : get ELLIPTIC_SYSTEM_CONFIGURATION_CUSTOM_SETTING_05
03-14 01:24:47.726     0     0 E [20210313_19:54:47.725619]@7 [ELUS]: (elliptic_system_configuration_param_get) : get ELLIPTIC_SYSTEM_CONFIGURATION_CUSTOM_SETTING_06
03-14 01:24:47.726     0     0 E [20210313_19:54:47.726035]@7 [ELUS]: (elliptic_system_configuration_param_get) : get ELLIPTIC_SYSTEM_CONFIGURATION_CUSTOM_SETTING_07
03-14 01:24:47.736     0     0 E [20210313_19:54:47.726747]@7 [ELUS]: (elliptic_system_configuration_param_get) : get ELLIPTIC_SYSTEM_CONFIGURATION_CUSTOM_SETTING_08
03-14 01:24:47.736     0     0 E [20210313_19:54:47.727266]@7 [ELUS]: (elliptic_system_configuration_param_get) : get ELLIPTIC_SYSTEM_CONFIGURATION_CUSTOM_SETTING_09
03-14 01:24:47.736     0     0 E [20210313_19:54:47.727616]@7 [ELUS]: (elliptic_system_configuration_param_get) : get ELLIPTIC_SYSTEM_CONFIGURATION_CUSTOM_SETTING_10
03-14 01:24:47.736     0     0 E [20210313_19:54:47.728047]@7 [ELUS]: (elliptic_system_configuration_param_get) : get ELLIPTIC_SYSTEM_CONFIGURATION_CUSTOM_SETTING_11
03-14 01:24:47.736     0     0 E [20210313_19:54:47.728462]@7 [ELUS]: (elliptic_system_configuration_param_get) : get ELLIPTIC_SYSTEM_CONFIGURATION_CUSTOM_SETTING_12
03-14 01:24:47.736     0     0 E [20210313_19:54:47.728761]@7 [ELUS]: (elliptic_system_configuration_param_get) : get ELLIPTIC_SYSTEM_CONFIGURATION_CUSTOM_SETTING_13
03-14 01:24:47.736     0     0 E [20210313_19:54:47.729136]@7 [ELUS]: (elliptic_system_configuration_param_get) : get ELLIPTIC_SYSTEM_CONFIGURATION_CUSTOM_SETTING_14
03-14 01:24:47.736     0     0 E [20210313_19:54:47.729336]@7 [ELUS]: (elliptic_system_configuration_param_get) : get ELLIPTIC_SYSTEM_CONFIGURATION_CUSTOM_SETTING_15
03-14 01:24:47.736     0     0 E         : [20210313_19:54:47.735565]@7 msm-ext-disp-audio-codec-rx soc:qcom,msm-ext-disp:qcom,msm-ext-disp-audio-codec-rx: msm_ext_disp_audio_type_get: codec_data, get_audio_edid_blk() or get_intf_id is NULL
03-14 01:24:47.736     0     0 E         : [20210313_19:54:47.736025]@7 msm-ext-disp-audio-codec-rx soc:qcom,msm-ext-disp:qcom,msm-ext-disp-audio-codec-rx: msm_ext_disp_audio_type_get: codec_data, get_audio_edid_blk() or get_intf_id is NULL
03-14 01:24:47.766     0     0 E         : [20210313_19:54:47.764657]@7 msm_pcm_path_latency_ctl_get substream runtime not found
03-14 01:24:47.766     0     0 E         : [20210313_19:54:47.766056]@7 msm_pcm_path_latency_ctl_get substream runtime not found
03-14 01:24:47.776     0     0 E         : [20210313_19:54:47.769077]@7 msm_pcm_path_latency_ctl_get substream runtime not found
03-14 01:24:47.776     0     0 E         : [20210313_19:54:47.774976]@7 msm_pcm_path_latency_ctl_get substream runtime not found
03-14 01:24:47.786     0     0 E         : [20210313_19:54:47.780043]@7 msm_pcm_path_latency_ctl_get substream runtime not found
03-14 01:24:47.791     0     0 E         : [20210313_19:54:47.787624]@7 msm_pcm_path_latency_ctl_get substream runtime not found
03-14 01:24:47.791     0     0 I [20210313_19:54:47.788015]@6 [wpa_supplicant][0x202d4448][19: 54:47.788014] wlan: [2758:E:POLICY_MGR] policy_mgr_get_dbs_hw_modes: 634: HW is not DBS capable
03-14 01:24:47.806     0     0 E         : [20210313_19:54:47.805811]@7 msm_pcm_path_latency_ctl_get substream runtime not found
03-14 01:24:47.816     0     0 E         : [20210313_19:54:47.807709]@7 msm_pcm_path_latency_ctl_get substream runtime not found
03-14 01:24:47.840     0     0 I [20210313_19:54:47.839721]@4 binder: 2839:2839 transaction failed 29201/-1, size 32-0 line 3105
03-14 01:24:47.843     0     0 I [20210313_19:54:47.840521]@4 binder: 2839:2839 transaction failed 29201/-1, size 32-0 line 3105
03-14 01:24:47.861     0     0 I [20210313_19:54:47.859802]@4 binder: 2839:2839 transaction failed 29201/-1, size 32-0 line 3105
03-14 01:24:47.865     0     0 I [20210313_19:54:47.863054]@6 binder: 2839:2839 transaction failed 29201/-1, size 32-0 line 3105
03-14 01:24:47.869  1465  2164 I chatty  : uid=1000(system) Binder:1465_5 expire 1 line
03-14 01:24:47.913     0     0 I         : [20210313_19:54:47.912155]@4 get_param_by_index_and_offset[79]  sid_index = 300 offset = 0 buf = 00000000f813eeb8 length = 1024
03-14 01:24:47.913     0     0 I         : [20210313_19:54:47.912164]@4 get_param_by_index_and_offset[79]  sid_index = 301 offset = 0 buf = 00000000f813eeb8 length = 1024
03-14 01:24:47.913     0     0 I         : [20210313_19:54:47.912168]@4 get_param_by_index_and_offset[79]  sid_index = 302 offset = 0 buf = 00000000f813eeb8 length = 1024
03-14 01:24:47.913     0     0 I         : [20210313_19:54:47.912171]@4 get_param_by_index_and_offset[79]  sid_index = 303 offset = 0 buf = 00000000f813eeb8 length = 1024
03-14 01:24:47.913     0     0 I         : [20210313_19:54:47.912181]@4 get_param_by_index_and_offset[79]  sid_index = 812 offset = 0 buf = 00000000f813eeb8 length = 1024
03-14 01:24:47.913     0     0 I         : [20210313_19:54:47.912184]@4 get_param_by_index_and_offset[79]  sid_index = 813 offset = 0 buf = 00000000f813eeb8 length = 1024
03-14 01:24:47.913     0     0 I         : [20210313_19:54:47.912188]@4 get_param_by_index_and_offset[79]  sid_index = 814 offset = 0 buf = 00000000f813eeb8 length = 1024
03-14 01:24:47.913     0     0 I         : [20210313_19:54:47.912191]@4 get_param_by_index_and_offset[79]  sid_index = 815 offset = 0 buf = 00000000f813eeb8 length = 1024
03-14 01:24:47.913     0     0 I         : [20210313_19:54:47.912255]@4 get_param_by_index_and_offset[79]  sid_index = 300 offset = 0 buf = 00000000f813eeb8 length = 1024
03-14 01:24:47.913     0     0 I         : [20210313_19:54:47.912259]@4 get_param_by_index_and_offset[79]  sid_index = 301 offset = 0 buf = 00000000f813eeb8 length = 1024
03-14 01:24:47.913     0     0 I         : [20210313_19:54:47.912263]@4 get_param_by_index_and_offset[79]  sid_index = 302 offset = 0 buf = 00000000f813eeb8 length = 1024
03-14 01:24:47.913     0     0 I         : [20210313_19:54:47.912266]@4 get_param_by_index_and_offset[79]  sid_index = 303 offset = 0 buf = 00000000f813eeb8 length = 1024
03-14 01:24:47.977     0     0 I [20210313_19:54:47.976790]@7 audio_write: audio_data.state is 0x0
03-14 01:24:47.977     0     0 I [20210313_19:54:47.976810]@4 audio_poll: exit mask is 0x41
03-14 01:24:47.977     0     0 I [20210313_19:54:47.976885]@4 audio_poll: exit mask is 0x0
03-14 01:24:47.977     0     0 I [20210313_19:54:47.976930]@4 sensor_poll: exit mask is 0x0
03-14 01:24:47.985  1465  2671 I chatty  : uid=1000(system) AudioService expire 1 line
03-14 01:24:48.062  1465  2044 I chatty  : uid=1000 system_server expire 6 lines
03-14 01:24:48.097  1465  2631 I chatty  : uid=1000(system) NetworkPolicy expire 1 line
03-14 01:24:48.112  1465  2658 I chatty  : uid=1000(system) ConnectivitySer expire 3 lines
03-14 01:24:48.143  1465  1558 I chatty  : uid=1000(system) android.bg expire 3 lines
03-14 01:24:48.144  1465  1465 I chatty  : uid=1000 system_server expire 232 lines
03-14 01:24:48.169  1465  2161 I chatty  : uid=1000(system) Binder:1465_3 expire 1 line
03-14 01:24:48.179  1465  2658 I chatty  : uid=1000(system) ConnectivitySer expire 4 lines
03-14 01:24:48.192  1465  2164 I chatty  : uid=1000(system) Binder:1465_5 expire 2 lines
03-14 01:24:48.209  1465  1560 I chatty  : uid=1000(system) ActivityManager expire 7 lines
03-14 01:24:48.303  1465  1465 I chatty  : uid=1000 system_server expire 221 lines
03-14 01:24:48.331  1465  2163 I chatty  : uid=1000(system) Binder:1465_4 expire 10 lines
03-14 01:24:48.332     0     0 I [20210313_19:54:48.332087]@7 audio_write: audio_data.state is 0x8
03-14 01:24:48.332     0     0 I [20210313_19:54:48.332145]@7 audio_poll: exit mask is 0x41
03-14 01:24:48.332     0     0 I [20210313_19:54:48.332209]@7 audio_poll: exit mask is 0x0
03-14 01:24:48.345  1465  2658 I chatty  : uid=1000(system) ConnectivitySer expire 1 line
03-14 01:24:48.367  1465  2164 I chatty  : uid=1000(system) Binder:1465_5 expire 5 lines
03-14 01:24:48.429  1465  1465 I chatty  : uid=1000 system_server expire 71 lines
03-14 01:24:48.430  1465  1560 I chatty  : uid=1000(system) ActivityManager expire 91 lines
03-14 01:24:48.478     0     0 F [20210313_19:54:48.476469]@4 perfetto: enabled ftrace
03-14 01:24:48.508  1465  1547 I chatty  : uid=1000(system) android.display expire 5 lines
03-14 01:24:48.512  1465  1544 I chatty  : uid=1000(system) android.fg expire 4 lines
03-14 01:24:48.538  1465  2658 I chatty  : uid=1000(system) ConnectivitySer expire 7 lines
03-14 01:24:48.540  1465  2939 I chatty  : uid=1000(system) Binder:1465_8 expire 3 lines
03-14 01:24:48.725  1465  3369 I chatty  : uid=1000(system) Binder:1465_9 expire 1 line
03-14 01:24:48.821  1465  1546 I chatty  : uid=1000(system) android.io expire 4 lines
03-14 01:24:48.835  1465  1559 I chatty  : uid=1000(system) ActivityManager expire 4 lines
03-14 01:24:48.857  2752  2752 W ActivityThread: Failed to find provider info for com.google.android.gsf.gservices (user not unlocked)
03-14 01:24:48.858  2752  2752 W ActivityThread: Failed to find provider info for com.google.android.gsf.gservices (user not unlocked)
03-14 01:24:48.878     0     0 I [20210313_19:54:48.877633]@5 [wifi@1.0-servic][0x216c7d91][19: 54:48.877631] wlan: [907:I:SME] sme_ps_disable_auto_ps_timer: 797: Stop auto_ps_enable_timer Timer for session ID: 0
03-14 01:24:48.880     0     0 I [20210313_19:54:48.878808]@5 [wifi@1.0-servic][0x216cd5b3][19: 54:48.878806] wlan: [907:E:OSIF] wlan_cfg80211_sched_scan_stop: 608: Failed to disabled PNO
03-14 01:24:48.880     0     0 I [20210313_19:54:48.878817]@5 [wifi@1.0-servic][0x216cd672][19: 54:48.878816] wlan: [907:I:HDD] hdd_vdev_destroy: 4206: destroying vdev 0
03-14 01:24:48.880     0     0 I [20210313_19:54:48.878827]@5 [wifi@1.0-servic][0x216cd730][19: 54:48.878826] wlan: [907:I:WMI] Deleting pattern id: 0 vdev id 0 in fw
03-14 01:24:48.884     0     0 I [20210313_19:54:48.881808]@5 [wifi@1.0-servic][0x216db6b5][19: 54:48.881806] wlan: [907:I:OBJMGR] wlan_objmgr_vdev_obj_delete: 335: Logically deleting vdev 0
03-14 01:24:48.884     0     0 I [20210313_19:54:48.881853]@5 [wifi@1.0-servic][0x216dba2b][19: 54:48.881852] wlan: [907:I:HDD] hdd_vdev_destroy: 4267: vdev 0 destroyed successfully
03-14 01:24:48.884     0     0 I [20210313_19:54:48.883183]@5 [wifi@1.0-servic][0x216e1dde][19: 54:48.883181] wlan: [907:I:HDD] __hdd_set_mac_address: 3652: Changing MAC to 6e:34:87:d2:b6:52 of the interface wlan0
03-14 01:24:48.884     0     0 I [20210313_19:54:48.883289]@5 [wifi@1.0-servic][0x216e25e1][19: 54:48.883288] wlan: [907:I:HDD] hdd_trigger_psoc_idle_restart: 9656: Driver modules already Enabled
03-14 01:24:48.884     0     0 I [20210313_19:54:48.883298]@5 [wifi@1.0-servic][0x216e2681][19: 54:48.883297] wlan: [907:I:HDD] hdd_vdev_create: 4422: creating new vdev
03-14 01:24:48.884     0     0 I [20210313_19:54:48.883326]@5 [wifi@1.0-servic][0x216e289f][19: 54:48.883325] wlan: [907:I:OBJMGR] wlan_objmgr_vdev_obj_create: 263: Created vdev 0
03-14 01:24:48.885     0     0 I [20210313_19:54:48.885033]@6 [wifi@1.0-servic][0x216ea776][19: 54:48.885016] wlan: [907:I:HDD] hdd_vdev_create: 4514: vdev 0 created successfully
03-14 01:24:48.885  1465  2161 I chatty  : uid=1000(system) Binder:1465_3 expire 4 lines
03-14 01:24:48.901  2752  2752 W ActivityThread: Failed to find provider info for com.google.android.gsf.gservices (user not unlocked)
03-14 01:24:48.902  2752  2752 W ActivityThread: Failed to find provider info for com.google.android.gsf.gservices (user not unlocked)
03-14 01:24:48.905     0     0 I [20210313_19:54:48.904863]@6 [scheduler_threa][0x217477d6][19: 54:48.904861] wlan: [2731:E:QDF] __pktlog_enable: pktlog operation not in progress
03-14 01:24:48.906     0     0 I [20210313_19:54:48.905804]@7 [scheduler_threa][0x2174be82][19: 54:48.905803] wlan: [2731:E:QDF] __pktlog_enable: pktlog operation not in progress
03-14 01:24:48.911     0     0 I [20210313_19:54:48.911885]@7 [wpa_supplicant][0x21768681][19: 54:48.911883] wlan: [2758:W:HDD] hdd_driver_rxfilter_command_handler: 6496: Unsupported RXFILTER type 3
03-14 01:24:48.922  2822  2822 V FODCircleViewImpl: *** register callback for com.android.systemui.statusbar.phone.StatusBar$4@810acca
03-14 01:24:48.922  2822  2822 V FODCircleViewImpl: *** unregister callback for null
03-14 01:24:48.922  1465  2891 I chatty  : uid=1000(system) Binder:1465_7 expire 9 lines
03-14 01:24:48.923  1465  3471 I chatty  : uid=1000(system) Binder:1465_B expire 12 lines
03-14 01:24:48.928  2822  3262 W ActivityThread: Failed to find provider info for com.android.contacts (user not unlocked)
03-14 01:24:48.935  1465  2664 I chatty  : uid=1000(system) onProviders.ECP expire 2 lines
03-14 01:24:48.958  1465  3498 I chatty  : uid=1000(system) BluetoothRouteM expire 1 line
03-14 01:24:48.970  1465  3500 I chatty  : uid=1000(system) uteStateMachine expire 2 lines
03-14 01:24:48.977  1465  3501 I chatty  : uid=1000(system) CallAudioModeSt expire 1 line
03-14 01:24:48.988  2752  2752 W ActivityThread: Failed to find provider info for com.google.android.gsf.gservices (user not unlocked)
03-14 01:24:48.989  2752  2752 W ActivityThread: Failed to find provider info for com.google.android.gsf.gservices (user not unlocked)
03-14 01:24:48.993  2752  2752 I chatty  : uid=10191(com.google.android.setupwizard) identical 2 lines
03-14 01:24:48.996  2752  2752 W ActivityThread: Failed to find provider info for com.google.android.gsf.gservices (user not unlocked)
03-14 01:24:48.998  2752  2752 W ActivityThread: Failed to find provider info for com.google.android.gsf.gservices (user not unlocked)
03-14 01:24:49.001  1465  3470 I chatty  : uid=1000(system) Binder:1465_A expire 3 lines
03-14 01:24:49.003  2752  2752 W ActivityThread: Failed to find provider info for com.google.android.gsf.gservices (user not unlocked)
03-14 01:24:49.003  2752  2752 W ActivityThread: Failed to find provider info for com.google.android.gsf.gservices (user not unlocked)
03-14 01:24:49.006  1465  2163 I chatty  : uid=1000(system) Binder:1465_4 expire 4 lines
03-14 01:24:49.051  2822  2934 W ActivityThread: Failed to find provider info for com.android.contacts (user not unlocked)
03-14 01:24:49.069  2822  2934 W ActivityThread: Failed to find provider info for com.android.contacts (user not unlocked)
03-14 01:24:49.108  3515  3515 W ActivityThread: Failed to find provider info for com.google.android.gsf.gservices (user not unlocked)
03-14 01:24:49.112  3515  3515 W ActivityThread: Failed to find provider info for com.google.android.gsf.gservices (user not unlocked)
03-14 01:24:49.118     0     0 I [20210313_19:54:49.116457]@5 [wpa_supplicant][0x21b27563][19: 54:49.116455] wlan: [2758:E:POLICY_MGR] policy_mgr_get_dbs_hw_modes: 634: HW is not DBS capable
03-14 01:24:49.118     0     0 I [20210313_19:54:49.116501]@5 [wpa_supplicant][0x21b27848][19: 54:49.116494] wlan: [2758:I:HDD] hdd_trigger_psoc_idle_restart: 9656: Driver modules already Enabled
03-14 01:24:49.118     0     0 I [20210313_19:54:49.116517]@5 [wpa_supplicant][0x21b279ea][19: 54:49.116515] wlan: [2758:E:OSIF] wlan_abort_scan: 1645: Failed get vdev
03-14 01:24:49.118     0     0 I [20210313_19:54:49.116522]@5 [wpa_supplicant][0x21b27a55][19: 54:49.116521] wlan: [2758:E:P2P] ucfg_p2p_cleanup_tx_by_vdev: 282: null vdev
03-14 01:24:49.118     0     0 I [20210313_19:54:49.116528]@5 [wpa_supplicant][0x21b27ac7][19: 54:49.116527] wlan: [2758:E:P2P] ucfg_p2p_cleanup_roc_by_vdev: 238: null vdev
03-14 01:24:49.118     0     0 I [20210313_19:54:49.116533]@5 [wpa_supplicant][0x21b27b27][19: 54:49.116532] wlan: [2758:E:HDD] hdd_stop_adapter_ext: 5773: Cannot flush PMKIDCache
03-14 01:24:49.118     0     0 I [20210313_19:54:49.116537]@5 [wpa_supplicant][0x21b27b78][19: 54:49.116536] wlan: [2758:I:HDD] hdd_vdev_destroy: 4206: destroying vdev 255
