03-13 16:30:43.065     0     0 I @7 fsck.f2fs: from "4.14.117-perf #107 SMP PREEMPT Sun Mar 14 02:54:33 IST 2021"
03-13 16:30:43.066     0     0 I         : @4 IPA FW loaded successfully
03-13 16:30:43.066     0     0 E         : @4 ipa ipa3_uc_state_check:333 uC interface not initialized
03-13 16:30:43.067     0     0 E         : @6 gsi soc:qcom,msm_gsi: gsi_register_device:1131 GSI irq is wake enabled 175
03-13 16:30:43.069     0     0 I         : @6 rmnet_ipa3 started initialization
03-13 16:30:43.069     0     0 I         : @6 IPA SSR support = True
03-13 16:30:43.069     0     0 I         : @6 IPA is_platform_type_msm = True
03-13 16:30:43.069     0     0 I         : @6 IPA SG support = True
03-13 16:30:43.069     0     0 I         : @6 IPA Napi Enable = True
03-13 16:30:43.069     0     0 I         : @6 using default for wan-rx-desc-size = 256
03-13 16:30:43.069     0     0 I         : @6 IPA driver initialization was successful.
03-13 16:30:43.069     0     0 E         : @6 ipa-wan ipa3_wwan_probe:2815 rmnet_ipa completed initialization
03-13 16:30:43.108     0     0 I @6 of_batterydata_get_best_profile: OP_4085mAh  found
03-13 16:30:44.386     0     0 I         : @5 F2FS-fs (dm-10): Found nat_bits in checkpoint
03-13 16:30:44.449     0     0 I         : @7 F2FS-fs (dm-10): Mounted with checkpoint version = 3412f623
03-13 16:30:44.450   671   671 I vold    : [libfs_mgr]__mount(source=/dev/block/dm-10,target=/data,type=f2fs)=0: Success
03-13 16:30:44.450   671   671 D vold    : Mounted /data
03-13 16:30:44.450   671   682 D vold    : Disk at 252:10 changed
03-13 16:30:44.469     0     0 D @7 vdc  : Waited 0ms for vold
03-13 16:30:44.469   671   671 I Checkpoint: cp_prepareCheckpoint called
03-13 16:30:44.476     0     0 D @6 vdc  : Waited 0ms for vold
03-13 16:30:44.476   671   671 I vold    : fscrypt_initialize_systemwide_keys
03-13 16:30:44.477   671   671 D vold    : Key exists, using: /data/unencrypted/key
03-13 16:30:44.479   671   671 I vold    : List of Keymaster HALs found:
03-13 16:30:44.479   671   671 I vold    : Keymaster HAL #1: Keymaster HAL: 4 from QTI SecurityLevel: TRUSTED_ENVIRONMENT HAL: android.hardware.keymaster@4.1::IKeymasterDevice/default
03-13 16:30:44.479   671   671 I vold    : Using Keymaster HAL: 4 from QTI for encryption.  Security level: TRUSTED_ENVIRONMENT, HAL: android.hardware.keymaster@4.1::IKeymasterDevice/default
03-13 16:30:44.485   671   671 I vold    : Kernel doesn't support FS_IOC_ADD_ENCRYPTION_KEY.  Falling back to session keyring
03-13 16:30:44.485   671   671 D vold    : Added key 161885208 (ext4:9b09616fb209e7ac) to keyring 530355933 in process 671
03-13 16:30:44.485   671   671 D vold    : Added key 750909992 (f2fs:9b09616fb209e7ac) to keyring 530355933 in process 671
03-13 16:30:44.485   671   671 D vold    : Added key 310913983 (fscrypt:9b09616fb209e7ac) to keyring 530355933 in process 671
03-13 16:30:44.486   671   671 I vold    : Wrote system DE key reference to:/data/unencrypted/ref
03-13 16:30:44.486   671   671 D vold    : Added key 184662856 (ext4:c54688c834bf98ef) to keyring 530355933 in process 671
03-13 16:30:44.486   671   671 D vold    : Added key 757444628 (f2fs:c54688c834bf98ef) to keyring 530355933 in process 671
03-13 16:30:44.486   671   671 D vold    : Added key 612808020 (fscrypt:c54688c834bf98ef) to keyring 530355933 in process 671
03-13 16:30:44.487   671   671 I vold    : Wrote per boot key reference to:/data/unencrypted/per_boot_ref
03-13 16:30:44.489     0     0 I @5 fscrypt: AES-256-CTS-CBC using implementation "cts(cbc-aes-ce)"
03-13 16:30:44.497     0     0 I @6 apexd: Scanning /system/apex for preinstalled data
03-13 16:30:44.498     0     0 I @6 apexd: Scanning /system_ext/apex for preinstalled data
03-13 16:30:44.498     0     0 I @6 apexd: ... does not exist. Skipping
03-13 16:30:44.498     0     0 I @6 apexd: Scanning /product/apex for preinstalled data
03-13 16:30:44.498     0     0 I @6 apexd: ... does not exist. Skipping
03-13 16:30:44.498     0     0 I @6 apexd: Scanning /vendor/apex for preinstalled data
03-13 16:30:44.498     0     0 I @6 apexd: ... does not exist. Skipping
03-13 16:30:44.498     0     0 I @6 apexd: Populating APEX database from mounts...
03-13 16:30:44.499     0     0 I @6 apexd: 0 packages restored.
03-13 16:30:44.499     0     0 I @6 apexd: Marking APEXd as starting
03-13 16:30:44.509   671   682 D vold    : Disk at 7:48 changed
03-13 16:30:44.558   671   682 D vold    : Disk at 7:48 changed
03-13 16:30:44.624     0     0 I @7 device-mapper: verity: sha1 using implementation "sha1-ce"
03-13 16:30:44.624   671   682 D vold    : Disk at 252:11 changed
03-13 16:30:44.625   671   682 D vold    : Disk at 252:11 changed
03-13 16:30:44.628     0     0 I         : @7 EXT4-fs (dm-11): mounted filesystem without journal. Opts: (null)
03-13 16:30:44.628   671   682 D vold    : Disk at 7:56 changed
03-13 16:30:44.648   671   682 D vold    : Disk at 7:56 changed
03-13 16:30:44.692     0     0 I @7 device-mapper: verity: sha1 using implementation "sha1-ce"
03-13 16:30:44.692   671   682 D vold    : Disk at 252:12 changed
03-13 16:30:44.693   671   682 D vold    : Disk at 252:12 changed
03-13 16:30:44.696     0     0 I         : @4 EXT4-fs (dm-12): mounted filesystem without journal. Opts: (null)
03-13 16:30:44.696   671   682 D vold    : Disk at 7:64 changed
03-13 16:30:44.728   671   682 D vold    : Disk at 7:64 changed
03-13 16:30:44.773     0     0 I @7 device-mapper: verity: sha1 using implementation "sha1-ce"
03-13 16:30:44.773   671   682 D vold    : Disk at 252:13 changed
03-13 16:30:44.774   671   682 D vold    : Disk at 252:13 changed
03-13 16:30:44.776     0     0 I         : @7 EXT4-fs (dm-13): mounted filesystem without journal. Opts: (null)
03-13 16:30:44.777   671   682 D vold    : Disk at 7:72 changed
03-13 16:30:44.808   671   682 D vold    : Disk at 7:72 changed
--------- beginning of main
03-13 16:30:44.814   689   689 I sscrpcd : remote_handle_open: Successfully opened handle 0x7f for '":;./\createstaticpd:sensorspd on domain 2
03-13 16:30:44.814   689   689 E sscrpcd : Error 0xffffffff: apps_dev_init failed for domain 2, errno Transport endpoint is not connected
03-13 16:30:44.814   689   689 E sscrpcd : Error 0xffffffff: open_dev (-1) failed for domain 2
03-13 16:30:44.814   689   689 E sscrpcd : vendor/qcom/proprietary/sensors-see/sscrpcd/src/sscrpcd.cpp:42:adsp daemon will restart after 25ms...
03-13 16:30:44.840   689   689 I sscrpcd : remote_handle_open: Successfully opened handle 0x7f for '":;./\createstaticpd:sensorspd on domain 2
03-13 16:30:44.840   689   689 E sscrpcd : Error 0xffffffff: apps_dev_init failed for domain 2, errno Transport endpoint is not connected
03-13 16:30:44.840   689   689 E sscrpcd : Error 0xffffffff: open_dev (-1) failed for domain 2
03-13 16:30:44.840   689   689 E sscrpcd : vendor/qcom/proprietary/sensors-see/sscrpcd/src/sscrpcd.cpp:42:adsp daemon will restart after 25ms...
03-13 16:30:44.853     0     0 I @6 device-mapper: verity: sha1 using implementation "sha1-ce"
03-13 16:30:44.853   671   682 D vold    : Disk at 252:14 changed
03-13 16:30:44.854   671   682 D vold    : Disk at 252:14 changed
03-13 16:30:44.856     0     0 I         : @5 EXT4-fs (dm-14): mounted filesystem without journal. Opts: (null)
03-13 16:30:44.857   671   682 D vold    : Disk at 7:80 changed
03-13 16:30:44.866   689   689 I sscrpcd : remote_handle_open: Successfully opened handle 0x7f for '":;./\createstaticpd:sensorspd on domain 2
03-13 16:30:44.866   689   689 E sscrpcd : Error 0xffffffff: apps_dev_init failed for domain 2, errno Transport endpoint is not connected
03-13 16:30:44.866   689   689 E sscrpcd : Error 0xffffffff: open_dev (-1) failed for domain 2
03-13 16:30:44.866   689   689 E sscrpcd : vendor/qcom/proprietary/sensors-see/sscrpcd/src/sscrpcd.cpp:42:adsp daemon will restart after 25ms...
03-13 16:30:44.892   689   689 I sscrpcd : remote_handle_open: Successfully opened handle 0x7f for '":;./\createstaticpd:sensorspd on domain 2
03-13 16:30:44.892   689   689 E sscrpcd : Error 0xffffffff: apps_dev_init failed for domain 2, errno Transport endpoint is not connected
03-13 16:30:44.892   689   689 E sscrpcd : Error 0xffffffff: open_dev (-1) failed for domain 2
03-13 16:30:44.892   689   689 E sscrpcd : vendor/qcom/proprietary/sensors-see/sscrpcd/src/sscrpcd.cpp:42:adsp daemon will restart after 25ms...
03-13 16:30:44.898   671   682 D vold    : Disk at 7:80 changed
03-13 16:30:44.917   689   689 I sscrpcd : remote_handle_open: Successfully opened handle 0x7f for '":;./\createstaticpd:sensorspd on domain 2
03-13 16:30:44.918   689   689 E sscrpcd : Error 0xffffffff: apps_dev_init failed for domain 2, errno Transport endpoint is not connected
03-13 16:30:44.918   689   689 E sscrpcd : Error 0xffffffff: open_dev (-1) failed for domain 2
03-13 16:30:44.918   689   689 E sscrpcd : vendor/qcom/proprietary/sensors-see/sscrpcd/src/sscrpcd.cpp:42:adsp daemon will restart after 25ms...
03-13 16:30:44.932     0     0 I @5 device-mapper: verity: sha1 using implementation "sha1-ce"
03-13 16:30:44.932   671   682 D vold    : Disk at 252:15 changed
03-13 16:30:44.933   671   682 D vold    : Disk at 252:15 changed
03-13 16:30:44.943   689   689 I sscrpcd : remote_handle_open: Successfully opened handle 0x7f for '":;./\createstaticpd:sensorspd on domain 2
03-13 16:30:44.944   689   689 E sscrpcd : Error 0xffffffff: apps_dev_init failed for domain 2, errno Transport endpoint is not connected
03-13 16:30:44.944   689   689 E sscrpcd : Error 0xffffffff: open_dev (-1) failed for domain 2
03-13 16:30:44.944   689   689 E sscrpcd : vendor/qcom/proprietary/sensors-see/sscrpcd/src/sscrpcd.cpp:42:adsp daemon will restart after 25ms...
03-13 16:30:44.954     0     0 I         : @4 EXT4-fs (dm-15): mounted filesystem without journal. Opts: (null)
03-13 16:30:44.955   671   682 D vold    : Disk at 7:88 changed
03-13 16:30:44.970   689   689 I sscrpcd : remote_handle_open: Successfully opened handle 0x7f for '":;./\createstaticpd:sensorspd on domain 2
03-13 16:30:44.970   689   689 E sscrpcd : Error 0xffffffff: apps_dev_init failed for domain 2, errno Transport endpoint is not connected
03-13 16:30:44.970   689   689 E sscrpcd : Error 0xffffffff: open_dev (-1) failed for domain 2
03-13 16:30:44.970   689   689 E sscrpcd : vendor/qcom/proprietary/sensors-see/sscrpcd/src/sscrpcd.cpp:42:adsp daemon will restart after 25ms...
03-13 16:30:44.988   671   682 D vold    : Disk at 7:88 changed
03-13 16:30:44.995   689   689 I sscrpcd : remote_handle_open: Successfully opened handle 0x7f for '":;./\createstaticpd:sensorspd on domain 2
03-13 16:30:44.996   689   689 E sscrpcd : Error 0xffffffff: apps_dev_init failed for domain 2, errno Transport endpoint is not connected
03-13 16:30:44.996   689   689 E sscrpcd : Error 0xffffffff: open_dev (-1) failed for domain 2
03-13 16:30:44.996   689   689 E sscrpcd : vendor/qcom/proprietary/sensors-see/sscrpcd/src/sscrpcd.cpp:42:adsp daemon will restart after 25ms...
03-13 16:30:45.021   689   689 I sscrpcd : remote_handle_open: Successfully opened handle 0x7f for '":;./\createstaticpd:sensorspd on domain 2
03-13 16:30:45.021   689   689 E sscrpcd : Error 0xffffffff: apps_dev_init failed for domain 2, errno Transport endpoint is not connected
03-13 16:30:45.021   689   689 E sscrpcd : Error 0xffffffff: open_dev (-1) failed for domain 2
03-13 16:30:45.022   689   689 E sscrpcd : vendor/qcom/proprietary/sensors-see/sscrpcd/src/sscrpcd.cpp:42:adsp daemon will restart after 25ms...
03-13 16:30:45.033     0     0 I @6 device-mapper: verity: sha1 using implementation "sha1-ce"
03-13 16:30:45.033   671   682 D vold    : Disk at 252:16 changed
03-13 16:30:45.033   671   682 D vold    : Disk at 252:16 changed
03-13 16:30:45.047   689   689 I sscrpcd : remote_handle_open: Successfully opened handle 0x7f for '":;./\createstaticpd:sensorspd on domain 2
03-13 16:30:45.047   689   689 E sscrpcd : Error 0xffffffff: apps_dev_init failed for domain 2, errno Transport endpoint is not connected
03-13 16:30:45.047   689   689 E sscrpcd : Error 0xffffffff: open_dev (-1) failed for domain 2
03-13 16:30:45.048   689   689 E sscrpcd : vendor/qcom/proprietary/sensors-see/sscrpcd/src/sscrpcd.cpp:42:adsp daemon will restart after 25ms...
03-13 16:30:45.055     0     0 I         : @5 EXT4-fs (dm-16): mounted filesystem without journal. Opts: (null)
03-13 16:30:45.056   671   682 D vold    : Disk at 7:96 changed
03-13 16:30:45.073   689   689 I sscrpcd : remote_handle_open: Successfully opened handle 0x7f for '":;./\createstaticpd:sensorspd on domain 2
03-13 16:30:45.073   689   689 E sscrpcd : Error 0xffffffff: apps_dev_init failed for domain 2, errno Transport endpoint is not connected
03-13 16:30:45.073   689   689 E sscrpcd : Error 0xffffffff: open_dev (-1) failed for domain 2
03-13 16:30:45.074   689   689 E sscrpcd : vendor/qcom/proprietary/sensors-see/sscrpcd/src/sscrpcd.cpp:42:adsp daemon will restart after 25ms...
03-13 16:30:45.078   671   682 D vold    : Disk at 7:96 changed
03-13 16:30:45.099   689   689 I sscrpcd : remote_handle_open: Successfully opened handle 0x7f for '":;./\createstaticpd:sensorspd on domain 2
03-13 16:30:45.099   689   689 E sscrpcd : Error 0xffffffff: apps_dev_init failed for domain 2, errno Transport endpoint is not connected
03-13 16:30:45.099   689   689 E sscrpcd : Error 0xffffffff: open_dev (-1) failed for domain 2
03-13 16:30:45.100   689   689 E sscrpcd : vendor/qcom/proprietary/sensors-see/sscrpcd/src/sscrpcd.cpp:42:adsp daemon will restart after 25ms...
03-13 16:30:45.122     0     0 I @6 device-mapper: verity: sha1 using implementation "sha1-ce"
03-13 16:30:45.122   671   682 D vold    : Disk at 252:17 changed
03-13 16:30:45.122   671   682 D vold    : Disk at 252:17 changed
03-13 16:30:45.125   689   689 I sscrpcd : remote_handle_open: Successfully opened handle 0x7f for '":;./\createstaticpd:sensorspd on domain 2
03-13 16:30:45.125   689   689 E sscrpcd : Error 0xffffffff: apps_dev_init failed for domain 2, errno Transport endpoint is not connected
03-13 16:30:45.125   689   689 E sscrpcd : Error 0xffffffff: open_dev (-1) failed for domain 2
03-13 16:30:45.126   689   689 E sscrpcd : vendor/qcom/proprietary/sensors-see/sscrpcd/src/sscrpcd.cpp:42:adsp daemon will restart after 25ms...
03-13 16:30:45.144     0     0 I         : @6 EXT4-fs (dm-17): mounted filesystem without journal. Opts: (null)
03-13 16:30:45.145   671   682 D vold    : Disk at 7:104 changed
03-13 16:30:45.151   689   689 I sscrpcd : remote_handle_open: Successfully opened handle 0x7f for '":;./\createstaticpd:sensorspd on domain 2
03-13 16:30:45.151   689   689 E sscrpcd : Error 0xffffffff: apps_dev_init failed for domain 2, errno Transport endpoint is not connected
03-13 16:30:45.151   689   689 E sscrpcd : Error 0xffffffff: open_dev (-1) failed for domain 2
03-13 16:30:45.152   689   689 E sscrpcd : vendor/qcom/proprietary/sensors-see/sscrpcd/src/sscrpcd.cpp:42:adsp daemon will restart after 25ms...
03-13 16:30:45.177   689   689 I sscrpcd : remote_handle_open: Successfully opened handle 0x7f for '":;./\createstaticpd:sensorspd on domain 2
03-13 16:30:45.177   689   689 E sscrpcd : Error 0xffffffff: apps_dev_init failed for domain 2, errno Transport endpoint is not connected
03-13 16:30:45.177   689   689 E sscrpcd : Error 0xffffffff: open_dev (-1) failed for domain 2
03-13 16:30:45.178   689   689 E sscrpcd : vendor/qcom/proprietary/sensors-see/sscrpcd/src/sscrpcd.cpp:42:adsp daemon will restart after 25ms...
03-13 16:30:45.178   671   682 D vold    : Disk at 7:104 changed
03-13 16:30:45.203   689   689 I sscrpcd : remote_handle_open: Successfully opened handle 0x7f for '":;./\createstaticpd:sensorspd on domain 2
03-13 16:30:45.203   689   689 E sscrpcd : Error 0xffffffff: apps_dev_init failed for domain 2, errno Transport endpoint is not connected
03-13 16:30:45.203   689   689 E sscrpcd : Error 0xffffffff: open_dev (-1) failed for domain 2
03-13 16:30:45.203   689   689 E sscrpcd : vendor/qcom/proprietary/sensors-see/sscrpcd/src/sscrpcd.cpp:42:adsp daemon will restart after 25ms...
03-13 16:30:45.229   689   689 I sscrpcd : remote_handle_open: Successfully opened handle 0x7f for '":;./\createstaticpd:sensorspd on domain 2
03-13 16:30:45.229   689   689 E sscrpcd : Error 0xffffffff: apps_dev_init failed for domain 2, errno Transport endpoint is not connected
03-13 16:30:45.229   689   689 E sscrpcd : Error 0xffffffff: open_dev (-1) failed for domain 2
03-13 16:30:45.229   689   689 E sscrpcd : vendor/qcom/proprietary/sensors-see/sscrpcd/src/sscrpcd.cpp:42:adsp daemon will restart after 25ms...
03-13 16:30:45.232     0     0 I @5 device-mapper: verity: sha1 using implementation "sha1-ce"
03-13 16:30:45.232   671   682 D vold    : Disk at 252:18 changed
03-13 16:30:45.232   671   682 D vold    : Disk at 252:18 changed
03-13 16:30:45.254     0     0 I         : @6 EXT4-fs (dm-18): mounted filesystem without journal. Opts: (null)
03-13 16:30:45.255   689   689 I sscrpcd : remote_handle_open: Successfully opened handle 0x7f for '":;./\createstaticpd:sensorspd on domain 2
03-13 16:30:45.255   689   689 E sscrpcd : Error 0xffffffff: apps_dev_init failed for domain 2, errno Transport endpoint is not connected
03-13 16:30:45.255   689   689 E sscrpcd : Error 0xffffffff: open_dev (-1) failed for domain 2
03-13 16:30:45.255   671   682 D vold    : Disk at 7:112 changed
03-13 16:30:45.255   689   689 E sscrpcd : vendor/qcom/proprietary/sensors-see/sscrpcd/src/sscrpcd.cpp:42:adsp daemon will restart after 25ms...
03-13 16:30:45.278   671   682 D vold    : Disk at 7:112 changed
03-13 16:30:45.281   689   689 I sscrpcd : remote_handle_open: Successfully opened handle 0x7f for '":;./\createstaticpd:sensorspd on domain 2
03-13 16:30:45.281   689   689 E sscrpcd : Error 0xffffffff: apps_dev_init failed for domain 2, errno Transport endpoint is not connected
03-13 16:30:45.281   689   689 E sscrpcd : Error 0xffffffff: open_dev (-1) failed for domain 2
03-13 16:30:45.281   689   689 E sscrpcd : vendor/qcom/proprietary/sensors-see/sscrpcd/src/sscrpcd.cpp:42:adsp daemon will restart after 25ms...
03-13 16:30:45.297     0     0 E @4 SMBLIB: smblib_update_usb_type: pm8150b_charger: smblib_update_usb_type: APSD=SDP PD=0 dash_on=0 real_charger_type=4
03-13 16:30:45.307   689   689 I sscrpcd : remote_handle_open: Successfully opened handle 0x7f for '":;./\createstaticpd:sensorspd on domain 2
03-13 16:30:45.307   689   689 E sscrpcd : Error 0xffffffff: apps_dev_init failed for domain 2, errno Transport endpoint is not connected
03-13 16:30:45.307   689   689 E sscrpcd : Error 0xffffffff: open_dev (-1) failed for domain 2
03-13 16:30:45.307   689   689 E sscrpcd : vendor/qcom/proprietary/sensors-see/sscrpcd/src/sscrpcd.cpp:42:adsp daemon will restart after 25ms...
03-13 16:30:45.322     0     0 I @7 device-mapper: verity: sha1 using implementation "sha1-ce"
03-13 16:30:45.323   671   682 D vold    : Disk at 252:19 changed
03-13 16:30:45.323   671   682 D vold    : Disk at 252:19 changed
03-13 16:30:45.333   689   689 I sscrpcd : remote_handle_open: Successfully opened handle 0x7f for '":;./\createstaticpd:sensorspd on domain 2
03-13 16:30:45.333   689   689 E sscrpcd : Error 0xffffffff: apps_dev_init failed for domain 2, errno Transport endpoint is not connected
03-13 16:30:45.333   689   689 E sscrpcd : Error 0xffffffff: open_dev (-1) failed for domain 2
03-13 16:30:45.333   689   689 E sscrpcd : vendor/qcom/proprietary/sensors-see/sscrpcd/src/sscrpcd.cpp:42:adsp daemon will restart after 25ms...
03-13 16:30:45.345     0     0 I         : @6 EXT4-fs (dm-19): mounted filesystem without journal. Opts: (null)
03-13 16:30:45.345   671   682 D vold    : Disk at 7:120 changed
03-13 16:30:45.359   689   689 I sscrpcd : remote_handle_open: Successfully opened handle 0x7f for '":;./\createstaticpd:sensorspd on domain 2
03-13 16:30:45.359   689   689 E sscrpcd : Error 0xffffffff: apps_dev_init failed for domain 2, errno Transport endpoint is not connected
03-13 16:30:45.359   689   689 E sscrpcd : Error 0xffffffff: open_dev (-1) failed for domain 2
03-13 16:30:45.359   689   689 E sscrpcd : vendor/qcom/proprietary/sensors-see/sscrpcd/src/sscrpcd.cpp:42:adsp daemon will restart after 25ms...
03-13 16:30:45.368   671   682 D vold    : Disk at 7:120 changed
03-13 16:30:45.385   689   689 I sscrpcd : remote_handle_open: Successfully opened handle 0x7f for '":;./\createstaticpd:sensorspd on domain 2
03-13 16:30:45.385   689   689 E sscrpcd : Error 0xffffffff: apps_dev_init failed for domain 2, errno Transport endpoint is not connected
03-13 16:30:45.385   689   689 E sscrpcd : Error 0xffffffff: open_dev (-1) failed for domain 2
03-13 16:30:45.385   689   689 E sscrpcd : vendor/qcom/proprietary/sensors-see/sscrpcd/src/sscrpcd.cpp:42:adsp daemon will restart after 25ms...
03-13 16:30:45.411   689   689 I sscrpcd : remote_handle_open: Successfully opened handle 0x7f for '":;./\createstaticpd:sensorspd on domain 2
03-13 16:30:45.411   689   689 E sscrpcd : Error 0xffffffff: apps_dev_init failed for domain 2, errno Transport endpoint is not connected
03-13 16:30:45.411   689   689 E sscrpcd : Error 0xffffffff: open_dev (-1) failed for domain 2
03-13 16:30:45.411   689   689 E sscrpcd : vendor/qcom/proprietary/sensors-see/sscrpcd/src/sscrpcd.cpp:42:adsp daemon will restart after 25ms...
03-13 16:30:45.413     0     0 I @5 device-mapper: verity: sha1 using implementation "sha1-ce"
03-13 16:30:45.413   671   682 D vold    : Disk at 252:20 changed
03-13 16:30:45.414   671   682 D vold    : Disk at 252:20 changed
03-13 16:30:45.416     0     0 I         : @7 EXT4-fs (dm-20): mounted filesystem without journal. Opts: (null)
03-13 16:30:45.417   671   682 D vold    : Disk at 7:128 changed
03-13 16:30:45.437   689   689 I sscrpcd : remote_handle_open: Successfully opened handle 0x7f for '":;./\createstaticpd:sensorspd on domain 2
03-13 16:30:45.437   689   689 E sscrpcd : Error 0xffffffff: apps_dev_init failed for domain 2, errno Transport endpoint is not connected
03-13 16:30:45.437   689   689 E sscrpcd : Error 0xffffffff: open_dev (-1) failed for domain 2
03-13 16:30:45.437   689   689 E sscrpcd : vendor/qcom/proprietary/sensors-see/sscrpcd/src/sscrpcd.cpp:42:adsp daemon will restart after 25ms...
03-13 16:30:45.448   671   682 D vold    : Disk at 7:128 changed
03-13 16:30:45.463   689   689 I sscrpcd : remote_handle_open: Successfully opened handle 0x7f for '":;./\createstaticpd:sensorspd on domain 2
03-13 16:30:45.463   689   689 E sscrpcd : Error 0xffffffff: apps_dev_init failed for domain 2, errno Transport endpoint is not connected
03-13 16:30:45.463   689   689 E sscrpcd : Error 0xffffffff: open_dev (-1) failed for domain 2
03-13 16:30:45.463   689   689 E sscrpcd : vendor/qcom/proprietary/sensors-see/sscrpcd/src/sscrpcd.cpp:42:adsp daemon will restart after 25ms...
03-13 16:30:45.489   689   689 I sscrpcd : remote_handle_open: Successfully opened handle 0x7f for '":;./\createstaticpd:sensorspd on domain 2
03-13 16:30:45.489   689   689 E sscrpcd : Error 0xffffffff: apps_dev_init failed for domain 2, errno Transport endpoint is not connected
03-13 16:30:45.489   689   689 E sscrpcd : Error 0xffffffff: open_dev (-1) failed for domain 2
03-13 16:30:45.489   689   689 E sscrpcd : vendor/qcom/proprietary/sensors-see/sscrpcd/src/sscrpcd.cpp:42:adsp daemon will restart after 25ms...
03-13 16:30:45.493     0     0 I @6 device-mapper: verity: sha1 using implementation "sha1-ce"
03-13 16:30:45.493   671   682 D vold    : Disk at 252:21 changed
03-13 16:30:45.494   671   682 D vold    : Disk at 252:21 changed
03-13 16:30:45.496     0     0 I         : @7 EXT4-fs (dm-21): mounted filesystem without journal. Opts: (null)
03-13 16:30:45.497   671   682 D vold    : Disk at 7:136 changed
03-13 16:30:45.515   689   689 I sscrpcd : remote_handle_open: Successfully opened handle 0x7f for '":;./\createstaticpd:sensorspd on domain 2
03-13 16:30:45.515   689   689 E sscrpcd : Error 0xffffffff: apps_dev_init failed for domain 2, errno Transport endpoint is not connected
03-13 16:30:45.515   689   689 E sscrpcd : Error 0xffffffff: open_dev (-1) failed for domain 2
03-13 16:30:45.515   689   689 E sscrpcd : vendor/qcom/proprietary/sensors-see/sscrpcd/src/sscrpcd.cpp:42:adsp daemon will restart after 25ms...
03-13 16:30:45.528   671   682 D vold    : Disk at 7:136 changed
03-13 16:30:45.541   689   689 I sscrpcd : remote_handle_open: Successfully opened handle 0x7f for '":;./\createstaticpd:sensorspd on domain 2
03-13 16:30:45.541   689   689 E sscrpcd : Error 0xffffffff: apps_dev_init failed for domain 2, errno Transport endpoint is not connected
03-13 16:30:45.541   689   689 E sscrpcd : Error 0xffffffff: open_dev (-1) failed for domain 2
03-13 16:30:45.541   689   689 E sscrpcd : vendor/qcom/proprietary/sensors-see/sscrpcd/src/sscrpcd.cpp:42:adsp daemon will restart after 25ms...
03-13 16:30:45.567   689   689 I sscrpcd : remote_handle_open: Successfully opened handle 0x7f for '":;./\createstaticpd:sensorspd on domain 2
03-13 16:30:45.567   689   689 E sscrpcd : Error 0xffffffff: apps_dev_init failed for domain 2, errno Transport endpoint is not connected
03-13 16:30:45.567   689   689 E sscrpcd : Error 0xffffffff: open_dev (-1) failed for domain 2
03-13 16:30:45.567   689   689 E sscrpcd : vendor/qcom/proprietary/sensors-see/sscrpcd/src/sscrpcd.cpp:42:adsp daemon will restart after 25ms...
03-13 16:30:45.582     0     0 I @7 device-mapper: verity: sha1 using implementation "sha1-ce"
03-13 16:30:45.583   671   682 D vold    : Disk at 252:22 changed
03-13 16:30:45.583   671   682 D vold    : Disk at 252:22 changed
03-13 16:30:45.586     0     0 I         : @4 EXT4-fs (dm-22): mounted filesystem without journal. Opts: (null)
03-13 16:30:45.588   671   682 D vold    : Disk at 7:144 changed
03-13 16:30:45.593   689   689 I sscrpcd : remote_handle_open: Successfully opened handle 0x7f for '":;./\createstaticpd:sensorspd on domain 2
03-13 16:30:45.593   689   689 E sscrpcd : Error 0xffffffff: apps_dev_init failed for domain 2, errno Transport endpoint is not connected
03-13 16:30:45.593   689   689 E sscrpcd : Error 0xffffffff: open_dev (-1) failed for domain 2
03-13 16:30:45.593   689   689 E sscrpcd : vendor/qcom/proprietary/sensors-see/sscrpcd/src/sscrpcd.cpp:42:adsp daemon will restart after 25ms...
03-13 16:30:45.619   689   689 I sscrpcd : remote_handle_open: Successfully opened handle 0x7f for '":;./\createstaticpd:sensorspd on domain 2
03-13 16:30:45.619   689   689 E sscrpcd : Error 0xffffffff: apps_dev_init failed for domain 2, errno Transport endpoint is not connected
03-13 16:30:45.619   689   689 E sscrpcd : Error 0xffffffff: open_dev (-1) failed for domain 2
03-13 16:30:45.619   689   689 E sscrpcd : vendor/qcom/proprietary/sensors-see/sscrpcd/src/sscrpcd.cpp:42:adsp daemon will restart after 25ms...
03-13 16:30:45.628   671   682 D vold    : Disk at 7:144 changed
03-13 16:30:45.645   689   689 I sscrpcd : remote_handle_open: Successfully opened handle 0x7f for '":;./\createstaticpd:sensorspd on domain 2
03-13 16:30:45.645   689   689 E sscrpcd : Error 0xffffffff: apps_dev_init failed for domain 2, errno Transport endpoint is not connected
03-13 16:30:45.645   689   689 E sscrpcd : Error 0xffffffff: open_dev (-1) failed for domain 2
03-13 16:30:45.645   689   689 E sscrpcd : vendor/qcom/proprietary/sensors-see/sscrpcd/src/sscrpcd.cpp:42:adsp daemon will restart after 25ms...
03-13 16:30:45.671   689   689 I sscrpcd : remote_handle_open: Successfully opened handle 0x7f for '":;./\createstaticpd:sensorspd on domain 2
03-13 16:30:45.671   689   689 E sscrpcd : Error 0xffffffff: apps_dev_init failed for domain 2, errno Transport endpoint is not connected
03-13 16:30:45.671   689   689 E sscrpcd : Error 0xffffffff: open_dev (-1) failed for domain 2
03-13 16:30:45.671   689   689 E sscrpcd : vendor/qcom/proprietary/sensors-see/sscrpcd/src/sscrpcd.cpp:42:adsp daemon will restart after 25ms...
03-13 16:30:45.680     0     0 I         : @7 EXT4-fs (loop18): mounted filesystem without journal. Opts: (null)
03-13 16:30:45.682   671   682 D vold    : Disk at 7:152 changed
03-13 16:30:45.697   689   689 I sscrpcd : remote_handle_open: Successfully opened handle 0x7f for '":;./\createstaticpd:sensorspd on domain 2
03-13 16:30:45.697   689   689 E sscrpcd : Error 0xffffffff: apps_dev_init failed for domain 2, errno Transport endpoint is not connected
03-13 16:30:45.697   689   689 E sscrpcd : Error 0xffffffff: open_dev (-1) failed for domain 2
03-13 16:30:45.697   689   689 E sscrpcd : vendor/qcom/proprietary/sensors-see/sscrpcd/src/sscrpcd.cpp:42:adsp daemon will restart after 25ms...
03-13 16:30:45.718   671   682 D vold    : Disk at 7:152 changed
03-13 16:30:45.723   689   689 I sscrpcd : remote_handle_open: Successfully opened handle 0x7f for '":;./\createstaticpd:sensorspd on domain 2
03-13 16:30:45.723   689   689 E sscrpcd : Error 0xffffffff: apps_dev_init failed for domain 2, errno Transport endpoint is not connected
03-13 16:30:45.723   689   689 E sscrpcd : Error 0xffffffff: open_dev (-1) failed for domain 2
03-13 16:30:45.723   689   689 E sscrpcd : vendor/qcom/proprietary/sensors-see/sscrpcd/src/sscrpcd.cpp:42:adsp daemon will restart after 25ms...
03-13 16:30:45.740     0     0 I         : @7 EXT4-fs (loop19): mounted filesystem without journal. Opts: (null)
03-13 16:30:45.742   671   682 D vold    : Disk at 7:160 changed
03-13 16:30:45.749   689   689 I sscrpcd : remote_handle_open: Successfully opened handle 0x7f for '":;./\createstaticpd:sensorspd on domain 2
03-13 16:30:45.749   689   689 E sscrpcd : Error 0xffffffff: apps_dev_init failed for domain 2, errno Transport endpoint is not connected
03-13 16:30:45.749   689   689 E sscrpcd : Error 0xffffffff: open_dev (-1) failed for domain 2
03-13 16:30:45.749   689   689 E sscrpcd : vendor/qcom/proprietary/sensors-see/sscrpcd/src/sscrpcd.cpp:42:adsp daemon will restart after 25ms...
03-13 16:30:45.775   689   689 I sscrpcd : remote_handle_open: Successfully opened handle 0x7f for '":;./\createstaticpd:sensorspd on domain 2
03-13 16:30:45.775   689   689 E sscrpcd : Error 0xffffffff: apps_dev_init failed for domain 2, errno Transport endpoint is not connected
03-13 16:30:45.775   689   689 E sscrpcd : Error 0xffffffff: open_dev (-1) failed for domain 2
03-13 16:30:45.775   689   689 E sscrpcd : vendor/qcom/proprietary/sensors-see/sscrpcd/src/sscrpcd.cpp:42:adsp daemon will restart after 25ms...
03-13 16:30:45.778   671   682 D vold    : Disk at 7:160 changed
03-13 16:30:45.800   689   689 I sscrpcd : remote_handle_open: Successfully opened handle 0x7f for '":;./\createstaticpd:sensorspd on domain 2
03-13 16:30:45.801   689   689 E sscrpcd : Error 0xffffffff: apps_dev_init failed for domain 2, errno Transport endpoint is not connected
03-13 16:30:45.801   689   689 E sscrpcd : Error 0xffffffff: open_dev (-1) failed for domain 2
03-13 16:30:45.801   689   689 E sscrpcd : vendor/qcom/proprietary/sensors-see/sscrpcd/src/sscrpcd.cpp:42:adsp daemon will restart after 25ms...
03-13 16:30:45.820     0     0 I         : @4 EXT4-fs (loop20): mounted filesystem without journal. Opts: (null)
03-13 16:30:45.821   671   682 D vold    : Disk at 7:168 changed
03-13 16:30:45.826   689   689 I sscrpcd : remote_handle_open: Successfully opened handle 0x7f for '":;./\createstaticpd:sensorspd on domain 2
03-13 16:30:45.827   689   689 E sscrpcd : Error 0xffffffff: apps_dev_init failed for domain 2, errno Transport endpoint is not connected
03-13 16:30:45.827   689   689 E sscrpcd : Error 0xffffffff: open_dev (-1) failed for domain 2
03-13 16:30:45.827   689   689 E sscrpcd : vendor/qcom/proprietary/sensors-see/sscrpcd/src/sscrpcd.cpp:42:adsp daemon will restart after 25ms...
03-13 16:30:45.852   689   689 I sscrpcd : remote_handle_open: Successfully opened handle 0x7f for '":;./\createstaticpd:sensorspd on domain 2
03-13 16:30:45.852   689   689 E sscrpcd : Error 0xffffffff: apps_dev_init failed for domain 2, errno Transport endpoint is not connected
03-13 16:30:45.852   689   689 E sscrpcd : Error 0xffffffff: open_dev (-1) failed for domain 2
03-13 16:30:45.853   689   689 E sscrpcd : vendor/qcom/proprietary/sensors-see/sscrpcd/src/sscrpcd.cpp:42:adsp daemon will restart after 25ms...
03-13 16:30:45.868   671   682 D vold    : Disk at 7:168 changed
03-13 16:30:45.878   689   689 I sscrpcd : remote_handle_open: Successfully opened handle 0x7f for '":;./\createstaticpd:sensorspd on domain 2
03-13 16:30:45.878   689   689 E sscrpcd : Error 0xffffffff: apps_dev_init failed for domain 2, errno Transport endpoint is not connected
03-13 16:30:45.878   689   689 E sscrpcd : Error 0xffffffff: open_dev (-1) failed for domain 2
03-13 16:30:45.879   689   689 E sscrpcd : vendor/qcom/proprietary/sensors-see/sscrpcd/src/sscrpcd.cpp:42:adsp daemon will restart after 25ms...
03-13 16:30:45.901     0     0 I         : @6 EXT4-fs (loop21): mounted filesystem without journal. Opts: (null)
03-13 16:30:45.901   671   682 D vold    : Disk at 7:176 changed
03-13 16:30:45.904   689   689 I sscrpcd : remote_handle_open: Successfully opened handle 0x7f for '":;./\createstaticpd:sensorspd on domain 2
03-13 16:30:45.904   689   689 E sscrpcd : Error 0xffffffff: apps_dev_init failed for domain 2, errno Transport endpoint is not connected
03-13 16:30:45.904   689   689 E sscrpcd : Error 0xffffffff: open_dev (-1) failed for domain 2
03-13 16:30:45.905   689   689 E sscrpcd : vendor/qcom/proprietary/sensors-see/sscrpcd/src/sscrpcd.cpp:42:adsp daemon will restart after 25ms...
03-13 16:30:45.930   689   689 I sscrpcd : remote_handle_open: Successfully opened handle 0x7f for '":;./\createstaticpd:sensorspd on domain 2
03-13 16:30:45.930   689   689 E sscrpcd : Error 0xffffffff: apps_dev_init failed for domain 2, errno Transport endpoint is not connected
03-13 16:30:45.930   689   689 E sscrpcd : Error 0xffffffff: open_dev (-1) failed for domain 2
03-13 16:30:45.931   689   689 E sscrpcd : vendor/qcom/proprietary/sensors-see/sscrpcd/src/sscrpcd.cpp:42:adsp daemon will restart after 25ms...
03-13 16:30:45.938   671   682 D vold    : Disk at 7:176 changed
03-13 16:30:45.956   689   689 I sscrpcd : remote_handle_open: Successfully opened handle 0x7f for '":;./\createstaticpd:sensorspd on domain 2
03-13 16:30:45.956   689   689 E sscrpcd : Error 0xffffffff: apps_dev_init failed for domain 2, errno Transport endpoint is not connected
03-13 16:30:45.956   689   689 E sscrpcd : Error 0xffffffff: open_dev (-1) failed for domain 2
03-13 16:30:45.956   689   689 E sscrpcd : vendor/qcom/proprietary/sensors-see/sscrpcd/src/sscrpcd.cpp:42:adsp daemon will restart after 25ms...
03-13 16:30:45.981     0     0 I         : @4 EXT4-fs (loop22): mounted filesystem without journal. Opts: (null)
03-13 16:30:45.982   689   689 I sscrpcd : remote_handle_open: Successfully opened handle 0x7f for '":;./\createstaticpd:sensorspd on domain 2
03-13 16:30:45.982   689   689 E sscrpcd : Error 0xffffffff: apps_dev_init failed for domain 2, errno Transport endpoint is not connected
03-13 16:30:45.982   689   689 E sscrpcd : Error 0xffffffff: open_dev (-1) failed for domain 2
03-13 16:30:45.982   671   682 D vold    : Disk at 7:184 changed
03-13 16:30:45.982   689   689 E sscrpcd : vendor/qcom/proprietary/sensors-see/sscrpcd/src/sscrpcd.cpp:42:adsp daemon will restart after 25ms...
03-13 16:30:45.988     0     0 I         : @3 tri_state_key extcon_dev_work : hw_version=0
03-13 16:30:45.988     0     0 I         : @3 tri_state_key extcon_dev_work : key[0]=1,key[1]=0,key[2]=1
03-13 16:30:46.008   689   689 I sscrpcd : remote_handle_open: Successfully opened handle 0x7f for '":;./\createstaticpd:sensorspd on domain 2
03-13 16:30:46.008   689   689 E sscrpcd : Error 0xffffffff: apps_dev_init failed for domain 2, errno Transport endpoint is not connected
03-13 16:30:46.008   689   689 E sscrpcd : Error 0xffffffff: open_dev (-1) failed for domain 2
03-13 16:30:46.009   689   689 E sscrpcd : vendor/qcom/proprietary/sensors-see/sscrpcd/src/sscrpcd.cpp:42:adsp daemon will restart after 25ms...
03-13 16:30:46.018   671   682 D vold    : Disk at 7:184 changed
03-13 16:30:46.034   689   689 I sscrpcd : remote_handle_open: Successfully opened handle 0x7f for '":;./\createstaticpd:sensorspd on domain 2
03-13 16:30:46.034   689   689 E sscrpcd : Error 0xffffffff: apps_dev_init failed for domain 2, errno Transport endpoint is not connected
03-13 16:30:46.034   689   689 E sscrpcd : Error 0xffffffff: open_dev (-1) failed for domain 2
03-13 16:30:46.034   689   689 E sscrpcd : vendor/qcom/proprietary/sensors-see/sscrpcd/src/sscrpcd.cpp:42:adsp daemon will restart after 25ms...
03-13 16:30:46.060   689   689 I sscrpcd : remote_handle_open: Successfully opened handle 0x7f for '":;./\createstaticpd:sensorspd on domain 2
03-13 16:30:46.060   689   689 E sscrpcd : Error 0xffffffff: apps_dev_init failed for domain 2, errno Transport endpoint is not connected
03-13 16:30:46.060   689   689 E sscrpcd : Error 0xffffffff: open_dev (-1) failed for domain 2
03-13 16:30:46.060   689   689 E sscrpcd : vendor/qcom/proprietary/sensors-see/sscrpcd/src/sscrpcd.cpp:42:adsp daemon will restart after 25ms...
03-13 16:30:46.062     0     0 I         : @5 EXT4-fs (loop23): mounted filesystem without journal. Opts: (null)
03-13 16:30:46.062   671   682 D vold    : Disk at 7:192 changed
03-13 16:30:46.086   689   689 I sscrpcd : remote_handle_open: Successfully opened handle 0x7f for '":;./\createstaticpd:sensorspd on domain 2
03-13 16:30:46.086   689   689 E sscrpcd : Error 0xffffffff: apps_dev_init failed for domain 2, errno Transport endpoint is not connected
03-13 16:30:46.086   689   689 E sscrpcd : Error 0xffffffff: open_dev (-1) failed for domain 2
03-13 16:30:46.086   689   689 E sscrpcd : vendor/qcom/proprietary/sensors-see/sscrpcd/src/sscrpcd.cpp:42:adsp daemon will restart after 25ms...
03-13 16:30:46.098   671   682 D vold    : Disk at 7:192 changed
03-13 16:30:46.112   689   689 I sscrpcd : remote_handle_open: Successfully opened handle 0x7f for '":;./\createstaticpd:sensorspd on domain 2
03-13 16:30:46.112   689   689 E sscrpcd : Error 0xffffffff: apps_dev_init failed for domain 2, errno Transport endpoint is not connected
03-13 16:30:46.112   689   689 E sscrpcd : Error 0xffffffff: open_dev (-1) failed for domain 2
03-13 16:30:46.112   689   689 E sscrpcd : vendor/qcom/proprietary/sensors-see/sscrpcd/src/sscrpcd.cpp:42:adsp daemon will restart after 25ms...
03-13 16:30:46.131     0     0 I         : @5 EXT4-fs (loop24): mounted filesystem without journal. Opts: (null)
03-13 16:30:46.131   671   682 D vold    : Disk at 7:200 changed
03-13 16:30:46.138   689   689 I sscrpcd : remote_handle_open: Successfully opened handle 0x7f for '":;./\createstaticpd:sensorspd on domain 2
03-13 16:30:46.138   689   689 E sscrpcd : Error 0xffffffff: apps_dev_init failed for domain 2, errno Transport endpoint is not connected
03-13 16:30:46.138   689   689 E sscrpcd : Error 0xffffffff: open_dev (-1) failed for domain 2
03-13 16:30:46.138   689   689 E sscrpcd : vendor/qcom/proprietary/sensors-see/sscrpcd/src/sscrpcd.cpp:42:adsp daemon will restart after 25ms...
03-13 16:30:46.164   689   689 I sscrpcd : remote_handle_open: Successfully opened handle 0x7f for '":;./\createstaticpd:sensorspd on domain 2
03-13 16:30:46.164   689   689 E sscrpcd : Error 0xffffffff: apps_dev_init failed for domain 2, errno Transport endpoint is not connected
03-13 16:30:46.164   689   689 E sscrpcd : Error 0xffffffff: open_dev (-1) failed for domain 2
03-13 16:30:46.164   689   689 E sscrpcd : vendor/qcom/proprietary/sensors-see/sscrpcd/src/sscrpcd.cpp:42:adsp daemon will restart after 25ms...
03-13 16:30:46.168   671   682 D vold    : Disk at 7:200 changed
03-13 16:30:46.190   689   689 I sscrpcd : remote_handle_open: Successfully opened handle 0x7f for '":;./\createstaticpd:sensorspd on domain 2
03-13 16:30:46.190   689   689 E sscrpcd : Error 0xffffffff: apps_dev_init failed for domain 2, errno Transport endpoint is not connected
03-13 16:30:46.190   689   689 E sscrpcd : Error 0xffffffff: open_dev (-1) failed for domain 2
03-13 16:30:46.190   689   689 E sscrpcd : vendor/qcom/proprietary/sensors-see/sscrpcd/src/sscrpcd.cpp:42:adsp daemon will restart after 25ms...
03-13 16:30:46.211     0     0 I         : @7 EXT4-fs (loop25): mounted filesystem without journal. Opts: (null)
03-13 16:30:46.211   671   682 D vold    : Disk at 7:208 changed
03-13 16:30:46.216   689   689 I sscrpcd : remote_handle_open: Successfully opened handle 0x7f for '":;./\createstaticpd:sensorspd on domain 2
03-13 16:30:46.216   689   689 E sscrpcd : Error 0xffffffff: apps_dev_init failed for domain 2, errno Transport endpoint is not connected
03-13 16:30:46.216   689   689 E sscrpcd : Error 0xffffffff: open_dev (-1) failed for domain 2
03-13 16:30:46.216   689   689 E sscrpcd : vendor/qcom/proprietary/sensors-see/sscrpcd/src/sscrpcd.cpp:42:adsp daemon will restart after 25ms...
03-13 16:30:46.242   689   689 I sscrpcd : remote_handle_open: Successfully opened handle 0x7f for '":;./\createstaticpd:sensorspd on domain 2
03-13 16:30:46.242   689   689 E sscrpcd : Error 0xffffffff: apps_dev_init failed for domain 2, errno Transport endpoint is not connected
03-13 16:30:46.242   689   689 E sscrpcd : Error 0xffffffff: open_dev (-1) failed for domain 2
03-13 16:30:46.242   689   689 E sscrpcd : vendor/qcom/proprietary/sensors-see/sscrpcd/src/sscrpcd.cpp:42:adsp daemon will restart after 25ms...
03-13 16:30:46.248   671   682 D vold    : Disk at 7:208 changed
03-13 16:30:46.268   689   689 I sscrpcd : remote_handle_open: Successfully opened handle 0x7f for '":;./\createstaticpd:sensorspd on domain 2
03-13 16:30:46.268   689   689 E sscrpcd : Error 0xffffffff: apps_dev_init failed for domain 2, errno Transport endpoint is not connected
03-13 16:30:46.268   689   689 E sscrpcd : Error 0xffffffff: open_dev (-1) failed for domain 2
03-13 16:30:46.268   689   689 E sscrpcd : vendor/qcom/proprietary/sensors-see/sscrpcd/src/sscrpcd.cpp:42:adsp daemon will restart after 25ms...
03-13 16:30:46.291     0     0 I         : @6 EXT4-fs (loop26): mounted filesystem without journal. Opts: (null)
03-13 16:30:46.294   689   689 I sscrpcd : remote_handle_open: Successfully opened handle 0x7f for '":;./\createstaticpd:sensorspd on domain 2
03-13 16:30:46.294   689   689 E sscrpcd : Error 0xffffffff: apps_dev_init failed for domain 2, errno Transport endpoint is not connected
03-13 16:30:46.294   689   689 E sscrpcd : Error 0xffffffff: open_dev (-1) failed for domain 2
03-13 16:30:46.294   689   689 E sscrpcd : vendor/qcom/proprietary/sensors-see/sscrpcd/src/sscrpcd.cpp:42:adsp daemon will restart after 25ms...
03-13 16:30:46.299   829   829 W linkerconfig: type=1400 audit(0.0:11): avc: denied { kill } for capability=5 scontext=u:r:linkerconfig:s0 tcontext=u:r:linkerconfig:s0 tclass=capability permissive=0
03-13 16:30:46.320   689   689 I sscrpcd : remote_handle_open: Successfully opened handle 0x7f for '":;./\createstaticpd:sensorspd on domain 2
03-13 16:30:46.320   689   689 E sscrpcd : Error 0xffffffff: apps_dev_init failed for domain 2, errno Transport endpoint is not connected
03-13 16:30:46.320   689   689 E sscrpcd : Error 0xffffffff: open_dev (-1) failed for domain 2
03-13 16:30:46.320   689   689 E sscrpcd : vendor/qcom/proprietary/sensors-see/sscrpcd/src/sscrpcd.cpp:42:adsp daemon will restart after 25ms...
03-13 16:30:46.340   831   831 I derive_sdk: Read version 0 from /apex/com.android.sdkext/etc/sdkinfo.binarypb
03-13 16:30:46.341   831   831 I derive_sdk: R extension version is 0
03-13 16:30:46.346   689   689 I sscrpcd : remote_handle_open: Successfully opened handle 0x7f for '":;./\createstaticpd:sensorspd on domain 2
03-13 16:30:46.346   689   689 E sscrpcd : Error 0xffffffff: apps_dev_init failed for domain 2, errno Transport endpoint is not connected
03-13 16:30:46.346   689   689 E sscrpcd : Error 0xffffffff: open_dev (-1) failed for domain 2
03-13 16:30:46.347   689   689 E sscrpcd : vendor/qcom/proprietary/sensors-see/sscrpcd/src/sscrpcd.cpp:42:adsp daemon will restart after 25ms...
03-13 16:30:46.347     0     0 D @7 vdc  : Waited 0ms for vold
03-13 16:30:46.347   671   671 D vold    : fscrypt_init_user0
03-13 16:30:46.347   671   671 D vold    : Preparing: /data/misc/vold/user_keys
03-13 16:30:46.348   671   671 D vold    : Preparing: /data/misc/vold/user_keys/ce
03-13 16:30:46.348   671   671 D vold    : Preparing: /data/misc/vold/user_keys/de
03-13 16:30:46.349   671   671 D vold    : Skipping non-de-key .
03-13 16:30:46.349   671   671 D vold    : Skipping non-de-key ..
03-13 16:30:46.351   628   628 I hwservicemanager: getTransport: Cannot find entry android.hardware.keymaster@3.0::IKeymasterDevice/default in either framework or device manifest.
03-13 16:30:46.351   671   671 I vold    : List of Keymaster HALs found:
03-13 16:30:46.351   671   671 I vold    : Keymaster HAL #1: Keymaster HAL: 4 from QTI SecurityLevel: TRUSTED_ENVIRONMENT HAL: android.hardware.keymaster@4.1::IKeymasterDevice/default
03-13 16:30:46.351   671   671 I vold    : Using Keymaster HAL: 4 from QTI for encryption.  Security level: TRUSTED_ENVIRONMENT, HAL: android.hardware.keymaster@4.1::IKeymasterDevice/default
03-13 16:30:46.358   671   671 D vold    : Added key 976964514 (ext4:e2c5f17aa6e59fef) to keyring 530355933 in process 671
03-13 16:30:46.358   671   671 D vold    : Added key 825063033 (f2fs:e2c5f17aa6e59fef) to keyring 530355933 in process 671
03-13 16:30:46.358   671   671 D vold    : Added key 1032934592 (fscrypt:e2c5f17aa6e59fef) to keyring 530355933 in process 671
03-13 16:30:46.358   671   671 D vold    : Installed de key for user 0
03-13 16:30:46.358   671   671 D vold    : fscrypt_prepare_user_storage for volume null, user 0, serial 0, flags 1
03-13 16:30:46.358   671   671 D vold    : Preparing: /data/system/users/0
03-13 16:30:46.359   671   671 D vold    : Preparing: /data/misc/profiles/cur/0
03-13 16:30:46.359   671   671 D vold    : Preparing: /data/system_de/0
03-13 16:30:46.359   671   671 D vold    : Preparing: /data/misc_de/0
03-13 16:30:46.359   671   671 D vold    : Preparing: /data/vendor_de/0
03-13 16:30:46.360   671   671 D vold    : Preparing: /data/user_de/0
03-13 16:30:46.360   671   671 I vold    : Verified that /data/system_de/0 has the encryption policy e2c5f17aa6e59fef v1 modes 127/4 flags 0x0
03-13 16:30:46.360   671   671 I vold    : Verified that /data/misc_de/0 has the encryption policy e2c5f17aa6e59fef v1 modes 127/4 flags 0x0
03-13 16:30:46.360   671   671 I vold    : Verified that /data/vendor_de/0 has the encryption policy e2c5f17aa6e59fef v1 modes 127/4 flags 0x0
03-13 16:30:46.360   671   671 I vold    : Verified that /data/user_de/0 has the encryption policy e2c5f17aa6e59fef v1 modes 127/4 flags 0x0
03-13 16:30:46.360   671   671 D vold    : /system/bin/vold_prepare_subdirs
03-13 16:30:46.360   671   671 D vold    :     prepare
03-13 16:30:46.360   671   671 D vold    :     
03-13 16:30:46.360   671   671 D vold    :     0
03-13 16:30:46.360   671   671 D vold    :     1
03-13 16:30:46.369   833   833 D vold_prepare_subdirs: Setting up mode 700 uid 0 gid 0 context u:object_r:vold_data_file:s0 on path: /data/misc_de/0/vold
03-13 16:30:46.370   833   833 D vold_prepare_subdirs: Setting up mode 700 uid 0 gid 0 context u:object_r:storaged_data_file:s0 on path: /data/misc_de/0/storaged
03-13 16:30:46.371   833   833 D vold_prepare_subdirs: Setting up mode 700 uid 0 gid 0 context u:object_r:rollback_data_file:s0 on path: /data/misc_de/0/rollback
03-13 16:30:46.371   833   833 D vold_prepare_subdirs: Setting up mode 700 uid 0 gid 0 context u:object_r:apex_rollback_data_file:s0 on path: /data/misc_de/0/apexrollback
03-13 16:30:46.371   833   833 D vold_prepare_subdirs: Setting up mode 711 uid 0 gid 0 context u:object_r:apex_module_data_file:s0 on path: /data/misc_de/0/apexdata
03-13 16:30:46.372   833   833 D vold_prepare_subdirs: Setting up mode 771 uid 0 gid 1000 context u:object_r:apex_module_data_file:s0 on path: /data/misc_de/0/apexdata/com.android.media.swcodec
03-13 16:30:46.372   833   833 D vold_prepare_subdirs: Setting up mode 771 uid 0 gid 1000 context u:object_r:apex_wifi_data_file:s0 on path: /data/misc_de/0/apexdata/com.android.wifi
03-13 16:30:46.372   689   689 I sscrpcd : remote_handle_open: Successfully opened handle 0x7f for '":;./\createstaticpd:sensorspd on domain 2
03-13 16:30:46.372   689   689 E sscrpcd : Error 0xffffffff: apps_dev_init failed for domain 2, errno Transport endpoint is not connected
03-13 16:30:46.372   689   689 E sscrpcd : Error 0xffffffff: open_dev (-1) failed for domain 2
03-13 16:30:46.373   689   689 E sscrpcd : vendor/qcom/proprietary/sensors-see/sscrpcd/src/sscrpcd.cpp:42:adsp daemon will restart after 25ms...
03-13 16:30:46.373   833   833 D vold_prepare_subdirs: Setting up mode 771 uid 0 gid 1000 context u:object_r:apex_module_data_file:s0 on path: /data/misc_de/0/apexdata/com.android.media
03-13 16:30:46.373   833   833 D vold_prepare_subdirs: Setting up mode 771 uid 0 gid 1000 context u:object_r:apex_module_data_file:s0 on path: /data/misc_de/0/apexdata/com.android.mediaprovider
03-13 16:30:46.373   833   833 D vold_prepare_subdirs: Setting up mode 771 uid 0 gid 1000 context u:object_r:apex_module_data_file:s0 on path: /data/misc_de/0/apexdata/com.android.apex.cts.shim
03-13 16:30:46.374   833   833 D vold_prepare_subdirs: Setting up mode 771 uid 0 gid 1000 context u:object_r:apex_module_data_file:s0 on path: /data/misc_de/0/apexdata/com.android.resolv
03-13 16:30:46.374   833   833 D vold_prepare_subdirs: Setting up mode 771 uid 0 gid 1000 context u:object_r:apex_module_data_file:s0 on path: /data/misc_de/0/apexdata/com.android.conscrypt
03-13 16:30:46.374   833   833 D vold_prepare_subdirs: Setting up mode 771 uid 0 gid 1000 context u:object_r:apex_module_data_file:s0 on path: /data/misc_de/0/apexdata/com.android.sdkext
