03-13 19:40:43.005   936   936 W SDM     : DisplayBase::GetColorPrimariesFromAttribute: Native Gamut found, returning default: sRGB
03-13 19:40:43.006     0     0 I         : @0 get_param_by_index_and_offset[79]  sid_index = 13 offset = 36 buf = 00000000b3c8bb59 length = 4
03-13 19:40:43.007   961   989 D OPParam : Start run init thread
03-13 19:40:43.007   979   979 I HidlServiceManagement: Registered vendor.qti.hardware.qteeconnector@1.0::IAppConnector/default (start delay of 33ms)
03-13 19:40:43.007     0     0 I         : @0 get_param_by_index_and_offset[79]  sid_index = 308 offset = 0 buf = 0000000050b29a9c length = 1024
03-13 19:40:43.007     0     0 I         : @0 get_param_by_index_and_offset[79]  sid_index = 309 offset = 0 buf = 0000000050b29a9c length = 1024
03-13 19:40:43.007     0     0 I         : @0 get_param_by_index_and_offset[79]  sid_index = 310 offset = 0 buf = 0000000050b29a9c length = 1024
03-13 19:40:43.007     0     0 I         : @0 get_param_by_index_and_offset[79]  sid_index = 311 offset = 0 buf = 0000000050b29a9c length = 1024
03-13 19:40:43.007   979   979 I HidlServiceManagement: Removing namespace from process name vendor.qti.hardware.qteeconnector@1.0-service to qteeconnector@1.0-service.
03-13 19:40:43.007     0     0 I         : @0 get_param_by_index_and_offset[79]  sid_index = 820 offset = 0 buf = 0000000050b29a9c length = 1024
03-13 19:40:43.007     0     0 I         : @0 get_param_by_index_and_offset[79]  sid_index = 821 offset = 0 buf = 0000000050b29a9c length = 1024
03-13 19:40:43.007     0     0 I         : @0 get_param_by_index_and_offset[79]  sid_index = 822 offset = 0 buf = 0000000050b29a9c length = 1024
03-13 19:40:43.007     0     0 I         : @0 get_param_by_index_and_offset[79]  sid_index = 823 offset = 0 buf = 0000000050b29a9c length = 1024
03-13 19:40:43.007   961   989 D OPParamENC: Start checking if 308 is encrypted
03-13 19:40:43.007   961   989 D OPParamENC: Start checking primary region of 308
03-13 19:40:43.007   961   989 D OPParamENC: Buffer is enc
03-13 19:40:43.007   961   989 D OPParamENC: Start checking backup region of 308
03-13 19:40:43.007   961   989 D OPParamENC: Buffer is enc
03-13 19:40:43.007   961   989 D OPParamENC: Verify SID 308 success
03-13 19:40:43.008     0     0 I         : @0 get_param_by_index_and_offset[79]  sid_index = 308 offset = 0 buf = 0000000050b29a9c length = 1024
03-13 19:40:43.008     0     0 I         : @0 get_param_by_index_and_offset[79]  sid_index = 309 offset = 0 buf = 0000000050b29a9c length = 1024
03-13 19:40:43.008     0     0 I         : @0 get_param_by_index_and_offset[79]  sid_index = 310 offset = 0 buf = 0000000050b29a9c length = 1024
03-13 19:40:43.008     0     0 I         : @0 get_param_by_index_and_offset[79]  sid_index = 311 offset = 0 buf = 0000000050b29a9c length = 1024
03-13 19:40:43.008   961   989 D OPParamENC: No need to init 32
03-13 19:40:43.008   961   989 D OPParamENC: Get PROP_SLOT success
03-13 19:40:43.008   961   989 D OPParamENC: Get 34 or 36 buffer success
03-13 19:40:43.008   961   990 W libc    : Unable to set property "ro.boot.prmfc" to "62": error code: 0x18
03-13 19:40:43.008   961   989 D OPParamENC: Start migrating buf 34
03-13 19:40:43.008     0     0 I         : @5 get_param_by_index_and_offset[79]  sid_index = 13 offset = 40 buf = 0000000083f8ce9e length = 4
03-13 19:40:43.008     0     0 I         : @0 get_param_by_index_and_offset[79]  sid_index = 312 offset = 0 buf = 0000000050b29a9c length = 1024
03-13 19:40:43.008     0     0 I         : @0 get_param_by_index_and_offset[79]  sid_index = 313 offset = 0 buf = 0000000050b29a9c length = 1024
03-13 19:40:43.008     0     0 I         : @0 get_param_by_index_and_offset[79]  sid_index = 314 offset = 0 buf = 0000000050b29a9c length = 1024
03-13 19:40:43.008     0     0 I         : @0 get_param_by_index_and_offset[79]  sid_index = 315 offset = 0 buf = 0000000050b29a9c length = 1024
03-13 19:40:43.008     0     0 I         : @0 get_param_by_index_and_offset[79]  sid_index = 824 offset = 0 buf = 0000000050b29a9c length = 1024
03-13 19:40:43.008     0     0 I         : @0 get_param_by_index_and_offset[79]  sid_index = 825 offset = 0 buf = 0000000050b29a9c length = 1024
03-13 19:40:43.008     0     0 I         : @0 get_param_by_index_and_offset[79]  sid_index = 826 offset = 0 buf = 0000000050b29a9c length = 1024
03-13 19:40:43.008     0     0 I         : @0 get_param_by_index_and_offset[79]  sid_index = 827 offset = 0 buf = 0000000050b29a9c length = 1024
03-13 19:40:43.008     0     0 I         : @0 get_param_by_index_and_offset[79]  sid_index = 312 offset = 0 buf = 0000000050b29a9c length = 1024
03-13 19:40:43.008     0     0 I         : @0 get_param_by_index_and_offset[79]  sid_index = 313 offset = 0 buf = 0000000050b29a9c length = 1024
03-13 19:40:43.008     0     0 I         : @0 get_param_by_index_and_offset[79]  sid_index = 314 offset = 0 buf = 0000000050b29a9c length = 1024
03-13 19:40:43.008     0     0 I         : @0 get_param_by_index_and_offset[79]  sid_index = 315 offset = 0 buf = 0000000050b29a9c length = 1024
03-13 19:40:43.008     0     0 I         : @0 set_param_by_index_and_offset[104]sid_index = 312 offset = 0 buf = 0000000050b29a9c length = 1024
03-13 19:40:43.009     0     0 E         : @0 open file /dev/block/bootdevice/by-name/param failed.(-13)
03-13 19:40:43.009     0     0 I         : @0 Error write param partition.(-13)
03-13 19:40:43.009     0     0 E         : @0 set_param_by_index_and_offset failure -13
03-13 19:40:43.009     0     0 I         : @0 set_param_by_index_and_offset[104]sid_index = 824 offset = 0 buf = 0000000050b29a9c length = 1024
03-13 19:40:43.009     0     0 E         : @0 open file /dev/block/bootdevice/by-name/param failed.(-13)
03-13 19:40:43.009     0     0 I         : @0 Error write param partition.(-13)
03-13 19:40:43.009     0     0 E         : @0 set_param_by_index_and_offset failure -13
03-13 19:40:43.009     0     0 I         : @0 get_param_by_index_and_offset[79]  sid_index = 312 offset = 0 buf = 0000000050b29a9c length = 1024
03-13 19:40:43.009     0     0 I         : @0 get_param_by_index_and_offset[79]  sid_index = 313 offset = 0 buf = 0000000050b29a9c length = 1024
03-13 19:40:43.009     0     0 I         : @0 get_param_by_index_and_offset[79]  sid_index = 314 offset = 0 buf = 0000000050b29a9c length = 1024
03-13 19:40:43.009     0     0 I         : @0 get_param_by_index_and_offset[79]  sid_index = 315 offset = 0 buf = 0000000050b29a9c length = 1024
03-13 19:40:43.009     0     0 I         : @0 get_param_by_index_and_offset[79]  sid_index = 824 offset = 0 buf = 0000000050b29a9c length = 1024
03-13 19:40:43.009     0     0 I         : @0 get_param_by_index_and_offset[79]  sid_index = 825 offset = 0 buf = 0000000050b29a9c length = 1024
03-13 19:40:43.009     0     0 I         : @0 get_param_by_index_and_offset[79]  sid_index = 826 offset = 0 buf = 0000000050b29a9c length = 1024
03-13 19:40:43.009     0     0 I         : @0 get_param_by_index_and_offset[79]  sid_index = 827 offset = 0 buf = 0000000050b29a9c length = 1024
03-13 19:40:43.070     0     0 W @7 QSEECOM: qseecom_load_app: App (soter64) does'nt exist, loading apps for first time
03-13 19:40:43.071  1016  1016 I irsc_util: Starting irsc tool
03-13 19:40:43.072     0     0 I @5 sysmon-qmi: ssctl_new_server: Connection established between QMI handle and slpi's SSCTL service
03-13 19:40:43.073     0     0 I         : @6 coresight-remote-etm soc:ssc_etm0: Connection established between QMI handle and 8 service
03-13 19:40:43.073     0     0 E @6 diag : In diag_send_feature_mask_update, control channel is not open, p: 3, 0000000000000000
03-13 19:40:43.073     0     0 E @5 diag : In diag_send_peripheral_buffering_mode, buffering flag not set for 3
03-13 19:40:43.073     0     0 E @5 diag : In diag_send_feature_mask_update, control channel is not open, p: 5, 0000000000000000
03-13 19:40:43.073  1016  1016 I irsc_util: Num of entries:297
03-13 19:40:43.074  1016  1016 I irsc_util: Ending irsc tool
03-13 19:40:43.074     0     0 I @4 sysmon-qmi: ssctl_new_server: Connection established between QMI handle and adsp's SSCTL service
03-13 19:40:43.074     0     0 I @4 sysmon-qmi: ssctl_new_server: Connection established between QMI handle and cdsp's SSCTL service
03-13 19:40:43.074     0     0 E @4 diag : In diag_send_feature_mask_update, control channel is not open, p: 1, 0000000000000000
03-13 19:40:43.074     0     0 I         : @4 coresight-remote-etm soc:turing_etm0: Connection established between QMI handle and 13 service
03-13 19:40:43.074     0     0 I         : @4 coresight-remote-etm soc:audio_etm0: Connection established between QMI handle and 5 service
03-13 19:40:43.074     0     0 E @4 diag : In diag_send_peripheral_buffering_mode, buffering flag not set for 5
03-13 19:40:43.075     0     0 E @6 diag : In diag_send_peripheral_buffering_mode, buffering flag not set for 1
03-13 19:40:43.086     0     0 I @5 sps  : BAM 0x0000000017184000 (va:0x0000000000000000) enabled: ver:0x19, number of pipes:25
03-13 19:40:43.086     0     0 I @5 sps  : BAM 0x0000000017184000 is registered.
03-13 19:40:43.089     0     0 I         : @5 wcd-slim tavil-slim-pgd: msm_cdc_dt_parse_vreg_info: cdc-buck-sido: vol=[1800000 1800000]uV, curr=[500000]uA, ond 0
03-13 19:40:43.089     0     0 I         : @5 wcd-slim tavil-slim-pgd: msm_cdc_dt_parse_vreg_info: cdc-vdd-tx-h: vol=[1800000 1800000]uV, curr=[25000]uA, ond 0
03-13 19:40:43.089     0     0 I         : @5 wcd-slim tavil-slim-pgd: msm_cdc_dt_parse_vreg_info: cdc-vdd-rx-h: vol=[1800000 1800000]uV, curr=[25000]uA, ond 0
03-13 19:40:43.089     0     0 I         : @5 wcd-slim tavil-slim-pgd: msm_cdc_dt_parse_vreg_info: cdc-vddpx-1: vol=[1800000 1800000]uV, curr=[10000]uA, ond 0
03-13 19:40:43.089     0     0 I         : @5 wcd-slim tavil-slim-pgd: msm_cdc_dt_parse_vreg_info: cdc-vdd-3v3: vol=[3300000 3300000]uV, curr=[16800]uA, ond 0
03-13 19:40:43.089     0     0 I         : @5 wcd-slim tavil-slim-pgd: wcd9xxx_slim_probe: probing for wcd type: 4, name: tavil-slim-pgd
03-13 19:40:43.090     0     0 E slimbus sb-1: of_slim: invalid E-addr
03-13 19:40:43.090     0     0 I wcd-slim tavil-slim-pgd: msm_cdc_dt_parse_vreg_info: cdc-vdd-buck: vol=[1800000 1800000]uV, curr=[650000]uA, ond 0
03-13 19:40:43.095     0     0 I @4 sps  : BAM 0x0000000017204000 (va:0x0000000000000000) enabled: ver:0x19, number of pipes:13
03-13 19:40:43.095     0     0 I @4 sps  : BAM 0x0000000017204000 is registered.
03-13 19:40:43.096     0     0 E @7 rmt_storage: INFO:oem_remote_storage_parse_partitions: Registering oem_dycnvbk: 9, /oem/nvbk/dynamic
03-13 19:40:43.096     0     0 E @7 rmt_storage: INFO:oem_remote_storage_parse_partitions: Registering oem_stanvbk: 10, /oem/nvbk/static
03-13 19:40:43.096     0     0 E @5 dashd: dashd_main enterd
03-13 19:40:43.096     0     0 E @5 dashd: run /system/bin/dashd ENGINE START!
03-13 19:40:43.096     0     0 I @5 FASTCHG: dash_dev_write: fw_ver_count=6528
03-13 19:40:43.096     0     0 E @5 dashd: THREAD is created!
03-13 19:40:43.099     0     0 E @6 rmt_storage: INFO:main: Done with init now waiting for messages!
03-13 19:40:43.099     0     0 E rmt_storage: INFO:check_support_using_libmdm: Modem subsystem found on target!
03-13 19:40:43.102     0     0 W @3 QSEECOM: qseecom_load_app: App with id 3 (soter64) now loaded
03-13 19:40:43.102     0     0 E @7 dashd: type=USB_PD, soc=69, temp=28, vbat=4077, ibat=-134
03-13 19:40:43.108     0     0 E @5 dashd: THREAD running
03-13 19:40:43.108     0     0 E @5 dashd: dash read
03-13 19:40:43.116     0     0 E         : @6 slimbus sb-3: of_slim: invalid E-addr
03-13 19:40:43.116     0     0 W cam-a5 ac00000.qcom,a5: loading /vendor/firmware_mnt/image/CAMERA_ICP.elf failed with error -13
03-13 19:40:43.120     0     0 I @2 ueventd: firmware: loading 'CAMERA_ICP.elf' for '/devices/platform/soc/ac00000.qcom,a5/firmware/CAMERA_ICP.elf'
03-13 19:40:43.130     0     0 I @0 ueventd: loading /devices/platform/soc/ac00000.qcom,a5/firmware/CAMERA_ICP.elf took 11ms
03-13 19:40:43.134     0     0 I @7 servloc: service_locator_new_server: Connection established with the Service locator
03-13 19:40:43.134     0     0 I @7 servloc: init_service_locator: Service locator initialized
03-13 19:40:43.136     0     0 I @6 ADSPRPC: audio_pdr_adsprpc is uninitialzed
03-13 19:40:43.136     0     0 I @2 audio_notifer_reg_service: service PDR_ADSP is in use
03-13 19:40:43.136     0     0 I @5 service-notifier: service_notifier_new_server: Connection established between QMI handle and 74 service
03-13 19:40:43.136     0     0 I @5 apr_adsp_up: Q6 is Up
03-13 19:40:43.137     0     0 I @5 iommu: Adding device soc:qcom,msm-audio-apr:qcom,msm-audio-ion to group 59
03-13 19:40:43.139     0     0 I @5 populate_snd_card_dailinks: add smartpa dai link is successful!
03-13 19:40:43.139     0     0 W         : @5 sm8150-asoc-snd soc:qcom,msm-audio-apr:sound-tavil: msm_init_wsa_dev: Max WSA devices is 0 for this target?
03-13 19:40:43.139     0     0 E         : @5 sm8150-asoc-snd soc:qcom,msm-audio-apr:sound-tavil: ASoC: platform /soc/qcom,msm-pcm-voice not registered
03-13 19:40:43.141     0     0 I @7 populate_snd_card_dailinks: add smartpa dai link is successful!
03-13 19:40:43.142     0     0 W         : @7 sm8150-asoc-snd soc:qcom,msm-audio-apr:sound-tavil: msm_init_wsa_dev: Max WSA devices is 0 for this target?
03-13 19:40:43.142     0     0 E         : @7 sm8150-asoc-snd soc:qcom,msm-audio-apr:sound-tavil: ASoC: CODEC DAI tavil_rx2 not registered
03-13 19:40:43.142     0     0 I @5 CAM_INFO: CAM-ICP: cam_icp_mgr_hw_open: 3037 FW download done successfully
03-13 19:40:43.142     0     0 I @5 CAM_INFO: CAM-UTIL: cam_soc_util_clk_disable: 577 disable ipe_1_clk
03-13 19:40:43.142     0     0 I @5 CAM_INFO: CAM-UTIL: cam_soc_util_clk_disable: 577 disable ipe_1_clk_src
03-13 19:40:43.142     0     0 I @5 CAM_INFO: CAM-UTIL: cam_soc_util_clk_disable: 577 disable ipe_1_axi_clk
03-13 19:40:43.142     0     0 I @5 CAM_INFO: CAM-UTIL: cam_soc_util_clk_disable: 577 disable ipe_1_areg_clk
03-13 19:40:43.142     0     0 I @5 CAM_INFO: CAM-UTIL: cam_soc_util_clk_disable: 577 disable ipe_1_ahb_clk
03-13 19:40:43.143     0     0 I @4 CAM_INFO: CAM-UTIL: cam_soc_util_clk_disable: 577 disable ipe_0_clk
03-13 19:40:43.143     0     0 I @4 CAM_INFO: CAM-UTIL: cam_soc_util_clk_disable: 577 disable ipe_0_clk_src
03-13 19:40:43.143     0     0 I @4 CAM_INFO: CAM-UTIL: cam_soc_util_clk_disable: 577 disable ipe_0_axi_clk
03-13 19:40:43.143     0     0 I @4 CAM_INFO: CAM-UTIL: cam_soc_util_clk_disable: 577 disable ipe_0_areg_clk
03-13 19:40:43.143     0     0 I @4 CAM_INFO: CAM-UTIL: cam_soc_util_clk_disable: 577 disable ipe_0_ahb_clk
03-13 19:40:43.144     0     0 I @7 CAM_INFO: CAM-UTIL: cam_soc_util_clk_disable: 577 disable bps_clk
03-13 19:40:43.144     0     0 I @7 CAM_INFO: CAM-UTIL: cam_soc_util_clk_disable: 577 disable bps_clk_src
03-13 19:40:43.144     0     0 I @7 CAM_INFO: CAM-UTIL: cam_soc_util_clk_disable: 577 disable bps_axi_clk
03-13 19:40:43.144     0     0 I @7 CAM_INFO: CAM-UTIL: cam_soc_util_clk_disable: 577 disable bps_areg_clk
03-13 19:40:43.144     0     0 I @7 CAM_INFO: CAM-UTIL: cam_soc_util_clk_disable: 577 disable bps_ahb_clk
03-13 19:40:43.154     0     0 I @4 slimbus: 1 laddr:0xcf, EAPC:0x1:0x50
03-13 19:40:43.155     0     0 I @6 slimbus: 1 laddr:0xce, EAPC:0x0:0x50
03-13 19:40:43.156     0     0 I wcd-slim tavil-slim-pgd: wcd9xxx_slim_device_up: slim device up, dev_up = 1
03-13 19:40:43.157     0     0 I subsys-restart: __subsystem_get(): Changing subsys fw_name to venus
03-13 19:40:43.157     0     0 I         : @7 wcd-slim tavil-slim-pgd: wcd934x_get_cdc_info: wcd9xxx chip id major 0x108, minor 0x1
03-13 19:40:43.158     0     0 I         : @7 subsys-pil-tz aae0000.qcom,venus: venus: loading from 0x0000000097200000 to 0x0000000097700000
03-13 19:40:43.164     0     0 I @6 CAM_INFO: CAM-UTIL: cam_soc_util_clk_disable: 577 disable icp_clk
03-13 19:40:43.164     0     0 I @6 CAM_INFO: CAM-UTIL: cam_soc_util_clk_disable: 577 disable icp_clk_src
03-13 19:40:43.164     0     0 I @6 CAM_INFO: CAM-UTIL: cam_soc_util_clk_disable: 577 disable icp_ahb_clk
03-13 19:40:43.164     0     0 I @6 CAM_INFO: CAM-UTIL: cam_soc_util_clk_disable: 577 disable soc_fast_ahb
03-13 19:40:43.164     0     0 I @6 CAM_INFO: CAM-UTIL: cam_soc_util_clk_disable: 577 disable camnoc_axi_clk
03-13 19:40:43.164     0     0 I @6 CAM_INFO: CAM-UTIL: cam_soc_util_clk_disable: 577 disable camnoc_axi_clk_src
03-13 19:40:43.164     0     0 I @6 CAM_INFO: CAM-UTIL: cam_soc_util_clk_disable: 577 disable cpas_ahb_clk
03-13 19:40:43.164     0     0 I @6 CAM_INFO: CAM-UTIL: cam_soc_util_clk_disable: 577 disable slow_ahb_clk_src
03-13 19:40:43.164     0     0 I @6 CAM_INFO: CAM-UTIL: cam_soc_util_clk_disable: 577 disable gcc_axi_sf_clk
03-13 19:40:43.164     0     0 I @6 CAM_INFO: CAM-UTIL: cam_soc_util_clk_disable: 577 disable gcc_axi_hf_clk
03-13 19:40:43.164     0     0 I @6 CAM_INFO: CAM-UTIL: cam_soc_util_clk_disable: 577 disable gcc_ahb_clk
03-13 19:40:43.174     0     0 I         : @1 subsys-pil-tz aae0000.qcom,venus: venus: Brought out of reset
03-13 19:40:43.174  1036  1036 I audioserver: ServiceManager: 0x79bcd71330
03-13 19:40:43.175  1036  1036 W BatteryNotifier: batterystats service unavailable!
03-13 19:40:43.177   629   629 I hwservicemanager: getTransport: Cannot find entry android.hardware.audio@6.0::IDevicesFactory/default in either framework or device manifest.
03-13 19:40:43.177     0     0 I @5 populate_snd_card_dailinks: add smartpa dai link is successful!
03-13 19:40:43.178     0     0 W         : @5 sm8150-asoc-snd soc:qcom,msm-audio-apr:sound-tavil: msm_init_wsa_dev: Max WSA devices is 0 for this target?
03-13 19:40:43.178     0     0 E         : @5 sm8150-asoc-snd soc:qcom,msm-audio-apr:sound-tavil: ASoC: CODEC DAI tavil_rx2 not registered
03-13 19:40:43.181     1     1 W /system/bin/init: type=1107 audit(0.0:24): uid=0 auid=4294967295 ses=4294967295 subj=u:r:init:s0 msg='avc: denied { set } for property=ctl.start$console pid=1081 uid=0 gid=0 scontext=u:r:vendor_qti_init_shell:s0 tcontext=u:object_r:ctl_start_prop:s0 tclass=property_service permissive=0'
03-13 19:40:43.183     0     0 I         : @4 Mass Storage Function, version: 2009/09/11
03-13 19:40:43.183     0     0 I @4 LUN  : removable read only CD-ROM file: (no medium)
03-13 19:40:43.186   928   928 E CamX    : [ERROR][UTILS  ] camxosutilslinux.cpp:884 LibMap() dlopen: dlopen failed: cannot locate symbol "__cxa_demangle" referenced by "/vendor/lib64/libvidhance.so"..., on '/vendor/lib64/camera/components/com.oneplus.node.eis.so'
03-13 19:40:43.187   862   862 I ServiceManager: Waiting for service 'statscompanion' on '/dev/binder'...
03-13 19:40:43.190  1043  1043 I SurfaceFlinger: Using HWComposer service: 'default'
03-13 19:40:43.190  1043  1043 I SurfaceFlinger: SurfaceFlinger is starting
03-13 19:40:43.191   629   629 I hwservicemanager: getTransport: Cannot find entry android.hardware.audio.effect@6.0::IEffectsFactory/default in either framework or device manifest.
03-13 19:40:43.191     0     0 I         : @6 file system registered
03-13 19:40:43.192  1081  1081 W libc    : Unable to set property "ctl.start" to "console": error code: 0x20
03-13 19:40:43.194  1043  1043 I SurfaceFlinger: Disabling backpressure propagation
03-13 19:40:43.194  1043  1043 I SurfaceFlinger: Enabling HWC virtual displays
03-13 19:40:43.194  1043  1043 I SurfaceFlinger: Disabling blur effects, they are not supported.
03-13 19:40:43.194  1043  1043 I SurfaceFlinger: Treble testing override: 'false'
03-13 19:40:43.196  1036  1036 I ServiceManager: Waiting for service 'media.metrics' on '/dev/binder'...
03-13 19:40:43.196     0     0 I @1 f_cdev_alloc: port_name:at_usb0 (0000000000000000) portno:(0)
03-13 19:40:43.196     0     0 I @6 msm_vidc: fw: <VFW_E:HostDr:unkn:--------:-> VenusHostDriver_SetSysProperty(1009): QC_IMAGE_VERSION_STRING=VIDEO.IR.1.2-00031-PROD-1.261943.2
03-13 19:40:43.196     0     0 I @6 msm_vidc: fw: <VFW_E:HostDr:unkn:--------:-> VenusHostDriver_SetSysProperty(1012): BUILD_TIME: Mar 13 2020 03:11:24
03-13 19:40:43.197  1006  1006 I QC2V4l2Driver: [c2.qti.avc.decoder] Device /dev/video32 opened with fd: 7
03-13 19:40:43.197   864   864 W zygote64: JNI RegisterNativeMethods: attempt to register 0 native methods for android.media.AudioAttributes
03-13 19:40:43.197   865   865 W zygote  : JNI RegisterNativeMethods: attempt to register 0 native methods for android.media.AudioAttributes
03-13 19:40:43.197     0     0 I msm_vidc: fw: <VFW_E:HostDr:unkn:--------:->
03-13 19:40:43.197     0     0 I msm_vidc: fw: <VFW_E:HostDr:unkn:--------:->
03-13 19:40:43.199     0     0 I @7 f_cdev_alloc: port_name:at_usb1 (0000000000000000) portno:(1)
03-13 19:40:43.200     0     0 I @6 msm_vidc: fw: <VFW_E:HostDr:unkn:--------:-> VenusHostDriver_SetSysProperty(1009): QC_IMAGE_VERSION_STRING=VIDEO.IR.1.2-00031-PROD-1.261943.2
03-13 19:40:43.200     0     0 I @6 msm_vidc: fw: <VFW_E:HostDr:unkn:--------:-> VenusHostDriver_SetSysProperty(1012): BUILD_TIME: Mar 13 2020 03:11:24
03-13 19:40:43.200     0     0 I @6 msm_vidc: err: This control 980928 is not supported yet
03-13 19:40:43.201  1006  1006 I QC2Comp : codec capability queried!
03-13 19:40:43.201     0     0 I @7 f_cdev_alloc: port_name:at_usb2 (0000000000000000) portno:(2)
03-13 19:40:43.201     0     0 I msm_vidc: fw: <VFW_E:HostDr:unkn:--------:->
03-13 19:40:43.201     0     0 I msm_vidc: fw: <VFW_E:HostDr:unkn:--------:->
03-13 19:40:43.202  1006  1006 I QC2V4l2Driver: [c2.qti.avc.decoder] Closed device driver with fd: 7
03-13 19:40:43.202  1006  1006 I QC2CompStore: Added capabilities for c2.qti.avc.decoder
03-13 19:40:43.202  1006  1006 I QC2V4l2Driver: [c2.qti.avc.decoder.low_latency] Device /dev/video32 opened with fd: 7
03-13 19:40:43.203  1043  1043 E Dolphin : [JR10:1][GFAR10:0][GFAR20:0][PHR:0]
03-13 19:40:43.205  1043  1043 I SurfaceFlinger: SurfaceFlinger's main thread ready to run. Initializing graphics H/W...
03-13 19:40:43.205  1043  1043 D RenderEngine: RenderEngine GLES Backend
03-13 19:40:43.206     0     0 I @7 msm_vidc: fw: <VFW_E:HostDr:unkn:--------:-> VenusHostDriver_SetSysProperty(1009): QC_IMAGE_VERSION_STRING=VIDEO.IR.1.2-00031-PROD-1.261943.2
03-13 19:40:43.206     0     0 I @7 msm_vidc: fw: <VFW_E:HostDr:unkn:--------:-> VenusHostDriver_SetSysProperty(1012): BUILD_TIME: Mar 13 2020 03:11:24
03-13 19:40:43.206     0     0 I @6 msm_vidc: err: This control 980928 is not supported yet
03-13 19:40:43.206  1006  1006 I QC2Comp : codec capability queried!
03-13 19:40:43.207     0     0 I msm_vidc: fw: <VFW_E:HostDr:unkn:--------:->
03-13 19:40:43.207     0     0 I msm_vidc: fw: <VFW_E:HostDr:unkn:--------:->
03-13 19:40:43.207     0     0 W         : @4 using random self ethernet address
03-13 19:40:43.207     0     0 W         : @4 using random host ethernet address
03-13 19:40:43.207  1006  1006 I QC2V4l2Driver: [c2.qti.avc.decoder.low_latency] Closed device driver with fd: 7
03-13 19:40:43.207  1006  1006 I QC2CompStore: Added capabilities for c2.qti.avc.decoder.low_latency
03-13 19:40:43.208  1006  1006 I QC2V4l2Driver: [c2.qti.avc.decoder.secure] Device /dev/video32 opened with fd: 7
03-13 19:40:43.208   864   864 D Zygote  : begin preload
03-13 19:40:43.208   864   864 I Zygote  : Calling ZygoteHooks.beginPreload()
03-13 19:40:43.208  1043  1043 D libEGL  : loaded /vendor/lib64/egl/libEGL_adreno.so
03-13 19:40:43.211     0     0 I @6 msm_vidc: fw: <VFW_E:HostDr:unkn:--------:-> VenusHostDriver_SetSysProperty(1009): QC_IMAGE_VERSION_STRING=VIDEO.IR.1.2-00031-PROD-1.261943.2
03-13 19:40:43.211     0     0 I @6 msm_vidc: fw: <VFW_E:HostDr:unkn:--------:-> VenusHostDriver_SetSysProperty(1012): BUILD_TIME: Mar 13 2020 03:11:24
03-13 19:40:43.211     0     0 I @4 msm_vidc: err: This control 980928 is not supported yet
03-13 19:40:43.211     0     0 I msm_vidc: fw: <VFW_E:HostDr:unkn:--------:->
03-13 19:40:43.211     0     0 I msm_vidc: fw: <VFW_E:HostDr:unkn:--------:->
03-13 19:40:43.212  1006  1006 I QC2Comp : codec capability queried!
03-13 19:40:43.212  1006  1006 I QC2V4l2Driver: [c2.qti.avc.decoder.secure] Closed device driver with fd: 7
03-13 19:40:43.213  1006  1006 I QC2CompStore: Added capabilities for c2.qti.avc.decoder.secure
03-13 19:40:43.213  1006  1006 I QC2V4l2Driver: [c2.qti.avc.encoder] Device /dev/video33 opened with fd: 7
03-13 19:40:43.213  1006  1006 E QC2V4l2Driver: [c2.qti.avc.encoder] failed to set buffer size limit to 4
03-13 19:40:43.214     0     0 I @5 msm_vidc: fw: <VFW_E:HostDr:unkn:--------:-> VenusHostDriver_SetSysProperty(1009): QC_IMAGE_VERSION_STRING=VIDEO.IR.1.2-00031-PROD-1.261943.2
03-13 19:40:43.214     0     0 I @5 msm_vidc: fw: <VFW_E:HostDr:unkn:--------:-> VenusHostDriver_SetSysProperty(1012): BUILD_TIME: Mar 13 2020 03:11:24
03-13 19:40:43.214     0     0 I msm_vidc: fw: <VFW_E:HostDr:unkn:--------:->
03-13 19:40:43.214     0     0 I msm_vidc: fw: <VFW_E:HostDr:unkn:--------:->
03-13 19:40:43.214     0     0 I @4 msm_vidc: err: This control 980927 is not supported yet
03-13 19:40:43.215  1006  1006 I QC2Comp : codec capability queried!
03-13 19:40:43.216  1006  1006 I QC2V4l2Driver: [c2.qti.avc.encoder] Closed device driver with fd: 7
03-13 19:40:43.216  1006  1006 I QC2CompStore: Added capabilities for c2.qti.avc.encoder
03-13 19:40:43.216  1006  1006 I QC2V4l2Driver: [c2.qti.heic.encoder] Device /dev/video33 opened with fd: 7
03-13 19:40:43.216  1006  1006 E QC2V4l2Driver: [c2.qti.heic.encoder] failed to set buffer size limit to 4
03-13 19:40:43.216   865   865 I zygote  : Explicit concurrent copying GC freed 709(72KB) AllocSpace objects, 0(0B) LOS objects, 99% free, 104KB/24MB, paused 325us total 5.385ms
03-13 19:40:43.217     0     0 I @4 msm_vidc: fw: <VFW_E:HostDr:unkn:--------:-> VenusHostDriver_SetSysProperty(1009): QC_IMAGE_VERSION_STRING=VIDEO.IR.1.2-00031-PROD-1.261943.2
03-13 19:40:43.217     0     0 I @4 msm_vidc: fw: <VFW_E:HostDr:unkn:--------:-> VenusHostDriver_SetSysProperty(1012): BUILD_TIME: Mar 13 2020 03:11:24
03-13 19:40:43.217     0     0 I msm_vidc: fw: <VFW_E:HostDr:unkn:--------:->
03-13 19:40:43.217     0     0 I msm_vidc: fw: <VFW_E:HostDr:unkn:--------:->
03-13 19:40:43.217     0     0 I @3 msm_vidc: err: This control 980927 is not supported yet
03-13 19:40:43.218  1006  1006 I QC2Comp : codec capability queried!
03-13 19:40:43.219  1006  1006 I QC2V4l2Driver: [c2.qti.heic.encoder] Closed device driver with fd: 7
03-13 19:40:43.219  1006  1006 I QC2CompStore: Added capabilities for c2.qti.heic.encoder
03-13 19:40:43.219  1006  1006 I QC2V4l2Driver: [c2.qti.hevc.decoder] Device /dev/video32 opened with fd: 7
03-13 19:40:43.222     0     0 I @5 populate_snd_card_dailinks: add smartpa dai link is successful!
03-13 19:40:43.222   865   865 I zygote  : Explicit concurrent copying GC freed 33(45KB) AllocSpace objects, 0(0B) LOS objects, 99% free, 108KB/24MB, paused 21us total 5.426ms
03-13 19:40:43.222     0     0 W         : @5 sm8150-asoc-snd soc:qcom,msm-audio-apr:sound-tavil: msm_init_wsa_dev: Max WSA devices is 0 for this target?
03-13 19:40:43.223     0     0 E         : @5 sm8150-asoc-snd soc:qcom,msm-audio-apr:sound-tavil: ASoC: CODEC DAI btfm_bt_sco_a2dp_slim_rx not registered
03-13 19:40:43.223     0     0 I @4 msm_vidc: fw: <VFW_E:HostDr:unkn:--------:-> VenusHostDriver_SetSysProperty(1009): QC_IMAGE_VERSION_STRING=VIDEO.IR.1.2-00031-PROD-1.261943.2
03-13 19:40:43.223     0     0 I @4 msm_vidc: fw: <VFW_E:HostDr:unkn:--------:-> VenusHostDriver_SetSysProperty(1012): BUILD_TIME: Mar 13 2020 03:11:24
03-13 19:40:43.223     0     0 I @4 msm_vidc: err: This control 980928 is not supported yet
03-13 19:40:43.223     0     0 I msm_vidc: fw: <VFW_E:HostDr:unkn:--------:->
03-13 19:40:43.224     0     0 I msm_vidc: fw: <VFW_E:HostDr:unkn:--------:->
03-13 19:40:43.224  1006  1006 I QC2Comp : codec capability queried!
03-13 19:40:43.225     0     0 I @5 populate_snd_card_dailinks: add smartpa dai link is successful!
03-13 19:40:43.225  1006  1006 I QC2V4l2Driver: [c2.qti.hevc.decoder] Closed device driver with fd: 7
03-13 19:40:43.225  1006  1006 I QC2CompStore: Added capabilities for c2.qti.hevc.decoder
03-13 19:40:43.225  1006  1006 I QC2V4l2Driver: [c2.qti.hevc.decoder.secure] Device /dev/video32 opened with fd: 7
03-13 19:40:43.225     0     0 W         : @5 sm8150-asoc-snd soc:qcom,msm-audio-apr:sound-tavil: msm_init_wsa_dev: Max WSA devices is 0 for this target?
03-13 19:40:43.226     0     0 E         : @5 sm8150-asoc-snd soc:qcom,msm-audio-apr:sound-tavil: ASoC: CODEC DAI btfm_bt_sco_a2dp_slim_rx not registered
03-13 19:40:43.226   928   928 E CamX    : [ERROR][UTILS  ] camxosutilslinux.cpp:884 LibMap() dlopen: dlopen failed: cannot locate symbol "__cxa_demangle" referenced by "/vendor/lib64/libvidhance.so"..., on '/vendor/lib64/camera/components/com.vidhance.stats.aec_dmbr.so'
03-13 19:40:43.227   865   865 I Zygote  : Accepting command socket connections
03-13 19:40:43.228     0     0 I @5 populate_snd_card_dailinks: add smartpa dai link is successful!
03-13 19:40:43.228     0     0 I @4 msm_vidc: fw: <VFW_E:HostDr:unkn:--------:-> VenusHostDriver_SetSysProperty(1009): QC_IMAGE_VERSION_STRING=VIDEO.IR.1.2-00031-PROD-1.261943.2
03-13 19:40:43.228     0     0 I @4 msm_vidc: fw: <VFW_E:HostDr:unkn:--------:-> VenusHostDriver_SetSysProperty(1012): BUILD_TIME: Mar 13 2020 03:11:24
03-13 19:40:43.228     0     0 W         : @5 sm8150-asoc-snd soc:qcom,msm-audio-apr:sound-tavil: msm_init_wsa_dev: Max WSA devices is 0 for this target?
03-13 19:40:43.228     0     0 I @3 msm_vidc: err: This control 980928 is not supported yet
03-13 19:40:43.228   928   928 E CamX    : [ERROR][UTILS  ] camxosutilslinux.cpp:884 LibMap() dlopen: dlopen failed: cannot locate symbol "__cxa_demangle" referenced by "/vendor/lib64/libvidhance.so"..., on '/vendor/lib64/camera/components/com.vidhance.stats.aec_dmbr.so'
03-13 19:40:43.229   928   928 E CamX    : [ERROR][CHI    ] camxchicomponent.cpp:160 GetAECAlgorithmCallback() Failed to retrieve ChiAECAlgorithmEntry function address.
03-13 19:40:43.229     0     0 I         : @5 tavil_codec tavil_codec: tavil_soc_codec_probe()
03-13 19:40:43.229  1006  1006 I QC2Comp : codec capability queried!
03-13 19:40:43.230     0     0 I msm_vidc: fw: <VFW_E:HostDr:unkn:--------:->
03-13 19:40:43.230     0     0 I msm_vidc: fw: <VFW_E:HostDr:unkn:--------:->
03-13 19:40:43.231  1006  1006 I QC2V4l2Driver: [c2.qti.hevc.decoder.secure] Closed device driver with fd: 7
03-13 19:40:43.231  1006  1006 I QC2CompStore: Added capabilities for c2.qti.hevc.decoder.secure
03-13 19:40:43.231  1006  1006 I QC2V4l2Driver: [c2.qti.hevc.encoder] Device /dev/video33 opened with fd: 7
03-13 19:40:43.232  1006  1006 E QC2V4l2Driver: [c2.qti.hevc.encoder] failed to set buffer size limit to 4
03-13 19:40:43.232     0     0 I @5 msm_vidc: fw: <VFW_E:HostDr:unkn:--------:-> VenusHostDriver_SetSysProperty(1009): QC_IMAGE_VERSION_STRING=VIDEO.IR.1.2-00031-PROD-1.261943.2
03-13 19:40:43.232     0     0 I @5 msm_vidc: fw: <VFW_E:HostDr:unkn:--------:-> VenusHostDriver_SetSysProperty(1012): BUILD_TIME: Mar 13 2020 03:11:24
03-13 19:40:43.233     0     0 I @4 msm_vidc: err: This control 980927 is not supported yet
03-13 19:40:43.233     0     0 I msm_vidc: fw: <VFW_E:HostDr:unkn:--------:->
03-13 19:40:43.233     0     0 I msm_vidc: fw: <VFW_E:HostDr:unkn:--------:->
03-13 19:40:43.233  1006  1006 I QC2Comp : codec capability queried!
03-13 19:40:43.235  1006  1006 I QC2V4l2Driver: [c2.qti.hevc.encoder] Closed device driver with fd: 7
03-13 19:40:43.235  1006  1006 I QC2CompStore: Added capabilities for c2.qti.hevc.encoder
03-13 19:40:43.236  1006  1006 I QC2V4l2Driver: [c2.qti.hevc.encoder.cq] Device /dev/video33 opened with fd: 7
03-13 19:40:43.236  1006  1006 E QC2V4l2Driver: [c2.qti.hevc.encoder.cq] failed to set buffer size limit to 4
03-13 19:40:43.237     0     0 I @7 msm_vidc: fw: <VFW_E:HostDr:unkn:--------:-> VenusHostDriver_SetSysProperty(1009): QC_IMAGE_VERSION_STRING=VIDEO.IR.1.2-00031-PROD-1.261943.2
03-13 19:40:43.237     0     0 I @7 msm_vidc: fw: <VFW_E:HostDr:unkn:--------:-> VenusHostDriver_SetSysProperty(1012): BUILD_TIME: Mar 13 2020 03:11:24
03-13 19:40:43.237     0     0 I msm_vidc: fw: <VFW_E:HostDr:unkn:--------:->
03-13 19:40:43.237     0     0 I msm_vidc: fw: <VFW_E:HostDr:unkn:--------:->
03-13 19:40:43.237     0     0 I @5 msm_vidc: err: This control 980927 is not supported yet
03-13 19:40:43.240     0     0 I @5 msm_vidc: fw: <VFW_E:HostDr:unkn:--------:-> VenusHostDriver_SetSysProperty(1009): QC_IMAGE_VERSION_STRING=VIDEO.IR.1.2-00031-PROD-1.261943.2
03-13 19:40:43.240     0     0 I @5 msm_vidc: fw: <VFW_E:HostDr:unkn:--------:-> VenusHostDriver_SetSysProperty(1012): BUILD_TIME: Mar 13 2020 03:11:24
03-13 19:40:43.240     0     0 I @7 msm_vidc: err: This control 980928 is not supported yet
03-13 19:40:43.242     0     0 I msm_vidc: fw: <VFW_E:HostDr:unkn:--------:->
03-13 19:40:43.242     0     0 I msm_vidc: fw: <VFW_E:HostDr:unkn:--------:->
03-13 19:40:43.243     0     0 I @7 msm_vidc: fw: <VFW_E:HostDr:unkn:--------:-> VenusHostDriver_SetSysProperty(1009): QC_IMAGE_VERSION_STRING=VIDEO.IR.1.2-00031-PROD-1.261943.2
03-13 19:40:43.243     0     0 I @7 msm_vidc: fw: <VFW_E:HostDr:unkn:--------:-> VenusHostDriver_SetSysProperty(1012): BUILD_TIME: Mar 13 2020 03:11:24
03-13 19:40:43.243     0     0 I @1 msm_vidc: err: This control 980927 is not supported yet
03-13 19:40:43.243     0     0 I msm_vidc: fw: <VFW_E:HostDr:unkn:--------:->
03-13 19:40:43.243     0     0 I msm_vidc: fw: <VFW_E:HostDr:unkn:--------:->
03-13 19:40:43.246     0     0 I @5 msm_vidc: fw: <VFW_E:HostDr:unkn:--------:-> VenusHostDriver_SetSysProperty(1009): QC_IMAGE_VERSION_STRING=VIDEO.IR.1.2-00031-PROD-1.261943.2
03-13 19:40:43.246     0     0 I @5 msm_vidc: fw: <VFW_E:HostDr:unkn:--------:-> VenusHostDriver_SetSysProperty(1012): BUILD_TIME: Mar 13 2020 03:11:24
03-13 19:40:43.246     0     0 I @1 msm_vidc: err: This control 980928 is not supported yet
03-13 19:40:43.246     0     0 I msm_vidc: fw: <VFW_E:HostDr:unkn:--------:->
03-13 19:40:43.246     0     0 I msm_vidc: fw: <VFW_E:HostDr:unkn:--------:->
03-13 19:40:43.249     0     0 I @5 msm_vidc: fw: <VFW_E:HostDr:unkn:--------:-> VenusHostDriver_SetSysProperty(1009): QC_IMAGE_VERSION_STRING=VIDEO.IR.1.2-00031-PROD-1.261943.2
03-13 19:40:43.249     0     0 I @5 msm_vidc: fw: <VFW_E:HostDr:unkn:--------:-> VenusHostDriver_SetSysProperty(1012): BUILD_TIME: Mar 13 2020 03:11:24
03-13 19:40:43.249     0     0 I @4 msm_vidc: err: This control 980928 is not supported yet
03-13 19:40:43.250     0     0 I         : @5 wcd-dsp-mgr soc:wcd-dsp-mgr@2: for wdsp segments only will be dumped.
03-13 19:40:43.250     0     0 I msm_vidc: fw: <VFW_E:HostDr:unkn:--------:->
03-13 19:40:43.250     0     0 I msm_vidc: fw: <VFW_E:HostDr:unkn:--------:->
03-13 19:40:43.250     0     0 I wcd-dsp-mgr soc: wcd-dsp-mgr@2: bound tavil_codec (ops wcd_ctrl_component_ops)
03-13 19:40:43.250     0     0 I         : @5 wcd-dsp-mgr soc:wcd-dsp-mgr@2: bound spi0.0 (ops wcd_spi_component_ops)
03-13 19:40:43.250     0     0 I         : @5 wcd-dsp-mgr soc:wcd-dsp-mgr@2: bound qcom,glink:wdsp (ops glink_component_ops)
03-13 19:40:43.267     0     0 E         : @5 msm-pcm-routing soc:qcom,msm-pcm-routing: ASoC: no source widget found for SLIM_6_RX
03-13 19:40:43.267     0     0 E         : @5 msm-pcm-routing soc:qcom,msm-pcm-routing: ASoC: Failed to add route SLIM_6_RX -> SLIM_6_RX -> AUDIO_REF_EC_UL1 MUX
03-13 19:40:43.282     0     0 W         : @3 kgsl kgsl-3d0: loading /vendor/firmware_mnt/image/a630_sqe.fw failed with error -13
03-13 19:40:43.282     0     0 E         : @5 msm-pcm-routing soc:qcom,msm-pcm-routing: ASoC: no sink widget found for PRI_MI2S_RX_VI_FB_MUX
03-13 19:40:43.282     0     0 E         : @5 msm-pcm-routing soc:qcom,msm-pcm-routing: ASoC: Failed to add route SENARY_TX -> SENARY_TX -> PRI_MI2S_RX_VI_FB_MUX
03-13 19:40:43.282     0     0 E         : @5 msm-pcm-routing soc:qcom,msm-pcm-routing: ASoC: no source widget found for PRI_MI2S_RX_VI_FB_MUX
03-13 19:40:43.282     0     0 E         : @5 msm-pcm-routing soc:qcom,msm-pcm-routing: ASoC: Failed to add route PRI_MI2S_RX_VI_FB_MUX -> direct -> PRI_MI2S_RX
03-13 19:40:43.286     0     0 I @3 ueventd: firmware: loading 'a630_sqe.fw' for '/devices/platform/soc/2c00000.qcom,kgsl-3d0/kgsl/kgsl-3d0/a630_sqe.fw'
03-13 19:40:43.288     0     0 W         : @6 kgsl kgsl-3d0: loading /vendor/firmware_mnt/image/a640_gmu.bin failed with error -13
03-13 19:40:43.289     0     0 I @6 ueventd: loading /devices/platform/soc/2c00000.qcom,kgsl-3d0/kgsl/kgsl-3d0/a630_sqe.fw took 2ms
03-13 19:40:43.297     0     0 I         : @5 spi_geni 88c000.spi: proto 1
03-13 19:40:43.297     0     0 I @2 ueventd: firmware: loading 'a640_gmu.bin' for '/devices/platform/soc/2c00000.qcom,kgsl-3d0/kgsl/kgsl-3d0/a640_gmu.bin'
03-13 19:40:43.297     0     0 I         : @5 spi_geni 88c000.spi: tx_fifo 16 rx_fifo 16 tx_width 32
03-13 19:40:43.298     0     0 I @1 ueventd: loading /devices/platform/soc/2c00000.qcom,kgsl-3d0/kgsl/kgsl-3d0/a640_gmu.bin took 1ms
03-13 19:40:43.457     0     0 F @4 boot_mode:  
03-13 19:40:43.460     0     0 E @6 [TP]touchpanel: tp_fw_update_work: fw_name = tp/FW_19801_SY761.bin
03-13 19:40:43.463     0     0 I @6 ueventd: firmware: loading 'tp/FW_19801_SY761.bin' for '/devices/virtual/sec/sec_ts/tp!FW_19801_SY761.bin'
03-13 19:40:43.468     0     0 E @6 [TP]touchpanel: retry times 0
03-13 19:40:43.468     0     0 E @6 [TP]sec-s6sy761: sec_fw_update is called, force update:0
03-13 19:40:43.468     0     0 I @6 ueventd: loading /devices/virtual/sec/sec_ts/tp!FW_19801_SY761.bin took 5ms
03-13 19:40:43.468     0     0 E @6 [TP]sec-s6sy761: img version in bin is 0x10640819, img version in ic is 0x10640819
03-13 19:40:43.469     0     0 E @6 [TP]sec-s6sy761: config version in bin is 0x10640802, config version in ic is 0x10640802
03-13 19:40:43.469     0     0 E @6 [TP]touchpanel: release all touch point and key, clear tp touch down flag
03-13 19:40:43.469     0     0 E @6 [TP]sec-s6sy761: sec_enable_black_gesture, enable = 0
03-13 19:40:43.479     0     0 E @6 [TP]sec-s6sy761: sec_enable_charge_mode: state: 0 success!
03-13 19:40:43.480     0     0 E @6 [TP]sec-s6sy761: sec_touchhold_switch_mode: touchhold_enable: 0 success!
03-13 19:40:43.480     0     0 E @4 [TP]touchpanel: fw update finished
03-13 19:40:43.504  1135  1135 I gsid    : no DSU: No such file or directory
03-13 19:40:43.555     0     0 I         : @6 set_dload_mode ON
03-13 19:40:43.555     0     0 E         : @6 [MDM] on [1] dload_mode_addr [          (null)]
03-13 19:40:43.555     0     0 I         : @6 set_dload_mode ON
03-13 19:40:43.555     0     0 E         : @6 [MDM] on [16] dload_mode_addr [          (null)]
03-13 19:40:43.556     0     0 I         : @6 set_dload_mode ON
03-13 19:40:43.556     0     0 E         : @6 [MDM] on [1] dload_mode_addr [          (null)]
03-13 19:40:43.557     0     0 I         : @6 set_dload_mode ON
03-13 19:40:43.557     0     0 E         : @6 [MDM] on [16] dload_mode_addr [          (null)]
03-13 19:40:43.589     0     0 I @0 subsys-restart: __subsystem_get(): Changing subsys fw_name to modem
03-13 19:40:43.591     0     0 I         : @4 ipa-wan ipa3_lcl_mdm_ssr_notifier_cb:3096 IPA received MPSS BEFORE_POWERUP
03-13 19:40:43.592     0     0 E         : @4 ipa ipa3_uc_state_check:338 uC is not loaded
03-13 19:40:43.592     0     0 I         : @4 ipa-wan ipa3_lcl_mdm_ssr_notifier_cb:3105 IPA BEFORE_POWERUP handling is complete
03-13 19:40:43.595     0     0 I         : @4 subsys-pil-tz 4080000.qcom,mss: modem: loading from 0x000000008dc00000 to 0x0000000097200000
03-13 19:40:43.620     0     0 I @5 tfa98xx_probe(): Container loading requested: 0
03-13 19:40:43.620     0     0 I         : @5 tfa98xx 0-0034: tfa98xx codec registered ()
03-13 19:40:43.623     0     0 I         : @5 tfa98xx 0-0035: tfa98xx codec registered ()
03-13 19:40:43.624     0     0 I tfa98xx_probe(): Container loading requested: 0
03-13 19:40:43.624     0     0 I ueventd : firmware: loading 'tfa98xx.cnt' for '/devices/platform/soc/890000.i2c/i2c-0/0-0034/firmware/tfa98xx.cnt'
03-13 19:40:43.624     0     0 W         : @2 subsys-pil-tz soc:qcom,kgsl-hyp: loading /vendor/firmware_mnt/image/a640_zap.mdt failed with error -13
03-13 19:40:43.627     0     0 I @1 ueventd: firmware: loading 'a640_zap.mdt' for '/devices/platform/soc/soc:qcom,kgsl-hyp/firmware/a640_zap.mdt'
03-13 19:40:43.629     0     0 I @5 tfa98xx_container_loaded(): loaded tfa98xx.cnt - size: 3591
03-13 19:40:43.629     0     0 I @5 tfa98xx_container_loaded(): 3_01
03-13 19:40:43.629     0     0 I @5 tfa98xx_container_loaded(): NXP
03-13 19:40:43.629     0     0 I @5 tfa98xx_container_loaded(): stereo
03-13 19:40:43.629     0     0 I @5 tfa98xx_container_loaded(): 9871N1C
03-13 19:40:43.629     0     0 I @5 tfa98xx_container_loaded(): 2 ndev
03-13 19:40:43.629     0     0 I @5 tfa98xx_container_loaded(): 3 nprof
03-13 19:40:43.630     0     0 I @5 tfa98xx_container_loaded(): tfa98xx_container_loaded: tfa98xx->tfa->dev_idx = 0
03-13 19:40:43.630     0     0 I @5 tfa98xx_container_loaded(): Firmware init complete
03-13 19:40:43.630     0     0 E @5 tfa98xx_create_controls(): tfa98xx_create_controls: enter!
03-13 19:40:43.630     0     0 I @5 tfa98xx_create_controls(): profile added [0]: receiver
03-13 19:40:43.630     0     0 I @5 add_sr_to_profile(): added profile:samplerate = [0:48000] for mixer profile: receiver
03-13 19:40:43.630     0     0 I @5 tfa98xx_create_controls(): profile added [1]: speaker
03-13 19:40:43.630     1     1 I @5 add_sr_to_profile(): added profile:samplerate = [1:48000] for mixer profile: speaker
03-13 19:40:43.686     0     0 I         : @7 ep0_open success!
03-13 19:40:43.686     0     0 I         : @7 read descriptors
03-13 19:40:43.686     0     0 I         : @7 read strings
03-13 19:40:43.735  1164  1164 I installd: installd firing up
03-13 19:40:43.742     0     0 I         : @5 subsys-pil-tz soc:qcom,kgsl-hyp: a640_zap: loading from 0x00000000f2c00000 to 0x00000000f2c01000
03-13 19:40:43.752  1171  1171 I iorapd  : iorapd (the prefetchening) firing up
03-13 19:40:43.755  1171  1171 I iorapd  : Opened existing database at '/data/misc/iorapd/sqlite.db'
03-13 19:40:43.757  1171  1171 W iorapd  : Reconnect to package manager service: 1 times
03-13 19:40:43.760  1213  1213 I wificond: wificond is starting up...
03-13 19:40:43.761     0     0 I @5 tfa98xx_container_loaded(): loaded tfa98xx.cnt - size: 3591
03-13 19:40:43.761     0     0 I @5 tfa98xx_container_loaded(): container file already loaded...
03-13 19:40:43.761     0     0 I @5 tfa98xx_container_loaded(): tfa98xx_container_loaded: tfa98xx->tfa->dev_idx = 1
03-13 19:40:43.761     0     0 I @5 tfa98xx_container_loaded(): Firmware init complete
03-13 19:40:43.770  1213  1213 I HidlServiceManagement: Registered android.system.wifi.keystore@1.0::IKeystore/default (start delay of 35ms)
03-13 19:40:43.853  1245  1245 I imsrcsd : Uce Service HAL  is starting up...
03-13 19:40:43.858  1245  1245 I imsrcsd : Uce Service HAL  loading imsrcsbaseimpl
03-13 19:40:43.859     0     0 E         : @5 sm8150-asoc-snd soc:qcom,msm-audio-apr:sound-tavil: ASoC: no sink widget found for SpkrLeft IN
03-13 19:40:43.859     0     0 E         : @5 sm8150-asoc-snd soc:qcom,msm-audio-apr:sound-tavil: ASoC: Failed to add route SPK1 OUT -> direct -> SpkrLeft IN
03-13 19:40:43.859     0     0 E         : @5 sm8150-asoc-snd soc:qcom,msm-audio-apr:sound-tavil: ASoC: no sink widget found for SpkrRight IN
03-13 19:40:43.859     0     0 E         : @5 sm8150-asoc-snd soc:qcom,msm-audio-apr:sound-tavil: ASoC: Failed to add route SPK2 OUT -> direct -> SpkrRight IN
03-13 19:40:43.895  1245  1245 I imsrcsd : Starting Service for First Time imsbaseimpl
03-13 19:40:43.899  1245  1245 I HidlServiceManagement: Registered com.qualcomm.qti.uceservice@2.1::IUceService/com.qualcomm.qti.uceservice (start delay of 115ms)
03-13 19:40:43.899  1245  1245 I imsrcsd : ImsRcsBaseImpl CM_IMSCONNECTIONMANAGER_CREATE_CONNECTION Before Registering Service
03-13 19:40:43.899  1245  1245 I HidlServiceManagement: Registered com.qualcomm.qti.imscmservice@2.2::IImsCmService/qti.ims.connectionmanagerservice (start delay of 115ms)
03-13 19:40:43.900  1245  1245 I imsrcsd : ImsRcsBaseImpl CM_IMSCONNECTIONMANAGER_CREATE_CONNECTION After Registering Service
03-13 19:40:43.902  1245  1245 I HidlServiceManagement: Registered vendor.qti.ims.callinfo@1.0::IService/default (start delay of 118ms)
03-13 19:40:43.902  1245  1245 I imsrcsd : ImsRcsBaseImpl ImsCallInfo After Registering Service
03-13 19:40:43.915   925   925 D audio_hw_extn: usb_offload_burst_mode_feature_init: Called with feature Enabled
03-13 19:40:43.915   925   925 D audio_hw_extn: usb_offload_sidetone_volume_feature_init: Called with feature NOT Enabled
03-13 19:40:43.915   925   925 D audio_hw_extn: a2dp_offload_feature_init: Called with feature Enabled
03-13 19:40:43.915  1230  1230 I HidlServiceManagement: Registered android.hardware.drm@1.3::IDrmFactory/wfdhdcp (start delay of 169ms)
03-13 19:40:43.915  1261  1275 W adsprpcd: vendor/qcom/proprietary/commonsys-intf/adsprpc/src/apps_std_imp.c:749: Warning: fopen returned 0x2 for file capi_v2_dummy_ecns.so.1. (No such file or directory)
03-13 19:40:43.915   629   629 I hwservicemanager: Since android.hardware.camera.provider@2.4::ICameraProvider/legacy/0 is not registered, trying to start it as a lazy HAL.
03-13 19:40:43.915  1160  1160 E CameraProviderManager: addProviderLocked: Camera provider HAL 'legacy/0' is not actually available
03-13 19:40:43.916  1160  1160 I cameraserver: Waiting for activity service
03-13 19:40:43.916  1230  1230 I HidlServiceManagement: Registered android.hardware.drm@1.3::ICryptoFactory/wfdhdcp (start delay of 172ms)
03-13 19:40:43.917     0     0 I @5 input: sm8150-tavil-snd-card Headset Jack as /devices/platform/soc/soc:qcom,msm-audio-apr/soc:qcom,msm-audio-apr:sound-tavil/sound/card0/input14
03-13 19:40:43.917  1241  1241 I HidlServiceManagement: Registered vendor.qti.hardware.wifidisplaysession@1.0::IWifiDisplaySession/wifidisplaysession (start delay of 153ms)
03-13 19:40:43.917  1241  1241 E wifidisplayhal-service: Registering wifidisplay video track hal service...
03-13 19:40:43.918     0     0 I @5 input: sm8150-tavil-snd-card Button Jack as /devices/platform/soc/soc:qcom,msm-audio-apr/soc:qcom,msm-audio-apr:sound-tavil/sound/card0/input15
03-13 19:40:43.918  1261  1275 W adsprpcd: vendor/qcom/proprietary/commonsys-intf/adsprpc/src/apps_std_imp.c:749: Warning: fopen returned 0x2 for file capi_v2_dummy_ecns.so.1. (No such file or directory)
03-13 19:40:43.919   925   925 D audio_hw_extn: a2dp_offload_feature_init:: ---- Feature A2DP_OFFLOAD is Enabled ----
03-13 19:40:43.919   925   925 D audio_hw_extn: :: vbat_feature_init: ---- Feature VBAT is ENABLED ----
03-13 19:40:43.919   925   925 D audio_hw_extn: :: display_port_feature_init: ---- Feature DISPLAY_PORT is ENABLED ----
03-13 19:40:43.919   925   925 D audio_hw_extn: :: fluence_feature_init: ---- Feature FLUENCE is ENABLED ----
03-13 19:40:43.919   925   925 D audio_hw_extn: :: custom_stereo_feature_init: ---- Feature CUSTOM_STEREO is ENABLED ----
03-13 19:40:43.919   925   925 D audio_hw_extn: :: anc_headset_feature_init: ---- Feature ANC_HEADSET is ENABLED----
03-13 19:40:43.919   925   925 D audio_hw_extn: spkr_prot_feature_init: Called with feature NOT Enabled, is_running_with_enhanced_fwk 1
03-13 19:40:43.919   925   925 W audio_hw_extn: :: spkr_prot_feature_init: ---- Feature SPKR_PROT is disabled ----
03-13 19:40:43.919   925   925 D audio_hw_extn: fm_feature_init: ---- Feature FM_POWER_OPT is ENABLED----
03-13 19:40:43.919   925   925 D audio_hw_extn: external_qdsp_feature_init: Called with feature NOT Enabled
03-13 19:40:43.919   925   925 W audio_hw_extn: :: external_qdsp_feature_init: ---- Feature EXTERNAL_QDSP is disabled ----
03-13 19:40:43.919   925   925 D audio_hw_extn: external_speaker_feature_init: Called with feature NOT Enabled
03-13 19:40:43.919   925   925 W audio_hw_extn: :: external_speaker_feature_init: ---- Feature EXTERNAL_SPKR is disabled ----
03-13 19:40:43.919   925   925 D audio_hw_extn: external_speaker_tfa_feature_init: Called with feature NOT Enabled
03-13 19:40:43.919   925   925 W audio_hw_extn: :: external_speaker_tfa_feature_init: ---- Feature EXTERNAL_SPKR_TFA is disabled ----
03-13 19:40:43.919   925   925 D audio_hw_extn: hwdep_cal_feature_init: Called with feature NOT Enabled
03-13 19:40:43.919   925   925 W audio_hw_extn: :: hwdep_cal_feature_init: ---- Feature HWDEP_CAL is disabled ----
03-13 19:40:43.919   925   925 D audio_hw_extn: hfp_feature_init: Called with feature Enabled
03-13 19:40:43.920  1241  1241 I HidlServiceManagement: Registered vendor.qti.hardware.wifidisplaysession@1.0::IWifiDisplaySessionVideoTrack/wifidisplaysessionvideotrack (start delay of 156ms)
03-13 19:40:43.920  1241  1241 E wifidisplayhal-service: Registering wifidisplay video track hal service...
03-13 19:40:43.920  1274  1274 W wfdvndservice: libminijail[1274]: failed to get path of fd 5: No such file or directory
03-13 19:40:43.920  1274  1274 W wfdvndservice: libminijail[1274]: allowing syscall: clock_gettime
03-13 19:40:43.920  1274  1274 W wfdvndservice: libminijail[1274]: allowing syscall: connect
03-13 19:40:43.920  1274  1274 W wfdvndservice: libminijail[1274]: allowing syscall: fcntl64
03-13 19:40:43.920  1274  1274 W wfdvndservice: libminijail[1274]: allowing syscall: socket
03-13 19:40:43.920  1274  1274 W wfdvndservice: libminijail[1274]: allowing syscall: writev
03-13 19:40:43.920  1274  1274 W wfdvndservice: libminijail[1274]: logging seccomp filter failures
03-13 19:40:43.920  1274  1274 W wfdvnd-service: Start wfdvndservice
