03-13 22:30:35.238     0     0 I @2 CAM_INFO: CAM-UTIL: cam_soc_util_clk_disable: 577 disable bps_clk_src
03-13 22:30:35.238     0     0 I @2 CAM_INFO: CAM-UTIL: cam_soc_util_clk_disable: 577 disable bps_axi_clk
03-13 22:30:35.238     0     0 I @2 CAM_INFO: CAM-UTIL: cam_soc_util_clk_disable: 577 disable bps_areg_clk
03-13 22:30:35.238     0     0 I @2 CAM_INFO: CAM-UTIL: cam_soc_util_clk_disable: 577 disable bps_ahb_clk
03-13 22:30:35.238     0     0 I @5 slimbus: 1 laddr:0xcf, EAPC:0x1:0x50
03-13 22:30:35.239     0     0 I @4 slimbus: 1 laddr:0xce, EAPC:0x0:0x50
03-13 22:30:35.239     0     0 I wcd-slim tavil-slim-pgd: wcd9xxx_slim_device_up: slim device up, dev_up = 1
03-13 22:30:35.242     0     0 I wcd-slim tavil-slim-pgd: wcd934x_get_cdc_info: wcd9xxx chip id major 0x108, minor 0x1
03-13 22:30:35.243  1034  1034 I FastMixerState: sMaxFastTracks = 8
03-13 22:30:35.245     0     0 I @6 populate_snd_card_dailinks: add smartpa dai link is successful!
03-13 22:30:35.245     0     0 W         : @6 sm8150-asoc-snd soc:qcom,msm-audio-apr:sound-tavil: msm_init_wsa_dev: Max WSA devices is 0 for this target?
03-13 22:30:35.246     0     0 E         : @6 sm8150-asoc-snd soc:qcom,msm-audio-apr:sound-tavil: ASoC: CODEC DAI tavil_rx2 not registered
03-13 22:30:35.246  1073  1073 E libc    : Access denied finding property "persist.serial.enable"
03-13 22:30:35.247  1034  1034 V MediaUtils: physMem: 7831093248
03-13 22:30:35.247  1034  1034 V MediaUtils: requested limit: 536870912
03-13 22:30:35.248  1034  1034 I libc    : malloc_limit: Allocation limit enabled, max size 536870912 bytes
03-13 22:30:35.248  1034  1034 I audioserver: ServiceManager: 0x77209342a0
03-13 22:30:35.249  1034  1034 W BatteryNotifier: batterystats service unavailable!
03-13 22:30:35.249   628   628 I hwservicemanager: getTransport: Cannot find entry android.hardware.audio@6.0::IDevicesFactory/default in either framework or device manifest.
03-13 22:30:35.252   863   863 W zygote  : JNI RegisterNativeMethods: attempt to register 0 native methods for android.media.AudioAttributes
03-13 22:30:35.252   860   860 I ServiceManager: Waiting for service 'statscompanion' on '/dev/binder'...
03-13 22:30:35.252   862   862 W zygote64: JNI RegisterNativeMethods: attempt to register 0 native methods for android.media.AudioAttributes
03-13 22:30:35.254     0     0 I         : @1 subsys-pil-tz aae0000.qcom,venus: venus: Brought out of reset
03-13 22:30:35.258     0     0 I @4 CAM_INFO: CAM-UTIL: cam_soc_util_clk_disable: 577 disable icp_clk
03-13 22:30:35.258     0     0 I @4 CAM_INFO: CAM-UTIL: cam_soc_util_clk_disable: 577 disable icp_clk_src
03-13 22:30:35.258     0     0 I @4 CAM_INFO: CAM-UTIL: cam_soc_util_clk_disable: 577 disable icp_ahb_clk
03-13 22:30:35.258     0     0 I @4 CAM_INFO: CAM-UTIL: cam_soc_util_clk_disable: 577 disable soc_fast_ahb
03-13 22:30:35.258     0     0 I @4 CAM_INFO: CAM-UTIL: cam_soc_util_clk_disable: 577 disable camnoc_axi_clk
03-13 22:30:35.258     0     0 I @4 CAM_INFO: CAM-UTIL: cam_soc_util_clk_disable: 577 disable camnoc_axi_clk_src
03-13 22:30:35.258     0     0 I @4 CAM_INFO: CAM-UTIL: cam_soc_util_clk_disable: 577 disable cpas_ahb_clk
03-13 22:30:35.258     0     0 I @4 CAM_INFO: CAM-UTIL: cam_soc_util_clk_disable: 577 disable slow_ahb_clk_src
03-13 22:30:35.258     0     0 I @4 CAM_INFO: CAM-UTIL: cam_soc_util_clk_disable: 577 disable gcc_axi_sf_clk
03-13 22:30:35.258     0     0 I @4 CAM_INFO: CAM-UTIL: cam_soc_util_clk_disable: 577 disable gcc_axi_hf_clk
03-13 22:30:35.258     0     0 I @4 CAM_INFO: CAM-UTIL: cam_soc_util_clk_disable: 577 disable gcc_ahb_clk
03-13 22:30:35.260   931   931 E CamX    : [ERROR][CSL    ] camxcslhwinternal.cpp:2933 CSLHwInternalFDIoctl() Ioctl failed for FD:9 with error reason Invalid argument
03-13 22:30:35.261     0     0 I         : @4 Mass Storage Function, version: 2009/09/11
03-13 22:30:35.261     0     0 I @4 LUN  : removable read only CD-ROM file: (no medium)
03-13 22:30:35.267  1045  1045 I SurfaceFlinger: Using HWComposer service: 'default'
03-13 22:30:35.267  1045  1045 I SurfaceFlinger: SurfaceFlinger is starting
03-13 22:30:35.269     0     0 I @7 msm_vidc: fw: <VFW_E:HostDr:unkn:--------:-> VenusHostDriver_SetSysProperty(1009): QC_IMAGE_VERSION_STRING=VIDEO.IR.1.2-00031-PROD-1.261943.2
03-13 22:30:35.269     0     0 I @7 msm_vidc: fw: <VFW_E:HostDr:unkn:--------:-> VenusHostDriver_SetSysProperty(1012): BUILD_TIME: Mar 13 2020 03:11:24
03-13 22:30:35.269     0     0 I msm_vidc: fw: <VFW_E:HostDr:unkn:--------:->
03-13 22:30:35.269     0     0 I msm_vidc: fw: <VFW_E:HostDr:unkn:--------:->
03-13 22:30:35.269     0     0 I         : @7 file system registered
03-13 22:30:35.269  1009  1009 I QC2V4l2Driver: [c2.qti.avc.decoder] Device /dev/video32 opened with fd: 7
03-13 22:30:35.270   862   862 D Zygote  : begin preload
03-13 22:30:35.270   862   862 I Zygote  : Calling ZygoteHooks.beginPreload()
03-13 22:30:35.271  1045  1045 I SurfaceFlinger: Disabling backpressure propagation
03-13 22:30:35.271  1045  1045 I SurfaceFlinger: Enabling HWC virtual displays
03-13 22:30:35.271  1045  1045 I SurfaceFlinger: Disabling blur effects, they are not supported.
03-13 22:30:35.271  1045  1045 I SurfaceFlinger: Treble testing override: 'false'
03-13 22:30:35.271  1080  1080 W libc    : Unable to set property "ctl.start" to "console": error code: 0x20
03-13 22:30:35.273     0     0 I @5 msm_vidc: fw: <VFW_E:HostDr:unkn:--------:-> VenusHostDriver_SetSysProperty(1009): QC_IMAGE_VERSION_STRING=VIDEO.IR.1.2-00031-PROD-1.261943.2
03-13 22:30:35.273     0     0 I @5 msm_vidc: fw: <VFW_E:HostDr:unkn:--------:-> VenusHostDriver_SetSysProperty(1012): BUILD_TIME: Mar 13 2020 03:11:24
03-13 22:30:35.273     0     0 I @4 f_cdev_alloc: port_name:at_usb0 (0000000000000000) portno:(0)
03-13 22:30:35.273     0     0 I @7 msm_vidc: err: This control 980928 is not supported yet
03-13 22:30:35.273     0     0 I msm_vidc: fw: <VFW_E:HostDr:unkn:--------:->
03-13 22:30:35.273     0     0 I msm_vidc: fw: <VFW_E:HostDr:unkn:--------:->
03-13 22:30:35.273  1009  1009 I QC2Comp : codec capability queried!
03-13 22:30:35.273   863   863 I zygote  : Explicit concurrent copying GC freed 812(93KB) AllocSpace objects, 0(0B) LOS objects, 99% free, 117KB/24MB, paused 99us total 4.306ms
03-13 22:30:35.275  1009  1009 I QC2V4l2Driver: [c2.qti.avc.decoder] Closed device driver with fd: 7
03-13 22:30:35.275  1009  1009 I QC2CompStore: Added capabilities for c2.qti.avc.decoder
03-13 22:30:35.275   628   628 I hwservicemanager: getTransport: Cannot find entry android.hardware.audio.effect@6.0::IEffectsFactory/default in either framework or device manifest.
03-13 22:30:35.275  1009  1009 I QC2V4l2Driver: [c2.qti.avc.decoder.low_latency] Device /dev/video32 opened with fd: 7
03-13 22:30:35.276     0     0 I @4 f_cdev_alloc: port_name:at_usb1 (0000000000000000) portno:(1)
03-13 22:30:35.277  1034  1034 I ServiceManager: Waiting for service 'media.metrics' on '/dev/binder'...
03-13 22:30:35.278     0     0 I @6 f_cdev_alloc: port_name:at_usb2 (0000000000000000) portno:(2)
03-13 22:30:35.278     0     0 I @5 msm_vidc: fw: <VFW_E:HostDr:unkn:--------:-> VenusHostDriver_SetSysProperty(1009): QC_IMAGE_VERSION_STRING=VIDEO.IR.1.2-00031-PROD-1.261943.2
03-13 22:30:35.278     0     0 I @5 msm_vidc: fw: <VFW_E:HostDr:unkn:--------:-> VenusHostDriver_SetSysProperty(1012): BUILD_TIME: Mar 13 2020 03:11:24
03-13 22:30:35.278     0     0 I @4 msm_vidc: err: This control 980928 is not supported yet
03-13 22:30:35.279  1009  1009 I QC2Comp : codec capability queried!
03-13 22:30:35.279   863   863 I zygote  : Explicit concurrent copying GC freed 14(45KB) AllocSpace objects, 0(0B) LOS objects, 99% free, 103KB/24MB, paused 31us total 5.077ms
03-13 22:30:35.280  1009  1009 I QC2V4l2Driver: [c2.qti.avc.decoder.low_latency] Closed device driver with fd: 7
03-13 22:30:35.280  1009  1009 I QC2CompStore: Added capabilities for c2.qti.avc.decoder.low_latency
03-13 22:30:35.280  1009  1009 I QC2V4l2Driver: [c2.qti.avc.decoder.secure] Device /dev/video32 opened with fd: 7
03-13 22:30:35.281     0     0 I msm_vidc: fw: <VFW_E:HostDr:unkn:--------:->
03-13 22:30:35.281     0     0 I msm_vidc: fw: <VFW_E:HostDr:unkn:--------:->
03-13 22:30:35.282  1045  1045 E Dolphin : [JR10:1][GFAR10:0][GFAR20:0][PHR:0]
03-13 22:30:35.283     0     0 I @4 msm_vidc: fw: <VFW_E:HostDr:unkn:--------:-> VenusHostDriver_SetSysProperty(1009): QC_IMAGE_VERSION_STRING=VIDEO.IR.1.2-00031-PROD-1.261943.2
03-13 22:30:35.283     0     0 I @4 msm_vidc: fw: <VFW_E:HostDr:unkn:--------:-> VenusHostDriver_SetSysProperty(1012): BUILD_TIME: Mar 13 2020 03:11:24
03-13 22:30:35.283     0     0 I @4 msm_vidc: err: This control 980928 is not supported yet
03-13 22:30:35.284  1009  1009 I QC2Comp : codec capability queried!
03-13 22:30:35.284     0     0 I msm_vidc: fw: <VFW_E:HostDr:unkn:--------:->
03-13 22:30:35.284     0     0 I msm_vidc: fw: <VFW_E:HostDr:unkn:--------:->
03-13 22:30:35.284  1045  1045 I SurfaceFlinger: SurfaceFlinger's main thread ready to run. Initializing graphics H/W...
03-13 22:30:35.284  1045  1045 D RenderEngine: RenderEngine GLES Backend
03-13 22:30:35.285     0     0 W         : @5 using random self ethernet address
03-13 22:30:35.285     0     0 W         : @5 using random host ethernet address
03-13 22:30:35.285   863   863 I Zygote  : Accepting command socket connections
03-13 22:30:35.285  1009  1009 I QC2V4l2Driver: [c2.qti.avc.decoder.secure] Closed device driver with fd: 7
03-13 22:30:35.285  1009  1009 I QC2CompStore: Added capabilities for c2.qti.avc.decoder.secure
03-13 22:30:35.285  1009  1009 I QC2V4l2Driver: [c2.qti.avc.encoder] Device /dev/video33 opened with fd: 7
03-13 22:30:35.286     0     0 I @4 populate_snd_card_dailinks: add smartpa dai link is successful!
03-13 22:30:35.286     0     0 W         : @4 sm8150-asoc-snd soc:qcom,msm-audio-apr:sound-tavil: msm_init_wsa_dev: Max WSA devices is 0 for this target?
03-13 22:30:35.287     0     0 E         : @4 sm8150-asoc-snd soc:qcom,msm-audio-apr:sound-tavil: ASoC: CODEC DAI btfm_bt_sco_a2dp_slim_rx not registered
03-13 22:30:35.287  1045  1045 D libEGL  : loaded /vendor/lib64/egl/libEGL_adreno.so
03-13 22:30:35.288  1009  1009 E QC2V4l2Driver: [c2.qti.avc.encoder] failed to set buffer size limit to 4
03-13 22:30:35.289     0     0 I @4 populate_snd_card_dailinks: add smartpa dai link is successful!
03-13 22:30:35.289     0     0 W         : @4 sm8150-asoc-snd soc:qcom,msm-audio-apr:sound-tavil: msm_init_wsa_dev: Max WSA devices is 0 for this target?
03-13 22:30:35.289     0     0 I @6 msm_vidc: fw: <VFW_E:HostDr:unkn:--------:-> VenusHostDriver_SetSysProperty(1009): QC_IMAGE_VERSION_STRING=VIDEO.IR.1.2-00031-PROD-1.261943.2
03-13 22:30:35.289     0     0 I @6 msm_vidc: fw: <VFW_E:HostDr:unkn:--------:-> VenusHostDriver_SetSysProperty(1012): BUILD_TIME: Mar 13 2020 03:11:24
03-13 22:30:35.289     0     0 I msm_vidc: fw: <VFW_E:HostDr:unkn:--------:->
03-13 22:30:35.289     0     0 I msm_vidc: fw: <VFW_E:HostDr:unkn:--------:->
03-13 22:30:35.289     0     0 E         : @4 sm8150-asoc-snd soc:qcom,msm-audio-apr:sound-tavil: ASoC: CODEC DAI btfm_bt_sco_a2dp_slim_rx not registered
03-13 22:30:35.289     0     0 I @6 msm_vidc: err: This control 980927 is not supported yet
03-13 22:30:35.290  1009  1009 I QC2Comp : codec capability queried!
03-13 22:30:35.290  1009  1009 I QC2V4l2Driver: [c2.qti.avc.encoder] Closed device driver with fd: 7
03-13 22:30:35.290  1009  1009 I QC2CompStore: Added capabilities for c2.qti.avc.encoder
03-13 22:30:35.291  1009  1009 I QC2V4l2Driver: [c2.qti.heic.encoder] Device /dev/video33 opened with fd: 7
03-13 22:30:35.291  1009  1009 E QC2V4l2Driver: [c2.qti.heic.encoder] failed to set buffer size limit to 4
03-13 22:30:35.291     0     0 I @6 msm_vidc: fw: <VFW_E:HostDr:unkn:--------:-> VenusHostDriver_SetSysProperty(1009): QC_IMAGE_VERSION_STRING=VIDEO.IR.1.2-00031-PROD-1.261943.2
03-13 22:30:35.291     0     0 I @6 msm_vidc: fw: <VFW_E:HostDr:unkn:--------:-> VenusHostDriver_SetSysProperty(1012): BUILD_TIME: Mar 13 2020 03:11:24
03-13 22:30:35.291     0     0 I msm_vidc: fw: <VFW_E:HostDr:unkn:--------:->
03-13 22:30:35.291     0     0 I msm_vidc: fw: <VFW_E:HostDr:unkn:--------:->
03-13 22:30:35.291     0     0 I @2 msm_vidc: err: This control 980927 is not supported yet
03-13 22:30:35.292     0     0 I @4 populate_snd_card_dailinks: add smartpa dai link is successful!
03-13 22:30:35.292     0     0 W         : @4 sm8150-asoc-snd soc:qcom,msm-audio-apr:sound-tavil: msm_init_wsa_dev: Max WSA devices is 0 for this target?
03-13 22:30:35.293  1009  1009 I QC2Comp : codec capability queried!
03-13 22:30:35.293     0     0 I         : @4 tavil_codec tavil_codec: tavil_soc_codec_probe()
03-13 22:30:35.294   931   931 E CamX    : [ERROR][UTILS  ] camxosutilslinux.cpp:884 LibMap() dlopen: dlopen failed: cannot locate symbol "__cxa_demangle" referenced by "/vendor/lib64/libvidhance.so"..., on '/vendor/lib64/camera/components/com.oneplus.node.eis.so'
03-13 22:30:35.295  1009  1009 I QC2V4l2Driver: [c2.qti.heic.encoder] Closed device driver with fd: 7
03-13 22:30:35.296  1009  1009 I QC2CompStore: Added capabilities for c2.qti.heic.encoder
03-13 22:30:35.296  1009  1009 I QC2V4l2Driver: [c2.qti.hevc.decoder] Device /dev/video32 opened with fd: 7
03-13 22:30:35.298     0     0 I @5 msm_vidc: fw: <VFW_E:HostDr:unkn:--------:-> VenusHostDriver_SetSysProperty(1009): QC_IMAGE_VERSION_STRING=VIDEO.IR.1.2-00031-PROD-1.261943.2
03-13 22:30:35.298     0     0 I @5 msm_vidc: fw: <VFW_E:HostDr:unkn:--------:-> VenusHostDriver_SetSysProperty(1012): BUILD_TIME: Mar 13 2020 03:11:24
03-13 22:30:35.299     0     0 I @5 msm_vidc: err: This control 980928 is not supported yet
03-13 22:30:35.299     0     0 I msm_vidc: fw: <VFW_E:HostDr:unkn:--------:->
03-13 22:30:35.299     0     0 I msm_vidc: fw: <VFW_E:HostDr:unkn:--------:->
03-13 22:30:35.299  1009  1009 I QC2Comp : codec capability queried!
03-13 22:30:35.300  1009  1009 I QC2V4l2Driver: [c2.qti.hevc.decoder] Closed device driver with fd: 7
03-13 22:30:35.300  1009  1009 I QC2CompStore: Added capabilities for c2.qti.hevc.decoder
03-13 22:30:35.300  1009  1009 I QC2V4l2Driver: [c2.qti.hevc.decoder.secure] Device /dev/video32 opened with fd: 7
03-13 22:30:35.302     0     0 I @5 msm_vidc: fw: <VFW_E:HostDr:unkn:--------:-> VenusHostDriver_SetSysProperty(1009): QC_IMAGE_VERSION_STRING=VIDEO.IR.1.2-00031-PROD-1.261943.2
03-13 22:30:35.302     0     0 I @5 msm_vidc: fw: <VFW_E:HostDr:unkn:--------:-> VenusHostDriver_SetSysProperty(1012): BUILD_TIME: Mar 13 2020 03:11:24
03-13 22:30:35.302     0     0 I @1 msm_vidc: err: This control 980928 is not supported yet
03-13 22:30:35.304  1009  1009 I QC2Comp : codec capability queried!
03-13 22:30:35.304     0     0 I msm_vidc: fw: <VFW_E:HostDr:unkn:--------:->
03-13 22:30:35.304     0     0 I msm_vidc: fw: <VFW_E:HostDr:unkn:--------:->
03-13 22:30:35.305  1009  1009 I QC2V4l2Driver: [c2.qti.hevc.decoder.secure] Closed device driver with fd: 7
03-13 22:30:35.305  1009  1009 I QC2CompStore: Added capabilities for c2.qti.hevc.decoder.secure
03-13 22:30:35.305  1009  1009 I QC2V4l2Driver: [c2.qti.hevc.encoder] Device /dev/video33 opened with fd: 7
03-13 22:30:35.305  1009  1009 E QC2V4l2Driver: [c2.qti.hevc.encoder] failed to set buffer size limit to 4
03-13 22:30:35.305     0     0 I         : @4 wcd-dsp-mgr soc:wcd-dsp-mgr@2: for wdsp segments only will be dumped.
03-13 22:30:35.305     0     0 I         : @4 wcd-dsp-mgr soc:wcd-dsp-mgr@2: bound spi0.0 (ops wcd_spi_component_ops)
03-13 22:30:35.305     0     0 I         : @4 wcd-dsp-mgr soc:wcd-dsp-mgr@2: bound qcom,glink:wdsp (ops glink_component_ops)
03-13 22:30:35.308     0     0 I wcd-dsp-mgr soc: wcd-dsp-mgr@2: bound tavil_codec (ops wcd_ctrl_component_ops)
03-13 22:30:35.318     0     0 I @4 msm_vidc: fw: <VFW_E:HostDr:unkn:--------:-> VenusHostDriver_SetSysProperty(1009): QC_IMAGE_VERSION_STRING=VIDEO.IR.1.2-00031-PROD-1.261943.2
03-13 22:30:35.318     0     0 I @4 msm_vidc: fw: <VFW_E:HostDr:unkn:--------:-> VenusHostDriver_SetSysProperty(1012): BUILD_TIME: Mar 13 2020 03:11:24
03-13 22:30:35.318     0     0 I @5 msm_vidc: err: This control 980927 is not supported yet
03-13 22:30:35.319  1009  1009 I QC2Comp : codec capability queried!
03-13 22:30:35.319     0     0 I msm_vidc: fw: <VFW_E:HostDr:unkn:--------:->
03-13 22:30:35.319     0     0 I msm_vidc: fw: <VFW_E:HostDr:unkn:--------:->
03-13 22:30:35.319  1009  1009 I QC2V4l2Driver: [c2.qti.hevc.encoder] Closed device driver with fd: 7
03-13 22:30:35.319  1009  1009 I QC2CompStore: Added capabilities for c2.qti.hevc.encoder
03-13 22:30:35.320  1009  1009 I QC2V4l2Driver: [c2.qti.hevc.encoder.cq] Device /dev/video33 opened with fd: 7
03-13 22:30:35.320  1009  1009 E QC2V4l2Driver: [c2.qti.hevc.encoder.cq] failed to set buffer size limit to 4
03-13 22:30:35.320   862   862 I Zygote  : Preloading classes...
03-13 22:30:35.320     0     0 I @5 msm_vidc: fw: <VFW_E:HostDr:unkn:--------:-> VenusHostDriver_SetSysProperty(1009): QC_IMAGE_VERSION_STRING=VIDEO.IR.1.2-00031-PROD-1.261943.2
03-13 22:30:35.320     0     0 I @5 msm_vidc: fw: <VFW_E:HostDr:unkn:--------:-> VenusHostDriver_SetSysProperty(1012): BUILD_TIME: Mar 13 2020 03:11:24
03-13 22:30:35.321     0     0 I @5 msm_vidc: err: This control 980927 is not supported yet
03-13 22:30:35.321   862   862 W Zygote  : Class not found for preloading: android.app.-$$Lambda$ResourcesManager$QJ7UiVk_XS90KuXAsIjIEym1DnM
03-13 22:30:35.322     0     0 I msm_vidc: fw: <VFW_E:HostDr:unkn:--------:->
03-13 22:30:35.322     0     0 I msm_vidc: fw: <VFW_E:HostDr:unkn:--------:->
03-13 22:30:35.322  1009  1009 I QC2Comp : codec capability queried!
03-13 22:30:35.322     0     0 E         : @4 msm-pcm-routing soc:qcom,msm-pcm-routing: ASoC: no source widget found for SLIM_6_RX
03-13 22:30:35.322     0     0 E         : @4 msm-pcm-routing soc:qcom,msm-pcm-routing: ASoC: Failed to add route SLIM_6_RX -> SLIM_6_RX -> AUDIO_REF_EC_UL1 MUX
03-13 22:30:35.323   931   931 E CamX    : [ERROR][UTILS  ] camxosutilslinux.cpp:884 LibMap() dlopen: dlopen failed: cannot locate symbol "__cxa_demangle" referenced by "/vendor/lib64/libvidhance.so"..., on '/vendor/lib64/camera/components/com.vidhance.stats.aec_dmbr.so'
03-13 22:30:35.323  1045  1045 D libEGL  : loaded /vendor/lib64/egl/libGLESv1_CM_adreno.so
03-13 22:30:35.326  1045  1045 D libEGL  : loaded /vendor/lib64/egl/libGLESv2_adreno.so
03-13 22:30:35.328   931   931 E CamX    : [ERROR][UTILS  ] camxosutilslinux.cpp:884 LibMap() dlopen: dlopen failed: cannot locate symbol "__cxa_demangle" referenced by "/vendor/lib64/libvidhance.so"..., on '/vendor/lib64/camera/components/com.vidhance.stats.aec_dmbr.so'
03-13 22:30:35.328   931   931 E CamX    : [ERROR][CHI    ] camxchicomponent.cpp:160 GetAECAlgorithmCallback() Failed to retrieve ChiAECAlgorithmEntry function address.
03-13 22:30:35.333  1009  1009 I QC2V4l2Driver: [c2.qti.hevc.encoder.cq] Closed device driver with fd: 7
03-13 22:30:35.333  1009  1009 I QC2CompStore: Added capabilities for c2.qti.hevc.encoder.cq
03-13 22:30:35.334  1009  1009 I QC2V4l2Driver: [c2.qti.vp8.decoder] Device /dev/video32 opened with fd: 7
03-13 22:30:35.335     0     0 I @2 msm_vidc: fw: <VFW_E:HostDr:unkn:--------:-> VenusHostDriver_SetSysProperty(1009): QC_IMAGE_VERSION_STRING=VIDEO.IR.1.2-00031-PROD-1.261943.2
03-13 22:30:35.335     0     0 I @2 msm_vidc: fw: <VFW_E:HostDr:unkn:--------:-> VenusHostDriver_SetSysProperty(1012): BUILD_TIME: Mar 13 2020 03:11:24
03-13 22:30:35.335     0     0 I @2 msm_vidc: err: This control 980928 is not supported yet
03-13 22:30:35.337  1009  1009 I QC2Comp : codec capability queried!
03-13 22:30:35.338     0     0 I msm_vidc: fw: <VFW_E:HostDr:unkn:--------:->
03-13 22:30:35.338     0     0 I msm_vidc: fw: <VFW_E:HostDr:unkn:--------:->
03-13 22:30:35.339  1009  1009 I QC2V4l2Driver: [c2.qti.vp8.decoder] Closed device driver with fd: 7
03-13 22:30:35.339  1009  1009 I QC2CompStore: Added capabilities for c2.qti.vp8.decoder
03-13 22:30:35.339  1009  1009 I QC2V4l2Driver: [c2.qti.vp8.encoder] Device /dev/video33 opened with fd: 7
03-13 22:30:35.339     0     0 E         : @4 msm-pcm-routing soc:qcom,msm-pcm-routing: ASoC: no sink widget found for PRI_MI2S_RX_VI_FB_MUX
03-13 22:30:35.339     0     0 E         : @4 msm-pcm-routing soc:qcom,msm-pcm-routing: ASoC: Failed to add route SENARY_TX -> SENARY_TX -> PRI_MI2S_RX_VI_FB_MUX
03-13 22:30:35.339     0     0 E         : @4 msm-pcm-routing soc:qcom,msm-pcm-routing: ASoC: no source widget found for PRI_MI2S_RX_VI_FB_MUX
03-13 22:30:35.339     0     0 E         : @4 msm-pcm-routing soc:qcom,msm-pcm-routing: ASoC: Failed to add route PRI_MI2S_RX_VI_FB_MUX -> direct -> PRI_MI2S_RX
03-13 22:30:35.340  1009  1009 E QC2V4l2Driver: [c2.qti.vp8.encoder] failed to set buffer size limit to 4
03-13 22:30:35.341     0     0 I @2 msm_vidc: fw: <VFW_E:HostDr:unkn:--------:-> VenusHostDriver_SetSysProperty(1009): QC_IMAGE_VERSION_STRING=VIDEO.IR.1.2-00031-PROD-1.261943.2
03-13 22:30:35.341     0     0 I @2 msm_vidc: fw: <VFW_E:HostDr:unkn:--------:-> VenusHostDriver_SetSysProperty(1012): BUILD_TIME: Mar 13 2020 03:11:24
03-13 22:30:35.341     0     0 I @2 msm_vidc: err: This control 980927 is not supported yet
03-13 22:30:35.342  1009  1009 I QC2Comp : codec capability queried!
03-13 22:30:35.343  1009  1009 I QC2V4l2Driver: [c2.qti.vp8.encoder] Closed device driver with fd: 7
03-13 22:30:35.343  1009  1009 I QC2CompStore: Added capabilities for c2.qti.vp8.encoder
03-13 22:30:35.343  1009  1009 I QC2V4l2Driver: [c2.qti.vp9.decoder] Device /dev/video32 opened with fd: 7
03-13 22:30:35.344     0     0 I @5 msm_vidc: fw: <VFW_E:HostDr:unkn:--------:-> VenusHostDriver_SetSysProperty(1009): QC_IMAGE_VERSION_STRING=VIDEO.IR.1.2-00031-PROD-1.261943.2
03-13 22:30:35.344     0     0 I @5 msm_vidc: fw: <VFW_E:HostDr:unkn:--------:-> VenusHostDriver_SetSysProperty(1012): BUILD_TIME: Mar 13 2020 03:11:24
03-13 22:30:35.344     0     0 I @1 msm_vidc: err: This control 980928 is not supported yet
03-13 22:30:35.344     0     0 I msm_vidc: fw: <VFW_E:HostDr:unkn:--------:->
03-13 22:30:35.344     0     0 I msm_vidc: fw: <VFW_E:HostDr:unkn:--------:->
03-13 22:30:35.344     0     0 I msm_vidc: fw: <VFW_E:HostDr:unkn:--------:->
03-13 22:30:35.344     0     0 I msm_vidc: fw: <VFW_E:HostDr:unkn:--------:->
03-13 22:30:35.345  1009  1009 I QC2Comp : codec capability queried!
03-13 22:30:35.345  1045  1045 I AdrenoGLES-0: QUALCOMM build                   : ab8b468, I1017670a82
03-13 22:30:35.345  1045  1045 I AdrenoGLES-0: Build Date                       : 02/05/21
03-13 22:30:35.345  1045  1045 I AdrenoGLES-0: OpenGL ES Shader Compiler Version: EV031.32.02.07
03-13 22:30:35.345  1045  1045 I AdrenoGLES-0: Local Branch                     : mybrancheb67b55a-6fa6-f12c-ba74-1458d0b52af0
03-13 22:30:35.345  1045  1045 I AdrenoGLES-0: Remote Branch                    : quic/gfx-adreno.lnx.1.0.r99-rel
03-13 22:30:35.345  1045  1045 I AdrenoGLES-0: Remote Branch                    : NONE
03-13 22:30:35.345  1045  1045 I AdrenoGLES-0: Reconstruct Branch               : NOTHING
03-13 22:30:35.345  1045  1045 I AdrenoGLES-0: Build Config                     : S P 10.0.7 AArch64
03-13 22:30:35.345  1045  1045 I AdrenoGLES-0: Driver Path                      : /vendor/lib64/egl/libGLESv2_adreno.so
03-13 22:30:35.347  1009  1009 I QC2V4l2Driver: [c2.qti.vp9.decoder] Closed device driver with fd: 7
03-13 22:30:35.347  1009  1009 I QC2CompStore: Added capabilities for c2.qti.vp9.decoder
03-13 22:30:35.347  1009  1009 I QC2V4l2Driver: [c2.qti.vp9.decoder.secure] Device /dev/video32 opened with fd: 7
03-13 22:30:35.348     0     0 I @5 msm_vidc: fw: <VFW_E:HostDr:unkn:--------:-> VenusHostDriver_SetSysProperty(1009): QC_IMAGE_VERSION_STRING=VIDEO.IR.1.2-00031-PROD-1.261943.2
03-13 22:30:35.348     0     0 I @5 msm_vidc: fw: <VFW_E:HostDr:unkn:--------:-> VenusHostDriver_SetSysProperty(1012): BUILD_TIME: Mar 13 2020 03:11:24
03-13 22:30:35.348     0     0 I @2 msm_vidc: err: This control 980928 is not supported yet
03-13 22:30:35.349     0     0 I msm_vidc: fw: <VFW_E:HostDr:unkn:--------:->
03-13 22:30:35.349     0     0 I msm_vidc: fw: <VFW_E:HostDr:unkn:--------:->
03-13 22:30:35.351  1009  1009 I QC2Comp : codec capability queried!
03-13 22:30:35.351  1009  1009 I QC2V4l2Driver: [c2.qti.vp9.decoder.secure] Closed device driver with fd: 7
03-13 22:30:35.351  1009  1009 I QC2CompStore: Added capabilities for c2.qti.vp9.decoder.secure
03-13 22:30:35.351  1009  1009 I QC2CompStore: initialized store (qti.c2.store) with 13 components
03-13 22:30:35.352   860   860 I ServiceManager: Waiting for service 'statscompanion' on '/dev/binder'...
03-13 22:30:35.355  1009  1009 I HidlServiceManagement: Registered android.hardware.media.c2@1.0::IComponentStore/default (start delay of 257ms)
03-13 22:30:35.355  1009  1009 I vendor.qti.media.c2@1.0-service: Codec2's IComponentStore default service created.
03-13 22:30:35.360     0     0 W         : @1 kgsl kgsl-3d0: loading /vendor/firmware_mnt/image/a630_sqe.fw failed with error -13
03-13 22:30:35.363     0     0 I         : @4 spi_geni 88c000.spi: proto 1
03-13 22:30:35.363     0     0 I         : @4 spi_geni 88c000.spi: tx_fifo 16 rx_fifo 16 tx_width 32
03-13 22:30:35.364   931   931 E android.hardware.camera.provider@2.4-service_64: ChiAWBAlgorithmEntry
03-13 22:30:35.367   862  1049 I zygote64: Verified 1373 classes from mainline modules in 139.564ms
03-13 22:30:35.369     0     0 I @3 ueventd: firmware: loading 'a630_sqe.fw' for '/devices/platform/soc/2c00000.qcom,kgsl-3d0/kgsl/kgsl-3d0/a630_sqe.fw'
03-13 22:30:35.370     0     0 W         : @5 kgsl kgsl-3d0: loading /vendor/firmware_mnt/image/a640_gmu.bin failed with error -13
03-13 22:30:35.372     0     0 I @2 ueventd: loading /devices/platform/soc/2c00000.qcom,kgsl-3d0/kgsl/kgsl-3d0/a630_sqe.fw took 3ms
03-13 22:30:35.375     0     0 I @5 ueventd: firmware: loading 'a640_gmu.bin' for '/devices/platform/soc/2c00000.qcom,kgsl-3d0/kgsl/kgsl-3d0/a640_gmu.bin'
03-13 22:30:35.376     0     0 I @5 ueventd: loading /devices/platform/soc/2c00000.qcom,kgsl-3d0/kgsl/kgsl-3d0/a640_gmu.bin took 1ms
03-13 22:30:35.378  1034  1034 I ServiceManager: Waiting for service 'media.metrics' on '/dev/binder'...
03-13 22:30:35.385   931   931 E CamX    : [ERROR][SENSOR ] camximagesensormoduledatamanager.cpp:257 CreateAllSensorModuleSetManagers() buf: MTP 19801 MP 14 15
03-13 22:30:35.439   863  1048 I zygote  : Verified 1373 classes from mainline modules in 212.636ms
03-13 22:30:35.452   860   860 I ServiceManager: Waiting for service 'statscompanion' on '/dev/binder'...
03-13 22:30:35.479  1034  1034 I ServiceManager: Waiting for service 'media.metrics' on '/dev/binder'...
03-13 22:30:35.497     0     0 F @5 boot_mode:  
03-13 22:30:35.501     0     0 E @5 [TP]touchpanel: tp_fw_update_work: fw_name = tp/FW_19801_SY761.bin
03-13 22:30:35.503     0     0 I @5 ueventd: firmware: loading 'tp/FW_19801_SY761.bin' for '/devices/virtual/sec/sec_ts/tp!FW_19801_SY761.bin'
03-13 22:30:35.505     0     0 E @5 [TP]touchpanel: retry times 0
03-13 22:30:35.505     0     0 E @5 [TP]sec-s6sy761: sec_fw_update is called, force update:0
03-13 22:30:35.505     0     0 I @5 ueventd: loading /devices/virtual/sec/sec_ts/tp!FW_19801_SY761.bin took 2ms
03-13 22:30:35.505     0     0 E @5 [TP]sec-s6sy761: img version in bin is 0x10640819, img version in ic is 0x10640819
03-13 22:30:35.505     0     0 E @5 [TP]sec-s6sy761: config version in bin is 0x10640802, config version in ic is 0x10640802
03-13 22:30:35.506     0     0 E @5 [TP]touchpanel: release all touch point and key, clear tp touch down flag
03-13 22:30:35.506     0     0 E @5 [TP]sec-s6sy761: sec_enable_black_gesture, enable = 0
03-13 22:30:35.516     0     0 E @5 [TP]sec-s6sy761: sec_enable_charge_mode: state: 0 success!
03-13 22:30:35.517     0     0 E @5 [TP]sec-s6sy761: sec_touchhold_switch_mode: touchhold_enable: 0 success!
03-13 22:30:35.517     0     0 E @6 [TP]touchpanel: fw update finished
03-13 22:30:35.550  1136  1136 I gsid    : no DSU: No such file or directory
03-13 22:30:35.552   860   860 I ServiceManager: Waiting for service 'statscompanion' on '/dev/binder'...
03-13 22:30:35.573   587   587 W libc    : Unable to set property "ro.sf.lcd_density" to "560": error code: 0xb
03-13 22:30:35.574     0     0 I         : @6 set_dload_mode ON
03-13 22:30:35.574     0     0 E         : @6 [MDM] on [1] dload_mode_addr [          (null)]
03-13 22:30:35.574     0     0 I         : @6 set_dload_mode ON
03-13 22:30:35.574     0     0 E         : @6 [MDM] on [16] dload_mode_addr [          (null)]
03-13 22:30:35.575     0     0 I         : @6 set_dload_mode ON
03-13 22:30:35.575     0     0 E         : @6 [MDM] on [1] dload_mode_addr [          (null)]
03-13 22:30:35.575     0     0 I         : @6 set_dload_mode ON
03-13 22:30:35.575     0     0 E         : @6 [MDM] on [16] dload_mode_addr [          (null)]
03-13 22:30:35.579  1034  1034 I ServiceManager: Waiting for service 'media.metrics' on '/dev/binder'...
03-13 22:30:35.604  1141  1141 I bootstat: Service started: /system/bin/bootstat --set_system_boot_reason 
03-13 22:30:35.605  1142  1142 I perfetto: probes.cc:77            Starting /system/bin/traced_probes service
03-13 22:30:35.605  1142  1142 I perfetto: probes_producer.cc:117  Disconnected from tracing service
03-13 22:30:35.606  1141  1141 I bootstat: Canonical boot reason: shutdown,userrequested
03-13 22:30:35.606  1141  1141 I bootstat: Canonical boot reason: shutdown,userrequested
03-13 22:30:35.606  1143  1143 W perfetto: service.cc:97           Started traced, listening on /dev/socket/traced_producer /dev/socket/traced_consumer
03-13 22:30:35.608  1139  1139 E PerMgrProxy: Starting pm-proxy service
03-13 22:30:35.612  1026  1043 D PerMgrSrv: modem state: is off-line, add client PM-PROXY-THREAD
03-13 22:30:35.612  1026  1043 D PerMgrSrv: PM-PROXY-THREAD registered
03-13 22:30:35.612  1139  1139 D PerMgrLib: PM-PROXY-THREAD successfully registered for modem
03-13 22:30:35.612  1139  1139 I PerMgrProxy: Casting proxy vote for modem
03-13 22:30:35.612  1139  1139 D PerMgrLib: PM-PROXY-THREAD voting for modem
03-13 22:30:35.612  1026  1043 D PerMgrSrv: PM-PROXY-THREAD voting for modem
03-13 22:30:35.612  1026  1043 D PerMgrSrv: modem new state: going on-line
03-13 22:30:35.612  1026  1043 D PerMgrSrv: modem num voters is 1
03-13 22:30:35.612  1139  1139 I PerMgrProxy: pm-proxy-thread vote successful for modem
03-13 22:30:35.613     0     0 I @6 subsys-restart: __subsystem_get(): Changing subsys fw_name to modem
03-13 22:30:35.615     0     0 I         : @6 ipa-wan ipa3_lcl_mdm_ssr_notifier_cb:3096 IPA received MPSS BEFORE_POWERUP
03-13 22:30:35.615     0     0 E         : @5 ipa ipa3_uc_state_check:338 uC is not loaded
03-13 22:30:35.615     0     0 I         : @5 ipa-wan ipa3_lcl_mdm_ssr_notifier_cb:3105 IPA BEFORE_POWERUP handling is complete
03-13 22:30:35.616     0     0 I         : @0 subsys-pil-tz 4080000.qcom,mss: modem: loading from 0x000000008dc00000 to 0x0000000097200000
03-13 22:30:35.617  1141  1141 I bootstat: Last reboot reason read from /metadata/bootstat/persist.sys.boot.reason : shutdown,userrequested. Last reboot reason read from persist.sys.boot.reason : shutdown,userrequested
03-13 22:30:35.617  1141  1141 I bootstat: Normalized last reboot reason : shutdown,userrequested
03-13 22:30:35.631  1150  1150 E modprobe: LoadWithAliases was unable to load rmnet_perf
03-13 22:30:35.632  1146  1146 D nxpese@1.0-service: Initializing State Machine...
03-13 22:30:35.632  1146  1146 D StateMachine: ProcessExtEvent: enter state:1 event:5
03-13 22:30:35.632  1146  1146 D StateMachine: ProcessExtEvent: exit state:1
03-13 22:30:35.632  1146  1146 D nxpese@1.0-service: Registering SecureElement HALIMPL Service v1.0...
03-13 22:30:35.632  1146  1146 D JcDnld_SPI: checkIfEseClientUpdateReqd enter:  
03-13 22:30:35.632  1146  1146 D android.hardware.secure_element@1.0-service: nxp config referred : libnfc-nxp.conf
03-13 22:30:35.632  1146  1146 D android.hardware.secure_element@1.0-service: nxp config file : /vendor/etc/libnfc-nxp.conf
03-13 22:30:35.633  1146  1146 D android.hardware.secure_element@1.0-service: readNxpTransitConfig-Enter..Reading /data/vendor/nfc/libnfc-nxpTransit.conf
03-13 22:30:35.633  1146  1146 E android.hardware.secure_element@1.0-service: readConfig Cannot open config file /data/vendor/nfc/libnfc-nxpTransit.conf
03-13 22:30:35.633  1146  1146 D android.hardware.secure_element@1.0-service: readNxpRFConfig-Enter..Reading /system/vendor/libnfc-nxp_RF.conf
03-13 22:30:35.633  1146  1146 E android.hardware.secure_element@1.0-service: readConfig Cannot open config file /system/vendor/libnfc-nxp_RF.conf
03-13 22:30:35.633  1146  1146 I android.hardware.secure_element@1.0-service: ConfigFile - Parsing file '/vendor/etc/libese-nxp.conf'
03-13 22:30:35.633  1146  1146 I android.hardware.secure_element@1.0-service: ConfigFile - [SE_DEBUG_ENABLED] = 1
03-13 22:30:35.633  1146  1146 I android.hardware.secure_element@1.0-service: ConfigFile - [NXP_SWP_RD_TAG_OP_TIMEOUT] = 0xFF
03-13 22:30:35.633  1146  1146 I android.hardware.secure_element@1.0-service: ConfigFile - [NXP_WTX_COUNT_VALUE] = 240
03-13 22:30:35.633  1146  1146 I android.hardware.secure_element@1.0-service: ConfigFile - [NXP_POWER_SCHEME] = 0x02
03-13 22:30:35.633  1146  1146 I android.hardware.secure_element@1.0-service: ConfigFile - [NXP_SOF_WRITE] = 0x01
03-13 22:30:35.633  1146  1146 I android.hardware.secure_element@1.0-service: ConfigFile - [NXP_TP_MEASUREMENT] = 0x00
03-13 22:30:35.633  1146  1146 I android.hardware.secure_element@1.0-service: ConfigFile - [NXP_SPI_INTF_RST_ENABLE] = 0x00
03-13 22:30:35.633  1146  1146 I android.hardware.secure_element@1.0-service: ConfigFile - [NXP_SPI_WRITE_TIMEOUT] = 0x14
03-13 22:30:35.634  1146  1146 I android.hardware.secure_element@1.0-service: ConfigFile - [NXP_ESE_DEV_NODE] = "/dev/p73"
03-13 22:30:35.634  1146  1146 I android.hardware.secure_element@1.0-service: ConfigFile - [NXP_MAX_RNACK_RETRY] = 0x0A
03-13 22:30:35.634  1146  1146 D nxpese@1.0-service: Registering SPI interface as eSE1
03-13 22:30:35.637  1146  1146 I HidlServiceManagement: Registered android.hardware.secure_element@1.0::ISecureElement/eSE1 (start delay of 28ms)
03-13 22:30:35.637  1146  1146 I HidlServiceManagement: Removing namespace from process name android.hardware.secure_element@1.0-service to secure_element@1.0-service.
03-13 22:30:35.637  1146  1146 D nxpese@1.0-service: Registering SecureElement HALIOCTL Service v1.0...
03-13 22:30:35.638  1146  1146 I HidlServiceManagement: Registered vendor.nxp.nxpese@1.0::INxpEse/default (start delay of 30ms)
03-13 22:30:35.638  1146  1146 D nxpese@1.0-service: Registering SecureElement Event Handler Service v1.0...
03-13 22:30:35.639  1146  1146 I HidlServiceManagement: Registered vendor.nxp.eventprocessor@1.0::INxpEseEvtProcessor/default (start delay of 30ms)
03-13 22:30:35.639  1146  1146 D nxpese@1.0-service: Secure Element HAL Service is ready
03-13 22:30:35.639  1146  1146 D JcDnld_SPI: eSEClientUpdateHandler Enter
03-13 22:30:35.639  1146  1146 D JcDnld_SPI: eSEClientUpdateHandler Exit 
03-13 22:30:35.640  1140  1152 I adbd    : Waiting for persist.adb.tls_server.enable=1
03-13 22:30:35.641  1140  1155 I adbd    : opening control endpoint /dev/usb-ffs/adb/ep0
03-13 22:30:35.641     0     0 I         : @3 ep0_open success!
03-13 22:30:35.641     0     0 I         : @3 read descriptors
03-13 22:30:35.641     0     0 I         : @3 read strings
03-13 22:30:35.643   862   862 E ActivityRecognitionHardware: activity_recognition HAL is deprecated. class_init is effectively a no-op
03-13 22:30:35.652  1140  1155 I adbd    : UsbFfsConnection constructed
03-13 22:30:35.652  1140  1158 I adbd    : UsbFfs-monitor thread spawned
03-13 22:30:35.656   860   860 I ServiceManager: Waiting for service 'statscompanion' on '/dev/binder'...
03-13 22:30:35.679  1034  1034 I ServiceManager: Waiting for service 'media.metrics' on '/dev/binder'...
03-13 22:30:35.684     0     0 I @4 tfa98xx_probe(): Container loading requested: 0
03-13 22:30:35.684     0     0 I         : @4 tfa98xx 0-0034: tfa98xx codec registered ()
03-13 22:30:35.686  1157  1157 I ThermalEngine: Thermal daemon started
03-13 22:30:35.687     0     0 I         : @4 tfa98xx 0-0035: tfa98xx codec registered ()
03-13 22:30:35.688     0     0 I tfa98xx_probe(): Container loading requested: 0
03-13 22:30:35.688  1157  1157 E ThermalEngine: Unknown target identified with soc id 339
03-13 22:30:35.688  1157  1157 I ThermalEngine: No target config file, falling back to '/vendor/etc/thermal-engine.conf'
03-13 22:30:35.699     0     0 W         : @1 subsys-pil-tz soc:qcom,kgsl-hyp: loading /vendor/firmware_mnt/image/a640_zap.mdt failed with error -13
03-13 22:30:35.702     0     0 I ueventd : firmware: loading 'tfa98xx.cnt' for '/devices/platform/soc/890000.i2c/i2c-0/0-0034/firmware/tfa98xx.cnt'
03-13 22:30:35.702     0     0 I @6 ueventd: firmware: loading 'a640_zap.mdt' for '/devices/platform/soc/soc:qcom,kgsl-hyp/firmware/a640_zap.mdt'
03-13 22:30:35.718     0     0 I @4 tfa98xx_container_loaded(): loaded tfa98xx.cnt - size: 3591
03-13 22:30:35.718     0     0 I @4 tfa98xx_container_loaded(): 3_01
03-13 22:30:35.718     0     0 I @4 tfa98xx_container_loaded(): NXP
03-13 22:30:35.718     0     0 I @4 tfa98xx_container_loaded(): stereo
03-13 22:30:35.718     0     0 I @4 tfa98xx_container_loaded(): 9871N1C
03-13 22:30:35.718     0     0 I @4 tfa98xx_container_loaded(): 2 ndev
03-13 22:30:35.718     0     0 I @4 tfa98xx_container_loaded(): 3 nprof
03-13 22:30:35.719     0     0 I @4 tfa98xx_container_loaded(): tfa98xx_container_loaded: tfa98xx->tfa->dev_idx = 0
03-13 22:30:35.719     0     0 I @4 tfa98xx_container_loaded(): Firmware init complete
03-13 22:30:35.719     0     0 E @4 tfa98xx_create_controls(): tfa98xx_create_controls: enter!
03-13 22:30:35.719     0     0 I @4 tfa98xx_create_controls(): profile added [0]: receiver
03-13 22:30:35.719     0     0 I @4 add_sr_to_profile(): added profile:samplerate = [0:48000] for mixer profile: receiver
03-13 22:30:35.719     0     0 I @4 tfa98xx_create_controls(): profile added [1]: speaker
03-13 22:30:35.719     1     1 I @4 add_sr_to_profile(): added profile:samplerate = [1:48000] for mixer profile: speaker
03-13 22:30:35.725  1174  1174 I installd: installd firing up
03-13 22:30:35.735  1177  1177 E libc    : Access denied finding property "init.svc.ril-daemon"
03-13 22:30:35.756   860   860 I ServiceManager: Waiting for service 'statscompanion' on '/dev/binder'...
03-13 22:30:35.766  1185  1185 V MediaUtils: physMem: 7831093248
03-13 22:30:35.766  1185  1185 V MediaUtils: requested limit: 134217728
03-13 22:30:35.766  1185  1185 I libc    : malloc_limit: Allocation limit enabled, max size 134217728 bytes
03-13 22:30:35.766  1157  1157 I ThermalEngine: devices_manager_init: Init
03-13 22:30:35.766  1157  1157 I ThermalEngine: Number of gpus :1
03-13 22:30:35.766  1157  1157 I ThermalEngine: Number of cpus :8
03-13 22:30:35.767  1157  1157 I ThermalEngine: update_cpu_topology: Cluster info node not found/sys/module/msm_thermal/cluster_info
03-13 22:30:35.767  1157  1157 E ThermalEngine: tmd_add_cpufreq_dev_data: Invalid or no boost freqs
03-13 22:30:35.774  1157  1157 I chatty  : uid=1000(system) /vendor/bin/thermal-engine identical 4 lines
03-13 22:30:35.775  1157  1157 E ThermalEngine: tmd_add_cpufreq_dev_data: Invalid or no boost freqs
03-13 22:30:35.775  1176  1176 I keystore: found android.hardware.keymaster@4.0::IKeymasterDevice with interface name default and seclevel TRUSTED_ENVIRONMENT
03-13 22:30:35.775  1157  1157 E ThermalEngine: tmd_add_cpufreq_dev_data: Invalid or no boost freqs
03-13 22:30:35.778  1157  1157 E ThermalEngine: tmd_add_cpufreq_dev_data: Invalid or no boost freqs
03-13 22:30:35.782  1175  1175 I iorapd  : iorapd (the prefetchening) firing up
03-13 22:30:35.783  1157  1157 E ThermalEngine: open/sys/class/thermal/cooling_device2/cur_state failed13
03-13 22:30:35.784  1034  1034 I ServiceManager: Waiting for service 'media.metrics' on '/dev/binder'...
03-13 22:30:35.785  1157  1157 E ThermalEngine: open/sys/class/thermal/cooling_device3/cur_state failed13
03-13 22:30:35.787  1157  1157 E ThermalEngine: open/sys/class/thermal/cooling_device4/cur_state failed13
03-13 22:30:35.788  1157  1193 I ThermalEngine: ADSP thermal mitigation available.
03-13 22:30:35.789  1157  1193 I ThermalEngine: Mitigation:vdd_restriction[ADSP]:0 pending QMI request succeded
03-13 22:30:35.790  1175  1175 I iorapd  : Opened existing database at '/data/misc/iorapd/sqlite.db'
03-13 22:30:35.791  1157  1157 E ThermalEngine: open/sys/class/thermal/cooling_device5/cur_state failed13
03-13 22:30:35.791  1175  1175 W iorapd  : Reconnect to package manager service: 1 times
03-13 22:30:35.792  1157  1157 E ThermalEngine: open/sys/class/thermal/cooling_device6/cur_state failed13
03-13 22:30:35.792  1175  1175 I ServiceManager: Waiting for service 'package_native' on '/dev/binder'...
03-13 22:30:35.793  1157  1157 E ThermalEngine: open/sys/class/thermal/cooling_device8/cur_state failed13
03-13 22:30:35.796  1157  1157 E ThermalEngine: open/sys/class/thermal/cooling_device10/cur_state failed13
03-13 22:30:35.797  1157  1157 E ThermalEngine: open/sys/class/thermal/cooling_device11/cur_state failed13
03-13 22:30:35.797  1157  1157 I ThermalEngine: tmd_init_cluster_devs: No clusters found
03-13 22:30:35.798  1157  1157 E ThermalEngine: open/sys/class/thermal/cooling_device0/cur_state failed13
03-13 22:30:35.799  1157  1157 E ThermalEngine: open/sys/class/thermal/cooling_device1/cur_state failed13
03-13 22:30:35.799  1157  1157 E ThermalEngine: Unable to set NPU cdev state to 0
03-13 22:30:35.800  1157  1157 E ThermalEngine: open/sys/class/thermal/cooling_device1/cur_state failed13
03-13 22:30:35.800  1157  1157 E ThermalEngine: devices_init: Init NPU TMD failed 5
03-13 22:30:35.801  1157  1157 E ThermalEngine: open/sys/class/thermal/cooling_device14/cur_state failed13
03-13 22:30:35.802  1157  1157 E ThermalEngine: open/sys/class/thermal/cooling_device15/cur_state failed13
03-13 22:30:35.803  1157  1157 E ThermalEngine: open/sys/class/thermal/cooling_device17/cur_state failed13
03-13 22:30:35.804  1157  1157 E ThermalEngine: open/sys/class/thermal/cooling_device16/cur_state failed13
03-13 22:30:35.804  1157  1157 I ThermalEngine: vdd_rstr_init: Could not read /sys/module/msm_thermal/vdd_restriction/enabled
03-13 22:30:35.809  1142  1142 I perfetto: probes_producer.cc:100  Connected to the service
03-13 22:30:35.809     0     0 I         : @1 subsys-pil-tz soc:qcom,kgsl-hyp: a640_zap: loading from 0x00000000f2c00000 to 0x00000000f2c01000
03-13 22:30:35.811  1157  1157 E ThermalEngine: Error reading /sys/class/leds/lcd-backlight/max_brightness
03-13 22:30:35.811  1157  1157 E ThermalEngine: open/sys/class/power_supply/battery/system_temp_level failed2
03-13 22:30:35.811  1157  1157 E ThermalEngine: Unable to init battery charging mitigation to 0
03-13 22:30:35.811  1157  1157 I ThermalEngine: sensors_manager_init: Init
03-13 22:30:35.817  1185  1185 D AudioPowerUsage: AudioPowerUsage
03-13 22:30:35.817  1185  1185 D AudioAnalytics: AudioAnalytics
03-13 22:30:35.817  1185  1185 D MediaMetricsService: MediaMetricsService
03-13 22:30:35.829     0     0 I @4 tfa98xx_container_loaded(): loaded tfa98xx.cnt - size: 3591
03-13 22:30:35.829     0     0 I @4 tfa98xx_container_loaded(): container file already loaded...
03-13 22:30:35.829     0     0 I @4 tfa98xx_container_loaded(): tfa98xx_container_loaded: tfa98xx->tfa->dev_idx = 1
03-13 22:30:35.829     0     0 I @4 tfa98xx_container_loaded(): Firmware init complete
03-13 22:30:35.829  1198  1198 I PerfDaemon: PerfDaemon is starting.
03-13 22:30:35.839  1198  1198 W perfservice: libminijail[1198]: failed to get path of fd 5: No such file or directory
03-13 22:30:35.839  1198  1198 W perfservice: libminijail[1198]: allowing syscall: connect
03-13 22:30:35.839  1198  1198 W perfservice: libminijail[1198]: allowing syscall: fcntl
03-13 22:30:35.839  1198  1198 W perfservice: libminijail[1198]: allowing syscall: sendto
03-13 22:30:35.839  1198  1198 W perfservice: libminijail[1198]: allowing syscall: socket
03-13 22:30:35.839  1198  1198 W perfservice: libminijail[1198]: allowing syscall: writev
03-13 22:30:35.840  1198  1198 W perfservice: libminijail[1198]: logging seccomp filter failures
03-13 22:30:35.842   862   862 W Zygote  : Class not found for preloading: android.inputmethodservice.-$$Lambda$InputMethodService$TvVfWDKZ3ljQdrU87qYykg6uD-I
03-13 22:30:35.846  1157  1203 E ThermalEngine: socket creation success
03-13 22:30:35.851  1199  1199 E wfdhdcphal: wfdhdcphalservice starting...
03-13 22:30:35.851  1199  1199 W wfdhdcphalservice: libminijail[1199]: failed to get path of fd 5: No such file or directory
03-13 22:30:35.852  1199  1199 W wfdhdcphalservice: libminijail[1199]: allowing syscall: clock_gettime
03-13 22:30:35.852  1199  1199 W wfdhdcphalservice: libminijail[1199]: allowing syscall: connect
03-13 22:30:35.852  1199  1199 W wfdhdcphalservice: libminijail[1199]: allowing syscall: fcntl64
03-13 22:30:35.852  1199  1199 W wfdhdcphalservice: libminijail[1199]: allowing syscall: socket
03-13 22:30:35.852  1199  1199 W wfdhdcphalservice: libminijail[1199]: allowing syscall: writev
03-13 22:30:35.852  1199  1199 W wfdhdcphalservice: libminijail[1199]: logging seccomp filter failures
03-13 22:30:35.856   860   860 I ServiceManager: Waiting for service 'statscompanion' on '/dev/binder'...
03-13 22:30:35.856  1196  1196 I wificond: wificond is starting up...
03-13 22:30:35.857  1198  1198 D PerfDaemon: added vendor.perfservice to services and is now running.
03-13 22:30:35.858  1199  1199 I HidlServiceManagement: Registered android.hardware.drm@1.3::IDrmFactory/wfdhdcp (start delay of 70ms)
03-13 22:30:35.859  1199  1199 I HidlServiceManagement: Registered android.hardware.drm@1.3::ICryptoFactory/wfdhdcp (start delay of 71ms)
03-13 22:30:35.859  1157  1157 E ThermalEngine: Unable to change to /sys/devices/soc/
03-13 22:30:35.859  1157  1157 E ThermalEngine: bcl_setup: Unexpected node error
03-13 22:30:35.859  1157  1157 E ThermalEngine: add_tgt_sensor: bcl sensor setup failed failed.
03-13 22:30:35.859  1157  1157 E ThermalEngine: add_tgt_sensors_set: Error adding bcl
03-13 22:30:35.859  1157  1157 E ThermalEngine: sensors_init: Error adding BCL TS
03-13 22:30:35.859  1157  1157 E ThermalEngine: pid_init_data: ERROR Uknown device
03-13 22:30:35.859  1157  1157 E ThermalEngine: thermal_monitor_init_data: ERROR Uknown device
03-13 22:30:35.859  1157  1157 E ThermalEngine: speaker_cal_init_data: ERROR Uknown device
03-13 22:30:35.859  1157  1157 E ThermalEngine: ss_init_data: ERROR Uknown device
03-13 22:30:35.859  1157  1157 I ThermalEngine: Loading config file for virtual sensor
03-13 22:30:35.859  1157  1157 I ThermalEngine: Loading configuration file /vendor/etc/thermal-engine.conf
03-13 22:30:35.860  1157  1157 I ThermalEngine: Parsing section global
03-13 22:30:35.860  1157  1157 E ThermalEngine: virtual_sensors_init: Error getting virtual sensors set
03-13 22:30:35.860  1157  1157 I ThermalEngine: Loading configuration file /vendor/etc/thermal-engine.conf
03-13 22:30:35.860  1157  1157 I ThermalEngine: Parsing section global
03-13 22:30:35.860  1157  1157 E ThermalEngine: sensors_manager_reg_clnt: Invalid sensor pop_mem.
03-13 22:30:35.860  1157  1157 E ThermalEngine: pid_algo_init: Sensor clnt create fail pop_mem
03-13 22:30:35.860  1157  1157 E ThermalEngine: sensors_manager_reg_clnt: Invalid sensor cpu3.
03-13 22:30:35.860  1157  1157 E ThermalEngine: pid_algo_init: Sensor clnt create fail cpu3
03-13 22:30:35.860  1157  1157 E ThermalEngine: sensors_manager_reg_clnt: Invalid sensor cpu2.
03-13 22:30:35.860  1157  1157 E ThermalEngine: pid_algo_init: Sensor clnt create fail cpu2
03-13 22:30:35.860  1157  1157 E ThermalEngine: sensors_manager_reg_clnt: Invalid sensor cpu1.
03-13 22:30:35.860  1157  1157 E ThermalEngine: pid_algo_init: Sensor clnt create fail cpu1
03-13 22:30:35.860  1157  1157 E ThermalEngine: sensors_manager_reg_clnt: Invalid sensor cpu0.
03-13 22:30:35.860  1157  1157 E ThermalEngine: pid_algo_init: Sensor clnt create fail cpu0
03-13 22:30:35.860  1157  1157 I ThermalEngine: pid_algo_init: No PID's to be configured.
03-13 22:30:35.860  1157  1157 E ThermalEngine: Failed to setup at least one sensor for monitoring
03-13 22:30:35.860  1157  1157 I ThermalEngine: ss_algo_init: No SS's configured.
03-13 22:30:35.860  1157  1157 E ThermalEngine: No speaker_cal config
03-13 22:30:35.860  1157  1157 E ThermalEngine: open/sys/module/msm_thermal/parameters/enabled failed2
03-13 22:30:35.866  1157  1251 I ThermalEngine: Monitor : quiet_therm = 30989, msm_therm = 39616, xo_therm = 33429, battery_therm = 293,current_now = 283000 
03-13 22:30:35.870  1196  1196 I HidlServiceManagement: Registered android.system.wifi.keystore@1.0::IKeystore/default (start delay of 91ms)
03-13 22:30:35.879   862   862 I zygote64: Thread[1,tid=862,Native,Thread*=0x7b7435a010,peer=0x12c03040,"main"] recursive attempt to load library "libmedia_jni.so"
03-13 22:30:35.879  1235  1235 I HidlServiceManagement: Registered com.qualcomm.qti.dpm.api@1.0::IdpmQmi/dpmQmiService (start delay of 40ms)
03-13 22:30:35.880   862   862 I zygote64: Thread[1,tid=862,Native,Thread*=0x7b7435a010,peer=0x12c03040,"main"] recursive attempt to load library "libmedia_jni.so"
03-13 22:30:35.880   862   862 D MtpDeviceJNI: register_android_mtp_MtpDevice
03-13 22:30:35.880   862   862 I zygote64: Thread[1,tid=862,Native,Thread*=0x7b7435a010,peer=0x12c03040,"main"] recursive attempt to load library "libmedia_jni.so"
