03-13 18:53:09.441  1452  1527 I PackageWatchdog: Syncing state, reason: updated observers
03-13 18:53:09.441  1452  1527 I PackageWatchdog: Not pruning observers, elapsed time: 0ms
03-13 18:53:09.441  1452  1527 I PackageWatchdog: Scheduling next state sync in 172799906ms
03-13 18:53:09.441  1452  1527 I PackageWatchdog: Saving observer state to file
03-13 18:53:09.449  1452  1452 D PackageWatchdog: Getting all observed packages pending health checks
03-13 18:53:09.449  1452  1452 I PackageWatchdog: Syncing health check requests for packages: {}
03-13 18:53:09.449  1452  1452 I ExplicitHealthCheckController: Service not ready to get health check supported packages. Binding...
03-13 18:53:09.450  1452  1452 I ExplicitHealthCheckController: Explicit health check service is bound
03-13 18:53:09.450  1452  1452 D PackageWatchdog: Getting all observed packages pending health checks
03-13 18:53:09.450  1452  1452 I PackageWatchdog: Syncing health check requests for packages: {}
03-13 18:53:09.450  1452  1452 I ExplicitHealthCheckController: Service not ready to get health check supported packages. Binding...
03-13 18:53:09.450  1452  1452 I ExplicitHealthCheckController: Not binding to service, service already connecting
03-13 18:53:09.463  1452  1452 I ExplicitHealthCheckController: Explicit health check service is connected ComponentInfo{com.google.android.ext.services/android.ext.services.watchdog.ExplicitHealthCheckServiceImpl}
03-13 18:53:09.463  1452  1452 I ExplicitHealthCheckController: Service initialized, syncing requests
03-13 18:53:09.465  1452  1452 D NotificationService: 0|com.google.android.googlequicksearchbox|-1873494995|n|10154: granting content://settings/system/notification_sound
03-13 18:53:09.467  1452  1452 I chatty  : uid=1000 system_server identical 2 lines
03-13 18:53:09.467  1452  1452 D NotificationService: 0|com.google.android.googlequicksearchbox|-1873494995|n|10154: granting content://settings/system/notification_sound
03-13 18:53:09.468  1452  1452 W NotificationHistory: Attempted to add notif for locked/gone/disabled user 0
03-13 18:53:09.468  1452  1452 D PackageWatchdog: Getting all observed packages pending health checks
03-13 18:53:09.468  1452  1452 I PackageWatchdog: Syncing health check requests for packages: {}
03-13 18:53:09.468  1452  1452 D ExplicitHealthCheckController: Getting health check supported packages
03-13 18:53:09.470  1452  4408 I ExplicitHealthCheckController: Explicit health check supported packages [PackageConfig{com.google.android.networkstack, 86400000}]
03-13 18:53:09.470  1452  4408 D PackageWatchdog: Received supported packages [PackageConfig{com.google.android.networkstack, 86400000}]
03-13 18:53:09.470  1452  4408 I PackageWatchdog: Updated health check state for package android: PASSED -> PASSED
03-13 18:53:09.470  1452  4408 I PackageWatchdog: Updated health check state for package com.google.android.networkstack: PASSED -> PASSED
03-13 18:53:09.470  1452  4408 D ExplicitHealthCheckController: Getting health check requested packages
03-13 18:53:09.471  1452  3510 I ExplicitHealthCheckController: Explicit health check requested packages []
03-13 18:53:09.471  1452  3510 I ExplicitHealthCheckController: No more health check requests, unbinding...
03-13 18:53:09.473  1452  3510 I ExplicitHealthCheckController: Explicit health check service is unbound
03-13 18:53:09.517  1452  7178 D BackupTransportManager: Transport com.google.android.gms/.backup.BackupTransportService updated its attributes
03-13 18:53:09.542  1452  7178 W ActivityManager: Background start not allowed: service Intent { cmp=com.google.android.apps.messaging/.shared.datamodel.action.execution.ActionExecutorImpl$EmptyService } to com.google.android.apps.messaging/.shared.datamodel.action.execution.ActionExecutorImpl$EmptyService from pid=5680 uid=10180 pkg=com.google.android.apps.messaging startFg?=false
03-13 18:53:09.577  1452  7178 W ActivityManager: Background start not allowed: service Intent { cmp=com.google.android.apps.messaging/.shared.datamodel.action.execution.ActionExecutorImpl$EmptyService } to com.google.android.apps.messaging/.shared.datamodel.action.execution.ActionExecutorImpl$EmptyService from pid=5680 uid=10180 pkg=com.google.android.apps.messaging startFg?=false
03-13 18:53:09.596  1452  5194 I RescueParty: Starting to observe: [com.android.launcher3], updated namespace: launcher
03-13 18:53:09.596  1452  5194 I PackageWatchdog: Updated health check state for package com.android.launcher3: INACTIVE -> INACTIVE
03-13 18:53:09.597  1452  1527 I PackageWatchdog: Syncing state, reason: observing new packages
03-13 18:53:09.597  1452  1527 I PackageWatchdog: Removing 156ms from all packages on all observers
03-13 18:53:09.597  1452  1527 I PackageWatchdog: Updated health check state for package android: PASSED -> PASSED
03-13 18:53:09.597  1452  1527 I PackageWatchdog: Updated health check state for package com.google.android.networkstack: PASSED -> PASSED
03-13 18:53:09.597  1452  1527 I PackageWatchdog: Scheduling next state sync in 172799750ms
03-13 18:53:09.597  1452  1527 D PackageWatchdog: rescue-party-observer added the following packages to monitor [com.android.launcher3]
03-13 18:53:09.597  1452  1527 I PackageWatchdog: Syncing state, reason: updated observers
03-13 18:53:09.597  1452  1527 I PackageWatchdog: Not pruning observers, elapsed time: 0ms
03-13 18:53:09.597  1452  1527 I PackageWatchdog: Scheduling next state sync in 172799750ms
03-13 18:53:09.597  1452  1452 D PackageWatchdog: Getting all observed packages pending health checks
03-13 18:53:09.597  1452  1452 I PackageWatchdog: Syncing health check requests for packages: {com.android.launcher3}
03-13 18:53:09.597  1452  1452 I ExplicitHealthCheckController: Service not ready to get health check supported packages. Binding...
03-13 18:53:09.598  1452  1452 I ExplicitHealthCheckController: Explicit health check service is bound
03-13 18:53:09.599  1452  1452 D PackageWatchdog: Getting all observed packages pending health checks
03-13 18:53:09.600  1452  1452 I ExplicitHealthCheckController: Explicit health check service is connected ComponentInfo{com.google.android.ext.services/android.ext.services.watchdog.ExplicitHealthCheckServiceImpl}
03-13 18:53:09.600  1452  1452 I ExplicitHealthCheckController: Service initialized, syncing requests
03-13 18:53:09.600  1452  1452 D PackageWatchdog: Getting all observed packages pending health checks
03-13 18:53:09.600  1452  1452 I PackageWatchdog: Syncing health check requests for packages: {com.android.launcher3}
03-13 18:53:09.600  1452  1452 D ExplicitHealthCheckController: Getting health check supported packages
03-13 18:53:09.601  1452  3728 I ExplicitHealthCheckController: Explicit health check supported packages [PackageConfig{com.google.android.networkstack, 86400000}]
03-13 18:53:09.601  1452  3728 D PackageWatchdog: Received supported packages [PackageConfig{com.google.android.networkstack, 86400000}]
03-13 18:53:09.601  1452  3728 I PackageWatchdog: Updated health check state for package android: PASSED -> PASSED
03-13 18:53:09.601  1452  3728 I PackageWatchdog: Updated health check state for package com.android.launcher3: INACTIVE -> PASSED
03-13 18:53:09.601  1452  3728 I PackageWatchdog: Updated health check state for package com.google.android.networkstack: PASSED -> PASSED
03-13 18:53:09.601  1452  3728 I PackageWatchdog: Syncing state, reason: updated health check supported packages [PackageConfig{com.google.android.networkstack, 86400000}]
03-13 18:53:09.601  1452  3728 I PackageWatchdog: Removing 4ms from all packages on all observers
03-13 18:53:09.601  1452  3728 I PackageWatchdog: Updated health check state for package android: PASSED -> PASSED
03-13 18:53:09.601  1452  3728 I PackageWatchdog: Updated health check state for package com.android.launcher3: PASSED -> PASSED
03-13 18:53:09.601  1452  3728 I PackageWatchdog: Updated health check state for package com.google.android.networkstack: PASSED -> PASSED
03-13 18:53:09.601  1452  3728 I PackageWatchdog: Scheduling next state sync in 172799746ms
03-13 18:53:09.601  1452  3728 D ExplicitHealthCheckController: Getting health check requested packages
03-13 18:53:09.601  1452  1452 D PackageWatchdog: Getting all observed packages pending health checks
03-13 18:53:09.601  1452  1452 I PackageWatchdog: Syncing health check requests for packages: {}
03-13 18:53:09.602  1452  5196 I ExplicitHealthCheckController: Explicit health check requested packages []
03-13 18:53:09.603  1452  5196 I ExplicitHealthCheckController: No more health check requests, unbinding...
03-13 18:53:09.604  1452  5196 I ExplicitHealthCheckController: Explicit health check service is unbound
03-13 18:53:09.606     0     0 E [20210313_18:53:09.602278]@5 binder_alloc: 3334: binder_alloc_buf size 1056768 failed, no address space
03-13 18:53:09.606     0     0 E [20210313_18:53:09.602286]@5 binder_alloc: allocated: 4184 (num: 24 largest: 680), free: 1036200 (num: 7 largest: 1035480)
03-13 18:53:09.606     0     0 I [20210313_18:53:09.602290]@5 binder: 3931:7161 transaction failed 29201/-28, size 1056768-0 line 3234
03-13 18:53:09.608  1452  1452 I ExplicitHealthCheckController: Service not ready to get health check supported packages. Binding...
03-13 18:53:09.609  1452  1452 I ExplicitHealthCheckController: Explicit health check service is bound
03-13 18:53:09.609  1452  1527 I PackageWatchdog: Saving observer state to file
03-13 18:53:09.612  1452  1452 I ExplicitHealthCheckController: Explicit health check service is connected ComponentInfo{com.google.android.ext.services/android.ext.services.watchdog.ExplicitHealthCheckServiceImpl}
03-13 18:53:09.612  1452  1452 I ExplicitHealthCheckController: Service initialized, syncing requests
03-13 18:53:09.678  1452  1527 I PackageWatchdog: Saving observer state to file
03-13 18:53:09.678  1452  1452 D PackageWatchdog: Getting all observed packages pending health checks
03-13 18:53:09.678  1452  1452 I PackageWatchdog: Syncing health check requests for packages: {}
03-13 18:53:09.678  1452  1452 D ExplicitHealthCheckController: Getting health check supported packages
03-13 18:53:09.679  1452  5194 I ExplicitHealthCheckController: Explicit health check supported packages [PackageConfig{com.google.android.networkstack, 86400000}]
03-13 18:53:09.691     0     0 D [20210313_18:53:09.688472]@1 logd: logdr: UID=10156 GID=10156 PID=3931 n tail=0 logMask=4 pid=0 start=0ns timeout=0ns
03-13 18:53:09.736  1452  3728 I RescueParty: Starting to observe: [com.android.systemui], updated namespace: privacy
03-13 18:53:09.736  1452  3728 I PackageWatchdog: Updated health check state for package com.android.systemui: INACTIVE -> INACTIVE
03-13 18:53:09.761  1452  5194 D PackageWatchdog: Received supported packages [PackageConfig{com.google.android.networkstack, 86400000}]
03-13 18:53:09.761  1452  5194 I PackageWatchdog: Updated health check state for package android: PASSED -> PASSED
03-13 18:53:09.761  1452  5194 I PackageWatchdog: Updated health check state for package com.android.launcher3: PASSED -> PASSED
03-13 18:53:09.761  1452  5194 I PackageWatchdog: Updated health check state for package com.google.android.networkstack: PASSED -> PASSED
03-13 18:53:09.761  1452  5194 D ExplicitHealthCheckController: Getting health check requested packages
03-13 18:53:09.762  1452  5194 I ExplicitHealthCheckController: Explicit health check requested packages []
03-13 18:53:09.762  1452  5194 I ExplicitHealthCheckController: No more health check requests, unbinding...
03-13 18:53:09.763  1452  5194 I ExplicitHealthCheckController: Explicit health check service is unbound
03-13 18:53:09.779  1452  1527 I PackageWatchdog: Syncing state, reason: observing new packages
03-13 18:53:09.779  1452  1527 I PackageWatchdog: Removing 178ms from all packages on all observers
03-13 18:53:09.779  1452  1527 I PackageWatchdog: Updated health check state for package android: PASSED -> PASSED
03-13 18:53:09.779  1452  1527 I PackageWatchdog: Updated health check state for package com.android.launcher3: PASSED -> PASSED
03-13 18:53:09.779  1452  1527 I PackageWatchdog: Updated health check state for package com.google.android.networkstack: PASSED -> PASSED
03-13 18:53:09.779  1452  1527 I PackageWatchdog: Scheduling next state sync in 172799568ms
03-13 18:53:09.780  1452  1527 D PackageWatchdog: rescue-party-observer added the following packages to monitor [com.android.systemui]
03-13 18:53:09.780  1452  1527 I PackageWatchdog: Syncing state, reason: updated observers
03-13 18:53:09.780  1452  1527 I PackageWatchdog: Removing 1ms from all packages on all observers
03-13 18:53:09.780  1452  1527 I PackageWatchdog: Updated health check state for package android: PASSED -> PASSED
03-13 18:53:09.780  1452  1527 I PackageWatchdog: Updated health check state for package com.android.launcher3: PASSED -> PASSED
03-13 18:53:09.780  1452  1527 I PackageWatchdog: Updated health check state for package com.google.android.networkstack: PASSED -> PASSED
03-13 18:53:09.780  1452  1527 I PackageWatchdog: Updated health check state for package com.android.systemui: INACTIVE -> INACTIVE
03-13 18:53:09.780  1452  1527 I PackageWatchdog: Scheduling next state sync in 172799567ms
03-13 18:53:09.780  1452  1452 D PackageWatchdog: Getting all observed packages pending health checks
03-13 18:53:09.780  1452  1452 I PackageWatchdog: Syncing health check requests for packages: {com.android.systemui}
03-13 18:53:09.780  1452  1452 I ExplicitHealthCheckController: Service not ready to get health check supported packages. Binding...
03-13 18:53:09.780  1452  1527 I PackageWatchdog: Saving observer state to file
03-13 18:53:09.781  1452  1452 I ExplicitHealthCheckController: Explicit health check service is bound
03-13 18:53:09.792  1452  2016 D ConnectivityService: reportNetworkConnectivity(102, false) by 10156
03-13 18:53:09.815  1452  1500 I RescueParty: Starting to observe: [android], updated namespace: settings_stats
03-13 18:53:09.815  1452  1500 I PackageWatchdog: Updated health check state for package android: INACTIVE -> INACTIVE
03-13 18:53:09.824  1452  1452 D PackageWatchdog: Getting all observed packages pending health checks
03-13 18:53:09.824  1452  1527 I PackageWatchdog: Syncing state, reason: observing new packages
03-13 18:53:09.824  1452  1452 I ExplicitHealthCheckController: Explicit health check service is connected ComponentInfo{com.google.android.ext.services/android.ext.services.watchdog.ExplicitHealthCheckServiceImpl}
03-13 18:53:09.824  1452  1527 I PackageWatchdog: Removing 44ms from all packages on all observers
03-13 18:53:09.824  1452  1527 I PackageWatchdog: Updated health check state for package android: PASSED -> PASSED
03-13 18:53:09.824  1452  1527 I PackageWatchdog: Updated health check state for package com.android.launcher3: PASSED -> PASSED
03-13 18:53:09.824  1452  1527 I PackageWatchdog: Updated health check state for package com.google.android.networkstack: PASSED -> PASSED
03-13 18:53:09.824  1452  1452 I ExplicitHealthCheckController: Service initialized, syncing requests
03-13 18:53:09.824  1452  1527 I PackageWatchdog: Updated health check state for package com.android.systemui: INACTIVE -> INACTIVE
03-13 18:53:09.824  1452  1527 I PackageWatchdog: Scheduling next state sync in 172799523ms
03-13 18:53:09.824  1452  1527 D PackageWatchdog: rescue-party-observer added the following packages to monitor [android]
03-13 18:53:09.824  1452  1527 I PackageWatchdog: Syncing state, reason: updated observers
03-13 18:53:09.824  1452  1527 I PackageWatchdog: Not pruning observers, elapsed time: 0ms
03-13 18:53:09.824  1452  1527 I PackageWatchdog: Scheduling next state sync in 172799523ms
03-13 18:53:09.824  1452  1527 I PackageWatchdog: Saving observer state to file
03-13 18:53:09.829  1452  1452 D PackageWatchdog: Getting all observed packages pending health checks
03-13 18:53:09.829  1452  1452 I PackageWatchdog: Syncing health check requests for packages: {com.android.systemui}
03-13 18:53:09.829  1452  1452 D ExplicitHealthCheckController: Getting health check supported packages
03-13 18:53:09.830  1452  5196 I ExplicitHealthCheckController: Explicit health check supported packages [PackageConfig{com.google.android.networkstack, 86400000}]
03-13 18:53:09.830  1452  5196 D PackageWatchdog: Received supported packages [PackageConfig{com.google.android.networkstack, 86400000}]
03-13 18:53:09.830  1452  5196 I PackageWatchdog: Updated health check state for package android: PASSED -> PASSED
03-13 18:53:09.830  1452  5196 I PackageWatchdog: Updated health check state for package com.android.launcher3: PASSED -> PASSED
03-13 18:53:09.830  1452  5196 I PackageWatchdog: Updated health check state for package com.google.android.networkstack: PASSED -> PASSED
03-13 18:53:09.830  1452  5196 I PackageWatchdog: Updated health check state for package com.android.systemui: INACTIVE -> PASSED
03-13 18:53:09.830  1452  5196 I PackageWatchdog: Syncing state, reason: updated health check supported packages [PackageConfig{com.google.android.networkstack, 86400000}]
03-13 18:53:09.830  1452  5196 I PackageWatchdog: Removing 6ms from all packages on all observers
03-13 18:53:09.830  1452  5196 I PackageWatchdog: Updated health check state for package android: PASSED -> PASSED
03-13 18:53:09.830  1452  5196 I PackageWatchdog: Updated health check state for package com.android.launcher3: PASSED -> PASSED
03-13 18:53:09.830  1452  5196 I PackageWatchdog: Updated health check state for package com.google.android.networkstack: PASSED -> PASSED
03-13 18:53:09.830  1452  5196 I PackageWatchdog: Updated health check state for package com.android.systemui: PASSED -> PASSED
03-13 18:53:09.830  1452  5196 I PackageWatchdog: Scheduling next state sync in 172799517ms
03-13 18:53:09.830  1452  5196 D ExplicitHealthCheckController: Getting health check requested packages
03-13 18:53:09.830  1452  1452 D PackageWatchdog: Getting all observed packages pending health checks
03-13 18:53:09.831  1452  1452 I PackageWatchdog: Syncing health check requests for packages: {}
03-13 18:53:09.831  1452  5196 I ExplicitHealthCheckController: Explicit health check requested packages []
03-13 18:53:09.832  1452  5196 I ExplicitHealthCheckController: No more health check requests, unbinding...
03-13 18:53:09.835  1452  5196 I ExplicitHealthCheckController: Explicit health check service is unbound
03-13 18:53:09.835  1452  1452 I ExplicitHealthCheckController: Service not ready to get health check supported packages. Binding...
03-13 18:53:09.836  1452  1452 I ExplicitHealthCheckController: Explicit health check service is bound
03-13 18:53:09.838  1452  1452 I ExplicitHealthCheckController: Explicit health check service is connected ComponentInfo{com.google.android.ext.services/android.ext.services.watchdog.ExplicitHealthCheckServiceImpl}
03-13 18:53:09.838  1452  1452 I ExplicitHealthCheckController: Service initialized, syncing requests
03-13 18:53:09.838  1452  1452 D PackageWatchdog: Getting all observed packages pending health checks
03-13 18:53:09.838  1452  1452 I PackageWatchdog: Syncing health check requests for packages: {}
03-13 18:53:09.838  1452  1452 D ExplicitHealthCheckController: Getting health check supported packages
03-13 18:53:09.839  1452  5194 I ExplicitHealthCheckController: Explicit health check supported packages [PackageConfig{com.google.android.networkstack, 86400000}]
03-13 18:53:09.839  1452  5194 D PackageWatchdog: Received supported packages [PackageConfig{com.google.android.networkstack, 86400000}]
03-13 18:53:09.839  1452  5194 I PackageWatchdog: Updated health check state for package android: PASSED -> PASSED
03-13 18:53:09.839  1452  5194 I PackageWatchdog: Updated health check state for package com.android.launcher3: PASSED -> PASSED
03-13 18:53:09.839  1452  5194 I PackageWatchdog: Updated health check state for package com.google.android.networkstack: PASSED -> PASSED
03-13 18:53:09.839  1452  5194 I PackageWatchdog: Updated health check state for package com.android.systemui: PASSED -> PASSED
03-13 18:53:09.839  1452  5194 D ExplicitHealthCheckController: Getting health check requested packages
03-13 18:53:09.839  1452  5194 I ExplicitHealthCheckController: Explicit health check requested packages []
03-13 18:53:09.839  1452  5194 I ExplicitHealthCheckController: No more health check requests, unbinding...
03-13 18:53:09.839  1452  1527 I PackageWatchdog: Saving observer state to file
03-13 18:53:09.840  1452  5194 I ExplicitHealthCheckController: Explicit health check service is unbound
03-13 18:53:09.896  1452  2016 D ConnectivityService: releasing NetworkRequest [ TRACK_DEFAULT id=46, [ Capabilities: INTERNET&NOT_RESTRICTED&TRUSTED Uid: 10151 AdministratorUids: [] RequestorUid: 10151 RequestorPackageName: com.google.android.dialer] ] (release request)
03-13 18:53:09.897  1452  5196 I RescueParty: Starting to observe: [com.google.android.ext.services, android, com.android.systemui], updated namespace: systemui
03-13 18:53:09.897  1452  5196 I PackageWatchdog: Updated health check state for package com.google.android.ext.services: INACTIVE -> INACTIVE
03-13 18:53:09.897  1452  5196 I PackageWatchdog: Updated health check state for package android: INACTIVE -> INACTIVE
03-13 18:53:09.897  1452  5196 I PackageWatchdog: Updated health check state for package com.android.systemui: INACTIVE -> INACTIVE
03-13 18:53:09.900  1452  1527 I PackageWatchdog: Syncing state, reason: observing new packages
03-13 18:53:09.900  1452  1527 I PackageWatchdog: Removing 70ms from all packages on all observers
03-13 18:53:09.900  1452  1527 I PackageWatchdog: Updated health check state for package android: PASSED -> PASSED
03-13 18:53:09.901  1452  1527 I PackageWatchdog: Updated health check state for package com.android.launcher3: PASSED -> PASSED
03-13 18:53:09.901  1452  1527 I PackageWatchdog: Updated health check state for package com.google.android.networkstack: PASSED -> PASSED
03-13 18:53:09.901  1452  1527 I PackageWatchdog: Updated health check state for package com.android.systemui: PASSED -> PASSED
03-13 18:53:09.901  1452  1527 I PackageWatchdog: Scheduling next state sync in 172799447ms
03-13 18:53:09.901  1452  1527 D PackageWatchdog: rescue-party-observer added the following packages to monitor [com.google.android.ext.services, android, com.android.systemui]
03-13 18:53:09.901  1452  1527 I PackageWatchdog: Syncing state, reason: updated observers
03-13 18:53:09.901  1452  1527 I PackageWatchdog: Not pruning observers, elapsed time: 0ms
03-13 18:53:09.901  1452  1527 I PackageWatchdog: Scheduling next state sync in 172799447ms
03-13 18:53:09.901  1452  1527 I PackageWatchdog: Saving observer state to file
03-13 18:53:09.931  1452  1452 D PackageWatchdog: Getting all observed packages pending health checks
03-13 18:53:09.931  1452  1452 I PackageWatchdog: Syncing health check requests for packages: {com.google.android.ext.services}
03-13 18:53:09.931  1452  1452 I ExplicitHealthCheckController: Service not ready to get health check supported packages. Binding...
03-13 18:53:09.933  1452  1452 I ExplicitHealthCheckController: Explicit health check service is bound
03-13 18:53:09.934  1452  1452 I ExplicitHealthCheckController: Explicit health check service is connected ComponentInfo{com.google.android.ext.services/android.ext.services.watchdog.ExplicitHealthCheckServiceImpl}
03-13 18:53:09.934  1452  1452 I ExplicitHealthCheckController: Service initialized, syncing requests
03-13 18:53:09.935  1452  1452 D PackageWatchdog: Getting all observed packages pending health checks
03-13 18:53:09.935  1452  1452 I PackageWatchdog: Syncing health check requests for packages: {com.google.android.ext.services}
03-13 18:53:09.935  1452  1452 D ExplicitHealthCheckController: Getting health check supported packages
03-13 18:53:09.936  1452  4408 I ExplicitHealthCheckController: Explicit health check supported packages [PackageConfig{com.google.android.networkstack, 86400000}]
03-13 18:53:09.936  1452  4408 D PackageWatchdog: Received supported packages [PackageConfig{com.google.android.networkstack, 86400000}]
03-13 18:53:09.937  1452  4408 I PackageWatchdog: Updated health check state for package com.google.android.ext.services: INACTIVE -> PASSED
03-13 18:53:09.937  1452  4408 I PackageWatchdog: Updated health check state for package android: PASSED -> PASSED
03-13 18:53:09.937  1452  4408 I PackageWatchdog: Updated health check state for package com.android.launcher3: PASSED -> PASSED
03-13 18:53:09.937  1452  4408 I PackageWatchdog: Updated health check state for package com.google.android.networkstack: PASSED -> PASSED
03-13 18:53:09.937  1452  4408 I PackageWatchdog: Updated health check state for package com.android.systemui: PASSED -> PASSED
03-13 18:53:09.937  1452  4408 I PackageWatchdog: Syncing state, reason: updated health check supported packages [PackageConfig{com.google.android.networkstack, 86400000}]
03-13 18:53:09.937  1452  4408 I PackageWatchdog: Removing 36ms from all packages on all observers
03-13 18:53:09.937  1452  4408 I PackageWatchdog: Updated health check state for package com.google.android.ext.services: PASSED -> PASSED
03-13 18:53:09.937  1452  4408 I PackageWatchdog: Updated health check state for package android: PASSED -> PASSED
03-13 18:53:09.937  1452  4408 I PackageWatchdog: Updated health check state for package com.android.launcher3: PASSED -> PASSED
03-13 18:53:09.937  1452  4408 I PackageWatchdog: Updated health check state for package com.google.android.networkstack: PASSED -> PASSED
03-13 18:53:09.937  1452  4408 I PackageWatchdog: Updated health check state for package com.android.systemui: PASSED -> PASSED
03-13 18:53:09.937  1452  4408 I PackageWatchdog: Scheduling next state sync in 172799411ms
03-13 18:53:09.937  1452  4408 D ExplicitHealthCheckController: Getting health check requested packages
03-13 18:53:09.937  1452  1452 D PackageWatchdog: Getting all observed packages pending health checks
03-13 18:53:09.937  1452  1452 I PackageWatchdog: Syncing health check requests for packages: {}
03-13 18:53:09.937  1452  1452 D ExplicitHealthCheckController: Getting health check supported packages
03-13 18:53:09.938  1452  4408 I ExplicitHealthCheckController: Explicit health check supported packages [PackageConfig{com.google.android.networkstack, 86400000}]
03-13 18:53:09.938  1452  4408 D PackageWatchdog: Received supported packages [PackageConfig{com.google.android.networkstack, 86400000}]
03-13 18:53:09.938  1452  4408 I PackageWatchdog: Updated health check state for package com.google.android.ext.services: PASSED -> PASSED
03-13 18:53:09.938  1452  4408 I PackageWatchdog: Updated health check state for package android: PASSED -> PASSED
03-13 18:53:09.938  1452  4408 I PackageWatchdog: Updated health check state for package com.android.launcher3: PASSED -> PASSED
03-13 18:53:09.938  1452  4408 I PackageWatchdog: Updated health check state for package com.google.android.networkstack: PASSED -> PASSED
03-13 18:53:09.938  1452  4408 I PackageWatchdog: Updated health check state for package com.android.systemui: PASSED -> PASSED
03-13 18:53:09.938  1452  4408 D ExplicitHealthCheckController: Getting health check requested packages
03-13 18:53:09.940  1452  4412 I ExplicitHealthCheckController: Explicit health check requested packages []
03-13 18:53:09.940  1452  4412 I ExplicitHealthCheckController: No more health check requests, unbinding...
03-13 18:53:09.940  1452  7178 I ExplicitHealthCheckController: Explicit health check requested packages []
03-13 18:53:09.941  1452  4412 I ExplicitHealthCheckController: Explicit health check service is unbound
03-13 18:53:09.942  1452  1527 I PackageWatchdog: Saving observer state to file
03-13 18:53:09.943  1452  5196 I ActivityManager: Killing 3774:com.google.android.marvin.talkback/u0a164 (adj 995): empty #31
03-13 18:53:09.947  1452  7178 I ExplicitHealthCheckController: No more health check requests, unbinding...
03-13 18:53:09.947  1452  7178 I ExplicitHealthCheckController: Explicit health check service is unbound
03-13 18:53:09.955  1452  3728 I RescueParty: Starting to observe: [android, com.android.settings], updated namespace: telephony
03-13 18:53:09.955  1452  3728 I PackageWatchdog: Updated health check state for package android: INACTIVE -> INACTIVE
03-13 18:53:09.955  1452  3728 I PackageWatchdog: Updated health check state for package com.android.settings: INACTIVE -> INACTIVE
03-13 18:53:09.965  1452  1527 I PackageWatchdog: Syncing state, reason: observing new packages
03-13 18:53:09.965  1452  1527 I PackageWatchdog: Removing 28ms from all packages on all observers
03-13 18:53:09.965  1452  1527 I PackageWatchdog: Updated health check state for package com.google.android.ext.services: PASSED -> PASSED
03-13 18:53:09.965  1452  1527 I PackageWatchdog: Updated health check state for package android: PASSED -> PASSED
03-13 18:53:09.965  1452  1527 I PackageWatchdog: Updated health check state for package com.android.launcher3: PASSED -> PASSED
03-13 18:53:09.965  1452  1527 I PackageWatchdog: Updated health check state for package com.google.android.networkstack: PASSED -> PASSED
03-13 18:53:09.965  1452  1527 I PackageWatchdog: Updated health check state for package com.android.systemui: PASSED -> PASSED
03-13 18:53:09.965  1452  1527 I PackageWatchdog: Scheduling next state sync in 172799383ms
03-13 18:53:09.965  1452  1527 D PackageWatchdog: rescue-party-observer added the following packages to monitor [android, com.android.settings]
03-13 18:53:09.965  1452  1527 I PackageWatchdog: Syncing state, reason: updated observers
03-13 18:53:09.965  1452  1527 I PackageWatchdog: Not pruning observers, elapsed time: 0ms
03-13 18:53:09.965  1452  1527 I PackageWatchdog: Scheduling next state sync in 172799383ms
03-13 18:53:09.965  1452  1452 D PackageWatchdog: Getting all observed packages pending health checks
03-13 18:53:09.965  1452  1452 I PackageWatchdog: Syncing health check requests for packages: {com.android.settings}
03-13 18:53:09.965  1452  1527 I PackageWatchdog: Saving observer state to file
03-13 18:53:09.965  1452  1452 I ExplicitHealthCheckController: Service not ready to get health check supported packages. Binding...
03-13 18:53:09.966  1452  1452 I ExplicitHealthCheckController: Explicit health check service is bound
03-13 18:53:09.969  1452  1452 I ExplicitHealthCheckController: Explicit health check service is connected ComponentInfo{com.google.android.ext.services/android.ext.services.watchdog.ExplicitHealthCheckServiceImpl}
03-13 18:53:09.969  1452  1452 I ExplicitHealthCheckController: Service initialized, syncing requests
03-13 18:53:09.981  1452  1452 D PackageWatchdog: Getting all observed packages pending health checks
03-13 18:53:09.981  1452  1452 I PackageWatchdog: Syncing health check requests for packages: {com.android.settings}
03-13 18:53:09.981  1452  1452 D ExplicitHealthCheckController: Getting health check supported packages
03-13 18:53:09.982  1452  2422 I ExplicitHealthCheckController: Explicit health check supported packages [PackageConfig{com.google.android.networkstack, 86400000}]
03-13 18:53:09.982  1452  2422 D PackageWatchdog: Received supported packages [PackageConfig{com.google.android.networkstack, 86400000}]
03-13 18:53:09.982  1452  2422 I PackageWatchdog: Updated health check state for package com.google.android.ext.services: PASSED -> PASSED
03-13 18:53:09.982  1452  2422 I PackageWatchdog: Updated health check state for package android: PASSED -> PASSED
03-13 18:53:09.982  1452  2422 I PackageWatchdog: Updated health check state for package com.android.launcher3: PASSED -> PASSED
03-13 18:53:09.982  1452  2422 I PackageWatchdog: Updated health check state for package com.google.android.networkstack: PASSED -> PASSED
03-13 18:53:09.982  1452  2422 I PackageWatchdog: Updated health check state for package com.android.settings: INACTIVE -> PASSED
03-13 18:53:09.982  1452  2422 I PackageWatchdog: Updated health check state for package com.android.systemui: PASSED -> PASSED
03-13 18:53:09.982  1452  2422 I PackageWatchdog: Syncing state, reason: updated health check supported packages [PackageConfig{com.google.android.networkstack, 86400000}]
03-13 18:53:09.982  1452  2422 I PackageWatchdog: Removing 17ms from all packages on all observers
03-13 18:53:09.982  1452  2422 I PackageWatchdog: Updated health check state for package com.google.android.ext.services: PASSED -> PASSED
03-13 18:53:09.982  1452  2422 I PackageWatchdog: Updated health check state for package android: PASSED -> PASSED
03-13 18:53:09.982  1452  2422 I PackageWatchdog: Updated health check state for package com.android.launcher3: PASSED -> PASSED
03-13 18:53:09.982  1452  2422 I PackageWatchdog: Updated health check state for package com.google.android.networkstack: PASSED -> PASSED
03-13 18:53:09.982  1452  2422 I PackageWatchdog: Updated health check state for package com.android.settings: PASSED -> PASSED
03-13 18:53:09.982  1452  2422 I PackageWatchdog: Updated health check state for package com.android.systemui: PASSED -> PASSED
03-13 18:53:09.983  1452  2422 I PackageWatchdog: Scheduling next state sync in 172799366ms
03-13 18:53:09.983  1452  2422 D ExplicitHealthCheckController: Getting health check requested packages
03-13 18:53:09.983  1452  2422 I ExplicitHealthCheckController: Explicit health check requested packages []
03-13 18:53:09.983  1452  2422 I ExplicitHealthCheckController: No more health check requests, unbinding...
03-13 18:53:09.984  1452  2422 I ExplicitHealthCheckController: Explicit health check service is unbound
03-13 18:53:09.990  1452  1527 I PackageWatchdog: Saving observer state to file
03-13 18:53:09.993  1452  1452 D PackageWatchdog: Getting all observed packages pending health checks
03-13 18:53:09.993  1452  1452 I PackageWatchdog: Syncing health check requests for packages: {}
03-13 18:53:09.993  1452  1452 I ExplicitHealthCheckController: Service not ready to get health check supported packages. Binding...
03-13 18:53:09.994  1452  1452 I ExplicitHealthCheckController: Explicit health check service is bound
03-13 18:53:09.999  1452  1452 I ExplicitHealthCheckController: Explicit health check service is connected ComponentInfo{com.google.android.ext.services/android.ext.services.watchdog.ExplicitHealthCheckServiceImpl}
03-13 18:53:09.999  1452  1452 I ExplicitHealthCheckController: Service initialized, syncing requests
03-13 18:53:09.999  1452  1452 D PackageWatchdog: Getting all observed packages pending health checks
03-13 18:53:09.999  1452  1452 I PackageWatchdog: Syncing health check requests for packages: {}
03-13 18:53:09.999  1452  1452 D ExplicitHealthCheckController: Getting health check supported packages
03-13 18:53:10.000  1452  5194 I ExplicitHealthCheckController: Explicit health check supported packages [PackageConfig{com.google.android.networkstack, 86400000}]
03-13 18:53:10.000  1452  5194 D PackageWatchdog: Received supported packages [PackageConfig{com.google.android.networkstack, 86400000}]
03-13 18:53:10.000  1452  5194 I PackageWatchdog: Updated health check state for package com.google.android.ext.services: PASSED -> PASSED
03-13 18:53:10.000  1452  5194 I PackageWatchdog: Updated health check state for package android: PASSED -> PASSED
03-13 18:53:10.000  1452  5194 I PackageWatchdog: Updated health check state for package com.android.launcher3: PASSED -> PASSED
03-13 18:53:10.000  1452  5194 I PackageWatchdog: Updated health check state for package com.google.android.networkstack: PASSED -> PASSED
03-13 18:53:10.000  1452  5194 I PackageWatchdog: Updated health check state for package com.android.settings: PASSED -> PASSED
03-13 18:53:10.000  1452  5194 I PackageWatchdog: Updated health check state for package com.android.systemui: PASSED -> PASSED
03-13 18:53:10.000  1452  5194 D ExplicitHealthCheckController: Getting health check requested packages
03-13 18:53:10.000  1452  5198 I ExplicitHealthCheckController: Explicit health check requested packages []
03-13 18:53:10.000  1452  5198 I ExplicitHealthCheckController: No more health check requests, unbinding...
03-13 18:53:10.002  1452  5198 I ExplicitHealthCheckController: Explicit health check service is unbound
03-13 18:53:10.006  1452  4408 I RescueParty: Starting to observe: [android], updated namespace: wifi
03-13 18:53:10.006  1452  4408 I PackageWatchdog: Updated health check state for package android: INACTIVE -> INACTIVE
03-13 18:53:10.010  1452  2422 D CompatibilityChangeReporter: Compat change id reported: 135634846; UID 10189; state: DISABLED
03-13 18:53:10.011  1452  1529 D CompatibilityChangeReporter: Compat change id reported: 143937733; UID 10189; state: ENABLED
03-13 18:53:10.012  1452  1527 I PackageWatchdog: Syncing state, reason: observing new packages
03-13 18:53:10.012  1452  1527 I PackageWatchdog: Removing 30ms from all packages on all observers
03-13 18:53:10.012  1452  1527 I PackageWatchdog: Updated health check state for package com.google.android.ext.services: PASSED -> PASSED
03-13 18:53:10.012  1452  1527 I PackageWatchdog: Updated health check state for package android: PASSED -> PASSED
03-13 18:53:10.012  1452  1527 I PackageWatchdog: Updated health check state for package com.android.launcher3: PASSED -> PASSED
03-13 18:53:10.012  1452  1527 I PackageWatchdog: Updated health check state for package com.google.android.networkstack: PASSED -> PASSED
03-13 18:53:10.012  1452  1527 I PackageWatchdog: Updated health check state for package com.android.settings: PASSED -> PASSED
03-13 18:53:10.012  1452  1527 I PackageWatchdog: Updated health check state for package com.android.systemui: PASSED -> PASSED
03-13 18:53:10.012  1452  1527 I PackageWatchdog: Scheduling next state sync in 172799336ms
03-13 18:53:10.012  1452  1527 D PackageWatchdog: rescue-party-observer added the following packages to monitor [android]
03-13 18:53:10.012  1452  1527 I PackageWatchdog: Syncing state, reason: updated observers
03-13 18:53:10.012  1452  1527 I PackageWatchdog: Not pruning observers, elapsed time: 0ms
03-13 18:53:10.012  1452  1527 I PackageWatchdog: Scheduling next state sync in 172799336ms
03-13 18:53:10.012  1452  1452 D PackageWatchdog: Getting all observed packages pending health checks
03-13 18:53:10.012  1452  1452 I PackageWatchdog: Syncing health check requests for packages: {}
03-13 18:53:10.012  1452  1452 I ExplicitHealthCheckController: Service not ready to get health check supported packages. Binding...
03-13 18:53:10.013  1452  1452 I ExplicitHealthCheckController: Explicit health check service is bound
03-13 18:53:10.013  1452  1452 D PackageWatchdog: Getting all observed packages pending health checks
03-13 18:53:10.013  1452  1452 I PackageWatchdog: Syncing health check requests for packages: {}
03-13 18:53:10.013  1452  1452 I ExplicitHealthCheckController: Service not ready to get health check supported packages. Binding...
03-13 18:53:10.013  1452  1452 I ExplicitHealthCheckController: Not binding to service, service already connecting
03-13 18:53:10.014  1452  1452 I ExplicitHealthCheckController: Explicit health check service is connected ComponentInfo{com.google.android.ext.services/android.ext.services.watchdog.ExplicitHealthCheckServiceImpl}
03-13 18:53:10.014  1452  1452 I ExplicitHealthCheckController: Service initialized, syncing requests
03-13 18:53:10.015  1452  1452 D PackageWatchdog: Getting all observed packages pending health checks
03-13 18:53:10.015  1452  1452 I PackageWatchdog: Syncing health check requests for packages: {}
03-13 18:53:10.015  1452  1452 D ExplicitHealthCheckController: Getting health check supported packages
03-13 18:53:10.015  1452  4408 I RescueParty: Starting to observe: [android], updated namespace: window_manager
03-13 18:53:10.016  1452  5198 I ExplicitHealthCheckController: Explicit health check supported packages [PackageConfig{com.google.android.networkstack, 86400000}]
03-13 18:53:10.016  1452  4408 I PackageWatchdog: Updated health check state for package android: INACTIVE -> INACTIVE
03-13 18:53:10.016  1452  5198 D PackageWatchdog: Received supported packages [PackageConfig{com.google.android.networkstack, 86400000}]
03-13 18:53:10.016  1452  5198 I PackageWatchdog: Updated health check state for package com.google.android.ext.services: PASSED -> PASSED
03-13 18:53:10.016  1452  5198 I PackageWatchdog: Updated health check state for package android: PASSED -> PASSED
03-13 18:53:10.016  1452  5198 I PackageWatchdog: Updated health check state for package com.android.launcher3: PASSED -> PASSED
03-13 18:53:10.016  1452  5198 I PackageWatchdog: Updated health check state for package com.google.android.networkstack: PASSED -> PASSED
03-13 18:53:10.016  1452  5198 I PackageWatchdog: Updated health check state for package com.android.settings: PASSED -> PASSED
03-13 18:53:10.016  1452  5198 I PackageWatchdog: Updated health check state for package com.android.systemui: PASSED -> PASSED
03-13 18:53:10.016  1452  5198 D ExplicitHealthCheckController: Getting health check requested packages
03-13 18:53:10.016  1452  4408 I ExplicitHealthCheckController: Explicit health check requested packages []
03-13 18:53:10.016  1452  4408 I ExplicitHealthCheckController: No more health check requests, unbinding...
03-13 18:53:10.018  1452  4408 I ExplicitHealthCheckController: Explicit health check service is unbound
03-13 18:53:10.031  1452  1527 I PackageWatchdog: Saving observer state to file
03-13 18:53:10.037  1452  1529 I ActivityManager: Start proc 7403:com.google.android.onetimeinitializer/u0a189 for broadcast {com.google.android.onetimeinitializer/com.google.android.onetimeinitializer.OneTimeInitializerReceiver}
03-13 18:53:10.048  1452  1527 I PackageWatchdog: Syncing state, reason: observing new packages
03-13 18:53:10.048  1452  1527 I PackageWatchdog: Removing 36ms from all packages on all observers
03-13 18:53:10.048  1452  1527 I PackageWatchdog: Updated health check state for package com.google.android.ext.services: PASSED -> PASSED
03-13 18:53:10.048  1452  1527 I PackageWatchdog: Updated health check state for package android: PASSED -> PASSED
03-13 18:53:10.048  1452  1527 I PackageWatchdog: Updated health check state for package com.android.launcher3: PASSED -> PASSED
03-13 18:53:10.048  1452  1527 I PackageWatchdog: Updated health check state for package com.google.android.networkstack: PASSED -> PASSED
03-13 18:53:10.048  1452  1527 I PackageWatchdog: Updated health check state for package com.android.settings: PASSED -> PASSED
03-13 18:53:10.048  1452  1527 I PackageWatchdog: Updated health check state for package com.android.systemui: PASSED -> PASSED
03-13 18:53:10.048  1452  1527 I PackageWatchdog: Scheduling next state sync in 172799300ms
03-13 18:53:10.049  1452  1527 D PackageWatchdog: rescue-party-observer added the following packages to monitor [android]
03-13 18:53:10.049  1452  1527 I PackageWatchdog: Syncing state, reason: updated observers
03-13 18:53:10.049  1452  1527 I PackageWatchdog: Removing 1ms from all packages on all observers
03-13 18:53:10.049  1452  1527 I PackageWatchdog: Updated health check state for package com.google.android.ext.services: PASSED -> PASSED
03-13 18:53:10.049  1452  1527 I PackageWatchdog: Updated health check state for package android: PASSED -> PASSED
03-13 18:53:10.049  1452  1527 I PackageWatchdog: Updated health check state for package com.android.launcher3: PASSED -> PASSED
03-13 18:53:10.049  1452  1527 I PackageWatchdog: Updated health check state for package com.google.android.networkstack: PASSED -> PASSED
03-13 18:53:10.049  1452  1527 I PackageWatchdog: Updated health check state for package com.android.settings: PASSED -> PASSED
03-13 18:53:10.049  1452  1527 I PackageWatchdog: Updated health check state for package com.android.systemui: PASSED -> PASSED
03-13 18:53:10.049  1452  1527 I PackageWatchdog: Scheduling next state sync in 172799299ms
03-13 18:53:10.049  1452  1452 D PackageWatchdog: Getting all observed packages pending health checks
03-13 18:53:10.049  1452  1452 I PackageWatchdog: Syncing health check requests for packages: {}
03-13 18:53:10.049  1452  1527 I PackageWatchdog: Saving observer state to file
03-13 18:53:10.049  1452  1452 I ExplicitHealthCheckController: Service not ready to get health check supported packages. Binding...
03-13 18:53:10.050  1452  1452 I ExplicitHealthCheckController: Explicit health check service is bound
03-13 18:53:10.059  1452  1452 D PackageWatchdog: Getting all observed packages pending health checks
03-13 18:53:10.059  1452  1452 I PackageWatchdog: Syncing health check requests for packages: {}
03-13 18:53:10.059  1452  1452 I ExplicitHealthCheckController: Service not ready to get health check supported packages. Binding...
03-13 18:53:10.059  1452  1452 I ExplicitHealthCheckController: Not binding to service, service already connecting
03-13 18:53:10.059  1452  1452 I ExplicitHealthCheckController: Explicit health check service is connected ComponentInfo{com.google.android.ext.services/android.ext.services.watchdog.ExplicitHealthCheckServiceImpl}
03-13 18:53:10.059  1452  1452 I ExplicitHealthCheckController: Service initialized, syncing requests
03-13 18:53:10.063  1452  1452 D PackageWatchdog: Getting all observed packages pending health checks
03-13 18:53:10.063  1452  1452 I PackageWatchdog: Syncing health check requests for packages: {}
03-13 18:53:10.063  1452  1452 D ExplicitHealthCheckController: Getting health check supported packages
03-13 18:53:10.072  1452  2422 I DropBoxManagerService: add tag=event_log isTagEnabled=true flags=0x2
03-13 18:53:10.075  1452  5198 I ExplicitHealthCheckController: Explicit health check supported packages [PackageConfig{com.google.android.networkstack, 86400000}]
03-13 18:53:10.075  1452  5198 D PackageWatchdog: Received supported packages [PackageConfig{com.google.android.networkstack, 86400000}]
03-13 18:53:10.075  1452  5198 I PackageWatchdog: Updated health check state for package com.google.android.ext.services: PASSED -> PASSED
03-13 18:53:10.075  1452  5198 I PackageWatchdog: Updated health check state for package android: PASSED -> PASSED
03-13 18:53:10.075  1452  5198 I PackageWatchdog: Updated health check state for package com.android.launcher3: PASSED -> PASSED
03-13 18:53:10.075  1452  5198 I PackageWatchdog: Updated health check state for package com.google.android.networkstack: PASSED -> PASSED
03-13 18:53:10.075  1452  5198 I PackageWatchdog: Updated health check state for package com.android.settings: PASSED -> PASSED
03-13 18:53:10.075  1452  5198 I PackageWatchdog: Updated health check state for package com.android.systemui: PASSED -> PASSED
03-13 18:53:10.075  1452  5198 D ExplicitHealthCheckController: Getting health check requested packages
03-13 18:53:10.076  1452  5194 I ExplicitHealthCheckController: Explicit health check requested packages []
03-13 18:53:10.076  1452  5194 I ExplicitHealthCheckController: No more health check requests, unbinding...
03-13 18:53:10.081  1452  5194 I ExplicitHealthCheckController: Explicit health check service is unbound
03-13 18:53:10.115  1452  5198 D CompatibilityChangeReporter: Compat change id reported: 135634846; UID 10106; state: DISABLED
03-13 18:53:10.116  1452  1529 D CompatibilityChangeReporter: Compat change id reported: 143937733; UID 10106; state: ENABLED
03-13 18:53:10.117  1452  5198 I ActivityManager: Killing 5635:com.gameloft.android.ANMP.GloftA9HM/u0a231 (adj 999): empty #31
03-13 18:53:10.147  1452  5198 D CompatibilityChangeReporter: Compat change id reported: 149924527; UID 10156; state: ENABLED
03-13 18:53:10.147  1452  1529 I ActivityManager: Start proc 7439:com.google.android.packageinstaller/u0a106 for broadcast {com.google.android.packageinstaller/com.android.packageinstaller.TemporaryFileManager}
03-13 18:53:10.148  1452  5198 D CompatibilityChangeReporter: Compat change id reported: 132649864; UID 10156; state: DISABLED
03-13 18:53:10.161  1452  5196 W ActivityManager: Background start not allowed: service Intent { cmp=com.google.android.apps.messaging/.shared.datamodel.action.execution.ActionExecutorImpl$EmptyService } to com.google.android.apps.messaging/.shared.datamodel.action.execution.ActionExecutorImpl$EmptyService from pid=5680 uid=10180 pkg=com.google.android.apps.messaging startFg?=false
03-13 18:53:10.174  1452  2016 D ConnectivityService: [102 WIFI] validation passed
03-13 18:53:10.251  1452  3728 D CompatibilityChangeReporter: Compat change id reported: 135634846; UID 10147; state: DISABLED
03-13 18:53:10.251  1452  1529 D CompatibilityChangeReporter: Compat change id reported: 143937733; UID 10147; state: ENABLED
03-13 18:53:10.252  1452  3728 I ActivityManager: Killing 4777:com.android.printspooler/u0a137 (adj 999): empty #31
03-13 18:53:10.272  1452  1529 I ActivityManager: Start proc 7466:com.google.android.partnersetup/u0a147 for broadcast {com.google.android.partnersetup/com.google.android.partnersetup.GooglePartnerSetup}
03-13 18:53:10.374  1452  3728 I RescueParty: Starting to observe: [android], updated namespace: runtime_native_boot
03-13 18:53:10.374  1452  3728 I PackageWatchdog: Updated health check state for package android: INACTIVE -> INACTIVE
03-13 18:53:10.376  1452  1527 I PackageWatchdog: Syncing state, reason: observing new packages
03-13 18:53:10.376  1452  1527 I PackageWatchdog: Removing 327ms from all packages on all observers
03-13 18:53:10.376  1452  1527 I PackageWatchdog: Updated health check state for package com.google.android.ext.services: PASSED -> PASSED
03-13 18:53:10.376  1452  1527 I PackageWatchdog: Updated health check state for package android: PASSED -> PASSED
