03-13 18:52:32.031     0     0 E [20210313_18:52:32.026276]@1 msm-dsi-panel: [dsi_panel_update_backlight:951] backlight = 438
03-13 18:52:32.041     0     0 E [20210313_18:52:32.040657]@1 msm-dsi-panel: [dsi_panel_update_backlight:951] backlight = 441
03-13 18:52:32.061     0     0 E [20210313_18:52:32.053531]@2 msm-dsi-panel: [dsi_panel_update_backlight:951] backlight = 444
03-13 18:52:32.071     0     0 E [20210313_18:52:32.064564]@0 msm-dsi-panel: [dsi_panel_update_backlight:951] backlight = 446
03-13 18:52:32.081     0     0 E [20210313_18:52:32.074601]@1 msm-dsi-panel: [dsi_panel_update_backlight:951] backlight = 449
03-13 18:52:32.091     0     0 E [20210313_18:52:32.085560]@1 msm-dsi-panel: [dsi_panel_update_backlight:951] backlight = 452
03-13 18:52:32.101     0     0 E [20210313_18:52:32.094938]@2 msm-dsi-panel: [dsi_panel_update_backlight:951] backlight = 454
03-13 18:52:32.111     0     0 E [20210313_18:52:32.106389]@2 msm-dsi-panel: [dsi_panel_update_backlight:951] backlight = 457
03-13 18:52:32.121     0     0 E [20210313_18:52:32.118260]@3 msm-dsi-panel: [dsi_panel_update_backlight:951] backlight = 460
03-13 18:52:32.131     0     0 E [20210313_18:52:32.128567]@2 msm-dsi-panel: [dsi_panel_update_backlight:951] backlight = 463
03-13 18:52:32.151     0     0 E [20210313_18:52:32.141272]@0 msm-dsi-panel: [dsi_panel_update_backlight:951] backlight = 465
03-13 18:52:32.161     0     0 E [20210313_18:52:32.151797]@2 msm-dsi-panel: [dsi_panel_update_backlight:951] backlight = 468
03-13 18:52:32.171     0     0 E [20210313_18:52:32.167687]@1 msm-dsi-panel: [dsi_panel_update_backlight:951] backlight = 471
03-13 18:52:32.181     0     0 E [20210313_18:52:32.174309]@0 msm-dsi-panel: [dsi_panel_update_backlight:951] backlight = 473
03-13 18:52:32.191     0     0 E [20210313_18:52:32.186195]@2 msm-dsi-panel: [dsi_panel_update_backlight:951] backlight = 476
03-13 18:52:32.201     0     0 E [20210313_18:52:32.196323]@1 msm-dsi-panel: [dsi_panel_update_backlight:951] backlight = 479
03-13 18:52:32.211     0     0 E [20210313_18:52:32.207562]@0 msm-dsi-panel: [dsi_panel_update_backlight:951] backlight = 481
03-13 18:52:32.221     0     0 E [20210313_18:52:32.219288]@0 msm-dsi-panel: [dsi_panel_update_backlight:951] backlight = 484
03-13 18:52:32.231     0     0 E [20210313_18:52:32.229395]@0 msm-dsi-panel: [dsi_panel_update_backlight:951] backlight = 487
03-13 18:52:32.241     0     0 E [20210313_18:52:32.240699]@2 msm-dsi-panel: [dsi_panel_update_backlight:951] backlight = 489
03-13 18:52:32.261     0     0 E [20210313_18:52:32.252208]@0 msm-dsi-panel: [dsi_panel_update_backlight:951] backlight = 492
03-13 18:52:32.271     0     0 E [20210313_18:52:32.262420]@3 msm-dsi-panel: [dsi_panel_update_backlight:951] backlight = 495
03-13 18:52:32.281     0     0 E [20210313_18:52:32.275540]@3 msm-dsi-panel: [dsi_panel_update_backlight:951] backlight = 497
03-13 18:52:32.291     0     0 E [20210313_18:52:32.285106]@2 msm-dsi-panel: [dsi_panel_update_backlight:951] backlight = 500
03-13 18:52:32.301     0     0 E [20210313_18:52:32.297573]@3 msm-dsi-panel: [dsi_panel_update_backlight:951] backlight = 503
03-13 18:52:32.311     0     0 E [20210313_18:52:32.307274]@1 msm-dsi-panel: [dsi_panel_update_backlight:951] backlight = 505
03-13 18:52:32.321     0     0 E [20210313_18:52:32.319580]@2 msm-dsi-panel: [dsi_panel_update_backlight:951] backlight = 508
03-13 18:52:32.331     0     0 E [20210313_18:52:32.330642]@1 msm-dsi-panel: [dsi_panel_update_backlight:951] backlight = 511
03-13 18:52:32.351     0     0 E [20210313_18:52:32.342558]@0 msm-dsi-panel: [dsi_panel_update_backlight:951] backlight = 514
03-13 18:52:32.361     0     0 E [20210313_18:52:32.352639]@2 msm-dsi-panel: [dsi_panel_update_backlight:951] backlight = 516
03-13 18:52:32.371     0     0 E [20210313_18:52:32.363441]@0 msm-dsi-panel: [dsi_panel_update_backlight:951] backlight = 519
03-13 18:52:32.377     0     0 E [20210313_18:52:32.375508]@3 msm-dsi-panel: [dsi_panel_update_backlight:951] backlight = 522
03-13 18:52:32.391     0     0 E [20210313_18:52:32.385666]@0 msm-dsi-panel: [dsi_panel_update_backlight:951] backlight = 524
03-13 18:52:32.401     0     0 E [20210313_18:52:32.398690]@2 msm-dsi-panel: [dsi_panel_update_backlight:951] backlight = 527
03-13 18:52:32.411     0     0 E [20210313_18:52:32.408069]@0 msm-dsi-panel: [dsi_panel_update_backlight:951] backlight = 530
03-13 18:52:32.421     0     0 E [20210313_18:52:32.419555]@0 msm-dsi-panel: [dsi_panel_update_backlight:951] backlight = 532
03-13 18:52:32.431     0     0 E [20210313_18:52:32.430493]@0 msm-dsi-panel: [dsi_panel_update_backlight:951] backlight = 535
03-13 18:52:32.451     0     0 E [20210313_18:52:32.443143]@1 msm-dsi-panel: [dsi_panel_update_backlight:951] backlight = 538
03-13 18:52:32.461     0     0 E [20210313_18:52:32.453990]@1 msm-dsi-panel: [dsi_panel_update_backlight:951] backlight = 540
03-13 18:52:32.471     0     0 E [20210313_18:52:32.465384]@3 msm-dsi-panel: [dsi_panel_update_backlight:951] backlight = 543
03-13 18:52:32.481     0     0 E [20210313_18:52:32.474917]@3 msm-dsi-panel: [dsi_panel_update_backlight:951] backlight = 546
03-13 18:52:32.491     0     0 E [20210313_18:52:32.486227]@1 msm-dsi-panel: [dsi_panel_update_backlight:951] backlight = 548
03-13 18:52:32.501     0     0 E [20210313_18:52:32.497995]@3 msm-dsi-panel: [dsi_panel_update_backlight:951] backlight = 551
03-13 18:52:32.511     0     0 E [20210313_18:52:32.508285]@1 msm-dsi-panel: [dsi_panel_update_backlight:951] backlight = 554
03-13 18:52:32.531     0     0 E [20210313_18:52:32.521273]@3 msm-dsi-panel: [dsi_panel_update_backlight:951] backlight = 556
03-13 18:52:32.531     0     0 E [20210313_18:52:32.530834]@1 msm-dsi-panel: [dsi_panel_update_backlight:951] backlight = 559
03-13 18:52:32.551     0     0 E [20210313_18:52:32.542503]@2 msm-dsi-panel: [dsi_panel_update_backlight:951] backlight = 562
03-13 18:52:32.561     0     0 E [20210313_18:52:32.555675]@0 msm-dsi-panel: [dsi_panel_update_backlight:951] backlight = 564
03-13 18:52:32.571     0     0 E [20210313_18:52:32.568350]@0 msm-dsi-panel: [dsi_panel_update_backlight:951] backlight = 567
03-13 18:52:32.581     0     0 E [20210313_18:52:32.578986]@0 msm-dsi-panel: [dsi_panel_update_backlight:951] backlight = 570
03-13 18:52:32.591     0     0 E [20210313_18:52:32.588197]@1 msm-dsi-panel: [dsi_panel_update_backlight:951] backlight = 573
03-13 18:52:32.601     0     0 E [20210313_18:52:32.598538]@2 msm-dsi-panel: [dsi_panel_update_backlight:951] backlight = 575
03-13 18:52:32.611     0     0 E [20210313_18:52:32.608675]@2 msm-dsi-panel: [dsi_panel_update_backlight:951] backlight = 578
03-13 18:52:32.621     0     0 E [20210313_18:52:32.620662]@1 msm-dsi-panel: [dsi_panel_update_backlight:951] backlight = 581
03-13 18:52:32.641     0     0 E [20210313_18:52:32.631556]@3 msm-dsi-panel: [dsi_panel_update_backlight:951] backlight = 583
03-13 18:52:32.651     0     0 E [20210313_18:52:32.643266]@2 msm-dsi-panel: [dsi_panel_update_backlight:951] backlight = 586
03-13 18:52:32.661     0     0 E [20210313_18:52:32.654817]@3 msm-dsi-panel: [dsi_panel_update_backlight:951] backlight = 589
03-13 18:52:32.671     0     0 E [20210313_18:52:32.664764]@3 msm-dsi-panel: [dsi_panel_update_backlight:951] backlight = 591
03-13 18:52:32.681     0     0 E [20210313_18:52:32.676022]@3 msm-dsi-panel: [dsi_panel_update_backlight:951] backlight = 594
03-13 18:52:32.691     0     0 E [20210313_18:52:32.687129]@0 msm-dsi-panel: [dsi_panel_update_backlight:951] backlight = 597
03-13 18:52:32.701     0     0 E [20210313_18:52:32.698754]@2 msm-dsi-panel: [dsi_panel_update_backlight:951] backlight = 599
03-13 18:52:32.711     0     0 E [20210313_18:52:32.709155]@1 msm-dsi-panel: [dsi_panel_update_backlight:951] backlight = 602
03-13 18:52:32.731     0     0 E [20210313_18:52:32.722007]@3 msm-dsi-panel: [dsi_panel_update_backlight:951] backlight = 605
03-13 18:52:32.741     0     0 E [20210313_18:52:32.733079]@2 msm-dsi-panel: [dsi_panel_update_backlight:951] backlight = 607
03-13 18:52:32.751     0     0 E [20210313_18:52:32.742847]@2 msm-dsi-panel: [dsi_panel_update_backlight:951] backlight = 610
03-13 18:52:32.761     0     0 E [20210313_18:52:32.755130]@3 msm-dsi-panel: [dsi_panel_update_backlight:951] backlight = 613
03-13 18:52:32.771     0     0 E [20210313_18:52:32.764859]@1 msm-dsi-panel: [dsi_panel_update_backlight:951] backlight = 615
03-13 18:52:32.781     0     0 E [20210313_18:52:32.777322]@1 msm-dsi-panel: [dsi_panel_update_backlight:951] backlight = 618
03-13 18:52:32.801     0     0 E [20210313_18:52:32.795204]@1 msm-dsi-panel: [dsi_panel_update_backlight:951] backlight = 621
03-13 18:52:32.821     0     0 E [20210313_18:52:32.811783]@0 msm-dsi-panel: [dsi_panel_update_backlight:951] backlight = 625
03-13 18:52:32.831     0     0 E [20210313_18:52:32.822916]@2 msm-dsi-panel: [dsi_panel_update_backlight:951] backlight = 628
03-13 18:52:32.831     0     0 E [20210313_18:52:32.826858]@3 msm-dsi-panel: [dsi_panel_update_backlight:951] backlight = 631
03-13 18:52:32.841     0     0 E [20210313_18:52:32.837143]@1 msm-dsi-panel: [dsi_panel_update_backlight:951] backlight = 633
03-13 18:52:32.851     0     0 E [20210313_18:52:32.850795]@2 msm-dsi-panel: [dsi_panel_update_backlight:951] backlight = 636
03-13 18:52:32.881     0     0 E [20210313_18:52:32.875082]@0 msm-dsi-panel: [dsi_panel_update_backlight:951] backlight = 639
03-13 18:52:32.881     0     0 E [20210313_18:52:32.880063]@3 msm-dsi-panel: [dsi_panel_update_backlight:951] backlight = 641
03-13 18:52:32.891     0     0 E [20210313_18:52:32.889905]@3 msm-dsi-panel: [dsi_panel_update_backlight:951] backlight = 644
03-13 18:52:32.901     0     0 E [20210313_18:52:32.901034]@1 msm-dsi-panel: [dsi_panel_update_backlight:951] backlight = 647
03-13 18:52:32.921     0     0 E [20210313_18:52:32.912230]@0 msm-dsi-panel: [dsi_panel_update_backlight:951] backlight = 650
03-13 18:52:32.921     0     0 E [20210313_18:52:32.918712]@2 msm-dsi-panel: [dsi_panel_update_backlight:951] backlight = 653
03-13 18:52:32.931     0     0 I [20210313_18:52:32.925169]@1 [wifi@1.0-servic][0x57893eb1][18: 52:32.925162] wlan: [953:E:OSIF] wlan_cfg80211_sched_scan_stop: 608: Failed to disabled PNO
03-13 18:52:32.931     0     0 I [20210313_18:52:32.925195]@1 [wifi@1.0-servic][0x578940d2][18: 52:32.925190] wlan: [953:I:HDD] hdd_vdev_destroy: 4206: destroying vdev 0
03-13 18:52:32.931     0     0 I [20210313_18:52:32.925228]@1 [wifi@1.0-servic][0x57894342][18: 52:32.925223] wlan: [953:I:WMI] Deleting pattern id: 0 vdev id 0 in fw
03-13 18:52:32.931     0     0 E [20210313_18:52:32.929424]@0 msm-dsi-panel: [dsi_panel_update_backlight:951] backlight = 656
03-13 18:52:32.937     0     0 I [20210313_18:52:32.936843]@1 [wifi@1.0-servic][0x578caa1a][18: 52:32.936834] wlan: [953:I:OBJMGR] wlan_objmgr_vdev_obj_delete: 335: Logically deleting vdev 0
03-13 18:52:32.937     0     0 I [20210313_18:52:32.937005]@1 [wifi@1.0-servic][0x578cb67b][18: 52:32.936999] wlan: [953:I:HDD] hdd_vdev_destroy: 4267: vdev 0 destroyed successfully
03-13 18:52:32.948     0     0 E [20210313_18:52:32.941126]@3 msm-dsi-panel: [dsi_panel_update_backlight:951] backlight = 658
03-13 18:52:32.948     0     0 I [20210313_18:52:32.945111]@1 [wifi@1.0-servic][0x578f168f][18: 52:32.945107] wlan: [953:I:HDD] __hdd_set_mac_address: 3652: Changing MAC to 52:61:17:71:89:f6 of the interface wlan0
03-13 18:52:32.948     0     0 I [20210313_18:52:32.946184]@1 [wifi@1.0-servic][0x578f63b2][18: 52:32.946135] wlan: [953:I:HDD] hdd_trigger_psoc_idle_restart: 9656: Driver modules already Enabled
03-13 18:52:32.948     0     0 I [20210313_18:52:32.946212]@1 [wifi@1.0-servic][0x578f6931][18: 52:32.946208] wlan: [953:I:HDD] hdd_vdev_create: 4422: creating new vdev
03-13 18:52:32.948     0     0 I [20210313_18:52:32.946306]@1 [wifi@1.0-servic][0x578f6ed1][18: 52:32.946283] wlan: [953:I:OBJMGR] wlan_objmgr_vdev_obj_create: 263: Created vdev 0
03-13 18:52:32.948     0     0 I [20210313_18:52:32.947163]@1 [wifi@1.0-servic][0x578fb086][18: 52:32.947159] wlan: [953:I:HDD] hdd_vdev_create: 4514: vdev 0 created successfully
03-13 18:52:32.949   953   953 D android.hardware.wifi@1.0-service: Successfully SetMacAddress.
03-13 18:52:32.954  1243  1243 W wificond: Scan is not started. Ignore abort request
03-13 18:52:32.961     0     0 E [20210313_18:52:32.952457]@3 msm-dsi-panel: [dsi_panel_update_backlight:951] backlight = 661
03-13 18:52:32.971     0     0 E [20210313_18:52:32.962894]@3 msm-dsi-panel: [dsi_panel_update_backlight:951] backlight = 664
03-13 18:52:32.981     0     0 E [20210313_18:52:32.974066]@3 msm-dsi-panel: [dsi_panel_update_backlight:951] backlight = 666
03-13 18:52:32.991     0     0 E [20210313_18:52:32.986991]@3 msm-dsi-panel: [dsi_panel_update_backlight:951] backlight = 669
03-13 18:52:33.001     0     0 E [20210313_18:52:32.998417]@0 msm-dsi-panel: [dsi_panel_update_backlight:951] backlight = 672
03-13 18:52:33.009     0     0 I [20210313_18:52:33.005651]@2 [wpa_supplicant][0x57a0d28c][18: 52:33.005640] wlan: [2586:E:OSIF] hdd_notify_teardown_tdls_links: 111: Unable to get the vdev
03-13 18:52:33.009     0     0 I [20210313_18:52:33.006112]@2 [wpa_supplicant][0x57a0f5ab][18: 52:33.006108] wlan: [2586:E:SER] wlan_serialization_peek_head_pending_cmd_using_psoc: 192: Empty Queue
03-13 18:52:33.009     0     0 I [20210313_18:52:33.006366]@2 [wpa_supplicant][0x57a108be][18: 52:33.006362] wlan: [2586:E:POLICY_MGR] policy_mgr_current_connections_update: 516: driver isn't dbs capable, no further action needed
03-13 18:52:33.009     0     0 I [20210313_18:52:33.006604]@2 [wpa_supplicant][0x57a11a98][18: 52:33.006600] wlan: [2586:E:SME] csr_send_join_req_msg: 15914: Connecting to ssid:Bhangu 5G bssid: dc:f8:b9:da:69:73 rssi: -63 channel: 56 country_code: IN
03-13 18:52:33.009     0     0 I [20210313_18:52:33.008018]@0 [scheduler_threa][0x57a184a9][18: 52:33.008015] wlan: [2578:E:PE] lim_extract_ap_capability: 386: AP does not support op_mode rx
03-13 18:52:33.009     0     0 I [20210313_18:52:33.008203]@0 [scheduler_threa][0x57a19280][18: 52:33.008199] wlan: [2578:I:WMA] wma_set_channel: 3184: vht_capable: 1, dot11_mode: 7
03-13 18:52:33.009     0     0 I [20210313_18:52:33.008260]@0 [scheduler_threa][0x57a196b7][18: 52:33.008255] wlan: [2578:I:WMI] send_vdev_start_cmd_tlv: vdev_id 0 freq 5280 chanmode 10 ch_info: 0xa is_dfs 1 beacon interval 100 dtim 1 center_chan 5290 center_freq2 0 reg_info_1: 0x180000 reg_info_2: 0x1800, req->max_txpow: 0x18 Tx SS 2, Rx SS 2, ldpc_rx: 0, cac 0, regd 0, HE ops: 0req->dis_hw_ack: 1
03-13 18:52:33.021     0     0 E [20210313_18:52:33.012888]@0 msm-dsi-panel: [dsi_panel_update_backlight:951] backlight = 674
03-13 18:52:33.021     0     0 E [20210313_18:52:33.020662]@3 msm-dsi-panel: [dsi_panel_update_backlight:951] backlight = 677
03-13 18:52:33.031     0     0 I [20210313_18:52:33.028561]@3 [scheduler_threa][0x57a78943][18: 52:33.028556] wlan: [2578:E:WMA] wma_objmgr_set_peer_mlme_phymode: 1167: peer object null
03-13 18:52:33.031     0     0 I [20210313_18:52:33.030402]@0 [scheduler_threa][0x57a8136a][18: 52:33.030398] wlan: [2578:E:POLICY_MGR] policy_mgr_dump_current_concurrency: 1145: STA Standalone
03-13 18:52:33.031     0     0 I [20210313_18:52:33.030430]@0 [scheduler_threa][0x57a8158a][18: 52:33.030426] wlan: [2578:I:HDD] hdd_send_association_event: 1388: wlan: 52:61:17:71:89:f6 connected to dc:f8:b9:da:69:73
03-13 18:52:33.034     0     0 I [20210313_18:52:33.032135]@0 [scheduler_threa][0x57a8953b][18: 52:33.032129] wlan: [2578:E:OSIF] os_if_wifi_pos_send_peer_status: 314: app is not registered or pid is invalid
03-13 18:52:33.034     0     0 E [20210313_18:52:33.033844]@2 msm-dsi-panel: [dsi_panel_update_backlight:951] backlight = 680
03-13 18:52:33.041     0     0 I [20210313_18:52:33.034645]@3 [scheduler_threa][0x57a9501c][18: 52:33.034621] wlan: [2578:E:POLICY_MGR] policy_mgr_need_opportunistic_upgrade: 196: driver isn't dbs capable, no further action needed
03-13 18:52:33.041     0     0 I [20210313_18:52:33.034698]@3 [scheduler_threa][0x57a955a8][18: 52:33.034695] wlan: [2578:E:SME] sme_free_join_rsp_fils_params: 6863: FILS Roam Param NULL
03-13 18:52:33.051     0     0 E [20210313_18:52:33.043699]@2 msm-dsi-panel: [dsi_panel_update_backlight:951] backlight = 682
03-13 18:52:33.061     0     0 E [20210313_18:52:33.054287]@3 msm-dsi-panel: [dsi_panel_update_backlight:951] backlight = 685
03-13 18:52:33.071     0     0 E [20210313_18:52:33.065253]@1 msm-dsi-panel: [dsi_panel_update_backlight:951] backlight = 688
03-13 18:52:33.081     0     0 E [20210313_18:52:33.077917]@3 msm-dsi-panel: [dsi_panel_update_backlight:951] backlight = 690
03-13 18:52:33.091     0     0 E [20210313_18:52:33.087628]@0 msm-dsi-panel: [dsi_panel_update_backlight:951] backlight = 693
03-13 18:52:33.101     0     0 E [20210313_18:52:33.100035]@1 msm-dsi-panel: [dsi_panel_update_backlight:951] backlight = 696
03-13 18:52:33.121     0     0 E [20210313_18:52:33.111269]@0 msm-dsi-panel: [dsi_panel_update_backlight:951] backlight = 699
03-13 18:52:33.131     0     0 E [20210313_18:52:33.121670]@1 msm-dsi-panel: [dsi_panel_update_backlight:951] backlight = 701
03-13 18:52:33.140     0     0 E [20210313_18:52:33.133931]@2 msm-dsi-panel: [dsi_panel_update_backlight:951] backlight = 704
03-13 18:52:33.151     0     0 E [20210313_18:52:33.144309]@2 msm-dsi-panel: [dsi_panel_update_backlight:951] backlight = 707
03-13 18:52:33.161     0     0 E [20210313_18:52:33.155231]@1 msm-dsi-panel: [dsi_panel_update_backlight:951] backlight = 709
03-13 18:52:33.171     0     0 E [20210313_18:52:33.166156]@0 msm-dsi-panel: [dsi_panel_update_backlight:951] backlight = 712
03-13 18:52:33.181     0     0 E [20210313_18:52:33.177846]@0 msm-dsi-panel: [dsi_panel_update_backlight:951] backlight = 715
03-13 18:52:33.191     0     0 E [20210313_18:52:33.188855]@2 msm-dsi-panel: [dsi_panel_update_backlight:951] backlight = 717
03-13 18:52:33.201     0     0 E [20210313_18:52:33.200104]@1 msm-dsi-panel: [dsi_panel_update_backlight:951] backlight = 720
03-13 18:52:33.221     0     0 E [20210313_18:52:33.211362]@0 msm-dsi-panel: [dsi_panel_update_backlight:951] backlight = 723
03-13 18:52:33.231     0     0 E [20210313_18:52:33.222038]@1 msm-dsi-panel: [dsi_panel_update_backlight:951] backlight = 725
03-13 18:52:33.231     0     0 I [20210313_18:52:33.228381]@1 [cds_ol_rx_threa][0x57e2136b][18: 52:33.228372] wlan: [2579:I:QDF] qdf_dp_display_proto_pkt_always: 1890:  DPT: 0001:255 EAPOL: [0] [M1] SA: dc:f8:b9:da:69:73  <--  DA: 52:61:17:71:89:f6
03-13 18:52:33.231     0     0 I [20210313_18:52:33.229665]@3 [soft_irq][0x57e273cc][18: 52:33.229657] wlan: [0:I:QDF] qdf_dp_display_proto_pkt_always: 1890:  DPT: 0003:255 EAPOL: [0] [M2] SA: 52:61:17:71:89:f6  -->  DA: dc:f8:b9:da:69:73
03-13 18:52:33.241     0     0 I [20210313_18:52:33.233459]@0 [cds_ol_rx_threa][0x57e39000][18: 52:33.233446] wlan: [2579:I:QDF] qdf_dp_display_proto_pkt_always: 1890:  DPT: 0006:255 EAPOL: [0] [M3] SA: dc:f8:b9:da:69:73  <--  DA: 52:61:17:71:89:f6
03-13 18:52:33.241     0     0 I [20210313_18:52:33.234196]@1 [soft_irq][0x57e3c778][18: 52:33.234186] wlan: [0:I:QDF] qdf_dp_display_proto_pkt_always: 1890:  DPT: 0008:255 EAPOL: [0] [M4] SA: 52:61:17:71:89:f6  -->  DA: dc:f8:b9:da:69:73
03-13 18:52:33.241     0     0 I [20210313_18:52:33.236223]@2 [scheduler_threa][0x57e45f8e][18: 52:33.236213] wlan: [2578:E:POLICY_MGR] policy_mgr_store_and_del_conn_info: 665: Mode:0 number of conn 1 temp del
03-13 18:52:33.241     0     0 E [20210313_18:52:33.236642]@3 msm-dsi-panel: [dsi_panel_update_backlight:951] backlight = 728
03-13 18:52:33.251     0     0 I [20210313_18:52:33.241565]@1 [scheduler_threa][0x57e5f067][18: 52:33.241558] wlan: [2578:E:QDF] qdf_mc_timer_start: Cannot start timer in state = 21
03-13 18:52:33.251     0     0 I [20210313_18:52:33.241747]@1 [scheduler_threa][0x57e5fe25][18: 52:33.241741] wlan: [2578:E:POLICY_MGR] policy_mgr_store_and_del_conn_info: 665: Mode:0 number of conn 1 temp del
03-13 18:52:33.251     0     0 I [20210313_18:52:33.242915]@1 [scheduler_threa][0x57e655ba][18: 52:33.242909] wlan: [2578:E:PE] lim_update_fils_rik: 1870: Fils rik len(0) max 64
03-13 18:52:33.251     0     0 I [20210313_18:52:33.243349]@1 [scheduler_threa][0x57e67653][18: 52:33.243344] wlan: [2578:I:WMI] LFR3:OKC enabled
03-13 18:52:33.251     0     0 I [20210313_18:52:33.244568]@1 [scheduler_threa][0x57e6d196][18: 52:33.244560] wlan: [2578:I:WMI] LFR3:PMKSA caching enabled
03-13 18:52:33.251     0     0 E [20210313_18:52:33.248460]@2 msm-dsi-panel: [dsi_panel_update_backlight:951] backlight = 731
03-13 18:52:33.251     0     0 I [20210313_18:52:33.251374]@3 [scheduler_threa][0x57e8d02f][18: 52:33.251368] wlan: [2578:E:QDF] qdf_mc_timer_start: Cannot start timer in state = 21
03-13 18:52:33.261     0     0 I [20210313_18:52:33.257199]@1 [wpa_supplicant][0x57ea84e9][18: 52:33.257191] wlan: [2586:I:SME] sme_ps_disable_auto_ps_timer: 797: Stop auto_ps_enable_timer Timer for session ID: 0
03-13 18:52:33.261     0     0 E [20210313_18:52:33.257364]@2 msm-dsi-panel: [dsi_panel_update_backlight:951] backlight = 733
03-13 18:52:33.261     0     0 I [20210313_18:52:33.258744]@3 [scheduler_threa][0x57eaf90e][18: 52:33.258740] wlan: [2578:I:WMA] QPOWER is disabled in power save mode 1
03-13 18:52:33.261     0     0 I [20210313_18:52:33.258999]@3 [scheduler_threa][0x57eb0c46][18: 52:33.258996] wlan: [2578:I:WMA] Set ITO count to 5 for vdevId 0
03-13 18:52:33.271     0     0 E [20210313_18:52:33.266457]@2 msm-dsi-panel: [dsi_panel_update_backlight:951] backlight = 736
03-13 18:52:33.281     0     0 E [20210313_18:52:33.277920]@1 msm-dsi-panel: [dsi_panel_update_backlight:951] backlight = 739
03-13 18:52:33.291     0     0 E [20210313_18:52:33.288686]@3 msm-dsi-panel: [dsi_panel_update_backlight:951] backlight = 741
03-13 18:52:33.296     0     0 I [20210313_18:52:33.296035]@1 [wifi@1.0-servic][0x57f5e5d1][18: 52:33.296030] wlan: [953:E:HDD] hdd_enable_ns_offload: 399: Failed to cache ns request; status:4
03-13 18:52:33.300     0     0 I [20210313_18:52:33.299772]@6 [soft_irq][0x57f6fe4a][18: 52:33.299770] wlan: [0:E:PMO] pmo_core_do_disable_mc_addr_list: 234: mc filter is not applied in fwr
03-13 18:52:33.300     0     0 I [20210313_18:52:33.299789]@6 [soft_irq][0x57f6ff8e][18: 52:33.299787] wlan: [0:E:HDD] hdd_disable_and_flush_mc_addr_list: 1007: failed to disable mc list; status:4
03-13 18:52:33.300     0     0 E [20210313_18:52:33.300074]@3 msm-dsi-panel: [dsi_panel_update_backlight:951] backlight = 744
03-13 18:52:33.314     0     0 E [20210313_18:52:33.311780]@3 msm-dsi-panel: [dsi_panel_update_backlight:951] backlight = 747
03-13 18:52:33.331     0     0 E [20210313_18:52:33.323083]@2 msm-dsi-panel: [dsi_panel_update_backlight:951] backlight = 750
03-13 18:52:33.341     0     0 E [20210313_18:52:33.333889]@1 msm-dsi-panel: [dsi_panel_update_backlight:951] backlight = 752
03-13 18:52:33.341     0     0 I [20210313_18:52:33.336452]@3 [soft_irq][0x5801bd14][18: 52:33.336447] wlan: [0:I:QDF] qdf_dp_display_proto_pkt_always: 1890:  DPT: 0016:255 DHCP: [0] [REQ] SA: 52:61:17:71:89:f6  -->  DA: ff:ff:ff:ff:ff:ff
03-13 18:52:33.351     0     0 E [20210313_18:52:33.344210]@2 msm-dsi-panel: [dsi_panel_update_backlight:951] backlight = 755
03-13 18:52:33.371     0     0 E [20210313_18:52:33.364090]@3 msm-dsi-panel: [dsi_panel_update_backlight:951] backlight = 758
03-13 18:52:33.381     0     0 E [20210313_18:52:33.371501]@3 msm-dsi-panel: [dsi_panel_update_backlight:951] backlight = 760
03-13 18:52:33.381     0     0 E [20210313_18:52:33.377938]@0 msm-dsi-panel: [dsi_panel_update_backlight:951] backlight = 763
03-13 18:52:33.391     0     0 I [20210313_18:52:33.387641]@1 [cds_ol_rx_threa][0x5810bc12][18: 52:33.387634] wlan: [2579:I:QDF] qdf_dp_display_proto_pkt_always: 1890:  DPT: 0019:255 DHCP: [0] [ACK] SA: dc:f8:b9:da:69:71  <--  DA: 52:61:17:71:89:f6
03-13 18:52:33.391     0     0 E [20210313_18:52:33.389163]@2 msm-dsi-panel: [dsi_panel_update_backlight:951] backlight = 766
03-13 18:52:33.401     0     0 I [20210313_18:52:33.395876]@1 [scheduler_threa][0x581325bd][18: 52:33.395869] wlan: [2578:I:WMA] QPOWER is disabled in power save mode 1
03-13 18:52:33.402     0     0 I [20210313_18:52:33.396173]@1 [scheduler_threa][0x58133c19][18: 52:33.396167] wlan: [2578:I:WMA] Set ITO count to 5 for vdevId 0
03-13 18:52:33.404  1452  2016 I chatty  : uid=1000(system) ConnectivitySer expire 37 lines
03-13 18:52:33.413     0     0 E [20210313_18:52:33.408000]@1 msm-dsi-panel: [dsi_panel_update_backlight:951] backlight = 768
03-13 18:52:33.423     0     0 I [20210313_18:52:33.423523]@0 [cds_ol_rx_threa][0x581b3f24][18: 52:33.423515] wlan: [2579:I:QDF] qdf_dp_display_proto_pkt_always: 1890:  DPT: 0021:255 DHCP: [0] [REQ] SA: 52:61:17:71:89:f6  <--  DA: ff:ff:ff:ff:ff:ff
03-13 18:52:33.436     0     0 E [20210313_18:52:33.432884]@1 msm-dsi-panel: [dsi_panel_update_backlight:951] backlight = 771
03-13 18:52:33.441     0     0 E [20210313_18:52:33.439152]@2 msm-dsi-panel: [dsi_panel_update_backlight:951] backlight = 776
03-13 18:52:33.451     0     0 E [20210313_18:52:33.446034]@1 msm-dsi-panel: [dsi_panel_update_backlight:951] backlight = 779
03-13 18:52:33.461     0     0 E [20210313_18:52:33.457593]@2 msm-dsi-panel: [dsi_panel_update_backlight:951] backlight = 782
03-13 18:52:33.471     0     0 E [20210313_18:52:33.467719]@1 msm-dsi-panel: [dsi_panel_update_backlight:951] backlight = 784
03-13 18:52:33.492     0     0 E [20210313_18:52:33.483426]@2 msm-dsi-panel: [dsi_panel_update_backlight:951] backlight = 787
03-13 18:52:33.499  3334  3411 W ActivityThread: Failed to find provider info for com.google.android.gsf.gservices (user not unlocked)
03-13 18:52:33.511     0     0 E [20210313_18:52:33.503795]@2 msm-dsi-panel: [dsi_panel_update_backlight:951] backlight = 790
03-13 18:52:33.521     0     0 E [20210313_18:52:33.511928]@2 msm-dsi-panel: [dsi_panel_update_backlight:951] backlight = 792
03-13 18:52:33.521     0     0 E [20210313_18:52:33.519298]@1 msm-dsi-panel: [dsi_panel_update_backlight:951] backlight = 795
03-13 18:52:33.531     0     0 E [20210313_18:52:33.523877]@1 msm-dsi-panel: [dsi_panel_update_backlight:951] backlight = 798
03-13 18:52:33.541     0     0 E [20210313_18:52:33.534229]@1 msm-dsi-panel: [dsi_panel_update_backlight:951] backlight = 800
03-13 18:52:33.551     0     0 E [20210313_18:52:33.545587]@2 msm-dsi-panel: [dsi_panel_update_backlight:951] backlight = 803
03-13 18:52:33.560     0     0 E [20210313_18:52:33.556997]@1 msm-dsi-panel: [dsi_panel_update_backlight:951] backlight = 806
03-13 18:52:33.572     0     0 E [20210313_18:52:33.568051]@3 msm-dsi-panel: [dsi_panel_update_backlight:951] backlight = 809
03-13 18:52:33.581     0     0 E [20210313_18:52:33.579385]@3 msm-dsi-panel: [dsi_panel_update_backlight:951] backlight = 811
03-13 18:52:33.601     0     0 E [20210313_18:52:33.593906]@1 msm-dsi-panel: [dsi_panel_update_backlight:951] backlight = 814
03-13 18:52:33.621     0     0 E [20210313_18:52:33.614813]@2 msm-dsi-panel: [dsi_panel_update_backlight:951] backlight = 818
03-13 18:52:33.631     0     0 E [20210313_18:52:33.625923]@1 msm-dsi-panel: [dsi_panel_update_backlight:951] backlight = 821
03-13 18:52:33.631     0     0 E [20210313_18:52:33.629130]@2 msm-dsi-panel: [dsi_panel_update_backlight:951] backlight = 824
03-13 18:52:33.645  1452  1528 I chatty  : uid=1000(system) ActivityManager expire 55 lines
03-13 18:52:33.651     0     0 E [20210313_18:52:33.641918]@1 msm-dsi-panel: [dsi_panel_update_backlight:951] backlight = 826
03-13 18:52:33.653   864   904 E NetlinkEvent: NetlinkEvent::FindParam(): Parameter 'INTERFACE' not found
03-13 18:52:33.653   864   904 E NetlinkEvent: NetlinkEvent::FindParam(): Parameter 'STATE' not found
03-13 18:52:33.653   864   904 E NetlinkEvent: NetlinkEvent::FindParam(): Parameter 'TIME_NS' not found
03-13 18:52:33.653   864   904 E NetlinkEvent: NetlinkEvent::FindParam(): Parameter 'UID' not found
03-13 18:52:33.661     0     0 E [20210313_18:52:33.652157]@2 msm-dsi-panel: [dsi_panel_update_backlight:951] backlight = 829
03-13 18:52:33.661     0     0 I [20210313_18:52:33.659703]@2 init: processing action (sys.sysctl.tcp_def_init_rwnd=*) from (/system/etc/init/hw/init.rc:1028)
03-13 18:52:33.671     0     0 E [20210313_18:52:33.662939]@2 msm-dsi-panel: [dsi_panel_update_backlight:951] backlight = 832
03-13 18:52:33.681     0     0 E [20210313_18:52:33.675355]@0 msm-dsi-panel: [dsi_panel_update_backlight:951] backlight = 835
03-13 18:52:33.721     0     0 E [20210313_18:52:33.718726]@0 msm-dsi-panel: [dsi_panel_update_backlight:951] backlight = 837
03-13 18:52:33.725     0     0 I [20210313_18:52:33.721903]@1 [netmgrd][0x5872a9ef][18: 52:33.721898] wlan: [1311:E:HDD] __hdd_validate_adapter: 843: bad adapter magic (via __wlan_hdd_ipv6_changed)
03-13 18:52:33.749     0     0 E [20210313_18:52:33.748739]@1 msm-dsi-panel: [dsi_panel_update_backlight:951] backlight = 845
03-13 18:52:33.750     0     0 I [20210313_18:52:33.749560]@5 [wifi@1.0-servic][0x587ac45d][18: 52:33.749557] wlan: [953:E:POLICY_MGR] policy_mgr_store_and_del_conn_info: 665: Mode:0 number of conn 1 temp del
03-13 18:52:33.750     0     0 I [20210313_18:52:33.749683]@2 [scheduler_threa][0x587acd87][18: 52:33.749680] wlan: [2578:E:POLICY_MGR] policy_mgr_store_and_del_conn_info: 665: Mode:0 number of conn 1 temp del
03-13 18:52:33.750     0     0 I [20210313_18:52:33.749995]@5 [wifi@1.0-servic][0x587ae518][18: 52:33.749994] wlan: [953:E:POLICY_MGR] policy_mgr_store_and_del_conn_info: 665: Mode:0 number of conn 1 temp del
03-13 18:52:33.750     0     0 I [20210313_18:52:33.750377]@2 [scheduler_threa][0x587b0192][18: 52:33.750373] wlan: [2578:E:POLICY_MGR] policy_mgr_store_and_del_conn_info: 665: Mode:0 number of conn 1 temp del
03-13 18:52:33.752     0     0 I [20210313_18:52:33.750950]@2 [scheduler_threa][0x587b2c96][18: 52:33.750947] wlan: [2578:E:PE] lim_update_fils_rik: 1870: Fils rik len(0) max 64
03-13 18:52:33.756     0     0 I [20210313_18:52:33.751336]@2 [scheduler_threa][0x587b498a][18: 52:33.751333] wlan: [2578:I:WMI] LFR3:OKC enabled
03-13 18:52:33.757     0     0 I [20210313_18:52:33.751347]@2 [scheduler_threa][0x587b4a5b][18: 52:33.751344] wlan: [2578:I:WMI] LFR3:PMKSA caching enabled
03-13 18:52:33.757     0     0 I [20210313_18:52:33.751433]@2 [scheduler_threa][0x587b50cf][18: 52:33.751430] wlan: [2578:E:PE] lim_update_fils_rik: 1870: Fils rik len(0) max 64
03-13 18:52:33.757     0     0 I [20210313_18:52:33.753241]@2 [scheduler_threa][0x587bd848][18: 52:33.753236] wlan: [2578:I:WMI] LFR3:OKC enabled
03-13 18:52:33.757     0     0 I [20210313_18:52:33.753433]@2 [scheduler_threa][0x587be6c1][18: 52:33.753429] wlan: [2578:I:WMI] LFR3:PMKSA caching enabled
03-13 18:52:33.767     0     0 E [20210313_18:52:33.761278]@0 msm-dsi-panel: [dsi_panel_update_backlight:951] backlight = 850
03-13 18:52:33.772     0     0 E [20210313_18:52:33.770991]@1 msm-dsi-panel: [dsi_panel_update_backlight:951] backlight = 856
03-13 18:52:33.783     0     0 E [20210313_18:52:33.782088]@2 msm-dsi-panel: [dsi_panel_update_backlight:951] backlight = 859
03-13 18:52:33.811     0     0 E [20210313_18:52:33.805025]@1 msm-dsi-panel: [dsi_panel_update_backlight:951] backlight = 862
03-13 18:52:33.831     0     0 E [20210313_18:52:33.826792]@1 msm-dsi-panel: [dsi_panel_update_backlight:951] backlight = 867
03-13 18:52:33.838     0     0 E [20210313_18:52:33.837862]@0 msm-dsi-panel: [dsi_panel_update_backlight:951] backlight = 870
03-13 18:52:33.851     0     0 E [20210313_18:52:33.849298]@2 msm-dsi-panel: [dsi_panel_update_backlight:951] backlight = 873
03-13 18:52:33.863     0     0 E [20210313_18:52:33.860167]@0 msm-dsi-panel: [dsi_panel_update_backlight:951] backlight = 875
03-13 18:52:33.881     0     0 E [20210313_18:52:33.871374]@1 msm-dsi-panel: [dsi_panel_update_backlight:951] backlight = 878
03-13 18:52:33.891     0     0 E [20210313_18:52:33.882500]@1 msm-dsi-panel: [dsi_panel_update_backlight:951] backlight = 881
03-13 18:52:33.901     0     0 E [20210313_18:52:33.893739]@0 msm-dsi-panel: [dsi_panel_update_backlight:951] backlight = 884
03-13 18:52:33.906     0     0 E [20210313_18:52:33.904830]@1 msm-dsi-panel: [dsi_panel_update_backlight:951] backlight = 886
03-13 18:52:33.906     0     0 I [20210313_18:52:33.905711]@3 [soft_irq][0x58a88399][18: 52:33.905707] wlan: [0:E:HDD] hdd_disable_and_flush_mc_addr_list: 1013: failed to flush mc list; status:4
03-13 18:52:33.906     0     0 I [20210313_18:52:33.905788]@3 [soft_irq][0x58a8895e][18: 52:33.905784] wlan: [0:E:HDD] __hdd_set_multicast_list: 3896: Failed to cache MC address list for vdev 1; errno:-22
03-13 18:52:33.906     0     0 I [20210313_18:52:33.905866]@3 [soft_irq][0x58a88f3b][18: 52:33.905862] wlan: [0:E:HDD] hdd_disable_and_flush_mc_addr_list: 1013: failed to flush mc list; status:4
03-13 18:52:33.906     0     0 I [20210313_18:52:33.905926]@3 [soft_irq][0x58a893c8][18: 52:33.905923] wlan: [0:E:HDD] __hdd_set_multicast_list: 3896: Failed to cache MC address list for vdev 1; errno:-22
03-13 18:52:33.925     0     0 E [20210313_18:52:33.916347]@0 msm-dsi-panel: [dsi_panel_update_backlight:951] backlight = 889
03-13 18:52:33.931     0     0 E [20210313_18:52:33.927255]@2 msm-dsi-panel: [dsi_panel_update_backlight:951] backlight = 892
03-13 18:52:33.936  3334  4180 W ActivityThread: Failed to find provider info for com.google.android.gsf.gservices (user not unlocked)
03-13 18:52:33.937  3334  4180 W ActivityThread: Failed to find provider info for com.google.android.gsf.gservices (user not unlocked)
03-13 18:52:33.941     0     0 E [20210313_18:52:33.938277]@2 msm-dsi-panel: [dsi_panel_update_backlight:951] backlight = 894
03-13 18:52:33.952     0     0 E [20210313_18:52:33.949962]@1 msm-dsi-panel: [dsi_panel_update_backlight:951] backlight = 897
03-13 18:52:33.961     0     0 E [20210313_18:52:33.960880]@1 msm-dsi-panel: [dsi_panel_update_backlight:951] backlight = 900
03-13 18:52:33.981     0     0 E [20210313_18:52:33.971777]@1 msm-dsi-panel: [dsi_panel_update_backlight:951] backlight = 902
03-13 18:52:33.997     0     0 E [20210313_18:52:33.982960]@1 msm-dsi-panel: [dsi_panel_update_backlight:951] backlight = 905
03-13 18:52:33.997     0     0 E [20210313_18:52:33.994242]@3 msm-dsi-panel: [dsi_panel_update_backlight:951] backlight = 908
03-13 18:52:34.011     0     0 E [20210313_18:52:34.005352]@3 msm-dsi-panel: [dsi_panel_update_backlight:951] backlight = 910
03-13 18:52:34.021     0     0 E [20210313_18:52:34.016853]@1 msm-dsi-panel: [dsi_panel_update_backlight:951] backlight = 913
03-13 18:52:34.031     0     0 E [20210313_18:52:34.027508]@1 msm-dsi-panel: [dsi_panel_update_backlight:951] backlight = 916
03-13 18:52:34.031     0     0 E [20210313_18:52:34.028831]@2 msm-dsi-panel: [dsi_panel_update_backlight:951] backlight = 918
03-13 18:52:34.041     0     0 E [20210313_18:52:34.033506]@2 msm-dsi-panel: [dsi_panel_update_backlight:951] backlight = 921
03-13 18:52:34.051     0     0 E [20210313_18:52:34.045124]@3 msm-dsi-panel: [dsi_panel_update_backlight:951] backlight = 924
03-13 18:52:34.061     0     0 E [20210313_18:52:34.056465]@0 msm-dsi-panel: [dsi_panel_update_backlight:951] backlight = 926
03-13 18:52:34.071     0     0 E [20210313_18:52:34.067478]@0 msm-dsi-panel: [dsi_panel_update_backlight:951] backlight = 929
03-13 18:52:34.091     0     0 E [20210313_18:52:34.082848]@2 msm-dsi-panel: [dsi_panel_update_backlight:951] backlight = 932
03-13 18:52:34.101     0     0 E [20210313_18:52:34.092232]@1 msm-dsi-panel: [dsi_panel_update_backlight:951] backlight = 934
03-13 18:52:34.111     0     0 E [20210313_18:52:34.102652]@3 msm-dsi-panel: [dsi_panel_update_backlight:951] backlight = 937
03-13 18:52:34.121     0     0 E [20210313_18:52:34.118957]@3 msm-dsi-panel: [dsi_panel_update_backlight:951] backlight = 940
03-13 18:52:34.131     0     0 E [20210313_18:52:34.125008]@1 msm-dsi-panel: [dsi_panel_update_backlight:951] backlight = 943
03-13 18:52:34.141     0     0 E [20210313_18:52:34.136221]@1 msm-dsi-panel: [dsi_panel_update_backlight:951] backlight = 945
03-13 18:52:34.151     0     0 E [20210313_18:52:34.150577]@1 msm-dsi-panel: [dsi_panel_update_backlight:951] backlight = 948
03-13 18:52:34.161     0     0 E [20210313_18:52:34.158364]@3 msm-dsi-panel: [dsi_panel_update_backlight:951] backlight = 951
03-13 18:52:34.171     0     0 E [20210313_18:52:34.169842]@2 msm-dsi-panel: [dsi_panel_update_backlight:951] backlight = 953
03-13 18:52:34.191     0     0 E [20210313_18:52:34.181933]@3 msm-dsi-panel: [dsi_panel_update_backlight:951] backlight = 956
03-13 18:52:34.201     0     0 E [20210313_18:52:34.192568]@2 msm-dsi-panel: [dsi_panel_update_backlight:951] backlight = 959
03-13 18:52:34.211     0     0 E [20210313_18:52:34.208233]@1 msm-dsi-panel: [dsi_panel_update_backlight:951] backlight = 961
03-13 18:52:34.221     0     0 E [20210313_18:52:34.214266]@2 msm-dsi-panel: [dsi_panel_update_backlight:951] backlight = 964
03-13 18:52:34.233     0     0 E [20210313_18:52:34.225385]@1 msm-dsi-panel: [dsi_panel_update_backlight:951] backlight = 967
03-13 18:52:34.241     0     0 E [20210313_18:52:34.240603]@1 msm-dsi-panel: [dsi_panel_update_backlight:951] backlight = 969
03-13 18:52:34.251     0     0 E [20210313_18:52:34.247805]@2 msm-dsi-panel: [dsi_panel_update_backlight:951] backlight = 972
03-13 18:52:34.261     0     0 E [20210313_18:52:34.259049]@1 msm-dsi-panel: [dsi_panel_update_backlight:951] backlight = 975
03-13 18:52:34.271  3167  4201 W ActivityThread: Failed to find provider info for com.android.contacts (user not unlocked)
03-13 18:52:34.281     0     0 E [20210313_18:52:34.274017]@0 msm-dsi-panel: [dsi_panel_update_backlight:951] backlight = 977
03-13 18:52:34.291     0     0 E [20210313_18:52:34.281248]@3 msm-dsi-panel: [dsi_panel_update_backlight:951] backlight = 980
03-13 18:52:34.301     0     0 E [20210313_18:52:34.294096]@3 msm-dsi-panel: [dsi_panel_update_backlight:951] backlight = 983
03-13 18:52:34.311     0     0 E [20210313_18:52:34.305700]@1 msm-dsi-panel: [dsi_panel_update_backlight:951] backlight = 985
03-13 18:52:34.321     0     0 E [20210313_18:52:34.314482]@3 msm-dsi-panel: [dsi_panel_update_backlight:951] backlight = 988
03-13 18:52:34.321     0     0 F [20210313_18:52:34.320216]@1 perfetto: disabled ftrace
03-13 18:52:34.332     0     0 E [20210313_18:52:34.332004]@1 msm-dsi-panel: [dsi_panel_update_backlight:951] backlight = 991
03-13 18:52:34.341     0     0 E [20210313_18:52:34.339675]@2 msm-dsi-panel: [dsi_panel_update_backlight:951] backlight = 994
03-13 18:52:34.355     0     0 E [20210313_18:52:34.351870]@2 msm-dsi-panel: [dsi_panel_update_backlight:951] backlight = 996
03-13 18:52:34.360     0     0 E [20210313_18:52:34.360082]@2 msm-dsi-panel: [dsi_panel_update_backlight:951] backlight = 999
03-13 18:52:34.383     0     0 E [20210313_18:52:34.377669]@2 msm-dsi-panel: [dsi_panel_update_backlight:951] backlight = 1002
03-13 18:52:34.390     0     0 E [20210313_18:52:34.386691]@3 msm-dsi-panel: [dsi_panel_update_backlight:951] backlight = 1004
03-13 18:52:34.401     0     0 E [20210313_18:52:34.393832]@3 msm-dsi-panel: [dsi_panel_update_backlight:951] backlight = 1007
03-13 18:52:34.411     0     0 E [20210313_18:52:34.405975]@2 msm-dsi-panel: [dsi_panel_update_backlight:951] backlight = 1010
03-13 18:52:34.421     0     0 E [20210313_18:52:34.414879]@1 msm-dsi-panel: [dsi_panel_update_backlight:951] backlight = 1012
03-13 18:52:34.431     0     0 E [20210313_18:52:34.425956]@2 msm-dsi-panel: [dsi_panel_update_backlight:951] backlight = 1015
03-13 18:52:34.441     0     0 E [20210313_18:52:34.438407]@2 msm-dsi-panel: [dsi_panel_update_backlight:951] backlight = 1018
03-13 18:52:34.451     0     0 E [20210313_18:52:34.449401]@0 msm-dsi-panel: [dsi_panel_update_backlight:951] backlight = 1020
03-13 18:52:34.461     0     0 E [20210313_18:52:34.460841]@3 msm-dsi-panel: [dsi_panel_update_backlight:951] backlight = 1023
03-13 18:52:34.773  1452  1512 I chatty  : uid=1000(system) android.fg expire 12 lines
03-13 18:52:34.773  1452  1529 I chatty  : uid=1000(system) ActivityManager expire 7 lines
03-13 18:52:35.883  1452  2383 I chatty  : uid=1000(system) Binder:1452_7 expire 11 lines
03-13 18:52:35.901  1452  1500 I chatty  : uid=1000(system) Binder:1452_1 expire 2 lines
03-13 18:52:35.912     0     0 I [20210313_18:52:35.912589]@0 binder: undelivered TRANSACTION_COMPLETE
03-13 18:52:35.912     0     0 I [20210313_18:52:35.912606]@0 binder: undelivered transaction 88398, process died.
03-13 18:52:36.595  3872  4240 W ActivityThread: Failed to find provider info for com.google.android.gsf.gservices (user not unlocked)
03-13 18:52:36.913  3931  3994 W ActivityThread: Failed to find provider info for com.google.android.gsf.gservices (user not unlocked)
03-13 18:52:36.917  3931  4019 W ActivityThread: Failed to find provider info for com.google.android.gsf.gservices (user not unlocked)
03-13 18:52:36.918  3931  4019 I chatty  : uid=10156(com.google.android.gms) identical 2 lines
03-13 18:52:36.918  3931  4019 W ActivityThread: Failed to find provider info for com.google.android.gsf.gservices (user not unlocked)
03-13 18:52:36.925  3931  4022 W ActivityThread: Failed to find provider info for com.google.android.gsf.gservices (user not unlocked)
03-13 18:52:36.991     0     0 W [20210313_18:52:36.986418]@0 healthd: battery l=66 v=4036 t=28.8 h=2 st=2 c=78000 fc=3540000 cc=1 chg=u
03-13 18:52:38.127  1452  2274 I chatty  : uid=1000(system) Binder:1452_6 expire 9 lines
03-13 18:52:38.171     0     0 I [20210313_18:52:38.164449]@3 share_ioctl: INVAILD cmd
03-13 18:52:38.171     0     0 I [20210313_18:52:38.164472]@3 sensor_write: state is 0x1
03-13 18:52:38.173  2095  2095 V KeyguardStatusView: refresh statusview showing:true
03-13 18:52:38.180  1452  1452 I chatty  : uid=1000 system_server expire 11 lines
03-13 18:52:38.183     0     0 E [20210313_18:52:38.183071]@0 init: Control message: Could not ctl.interface_start for 'vendor.one.biometrics.fingerprint.inscreen@1.0::IFingerprintInscreen/default' from pid: 630 (/system/bin/hwservicemanager): File /system_ext/bin/hw/vendor.one.biometrics.fingerprint.inscreen@1.0-service.oneplus_msmnile (labeled "u:object_r:system_file:s0") has incorrect label or no domain transition from u:r:init:s0 to another SELinux domain defined. Have you configured your service correctly? https://source.android.com/security/selinux/device-policy#label_new_services_and_address_denials
03-13 18:52:38.200     0     0 E [20210313_18:52:38.200270]@4 [TP]sec-s6sy761: sec_touchhold_switch_mode: touchhold_enable: 1 success!
03-13 18:52:38.211     0     0 I [20210313_18:52:38.204954]@3 [netmgrd][0x5d940ea4][18: 52:38.204948] wlan: [1311:E:HDD] __hdd_validate_adapter: 843: bad adapter magic (via __wlan_hdd_ipv6_changed)
03-13 18:52:38.285  3167  4260 W ActivityThread: Failed to find provider info for com.android.contacts (user not unlocked)
03-13 18:52:38.470  1452  3122 I chatty  : uid=1000(system) Binder:1452_9 expire 3 lines
03-13 18:52:42.292  3167  4299 W ActivityThread: Failed to find provider info for com.android.contacts (user not unlocked)
03-13 18:52:44.042     0     0 W [20210313_18:52:44.031771]@2 healthd: battery l=66 v=4040 t=28.8 h=2 st=2 c=-45000 fc=3540000 cc=1 chg=u
03-13 18:52:46.298  3167  4308 W ActivityThread: Failed to find provider info for com.android.contacts (user not unlocked)
03-13 18:52:46.541     0     0 E [20210313_18:52:46.541016]@3 SMBLIB: usbin_uv_irq_handler: pm8150b_charger: usbin_uv_irq_handler: DEBUG: RESET STORM COUNT FOR POWER_OK
03-13 18:52:46.541     0     0 I [20210313_18:52:46.541129]@0 SMBLIB: op_otg_switch: same status,return;usb_present:0
03-13 18:52:46.541     0     0 I [20210313_18:52:46.541297]@2 SMBLIB: smblib_usb_plugin_locked: release chg_wake_lock
03-13 18:52:46.541     0     0 E [20210313_18:52:46.541327]@2 SMBLIB: set_usb_switch: switch off fastchg
03-13 18:52:46.541     0     0 I [20210313_18:52:46.541343]@2 FASTCHG: usb_sw_gpio_set: set usb_sw_gpio=0
03-13 18:52:46.541     0     0 I [20210313_18:52:46.541370]@2 FASTCHG: usb_sw_gpio_set: get usb_sw_gpio=0&0
03-13 18:52:46.541     0     0 I [20210313_18:52:46.541405]@2 SMBLIB: set_dash_charger_present: dash_present = 0, charger_present = 0
03-13 18:52:46.541     0     0 I [20210313_18:52:46.541430]@2 QCOM-BATT: pl_fcc_vote_callback: total_fcc_ua=500000
03-13 18:52:46.541     0     0 E [20210313_18:52:46.541501]@2 SMBLIB: op_battery_temp_region_set: set temp_region=8
03-13 18:52:46.541     0     0 I [20210313_18:52:46.541527]@2 SMBLIB: smblib_get_apsd_result: APSD_DTC_STATUS_DONE_BIT is 0
03-13 18:52:46.541     0     0 E [20210313_18:52:46.541547]@2 SMBLIB: smblib_update_usb_type: pm8150b_charger: smblib_update_usb_type: APSD=UNKNOWN PD=0 dash_on=0 real_charger_type=0
03-13 18:52:46.541     0     0 E [20210313_18:52:46.541605]@2 SMBLIB: smblib_usb_plugin_locked: IRQ: detached
03-13 18:52:46.551     0     0 I [20210313_18:52:46.542747]@2 SMBLIB: smblib_get_apsd_result: APSD_DTC_STATUS_DONE_BIT is 0
03-13 18:52:46.551     0     0 E         : [20210313_18:52:46.546251]@4 FF GAD SUS                      0 ?
03-13 18:52:46.551     0     0 E         : FF SUSPEND INT                  0 ?
03-13 18:52:46.551     0     0 E         : FF SUSPEND                      0 ?
03-13 18:52:46.551     0     0 I SMBLIB  : typec_attach_detach_irq_handler: dump_reg:0x1506 = 0x00
03-13 18:52:46.551     0     0 I [20210313_18:52:46.551251]@3 SMBLIB: smblib_get_apsd_result: APSD_DTC_STATUS_DONE_BIT is 0
03-13 18:52:46.551     0     0 I [20210313_18:52:46.551297]@2 SMBLIB: typec_attach_detach_irq_handler: dump_reg:0x1508 = 0x00
03-13 18:52:46.551     0     0 I [20210313_18:52:46.551325]@2 SMBLIB: typec_attach_detach_irq_handler: dump_reg:0x150b = 0x00
03-13 18:52:46.551     0     0 I [20210313_18:52:46.551362]@2 SMBLIB: typec_attach_detach_irq_handler: dump_reg:0x1510 = 0x00
03-13 18:52:46.551     0     0 E         : [20210313_18:52:46.551406]@3 usbpd usbpd0: typec mode:0 present:0 type:0 orientation:0
03-13 18:52:46.551     0     0 I [20210313_18:52:46.551438]@2 SMBLIB: typec_attach_detach_irq_handler: dump_reg:0x155e = 0x00
03-13 18:52:46.551     0     0 I [20210313_18:52:46.551504]@2 SMBLIB: smblib_get_apsd_result: APSD_DTC_STATUS_DONE_BIT is 0
03-13 18:52:46.551     0     0 E [20210313_18:52:46.551525]@2 SMBLIB: smblib_update_usb_type: pm8150b_charger: smblib_update_usb_type: APSD=UNKNOWN PD=0 dash_on=0 real_charger_type=0
03-13 18:52:46.551     0     0 I         : [20210313_18:52:46.551584]@1 usbpd usbpd0: USB Type-C disconnect
03-13 18:52:46.551     0     0 I [20210313_18:52:46.551664]@2 SMBLIB: smblib_get_apsd_result: APSD_DTC_STATUS_DONE_BIT is 0
03-13 18:52:46.551     0     0 I [20210313_18:52:46.551755]@2 SMBLIB: smblib_set_usb_suspend: suspend=0
03-13 18:52:46.556  1452  3556 I chatty  : uid=1000(system) HwBinder:1452_5 expire 1 line
03-13 18:52:46.560     0     0 I [20210313_18:52:46.552165]@3 SMBLIB: smblib_get_apsd_result: APSD_DTC_STATUS_DONE_BIT is 0
03-13 18:52:46.560     0     0 I [20210313_18:52:46.552250]@3 SMBLIB: smblib_get_apsd_result: APSD_DTC_STATUS_DONE_BIT is 0
03-13 18:52:46.560     0     0 E [20210313_18:52:46.552269]@3 SMBLIB: smblib_update_usb_type: pm8150b_charger: smblib_update_usb_type: APSD=UNKNOWN PD=0 dash_on=0 real_charger_type=0
03-13 18:52:46.560     0     0 E         : [20210313_18:52:46.552303]@3 FF extcon idx                   0 ?
03-13 18:52:46.560     0     0 E         : FF peripheral                   0 ?
03-13 18:52:46.560     0     0 E         : FF StrtGdgt gsync               2 ?
03-13 18:52:46.560     0     0 E         : FF VbusSess                     0 ?
03-13 18:52:46.561     0     0 E         : FF run_stop                     0 ?
03-13 18:52:46.561     0     0 E         : FF MaskINT                      0 ?
03-13 18:52:46.561     0     0 I SMBLIB  : smblib_awake_vote_callback: set awake=1
03-13 18:52:46.561     0     0 E         : [20210313_18:52:46.553074]@2 FF DISCONNECT INT               0 ?
03-13 18:52:46.561     0     0 E         : FF DISCONNECT                   0 ?
03-13 18:52:46.561     0     0 I SMBLIB  : smblib_get_apsd_result: APSD_DTC_STATUS_DONE_BIT is 0
03-13 18:52:46.561     0     0 I [20210313_18:52:46.556641]@3 SMBLIB: smblib_get_apsd_result: APSD_DTC_STATUS_DONE_BIT is 0
03-13 18:52:46.561     0     0 E         : [20210313_18:52:46.556969]@2 FF StopGdgt psync               1 ?
03-13 18:52:46.561     0     0 E         : FF RT Sus                       0 ?
03-13 18:52:46.561     0     0 E         : FF bus_vote_start               0 ?
03-13 18:52:46.561     0     0 E         : FF bus_vote_end                 0 ?
03-13 18:52:46.561     0     0 I msm-dwc3 a600000.ssusb: DWC3 in low power mode
03-13 18:52:46.561     0     0 E         : [20210313_18:52:46.559479]@1 FF Ctl Sus                      1 ?
03-13 18:52:46.561     0     0 E         : FF !BSV psync                   0 ?
03-13 18:52:46.561     0     0 E         : FF idle                         0 ?
03-13 18:52:46.561     0     0 I android_work: sent uevent USB_STATE=DISCONNECTED
03-13 18:52:46.581     0     0 I [20210313_18:52:46.571348]@3 SMBLIB: smblib_awake_vote_callback: set awake=0
03-13 18:52:46.591     0     0 W [20210313_18:52:46.585150]@3 healthd: battery l=66 v=4029 t=28.8 h=2 st=3 c=100000 fc=3540000 cc=1 chg=
03-13 18:52:46.611     0     0 W [20210313_18:52:46.608238]@1 healthd: battery l=66 v=4029 t=28.8 h=2 st=3 c=100000 fc=3540000 cc=1 chg=
03-13 18:52:46.631     0     0 W [20210313_18:52:46.626034]@0 healthd: battery l=66 v=4029 t=28.8 h=2 st=3 c=100000 fc=3540000 cc=1 chg=
03-13 18:52:46.651     0     0 W [20210313_18:52:46.645167]@0 healthd: battery l=66 v=4029 t=28.8 h=2 st=3 c=100000 fc=3540000 cc=1 chg=
03-13 18:52:46.752     0     0 E         : [20210313_18:52:46.751632]@0 FF WaitPullup                   0 ?
