03-14 09:35:25.330   909   909 I SDM     : HWInfoDRM::GetHWPlanesInfo: Adding DMA Pipe : Id 118, master_pipe_id : Id 105 block_sec_ui: 1 hw_block_mask: 0x1f
03-14 09:35:25.330   909   909 I SDM     : HWInfoDRM::GetHWPlanesInfo: Adding DMA Pipe : Id 121, master_pipe_id : Id 108 block_sec_ui: 1 hw_block_mask: 0x1f
03-14 09:35:25.330   909   909 I SDM     : HWInfoDRM::GetHWPlanesInfo: Adding DMA Pipe : Id 124, master_pipe_id : Id 111 block_sec_ui: 1 hw_block_mask: 0x1f
03-14 09:35:25.330   940   940 D vendor.qti.esepowermanager@1.1-service: loading eseservice
03-14 09:35:25.330   909   909 I SDM     : HWInfoDRM::GetHWPlanesInfo: Adding DMA Pipe : Id 127, master_pipe_id : Id 65 block_sec_ui: 1 hw_block_mask: 0x1f
03-14 09:35:25.330   909   909 I SDM     : HWInfoDRM::GetHWPlanesInfo: Adding DMA Pipe : Id 130, master_pipe_id : Id 90 block_sec_ui: 1 hw_block_mask: 0x1f
03-14 09:35:25.330   909   909 I SDM     : HWInfoDRM::GetHWPlanesInfo: Adding DMA Pipe : Id 133, master_pipe_id : Id 93 block_sec_ui: 1 hw_block_mask: 0x1f
03-14 09:35:25.330   909   909 I SDM     : HWInfoDRM::GetHWPlanesInfo: Adding DMA Pipe : Id 136, master_pipe_id : Id 96 block_sec_ui: 1 hw_block_mask: 0x1f
03-14 09:35:25.330   940   940 D QSEECOMAPI: QSEECom_get_handle sb_length = 0x400
03-14 09:35:25.330   940   940 D QSEECOMAPI: App is not loaded in QSEE
03-14 09:35:25.331   922   922 I HidlServiceManagement: Registered android.hardware.thermal@2.0::IThermal/default (start delay of 109ms)
03-14 09:35:25.331   922   922 I HidlServiceManagement: Removing namespace from process name android.hardware.thermal@2.0-service.qti to thermal@2.0-service.qti.
03-14 09:35:25.331   930   930 I DolbyManagerService: onFirstRef 
03-14 09:35:25.331   940   940 E QSEECOMAPI: Error::Cannot open the file /vendor/firmware_mnt/image/eseservice.mdt errno = 2
03-14 09:35:25.331   940   940 E QSEECOMAPI: Error::Loading image failed with ret = -1
03-14 09:35:25.331   922   922 I thermal_hal: Thermal HAL Service 2.0 started successfully.
03-14 09:35:25.331   940   940 D vendor.qti.esepowermanager@1.1-service: loading eseservice failed
03-14 09:35:25.331   940   940 D vendor.qti.esepowermanager@1.1-service: eSEPowerManager V1.1 is starting
03-14 09:35:25.331   909   909 I SDM     : HWInfoDRM::GetHWResourceInfo: Max plane width = 4096
03-14 09:35:25.331   909   909 I SDM     : HWInfoDRM::GetHWResourceInfo: Max cursor width = 128
03-14 09:35:25.331   909   909 I SDM     : HWInfoDRM::GetHWResourceInfo: Max plane upscale = 20
03-14 09:35:25.331   909   909 I SDM     : HWInfoDRM::GetHWResourceInfo: Max plane downscale = 4
03-14 09:35:25.331   909   909 I SDM     : HWInfoDRM::GetHWResourceInfo: Has Decimation = 1
03-14 09:35:25.331   909   909 I SDM     : HWInfoDRM::GetHWResourceInfo: Max Blending Stages = 11
03-14 09:35:25.331   909   909 I SDM     : HWInfoDRM::GetHWResourceInfo: Has Source Split = 1
03-14 09:35:25.331   909   909 I SDM     : HWInfoDRM::GetHWResourceInfo: Has QSEED3 = 1
03-14 09:35:25.331   909   909 I SDM     : HWInfoDRM::GetHWResourceInfo: Has UBWC = 1
03-14 09:35:25.331   909   909 I SDM     : HWInfoDRM::GetHWResourceInfo: Has Concurrent Writeback = 1
03-14 09:35:25.331   909   909 I SDM     : HWInfoDRM::GetHWResourceInfo: Has Src Tonemap = 6
03-14 09:35:25.331   909   909 I SDM     : HWInfoDRM::GetHWResourceInfo: Max Low Bw = 12800000
03-14 09:35:25.331   909   909 I SDM     : HWInfoDRM::GetHWResourceInfo: Max High Bw = 12800000
03-14 09:35:25.331   909   909 I SDM     : HWInfoDRM::GetHWResourceInfo: Max Pipe Bw = 4500000 KBps
03-14 09:35:25.331   909   909 I SDM     : HWInfoDRM::GetHWResourceInfo: MaxSDEClock = 460000000 Hz
03-14 09:35:25.331   909   909 I SDM     : HWInfoDRM::GetHWResourceInfo: Clock Fudge Factor = 1.050000
03-14 09:35:25.331   909   909 I SDM     : HWInfoDRM::GetHWResourceInfo: Prefill factors:
03-14 09:35:25.331   909   909 I SDM     : HWInfoDRM::GetHWResourceInfo: 	Tiled_NV12 = 8
03-14 09:35:25.331   909   909 I SDM     : HWInfoDRM::GetHWResourceInfo: 	Tiled = 4
03-14 09:35:25.331   909   909 I SDM     : HWInfoDRM::GetHWResourceInfo: 	Linear = 1
03-14 09:35:25.331   909   909 I SDM     : HWInfoDRM::GetHWResourceInfo: 	Scale = 1
03-14 09:35:25.331   909   909 I SDM     : HWInfoDRM::GetHWResourceInfo: 	Fudge_factor = 2
03-14 09:35:25.331   909   909 I SDM     : HWInfoDRM::GetHWResourceInfo: 	ib_fudge_factor = 6.000000
03-14 09:35:25.332   915   915 E android.hardware.neuralnetworks@1.2-service: cannot load function CreateAccelerator
03-14 09:35:25.336   909   909 I SDM     : HWInfoDRM::GetHWRotatorInfo: V4L2 Rotator: Count = 1, Downscale = 1, Min_downscale = 1.500000,Downscale_compression = 1, Max_line_width = 4096
03-14 09:35:25.336   930   930 I HidlServiceManagement: Registered vendor.dolby.hardware.dms@2.0::IDms/default (start delay of 84ms)
03-14 09:35:25.337   909   909 I SDM     : PipeAllocDrm::Init: Smart DMA: Enabled
03-14 09:35:25.337   909   909 I SDM     : PipeAllocDrm::Init: Pipe Priority Order: Disabled
03-14 09:35:25.337   909   909 I SDM     : PipeAllocDrm::Init: Prefer multirect Disabled
03-14 09:35:25.337   909   909 I SDM     : PipeAllocDrm::Init: pipe->type = 1 Real pipe_id = 65 priority = 0 tonemap = 1
03-14 09:35:25.337   909   909 I SDM     : PipeAllocDrm::Init: pipe->type = 1 Real pipe_id = 90 priority = 1 tonemap = 1
03-14 09:35:25.337   909   909 I SDM     : PipeAllocDrm::Init: pipe->type = 1 Real pipe_id = 93 priority = 2 tonemap = 1
03-14 09:35:25.337   909   909 I SDM     : PipeAllocDrm::Init: pipe->type = 1 Real pipe_id = 96 priority = 3 tonemap = 1
03-14 09:35:25.337   909   909 I SDM     : PipeAllocDrm::Init: pipe->type = 3 Real pipe_id = 99 priority = 4 tonemap = 2
03-14 09:35:25.337   909   909 I SDM     : PipeAllocDrm::Init: pipe->type = 3 Real pipe_id = 105 priority = 5 tonemap = 2
03-14 09:35:25.337   909   909 I SDM     : PipeAllocDrm::Init: pipe->type = 3 Real pipe_id = 108 priority = 6 tonemap = 2
03-14 09:35:25.337   909   909 I SDM     : PipeAllocDrm::Init: pipe->type = 3 Real pipe_id = 111 priority = 7 tonemap = 2
03-14 09:35:25.337   909   909 I SDM     : PipeAllocDrm::Init: pipe->type = 3 Virtual pipe_id = 114 priority = 8 tonemap = 2
03-14 09:35:25.337   909   909 I SDM     : PipeAllocDrm::Init: pipe->type = 3 Virtual pipe_id = 118 priority = 9 tonemap = 2
03-14 09:35:25.337   909   909 I SDM     : PipeAllocDrm::Init: pipe->type = 3 Virtual pipe_id = 121 priority = 10 tonemap = 2
03-14 09:35:25.337   909   909 I SDM     : PipeAllocDrm::Init: pipe->type = 3 Virtual pipe_id = 124 priority = 11 tonemap = 2
03-14 09:35:25.337   909   909 I SDM     : PipeAllocDrm::Init: pipe->type = 3 Virtual pipe_id = 127 priority = 12 tonemap = 0
03-14 09:35:25.337   909   909 I SDM     : PipeAllocDrm::Init: pipe->type = 3 Virtual pipe_id = 130 priority = 13 tonemap = 0
03-14 09:35:25.337   909   909 I SDM     : PipeAllocDrm::Init: pipe->type = 3 Virtual pipe_id = 133 priority = 14 tonemap = 0
03-14 09:35:25.337   909   909 I SDM     : PipeAllocDrm::Init: pipe->type = 3 Virtual pipe_id = 136 priority = 15 tonemap = 0
03-14 09:35:25.337   930   930 I HidlServiceManagement: Removing namespace from process name vendor.dolby.hardware.dms@2.0-service to dms@2.0-service.
03-14 09:35:25.340   930   930 I DolbyManagerSvc: Registered IDms vendor service success!
03-14 09:35:25.341   821   821 I ServiceManager: Waiting for service 'statscompanion' on '/dev/binder'...
03-14 09:35:25.341   909   909 I SDM     : PipeAllocDrm::Init: Registered  Total Pipes = 16 SDma/virtual_pipes = 8
03-14 09:35:25.341   909   909 I SDM     : PipeAllocDrm::Init: pipe->type=3 Real pipe_id =111
03-14 09:35:25.341   909   909 I SDM     : PipeAllocDrm::Init: pipe->type=3 Real pipe_id =108
03-14 09:35:25.341   909   909 I SDM     : PipeAllocDrm::Init: pipe->type=3 Real pipe_id =105
03-14 09:35:25.341   909   909 I SDM     : PipeAllocDrm::Init: pipe->type=3 Real pipe_id =99
03-14 09:35:25.341   909   909 I SDM     : PipeAllocDrm::Init: pipe->type=1 Real pipe_id =96
03-14 09:35:25.341   909   909 I SDM     : PipeAllocDrm::Init: pipe->type=1 Real pipe_id =93
03-14 09:35:25.341   909   909 I SDM     : PipeAllocDrm::Init: pipe->type=1 Real pipe_id =90
03-14 09:35:25.341   909   909 I SDM     : PipeAllocDrm::Init: pipe->type=1 Real pipe_id =65
03-14 09:35:25.341   909   909 I SDM     : PipeAllocDrm::Init: pipe->type=3 Virtual pipe_id =114
03-14 09:35:25.341   909   909 I SDM     : PipeAllocDrm::Init: pipe->type=3 Virtual pipe_id =118
03-14 09:35:25.341   909   909 I SDM     : PipeAllocDrm::Init: pipe->type=3 Virtual pipe_id =121
03-14 09:35:25.341   909   909 I SDM     : PipeAllocDrm::Init: pipe->type=3 Virtual pipe_id =124
03-14 09:35:25.341   909   909 I SDM     : PipeAllocDrm::Init: pipe->type=3 Virtual pipe_id =127
03-14 09:35:25.341   909   909 I SDM     : PipeAllocDrm::Init: pipe->type=3 Virtual pipe_id =130
03-14 09:35:25.341   909   909 I SDM     : PipeAllocDrm::Init: pipe->type=3 Virtual pipe_id =133
03-14 09:35:25.341   909   909 I SDM     : PipeAllocDrm::Init: pipe->type=3 Virtual pipe_id =136
03-14 09:35:25.342   906   906 I LocSvc_HIDL_vendor.qti.gnss@3.0-service: main
03-14 09:35:25.343   909   909 D SDM     : ToneMapConfigFactory::Create: Creating ToneMapConfigImpl
03-14 09:35:25.344     0     0 E @6 [drm-dp]: dp_connector_detect: dp_connector_detect:op_dp_enable=0
03-14 09:35:25.344   909   909 W SDM     : DRMConnector::GetInfo: Connector 58 not found.
03-14 09:35:25.344   909   909 I SDM     : HWInfoDRM::GetDisplaysStatus: display:   28-0, connected: true, primary: true
03-14 09:35:25.344   909   909 I SDM     : HWInfoDRM::GetDisplaysStatus: display:   48-2, connected: true, primary: false
03-14 09:35:25.344   909   909 W SDM     : HWInfoDRM::GetDisplaysStatus: Unknown display type = 0 on connector id 58.
03-14 09:35:25.344   909   909 I SDM     : HWInfoDRM::GetDisplaysStatus: display:   58-3, connected: false, primary: false
03-14 09:35:25.344   909   909 I SDM     : CoreInterface::CreateCore: Open interface handle = 0x7455b96040
03-14 09:35:25.344     0     0 I chatty  : uid=0(root) logd identical 1 line
03-14 09:35:25.344   909   909 W SDM     : DRMConnector::GetInfo: Connector 58 not found.
03-14 09:35:25.344   909   909 W SDM     : HWInfoDRM::GetDisplaysStatus: Unknown display type = 0 on connector id 58.
03-14 09:35:25.345   909   909 I SDM     : HWInfoDRM::GetMaxDisplaysSupported: Max 4 concurrent displays.
03-14 09:35:25.345   909   909 I SDM     : HWInfoDRM::GetMaxDisplaysSupported: Max 1 concurrent displays of type 0 (BuiltIn).
03-14 09:35:25.345   909   909 I SDM     : HWInfoDRM::GetMaxDisplaysSupported: Max 2 concurrent displays of type 1 (Pluggable).
03-14 09:35:25.345   909   909 I SDM     : HWInfoDRM::GetMaxDisplaysSupported: Max 1 concurrent displays of type 2 (Virtual).
03-14 09:35:25.345     0     0 E @6 [drm-dp]: dp_connector_detect: dp_connector_detect:op_dp_enable=0
03-14 09:35:25.345   909   909 W SDM     : DRMConnector::GetInfo: Connector 58 not found.
03-14 09:35:25.345   909   909 W SDM     : HWInfoDRM::GetDisplaysStatus: Unknown display type = 0 on connector id 58.
03-14 09:35:25.345   909   909 I SDM     : HWCSession::CreatePrimaryDisplay: Create primary display type = 0, sdm id = 28, client id = 0
03-14 09:35:25.345   909   909 I SDM     : CPUHint::Init: Invalid CPU Hint Pre-enable Window -1
03-14 09:35:25.345   909   909 I SDM     : NotifyDisplayState counstruct
03-14 09:35:25.345   909   909 I SDM     : HWDeviceDRM::InitializeConfigs: Updating current display mode 0 to preferred mode 0.
03-14 09:35:25.345   909   909 I SDM     : HWDeviceDRM::PopulateDisplayAttributes: Display attributes[0]: WxH: 1440x3120, DPI: 515.154907x514.597412, FPS: 60, LM_SPLIT: 1, V_BACK_PORCH: 1156, V_FRONT_PORCH: 400, V_PULSE_WIDTH: 28, V_TOTAL: 4704, H_TOTAL: 1472, CLK: 187200KHZ, TOPOLOGY: 7
03-14 09:35:25.345   909   909 I SDM     : HWDeviceDRM::PopulateDisplayAttributes: Display attributes[1]: WxH: 1440x3120, DPI: 515.154907x514.597412, FPS: 90, LM_SPLIT: 1, V_BACK_PORCH: 8, V_FRONT_PORCH: 4, V_PULSE_WIDTH: 4, V_TOTAL: 3136, H_TOTAL: 1472, CLK: 187200KHZ, TOPOLOGY: 7
03-14 09:35:25.345   909   909 I SDM     : HWDeviceDRM::PopulateDisplayAttributes: Display attributes[2]: WxH: 1080x2340, DPI: 386.366211x385.948059, FPS: 90, LM_SPLIT: 1, V_BACK_PORCH: 8, V_FRONT_PORCH: 4, V_PULSE_WIDTH: 4, V_TOTAL: 2356, H_TOTAL: 1112, CLK: 105300KHZ, TOPOLOGY: 7
03-14 09:35:25.345   909   909 I SDM     : HWDeviceDRM::PopulateDisplayAttributes: Display attributes[3]: WxH: 1080x2340, DPI: 386.366211x385.948059, FPS: 60, LM_SPLIT: 1, V_BACK_PORCH: 1156, V_FRONT_PORCH: 400, V_PULSE_WIDTH: 28, V_TOTAL: 3924, H_TOTAL: 1112, CLK: 105300KHZ, TOPOLOGY: 7
03-14 09:35:25.346   909   909 I SDM     : HWDeviceDRM::UpdateMixerAttributes: Mixer WxH 1440x3120 for Peripheral
03-14 09:35:25.346   909   909 I SDM     : ColorManager::CreateColorManagerProxy: PAV2 version is versions = 11, version = 11 
03-14 09:35:25.346   942   942 I HidlServiceManagement: Registered vendor.qti.hardware.alarm@1.0::IAlarm/default (start delay of 44ms)
03-14 09:35:25.346   942   942 I HidlServiceManagement: Removing namespace from process name vendor.qti.hardware.alarm@1.0-service to alarm@1.0-service.
03-14 09:35:25.346   942   942 I vendor.qti.hardware.alarm@1.0-service: Registration complete for vendor.qti.hardware.alarm@1.0::IAlarm/default.
03-14 09:35:25.349   940   940 I HidlServiceManagement: Registered vendor.qti.esepowermanager@1.1::IEsePowerManager/default (start delay of 47ms)
03-14 09:35:25.349   940   940 I HidlServiceManagement: Removing namespace from process name vendor.qti.esepowermanager@1.1-service to esepowermanager@1.1-service.
03-14 09:35:25.349   940   940 I LegacySupport: Registration complete for vendor.qti.esepowermanager@1.1::IEsePowerManager/default.
03-14 09:35:25.352   927   927 I android.hardware.wifi@1.0-service: Wifi Hal is booting up...
03-14 09:35:25.353   943   943 I capabilityconfigstorehal: vendor::qti::hardware::capabilityconfigstore  service starts
03-14 09:35:25.355   936   936 I vendor.oneplus.hardware.param@1.0-service: Start param service V1.19
03-14 09:35:25.355   936   936 D OPParam : OneplusParam: EC flag = 1
03-14 09:35:25.355     0     0 I         : @7 get_param_by_index_and_offset[79]  sid_index = 13 offset = 36 buf = 00000000d62b9c94 length = 4
03-14 09:35:25.358   936   936 I HidlServiceManagement: Registered vendor.oneplus.hardware.param@1.0::IOneplusParam/default (start delay of 86ms)
03-14 09:35:25.358   936   951 D OPParam : Start run init thread
03-14 09:35:25.358   943   943 I capabilityconfigstorehal: start HIDL_FETCH_ICapabilityConfigStore
03-14 09:35:25.358   943   943 I capabilityconfigstorehal: Init of QTI configstorehal
03-14 09:35:25.358     0     0 I         : @7 get_param_by_index_and_offset[79]  sid_index = 308 offset = 0 buf = 000000001cb0c21a length = 1024
03-14 09:35:25.358     0     0 I         : @7 get_param_by_index_and_offset[79]  sid_index = 309 offset = 0 buf = 000000001cb0c21a length = 1024
03-14 09:35:25.358     0     0 I         : @7 get_param_by_index_and_offset[79]  sid_index = 310 offset = 0 buf = 000000001cb0c21a length = 1024
03-14 09:35:25.358     0     0 I         : @7 get_param_by_index_and_offset[79]  sid_index = 311 offset = 0 buf = 000000001cb0c21a length = 1024
03-14 09:35:25.358     0     0 I         : @7 get_param_by_index_and_offset[79]  sid_index = 820 offset = 0 buf = 000000001cb0c21a length = 1024
03-14 09:35:25.358     0     0 I         : @7 get_param_by_index_and_offset[79]  sid_index = 821 offset = 0 buf = 000000001cb0c21a length = 1024
03-14 09:35:25.358     0     0 I         : @7 get_param_by_index_and_offset[79]  sid_index = 822 offset = 0 buf = 000000001cb0c21a length = 1024
03-14 09:35:25.358     0     0 I         : @7 get_param_by_index_and_offset[79]  sid_index = 823 offset = 0 buf = 000000001cb0c21a length = 1024
03-14 09:35:25.358   936   951 D OPParamENC: Start checking if 308 is encrypted
03-14 09:35:25.358   936   951 D OPParamENC: Start checking primary region of 308
03-14 09:35:25.358   909   909 I SDM     : DisplayBase::InitializeColorModes: Number of Color Modes = 11
03-14 09:35:25.358   936   951 D OPParamENC: Buffer is enc
03-14 09:35:25.358   936   951 D OPParamENC: Start checking backup region of 308
03-14 09:35:25.358   936   951 D OPParamENC: Buffer is enc
03-14 09:35:25.359   936   951 D OPParamENC: Verify SID 308 success
03-14 09:35:25.359     0     0 I         : @7 get_param_by_index_and_offset[79]  sid_index = 308 offset = 0 buf = 000000001cb0c21a length = 1024
03-14 09:35:25.359     0     0 I         : @7 get_param_by_index_and_offset[79]  sid_index = 309 offset = 0 buf = 000000001cb0c21a length = 1024
03-14 09:35:25.359     0     0 I         : @7 get_param_by_index_and_offset[79]  sid_index = 310 offset = 0 buf = 000000001cb0c21a length = 1024
03-14 09:35:25.359     0     0 I         : @7 get_param_by_index_and_offset[79]  sid_index = 311 offset = 0 buf = 000000001cb0c21a length = 1024
03-14 09:35:25.359   936   951 D OPParamENC: No need to init 32
03-14 09:35:25.359   936   951 D OPParamENC: Get PROP_SLOT success
03-14 09:35:25.359   936   951 D OPParamENC: Get 34 or 36 buffer success
03-14 09:35:25.359   936   951 D OPParamENC: Start migrating buf 34
03-14 09:35:25.359     0     0 I         : @7 get_param_by_index_and_offset[79]  sid_index = 312 offset = 0 buf = 000000001cb0c21a length = 1024
03-14 09:35:25.359     0     0 I         : @7 get_param_by_index_and_offset[79]  sid_index = 313 offset = 0 buf = 000000001cb0c21a length = 1024
03-14 09:35:25.359     0     0 I         : @7 get_param_by_index_and_offset[79]  sid_index = 314 offset = 0 buf = 000000001cb0c21a length = 1024
03-14 09:35:25.359     0     0 I         : @7 get_param_by_index_and_offset[79]  sid_index = 315 offset = 0 buf = 000000001cb0c21a length = 1024
03-14 09:35:25.359     0     0 I         : @7 get_param_by_index_and_offset[79]  sid_index = 824 offset = 0 buf = 000000001cb0c21a length = 1024
03-14 09:35:25.359   936   951 D OPParamENC: Start checking if 312 is encrypted
03-14 09:35:25.359     0     0 I         : @7 get_param_by_index_and_offset[79]  sid_index = 825 offset = 0 buf = 000000001cb0c21a length = 1024
03-14 09:35:25.359     0     0 I         : @7 get_param_by_index_and_offset[79]  sid_index = 826 offset = 0 buf = 000000001cb0c21a length = 1024
03-14 09:35:25.359     0     0 I         : @7 get_param_by_index_and_offset[79]  sid_index = 827 offset = 0 buf = 000000001cb0c21a length = 1024
03-14 09:35:25.359   936   951 D OPParamENC: Start checking primary region of 312
03-14 09:35:25.359   936   951 D OPParamENC: Buffer is enc
03-14 09:35:25.359   936   951 D OPParamENC: Start checking backup region of 312
03-14 09:35:25.359   936   951 D OPParamENC: Buffer is enc
03-14 09:35:25.359   936   951 D OPParamENC: Verify SID 312 success
03-14 09:35:25.359     0     0 I         : @7 get_param_by_index_and_offset[79]  sid_index = 312 offset = 0 buf = 000000001cb0c21a length = 1024
03-14 09:35:25.359     0     0 I         : @7 get_param_by_index_and_offset[79]  sid_index = 313 offset = 0 buf = 000000001cb0c21a length = 1024
03-14 09:35:25.359     0     0 I         : @7 get_param_by_index_and_offset[79]  sid_index = 314 offset = 0 buf = 000000001cb0c21a length = 1024
03-14 09:35:25.359     0     0 I         : @7 get_param_by_index_and_offset[79]  sid_index = 315 offset = 0 buf = 000000001cb0c21a length = 1024
03-14 09:35:25.359   936   951 D OPParamENC: md5 = 4CF84927F9D0817E54F374523B1CEEC0
03-14 09:35:25.359   936   951 D OPParamENC: UpdateCount = 3535
03-14 09:35:25.359     0     0 I         : @7 set_param_by_index_and_offset[104]sid_index = 312 offset = 0 buf = 000000001cb0c21a length = 1024
03-14 09:35:25.359     0     0 E         : @7 open file /dev/block/bootdevice/by-name/param failed.(-13)
03-14 09:35:25.359     0     0 I         : @7 Error write param partition.(-13)
03-14 09:35:25.359     0     0 E         : @7 set_param_by_index_and_offset failure -13
03-14 09:35:25.359     0     0 I         : @7 set_param_by_index_and_offset[104]sid_index = 824 offset = 0 buf = 000000001cb0c21a length = 1024
03-14 09:35:25.359     0     0 E         : @7 open file /dev/block/bootdevice/by-name/param failed.(-13)
03-14 09:35:25.359     0     0 I         : @7 Error write param partition.(-13)
03-14 09:35:25.359     0     0 E         : @7 set_param_by_index_and_offset failure -13
03-14 09:35:25.359   936   951 D OPParamENC: Get 35 or 37 buffer success
03-14 09:35:25.359   936   951 D OPParamENC: Start migrating buf 35
03-14 09:35:25.359     0     0 I         : @7 get_param_by_index_and_offset[79]  sid_index = 312 offset = 0 buf = 000000001cb0c21a length = 1024
03-14 09:35:25.359     0     0 I         : @7 get_param_by_index_and_offset[79]  sid_index = 313 offset = 0 buf = 000000001cb0c21a length = 1024
03-14 09:35:25.359     0     0 I         : @7 get_param_by_index_and_offset[79]  sid_index = 314 offset = 0 buf = 000000001cb0c21a length = 1024
03-14 09:35:25.359   948   948 E vendor.qti.hardware.iop@2.0-service: IIop HAL service main
03-14 09:35:25.359     0     0 I         : @7 get_param_by_index_and_offset[79]  sid_index = 315 offset = 0 buf = 000000001cb0c21a length = 1024
03-14 09:35:25.359     0     0 I         : @7 get_param_by_index_and_offset[79]  sid_index = 824 offset = 0 buf = 000000001cb0c21a length = 1024
03-14 09:35:25.359     0     0 I         : @7 get_param_by_index_and_offset[79]  sid_index = 825 offset = 0 buf = 000000001cb0c21a length = 1024
03-14 09:35:25.359   936   951 D OPParamENC: Start checking if 312 is encrypted
03-14 09:35:25.359     0     0 I         : @7 get_param_by_index_and_offset[79]  sid_index = 826 offset = 0 buf = 000000001cb0c21a length = 1024
03-14 09:35:25.359     0     0 I         : @7 get_param_by_index_and_offset[79]  sid_index = 827 offset = 0 buf = 000000001cb0c21a length = 1024
03-14 09:35:25.359   936   951 D OPParamENC: Start checking primary region of 312
03-14 09:35:25.359   936   951 D OPParamENC: Buffer is enc
03-14 09:35:25.359   936   951 D OPParamENC: Start checking backup region of 312
03-14 09:35:25.359   936   951 D OPParamENC: Buffer is enc
03-14 09:35:25.359   936   951 E OPParamENC: Encrypted Data Block incorrect
03-14 09:35:25.359   936   951 E OPParamENC: Calculate: B1BBAF46D2B2C5A682515BC63EC6FAD3
03-14 09:35:25.359   936   951 E OPParamENC: Store: 4CF84927F9D0817E54F374523B1CEEC0
03-14 09:35:25.359   936   951 E OPParamENC: Encrypted Data Block incorrect
03-14 09:35:25.359   936   951 E OPParamENC: Calculate: B1BBAF46D2B2C5A682515BC63EC6FAD3
03-14 09:35:25.359   936   951 E OPParamENC: Store: 4CF84927F9D0817E54F374523B1CEEC0
03-14 09:35:25.359   936   951 E OPParamENC: Encrypted block 312 checksum or restore failed (-2)
03-14 09:35:25.359   936   951 E OPParamENC: Encrypted block 312 verify and restore failed
03-14 09:35:25.359   936   951 D OPParamENC: Failed to set buf item 35
03-14 09:35:25.359   936   951 D OPParamENC: Failed to migrate mobid.
03-14 09:35:25.360   936   951 D OPParamENC: Failed to migrate cve 
03-14 09:35:25.360   936   951 D OPParam : End run init thread
03-14 09:35:25.360   943   943 I capabilityconfigstorehal: Parsing config for /vendor/etc/configstore/wigig.xml
03-14 09:35:25.360   943   943 E capabilityconfigstorehal: starting to load xml file: '/vendor/etc/configstore/wigig.xml'
03-14 09:35:25.361   927   927 I HidlServiceManagement: Registered android.hardware.wifi@1.4::IWifi/default (start delay of 119ms)
03-14 09:35:25.361   927   927 I HidlServiceManagement: Removing namespace from process name android.hardware.wifi@1.0-service to wifi@1.0-service.
03-14 09:35:25.365   625   625 I hwservicemanager: Since vendor.qti.hardware.perf@2.2::IPerf/default is not registered, trying to start it as a lazy HAL.
03-14 09:35:25.365   948   948 E ANDR-PERF: IPerf:: Perf HAL Service is not available.
03-14 09:35:25.366   625   625 I hwservicemanager: Since vendor.qti.hardware.perf@2.2::IPerf/default is not registered, trying to start it as a lazy HAL.
03-14 09:35:25.366   948   948 E ANDR-PERF: IPerf:: Perf HAL Service is not available.
03-14 09:35:25.368   943   943 I capabilityconfigstorehal: Parsing config for /vendor/etc/configstore/vpp.configstore.xml
03-14 09:35:25.368   943   943 E capabilityconfigstorehal: starting to load xml file: '/vendor/etc/configstore/vpp.configstore.xml'
03-14 09:35:25.368   948   948 I HidlServiceManagement: Registered vendor.qti.hardware.iop@2.0::IIop/default (start delay of 36ms)
03-14 09:35:25.368   948   948 I HidlServiceManagement: Removing namespace from process name vendor.qti.hardware.iop@2.0-service to iop@2.0-service.
03-14 09:35:25.368   948   948 E vendor.qti.hardware.iop@2.0-service: Registered IIop HAL service success!
03-14 09:35:25.371   909   909 W SDM     : DisplayBase::GetColorPrimariesFromAttribute: Native Gamut found, returning default: sRGB
03-14 09:35:25.374   943   943 I HidlServiceManagement: Registered vendor.qti.hardware.capabilityconfigstore@1.0::ICapabilityConfigStore/default (start delay of 72ms)
03-14 09:35:25.374   943   943 I HidlServiceManagement: Removing namespace from process name vendor.qti.hardware.capabilityconfigstore@1.0-service to capabilityconfigstore@1.0-service.
03-14 09:35:25.374   943   943 I LegacySupport: Registration complete for vendor.qti.hardware.capabilityconfigstore@1.0::ICapabilityConfigStore/default.
03-14 09:35:25.375   909   909 I SDM     : StrategyImpl::SetIdleTimeoutMs: Idle timeout set to zero for command mode panels
03-14 09:35:25.375   944   944 I HidlServiceManagement: Registered vendor.qti.hardware.cvp@1.0::ICvp/cvphalservice (start delay of 63ms)
03-14 09:35:25.375   824   824 D zygote  : Time zone APEX ICU file found: /apex/com.android.tzdata/etc/icu/icu_tzdata.dat
03-14 09:35:25.375   823   823 D zygote64: Time zone APEX ICU file found: /apex/com.android.tzdata/etc/icu/icu_tzdata.dat
03-14 09:35:25.375   944   944 I HidlServiceManagement: Removing namespace from process name vendor.qti.hardware.cvp@1.0-service to cvp@1.0-service.
03-14 09:35:25.376     0     0 I         : @0 get_param_by_index_and_offset[79]  sid_index = 13 offset = 40 buf = 00000000eabd26d8 length = 4
03-14 09:35:25.376   936   936 I HidlServiceManagement: Removing namespace from process name vendor.oneplus.hardware.param@1.0-service to param@1.0-service.
03-14 09:35:25.377   909   909 I SDM     : Hdr10PlusModule():35 in the HDR10 Plus module
03-14 09:35:25.377   909   909 I SDM     : Init():118 HDR init done
03-14 09:35:25.377   909   909 I SDM     : HDRIntfClient::GetParameter: Version info is: 2.0
03-14 09:35:25.377   909   909 I SDM     : StrategyImpl::InitializeHdrInfo: HDRLib version = 2.0
03-14 09:35:25.377   909   909 I SDM     : Deinit():130 HDR De-init done
03-14 09:35:25.378   909   909 I SDM     : ColorIntfClient::Init: Init successful
03-14 09:35:25.378   909   909 I SDM     : ResourceImpl::RegisterDisplay: Registering display 28-0 with hw_block 0-0
03-14 09:35:25.379   909   909 I SDM     : Hdr10PlusModule():35 in the HDR10 Plus module
03-14 09:35:25.379   909   909 I SDM     : Init():118 HDR init done
03-14 09:35:25.379   909   909 I SDM     : HDRIntfClient::GetParameter: Version info is: 2.0
03-14 09:35:25.380   909   909 I SDM     : ColorIntfClient::Init: Init successful
03-14 09:35:25.380   909   909 I SDM     : StrategyImpl::SetColorModesInfo: Display = 28-0 Num color modes(blend spaces) = 4
03-14 09:35:25.380   909   909 I SDM     : DisplayBase::Init: disable_hw_recovery_dump_ set to 0
03-14 09:35:25.380   909   909 I SDM     : HWEventsDRM::Init: Setup event handler for display 28-0, CRTC 139, Connector 28
03-14 09:35:25.380   909   909 I SDM     : HWEventsDRM::Init: disable_hw_recovery_ set to 0
03-14 09:35:25.380   909   909 I SDM     : HWCDisplay::UpdateConfigs: num_configs = 4
03-14 09:35:25.380   909   909 I SDM     : HWCDisplay::Init: Display created with id: 0
03-14 09:35:25.380   909   909 I SDM     : DisplayBase::GetColorModes: ColorMode name = CTS
03-14 09:35:25.380   909   909 I SDM     : DisplayBase::GetColorModes: ColorMode name = DCI_P3
03-14 09:35:25.380   909   909 I SDM     : DisplayBase::GetColorModes: ColorMode name = SRGB
03-14 09:35:25.380   909   909 I SDM     : DisplayBase::GetColorModes: ColorMode name = advance_native
03-14 09:35:25.380   909   909 I SDM     : DisplayBase::GetColorModes: ColorMode name = advance_p3
03-14 09:35:25.380   909   909 I SDM     : DisplayBase::GetColorModes: ColorMode name = advance_srgb
03-14 09:35:25.380   909   909 I SDM     : DisplayBase::GetColorModes: ColorMode name = fod_native
03-14 09:35:25.380   909   909 I SDM     : DisplayBase::GetColorModes: ColorMode name = hal_hdr
03-14 09:35:25.380   909   909 I SDM     : DisplayBase::GetColorModes: ColorMode name = sharpness-70
03-14 09:35:25.380   909   909 I SDM     : DisplayBase::GetColorModes: ColorMode name = sharpness0
03-14 09:35:25.380   909   909 I SDM     : DisplayBase::GetColorModes: ColorMode name = zhal_native
03-14 09:35:25.380   909   909 I SDM     : HWCDisplayBuiltIn::Init: Drop redundant drawcycles 0
03-14 09:35:25.380   909   909 W SDM     : HWCDisplayBuiltIn::Init: File '/sys/class/lcd_bias/secure_mode' could not be opened. errno = 2, desc = No such file or directory
03-14 09:35:25.380   909   909 I SDM     : StrategyImpl::SetIdleTimeoutMs: Idle timeout set to zero for command mode panels
03-14 09:35:25.380   909   909 I SDM     : DisplayBase::SetFrameBufferConfig: New framebuffer resolution (1440x3120)
03-14 09:35:25.381   823   823 D zygote64: I18n APEX ICU file found: /apex/com.android.i18n/etc/icu/icudt66l.dat
03-14 09:35:25.381   824   824 D zygote  : I18n APEX ICU file found: /apex/com.android.i18n/etc/icu/icudt66l.dat
03-14 09:35:25.382   909   909 I SDM     : HWCDisplay::SetFrameBufferResolution: New framebuffer resolution (1440x3120)
03-14 09:35:25.382   909   909 I SDM     : HWCSession::CreatePrimaryDisplay: Primary display created.
03-14 09:35:25.383   945   945 I HidlServiceManagement: Registered vendor.qti.hardware.display.allocator@3.0::IQtiAllocator/default (start delay of 61ms)
03-14 09:35:25.384   909   909 I SDM     : HWCColorManager::CreateColorManager: Successfully loaded libsdm-disp-vndapis.so
03-14 09:35:25.384   945   945 I HidlServiceManagement: Removing namespace from process name vendor.qti.hardware.display.allocator-service to allocator-service.
03-14 09:35:25.384   945   945 I qdgralloc: Initialized qti-allocator 3
03-14 09:35:25.384   909   909 I HidlServiceManagement: Registered vendor.display.config@2.0::IDisplayConfig/default (start delay of 202ms)
03-14 09:35:25.385   945   945 I HidlServiceManagement: Registered vendor.qti.hardware.display.allocator@4.0::IQtiAllocator/default (start delay of 63ms)
03-14 09:35:25.385   909   909 I SDM     : HWCSession::StartServices: IDisplayConfig service registration completed.
03-14 09:35:25.385   945   945 I HidlServiceManagement: Removing namespace from process name vendor.qti.hardware.display.allocator-service to allocator-service.
03-14 09:35:25.385   909   909 D SDM     : HWCSession::GetFunction: Unknown/Unimplemented function descriptor: 44 (SetLayerFloatColor)
03-14 09:35:25.385   909   909 D SDM     : HWCSession::GetFunction: Unknown/Unimplemented function descriptor: 55 (SetLayerColorTransform)
03-14 09:35:25.385   909   909 D SDM     : HWCSession::GetFunction: Unknown/Unimplemented function descriptor: 56 (GetDisplayedContentSamplingAttributes)
03-14 09:35:25.385   909   909 D SDM     : HWCSession::GetFunction: Unknown/Unimplemented function descriptor: 57 (SetDisplayedContentSamplingEnabled)
03-14 09:35:25.385   909   909 D SDM     : HWCSession::GetFunction: Unknown/Unimplemented function descriptor: 58 (GetDisplayedContentSample)
03-14 09:35:25.385   909   909 D SDM     : HWCSession::GetFunction: Unknown/Unimplemented function descriptor: 68 (GetClientTargetProperty)
03-14 09:35:25.385   909   909 D SDM     : HWCSession::GetFunction: Unknown/Unimplemented function descriptor: 69 (SetLayerGenericMetadata)
03-14 09:35:25.385   945   945 I qdgralloc: Initialized qti-allocator 4
03-14 09:35:25.385   909   909 D SDM     : HWCSession::GetFunction: Unknown/Unimplemented function descriptor: 70 (GetLayerGenericMetadataKey)
03-14 09:35:25.386   909   909 I HidlServiceManagement: Registered android.hardware.graphics.composer@2.4::IComposer/default (start delay of 204ms)
03-14 09:35:25.386   909   909 I HidlServiceManagement: Removing namespace from process name android.hardware.graphics.composer@2.4-service to composer@2.4-service.
03-14 09:35:25.386   949   949 I vendor.qti.hardware.perf@2.2-service: TargetConfig Init Complete
03-14 09:35:25.396   906   906 D LocSvc_LBSProxy: checkIfLocationExtendedClientExists] File does not Exist
03-14 09:35:25.399   950   950 I HidlServiceManagement: Registered vendor.qti.hardware.qteeconnector@1.0::IAppConnector/default (start delay of 57ms)
03-14 09:35:25.399   950   950 I HidlServiceManagement: Removing namespace from process name vendor.qti.hardware.qteeconnector@1.0-service to qteeconnector@1.0-service.
03-14 09:35:25.402   949   949 E vendor.qti.hardware.perf@2.2-service: LM enabled : Loading liblearningmodule.so
03-14 09:35:25.404   906   906 E android.hardware.gnss@2.0-service-qti: open failed: /target: No such file or directory
03-14 09:35:25.404   906   906 W android.hardware.gnss@2.0-service-qti: HAL: loc_get_target returned 3
03-14 09:35:25.405   953   953 I ObjectTracker-hal: Starting with vendor Object Tracker Service
03-14 09:35:25.406   968   968 D vendor.qti.hardware.seccam@1.0-service-qti: SecCam: service starting
03-14 09:35:25.407   906   906 I HidlServiceManagement: Registered vendor.qti.gnss@3.0::ILocHidlGnss/gnss_vendor (start delay of 235ms)
03-14 09:35:25.407   906   906 I LocSvc_HIDL_vendor.qti.gnss@3.0-service: Registration complete for vendor.qti.gnss@3.0::ILocHidlGnss/gnss_vendor.
03-14 09:35:25.408   953   953 I HidlServiceManagement: Registered vendor.qti.hardware.scve.objecttracker@1.0::IObjectTracker/objectTracker (start delay of 56ms)
03-14 09:35:25.408   953   953 I HidlServiceManagement: Removing namespace from process name vendor.qti.hardware.scve.objecttracker@1.0-service to objecttracker@1.0-service.
03-14 09:35:25.408   950   950 I HidlServiceManagement: Registered vendor.qti.hardware.qteeconnector@1.0::IGPAppConnector/default (start delay of 66ms)
03-14 09:35:25.408   950   950 I HidlServiceManagement: Removing namespace from process name vendor.qti.hardware.qteeconnector@1.0-service to qteeconnector@1.0-service.
03-14 09:35:25.409   968   968 I HidlServiceManagement: Registered vendor.qti.hardware.seccam@1.0::ISecCam/default (start delay of 27ms)
03-14 09:35:25.409   968   968 I HidlServiceManagement: Removing namespace from process name vendor.qti.hardware.seccam@1.0-service-qti to seccam@1.0-service-qti.
03-14 09:35:25.409   968   968 E vendor.qti.hardware.seccam@1.0-service-qti: Registered ISecCam HAL service success!
03-14 09:35:25.411   949   949 I HidlServiceManagement: Registered vendor.qti.hardware.perf@2.2::IPerf/default (start delay of 69ms)
03-14 09:35:25.411   949   949 I HidlServiceManagement: Removing namespace from process name vendor.qti.hardware.perf@2.2-service to perf@2.2-service.
03-14 09:35:25.411   949   949 E vendor.qti.hardware.perf@2.2-service: Registered IPerf HAL service success!
03-14 09:35:25.421   974   974 D vendor.qti.hardware.tui_comm@1.0-service-qti: tui_comm: svc service starting :)
03-14 09:35:25.423   894   894 I CamX    : [CONFIG][HAL    ] camxhal3module.cpp:413 HAL3Module() ***************************************************
03-14 09:35:25.423   894   894 I CamX    : [CONFIG][HAL    ] camxhal3module.cpp:414 HAL3Module() SHA1:     0ba662fea1da6f1c5ce326c8cb13349034dd0198
03-14 09:35:25.423   894   894 I CamX    : [CONFIG][HAL    ] camxhal3module.cpp:415 HAL3Module() COMMITID: I578eed0a03d901d843203fd70f0ef2a0ff87e6ae
03-14 09:35:25.423   894   894 I CamX    : [CONFIG][HAL    ] camxhal3module.cpp:416 HAL3Module() BUILD TS: 7/7/2018 10:7:10
03-14 09:35:25.423   894   894 I CamX    : [CONFIG][HAL    ] camxhal3module.cpp:417 HAL3Module() ***************************************************
03-14 09:35:25.423   625   895 W libc    : Unable to set property "ctl.interface_start" to "vendor.oneplus.fingerprint.extension@1.0::IVendorFingerprintExtensions/default": error code: 0x20
03-14 09:35:25.426   974   974 I HidlServiceManagement: Registered vendor.qti.hardware.tui_comm@1.0::ITuiComm/default (start delay of 34ms)
03-14 09:35:25.426   974   974 I HidlServiceManagement: Removing namespace from process name vendor.qti.hardware.tui_comm@1.0-service-qti to tui_comm@1.0-service-qti.
03-14 09:35:25.426   974   974 E vendor.qti.hardware.tui_comm@1.0-service-qti: Registered ITuiComm HAL service success!
03-14 09:35:25.426   963   963 I Panorama-hal: Starting with vendor Panorama Service
03-14 09:35:25.430   973   973 D QSEECOMAPI: QSEECom_get_handle sb_length = 0xa000
03-14 09:35:25.430   973   973 D QSEECOMAPI: App is not loaded in QSEE
03-14 09:35:25.431   973   973 D QSEECOMAPI: app_arch = 2, total_files = 9
03-14 09:35:25.432   963   963 I HidlServiceManagement: Registered vendor.qti.hardware.scve.panorama@1.0::IPanoramaTracking/panoTracking (start delay of 60ms)
03-14 09:35:25.433   963   963 I HidlServiceManagement: Removing namespace from process name vendor.qti.hardware.scve.panorama@1.0-service to panorama@1.0-service.
03-14 09:35:25.433   824   824 I zygote  : Using memfd for future sealing
03-14 09:35:25.434   963   963 I HidlServiceManagement: Registered vendor.qti.hardware.scve.panorama@1.0::IPanoramaStitching/panoStitching (start delay of 62ms)
03-14 09:35:25.434   963   963 I HidlServiceManagement: Removing namespace from process name vendor.qti.hardware.scve.panorama@1.0-service to panorama@1.0-service.
03-14 09:35:25.434   963   963 I Panorama-hal: Panorama Services Registered
03-14 09:35:25.438   973   973 E ion     : ioctl c0044901 failed with code -1: Inappropriate ioctl for device
03-14 09:35:25.439   823   823 I zygote64: Using memfd for future sealing
03-14 09:35:25.440   894   894 E CamX    : [ERROR][CSL    ] camxcslhwinternal.cpp:2963 CSLHwInternalDefaultIoctl() Ioctl failed for device /dev/v4l-subdev17 (Type:CSLHwImageSensor, FD:28, Index:0) with error reason Bad address
03-14 09:35:25.440   894   894 E CamX    : [ERROR][CSL    ] camxcslhwinternal.cpp:2963 CSLHwInternalDefaultIoctl() Ioctl failed for device /dev/v4l-subdev18 (Type:CSLHwImageSensor, FD:29, Index:1) with error reason Bad address
03-14 09:35:25.440   894   894 E CamX    : [ERROR][CSL    ] camxcslhwinternal.cpp:2963 CSLHwInternalDefaultIoctl() Ioctl failed for device /dev/v4l-subdev19 (Type:CSLHwImageSensor, FD:30, Index:2) with error reason Bad address
03-14 09:35:25.440   894   894 E CamX    : [ERROR][CSL    ] camxcslhwinternal.cpp:2963 CSLHwInternalDefaultIoctl() Ioctl failed for device /dev/v4l-subdev20 (Type:CSLHwImageSensor, FD:31, Index:3) with error reason Bad address
03-14 09:35:25.440   894   894 E CamX    : [ERROR][CSL    ] camxcslhwinternal.cpp:2963 CSLHwInternalDefaultIoctl() Ioctl failed for device /dev/v4l-subdev21 (Type:CSLHwImageSensor, FD:32, Index:4) with error reason Bad address
03-14 09:35:25.440   894   894 E CamX    : [ERROR][CSL    ] camxcslhwinternal.cpp:2963 CSLHwInternalDefaultIoctl() Ioctl failed for device /dev/v4l-subdev22 (Type:CSLHwImageSensor, FD:33, Index:5) with error reason Bad address
03-14 09:35:25.440   894   894 E CamX    : [ERROR][CSL    ] camxcslhwinternal.cpp:2963 CSLHwInternalDefaultIoctl() Ioctl failed for device /dev/v4l-subdev23 (Type:CSLHwImageSensor, FD:34, Index:6) with error reason Bad address
03-14 09:35:25.441   970   970 I HidlServiceManagement: Registered vendor.qti.hardware.servicetracker@1.2::IServicetracker/default (start delay of 49ms)
03-14 09:35:25.441   970   970 I HidlServiceManagement: Removing namespace from process name vendor.qti.hardware.servicetracker@1.2-service to servicetracker@1.2-service.
03-14 09:35:25.441   970   970 I LegacySupport: Registration complete for vendor.qti.hardware.servicetracker@1.2::IServicetracker/default.
03-14 09:35:25.441   821   821 I ServiceManager: Waiting for service 'statscompanion' on '/dev/binder'...
03-14 09:35:25.444   984   984 I irsc_util: Starting irsc tool
03-14 09:35:25.445   969   969 I HidlServiceManagement: Registered vendor.qti.hardware.sensorscalibrate@1.0::ISensorsCalibrate/default (start delay of 63ms)
03-14 09:35:25.445   969   969 I HidlServiceManagement: Removing namespace from process name vendor.qti.hardware.sensorscalibrate@1.0-service to sensorscalibrate@1.0-service.
03-14 09:35:25.445   969   969 I vendor.qti.hardware.sensorscalibrate@1.0-service: Registration complete for vendor.qti.hardware.sensorscalibrate@1.0::ISensorsCalibrate/default.
03-14 09:35:25.447     0     0 W @6 QSEECOM: qseecom_load_app: App (soter64) does'nt exist, loading apps for first time
03-14 09:35:25.454   980   980 D pasr-manager: Constructor called for PasrManager. Initialize implementation
03-14 09:35:25.454   980   980 E pasr-manager: /sys/devices/system/memory(): the path does not exist!
03-14 09:35:25.454   980   980 E pasr-manager: Memory hotplug is not enabled. Exiting... 
03-14 09:35:25.455   802   802 E QMI_FW  : xport_lookup: No RX for lookup -1
03-14 09:35:25.455   802   802 D QC-time-services: Daemon:genoff_modem_qmi_init: Initializing QMI 
03-14 09:35:25.455   802   815 E QMI_FW  : ctrl_msg_reader_thread: control thread received ENETRESET 102
03-14 09:35:25.456   984   984 I irsc_util: Num of entries:297
03-14 09:35:25.456   984   984 E irsc_util: irsc_feed_config: Security config ioctl failed
03-14 09:35:25.456   984   984 I irsc_util: Ending irsc tool
03-14 09:35:25.457   980   980 I HidlServiceManagement: Registered vendor.qti.memory.pasrmanager@1.1::IPasrManager/pasrhal (start delay of 45ms)
03-14 09:35:25.457   980   980 I HidlServiceManagement: Removing namespace from process name vendor.qti.memory.pasrmanager@1.0-service to pasrmanager@1.0-service.
03-14 09:35:25.458   980   980 D vendor.qti.memory.pasrmanager@1.0-service: Registered IPasrManager HAL service success!
03-14 09:35:25.458   989   989 I tftp_server: Initializing tftp_server RING buffer
03-14 09:35:25.458   989   989 I tftp_server: Starting...
03-14 09:35:25.458     0     0 I @4 sysmon-qmi: ssctl_new_server: Connection established between QMI handle and slpi's SSCTL service
03-14 09:35:25.459     0     0 W         : @5 cam-a5 ac00000.qcom,a5: loading /vendor/firmware_mnt/image/CAMERA_ICP.elf failed with error -13
03-14 09:35:25.459     0     0 I         : @4 coresight-remote-etm soc:ssc_etm0: Connection established between QMI handle and 8 service
03-14 09:35:25.460     0     0 I         : @4 coresight-remote-etm soc:turing_etm0: Connection established between QMI handle and 13 service
03-14 09:35:25.460     0     0 I @1 sysmon-qmi: ssctl_new_server: Connection established between QMI handle and cdsp's SSCTL service
03-14 09:35:25.460     0     0 E @2 diag : In diag_send_feature_mask_update, control channel is not open, p: 5, 0000000000000000
03-14 09:35:25.460     0     0 I @6 sysmon-qmi: ssctl_new_server: Connection established between QMI handle and adsp's SSCTL service
03-14 09:35:25.460     0     0 E @2 diag : In diag_send_feature_mask_update, control channel is not open, p: 5, 0000000000000000
03-14 09:35:25.460     0     0 I         : @2 coresight-remote-etm soc:audio_etm0: Connection established between QMI handle and 5 service
03-14 09:35:25.460   922   946 E android.hardware.thermal@2.0-service.qti: read error:0. buf:add@/devices/virtual/thermal/cooling_device18 ACTION=add DEVPATH=/devices/virtual/thermal/cooling_device18 SUBSYSTEM=thermal SEQNUM=7078 
03-14 09:35:25.461     0     0 E @3 diag : In diag_send_peripheral_buffering_mode, buffering flag not set for 3
03-14 09:35:25.461     0     0 E @4 diag : In diag_send_peripheral_buffering_mode, buffering flag not set for 5
03-14 09:35:25.461     0     0 E @4 diag : In diag_send_peripheral_buffering_mode, buffering flag not set for 1
03-14 09:35:25.462   922   946 E android.hardware.thermal@2.0-service.qti: read error:0. buf:add@/devices/virtual/thermal/cooling_device20 ACTION=add DEVPATH=/devices/virtual/thermal/cooling_device20 SUBSYSTEM=thermal SEQNUM=7079 
03-14 09:35:25.462   922   946 E android.hardware.thermal@2.0-service.qti: read error:0. buf:add@/devices/virtual/thermal/cooling_device19 ACTION=add DEVPATH=/devices/virtual/thermal/cooling_device19 SUBSYSTEM=thermal SEQNUM=7080 
03-14 09:35:25.465   915   915 E hta-unnhal: Failed to load library: libhta_hexagon_runtime.so, error message: dlopen failed: library "libhta_hexagon_runtime.so" not found
03-14 09:35:25.465     0     0 E @2 dashd: dashd_main enterd
03-14 09:35:25.465     0     0 E @2 dashd: run /system/bin/dashd ENGINE START!
03-14 09:35:25.465   915   915 E hta-unnhal: Failed to load functions.
03-14 09:35:25.465     0     0 I @2 FASTCHG: dash_dev_write: fw_ver_count=6528
03-14 09:35:25.466     0     0 E @2 dashd: THREAD is created!
03-14 09:35:25.466   915   915 E android.hardware.neuralnetworks@1.2-service: cannot load function CreateAccelerator
03-14 09:35:25.466   915   915 E android.hardware.neuralnetworks@1.2-service: cannot load function CreateAccelerator
03-14 09:35:25.466     0     0 I @5 ueventd: firmware: loading 'CAMERA_ICP.elf' for '/devices/platform/soc/ac00000.qcom,a5/firmware/CAMERA_ICP.elf'
03-14 09:35:25.467   915   915 I HidlServiceManagement: Registered android.hardware.neuralnetworks@1.2::IDevice/qti-default (start delay of 265ms)
03-14 09:35:25.468     0     0 E @2 dashd: THREAD running
03-14 09:35:25.468     0     0 E @2 dashd: dash read
03-14 09:35:25.468   915   915 I HidlServiceManagement: Removing namespace from process name android.hardware.neuralnetworks@1.2-service-qti to neuralnetworks@1.2-service-qti.
03-14 09:35:25.468   915   915 I HidlServiceManagement: Registered android.hardware.neuralnetworks@1.2::IDevice/qti-gpu (start delay of 266ms)
03-14 09:35:25.468   915   915 I HidlServiceManagement: Removing namespace from process name android.hardware.neuralnetworks@1.2-service-qti to neuralnetworks@1.2-service-qti.
03-14 09:35:25.469   915   915 I HidlServiceManagement: Registered android.hardware.neuralnetworks@1.2::IDevice/qti-dsp (start delay of 267ms)
03-14 09:35:25.469   915   915 I HidlServiceManagement: Removing namespace from process name android.hardware.neuralnetworks@1.2-service-qti to neuralnetworks@1.2-service-qti.
03-14 09:35:25.472     0     0 I @1 sps  : BAM 0x0000000017204000 (va:0x0000000000000000) enabled: ver:0x19, number of pipes:13
03-14 09:35:25.472     0     0 I @1 sps  : BAM 0x0000000017204000 is registered.
03-14 09:35:25.473   802  1015 D QC-time-services: Daemon: Time-services: All initializations done
03-14 09:35:25.473   802  1015 E QC-time-services: Daemon: Time-services: Waiting to acceptconnection
03-14 09:35:25.474     0     0 W @6 QSEECOM: qseecom_load_app: App with id 3 (soter64) now loaded
03-14 09:35:25.474   915   915 I HidlServiceManagement: Registered android.hardware.neuralnetworks@1.2::IDevice/qti-hta (start delay of 272ms)
03-14 09:35:25.474   973   973 D QSEECOMAPI: Loaded image: APP id = 3
03-14 09:35:25.475   915   915 I HidlServiceManagement: Removing namespace from process name android.hardware.neuralnetworks@1.2-service-qti to neuralnetworks@1.2-service-qti.
03-14 09:35:25.476     0     0 E @4 dashd: type=USB_PD, soc=75, temp=26, vbat=4123, ibat=-77
03-14 09:35:25.477   973   973 D vendor.qti.hardware.soter@1.0-service: soter: svc service starting.
03-14 09:35:25.477     0     0 E @6 rmt_storage: INFO:check_support_using_libmdm: Modem subsystem found on target!
03-14 09:35:25.477   985   985 I vendor.rmt_storage: Modem subsystem found on target!
03-14 09:35:25.478   985   985 I vendor.rmt_storage: Shared memory initialised successfully.
03-14 09:35:25.478   985   985 I oem_rmts: oem_remote_storage_parse_partitions: Registering oem_dycnvbk: 9, /oem/nvbk/dynamic
03-14 09:35:25.478     0     0 E @6 rmt_storage: INFO:oem_remote_storage_parse_partitions: Registering oem_dycnvbk: 9, /oem/nvbk/dynamic
03-14 09:35:25.478   985   985 I oem_rmts: oem_remote_storage_parse_partitions: Registering oem_stanvbk: 10, /oem/nvbk/static
03-14 09:35:25.478     0     0 E @6 rmt_storage: INFO:oem_remote_storage_parse_partitions: Registering oem_stanvbk: 10, /oem/nvbk/static
03-14 09:35:25.478  1006  1006 I pd-mapper-svc: Starting pd-mapper service
03-14 09:35:25.478  1006  1006 I pd-mapper-svc: Parsing file :/vendor/firmware_mnt/image/adspr.jsn:
03-14 09:35:25.478   973   973 I HidlServiceManagement: Registered vendor.qti.hardware.soter@1.0::ISoter/default (start delay of 86ms)
03-14 09:35:25.478   973   973 I HidlServiceManagement: Removing namespace from process name vendor.qti.hardware.soter@1.0-service to soter@1.0-service.
03-14 09:35:25.478   973   973 E vendor.qti.hardware.soter@1.0-service: Registered SOTER HAL service success
03-14 09:35:25.478   985   985 I oem_rmts: debug: partition header:OEMNVBK
03-14 09:35:25.478   985   985 I vendor.rmt_storage: Registering modemst1: 0x4a /boot/modem_fs1
03-14 09:35:25.478   985   985 I vendor.rmt_storage: Registering modemst2: 0x4b /boot/modem_fs2
03-14 09:35:25.478   985   985 I vendor.rmt_storage: Registering fsc: 0xff /boot/modem_fsc
03-14 09:35:25.478   985   985 I vendor.rmt_storage: Registering fsg: 0x58 /boot/modem_fsg
03-14 09:35:25.478   985   985 I vendor.rmt_storage: 4 GPT partitions found
03-14 09:35:25.478     0     0 I ueventd : loading /devices/platform/soc/ac00000.qcom,a5/firmware/CAMERA_ICP.elf took 5ms
03-14 09:35:25.478   985   985 I vendor.rmt_storage: Capset success!
03-14 09:35:25.479     0     0 E @6 rmt_storage: INFO:main: Done with init now waiting for messages!
03-14 09:35:25.480  1006  1006 I pd-mapper-svc: Parsing file :/vendor/firmware_mnt/image/adspua.jsn:
