03-13 18:51:31.550     0     0 E         : 00 SETUP                     ?	80 06 0302 0409 255
03-13 18:51:31.550     0     0 E         : 01 QUEUE                        0 ?	1 48
03-13 18:51:31.580     0     0 E         : 00 DONE                         0 ?	STATUS
03-13 18:51:31.580     0     0 I gf_spi  : Sensor has already powered-on.
03-13 18:51:31.635     0     0 I         : @5 Sending QMI_IPA_INIT_MODEM_DRIVER_REQ_V01
03-13 18:51:31.645     0     0 E         : @4 ipa-wan ipa3_handle_indication_req:151 not send indication
03-13 18:51:31.649     0     0 E         : @5 ipa ipa3_uc_wdi_event_log_info_handler:375 WDI stats ofst=0x47150
03-13 18:51:31.649     0     0 E         : @5 ipa ipa3_uc_ntn_event_log_info_handler:40 NTN stats ofst=0x470e0
03-13 18:51:31.652     0     0 I         : @5 QMI_IPA_INIT_MODEM_DRIVER_REQ_V01 response received
03-13 18:51:31.653     0     0 E         : @5 ipa ipa3_uc_send_cmd_64b_param:735 Recevied status 0, Expected status 2
03-13 18:51:31.708     0     0 I @4 gf_spi: [info] goodix_fb_state_chg_callback go to the msm_drm_notifier_callback value = 2
03-13 18:51:31.708     0     0 E @4 [TP]touchpanel: fb_notifier_callback: event = 2, blank = 0
03-13 18:51:31.708     0     0 I @4 BQ   : bq27541_set_lcd_off_status: off=0
03-13 18:51:31.708     0     0 I         : @4 [oneplus_motor]  fb_notifier_callback : led_on 1
03-13 18:51:31.708     0     0 E @4 msm-dsi-panel: [dsi_panel_update_backlight:951] backlight = 200
03-13 18:51:31.708     0     0 E @4 msm-dsi-display: [dsi_display_get_serial_number_AT] dsi_display_get_serial_number_AT start
03-13 18:51:31.708     0     0 E @4 msm-dsi-display: [dsi_display_read_serial_number] dsi_display_read_serial_number start
03-13 18:51:31.724     0     0 E @4 msm-dsi-display: [dsi_display_read_serial_number] Code info is 0xED
03-13 18:51:31.724     0     0 E @2 msm-dsi-display: [dsi_display_read_serial_number] Stage info is 0x10
03-13 18:51:31.724     0     0 E @4 msm-dsi-display: [dsi_display_read_serial_number] Production info is 0xD
03-13 18:51:31.724     0     0 E @4 msm-dsi-display: [dsi_display_read_serial_number] dsi_display_read_serial_number end
03-13 18:51:31.725     0     0 E @4 msm-dsi-display: [dsi_display_get_serial_number_id] dsi_display_get_serial_number_id start
03-13 18:51:31.725     0     0 E @4 msm-dsi-display: [dsi_display_get_serial_number_AT] dsi_display_get_serial_number_AT END
03-13 18:51:31.725     0     0 E @4 [TP]touchpanel: fb_notifier_callback: event = 1, blank = 0
03-13 18:51:31.792     0     0 E         : @7 msm_qti_pp_get_rms_value_control, back not active to query rms be_idx:3
03-13 18:51:31.810     0     0 I @6 core_get_license_status: cmdrsp_license_result.result = 0x15 for module 0x131ff
03-13 18:51:31.816     0     0 E @6 [ELUS]: (elliptic_system_configuration_param_get) : get ELLIPTIC_SYSTEM_CONFIGURATION_CUSTOM_SETTING_00
03-13 18:51:31.816     0     0 E @6 [ELUS]: (elliptic_system_configuration_param_get) : get ELLIPTIC_SYSTEM_CONFIGURATION_CUSTOM_SETTING_01
03-13 18:51:31.816     0     0 E @6 [ELUS]: (elliptic_system_configuration_param_get) : get ELLIPTIC_SYSTEM_CONFIGURATION_CUSTOM_SETTING_02
03-13 18:51:31.816     0     0 E @6 [ELUS]: (elliptic_system_configuration_param_get) : get ELLIPTIC_SYSTEM_CONFIGURATION_CUSTOM_SETTING_03
03-13 18:51:31.817     0     0 E @6 [ELUS]: (elliptic_system_configuration_param_get) : get ELLIPTIC_SYSTEM_CONFIGURATION_CUSTOM_SETTING_04
03-13 18:51:31.817     0     0 E @6 [ELUS]: (elliptic_system_configuration_param_get) : get ELLIPTIC_SYSTEM_CONFIGURATION_CUSTOM_SETTING_05
03-13 18:51:31.817     0     0 E @6 [ELUS]: (elliptic_system_configuration_param_get) : get ELLIPTIC_SYSTEM_CONFIGURATION_CUSTOM_SETTING_06
03-13 18:51:31.817     0     0 E @6 [ELUS]: (elliptic_system_configuration_param_get) : get ELLIPTIC_SYSTEM_CONFIGURATION_CUSTOM_SETTING_07
03-13 18:51:31.817     0     0 E @6 [ELUS]: (elliptic_system_configuration_param_get) : get ELLIPTIC_SYSTEM_CONFIGURATION_CUSTOM_SETTING_08
03-13 18:51:31.818     0     0 E @6 [ELUS]: (elliptic_system_configuration_param_get) : get ELLIPTIC_SYSTEM_CONFIGURATION_CUSTOM_SETTING_09
03-13 18:51:31.818     0     0 E @6 [ELUS]: (elliptic_system_configuration_param_get) : get ELLIPTIC_SYSTEM_CONFIGURATION_CUSTOM_SETTING_10
03-13 18:51:31.818     0     0 E @6 [ELUS]: (elliptic_system_configuration_param_get) : get ELLIPTIC_SYSTEM_CONFIGURATION_CUSTOM_SETTING_11
03-13 18:51:31.818     0     0 E @6 [ELUS]: (elliptic_system_configuration_param_get) : get ELLIPTIC_SYSTEM_CONFIGURATION_CUSTOM_SETTING_12
03-13 18:51:31.818     0     0 E @6 [ELUS]: (elliptic_system_configuration_param_get) : get ELLIPTIC_SYSTEM_CONFIGURATION_CUSTOM_SETTING_13
03-13 18:51:31.819     0     0 E @6 [ELUS]: (elliptic_system_configuration_param_get) : get ELLIPTIC_SYSTEM_CONFIGURATION_CUSTOM_SETTING_14
03-13 18:51:31.819     0     0 E @6 [ELUS]: (elliptic_system_configuration_param_get) : get ELLIPTIC_SYSTEM_CONFIGURATION_CUSTOM_SETTING_15
03-13 18:51:31.823     0     0 E         : @7 msm-ext-disp-audio-codec-rx soc:qcom,msm-ext-disp:qcom,msm-ext-disp-audio-codec-rx: msm_ext_disp_audio_type_get: codec_data, get_audio_edid_blk() or get_intf_id is NULL
03-13 18:51:31.824     0     0 E         : @7 msm-ext-disp-audio-codec-rx soc:qcom,msm-ext-disp:qcom,msm-ext-disp-audio-codec-rx: msm_ext_disp_audio_type_get: codec_data, get_audio_edid_blk() or get_intf_id is NULL
03-13 18:51:31.849     0     0 E         : @4 msm_pcm_path_latency_ctl_get substream runtime not found
03-13 18:51:31.895     0     0 I chatty  : uid=0(root) logd identical 6 lines
03-13 18:51:31.897     0     0 E         : @4 msm_pcm_path_latency_ctl_get substream runtime not found
03-13 18:51:32.044     0     0 I @4 tfa98xx_set_profile(): selected container profile [1]
03-13 18:51:32.044     0     0 I @4 tfa98xx_set_profile(): ready = 0
03-13 18:51:32.044     0     0 I @4 tfa98xx_set_profile(): ready = 0
03-13 18:51:32.061     0     0 I         : @6 get_param_by_index_and_offset[79]  sid_index = 300 offset = 0 buf = 00000000dba902ae length = 1024
03-13 18:51:32.061     0     0 I         : @6 get_param_by_index_and_offset[79]  sid_index = 301 offset = 0 buf = 00000000dba902ae length = 1024
03-13 18:51:32.061     0     0 I         : @6 get_param_by_index_and_offset[79]  sid_index = 302 offset = 0 buf = 00000000dba902ae length = 1024
03-13 18:51:32.061     0     0 I         : @6 get_param_by_index_and_offset[79]  sid_index = 303 offset = 0 buf = 00000000dba902ae length = 1024
03-13 18:51:32.061     0     0 I         : @6 get_param_by_index_and_offset[79]  sid_index = 812 offset = 0 buf = 00000000dba902ae length = 1024
03-13 18:51:32.061     0     0 I         : @6 get_param_by_index_and_offset[79]  sid_index = 813 offset = 0 buf = 00000000dba902ae length = 1024
03-13 18:51:32.061     0     0 I         : @6 get_param_by_index_and_offset[79]  sid_index = 814 offset = 0 buf = 00000000dba902ae length = 1024
03-13 18:51:32.061     0     0 I         : @6 get_param_by_index_and_offset[79]  sid_index = 815 offset = 0 buf = 00000000dba902ae length = 1024
03-13 18:51:32.061     0     0 I         : @6 get_param_by_index_and_offset[79]  sid_index = 300 offset = 0 buf = 00000000dba902ae length = 1024
03-13 18:51:32.061     0     0 I         : @6 get_param_by_index_and_offset[79]  sid_index = 301 offset = 0 buf = 00000000dba902ae length = 1024
03-13 18:51:32.061     0     0 I         : @6 get_param_by_index_and_offset[79]  sid_index = 302 offset = 0 buf = 00000000dba902ae length = 1024
03-13 18:51:32.061     0     0 I         : @6 get_param_by_index_and_offset[79]  sid_index = 303 offset = 0 buf = 00000000dba902ae length = 1024
03-13 18:51:32.071     0     0 I @7 CAM_INFO: CAM-SENSOR: cam_sensor_update_id_info: 688 eeprom_slave_addr:  0xa8, vendor_id_Addr: 0x00000000, vendorID: 0x00, vendor_mask: 0x0
03-13 18:51:32.088     0     0 I @7 CAM_INFO: CAM-CCI: cam_cci_init: 184 End init ref_count 1 dev=cam-cci-driver
03-13 18:51:32.088     0     0 I @7 CAM_INFO: CAM-SENSOR: cam_sensor_power_up: 1542 camera_io_init
03-13 18:51:32.088     0     0 I @7 CAM_INFO: CAM-SENSOR: cam_sensor_match_id: 926 read id: 0x471 expected id 0x471:
03-13 18:51:32.088     0     0 I @7 CAM_INFO: CAM-SENSOR: sensor_imx471_get_dpc_data: 63 sensor_imx471_get_dpc_data enter
03-13 18:51:32.088     0     0 I @7 CAM_INFO: CAM-SENSOR: sensor_imx471_get_dpc_data: 101  fd_dfct_num = 0, sg_dfct_num = 20
03-13 18:51:32.092     0     0 I @7 CAM_INFO: CAM-SENSOR: sensor_imx471_get_dpc_data: 176 exit
03-13 18:51:32.092     0     0 I @7 CAM_INFO: CAM-SENSOR: cam_sensor_driver_cmd: 1117 Probe success,slot:2, slave_addr:0x20, sensor_id:0x471
03-13 18:51:32.094     0     0 I @7 CAM_INFO: CAM-UTIL: cam_soc_util_clk_disable: 577 disable cam_clk
03-13 18:51:32.102     0     0 I @7 CAM_INFO: CAM-UTIL: cam_soc_util_clk_disable: 577 disable cci_1_clk
03-13 18:51:32.102     0     0 I @7 CAM_INFO: CAM-UTIL: cam_soc_util_clk_disable: 577 disable cci_1_clk_src
03-13 18:51:32.102     0     0 I @7 CAM_INFO: CAM-UTIL: cam_soc_util_clk_disable: 577 disable camnoc_axi_clk
03-13 18:51:32.102     0     0 I @7 CAM_INFO: CAM-UTIL: cam_soc_util_clk_disable: 577 disable camnoc_axi_clk_src
03-13 18:51:32.102     0     0 I @7 CAM_INFO: CAM-UTIL: cam_soc_util_clk_disable: 577 disable cpas_ahb_clk
03-13 18:51:32.102     0     0 I @7 CAM_INFO: CAM-UTIL: cam_soc_util_clk_disable: 577 disable slow_ahb_clk_src
03-13 18:51:32.102     0     0 I @7 CAM_INFO: CAM-UTIL: cam_soc_util_clk_disable: 577 disable gcc_axi_sf_clk
03-13 18:51:32.102     0     0 I @7 CAM_INFO: CAM-UTIL: cam_soc_util_clk_disable: 577 disable gcc_axi_hf_clk
03-13 18:51:32.102     0     0 I @7 CAM_INFO: CAM-UTIL: cam_soc_util_clk_disable: 577 disable gcc_ahb_clk
03-13 18:51:32.103     0     0 I @7 CAM_INFO: CAM-CCI: cam_cci_soc_release: 428 End release ref_count 0 dev=cam-cci-driver
03-13 18:51:32.103     0     0 I @7 CAM_INFO: CAM-SENSOR: cam_sensor_power_down: 1583 camera_io_release
03-13 18:51:32.103     0     0 I @7 CAM_INFO: CAM-SENSOR: cam_sensor_driver_cmd: 1389 imx471_dfct_tbl: fd_dfct_num=0, sg_dfct_num=20
03-13 18:51:32.119     0     0 I @5 CAM_INFO: CAM-SENSOR: cam_sensor_update_id_info: 688 eeprom_slave_addr:  0xa2, vendor_id_Addr: 0x10011000, vendorID: 0x03, vendor_mask: 0x0
03-13 18:51:32.128     0     0 I @7 audio_write: audio_data.state is 0x0
03-13 18:51:32.129     0     0 I @7 sensor_poll: exit mask is 0x0
03-13 18:51:32.131     0     0 I @5 CAM_INFO: CAM-CCI: cam_cci_init: 184 End init ref_count 1 dev=cam-cci-driver
03-13 18:51:32.131     0     0 I @5 CAM_INFO: CAM-SENSOR: cam_sensor_power_up: 1542 camera_io_init
03-13 18:51:32.131     0     0 I @7 CAM_INFO: CAM-SENSOR: cam_sensor_match_id: 926 read id: 0x30d5 expected id 0x30d5:
03-13 18:51:32.131     0     0 I @7 CAM_INFO: CAM-SENSOR: cam_sensor_match_id: 983 sensor_id: 0x30d5, vendor_id 0x3 matched
03-13 18:51:32.131     0     0 I @7 CAM_INFO: CAM-SENSOR: cam_sensor_driver_cmd: 1117 Probe success,slot:1, slave_addr:0x20, sensor_id:0x30d5
03-13 18:51:32.133     0     0 I @7 CAM_INFO: CAM-UTIL: cam_soc_util_clk_disable: 577 disable cam_clk
03-13 18:51:32.141     0     0 I @6 CAM_INFO: CAM-UTIL: cam_soc_util_clk_disable: 577 disable cci_0_clk
03-13 18:51:32.141     0     0 I @6 CAM_INFO: CAM-UTIL: cam_soc_util_clk_disable: 577 disable cci_0_clk_src
03-13 18:51:32.141     0     0 I @6 CAM_INFO: CAM-UTIL: cam_soc_util_clk_disable: 577 disable camnoc_axi_clk
03-13 18:51:32.141     0     0 I @6 CAM_INFO: CAM-UTIL: cam_soc_util_clk_disable: 577 disable camnoc_axi_clk_src
03-13 18:51:32.141     0     0 I @6 CAM_INFO: CAM-UTIL: cam_soc_util_clk_disable: 577 disable cpas_ahb_clk
03-13 18:51:32.141     0     0 I @6 CAM_INFO: CAM-UTIL: cam_soc_util_clk_disable: 577 disable slow_ahb_clk_src
03-13 18:51:32.141     0     0 I @6 CAM_INFO: CAM-UTIL: cam_soc_util_clk_disable: 577 disable gcc_axi_sf_clk
03-13 18:51:32.141     0     0 I @6 CAM_INFO: CAM-UTIL: cam_soc_util_clk_disable: 577 disable gcc_axi_hf_clk
03-13 18:51:32.141     0     0 I @6 CAM_INFO: CAM-UTIL: cam_soc_util_clk_disable: 577 disable gcc_ahb_clk
03-13 18:51:32.142     0     0 I @5 CAM_INFO: CAM-CCI: cam_cci_soc_release: 428 End release ref_count 0 dev=cam-cci-driver
03-13 18:51:32.142     0     0 I @5 CAM_INFO: CAM-SENSOR: cam_sensor_power_down: 1583 camera_io_release
03-13 18:51:32.193     0     0 I @7 CAM_INFO: CAM-SENSOR: cam_sensor_update_id_info: 688 eeprom_slave_addr:  0xa0, vendor_id_Addr: 0x00010000, vendorID: 0x03, vendor_mask: 0x0
03-13 18:51:32.205     0     0 I @7 CAM_INFO: CAM-CCI: cam_cci_init: 184 End init ref_count 1 dev=cam-cci-driver
03-13 18:51:32.205     0     0 I @7 CAM_INFO: CAM-SENSOR: cam_sensor_power_up: 1542 camera_io_init
03-13 18:51:32.205     0     0 I @7 CAM_INFO: CAM-SENSOR: cam_sensor_match_id: 926 read id: 0x481 expected id 0x481:
03-13 18:51:32.206     0     0 I @7 CAM_INFO: CAM-SENSOR: cam_sensor_match_id: 983 sensor_id: 0x481, vendor_id 0x3 matched
03-13 18:51:32.206     0     0 I @7 CAM_INFO: CAM-SENSOR: cam_sensor_driver_cmd: 1117 Probe success,slot:3, slave_addr:0x34, sensor_id:0x481
03-13 18:51:32.207     0     0 I @7 CAM_INFO: CAM-UTIL: cam_soc_util_clk_disable: 577 disable cam_clk
03-13 18:51:32.209     0     0 I @7 CAM_INFO: CAM-UTIL: cam_soc_util_clk_disable: 577 disable cci_1_clk
03-13 18:51:32.209     0     0 I @7 CAM_INFO: CAM-UTIL: cam_soc_util_clk_disable: 577 disable cci_1_clk_src
03-13 18:51:32.209     0     0 I @7 CAM_INFO: CAM-UTIL: cam_soc_util_clk_disable: 577 disable camnoc_axi_clk
03-13 18:51:32.209     0     0 I @7 CAM_INFO: CAM-UTIL: cam_soc_util_clk_disable: 577 disable camnoc_axi_clk_src
03-13 18:51:32.209     0     0 I @7 CAM_INFO: CAM-UTIL: cam_soc_util_clk_disable: 577 disable cpas_ahb_clk
03-13 18:51:32.209     0     0 I @7 CAM_INFO: CAM-UTIL: cam_soc_util_clk_disable: 577 disable slow_ahb_clk_src
03-13 18:51:32.209     0     0 I @7 CAM_INFO: CAM-UTIL: cam_soc_util_clk_disable: 577 disable gcc_axi_sf_clk
03-13 18:51:32.209     0     0 I @7 CAM_INFO: CAM-UTIL: cam_soc_util_clk_disable: 577 disable gcc_axi_hf_clk
03-13 18:51:32.209     0     0 I @7 CAM_INFO: CAM-UTIL: cam_soc_util_clk_disable: 577 disable gcc_ahb_clk
03-13 18:51:32.210     0     0 I @7 CAM_INFO: CAM-CCI: cam_cci_soc_release: 428 End release ref_count 0 dev=cam-cci-driver
03-13 18:51:32.210     0     0 I @7 CAM_INFO: CAM-SENSOR: cam_sensor_power_down: 1583 camera_io_release
03-13 18:51:32.210     0     0 E         : @4 00 SETUP                     ?	80 06 0303 0409 64
03-13 18:51:32.211     0     0 E         : 01 QUEUE                        0 ?	1 18
03-13 18:51:32.231     0     0 E         : 00 DONE                         0 ?	STATUS
03-13 18:51:32.231     0     0 I SMBLIB  : check_non_standard_charger_work: chk_non_std_chger,usb_enum_status
03-13 18:51:32.242     0     0 E @6 msm-dsi-panel: [dsi_panel_update_backlight:951] backlight = 200
03-13 18:51:32.243     0     0 E @6 msm-dsi-display: [dsi_display_gamma_read] dsi_display_gamma_read start
03-13 18:51:32.243     0     0 E @6 msm-dsi-display: [dsi_display_get_gamma_para] dsi_display_get_gamma_para start
03-13 18:51:32.250     0     0 I @7 CAM_INFO: CAM-CCI: cam_cci_init: 184 End init ref_count 1 dev=cam-cci-driver
03-13 18:51:32.250     0     0 I @7 CAM_INFO: CAM-EEPROM: cam_eeprom_power_up: 300 camera_io_init
03-13 18:51:32.528     0     0 I @5 CAM_INFO: CAM-EEPROM: cam_eeprom_read_memory: 184 module_sensor_id 0x56
03-13 18:51:32.528     0     0 I @7 CAM_INFO: CAM-EEPROM: cam_eeprom_read_memory: 194 module_vendor_id 0x3
03-13 18:51:32.529     0     0 I @4 CAM_INFO: CAM-EEPROM: cam_eeprom_read_memory: 238 R_MODULE date:20190924
03-13 18:51:32.531     0     0 I @6 CAM_INFO: CAM-UTIL: cam_soc_util_clk_disable: 577 disable cam_clk
03-13 18:51:32.538     0     0 I @7 CAM_INFO: CAM-UTIL: cam_soc_util_clk_disable: 577 disable cci_0_clk
03-13 18:51:32.538     0     0 I @7 CAM_INFO: CAM-UTIL: cam_soc_util_clk_disable: 577 disable cci_0_clk_src
03-13 18:51:32.538     0     0 I @7 CAM_INFO: CAM-UTIL: cam_soc_util_clk_disable: 577 disable camnoc_axi_clk
03-13 18:51:32.538     0     0 I @7 CAM_INFO: CAM-UTIL: cam_soc_util_clk_disable: 577 disable camnoc_axi_clk_src
03-13 18:51:32.538     0     0 I @7 CAM_INFO: CAM-UTIL: cam_soc_util_clk_disable: 577 disable cpas_ahb_clk
03-13 18:51:32.538     0     0 I @7 CAM_INFO: CAM-UTIL: cam_soc_util_clk_disable: 577 disable slow_ahb_clk_src
03-13 18:51:32.538     0     0 I @7 CAM_INFO: CAM-UTIL: cam_soc_util_clk_disable: 577 disable gcc_axi_sf_clk
03-13 18:51:32.538     0     0 I @7 CAM_INFO: CAM-UTIL: cam_soc_util_clk_disable: 577 disable gcc_axi_hf_clk
03-13 18:51:32.538     0     0 I @7 CAM_INFO: CAM-UTIL: cam_soc_util_clk_disable: 577 disable gcc_ahb_clk
03-13 18:51:32.539     0     0 I @5 CAM_INFO: CAM-CCI: cam_cci_soc_release: 428 End release ref_count 0 dev=cam-cci-driver
03-13 18:51:32.539     0     0 I @5 CAM_INFO: CAM-EEPROM: cam_eeprom_power_down: 343 camera_io_release
03-13 18:51:32.544     0     0 I @5 CAM_INFO: CAM-CCI: cam_cci_init: 184 End init ref_count 1 dev=cam-cci-driver
03-13 18:51:32.544     0     0 I @5 CAM_INFO: CAM-EEPROM: cam_eeprom_power_up: 300 camera_io_init
03-13 18:51:32.720     0     0 E @6 msm-dsi-display: [dsi_display_get_gamma_para] Read 60hz gamma done
03-13 18:51:32.725     0     0 I @7 CAM_INFO: CAM-EEPROM: cam_eeprom_read_memory: 184 module_sensor_id 0x55
03-13 18:51:32.726     0     0 I @7 CAM_INFO: CAM-EEPROM: cam_eeprom_read_memory: 194 module_vendor_id 0x1
03-13 18:51:32.726     0     0 I @5 CAM_INFO: CAM-EEPROM: cam_eeprom_read_memory: 231 F_MODULE date:20190711
03-13 18:51:32.727     0     0 I @5 CAM_INFO: CAM-UTIL: cam_soc_util_clk_disable: 577 disable cci_1_clk
03-13 18:51:32.727     0     0 I @5 CAM_INFO: CAM-UTIL: cam_soc_util_clk_disable: 577 disable cci_1_clk_src
03-13 18:51:32.727     0     0 I @5 CAM_INFO: CAM-UTIL: cam_soc_util_clk_disable: 577 disable camnoc_axi_clk
03-13 18:51:32.727     0     0 I @5 CAM_INFO: CAM-UTIL: cam_soc_util_clk_disable: 577 disable camnoc_axi_clk_src
03-13 18:51:32.727     0     0 I @5 CAM_INFO: CAM-UTIL: cam_soc_util_clk_disable: 577 disable cpas_ahb_clk
03-13 18:51:32.727     0     0 I @5 CAM_INFO: CAM-UTIL: cam_soc_util_clk_disable: 577 disable slow_ahb_clk_src
03-13 18:51:32.727     0     0 I @5 CAM_INFO: CAM-UTIL: cam_soc_util_clk_disable: 577 disable gcc_axi_sf_clk
03-13 18:51:32.727     0     0 I @5 CAM_INFO: CAM-UTIL: cam_soc_util_clk_disable: 577 disable gcc_axi_hf_clk
03-13 18:51:32.727     0     0 I @5 CAM_INFO: CAM-UTIL: cam_soc_util_clk_disable: 577 disable gcc_ahb_clk
03-13 18:51:32.727     0     0 I @4 CAM_INFO: CAM-CCI: cam_cci_soc_release: 428 End release ref_count 0 dev=cam-cci-driver
03-13 18:51:32.727     0     0 I @4 CAM_INFO: CAM-EEPROM: cam_eeprom_power_down: 343 camera_io_release
03-13 18:51:32.730     0     0 I @4 CAM_INFO: CAM-CCI: cam_cci_init: 184 End init ref_count 1 dev=cam-cci-driver
03-13 18:51:32.730     0     0 I @4 CAM_INFO: CAM-EEPROM: cam_eeprom_power_up: 300 camera_io_init
03-13 18:51:32.732     0     0 E @6 msm-dsi-display: [dsi_display_get_gamma_para] Read 90hz gamma done
03-13 18:51:32.732     0     0 E @6 msm-dsi-display: [dsi_display_get_gamma_para] dsi_display_get_gamma_para end
03-13 18:51:32.733     0     0 E @6 msm-dsi-display: [dsi_display_gamma_read] dsi_display_gamma_read end
03-13 18:51:32.917     0     0 I @6 CAM_INFO: CAM-EEPROM: cam_eeprom_read_memory: 184 module_sensor_id 0x56
03-13 18:51:32.918     0     0 I @1 CAM_INFO: CAM-EEPROM: cam_eeprom_read_memory: 194 module_vendor_id 0x3
03-13 18:51:32.919     0     0 I @4 CAM_INFO: CAM-UTIL: cam_soc_util_clk_disable: 577 disable cci_0_clk
03-13 18:51:32.919     0     0 I @4 CAM_INFO: CAM-UTIL: cam_soc_util_clk_disable: 577 disable cci_0_clk_src
03-13 18:51:32.919     0     0 I @4 CAM_INFO: CAM-UTIL: cam_soc_util_clk_disable: 577 disable camnoc_axi_clk
03-13 18:51:32.919     0     0 I @4 CAM_INFO: CAM-UTIL: cam_soc_util_clk_disable: 577 disable camnoc_axi_clk_src
03-13 18:51:32.919     0     0 I @4 CAM_INFO: CAM-UTIL: cam_soc_util_clk_disable: 577 disable cpas_ahb_clk
03-13 18:51:32.919     0     0 I @4 CAM_INFO: CAM-UTIL: cam_soc_util_clk_disable: 577 disable slow_ahb_clk_src
03-13 18:51:32.919     0     0 I @4 CAM_INFO: CAM-UTIL: cam_soc_util_clk_disable: 577 disable gcc_axi_sf_clk
03-13 18:51:32.919     0     0 I @4 CAM_INFO: CAM-UTIL: cam_soc_util_clk_disable: 577 disable gcc_axi_hf_clk
03-13 18:51:32.919     0     0 I @4 CAM_INFO: CAM-UTIL: cam_soc_util_clk_disable: 577 disable gcc_ahb_clk
03-13 18:51:32.922     0     0 I @7 CAM_INFO: CAM-CCI: cam_cci_soc_release: 428 End release ref_count 0 dev=cam-cci-driver
03-13 18:51:32.922     0     0 I @7 CAM_INFO: CAM-EEPROM: cam_eeprom_power_down: 343 camera_io_release
03-13 18:51:32.929     0     0 I @6 CAM_INFO: CAM-CCI: cam_cci_init: 184 End init ref_count 1 dev=cam-cci-driver
03-13 18:51:32.929     0     0 I @6 CAM_INFO: CAM-EEPROM: cam_eeprom_power_up: 300 camera_io_init
03-13 18:51:32.952     0     0 E @7 ip_local_port_range: prefer different parity for start/end values.
--------- beginning of system
03-13 18:51:32.958  1679  1679 I imsrcsd : Uce Service HAL  is starting up...
03-13 18:51:32.958  1679  1679 I imsrcsd : getAndroidPropValue : vendor.ims.DATA_DAEMON_STATUS[1]
03-13 18:51:33.007  1452  1452 I chatty  : uid=1000 system_server expire 171 lines
03-13 18:51:33.019  1452  1501 I chatty  : uid=1000(system) Binder:1452_2 expire 2 lines
03-13 18:51:33.022  1452  1538 I chatty  : uid=1000(system) ActivityManager expire 1 line
03-13 18:51:33.022     0     0 I @4 CAM_INFO: CAM-EEPROM: cam_eeprom_read_memory: 184 module_sensor_id 0x57
03-13 18:51:33.022     0     0 I @6 CAM_INFO: CAM-EEPROM: cam_eeprom_read_memory: 194 module_vendor_id 0x3
03-13 18:51:33.025     0     0 I @7 CAM_INFO: CAM-UTIL: cam_soc_util_clk_disable: 577 disable cci_1_clk
03-13 18:51:33.025     0     0 I @7 CAM_INFO: CAM-UTIL: cam_soc_util_clk_disable: 577 disable cci_1_clk_src
03-13 18:51:33.025     0     0 I @7 CAM_INFO: CAM-UTIL: cam_soc_util_clk_disable: 577 disable camnoc_axi_clk
03-13 18:51:33.025     0     0 I @7 CAM_INFO: CAM-UTIL: cam_soc_util_clk_disable: 577 disable camnoc_axi_clk_src
03-13 18:51:33.025     0     0 I @7 CAM_INFO: CAM-UTIL: cam_soc_util_clk_disable: 577 disable cpas_ahb_clk
03-13 18:51:33.025     0     0 I @7 CAM_INFO: CAM-UTIL: cam_soc_util_clk_disable: 577 disable slow_ahb_clk_src
03-13 18:51:33.025     0     0 I @7 CAM_INFO: CAM-UTIL: cam_soc_util_clk_disable: 577 disable gcc_axi_sf_clk
03-13 18:51:33.025     0     0 I @7 CAM_INFO: CAM-UTIL: cam_soc_util_clk_disable: 577 disable gcc_axi_hf_clk
03-13 18:51:33.025     0     0 I @7 CAM_INFO: CAM-UTIL: cam_soc_util_clk_disable: 577 disable gcc_ahb_clk
03-13 18:51:33.027     0     0 I @5 CAM_INFO: CAM-CCI: cam_cci_soc_release: 428 End release ref_count 0 dev=cam-cci-driver
03-13 18:51:33.027     0     0 I @5 CAM_INFO: CAM-EEPROM: cam_eeprom_power_down: 343 camera_io_release
03-13 18:51:33.070  1221  1756 I storaged: storaged: Start
03-13 18:51:33.106     0     0 I @4 service-notifier: root_service_service_ind_cb: Indication received from msm/modem/wlan_pd, state: 0x1fffffff, trans-id: 1
03-13 18:51:33.107     0     0 I @5 service-notifier: send_ind_ack: Indication ACKed for transid 1, service msm/modem/wlan_pd, instance 180!
03-13 18:51:33.108     0     0 I @7 icnss_qmi: QMI Server Connected: state: 0x980
03-13 18:51:33.173  1452  1772 I chatty  : uid=1000 system_server expire 5 lines
03-13 18:51:33.205     0     0 W @7 healthd: battery l=66 v=4010 t=28.4 h=2 st=2 c=610000 fc=3540000 cc=1 chg=u
03-13 18:51:33.214  1452  1527 I chatty  : uid=1000(system) android.bg expire 3 lines
03-13 18:51:33.242  1452  1786 I chatty  : uid=1000 system_server expire 5 lines
03-13 18:51:33.243  1452  1787 I chatty  : uid=1000 system_server expire 3 lines
03-13 18:51:33.452     0     0 E         : @5 ipa-wan ipa3_wwan_ioctl:1961 dev(rmnet_data0) register to IPA
03-13 18:51:33.507     0     0 I @1 FASTCHG: dashchg_fw_check: result=success
03-13 18:51:33.507     0     0 I @1 FASTCHG: reset_mcu_and_request_irq:
03-13 18:51:33.533     0     0 I @1 FASTCHG: dashchg_fw_update: FW check success
03-13 18:51:33.685  1452  1627 I chatty  : uid=1000 system_server expire 2 lines
03-13 18:51:34.116  1177  1177 W iorapd  : Reconnect to package manager service: 1 times
03-13 18:51:34.121     0     0 I @5 audio_poll: exit mask is 0x41
03-13 18:51:34.121     0     0 I @5 audio_poll: exit mask is 0x41
03-13 18:51:34.121     0     0 I @5 audio_poll: exit mask is 0x0
03-13 18:51:34.130  1950  1950 D iorap.prefetcherd: Installing minijail
03-13 18:51:34.131  1950  1950 W iorap.prefetcherd: No seccomp filter defined for this architecture.
03-13 18:51:34.135  1452  1515 I chatty  : uid=1000(system) android.display expire 1 line
03-13 18:51:34.164     0     0 I         : @6 Connection established with the DFC Service
03-13 18:51:34.170     0     0 I         : @6 Connection established with the WDA Service
03-13 18:51:34.174  1452  1990 I chatty  : uid=1000 system_server expire 4 lines
03-13 18:51:34.194  1452  1998 I chatty  : uid=1000(system) NetworkWatchlis expire 2 lines
03-13 18:51:34.197  1452  1528 I chatty  : uid=1000(system) ActivityManager expire 1 line
03-13 18:51:34.226  1452  2003 I chatty  : uid=1000(system) StorageManagerS expire 4 lines
03-13 18:51:34.231  1452  2004 I chatty  : uid=1000 system_server expire 3 lines
03-13 18:51:34.240  1452  2006 I chatty  : uid=1000 system_server expire 3 lines
03-13 18:51:34.444  1452  1452 I chatty  : uid=1000 system_server expire 178 lines
03-13 18:51:34.532     0     0 I @7 init : processing action (sys.audio.restart.hal=1) from (/system/etc/init/audioserver.rc:42)
03-13 18:51:34.532     0     0 I @7 init : Sending signal 9 to service 'vendor.audio-hal' (pid 924) process group...
03-13 18:51:34.532     0     0 I @5 sensor_poll: exit mask is 0x0
03-13 18:51:34.537  1452  1519 I chatty  : uid=1000 system_server expire 8 lines
03-13 18:51:34.537     0     0 I @7 libprocessgroup: Successfully killed process cgroup uid 1041 pid 924 in 5ms
03-13 18:51:34.537     0     0 I @6 init : Service 'vendor.audio-hal' (pid 924) received signal 9
03-13 18:51:34.538     0     0 I @6 init : Command 'stop vendor.audio-hal-4-0-msd' action=sys.audio.restart.hal=1 (/system/etc/init/audioserver.rc:46) took 0ms and failed: service vendor.audio-hal-4-0-msd not found
03-13 18:51:34.538     0     0 I @6 init : Command 'stop vendor.audio-hal-2-0' action=sys.audio.restart.hal=1 (/system/etc/init/audioserver.rc:47) took 0ms and failed: service vendor.audio-hal-2-0 not found
03-13 18:51:34.538     0     0 I @6 init : Command 'stop audio-hal-2-0' action=sys.audio.restart.hal=1 (/system/etc/init/audioserver.rc:48) took 0ms and failed: service audio-hal-2-0 not found
03-13 18:51:34.538     0     0 I @6 init : starting service 'vendor.audio-hal'...
03-13 18:51:34.540     0     0 I @6 init : Command 'start vendor.audio-hal-4-0-msd' action=sys.audio.restart.hal=1 (/system/etc/init/audioserver.rc:50) took 0ms and failed: service vendor.audio-hal-4-0-msd not found
03-13 18:51:34.540     0     0 I @6 init : Command 'start vendor.audio-hal-2-0' action=sys.audio.restart.hal=1 (/system/etc/init/audioserver.rc:51) took 0ms and failed: service vendor.audio-hal-2-0 not found
03-13 18:51:34.545     0     0 I         : @4 acc_open
03-13 18:51:34.545     0     0 I         : @4 acc_release
03-13 18:51:34.546  1452  1994 I chatty  : uid=1000(system) HwBinder:1452_2 expire 1 line
03-13 18:51:34.548     0     0 I @5 AidlLazyServiceRegistrar: Process has 1 (of 1 available) client(s) in use after notification android.apex.IApexService has clients: 1
03-13 18:51:34.548     0     0 I @5 AidlLazyServiceRegistrar: Process has 0 (of 1 available) client(s) in use after notification android.apex.IApexService has clients: 0
03-13 18:51:34.548     0     0 I @5 AidlLazyServiceRegistrar: Shutdown prevented by forcePersist override flag.
03-13 18:51:34.551  1452  2016 I chatty  : uid=1000(system) ConnectivitySer expire 1 line
03-13 18:51:34.556     0     0 I @7 binder: undelivered TRANSACTION_COMPLETE
03-13 18:51:34.556     0     0 I @7 binder: undelivered transaction 9811, process died.
03-13 18:51:34.561     0     0 I @7 binder: undelivered death notification, 0000006f08a6e060
03-13 18:51:34.664  1452  1787 I chatty  : uid=1000 system_server expire 5 lines
03-13 18:51:34.673  1452  1627 I chatty  : uid=1000 system_server expire 4 lines
03-13 18:51:34.698  1452  1513 I chatty  : uid=1000(system) android.ui expire 1 line
03-13 18:51:34.708  1452  1452 I chatty  : uid=1000 system_server expire 186 lines
03-13 18:51:34.711  1452  1786 I chatty  : uid=1000 system_server expire 3 lines
03-13 18:51:34.740  1452  2016 I chatty  : uid=1000(system) ConnectivitySer expire 2 lines
03-13 18:51:34.752  1452  1452 I chatty  : uid=1000 system_server expire 167 lines
03-13 18:51:34.756  1452  2054 I chatty  : uid=1000 system_server expire 1 line
03-13 18:51:34.756  1452  2055 I chatty  : uid=1000 system_server expire 1 line
03-13 18:51:34.764  1452  1550 I chatty  : uid=1000(system) PowerManagerSer expire 2 lines
03-13 18:51:34.764     0     0 I         : @6 Wifi Turning On from UI
03-13 18:51:34.764     0     0 E @6 wlan : Loading driver v5.2.03.13E; 2021-03-13T12:43:25Z; cld:; cmn:; ()
03-13 18:51:34.764     0     0 I @6 qdf_print_ctrl_register: Allocated print control object 0
03-13 18:51:34.766  1452  1527 I chatty  : uid=1000(system) android.bg expire 3 lines
03-13 18:51:34.770     0     0 I @4 [wifi@1.0-servic][0x14fbb3fd][18: 51:34.770352] wlan: [953:I:tdls] ucfg_tdls_init: 40: tdls module dispatcher init
03-13 18:51:34.770     0     0 I @4 [wifi@1.0-servic][0x14fbb48e][18: 51:34.770360] wlan: [953:I:tdls] ucfg_tdls_init: 72: tdls module dispatcher init done
03-13 18:51:34.770     0     0 I @4 [wifi@1.0-servic][0x14fbb50f][18: 51:34.770367] wlan: [953:I:POLICY_MGR] policy_mgr_init: 214: Callbacks registered with obj mgr
03-13 18:51:34.770     0     0 I @4 [wifi@1.0-servic][0x14fbb802][18: 51:34.770406] wlan: [953:I:IPA] ipa_init: 125: ipa module dispatcher init
03-13 18:51:34.770     0     0 E         : @4 ipa ipa3_uc_reg_rdyCB:2922 bad parm. inout=0000000000000000
03-13 18:51:34.771     0     0 I wlan    : driver loaded
03-13 18:51:34.803  1452  1627 I chatty  : uid=1000 system_server expire 2 lines
03-13 18:51:34.845  1452  1567 I chatty  : uid=1000(system) PackageManager expire 2 lines
03-13 18:51:34.847  1452  1515 I chatty  : uid=1000(system) android.display expire 2 lines
03-13 18:51:34.849  1452  1452 I chatty  : uid=1000 system_server expire 57 lines
03-13 18:51:34.854     0     0 E @5 msm-dsi-display: [dsi_display_validate_mode_change] set fps: 90, fresh_rate_report_enable : 0
03-13 18:51:34.854     0     0 I @5 gf_spi: [info] goodix_fb_state_chg_callback go to the msm_drm_notifier_callback value = 2
03-13 18:51:34.854     0     0 I @5 gf_spi: goodix_fb_state_chg_callback defalut
03-13 18:51:34.854     0     0 E @5 [TP]touchpanel: fb_notifier_callback: event = 2, blank = 90
03-13 18:51:34.854  1452  1772 I chatty  : uid=1000 system_server expire 24 lines
03-13 18:51:34.855  1452  1990 I chatty  : uid=1000 system_server expire 18 lines
03-13 18:51:34.855  1452  2006 I chatty  : uid=1000 system_server expire 23 lines
03-13 18:51:34.855  1452  1519 I chatty  : uid=1000 system_server expire 24 lines
03-13 18:51:34.855  1452  1787 I chatty  : uid=1000 system_server expire 22 lines
03-13 18:51:34.855     0     0 E @5 [TP]sec-s6sy761: sec_refresh_switch_mode: refresh_switch: 90HZ success!
03-13 18:51:34.855     0     0 I         : @5 [oneplus_motor]  fb_notifier_callback : receives wrong data EARLY_BLANK:90
03-13 18:51:34.855     0     0 E @5 msm-dsi-display: [dsi_display_validate_mode_change] invalid mode dfps not supported
03-13 18:51:34.855     0     0 E @5 dsi-drm: [dsi_bridge_mode_fixup] [dsi_samsung_oneplus_dsc_cmd_display] seamless mode mismatch failure rc=-524
03-13 18:51:34.855  1452  1786 I chatty  : uid=1000 system_server expire 25 lines
03-13 18:51:34.856  1452  2004 I chatty  : uid=1000 system_server expire 15 lines
03-13 18:51:34.856  1452  1627 I chatty  : uid=1000 system_server expire 27 lines
03-13 18:51:34.859  1452  2006 I chatty  : uid=1000 system_server expire 9 lines
03-13 18:51:34.860  1452  1786 I chatty  : uid=1000 system_server expire 5 lines
03-13 18:51:34.860  1452  2004 I chatty  : uid=1000 system_server expire 6 lines
03-13 18:51:34.860  1452  1772 I chatty  : uid=1000 system_server expire 9 lines
03-13 18:51:34.860  1452  1787 I chatty  : uid=1000 system_server expire 8 lines
03-13 18:51:34.860  1452  1519 I chatty  : uid=1000 system_server expire 6 lines
03-13 18:51:34.860  1452  1990 I chatty  : uid=1000 system_server expire 6 lines
03-13 18:51:34.862  1452  1452 I chatty  : uid=1000 system_server expire 161 lines
03-13 18:51:34.867  1452  1515 I chatty  : uid=1000(system) android.display expire 1 line
03-13 18:51:34.871     0     0 E @4 msm-dsi-panel: [dsi_panel_post_switch:4976] dsi_panel_post_switch: Send the command DSI_CMD_SET_POST_TIMING_SWITCH
03-13 18:51:34.882     0     0 E @4 msm-dsi-panel: [dsi_panel_switch:4944] Send DSI_CMD_SET_TIMING_SWITCH cmds
03-13 18:51:34.882     0     0 E @4 msm-dsi-panel: [dsi_panel_switch:4945] panel->cur_mode->timing->h_active = 1440
03-13 18:51:34.882     0     0 E @4 msm-dsi-panel: [dsi_panel_switch:4949] Send DSI_GAMMA_CMD_SET_SWITCH_90HZ cmds
03-13 18:51:34.971  1452  1514 I chatty  : uid=1000(system) android.io expire 4 lines
03-13 18:51:34.983  1452  1529 I chatty  : uid=1000(system) ActivityManager expire 10 lines
03-13 18:51:35.000  1452  2003 I chatty  : uid=1000(system) StorageManagerS expire 1 line
03-13 18:51:35.007  1452  1525 I chatty  : uid=1000(system) HwBinder:1452_1 expire 1 line
03-13 18:51:35.010  1452  1512 I chatty  : uid=1000(system) android.fg expire 1 line
03-13 18:51:35.063  1452  2009 I chatty  : uid=1000(system) NetworkPolicy expire 1 line
03-13 18:51:35.087  1452  2016 I chatty  : uid=1000(system) ConnectivitySer expire 3 lines
03-13 18:51:35.105  1452  2043 I chatty  : uid=1000(system) Binder:1452_5 expire 1 line
03-13 18:51:35.119  1177  1177 I iorapd  : iorapd (the prefetchening) readied up
03-13 18:51:35.131  1452  1452 I chatty  : uid=1000 system_server expire 231 lines
03-13 18:51:35.160  1452  2016 I chatty  : uid=1000(system) ConnectivitySer expire 2 lines
03-13 18:51:35.205  1452  1529 I chatty  : uid=1000(system) ActivityManager expire 1 line
03-13 18:51:35.218  1452  1452 I chatty  : uid=1000 system_server expire 227 lines
03-13 18:51:35.221  1452  1501 I chatty  : uid=1000(system) Binder:1452_2 expire 1 line
03-13 18:51:35.230  1452  1527 I chatty  : uid=1000(system) android.bg expire 7 lines
03-13 18:51:35.230  1452  1452 I chatty  : uid=1000 system_server expire 70 lines
03-13 18:51:35.234  1452  1939 I chatty  : uid=1000(system) Binder:1452_4 expire 2 lines
03-13 18:51:35.279     0     0 F @7 perfetto: enabled ftrace
03-13 18:51:35.322  1452  1529 I chatty  : uid=1000(system) ActivityManager expire 52 lines
03-13 18:51:35.339  1452  1515 I chatty  : uid=1000(system) android.display expire 4 lines
03-13 18:51:35.389  1452  1501 I chatty  : uid=1000(system) Binder:1452_2 expire 4 lines
03-13 18:51:35.390  1452  2016 I chatty  : uid=1000(system) ConnectivitySer expire 9 lines
03-13 18:51:35.471  1452  2043 I chatty  : uid=1000(system) Binder:1452_5 expire 3 lines
03-13 18:51:35.550     0     0 W @7 healthd: battery l=66 v=4000 t=28.4 h=2 st=2 c=664000 fc=3540000 cc=1 chg=u
03-13 18:51:35.557  1452  1528 I chatty  : uid=1000(system) ActivityManager expire 6 lines
03-13 18:51:35.731  2326  2481 W ActivityThread: Failed to find provider info for com.android.contacts (user not unlocked)
03-13 18:51:35.735  1452  2274 I chatty  : uid=1000(system) Binder:1452_6 expire 2 lines
03-13 18:51:35.916     0     0 W         : @5 ------------[ cut here ]------------
03-13 18:51:35.916     0     0 W @5 WARNING: CPU: 5 PID: 79 at /home/androiabledroid/oneos/kernel/oneplus/sm8150/kernel/softirq.c:157 __local_bh_enable_ip+0x98/0xe0
03-13 18:51:35.916     0     0 F         : @5 Modules linked in:
03-13 18:51:35.916     0     0 F @5 CPU  : 5 PID: 79 Comm: kworker/5:1 Tainted: G S      W       4.14.117-perf #98
03-13 18:51:35.916     0     0 F         : @5 Hardware name: Qualcomm Technologies, Inc. SM8150 V2 PM8150 MTP 19801 MP 14 15 (DT)
03-13 18:51:35.916     0     0 F @5 Workqueue: events ipa3_wake_tx_queue
03-13 18:51:35.917     0     0 F @5 task : 00000000702e0702 task.stack: 0000000014c0f07f
03-13 18:51:35.917     0     0 F @5 pc   : __local_bh_enable_ip+0x98/0xe0
03-13 18:51:35.917     0     0 F @5 lr   : _raw_spin_unlock_bh+0x20/0x28
03-13 18:51:35.917     0     0 F @5 sp   : ffffff800b52b680 pstate : 40c001c5
03-13 18:51:35.917     0     0 F @5 x29  : ffffff800b52b680 x28: ffffffe1c4ebda18
03-13 18:51:35.917     0     0 F @5 x27  : ffffff949a63b000 x26: ffffffe1c4ebd800
03-13 18:51:35.917     0     0 F @5 x25  : ffffffe30476a208 x24: 0000000000000068
03-13 18:51:35.917     0     0 F @5 x23  : ffffffe30476a228 x22: 0000000000000001
03-13 18:51:35.917     0     0 F @5 x21  : ffffffe30476a208 x20: 0000000000000001
03-13 18:51:35.917     0     0 F @5 x19  : 0000000000000000 x18: 0000000000000005
03-13 18:51:35.917     0     0 F @5 x17  : 00000000000010d0 x16: 0000000000000000
03-13 18:51:35.917     0     0 F @5 x15  : ffffff9498c3e688 x14: 00000000201e8000
03-13 18:51:35.917     0     0 F @5 x13  : 0000000000000701 x12: 000000000000f8fe
03-13 18:51:35.917     0     0 F @5 x11  : ffffff800e5c0000 x10: 000000000001e018
03-13 18:51:35.917     0     0 F @5 x9   : 00000000ffffffc0 x8 : ffffffe3306a7000
03-13 18:51:35.917     0     0 F @5 x7   : 0000000000000000 x6 : 000000000000003f
03-13 18:51:35.917     0     0 F @5 x5   : 0000000000000000 x4 : 0000000000000008
03-13 18:51:35.917     0     0 F @5 x3   : 0000000000000000 x2 : 0000000000000008
03-13 18:51:35.917     0     0 F @5 x1   : 0000000000000201 x0 : ffffff94986cc1d8
03-13 18:51:35.917     0     0 F         : @5
03-13 18:51:35.917     0     0 F         : @5 98a8  d379e14b d001526a 913e014a b86b694b 350001cb b9404909 51000529 b9004909
03-13 18:51:35.917     0     0 F         : @5 98c8  b9404909 35000089 f9400108 36080048 94562b74 f9400bf3 a8c27bfd d65f03c0
03-13 18:51:35.917     0     0 F         : @5 98e8  d4210000 17ffffe3 b940490b 7218317f 54fffe21 f9000fa8 d53b4233 d50342df
03-13 18:51:35.917     0     0 F         : @5 9908  d538d088 b8a96908 d379e108 b8686948 34000048 97ff1f01 d51b4233 f9400fa8
03-13 18:51:35.917     0     0 F         : @5
03-13 18:51:35.917     0     0 F         : @5 a6f8  54000060 a8c17bfd d65f03c0 f9400108 360fffa8 97ffe7e7 a8c17bfd d65f03c0
03-13 18:51:35.917     0     0 F         : @5 a718  a9bf7bfd 910003fd 79400008 11000508 489ffc08 52804021 aa1e03e0 97a9bc47
03-13 18:51:35.917     0     0 F         : @5 a738  a8c17bfd d65f03c0 a9bf7bfd 910003fd d5384108 b9404909 11000529 b9004909
03-13 18:51:35.917     0     0 F         : @5 a758  b9400009 7200213f 54000201 f9800011 885ffc09 11080129 880a7c09 35ffffaa
03-13 18:51:35.917     0     0 F         : @5
03-13 18:51:35.917     0     0 F         : @5 b640  976b98e8 ffffff94 40c001c5 00000000 0b52b8e0 ffffff80 986cc0c8 ffffff94
03-13 18:51:35.917     0     0 F         : @5 b660  ffffffff ffffffff 9a63b000 ffffff94 0b52b680 ffffff80 976b98e8 ffffff94
03-13 18:51:35.917     0     0 F         : @5 b680  0b52b6a0 ffffff80 98c4a738 ffffff94 00000000 00000000 0476a208 ffffffe3
03-13 18:51:35.917     0     0 F         : @5 b6a0  0b52b8e0 ffffff80 986cc1d8 ffffff94 0b52b6d0 ffffff80 c4ebda18 ffffffe1
03-13 18:51:35.917     0     0 F         : @5
03-13 18:51:35.917     0     0 F         : @5 Call trace:
03-13 18:51:35.917     0     0 F         : @5  __local_bh_enable_ip+0x98/0xe0
03-13 18:51:35.917     0     0 F         : @5  _raw_spin_unlock_bh+0x20/0x28
03-13 18:51:35.917     0     0 F         : @5  ipa3_send+0x520/0xa08
03-13 18:51:35.917     0     0 F         : @5  ipa3_tx_dp+0x7a8/0x970
03-13 18:51:35.917     0     0 F         : @5  ipa3_wwan_xmit+0x354/0x520
03-13 18:51:35.917     0     0 F         : @5  dev_hard_start_xmit+0x148/0x298
03-13 18:51:35.917     0     0 F         : @5  sch_direct_xmit+0x160/0x1a8
03-13 18:51:35.917     0     0 F         : @5  __qdisc_run+0x3b0/0x4c0
03-13 18:51:35.917     0     0 F         : @5  net_tx_action+0x240/0x248
03-13 18:51:35.917     0     0 F         : @5  __do_softirq+0x1a8/0x39c
03-13 18:51:35.917     0     0 F         : @5  __local_bh_enable_ip+0xd0/0xe0
03-13 18:51:35.917     0     0 F         : @5  _raw_spin_unlock_bh+0x20/0x28
03-13 18:51:35.917     0     0 F         : @5  ipa3_wake_tx_queue+0xd4/0xe0
03-13 18:51:35.917     0     0 F         : @5  process_one_work+0x250/0x448
03-13 18:51:35.917     0     0 F         : @5  worker_thread+0x248/0x450
03-13 18:51:35.917     0     0 F         : @5  kthread+0x11c/0x130
03-13 18:51:35.917     0     0 F         : @5  ret_from_fork+0x10/0x1c
03-13 18:51:35.917     0     0 W         : @5 ---[ end trace bd408d5efea0765e ]---
03-13 18:51:35.920     0     0 F PC      : 0xffffff94976b98a8:
03-13 18:51:35.920     0     0 F LR      : 0xffffff9498c4a6f8:
03-13 18:51:35.920     0     0 F SP      : 0xffffff800b52b640:
03-13 18:51:36.110  1452  2009 I chatty  : uid=1000(system) NetworkPolicy expire 4 lines
03-13 18:51:36.537  1452  1512 I chatty  : uid=1000(system) android.fg expire 1 line
03-13 18:51:36.701     0     0 I @7 icnss: WLAN FW is ready: 0xd87
03-13 18:51:36.701     0     0 E         : @7 qcom,rpmh-regulator soc:rpmh-regulator-ldoa7: TCS Busy, retrying RPMH message send
03-13 18:51:36.703     0     0 I @7 [kworker/u16: 12][0x1731ece4][18:51:36.703058] wlan: [331:I:HDD] hdd_soc_probe: 393: probing driver
03-13 18:51:36.703     0     0 I @7 [kworker/u16: 12][0x1731eda3][18:51:36.703068] wlan: [331:I:QDF] cds_smmu_mem_map_setup: 2859: SMMU S1 disabled
03-13 18:51:36.705     0     0 I @4 ueventd: firmware: loading 'wlan/qca_cld/WCNSS_qcom_cfg.ini' for '/devices/platform/soc/18800000.qcom,icnss/firmware/wlan!qca_cld!WCNSS_qcom_cfg.ini'
03-13 18:51:36.708     0     0 I @5 ueventd: loading /devices/platform/soc/18800000.qcom,icnss/firmware/wlan!qca_cld!WCNSS_qcom_cfg.ini took 2ms
03-13 18:51:36.710     0     0 I @7 [kworker/u16: 12][0x17341fa5][18:51:36.710561] wlan: [331:I:tdls] tdls_psoc_obj_create_notification: 68: TDLS obj attach to psoc successfully
03-13 18:51:36.710     0     0 I @7 [kworker/u16: 12][0x1734214a][18:51:36.710583] wlan: [331:I:OBJMGR] wlan_objmgr_psoc_obj_create: 187: Created psoc 0
03-13 18:51:36.710     0     0 I @7 [kworker/u16: 12][0x17342329][18:51:36.710608] wlan: [331:E:action_oui] action_oui_string_to_hex: 56: Token len is not multiple of 2
03-13 18:51:36.710     0     0 I @7 [kworker/u16: 12][0x1734236e][18:51:36.710612] wlan: [331:E:action_oui] action_oui_parse: 615: Invalid string for token: ACTION_OUI_TOKEN at extension: 1 in action oui: 4
03-13 18:51:36.710     0     0 I @7 [kworker/u16: 12][0x173423ad][18:51:36.710615] wlan: [331:E:action_oui] action_oui_parse: 660: Not able to parse any extension in action oui: 4
03-13 18:51:36.710     0     0 I @7 [kworker/u16: 12][0x17342425][18:51:36.710621] wlan: [331:E:action_oui] ucfg_action_oui_parse: 129: Failed to parse: 4
03-13 18:51:36.710     0     0 I @7 [kworker/u16: 12][0x1734247a][18:51:36.710626] wlan: [331:E:HDD] hdd_action_oui_config: 11461: Failed to parse action_oui str: 4
03-13 18:51:36.710     0     0 I @7 [kworker/u16: 12][0x17342696][18:51:36.710654] wlan: [331:I:HDD] hdd_wlan_start_modules: 2997: Wlan transitioning (UNINITIALIZED -> CLOSED)
03-13 18:51:36.710     0     0 I @7 [kworker/u16: 12][0x173426d1][18:51:36.710657] wlan: [331:I:HDD] hdd_wlan_start_modules: 3001: Wlan transitioning (CLOSED -> ENABLED)
03-13 18:51:36.710     0     0 E         : @7 ipa ipa3_uc_reg_rdyCB:2922 bad parm. inout=0000000000000000
03-13 18:51:36.710     0     0 I @7 [kworker/u16: 12][0x173439ff][18:51:36.710912] wlan: [331:E:TXRX] hif_print_hal_shadow_register_cfg: CONFIG_SHADOW_V2 not defined
03-13 18:51:36.711     0     0 I [kworker/u16:12][0x17343931][18:51:36.710902] wlan: [331:W:HIF] hif_snoc_enable_bus: device_init_wakeup already done
03-13 18:51:36.760     0     0 I @4 [kworker/u16: 12][0x1742e36c][18:51:36.760959] wlan: [331:I:HIF] hif_snoc_bus_configure: 188: expecting wake from ce 2, irq 178
03-13 18:51:36.760     0     0 I @4 [kworker/u16: 12][0x1742e588][18:51:36.760986] wlan: [331:E:QDF] cds_get_context: 1285: Module ID 66 context is Null
03-13 18:51:36.761     0     0 I @6 [kworker/u16: 12][0x17431822][18:51:36.761661] wlan: [331:E:QDF] cds_get_context: 1285: Module ID 66 context is Null
03-13 18:51:36.761     0     0 I @6 [kworker/u16: 12][0x174322ef][18:51:36.761805] wlan: [331:F:WMA] WMA --> wmi_unified_attach - success
03-13 18:51:36.764     0     0 I @6 [kworker/u16: 12][0x1743df8d][18:51:36.764320] wlan: [331:E:QDF] Target Ready! TX resource : 2 size:2184, MaxMsgsPerHTCBundle = 1
03-13 18:51:36.764     0     0 I @6 [kworker/u16: 12][0x1743dfef][18:51:36.764325] wlan: [331:E:QDF] SVS Index : 1 TX : 0x100 : alloc:2
03-13 18:51:36.765     0     0 I @7 [kworker/u16: 7][0x17441fab][18:51:36.765175] wlan: [299:E:POLICY_MGR] policy_mgr_init_dbs_config: 368: Disabling dual mac capabilities
03-13 18:51:36.765     0     0 I @7 [kworker/u16: 7][0x1744202b][18:51:36.765181] wlan: [299:I:WMA] wma_rx_service_ready_event: Firmware build version : 3202ffff
03-13 18:51:36.765     0     0 I @7 [kworker/u16: 7][0x1744207e][18:51:36.765186] wlan: [299:I:WMA] wma_rx_service_ready_event: Board id: 0, Board version: d 0 0 0 0
03-13 18:51:36.765     0     0 I @7 [kworker/u16: 7][0x17442277][18:51:36.765212] wlan: [299:E:QDF] Num chain mask tables: 0
03-13 18:51:36.765     0     0 I @7 [kworker/u16: 7][0x17442b2a][18:51:36.765328] wlan: [299:E:WMA] wma_update_supported_bands: wrong supported band
03-13 18:51:36.765     0     0 I @7 [kworker/u16: 7][0x17442d1e][18:51:36.765354] wlan: [299:E:POLICY_MGR] policy_mgr_init_dbs_config: 368: Disabling dual mac capabilities
03-13 18:51:36.765     0     0 I @7 [kworker/u16: 7][0x17442e0f][18:51:36.765367] wlan: [299:E:QDF] copy_fw_abi_version_tlv: INIT_CMD version: 1, 0, 0x5f414351, 0x4c4d, 0x0, 0x0
03-13 18:51:36.791     0     0 I @7 [kworker/u16: 7][0x174bdc10][18:51:36.791580] wlan: [299:E:QDF] ready_extract_init_status_tlv:0
03-13 18:51:36.791     0     0 I @7 [kworker/u16: 7][0x174be1ce][18:51:36.791657] wlan: [299:I:dfs] WLAN_DEBUG_DFS_ALWAYS : wlan_dfs_pdev_obj_create_notification: 356: dfs_offload 0
03-13 18:51:36.791     0     0 I @7 [kworker/u16: 7][0x174bec77][18:51:36.791799] wlan: [299:E:dfs] WLAN_DEBUG_DFS_ALWAYS : dfs_init_radar_filters: 249: Unknown dfs domain 0
03-13 18:51:36.791     0     0 F @7 null_get_capability: 1518: SPECTRAL : get_capability not registered
03-13 18:51:36.791     0     0 F @7 target_if_pdev_spectral_init: 1992: HAL_CAP_PHYDIAG : Capable
03-13 18:51:36.791     0     0 F @7 target_if_pdev_spectral_init: 1996: HAL_CAP_RADAR   : Capable
03-13 18:51:36.791     0     0 F @7 target_if_pdev_spectral_init: 2001: HAL_CAP_SPECTRAL_SCAN : Capable
03-13 18:51:36.791     0     0 I @7 [kworker/u16: 7][0x174bf3a4][18:51:36.791894] wlan: [299:I:OBJMGR] wlan_objmgr_pdev_obj_create: 176: Created pdev 0
03-13 18:51:36.791     0     0 F null_get_capability: 1518: SPECTRAL : get_capability not registered
03-13 18:51:36.792     0     0 F null_get_capability: 1518: SPECTRAL : get_capability not registered
03-13 18:51:36.792     0     0 F null_get_tsf64: 1506: SPECTRAL : get_tsf64 not registered
03-13 18:51:36.792     0     0 I @6 [kworker/u16: 12][0x174bfd4e][18:51:36.792023] wlan: [331:I:WMA] wma_wait_for_ready_event: 6961: FW ready event received
03-13 18:51:36.796     0     0 I @6 [kworker/u16: 12][0x174d36eb][18:51:36.796205] wlan: [331:I:HTT] max pool size 64 pool filled 64
03-13 18:51:36.797     0     0 I @6 [kworker/u16: 12][0x174d9e4a][18:51:36.797583] wlan: [331:I:HTT] HTT: full reorder offload enabled
03-13 18:51:36.811     0     0 I @6 [kworker/u16: 12][0x17519503][18:51:36.811113] wlan: [331:I:HDD] hdd_update_hw_sw_info: 2666: Host SW:5.2.03.13E, FW:3.2.0.0.32767.4, HW:HW_VERSION=40060000., Board ver: d Ref design id: 0, Customer id: 0, Project id: 0, Board Data Rev: 0
03-13 18:51:36.812     0     0 I @6 [kworker/u16: 12][0x1751e6f3][18:51:36.812205] wlan: [331:I:SYS] Creating periodic timer for OLBC UPDATE CACHE TIMEOUT
03-13 18:51:36.812     0     0 I @6 [kworker/u16: 12][0x1751eef0][18:51:36.812312] wlan: [331:I:tdls] ucfg_tdls_psoc_enable: 252: psoc tdls enable: 0x0000000000000000
03-13 18:51:36.813     0     0 I @6 [kworker/u16: 12][0x1752310a][18:51:36.813193] wlan: [331:E:HDD] hdd_features_init: 11281: Unable to send DBS scan selection setting to FW
03-13 18:51:36.813     0     0 I @6 [kworker/u16: 12][0x175231a0][18:51:36.813201] wlan: [331:E:HDD] wlan_hdd_tsf_init: 1764: set tsf GPIO failed, status: 4
03-13 18:51:36.813     0     0 I @6 [kworker/u16: 12][0x1752337b][18:51:36.813226] wlan: [331:I:HDD] hdd_wlan_start_modules: 3139: Wlan transitioned (now ENABLED)
03-13 18:51:36.814     0     0 I @5 [scheduler_threa][0x175270a2][18: 51:36.814041] wlan: [2578:I:QDF] host_diag_log_submit: Unloading/Loading in Progress. Ignore!!!
03-13 18:51:36.815     0     0 E @6 cnss_utils: WLAN MAC address is not set, type 0
03-13 18:51:36.817     0     0 I @5 ueventd: firmware: loading 'wlan/qca_cld/wlan_mac.bin' for '/devices/platform/soc/18800000.qcom,icnss/firmware/wlan!qca_cld!wlan_mac.bin'
03-13 18:51:36.817     0     0 I @5 ueventd: loading /devices/platform/soc/18800000.qcom,icnss/firmware/wlan!qca_cld!wlan_mac.bin took 0ms
03-13 18:51:36.818     0     0 I @6 [kworker/u16: 12][0x1753aa04][18:51:36.818219] wlan: [331:I:HDD] hdd_initialize_mac_address: 10825: using MAC address from wlan_mac.bin
