03-14 09:35:25.976  1130  1130 E ThermalEngine: open/sys/class/thermal/cooling_device5/cur_state failed13
03-14 09:35:25.976  1130  1130 E ThermalEngine: open/sys/class/thermal/cooling_device6/cur_state failed13
03-14 09:35:25.976  1130  1130 E ThermalEngine: open/sys/class/thermal/cooling_device8/cur_state failed13
03-14 09:35:25.977  1130  1130 E ThermalEngine: open/sys/class/thermal/cooling_device10/cur_state failed13
03-14 09:35:25.977  1130  1130 E ThermalEngine: open/sys/class/thermal/cooling_device11/cur_state failed13
03-14 09:35:25.977  1130  1130 I ThermalEngine: tmd_init_cluster_devs: No clusters found
03-14 09:35:25.977  1130  1130 E ThermalEngine: open/sys/class/thermal/cooling_device0/cur_state failed13
03-14 09:35:25.977  1130  1130 E ThermalEngine: open/sys/class/thermal/cooling_device1/cur_state failed13
03-14 09:35:25.977  1130  1130 E ThermalEngine: Unable to set NPU cdev state to 0
03-14 09:35:25.977  1130  1130 E ThermalEngine: open/sys/class/thermal/cooling_device1/cur_state failed13
03-14 09:35:25.977  1130  1130 E ThermalEngine: devices_init: Init NPU TMD failed 5
03-14 09:35:25.978  1130  1130 E ThermalEngine: open/sys/class/thermal/cooling_device14/cur_state failed13
03-14 09:35:25.978  1130  1130 E ThermalEngine: open/sys/class/thermal/cooling_device15/cur_state failed13
03-14 09:35:25.978  1130  1130 E ThermalEngine: open/sys/class/thermal/cooling_device17/cur_state failed13
03-14 09:35:25.978  1130  1130 E ThermalEngine: open/sys/class/thermal/cooling_device16/cur_state failed13
03-14 09:35:25.978  1130  1130 I ThermalEngine: vdd_rstr_init: Could not read /sys/module/msm_thermal/vdd_restriction/enabled
03-14 09:35:25.980  1130  1130 E ThermalEngine: Error reading /sys/class/leds/lcd-backlight/max_brightness
03-14 09:35:25.980  1130  1130 E ThermalEngine: open/sys/class/power_supply/battery/system_temp_level failed2
03-14 09:35:25.980  1130  1130 E ThermalEngine: Unable to init battery charging mitigation to 0
03-14 09:35:25.980  1130  1130 I ThermalEngine: sensors_manager_init: Init
03-14 09:35:25.982  1130  1155 I ThermalEngine: ADSP thermal mitigation available.
03-14 09:35:25.982  1130  1155 I ThermalEngine: Mitigation:vdd_restriction[ADSP]:0 pending QMI request succeded
03-14 09:35:25.983  1140  1140 I ServiceManager: Waiting for service 'package_native' on '/dev/binder'...
03-14 09:35:25.993  1018  1018 I ServiceManager: Waiting for service 'media.metrics' on '/dev/binder'...
03-14 09:35:25.994  1130  1160 E ThermalEngine: socket creation success
03-14 09:35:25.997  1158  1158 E libc    : Access denied finding property "init.svc.ril-daemon"
03-14 09:35:26.014   823   823 W Zygote  : Class not found for preloading: android.inputmethodservice.-$$Lambda$InputMethodService$TvVfWDKZ3ljQdrU87qYykg6uD-I
03-14 09:35:26.015  1168  1168 I PerfDaemon: PerfDaemon is starting.
03-14 09:35:26.018  1168  1168 W perfservice: libminijail[1168]: failed to get path of fd 5: No such file or directory
03-14 09:35:26.018  1168  1168 W perfservice: libminijail[1168]: allowing syscall: connect
03-14 09:35:26.018  1168  1168 W perfservice: libminijail[1168]: allowing syscall: fcntl
03-14 09:35:26.019  1130  1130 E ThermalEngine: Unable to change to /sys/devices/soc/
03-14 09:35:26.019  1130  1130 E ThermalEngine: bcl_setup: Unexpected node error
03-14 09:35:26.019  1130  1130 E ThermalEngine: add_tgt_sensor: bcl sensor setup failed failed.
03-14 09:35:26.019  1130  1130 E ThermalEngine: add_tgt_sensors_set: Error adding bcl
03-14 09:35:26.019  1130  1130 E ThermalEngine: sensors_init: Error adding BCL TS
03-14 09:35:26.019  1130  1130 E ThermalEngine: pid_init_data: ERROR Uknown device
03-14 09:35:26.019  1130  1130 E ThermalEngine: thermal_monitor_init_data: ERROR Uknown device
03-14 09:35:26.019  1130  1130 E ThermalEngine: speaker_cal_init_data: ERROR Uknown device
03-14 09:35:26.019  1130  1130 E ThermalEngine: ss_init_data: ERROR Uknown device
03-14 09:35:26.019  1130  1130 I ThermalEngine: Loading config file for virtual sensor
03-14 09:35:26.019  1130  1130 I ThermalEngine: Loading configuration file /vendor/etc/thermal-engine.conf
03-14 09:35:26.019  1150  1150 I wificond: wificond is starting up...
03-14 09:35:26.019  1168  1168 W perfservice: libminijail[1168]: allowing syscall: sendto
03-14 09:35:26.020  1130  1130 I ThermalEngine: Parsing section global
03-14 09:35:26.020  1130  1130 E ThermalEngine: virtual_sensors_init: Error getting virtual sensors set
03-14 09:35:26.020  1130  1130 I ThermalEngine: Loading configuration file /vendor/etc/thermal-engine.conf
03-14 09:35:26.020  1130  1130 I ThermalEngine: Parsing section global
03-14 09:35:26.020  1130  1130 E ThermalEngine: sensors_manager_reg_clnt: Invalid sensor pop_mem.
03-14 09:35:26.020  1130  1130 E ThermalEngine: pid_algo_init: Sensor clnt create fail pop_mem
03-14 09:35:26.020  1130  1130 E ThermalEngine: sensors_manager_reg_clnt: Invalid sensor cpu3.
03-14 09:35:26.020  1130  1130 E ThermalEngine: pid_algo_init: Sensor clnt create fail cpu3
03-14 09:35:26.020  1130  1130 E ThermalEngine: sensors_manager_reg_clnt: Invalid sensor cpu2.
03-14 09:35:26.020  1130  1130 E ThermalEngine: pid_algo_init: Sensor clnt create fail cpu2
03-14 09:35:26.020  1130  1130 E ThermalEngine: sensors_manager_reg_clnt: Invalid sensor cpu1.
03-14 09:35:26.020  1130  1130 E ThermalEngine: pid_algo_init: Sensor clnt create fail cpu1
03-14 09:35:26.020  1130  1130 E ThermalEngine: sensors_manager_reg_clnt: Invalid sensor cpu0.
03-14 09:35:26.020  1130  1130 E ThermalEngine: pid_algo_init: Sensor clnt create fail cpu0
03-14 09:35:26.020  1130  1130 I ThermalEngine: pid_algo_init: No PID's to be configured.
03-14 09:35:26.020  1130  1130 E ThermalEngine: Failed to setup at least one sensor for monitoring
03-14 09:35:26.020  1130  1130 I ThermalEngine: ss_algo_init: No SS's configured.
03-14 09:35:26.020  1130  1130 E ThermalEngine: No speaker_cal config
03-14 09:35:26.020  1168  1168 W perfservice: libminijail[1168]: allowing syscall: socket
03-14 09:35:26.020  1130  1130 E ThermalEngine: open/sys/module/msm_thermal/parameters/enabled failed2
03-14 09:35:26.020  1168  1168 W perfservice: libminijail[1168]: allowing syscall: writev
03-14 09:35:26.022  1168  1168 W perfservice: libminijail[1168]: logging seccomp filter failures
03-14 09:35:26.026  1150  1150 I HidlServiceManagement: Registered android.system.wifi.keystore@1.0::IKeystore/default (start delay of 74ms)
03-14 09:35:26.030  1145  1145 V MediaUtils: physMem: 7831093248
03-14 09:35:26.030  1145  1145 V MediaUtils: requested limit: 134217728
03-14 09:35:26.030  1145  1145 I libc    : malloc_limit: Allocation limit enabled, max size 134217728 bytes
03-14 09:35:26.032  1130  1206 I ThermalEngine: Monitor : quiet_therm = 27343, msm_therm = 35040, xo_therm = 29488, battery_therm = 265,current_now = 868000 
03-14 09:35:26.032  1145  1145 D AudioPowerUsage: AudioPowerUsage
03-14 09:35:26.033  1145  1145 D AudioAnalytics: AudioAnalytics
03-14 09:35:26.033  1145  1145 D MediaMetricsService: MediaMetricsService
03-14 09:35:26.034  1142  1142 I keystore: found android.hardware.keymaster@4.0::IKeymasterDevice with interface name default and seclevel TRUSTED_ENVIRONMENT
03-14 09:35:26.041   823   823 I zygote64: Thread[1,tid=823,Native,Thread*=0x759be8f380,peer=0x12c03040,"main"] recursive attempt to load library "libmedia_jni.so"
03-14 09:35:26.042   823   823 I zygote64: Thread[1,tid=823,Native,Thread*=0x759be8f380,peer=0x12c03040,"main"] recursive attempt to load library "libmedia_jni.so"
03-14 09:35:26.042   823   823 D MtpDeviceJNI: register_android_mtp_MtpDevice
03-14 09:35:26.042  1168  1168 D PerfDaemon: added vendor.perfservice to services and is now running.
03-14 09:35:26.042   823   823 I zygote64: Thread[1,tid=823,Native,Thread*=0x759be8f380,peer=0x12c03040,"main"] recursive attempt to load library "libmedia_jni.so"
03-14 09:35:26.042   823   823 I zygote64: Thread[1,tid=823,Native,Thread*=0x759be8f380,peer=0x12c03040,"main"] recursive attempt to load library "libmedia_jni.so"
03-14 09:35:26.043  1132  1132 I cameraserver: ServiceManager: 0xf5c80950
03-14 09:35:26.043  1132  1132 I CameraService: CameraService started (pid=1132)
03-14 09:35:26.043  1132  1132 I CameraService: CameraService process starting
03-14 09:35:26.043  1132  1132 W BatteryNotifier: batterystats service unavailable!
03-14 09:35:26.043  1132  1132 W BatteryNotifier: batterystats service unavailable!
03-14 09:35:26.047   821   821 I ServiceManager: Waiting for service 'statscompanion' on '/dev/binder'...
03-14 09:35:26.048   625   625 I hwservicemanager: Since android.hardware.camera.provider@2.4::ICameraProvider/legacy/0 is not registered, trying to start it as a lazy HAL.
03-14 09:35:26.048  1132  1132 E CameraProviderManager: addProviderLocked: Camera provider HAL 'legacy/0' is not actually available
03-14 09:35:26.048   823   823 W Zygote  : Class not found for preloading: android.media.MediaRouter$Static$Client$1
03-14 09:35:26.049   823   823 W Zygote  : Class not found for preloading: android.media.MediaRouter$Static$Client$2
03-14 09:35:26.049  1132  1132 I cameraserver: Waiting for activity service
03-14 09:35:26.064   823   823 W Zygote  : Class not found for preloading: android.net.shared.Inet4AddressUtils
03-14 09:35:26.064   823   823 W Zygote  : Class not found for preloading: android.net.shared.InetAddressUtils
03-14 09:35:26.090  1144  1144 V MediaUtils: physMem: 7831093248
03-14 09:35:26.091  1144  1144 V MediaUtils: requested limit: 1566218640
03-14 09:35:26.091  1144  1144 I libc    : malloc_limit: Allocation limit enabled, max size 1566218640 bytes
03-14 09:35:26.092  1140  1140 I ServiceManager: Waiting for service 'package_native' on '/dev/binder'...
03-14 09:35:26.093  1222  1222 I imsrcsd : Uce Service HAL  is starting up...
03-14 09:35:26.094  1176  1176 E wfdhdcphal: wfdhdcphalservice starting...
03-14 09:35:26.095  1222  1222 I imsrcsd : Uce Service HAL  loading imsrcsbaseimpl
03-14 09:35:26.095  1185  1185 I android.hardware.media.omx@1.0-service: mediacodecservice starting
03-14 09:35:26.095  1176  1176 W wfdhdcphalservice: libminijail[1176]: failed to get path of fd 5: No such file or directory
03-14 09:35:26.095  1176  1176 W wfdhdcphalservice: libminijail[1176]: allowing syscall: clock_gettime
03-14 09:35:26.095  1176  1176 W wfdhdcphalservice: libminijail[1176]: allowing syscall: connect
03-14 09:35:26.096  1176  1176 W wfdhdcphalservice: libminijail[1176]: allowing syscall: fcntl64
03-14 09:35:26.096  1176  1176 W wfdhdcphalservice: libminijail[1176]: allowing syscall: socket
03-14 09:35:26.096  1176  1176 W wfdhdcphalservice: libminijail[1176]: allowing syscall: writev
03-14 09:35:26.097  1176  1176 W wfdhdcphalservice: libminijail[1176]: logging seccomp filter failures
03-14 09:35:26.101   823   823 W Zygote  : Class not found for preloading: android.telephony.ims.stub.-$$Lambda$ImsRegistrationImplBase$wwtkoeOtGwMjG5I0-ZTfjNpGU-s
03-14 09:35:26.101  1176  1176 I HidlServiceManagement: Registered android.hardware.drm@1.3::IDrmFactory/wfdhdcp (start delay of 109ms)
03-14 09:35:26.102  1147  1147 I mediaserver: ServiceManager: 0xe85c0e50
03-14 09:35:26.102  1018  1018 I AudioFlinger: Using default 3000 mSec as standby time.
03-14 09:35:26.102  1147  1147 D mediaserver: Time zone APEX ICU file found: /apex/com.android.tzdata/etc/icu/icu_tzdata.dat
03-14 09:35:26.102  1147  1147 D mediaserver: I18n APEX ICU file found: /apex/com.android.i18n/etc/icu/icudt66l.dat
03-14 09:35:26.102  1145  1215 I ServiceManager: Waiting for service 'package_native' on '/dev/binder'...
03-14 09:35:26.102  1018  1018 I audioserver: ServiceManager: AudioFlinger instantiate done 0x7649c19420
03-14 09:35:26.103  1185  1185 W android.hardware.media.omx@1.0-service: libminijail[1185]: failed to get path of fd 5: No such file or directory
03-14 09:35:26.103  1185  1185 W android.hardware.media.omx@1.0-service: libminijail[1185]: allowing syscall: clock_gettime
03-14 09:35:26.103  1185  1185 W android.hardware.media.omx@1.0-service: libminijail[1185]: allowing syscall: connect
03-14 09:35:26.103  1018  1018 E APM::Serializer: deserialize: Could not parse /odm/etc/audio_policy_configuration.xml document.
03-14 09:35:26.103  1185  1185 W android.hardware.media.omx@1.0-service: libminijail[1185]: allowing syscall: fcntl64
03-14 09:35:26.103  1018  1018 E APM::Serializer: deserialize: Could not parse /vendor/etc/audio/audio_policy_configuration.xml document.
03-14 09:35:26.103  1185  1185 W android.hardware.media.omx@1.0-service: libminijail[1185]: allowing syscall: socket
03-14 09:35:26.103  1176  1176 I HidlServiceManagement: Registered android.hardware.drm@1.3::ICryptoFactory/wfdhdcp (start delay of 111ms)
03-14 09:35:26.103  1185  1185 W android.hardware.media.omx@1.0-service: libminijail[1185]: allowing syscall: writev
03-14 09:35:26.103  1147  1147 W BatteryNotifier: batterystats service unavailable!
03-14 09:35:26.103  1147  1147 W BatteryNotifier: batterystats service unavailable!
03-14 09:35:26.105  1185  1185 W android.hardware.media.omx@1.0-service: libminijail[1185]: compile_file: <fd>(80): nonexistent syscall 'ueventd'
03-14 09:35:26.106  1185  1185 W android.hardware.media.omx@1.0-service: libminijail[1185]: logging seccomp filter failures
03-14 09:35:26.109  1018  1018 D AudioPolicyManagerCustom: USE_XML_AUDIO_POLICY_CONF is TRUE
03-14 09:35:26.109  1018  1018 D APM_EngineLoader: Loaded engine from libaudiopolicyenginedefault.so
03-14 09:35:26.109  1018  1018 E APM::AudioPolicyEngine/Config: parse: Could not parse document /vendor/etc/audio_policy_engine_configuration.xml
03-14 09:35:26.109  1018  1018 E libxml2 : I/O warning : failed to load external entity "/vendor/etc/audio_policy_engine_configuration.xml"
03-14 09:35:26.109  1018  1018 W APM::AudioPolicyEngine/Base: loadAudioPolicyEngineConfig: No configuration found, using default matching phone experience.
03-14 09:35:26.109  1018  1018 E APM::AudioPolicyEngine/Config: parseLegacyVolumeFile: Could not parse document /odm/etc/audio_policy_configuration.xml
03-14 09:35:26.109  1018  1018 E libxml2 : I/O warning : failed to load external entity "/odm/etc/audio_policy_configuration.xml"
03-14 09:35:26.109  1018  1018 E APM::AudioPolicyEngine/Config: parseLegacyVolumeFile: Could not parse document /vendor/etc/audio/audio_policy_configuration.xml
03-14 09:35:26.109  1018  1018 E libxml2 : I/O warning : failed to load external entity "/vendor/etc/audio/audio_policy_configuration.xml"
03-14 09:35:26.112   823   823 W Zygote  : Class not found for preloading: android.view.-$$Lambda$cZhmLzK8aetUdx4VlP9w5jR7En0
03-14 09:35:26.113  1149  1149 I ServiceManager: Waiting for service 'package_native' on '/dev/binder'...
03-14 09:35:26.114  1220  1220 E Diag_Lib: qpLogDiagInit <== result : 1; log_write_mutex is Initialized
03-14 09:35:26.116  1220  1220 E VIMSVT  : VT-Vendor:: enableImsADB 0, log_priority value 240
03-14 09:35:26.116  1220  1220 E Diag_Lib: [IMS_AP_RTP]"RTPService callback Registraton"
03-14 09:35:26.118  1144  1144 W mediaextractor: libminijail[1144]: failed to get path of fd 5: No such file or directory
03-14 09:35:26.118  1144  1144 W mediaextractor: libminijail[1144]: allowing syscall: connect
03-14 09:35:26.118  1144  1144 W mediaextractor: libminijail[1144]: allowing syscall: fcntl
03-14 09:35:26.118  1144  1144 W mediaextractor: libminijail[1144]: allowing syscall: sendto
03-14 09:35:26.118  1144  1144 W mediaextractor: libminijail[1144]: allowing syscall: socket
03-14 09:35:26.118  1144  1144 W mediaextractor: libminijail[1144]: allowing syscall: writev
03-14 09:35:26.119  1185  1185 E OMXMaster: OMX plugin failed w/ error 0x80001001 after registering 0 components
03-14 09:35:26.119  1018  1018 W APM::AudioPolicyEngine/Base: loadAudioPolicyEngineConfig: No configuration of AUDIO_STREAM_ASSISTANT found, using default volume configuration
03-14 09:35:26.119  1018  1018 W APM::AudioPolicyEngine/Base: loadAudioPolicyEngineConfig: No configuration of AUDIO_STREAM_CALL_ASSISTANT found, using default volume configuration
03-14 09:35:26.121   823   823 W Zygote  : Class not found for preloading: android.view.autofill.-$$Lambda$AutofillManager$AutofillManagerClient$vxNm6RuuD-r5pkiSxNSBBd1w_Qc
03-14 09:35:26.121   823   823 W Zygote  : Class not found for preloading: android.view.contentcapture.-$$Lambda$MainContentCaptureSession$1$JPRO-nNGZpgXrKr4QC_iQiTbQx0
03-14 09:35:26.121   823   823 W Zygote  : Class not found for preloading: android.view.contentcapture.-$$Lambda$MainContentCaptureSession$1$Xhq3WJibbalS1G_W3PRC2m7muhM
03-14 09:35:26.122   823   823 W Zygote  : Class not found for preloading: android.view.contentcapture.MainContentCaptureSession$1
03-14 09:35:26.123  1185  1185 I SoftOMXPlugin: createOMXPlugin
03-14 09:35:26.123  1185  1185 I MediaCodecsXmlParser: getVendorXmlPath (/vendor/etc/media_codecs_vendor.xml)
03-14 09:35:26.124  1185  1185 D MediaCodecsXmlParser: parsing /vendor/etc/media_codecs_vendor.xml...
03-14 09:35:26.124  1222  1222 I imsrcsd : Starting Service for First Time imsbaseimpl
03-14 09:35:26.124  1144  1144 W mediaextractor: libminijail[1144]: logging seccomp filter failures
03-14 09:35:26.125  1185  1185 D MediaCodecsXmlParser: parsing /vendor/etc/media_codecs_google_audio.xml...
03-14 09:35:26.130  1220  1220 I HidlServiceManagement: Registered vendor.qti.imsrtpservice@2.1::IRTPService/imsrtpservice (start delay of 78ms)
03-14 09:35:26.130  1234  1234 E adsprpcd: vendor/qcom/proprietary/commonsys-intf/adsprpc/src/adsprpcd.c:30:adsp daemon starting
03-14 09:35:26.132  1185  1185 D MediaCodecsXmlParser: parsing /vendor/etc/media_codecs_vendor_audio.xml...
03-14 09:35:26.133  1185  1185 D MediaCodecsXmlParser: parsing /vendor/etc/media_codecs_google_telephony.xml...
03-14 09:35:26.134  1222  1222 I HidlServiceManagement: Registered com.qualcomm.qti.uceservice@2.1::IUceService/com.qualcomm.qti.uceservice (start delay of 62ms)
03-14 09:35:26.134  1212  1212 E QCNEA   : Cne Version 4.9
03-14 09:35:26.134  1222  1222 I imsrcsd : ImsRcsBaseImpl CM_IMSCONNECTIONMANAGER_CREATE_CONNECTION Before Registering Service
03-14 09:35:26.135  1222  1222 I HidlServiceManagement: Registered com.qualcomm.qti.imscmservice@2.2::IImsCmService/qti.ims.connectionmanagerservice (start delay of 63ms)
03-14 09:35:26.135  1222  1222 I imsrcsd : ImsRcsBaseImpl CM_IMSCONNECTIONMANAGER_CREATE_CONNECTION After Registering Service
03-14 09:35:26.135  1222  1222 E imsrcsd : [IMS_COM] |ImsCom.cpp | 53 | | 1222 |Com Fd: 8
03-14 09:35:26.135  1222  1222 E imsrcsd : [IMS_COM] |ImsCom.cpp | 158 | | 1222 |ImsCom::addComEventHandler(int 8, ComEventCallback 0x74ef26d1b4, void* 0x0, ComCloseCallback 0x0, events 17) EX
03-14 09:35:26.135  1222  1222 E imsrcsd : [IMS_COM] |ImsCom.cpp | 170 | | 1222 |ImsCom::addComEventHandler epoll_ctl returns: 0
03-14 09:35:26.135  1222  1222 E imsrcsd : [IMS_COM] |ImsCom.cpp | 56 | | 1222 |ImsCom is ready. epollFd:7
03-14 09:35:26.135  1222  1222 E imsrcsd : [IMS_COM] |ImsQmiSvc.cpp | 42 | | 1222 |ImsQmiSvc: Xtor 
03-14 09:35:26.135  1222  1222 E imsrcsd : [IMS_COM] |ImsQmiSvc.cpp | 44 | | 1222 |ImsQmiSvc: qmiimssvcfd : 9 
03-14 09:35:26.135  1222  1222 E imsrcsd : [IMS_COM] |ImsCom.cpp | 158 | | 1222 |ImsCom::addComEventHandler(int 9, ComEventCallback 0x74ef271ff4, void* 0x761fab8370, ComCloseCallback 0x0, events 1) EX
03-14 09:35:26.135  1222  1222 E imsrcsd : [IMS_COM] |ImsCom.cpp | 170 | | 1222 |ImsCom::addComEventHandler epoll_ctl returns: 0
03-14 09:35:26.135  1234  1234 I adsprpcd: remote_handle_open: Successfully opened handle 0x7f for '":;./\createstaticpd:audiopd on domain 0
03-14 09:35:26.136  1185  1185 D MediaCodecsXmlParser: parsing /vendor/etc/media_codecs_google_video.xml...
03-14 09:35:26.137  1222  1222 E imsrcsd : [IMS_COM] |ImsQmiSvc.cpp | 115 | | 1222 |ImsQmiSvc: registerForQmiSvcUp 
03-14 09:35:26.137  1222  1222 E imsrcsd : [IMS_COM] |ImsQmiPrivate.cpp | 119 | | 1222 |ImsQmiPrivate Xtor
03-14 09:35:26.137  1222  1222 E imsrcsd : [IMS_COM] |ImsCom.cpp | 158 | | 1222 |ImsCom::addComEventHandler(int 13, ComEventCallback 0x74ef270220, void* 0x761fab8370, ComCloseCallback 0x0, events 1) EX
03-14 09:35:26.137  1222  1222 E imsrcsd : [IMS_COM] |ImsCom.cpp | 170 | | 1222 |ImsCom::addComEventHandler epoll_ctl returns: 0
03-14 09:35:26.137  1222  1222 E imsrcsd : [IMS_COM] |ImsQmiPrivate.cpp | 226 | | 1222 |QMI IMS Private listener added 0x75cfab6470
03-14 09:35:26.137  1222  1222 I imsrcsd : ImsCallInfoService - <API SVC> registerServiceImpl: Registering for vendor.qti.ims.callinfo 
03-14 09:35:26.138  1185  1185 I MediaCodecsXmlParser: getVendorXmlPath (/vendor/etc/media_codecs_performance.xml)
03-14 09:35:26.138  1185  1185 D MediaCodecsXmlParser: parsing /vendor/etc/media_codecs_performance.xml...
03-14 09:35:26.138  1222  1222 I HidlServiceManagement: Registered vendor.qti.ims.callinfo@1.0::IService/default (start delay of 66ms)
03-14 09:35:26.138  1222  1222 I imsrcsd : ImsRcsBaseImpl ImsCallInfo After Registering Service
03-14 09:35:26.140  1185  1185 D MediaCodecsXmlParser: MediaCodec: cannot update non-existing codec at line 55 of /vendor/etc/media_codecs_performance.xml
03-14 09:35:26.140  1185  1185 D MediaCodecsXmlParser: MediaCodec: cannot update non-existing codec at line 79 of /vendor/etc/media_codecs_performance.xml
03-14 09:35:26.140  1237  1237 E cdsprpcd: vendor/qcom/proprietary/commonsys-intf/adsprpc/src/cdsprpcd.c:29:cdsp daemon starting
03-14 09:35:26.140  1185  1185 D MediaCodecsXmlParser: MediaCodec: cannot update non-existing codec at line 82 of /vendor/etc/media_codecs_performance.xml
03-14 09:35:26.140  1185  1185 D MediaCodecsXmlParser: MediaCodec: cannot update non-existing codec at line 85 of /vendor/etc/media_codecs_performance.xml
03-14 09:35:26.141  1185  1185 D MediaCodecsXmlParser: MediaCodec: cannot update non-existing codec at line 91 of /vendor/etc/media_codecs_performance.xml
03-14 09:35:26.141  1185  1185 D MediaCodecsXmlParser: MediaCodec: cannot update non-existing codec at line 94 of /vendor/etc/media_codecs_performance.xml
03-14 09:35:26.141  1185  1185 D MediaCodecsXmlParser: MediaCodec: cannot update non-existing codec at line 100 of /vendor/etc/media_codecs_performance.xml
03-14 09:35:26.141  1185  1185 D MediaCodecsXmlParser: MediaCodec: cannot update non-existing codec at line 142 of /vendor/etc/media_codecs_performance.xml
03-14 09:35:26.142  1185  1185 D MediaCodecsXmlParser: MediaCodec: cannot update non-existing codec at line 184 of /vendor/etc/media_codecs_performance.xml
03-14 09:35:26.142  1185  1185 D MediaCodecsXmlParser: MediaCodec: cannot update non-existing codec at line 190 of /vendor/etc/media_codecs_performance.xml
03-14 09:35:26.142  1185  1185 D MediaCodecsXmlParser: MediaCodec: cannot update non-existing codec at line 197 of /vendor/etc/media_codecs_performance.xml
03-14 09:35:26.142  1185  1185 D MediaCodecsXmlParser: MediaCodec: cannot update non-existing codec at line 203 of /vendor/etc/media_codecs_performance.xml
03-14 09:35:26.142  1185  1185 D MediaCodecsXmlParser: MediaCodec: cannot update non-existing codec at line 209 of /vendor/etc/media_codecs_performance.xml
03-14 09:35:26.142  1185  1185 D MediaCodecsXmlParser: MediaCodec: cannot update non-existing codec at line 213 of /vendor/etc/media_codecs_performance.xml
03-14 09:35:26.142  1185  1185 D MediaCodecsXmlParser: Cannot find /data/misc/media/media_codecs_profiling_results.xml
03-14 09:35:26.145  1185  1185 I HidlServiceManagement: Registered android.hardware.media.omx@1.0::IOmx/default (start delay of 153ms)
03-14 09:35:26.145  1185  1185 I HidlServiceManagement: Removing namespace from process name android.hardware.media.omx@1.0-service to omx@1.0-service.
03-14 09:35:26.146  1185  1185 I android.hardware.media.omx@1.0-service: IOmx HAL service created.
03-14 09:35:26.146  1185  1185 I OmxStore: omx common prefix: 'OMX.'
03-14 09:35:26.146  1185  1185 I MediaCodecsXmlParser: getVendorXmlPath (/vendor/etc/media_codecs_vendor.xml)
03-14 09:35:26.146  1185  1185 D MediaCodecsXmlParser: parsing /vendor/etc/media_codecs_vendor.xml...
03-14 09:35:26.146  1185  1185 D MediaCodecsXmlParser: parsing /vendor/etc/media_codecs_google_audio.xml...
03-14 09:35:26.146  1237  1237 I cdsprpcd: remote_handle_open: Successfully opened handle 0x7f for '":;./\attachguestos on domain 3
03-14 09:35:26.146  1225  1225 E adsprpcd: vendor/qcom/proprietary/commonsys-intf/adsprpc/src/adsprpcd.c:30:adsp daemon starting
03-14 09:35:26.146  1185  1185 D MediaCodecsXmlParser: parsing /vendor/etc/media_codecs_vendor_audio.xml...
03-14 09:35:26.146  1185  1185 D MediaCodecsXmlParser: parsing /vendor/etc/media_codecs_google_telephony.xml...
03-14 09:35:26.147  1225  1225 I adsprpcd: remote_handle_open: Successfully opened handle 0x7f for '":;./\attachguestos on domain 0
03-14 09:35:26.147  1185  1185 D MediaCodecsXmlParser: parsing /vendor/etc/media_codecs_google_video.xml...
03-14 09:35:26.147  1185  1185 I MediaCodecsXmlParser: getVendorXmlPath (/vendor/etc/media_codecs_performance.xml)
03-14 09:35:26.147  1185  1185 D MediaCodecsXmlParser: parsing /vendor/etc/media_codecs_performance.xml...
03-14 09:35:26.148  1185  1185 D MediaCodecsXmlParser: MediaCodec: cannot update non-existing codec at line 55 of /vendor/etc/media_codecs_performance.xml
03-14 09:35:26.148  1185  1185 D MediaCodecsXmlParser: MediaCodec: cannot update non-existing codec at line 79 of /vendor/etc/media_codecs_performance.xml
03-14 09:35:26.148  1185  1185 D MediaCodecsXmlParser: MediaCodec: cannot update non-existing codec at line 82 of /vendor/etc/media_codecs_performance.xml
03-14 09:35:26.148  1185  1185 D MediaCodecsXmlParser: MediaCodec: cannot update non-existing codec at line 85 of /vendor/etc/media_codecs_performance.xml
03-14 09:35:26.148  1185  1185 D MediaCodecsXmlParser: MediaCodec: cannot update non-existing codec at line 91 of /vendor/etc/media_codecs_performance.xml
03-14 09:35:26.148  1185  1185 D MediaCodecsXmlParser: MediaCodec: cannot update non-existing codec at line 94 of /vendor/etc/media_codecs_performance.xml
03-14 09:35:26.148  1185  1185 D MediaCodecsXmlParser: MediaCodec: cannot update non-existing codec at line 100 of /vendor/etc/media_codecs_performance.xml
03-14 09:35:26.148  1185  1185 D MediaCodecsXmlParser: MediaCodec: cannot update non-existing codec at line 142 of /vendor/etc/media_codecs_performance.xml
03-14 09:35:26.148  1185  1185 D MediaCodecsXmlParser: MediaCodec: cannot update non-existing codec at line 184 of /vendor/etc/media_codecs_performance.xml
03-14 09:35:26.148  1185  1185 D MediaCodecsXmlParser: MediaCodec: cannot update non-existing codec at line 190 of /vendor/etc/media_codecs_performance.xml
03-14 09:35:26.148  1185  1185 D MediaCodecsXmlParser: MediaCodec: cannot update non-existing codec at line 197 of /vendor/etc/media_codecs_performance.xml
03-14 09:35:26.148  1185  1185 D MediaCodecsXmlParser: MediaCodec: cannot update non-existing codec at line 203 of /vendor/etc/media_codecs_performance.xml
03-14 09:35:26.148  1185  1185 D MediaCodecsXmlParser: MediaCodec: cannot update non-existing codec at line 209 of /vendor/etc/media_codecs_performance.xml
03-14 09:35:26.148  1185  1185 D MediaCodecsXmlParser: MediaCodec: cannot update non-existing codec at line 213 of /vendor/etc/media_codecs_performance.xml
03-14 09:35:26.148  1185  1185 D MediaCodecsXmlParser: Cannot find /data/misc/media/media_codecs_profiling_results.xml
03-14 09:35:26.148  1185  1185 E MediaCodecsXmlParser: Role video_decoder.mpeg4 has mismatching types: video/mp4v-es and video/mp4v-esdp
03-14 09:35:26.148  1185  1185 I OmxStore: node [OMX.qcom.video.encoder.heic] not found in IOmx
03-14 09:35:26.148  1185  1185 I OmxStore: node [OMX.qcom.video.decoder.avc] not found in IOmx
03-14 09:35:26.149  1185  1185 I OmxStore: node [OMX.qcom.video.decoder.avc.secure] not found in IOmx
03-14 09:35:26.149  1185  1185 I OmxStore: node [OMX.qti.video.decoder.h263sw] not found in IOmx
03-14 09:35:26.149  1185  1185 I OmxStore: node [OMX.qcom.video.decoder.hevc] not found in IOmx
03-14 09:35:26.149  1185  1185 I OmxStore: node [OMX.qcom.video.decoder.hevc.secure] not found in IOmx
03-14 09:35:26.149  1185  1185 I OmxStore: node [OMX.qcom.video.decoder.mpeg2] not found in IOmx
03-14 09:35:26.149  1185  1185 I OmxStore: node [OMX.qcom.video.decoder.mpeg2.secure] not found in IOmx
03-14 09:35:26.149  1185  1185 I OmxStore: node [OMX.qti.video.decoder.mpeg4sw] not found in IOmx
03-14 09:35:26.149  1185  1185 I OmxStore: node [OMX.qti.video.decoder.vc1sw] not found in IOmx
03-14 09:35:26.149  1185  1185 I OmxStore: node [OMX.qcom.video.decoder.vp8] not found in IOmx
03-14 09:35:26.149  1185  1185 I OmxStore: node [OMX.qcom.video.decoder.vp9] not found in IOmx
03-14 09:35:26.149  1185  1185 I OmxStore: node [OMX.qcom.video.decoder.vp9.secure] not found in IOmx
03-14 09:35:26.149  1185  1185 I OmxStore: node [OMX.qcom.video.encoder.avc] not found in IOmx
03-14 09:35:26.149  1185  1185 I OmxStore: node [OMX.qcom.video.encoder.h263sw] not found in IOmx
03-14 09:35:26.149  1185  1185 I OmxStore: node [OMX.qcom.video.encoder.hevc] not found in IOmx
03-14 09:35:26.149  1185  1185 I OmxStore: node [OMX.qcom.video.encoder.hevc.cq] not found in IOmx
03-14 09:35:26.149  1185  1185 I OmxStore: node [OMX.qcom.video.encoder.mpeg4sw] not found in IOmx
03-14 09:35:26.149  1185  1185 I OmxStore: node [OMX.qcom.video.encoder.vp8] not found in IOmx
03-14 09:35:26.149  1221  1221 E Diag_Lib: qpLogDiagInit <== result : 1
03-14 09:35:26.149   821   821 I ServiceManager: Waiting for service 'statscompanion' on '/dev/binder'...
03-14 09:35:26.150  1221  1221 E Diag_Lib: QMID : gIsQXDMDisabled 1, gIsADBDisabled 1, gIsDebugDisabled 1, gIsIMSLogsDisabled 1
03-14 09:35:26.150  1221  1221 E Diag_Lib: [IMS_QMID] |imsqmiserver.c | 541 | QMID#$$#0#QMI DAEMON STARTED
03-14 09:35:26.150  1185  1185 I HidlServiceManagement: Registered android.hardware.media.omx@1.0::IOmxStore/default (start delay of 158ms)
03-14 09:35:26.150  1185  1185 I HidlServiceManagement: Removing namespace from process name android.hardware.media.omx@1.0-service to omx@1.0-service.
03-14 09:35:26.152  1219  1219 I HidlServiceManagement: Registered com.qualcomm.qti.dpm.api@1.0::IdpmQmi/dpmQmiService (start delay of 100ms)
03-14 09:35:26.156  1213  1213 E wifidisplayhal-service: Setup minijail
03-14 09:35:26.157  1213  1213 W wifidisplayhalservice: libminijail[1213]: failed to get path of fd 5: No such file or directory
03-14 09:35:26.157  1213  1213 W wifidisplayhalservice: libminijail[1213]: allowing syscall: clock_gettime
03-14 09:35:26.157  1213  1213 W wifidisplayhalservice: libminijail[1213]: allowing syscall: connect
03-14 09:35:26.157  1213  1213 W wifidisplayhalservice: libminijail[1213]: allowing syscall: fcntl64
03-14 09:35:26.157  1213  1213 W wifidisplayhalservice: libminijail[1213]: allowing syscall: socket
03-14 09:35:26.157  1213  1213 W wifidisplayhalservice: libminijail[1213]: allowing syscall: writev
03-14 09:35:26.157  1213  1213 W wifidisplayhalservice: libminijail[1213]: logging seccomp filter failures
03-14 09:35:26.157  1213  1213 E wifidisplayhal-service: Start with vendor binder
03-14 09:35:26.158  1213  1213 E wifidisplayhal-service: Registering wifidisplay session hal service...
03-14 09:35:26.159  1213  1213 I HidlServiceManagement: Registered vendor.qti.hardware.wifidisplaysession@1.0::IWifiDisplaySession/wifidisplaysession (start delay of 127ms)
03-14 09:35:26.159  1213  1213 E wifidisplayhal-service: Registering wifidisplay video track hal service...
03-14 09:35:26.160  1213  1213 I HidlServiceManagement: Registered vendor.qti.hardware.wifidisplaysession@1.0::IWifiDisplaySessionVideoTrack/wifidisplaysessionvideotrack (start delay of 128ms)
03-14 09:35:26.160  1239  1239 W wfdvnd-service: Setup minijail
03-14 09:35:26.160  1213  1213 E wifidisplayhal-service: Registering wifidisplay video track hal service...
03-14 09:35:26.161  1213  1213 I HidlServiceManagement: Registered vendor.qti.hardware.wifidisplaysession@1.0::IWifiDisplaySessionAudioTrack/wifidisplaysessionaudiotrack (start delay of 129ms)
03-14 09:35:26.161  1213  1213 E wifidisplayhal-service: Registering wifidisplay image track hal service...
03-14 09:35:26.162  1213  1213 I HidlServiceManagement: Registered vendor.qti.hardware.wifidisplaysession@1.0::IWifiDisplaySessionImageTrack/wifidisplaysessionimagetrack (start delay of 130ms)
03-14 09:35:26.162   892   892 W HidlServiceManagement: Waited one second for vendor.oneplus.fingerprint.extension@1.0::IVendorFingerprintExtensions/default
03-14 09:35:26.162   625   625 I hwservicemanager: Since vendor.oneplus.fingerprint.extension@1.0::IVendorFingerprintExtensions/default is not registered, trying to start it as a lazy HAL.
03-14 09:35:26.162  1239  1239 W wfdvndservice: libminijail[1239]: failed to get path of fd 5: No such file or directory
03-14 09:35:26.163  1239  1239 W wfdvndservice: libminijail[1239]: allowing syscall: clock_gettime
03-14 09:35:26.163  1239  1239 W wfdvndservice: libminijail[1239]: allowing syscall: connect
03-14 09:35:26.163  1239  1239 W wfdvndservice: libminijail[1239]: allowing syscall: fcntl64
03-14 09:35:26.163  1239  1239 W wfdvndservice: libminijail[1239]: allowing syscall: socket
03-14 09:35:26.163  1239  1239 W wfdvndservice: libminijail[1239]: allowing syscall: writev
03-14 09:35:26.163   892   892 I HidlServiceManagement: getService: Trying again for vendor.oneplus.fingerprint.extension@1.0::IVendorFingerprintExtensions/default...
03-14 09:35:26.163  1239  1239 W wfdvndservice: libminijail[1239]: logging seccomp filter failures
03-14 09:35:26.163  1239  1239 W wfdvnd-service: Start wfdvndservice
03-14 09:35:26.164  1237  1237 I cdsprpcd: fastrpc_perf_init: enabled RPC traces (kernel 0, dsp 0) with frequency 1000
03-14 09:35:26.164  1239  1239 W BnHDCPFactoryImp: BnHDCPFactoryImp :: Start
03-14 09:35:26.164  1237  1237 I cdsprpcd: remote_handle_open: Successfully opened handle 0xc04c7740 for adsp_default_listener on domain 3
03-14 09:35:26.164  1237  1237 I cdsprpcd: remote_handle_open: Successfully opened handle 0xc04c7640 for adsp_default_listener on domain 3
03-14 09:35:26.165  1237  1237 I cdsprpcd: remote_handle_open: Successfully opened handle 0x7 for '":;./\geteventfd on domain 3
03-14 09:35:26.166  1190  1190 I sensors : proximity_module_init:1678, proximity_module_init
03-14 09:35:26.166  1190  1190 I sensors : ultrasound_proximity_module_init:166, ultrasound_proximity_module_init
03-14 09:35:26.166  1190  1190 I sensors : tp_proximity_module_init:150, tp_proximity_module_init
03-14 09:35:26.167  1190  1190 I sensors_multihal: Loaded library from /vendor/lib64/sensors.ssc.so
03-14 09:35:26.167   890   890 D audio_hw_primary: adev_open: enter
03-14 09:35:26.168  1190  1190 I HidlServiceManagement: Registered android.hardware.sensors@1.0::ISensors/default (start delay of 166ms)
03-14 09:35:26.168  1190  1190 I HidlServiceManagement: Removing namespace from process name android.hardware.sensors@1.0-service.oneplus_msmnile to sensors@1.0-service.oneplus_msmnile.
03-14 09:35:26.168  1190  1190 I LegacySupport: Registration complete for android.hardware.sensors@1.0::ISensors/default.
03-14 09:35:26.168  1190  1263 I sensors-hal: get_system_config:62, log_level: 2
03-14 09:35:26.168  1190  1263 D sensors-hal: check_ssc_trace_support_flag:216, trace_debug: false
03-14 09:35:26.168  1190  1263 D sensors-hal: is_rt_thread_enabled:68, ssc_enable_rt_task: true
03-14 09:35:26.168  1190  1263 I sensors-hal: is_rt_thread_enabled:70, ssc_enable_rt_task : true
03-14 09:35:26.168  1190  1263 D sensors-hal: get_atrace_delay_checktime_ms:91, atrace_delay_checktime_ms : 0
03-14 09:35:26.168  1190  1263 I sensors-hal: sensors_hal:114, initializing sensors_hal
03-14 09:35:26.168  1190  1263 I sensors-hal: get_sns_settings:187, settings 0
03-14 09:35:26.169  1190  1263 E sensors-hal: check_rf_version:295, check_rf_version: 3
03-14 09:35:26.169  1190  1263 E sensors-hal: sensor_factory:318, rf version :3
03-14 09:35:26.169  1190  1263 E sensors-hal: check_rf_version:295, check_rf_version: 3
03-14 09:35:26.169  1190  1263 I chatty  : uid=1000(system) sensors@1.0-ser identical 1 line
03-14 09:35:26.169  1190  1263 E sensors-hal: check_rf_version:295, check_rf_version: 3
03-14 09:35:26.169  1190  1263 I sensors-hal: init_mandatory_list_db:121, _laterboot = 1
03-14 09:35:26.169  1190  1263 E sensors-hal: sensor_factory:354, mandatory_sensor_datatypes :resampler
03-14 09:35:26.169  1190  1263 E sensors-hal: sensor_factory:354, mandatory_sensor_datatypes :mag
03-14 09:35:26.169  1190  1263 E sensors-hal: sensor_factory:354, mandatory_sensor_datatypes :proximity
03-14 09:35:26.169  1190  1263 E sensors-hal: sensor_factory:354, mandatory_sensor_datatypes :ambient_light
03-14 09:35:26.169  1190  1263 E sensors-hal: sensor_factory:354, mandatory_sensor_datatypes :accel
03-14 09:35:26.169  1190  1263 E sensors-hal: sensor_factory:354, mandatory_sensor_datatypes :gyro
03-14 09:35:26.169  1190  1263 E sensors-hal: sensor_factory:354, mandatory_sensor_datatypes :cmc
03-14 09:35:26.169  1190  1263 E sensors-hal: sensor_factory:354, mandatory_sensor_datatypes :sensor_temperature
03-14 09:35:26.169  1190  1263 E sensors-hal: sensor_factory:354, mandatory_sensor_datatypes :device_orient
03-14 09:35:26.169  1190  1263 E sensors-hal: sensor_factory:354, mandatory_sensor_datatypes :op_free_fall
03-14 09:35:26.169  1190  1263 E sensors-hal: sensor_factory:354, mandatory_sensor_datatypes :op_motion_detect
03-14 09:35:26.169  1190  1263 E sensors-hal: sensor_factory:354, mandatory_sensor_datatypes :pedometer
03-14 09:35:26.169  1190  1263 E sensors-hal: sensor_factory:354, mandatory_sensor_datatypes :pickup
03-14 09:35:26.169  1190  1263 E sensors-hal: sensor_factory:354, mandatory_sensor_datatypes :psmd
03-14 09:35:26.169  1190  1263 E sensors-hal: sensor_factory:354, mandatory_sensor_datatypes :sig_motion
03-14 09:35:26.169  1190  1263 E sensors-hal: sensor_factory:354, mandatory_sensor_datatypes :tilt
03-14 09:35:26.169  1190  1263 E sensors-hal: sensor_factory:354, mandatory_sensor_datatypes :gyro_cal
03-14 09:35:26.169  1190  1263 E sensors-hal: sensor_factory:354, mandatory_sensor_datatypes :mag_cal
03-14 09:35:26.169  1190  1263 E sensors-hal: sensor_factory:354, mandatory_sensor_datatypes :geomag_rv
03-14 09:35:26.169  1190  1263 E sensors-hal: sensor_factory:354, mandatory_sensor_datatypes :gravity
03-14 09:35:26.169  1190  1263 E sensors-hal: sensor_factory:354, mandatory_sensor_datatypes :game_rv
03-14 09:35:26.169  1190  1263 E sensors-hal: sensor_factory:354, mandatory_sensor_datatypes :rotv
03-14 09:35:26.169  1190  1263 D sensors-hal: discover_sensors:553, discovery start t=8.067398s
03-14 09:35:26.169  1225  1225 I adsprpcd: fastrpc_perf_init: enabled RPC traces (kernel 0, dsp 0) with frequency 1000
03-14 09:35:26.169  1190  1263 V sensors-hal: qmi_connect:318, waiting for sensors qmi service
03-14 09:35:26.170  1225  1225 I adsprpcd: remote_handle_open: Successfully opened handle 0xf04d94b0 for adsp_default_listener on domain 0
03-14 09:35:26.170  1190  1263 V sensors-hal: qmi_connect:320, connecting to qmi service
03-14 09:35:26.170  1225  1225 I adsprpcd: remote_handle_open: Successfully opened handle 0xf04dd550 for adsp_default_listener on domain 0
03-14 09:35:26.171  1190  1263 V sensors-hal: qmi_connect:355, connected to ssc for 0x7a58570850
03-14 09:35:26.171  1225  1225 I adsprpcd: remote_handle_open: Successfully opened handle 0x7 for '":;./\geteventfd on domain 0
03-14 09:35:26.171  1190  1263 D sensors-hal: ssc_qmi_connection:210, _service_accessed 0
03-14 09:35:26.171  1190  1263 V sensors-hal: ssc_connection:749, ssc connected
03-14 09:35:26.171  1190  1263 D sensors-hal: discover_sensors:561, discovering available sensors...
03-14 09:35:26.171  1190  1263 D sensors-hal: discover_sensors:564, requesting resampler
03-14 09:35:26.171  1190  1263 V sensors-hal: request_suid:61, requesting suid for resampler, ts = 8.069860s
03-14 09:35:26.171  1190  1263 D sensors-hal: discover_sensors:564, requesting game_rv
03-14 09:35:26.171  1190  1263 V sensors-hal: request_suid:61, requesting suid for game_rv, ts = 8.069923s
03-14 09:35:26.171  1190  1263 D sensors-hal: discover_sensors:564, requesting op_motion_detect
03-14 09:35:26.171  1190  1263 V sensors-hal: request_suid:61, requesting suid for op_motion_detect, ts = 8.069954s
03-14 09:35:26.171  1190  1263 D sensors-hal: discover_sensors:564, requesting pickup
03-14 09:35:26.171  1190  1263 V sensors-hal: request_suid:61, requesting suid for pickup, ts = 8.069983s
03-14 09:35:26.171  1190  1263 D sensors-hal: discover_sensors:564, requesting ambient_light
03-14 09:35:26.172  1190  1263 V sensors-hal: request_suid:61, requesting suid for ambient_light, ts = 8.070056s
03-14 09:35:26.172  1190  1263 D sensors-hal: discover_sensors:564, requesting cmc
03-14 09:35:26.172  1190  1263 V sensors-hal: request_suid:61, requesting suid for cmc, ts = 8.070086s
03-14 09:35:26.172  1190  1263 D sensors-hal: discover_sensors:564, requesting printf_ap
03-14 09:35:26.172  1190  1263 V sensors-hal: request_suid:61, requesting suid for printf_ap, ts = 8.070114s
03-14 09:35:26.172  1190  1263 D sensors-hal: discover_sensors:564, requesting sig_motion
03-14 09:35:26.172  1190  1263 V sensors-hal: request_suid:61, requesting suid for sig_motion, ts = 8.070141s
03-14 09:35:26.172  1190  1263 D sensors-hal: discover_sensors:564, requesting tilt
03-14 09:35:26.172  1190  1263 V sensors-hal: request_suid:61, requesting suid for tilt, ts = 8.070166s
03-14 09:35:26.172  1190  1263 D sensors-hal: discover_sensors:564, requesting sar
03-14 09:35:26.172  1190  1263 V sensors-hal: request_suid:61, requesting suid for sar, ts = 8.070191s
03-14 09:35:26.172  1190  1263 D sensors-hal: discover_sensors:564, requesting sars
03-14 09:35:26.172  1190  1263 V sensors-hal: request_suid:61, requesting suid for sars, ts = 8.070219s
03-14 09:35:26.172  1190  1263 D sensors-hal: discover_sensors:564, requesting als_motion
03-14 09:35:26.172  1190  1263 V sensors-hal: request_suid:61, requesting suid for als_motion, ts = 8.070242s
03-14 09:35:26.172  1190  1263 D sensors-hal: discover_sensors:564, requesting psmd
03-14 09:35:26.172  1190  1263 V sensors-hal: request_suid:61, requesting suid for psmd, ts = 8.070273s
03-14 09:35:26.172  1190  1263 D sensors-hal: discover_sensors:564, requesting op_free_fall
03-14 09:35:26.172  1190  1263 V sensors-hal: request_suid:61, requesting suid for op_free_fall, ts = 8.070295s
03-14 09:35:26.172  1190  1263 D sensors-hal: discover_sensors:564, requesting proximity
03-14 09:35:26.172  1190  1263 V sensors-hal: request_suid:61, requesting suid for proximity, ts = 8.070316s
03-14 09:35:26.172  1190  1263 D sensors-hal: discover_sensors:564, requesting gyro
03-14 09:35:26.172  1190  1263 V sensors-hal: request_suid:61, requesting suid for gyro, ts = 8.070338s
03-14 09:35:26.172  1190  1263 D sensors-hal: discover_sensors:564, requesting gyro_cal
03-14 09:35:26.172  1190  1263 V sensors-hal: request_suid:61, requesting suid for gyro_cal, ts = 8.070359s
03-14 09:35:26.172  1190  1263 D sensors-hal: discover_sensors:564, requesting prox_motion
03-14 09:35:26.172  1190  1263 V sensors-hal: request_suid:61, requesting suid for prox_motion, ts = 8.070379s
03-14 09:35:26.172  1190  1263 D sensors-hal: discover_sensors:564, requesting geomag_rv
03-14 09:35:26.172  1190  1263 V sensors-hal: request_suid:61, requesting suid for geomag_rv, ts = 8.070407s
03-14 09:35:26.172  1190  1263 D sensors-hal: discover_sensors:564, requesting sensor_temperature
03-14 09:35:26.172  1190  1263 V sensors-hal: request_suid:61, requesting suid for sensor_temperature, ts = 8.070428s
03-14 09:35:26.172  1190  1263 D sensors-hal: discover_sensors:564, requesting rotv
03-14 09:35:26.172  1190  1263 V sensors-hal: request_suid:61, requesting suid for rotv, ts = 8.070448s
03-14 09:35:26.172  1190  1263 D sensors-hal: discover_sensors:564, requesting device_orient
03-14 09:35:26.172  1190  1263 V sensors-hal: request_suid:61, requesting suid for device_orient, ts = 8.070467s
03-14 09:35:26.172  1190  1263 D sensors-hal: discover_sensors:564, requesting mag_cal
03-14 09:35:26.172  1190  1263 V sensors-hal: request_suid:61, requesting suid for mag_cal, ts = 8.070486s
03-14 09:35:26.172  1190  1263 D sensors-hal: discover_sensors:564, requesting mag
03-14 09:35:26.172  1190  1263 V sensors-hal: request_suid:61, requesting suid for mag, ts = 8.070503s
03-14 09:35:26.172  1190  1263 D sensors-hal: discover_sensors:564, requesting gravity
03-14 09:35:26.172  1190  1263 V sensors-hal: request_suid:61, requesting suid for gravity, ts = 8.070524s
03-14 09:35:26.172  1190  1263 D sensors-hal: discover_sensors:564, requesting pedometer
03-14 09:35:26.172  1190  1263 V sensors-hal: request_suid:61, requesting suid for pedometer, ts = 8.070544s
03-14 09:35:26.172  1190  1263 D sensors-hal: discover_sensors:564, requesting accel
03-14 09:35:26.172  1190  1263 V sensors-hal: request_suid:61, requesting suid for accel, ts = 8.070564s
03-14 09:35:26.172  1190  1263 V sensors-hal: discover_sensors:573, before sleep, now=8.070575
03-14 09:35:26.172  1190  1263 I sensors-hal: discover_sensors:575, waiting for suids for 3s ...
03-14 09:35:26.173  1190  1269 V sensors-hal: handle_indication:513, msg_id 34 
03-14 09:35:26.173  1190  1269 V sensors-hal: handle_indication:581, indication, payload_len=69
03-14 09:35:26.173  1190  1269 V sensors-hal: handle_indication:513, msg_id 34 
03-14 09:35:26.173  1190  1269 V sensors-hal: handle_indication:581, indication, payload_len=47
03-14 09:35:26.173  1190  1269 V sensors-hal: handle_indication:513, msg_id 34 
03-14 09:35:26.173  1190  1269 V sensors-hal: handle_indication:581, indication, payload_len=56
03-14 09:35:26.174  1190  1269 V sensors-hal: handle_indication:513, msg_id 34 
03-14 09:35:26.174  1190  1269 V 