03-13 01:37:02.053     0     0 I         : @5 IPA FW loaded successfully
03-13 01:37:02.054     0     0 E         : @5 ipa ipa3_uc_state_check:333 uC interface not initialized
03-13 01:37:02.054     0     0 E         : @6 gsi soc:qcom,msm_gsi: gsi_register_device:1131 GSI irq is wake enabled 175
03-13 01:37:02.057     0     0 I         : @6 rmnet_ipa3 started initialization
03-13 01:37:02.057     0     0 I         : @6 IPA SSR support = True
03-13 01:37:02.057     0     0 I         : @6 IPA is_platform_type_msm = True
03-13 01:37:02.057     0     0 I         : @6 IPA SG support = True
03-13 01:37:02.057     0     0 I         : @6 IPA Napi Enable = True
03-13 01:37:02.057     0     0 I         : @6 using default for wan-rx-desc-size = 256
03-13 01:37:02.057     0     0 I         : @6 IPA driver initialization was successful.
03-13 01:37:02.057     0     0 E         : @6 ipa-wan ipa3_wwan_probe:2815 rmnet_ipa completed initialization
03-13 01:37:02.078     0     0 I @6 of_batterydata_get_best_profile: OP_4085mAh  found
03-13 01:37:04.297     0     0 E @4 SMBLIB: smblib_update_usb_type: pm8150b_charger: smblib_update_usb_type: APSD=SDP PD=0 dash_on=0 real_charger_type=4
03-13 01:37:04.958     0     0 I         : @3 tri_state_key extcon_dev_work : hw_version=0
03-13 01:37:04.958     0     0 I         : @3 tri_state_key extcon_dev_work : key[0]=0,key[1]=1,key[2]=1
03-13 01:37:04.986     0     0 I         : @5 F2FS-fs (dm-10): Found nat_bits in checkpoint
03-13 01:37:05.051     0     0 I         : @7 F2FS-fs (dm-10): Mounted with checkpoint version = 5b275cb3
03-13 01:37:05.051   672   672 I vold    : [libfs_mgr]__mount(source=/dev/block/dm-10,target=/data,type=f2fs)=0: Success
03-13 01:37:05.051   672   672 D vold    : Mounted /data
03-13 01:37:05.051   672   683 D vold    : Disk at 252:10 changed
03-13 01:37:05.069     0     0 D @7 vdc  : Waited 0ms for vold
03-13 01:37:05.069   672   672 I Checkpoint: cp_prepareCheckpoint called
03-13 01:37:05.076     0     0 D @4 vdc  : Waited 0ms for vold
03-13 01:37:05.076   672   672 I vold    : fscrypt_initialize_systemwide_keys
03-13 01:37:05.076   672   672 D vold    : Key exists, using: /data/unencrypted/key
03-13 01:37:05.078   672   672 I vold    : List of Keymaster HALs found:
03-13 01:37:05.078   672   672 I vold    : Keymaster HAL #1: Keymaster HAL: 4 from QTI SecurityLevel: TRUSTED_ENVIRONMENT HAL: android.hardware.keymaster@4.1::IKeymasterDevice/default
03-13 01:37:05.078   672   672 I vold    : Using Keymaster HAL: 4 from QTI for encryption.  Security level: TRUSTED_ENVIRONMENT, HAL: android.hardware.keymaster@4.1::IKeymasterDevice/default
03-13 01:37:05.082   672   672 E vold    : begin failed, code -62
03-13 01:37:05.082   672   672 D vold    : Upgrading key: /data/unencrypted/key
03-13 01:37:05.096   672   672 I vold    : Key upgraded: /data/unencrypted/key
03-13 01:37:05.102   672   672 I vold    : Kernel doesn't support FS_IOC_ADD_ENCRYPTION_KEY.  Falling back to session keyring
03-13 01:37:05.102   672   672 D vold    : Added key 175436927 (ext4:c1f68e1ac248d5d7) to keyring 1008430843 in process 672
03-13 01:37:05.102   672   672 D vold    : Added key 691768357 (f2fs:c1f68e1ac248d5d7) to keyring 1008430843 in process 672
03-13 01:37:05.102   672   672 D vold    : Added key 795495319 (fscrypt:c1f68e1ac248d5d7) to keyring 1008430843 in process 672
03-13 01:37:05.103   672   672 I vold    : Wrote system DE key reference to:/data/unencrypted/ref
03-13 01:37:05.103   672   672 D vold    : Added key 216397110 (ext4:49737cd768e44dea) to keyring 1008430843 in process 672
03-13 01:37:05.103   672   672 D vold    : Added key 534651064 (f2fs:49737cd768e44dea) to keyring 1008430843 in process 672
03-13 01:37:05.103   672   672 D vold    : Added key 966618832 (fscrypt:49737cd768e44dea) to keyring 1008430843 in process 672
03-13 01:37:05.104   672   672 I vold    : Wrote per boot key reference to:/data/unencrypted/per_boot_ref
03-13 01:37:05.106     0     0 I @6 fscrypt: AES-256-CTS-CBC using implementation "cts(cbc-aes-ce)"
03-13 01:37:05.115     0     0 I @6 apexd: Scanning /system/apex for preinstalled data
03-13 01:37:05.116     0     0 I @6 apexd: Scanning /system_ext/apex for preinstalled data
03-13 01:37:05.116     0     0 I @6 apexd: ... does not exist. Skipping
03-13 01:37:05.116     0     0 I @6 apexd: Scanning /product/apex for preinstalled data
03-13 01:37:05.116     0     0 I @6 apexd: ... does not exist. Skipping
03-13 01:37:05.116     0     0 I @6 apexd: Scanning /vendor/apex for preinstalled data
03-13 01:37:05.116     0     0 I @6 apexd: ... does not exist. Skipping
03-13 01:37:05.116     0     0 I @6 apexd: Populating APEX database from mounts...
03-13 01:37:05.116     0     0 I @6 apexd: 0 packages restored.
03-13 01:37:05.116     0     0 I @6 apexd: Marking APEXd as starting
03-13 01:37:05.131   672   683 D vold    : Disk at 7:48 changed
03-13 01:37:05.178   672   683 D vold    : Disk at 7:48 changed
03-13 01:37:05.234     0     0 I @7 device-mapper: verity: sha1 using implementation "sha1-ce"
03-13 01:37:05.234   672   683 D vold    : Disk at 252:11 changed
03-13 01:37:05.235   672   683 D vold    : Disk at 252:11 changed
03-13 01:37:05.238     0     0 I         : @7 EXT4-fs (dm-11): mounted filesystem without journal. Opts: (null)
03-13 01:37:05.238   672   683 D vold    : Disk at 7:56 changed
03-13 01:37:05.278   672   683 D vold    : Disk at 7:56 changed
03-13 01:37:05.320     0     0 I @7 device-mapper: verity: sha1 using implementation "sha1-ce"
03-13 01:37:05.320   672   683 D vold    : Disk at 252:12 changed
03-13 01:37:05.321   672   683 D vold    : Disk at 252:12 changed
03-13 01:37:05.324     0     0 I         : @6 EXT4-fs (dm-12): mounted filesystem without journal. Opts: (null)
03-13 01:37:05.325   672   683 D vold    : Disk at 7:64 changed
03-13 01:37:05.358   672   683 D vold    : Disk at 7:64 changed
03-13 01:37:05.411     0     0 I @4 device-mapper: verity: sha1 using implementation "sha1-ce"
03-13 01:37:05.411   672   683 D vold    : Disk at 252:13 changed
03-13 01:37:05.412   672   683 D vold    : Disk at 252:13 changed
03-13 01:37:05.414     0     0 I         : @4 EXT4-fs (dm-13): mounted filesystem without journal. Opts: (null)
03-13 01:37:05.414   672   683 D vold    : Disk at 7:72 changed
03-13 01:37:05.448   672   683 D vold    : Disk at 7:72 changed
03-13 01:37:05.491     0     0 I @4 device-mapper: verity: sha1 using implementation "sha1-ce"
03-13 01:37:05.492   672   683 D vold    : Disk at 252:14 changed
03-13 01:37:05.493   672   683 D vold    : Disk at 252:14 changed
03-13 01:37:05.495     0     0 I         : @7 EXT4-fs (dm-14): mounted filesystem without journal. Opts: (null)
03-13 01:37:05.496   672   683 D vold    : Disk at 7:80 changed
03-13 01:37:05.528   672   683 D vold    : Disk at 7:80 changed
03-13 01:37:05.571     0     0 I @4 device-mapper: verity: sha1 using implementation "sha1-ce"
03-13 01:37:05.571   672   683 D vold    : Disk at 252:15 changed
03-13 01:37:05.572   672   683 D vold    : Disk at 252:15 changed
03-13 01:37:05.574     0     0 I         : @6 EXT4-fs (dm-15): mounted filesystem without journal. Opts: (null)
03-13 01:37:05.575   672   683 D vold    : Disk at 7:88 changed
03-13 01:37:05.618   672   683 D vold    : Disk at 7:88 changed
03-13 01:37:05.660     0     0 I @7 device-mapper: verity: sha1 using implementation "sha1-ce"
03-13 01:37:05.660   672   683 D vold    : Disk at 252:16 changed
03-13 01:37:05.661   672   683 D vold    : Disk at 252:16 changed
03-13 01:37:05.663     0     0 I         : @7 EXT4-fs (dm-16): mounted filesystem without journal. Opts: (null)
03-13 01:37:05.664   672   683 D vold    : Disk at 7:96 changed
03-13 01:37:05.698   672   683 D vold    : Disk at 7:96 changed
03-13 01:37:05.740     0     0 I @7 device-mapper: verity: sha1 using implementation "sha1-ce"
03-13 01:37:05.740   672   683 D vold    : Disk at 252:17 changed
03-13 01:37:05.741   672   683 D vold    : Disk at 252:17 changed
03-13 01:37:05.744     0     0 I         : @5 EXT4-fs (dm-17): mounted filesystem without journal. Opts: (null)
03-13 01:37:05.745   672   683 D vold    : Disk at 7:104 changed
03-13 01:37:05.798   672   683 D vold    : Disk at 7:104 changed
03-13 01:37:05.840     0     0 I @4 device-mapper: verity: sha1 using implementation "sha1-ce"
03-13 01:37:05.841   672   683 D vold    : Disk at 252:18 changed
03-13 01:37:05.842   672   683 D vold    : Disk at 252:18 changed
03-13 01:37:05.844     0     0 I         : @5 EXT4-fs (dm-18): mounted filesystem without journal. Opts: (null)
03-13 01:37:05.845   672   683 D vold    : Disk at 7:112 changed
03-13 01:37:05.878   672   683 D vold    : Disk at 7:112 changed
03-13 01:37:05.921     0     0 I @5 device-mapper: verity: sha1 using implementation "sha1-ce"
03-13 01:37:05.921   672   683 D vold    : Disk at 252:19 changed
03-13 01:37:05.922   672   683 D vold    : Disk at 252:19 changed
03-13 01:37:05.924     0     0 I         : @5 EXT4-fs (dm-19): mounted filesystem without journal. Opts: (null)
03-13 01:37:05.925   672   683 D vold    : Disk at 7:120 changed
03-13 01:37:05.958   672   683 D vold    : Disk at 7:120 changed
03-13 01:37:06.000     0     0 I @7 device-mapper: verity: sha1 using implementation "sha1-ce"
03-13 01:37:06.000   672   683 D vold    : Disk at 252:20 changed
03-13 01:37:06.001   672   683 D vold    : Disk at 252:20 changed
03-13 01:37:06.004     0     0 I         : @7 EXT4-fs (dm-20): mounted filesystem without journal. Opts: (null)
03-13 01:37:06.005   672   683 D vold    : Disk at 7:128 changed
03-13 01:37:06.038   672   683 D vold    : Disk at 7:128 changed
03-13 01:37:06.090     0     0 I @7 device-mapper: verity: sha1 using implementation "sha1-ce"
03-13 01:37:06.090   672   683 D vold    : Disk at 252:21 changed
03-13 01:37:06.091   672   683 D vold    : Disk at 252:21 changed
03-13 01:37:06.093     0     0 I         : @7 EXT4-fs (dm-21): mounted filesystem without journal. Opts: (null)
03-13 01:37:06.094   672   683 D vold    : Disk at 7:136 changed
03-13 01:37:06.128   672   683 D vold    : Disk at 7:136 changed
03-13 01:37:06.181     0     0 I @7 device-mapper: verity: sha1 using implementation "sha1-ce"
03-13 01:37:06.181   672   683 D vold    : Disk at 252:22 changed
03-13 01:37:06.182   672   683 D vold    : Disk at 252:22 changed
03-13 01:37:06.185     0     0 I         : @5 EXT4-fs (dm-22): mounted filesystem without journal. Opts: (null)
03-13 01:37:06.186   672   683 D vold    : Disk at 7:144 changed
03-13 01:37:06.218   672   683 D vold    : Disk at 7:144 changed
03-13 01:37:06.250     0     0 I         : @5 EXT4-fs (loop18): mounted filesystem without journal. Opts: (null)
03-13 01:37:06.253   672   683 D vold    : Disk at 7:152 changed
03-13 01:37:06.288   672   683 D vold    : Disk at 7:152 changed
03-13 01:37:06.331     0     0 I         : @5 EXT4-fs (loop19): mounted filesystem without journal. Opts: (null)
03-13 01:37:06.331   672   683 D vold    : Disk at 7:160 changed
03-13 01:37:06.378   672   683 D vold    : Disk at 7:160 changed
03-13 01:37:06.421     0     0 I         : @7 EXT4-fs (loop20): mounted filesystem without journal. Opts: (null)
03-13 01:37:06.422   672   683 D vold    : Disk at 7:168 changed
03-13 01:37:06.458   672   683 D vold    : Disk at 7:168 changed
03-13 01:37:06.502     0     0 I         : @6 EXT4-fs (loop21): mounted filesystem without journal. Opts: (null)
03-13 01:37:06.502   672   683 D vold    : Disk at 7:176 changed
03-13 01:37:06.538   672   683 D vold    : Disk at 7:176 changed
03-13 01:37:06.581     0     0 I         : @6 EXT4-fs (loop22): mounted filesystem without journal. Opts: (null)
03-13 01:37:06.581   672   683 D vold    : Disk at 7:184 changed
03-13 01:37:06.618   672   683 D vold    : Disk at 7:184 changed
03-13 01:37:06.651     0     0 I         : @4 EXT4-fs (loop23): mounted filesystem without journal. Opts: (null)
03-13 01:37:06.652   672   683 D vold    : Disk at 7:192 changed
03-13 01:37:06.688   672   683 D vold    : Disk at 7:192 changed
03-13 01:37:06.750     0     0 I         : @5 EXT4-fs (loop24): mounted filesystem without journal. Opts: (null)
03-13 01:37:06.751   672   683 D vold    : Disk at 7:200 changed
03-13 01:37:06.788   672   683 D vold    : Disk at 7:200 changed
03-13 01:37:06.831     0     0 I         : @4 EXT4-fs (loop25): mounted filesystem without journal. Opts: (null)
03-13 01:37:06.833   672   683 D vold    : Disk at 7:208 changed
03-13 01:37:06.868   672   683 D vold    : Disk at 7:208 changed
03-13 01:37:06.922     0     0 I         : @6 EXT4-fs (loop26): mounted filesystem without journal. Opts: (null)
03-13 01:37:06.925     0     0 I @5 init : Wait for property 'apexd.status=activated' took 1785ms
03-13 01:37:06.934     0     0 I @4 init : Parsing file /apex/com.android.adbd/etc/init.rc...
03-13 01:37:06.935     0     0 I @4 init : Parsing file /apex/com.android.media.swcodec/etc/init.rc...
03-13 01:37:06.935     0     0 I @4 init : Parsing file /apex/com.android.os.statsd/etc/init.rc...
03-13 01:37:06.935     0     0 I @4 init : Parsing file /apex/com.android.sdkext/etc/derive_sdk.rc...
03-13 01:37:06.943     0     0 I @6 init : linkerconfig generated /linkerconfig with mounted APEX modules info
03-13 01:37:06.943     0     0 I @6 init : Not setting encryption policy on: /data/media
03-13 01:37:06.944     0     0 I @6 init : starting service 'exec 10 (/system/bin/chattr +F /data/media)'...
03-13 01:37:06.945     0     0 I @6 init : SVC_EXEC service 'exec 10 (/system/bin/chattr +F /data/media)' pid 830 (uid 1023 gid 1023+0 context default) started; waiting...
03-13 01:37:06.964     0     0 I @6 init : Service 'exec 10 (/system/bin/chattr +F /data/media)' (pid 830) exited with status 0 waiting took 0.019000 seconds
03-13 01:37:06.978     0     0 D @5 vdc  : Waited 0ms for vold
03-13 01:37:06.978   672   672 D vold    : fscrypt_init_user0
03-13 01:37:06.978   672   672 D vold    : Preparing: /data/misc/vold/user_keys
03-13 01:37:06.979   672   672 D vold    : Preparing: /data/misc/vold/user_keys/ce
03-13 01:37:06.979   672   672 D vold    : Preparing: /data/misc/vold/user_keys/de
03-13 01:37:06.980   672   672 D vold    : Skipping non-de-key .
03-13 01:37:06.980   672   672 D vold    : Skipping non-de-key ..
03-13 01:37:06.982   672   672 I vold    : List of Keymaster HALs found:
03-13 01:37:06.983   672   672 I vold    : Keymaster HAL #1: Keymaster HAL: 4 from QTI SecurityLevel: TRUSTED_ENVIRONMENT HAL: android.hardware.keymaster@4.1::IKeymasterDevice/default
03-13 01:37:06.983   672   672 I vold    : Using Keymaster HAL: 4 from QTI for encryption.  Security level: TRUSTED_ENVIRONMENT, HAL: android.hardware.keymaster@4.1::IKeymasterDevice/default
03-13 01:37:06.990   672   672 D vold    : Added key 869411385 (ext4:d7dd727a177151b3) to keyring 1008430843 in process 672
03-13 01:37:06.990   672   672 D vold    : Added key 1023080693 (f2fs:d7dd727a177151b3) to keyring 1008430843 in process 672
03-13 01:37:06.990   672   672 D vold    : Added key 1000494651 (fscrypt:d7dd727a177151b3) to keyring 1008430843 in process 672
03-13 01:37:06.990   672   672 D vold    : Installed de key for user 0
03-13 01:37:06.990   672   672 D vold    : fscrypt_prepare_user_storage for volume null, user 0, serial 0, flags 1
03-13 01:37:06.990   672   672 D vold    : Preparing: /data/system/users/0
03-13 01:37:06.991   672   672 D vold    : Preparing: /data/misc/profiles/cur/0
03-13 01:37:06.991   672   672 D vold    : Preparing: /data/system_de/0
03-13 01:37:06.991   672   672 D vold    : Preparing: /data/misc_de/0
03-13 01:37:06.991   672   672 D vold    : Preparing: /data/vendor_de/0
03-13 01:37:06.992   672   672 D vold    : Preparing: /data/user_de/0
03-13 01:37:06.992   672   672 I vold    : Verified that /data/system_de/0 has the encryption policy d7dd727a177151b3 v1 modes 127/4 flags 0x0
03-13 01:37:06.992   672   672 I vold    : Verified that /data/misc_de/0 has the encryption policy d7dd727a177151b3 v1 modes 127/4 flags 0x0
03-13 01:37:06.992   672   672 I vold    : Verified that /data/vendor_de/0 has the encryption policy d7dd727a177151b3 v1 modes 127/4 flags 0x0
03-13 01:37:06.992   672   672 I vold    : Verified that /data/user_de/0 has the encryption policy d7dd727a177151b3 v1 modes 127/4 flags 0x0
03-13 01:37:06.992   672   672 D vold    : /system/bin/vold_prepare_subdirs
03-13 01:37:06.992   672   672 D vold    :     prepare
03-13 01:37:06.992   672   672 D vold    :     
03-13 01:37:06.992   672   672 D vold    :     0
03-13 01:37:06.992   672   672 D vold    :     1
03-13 01:37:07.018     0     0 I @5 apexd: Snapshot DE subcommand detected
03-13 01:37:07.019     0     0 I @5 apexd: Marking APEXd as ready
03-13 01:37:07.040     0     0 W @5 init : Top-level directory needs encryption action, eg mkdir /data/shared <mode> <uid> <gid> encryption=Require
03-13 01:37:07.041     0     0 I @5 init : Verified that /data/shared has the encryption policy c1f68e1ac248d5d7 v1 modes 127/4 flags 0x0
03-13 01:37:07.049     0     0 W @6 init : Top-level directory needs encryption action, eg mkdir /data/nfc <mode> <uid> <gid> encryption=Require
03-13 01:37:07.049     0     0 I @6 init : Verified that /data/nfc has the encryption policy c1f68e1ac248d5d7 v1 modes 127/4 flags 0x0
03-13 01:37:07.050     0     0 W @6 init : Top-level directory needs encryption action, eg mkdir /data/fpc_images <mode> <uid> <gid> encryption=Require
03-13 01:37:07.050     0     0 I @6 init : Verified that /data/fpc_images has the encryption policy c1f68e1ac248d5d7 v1 modes 127/4 flags 0x0
03-13 01:37:07.051     0     0 W @6 init : Top-level directory needs encryption action, eg mkdir /data/fpc <mode> <uid> <gid> encryption=Require
03-13 01:37:07.051     0     0 I @6 init : Verified that /data/fpc has the encryption policy c1f68e1ac248d5d7 v1 modes 127/4 flags 0x0
03-13 01:37:07.052     0     0 W @6 init : Top-level directory needs encryption action, eg mkdir /data/coredump <mode> <uid> <gid> encryption=Require
03-13 01:37:07.052     0     0 I @6 init : Verified that /data/coredump has the encryption policy c1f68e1ac248d5d7 v1 modes 127/4 flags 0x0
03-13 01:37:07.113     0     0 I @7 logd.daemon: reinit
03-13 01:37:07.141     0     0 I @7 update_verifier: Started with arg 1: nonencrypted
03-13 01:37:07.142     0     0 I @6 update_verifier: Booting slot 0: isSlotMarkedSuccessful=1
03-13 01:37:07.142     0     0 I @6 update_verifier: Leaving update_verifier.
03-13 01:37:07.155     0     0 I         : @6 subsys-pil-tz 8300000.qcom,turing: cdsp: loading from 0x0000000098d00000 to 0x000000009a100000
03-13 01:37:07.156     0     0 I         : @4 subsys-pil-tz 17300000.qcom,lpass: adsp: loading from 0x000000008be00000 to 0x000000008dc00000
03-13 01:37:07.188     0     0 I         : @6 subsys-pil-tz 8300000.qcom,turing: cdsp: Brought out of reset
03-13 01:37:07.201     0     0 I         : @6 subsys-pil-tz 8300000.qcom,turing: Subsystem error monitoring/handling services are up
03-13 01:37:07.201     0     0 I         : @6 subsys-pil-tz 8300000.qcom,turing: cdsp: Power/Clock ready interrupt received
03-13 01:37:07.207     0     0 I @7 subsys-restart: __subsystem_get(): Changing subsys fw_name to slpi
03-13 01:37:07.209     0     0 I         : @0 msm_cdsp_rm soc:qcom,glink:cdsp:qcom,msm_cdsprm_rpmsg:qcom,msm_cdsp_rm: CDSP request manager driver probe called
03-13 01:37:07.210     0     0 I         : @7 subsys-pil-tz 5c00000.qcom,ssc: slpi: loading from 0x0000000097700000 to 0x0000000098b00000
03-13 01:37:07.210     0     0 I @0 adsprpc: fastrpc_rpmsg_probe: opened rpmsg channel for cdsp
03-13 01:37:07.211     0     0 I @0 fastcvpd_rpmsg_probe: Successfully probed. cdsp_state=0 video_shutdown=0
03-13 01:37:07.254     0     0 I         : @4 subsys-pil-tz 17300000.qcom,lpass: adsp: Brought out of reset
03-13 01:37:07.265     0     0 I         : @4 subsys-pil-tz 17300000.qcom,lpass: Subsystem error monitoring/handling services are up
03-13 01:37:07.265     0     0 I         : @4 subsys-pil-tz 17300000.qcom,lpass: adsp: Power/Clock ready interrupt received
03-13 01:37:07.269     0     0 I @1 adsprpc: fastrpc_rpmsg_probe: opened rpmsg channel for adsp
03-13 01:37:07.272     0     0 I         : @1 apr_tal_rpmsg qcom,glink:adsp.apr_audio_svc.-1.-1: apr_tal_rpmsg_probe: Channel[apr_audio_svc] state[Up]
03-13 01:37:07.312     0     0 I         : @7 subsys-pil-tz 5c00000.qcom,ssc: slpi: Brought out of reset
03-13 01:37:07.355     0     0 I         : @6 subsys-pil-tz 5c00000.qcom,ssc: slpi: Power/Clock ready interrupt received
03-13 01:37:07.355     0     0 I         : @5 subsys-pil-tz 5c00000.qcom,ssc: Subsystem error monitoring/handling services are up
03-13 01:37:07.361     0     0 I @0 adsprpc: fastrpc_rpmsg_probe: opened rpmsg channel for slpi
03-13 01:37:07.427     0     0 W @5 healthd: batteryCapacityLevelPath not found
03-13 01:37:07.427     0     0 W @5 healthd: batteryChargeTimeToFullNowPath. not found
03-13 01:37:07.427     0     0 W @5 healthd: batteryFullChargeDesignCapacityUahPath. not found
--------- beginning of main
03-13 19:40:42.626   863   863 I netd    : Setting up FirewallController hooks: 26us
03-13 19:40:42.627   863   863 I netd    : Setting up TetherController hooks: 1075us
03-13 19:40:42.628   863   863 I netd    : Setting up BandwidthController hooks: 855us
03-13 19:40:42.628   863   863 I netd    : Setting up IdletimerController hooks: 38us
03-13 19:40:42.631   863   863 I netd    : Setting up StrictController hooks: 2913us
03-13 19:40:42.631   863   863 I ClatdController: 4.9+ kernel and device shipped with Q+ - clat ebpf should work.
03-13 19:40:42.631   863   863 I netd    : Initializing ClatdController: 80us
03-13 19:40:42.631   863   863 I netd    : Initializing traffic control: 339us
03-13 19:40:42.634   863   863 I netd    : Enabling bandwidth control: 2775us
03-13 19:40:42.635   863   863 I netd    : Initializing RouteController: 1012us
03-13 19:40:42.635   863   863 D XfrmController: XfrmController::ipSecAddXfrmInterface, line=1377
03-13 19:40:42.635   863   863 D XfrmController: XfrmController::ipSecRemoveTunnelInterface, line=1590
03-13 19:40:42.635   863   863 D XfrmController: deviceName=ipsec_test
03-13 19:40:42.640   691   691 I sscrpcd : remote_handle_open: Successfully opened handle 0x7f for '":;./\createstaticpd:sensorspd on domain 2
03-13 19:40:42.640   691   691 E sscrpcd : Error 0xffffffff: apps_dev_init failed for domain 2, errno Transport endpoint is not connected
03-13 19:40:42.640   691   691 E sscrpcd : Error 0xffffffff: open_dev (-1) failed for domain 2
03-13 19:40:42.640   691   691 E sscrpcd : vendor/qcom/proprietary/sensors-see/sscrpcd/src/sscrpcd.cpp:42:adsp daemon will restart after 25ms...
03-13 19:40:42.658   886   886 I BOOT    : MSM target '', SoC 'MTP', HwID '339', SoC ver '65536'
03-13 19:40:42.667   691   691 I sscrpcd : remote_handle_open: Successfully opened handle 0x7f for '":;./\createstaticpd:sensorspd on domain 2
03-13 19:40:42.667   691   691 E sscrpcd : Error 0xffffffff: apps_dev_init failed for domain 2, errno Transport endpoint is not connected
03-13 19:40:42.667   691   691 E sscrpcd : Error 0xffffffff: open_dev (-1) failed for domain 2
03-13 19:40:42.667   691   691 E sscrpcd : vendor/qcom/proprietary/sensors-see/sscrpcd/src/sscrpcd.cpp:42:adsp daemon will restart after 25ms...
03-13 19:40:42.684   862   862 I ServiceManager: Waiting for service 'statscompanion' on '/dev/binder'...
03-13 19:40:42.693   691   691 I sscrpcd : remote_handle_open: Successfully opened handle 0x7f for '":;./\createstaticpd:sensorspd on domain 2
03-13 19:40:42.693   691   691 E sscrpcd : Error 0xffffffff: apps_dev_init failed for domain 2, errno Transport endpoint is not connected
03-13 19:40:42.693   691   691 E sscrpcd : Error 0xffffffff: open_dev (-1) failed for domain 2
03-13 19:40:42.694   691   691 E sscrpcd : vendor/qcom/proprietary/sensors-see/sscrpcd/src/sscrpcd.cpp:42:adsp daemon will restart after 25ms...
03-13 19:40:42.714   863   863 D XfrmController: Sending Netlink XFRM Message: XFRM_MSG_FLUSHSA
03-13 19:40:42.714   863   863 D XfrmController: Sending Netlink XFRM Message: XFRM_MSG_FLUSHPOLICY
03-13 19:40:42.714   863   863 I netd    : Initializing XfrmController: 78818us
03-13 19:40:42.716   863   863 I libnetd_resolv: resolv_init: Initializing resolver
03-13 19:40:42.720   691   691 I sscrpcd : remote_handle_open: Successfully opened handle 0x7f for '":;./\createstaticpd:sensorspd on domain 2
03-13 19:40:42.720   691   691 E sscrpcd : Error 0xffffffff: apps_dev_init failed for domain 2, errno Transport endpoint is not connected
03-13 19:40:42.720   691   691 E sscrpcd : Error 0xffffffff: open_dev (-1) failed for domain 2
03-13 19:40:42.720   691   691 E sscrpcd : vendor/qcom/proprietary/sensors-see/sscrpcd/src/sscrpcd.cpp:42:adsp daemon will restart after 25ms...
03-13 19:40:42.746   691   691 I sscrpcd : remote_handle_open: Successfully opened handle 0x7f for '":;./\createstaticpd:sensorspd on domain 2
03-13 19:40:42.746   691   691 E sscrpcd : Error 0xffffffff: apps_dev_init failed for domain 2, errno Transport endpoint is not connected
03-13 19:40:42.746   691   691 E sscrpcd : Error 0xffffffff: open_dev (-1) failed for domain 2
03-13 19:40:42.746   691   691 E sscrpcd : vendor/qcom/proprietary/sensors-see/sscrpcd/src/sscrpcd.cpp:42:adsp daemon will restart after 25ms...
03-13 19:40:42.753   864   864 D AndroidRuntime: >>>>>> START com.android.internal.os.ZygoteInit uid 0 <<<<<<
03-13 19:40:42.766   864   864 I AndroidRuntime: Using default boot image
03-13 19:40:42.766   864   864 I AndroidRuntime: Leaving lock profiling enabled
03-13 19:40:42.769   864   864 I zygote64: option[0]=-Xzygote
03-13 19:40:42.769   864   864 I zygote64: option[1]=exit
03-13 19:40:42.769   864   864 I zygote64: option[2]=vfprintf
03-13 19:40:42.769   864   864 I zygote64: option[3]=sensitiveThread
03-13 19:40:42.883     0     0 W @6 healthd: battery l=69 v=4077 t=28.6 h=2 st=2 c=-134000 fc=3540000 cc=1 chg=u
03-13 19:40:42.945   949   949 I HidlServiceManagement: Registered vendor.display.color@1.3::IDisplayColor/default (start delay of 91ms)
03-13 19:40:42.945   942   942 I HidlServiceManagement: Removing namespace from process name android.hardware.nfc@1.2-service to nfc@1.2-service.
03-13 19:40:42.945   942   942 D nxpnfc@1.2-service: Registering NFC HALIOCTL Service v1.0...
03-13 19:40:42.947   942   942 I HidlServiceManagement: Registered vendor.nxp.nxpnfc@1.0::INxpNfc/default (start delay of 123ms)
03-13 19:40:42.947   942   942 E nxpnfc@1.2-service: Before calling JCOP JCOS_doDownload
03-13 19:40:42.947   942   942 D JcDnld_DWP: doEseUpdateIfReqd enter:  
03-13 19:40:42.947   942   942 D JcDnld_DWP: eSeClientUpdateHandler Enter
03-13 19:40:42.947   942   942 D JcDnld_DWP: eSeClientUpdateHandler Exit 
03-13 19:40:42.947   942   942 E nxpnfc@1.2-service: After calling JCOS_doDownload
03-13 19:40:42.947   942   942 D nxpnfc@1.2-service: NFC HAL Service is ready
03-13 19:40:42.952   950   950 I DolbyManagerService: onFirstRef 
03-13 19:40:42.952   949   949 I HidlServiceManagement: Removing namespace from process name vendor.display.color@1.0-service to color@1.0-service.
03-13 19:40:42.953   949   949 I HidlServiceManagement: Registered vendor.display.postproc@1.0::IDisplayPostproc/default (start delay of 99ms)
03-13 19:40:42.954   959   959 I HidlServiceManagement: Registered vendor.oneplus.hardware.drmkey@1.0::IOneplusDrmKey/default (start delay of 70ms)
03-13 19:40:42.954   959   959 I HidlServiceManagement: Removing namespace from process name vendor.oneplus.hardware.drmkey@1.0-service to drmkey@1.0-service.
03-13 19:40:42.955     0     0 E @5 [drm-dp]: dp_connector_detect: dp_connector_detect:op_dp_enable=0
03-13 19:40:42.956   950   950 I HidlServiceManagement: Registered vendor.dolby.hardware.dms@2.0::IDms/default (start delay of 102ms)
03-13 19:40:42.956   950   950 I HidlServiceManagement: Removing namespace from process name vendor.dolby.hardware.dms@2.0-service to dms@2.0-service.
03-13 19:40:42.956   950   950 I DolbyManagerSvc: Registered IDms vendor service success!
03-13 19:40:42.956   933   973 I LocSvc_BatteryListener: Get health service in 0 tries
03-13 19:40:42.959   936   936 I SDM     : HWInfoDRM::GetHWPlanesInfo: Adding VIG Pipe : Id 65, master_pipe_id : Id 0 block_sec_ui: 1 hw_block_mask: 0x1f
03-13 19:40:42.959   936   936 I SDM     : HWInfoDRM::GetHWPlanesInfo: Adding VIG Pipe : Id 90, master_pipe_id : Id 0 block_sec_ui: 1 hw_block_mask: 0x1f
03-13 19:40:42.959   936   936 I SDM     : HWInfoDRM::GetHWPlanesInfo: Adding VIG Pipe : Id 93, master_pipe_id : Id 0 block_sec_ui: 1 hw_block_mask: 0x1f
03-13 19:40:42.959   936   936 I SDM     : HWInfoDRM::GetHWPlanesInfo: Adding VIG Pipe : Id 96, master_pipe_id : Id 0 block_sec_ui: 1 hw_block_mask: 0x1f
03-13 19:40:42.959   936   936 I SDM     : HWInfoDRM::GetHWPlanesInfo: Adding DMA Pipe : Id 99, master_pipe_id : Id 0 block_sec_ui: 0 hw_block_mask: 0x1f
03-13 19:40:42.959   936   936 I SDM     : HWInfoDRM::GetHWPlanesInfo: Adding DMA Pipe : Id 105, master_pipe_id : Id 0 block_sec_ui: 1 hw_block_mask: 0x1f
03-13 19:40:42.959   936   936 I SDM     : HWInfoDRM::GetHWPlanesInfo: Adding DMA Pipe : Id 108, master_pipe_id : Id 0 block_sec_ui: 1 hw_block_mask: 0x1f
03-13 19:40:42.959   936   936 I SDM     : HWInfoDRM::GetHWPlanesInfo: Adding DMA Pipe : Id 111, master_pipe_id : Id 0 block_sec_ui: 1 hw_block_mask: 0x1f
03-13 19:40:42.959   936   936 I SDM     : HWInfoDRM::GetHWPlanesInfo: Adding DMA Pipe : Id 114, master_pipe_id : Id 99 block_sec_ui: 0 hw_block_mask: 0x1f
03-13 19:40:42.959   936   936 I SDM     : HWInfoDRM::GetHWPlanesInfo: Adding DMA Pipe : Id 118, master_pipe_id : Id 105 block_sec_ui: 1 hw_block_mask: 0x1f
03-13 19:40:42.959   936   936 I SDM     : HWInfoDRM::GetHWPlanesInfo: Adding DMA Pipe : Id 121, master_pipe_id : Id 108 block_sec_ui: 1 hw_block_mask: 0x1f
03-13 19:40:42.959   936   936 I SDM     : HWInfoDRM::GetHWPlanesInfo: Adding DMA Pipe : Id 124, master_pipe_id : Id 111 block_sec_ui: 1 hw_block_mask: 0x1f
03-13 19:40:42.959   936   936 I SDM     : HWInfoDRM::GetHWPlanesInfo: Adding DMA Pipe : Id 127, master_pipe_id : Id 65 block_sec_ui: 1 hw_block_mask: 0x1f
03-13 19:40:42.959   936   936 I SDM     : HWInfoDRM::GetHWPlanesInfo: Adding DMA Pipe : Id 130, master_pipe_id : Id 90 block_sec_ui: 1 hw_block_mask: 0x1f
03-13 19:40:42.959   936   936 I SDM     : HWInfoDRM::GetHWPlanesInfo: Adding DMA Pipe : Id 133, master_pipe_id : Id 93 block_sec_ui: 1 hw_block_mask: 0x1f
03-13 19:40:42.959   936   936 I SDM     : HWInfoDRM::GetHWPlanesInfo: Adding DMA Pipe : Id 136, master_pipe_id : Id 96 block_sec_ui: 1 hw_block_mask: 0x1f
03-13 19:40:42.960   936   936 I SDM     : HWInfoDRM::GetHWResourceInfo: Max plane width = 4096
03-13 19:40:42.960   936   936 I SDM     : HWInfoDRM::GetHWResourceInfo: Max cursor width = 128
03-13 19:40:42.960   936   936 I SDM     : HWInfoDRM::GetHWResourceInfo: Max plane upscale = 20
03-13 19:40:42.960   936   936 I SDM     : HWInfoDRM::GetHWResourceInfo: Max plane downscale = 4
03-13 19:40:42.960   936   936 I SDM     : HWInfoDRM::GetHWResourceInfo: Has Decimation = 1
03-13 19:40:42.960   936   936 I SDM     : HWInfoDRM::GetHWResourceInfo: Max Blending Stages = 11
03-13 19:40:42.960   936   936 I SDM     : HWInfoDRM::GetHWResourceInfo: Has Source Split = 1
03-13 19:40:42.960   936   936 I SDM     : HWInfoDRM::GetHWResourceInfo: Has QSEED3 = 1
03-13 19:40:42.960   936   936 I SDM     : HWInfoDRM::GetHWResourceInfo: Has UBWC = 1
03-13 19:40:42.960   936   936 I SDM     : HWInfoDRM::GetHWResourceInfo: Has Concurrent Writeback = 1
03-13 19:40:42.960   936   936 I SDM     : HWInfoDRM::GetHWResourceInfo: Has Src Tonemap = 6
03-13 19:40:42.960   936   936 I SDM     : HWInfoDRM::GetHWResourceInfo: Max Low Bw = 12800000
03-13 19:40:42.960   936   936 I SDM     : HWInfoDRM::GetHWResourceInfo: Max High Bw = 12800000
03-13 19:40:42.960   936   936 I SDM     : HWInfoDRM::GetHWResourceInfo: Max Pipe Bw = 4500000 KBps
03-13 19:40:42.960   936   936 I SDM     : HWInfoDRM::GetHWResourceInfo: MaxSDEClock = 460000000 Hz
03-13 19:40:42.960   936   936 I SDM     : HWInfoDRM::GetHWResourceInfo: Clock Fudge Factor = 1.050000
03-13 19:40:42.960   936   936 I SDM     : HWInfoDRM::GetHWResourceInfo: Prefill factors:
03-13 19:40:42.960   936   936 I SDM     : HWInfoDRM::GetHWResourceInfo: 	Tiled_NV12 = 8
03-13 19:40:42.960   936   936 I SDM     : HWInfoDRM::GetHWResourceInfo: 	Tiled = 4
03-13 19:40:42.960   960   960 D vendor.oneplus.hardware.hdcpkey@1.0-service: vendor.oneplus,hardware.hdcpkey@1.0-service starting...
03-13 19:40:42.960   936   936 I SDM     : HWInfoDRM::GetHWResourceInfo: 	Linear = 1
03-13 19:40:42.960   936   936 I SDM     : HWInfoDRM::GetHWResourceInfo: 	Scale = 1
03-13 19:40:42.960   936   936 I SDM     : HWInfoDRM::GetHWResourceInfo: 	Fudge_factor = 2
03-13 19:40:42.960   936   936 I SDM     : HWInfoDRM::GetHWResourceInfo: 	ib_fudge_factor = 6.000000
03-13 19:40:42.961   936   936 I SDM     : HWInfoDRM::GetHWRotatorInfo: V4L2 Rotator: Count = 1, Downscale = 1, Min_downscale = 1.500000,Downscale_compression = 1, Max_line_width = 4096
03-13 19:40:42.962   936   936 I SDM     : PipeAllocDrm::Init: Smart DMA: Enabled
03-13 19:40:42.962   936   936 I SDM     : PipeAllocDrm::Init: Pipe Priority Order: Disabled
03-13 19:40:42.962   936   936 I SDM     : PipeAllocDrm::Init: Prefer multirect Disabled
03-13 19:40:42.962   936   936 I SDM     : PipeAllocDrm::Init: pipe->type = 1 Real pipe_id = 65 priority = 0 tonemap = 1
03-13 19:40:42.962   936   936 I SDM     : PipeAllocDrm::Init: pipe->type = 1 Real pipe_id = 90 priority = 1 tonemap = 1
03-13 19:40:42.962   936   936 I SDM     : PipeAllocDrm::Init: pipe->type = 1 Real pipe_id = 93 priority = 2 tonemap = 1
03-13 19:40:42.962   936   936 I SDM     : PipeAllocDrm::Init: pipe->type = 1 Real pipe_id = 96 priority = 3 tonemap = 1
03-13 19:40:42.962   936   936 I SDM     : PipeAllocDrm::Init: pipe->type = 3 Real pipe_id = 99 priority = 4 tonemap = 2
03-13 19:40:42.962   936   936 I SDM     : PipeAllocDrm::Init: pipe->type = 3 Real pipe_id = 105 priority = 5 tonemap = 2
03-13 19:40:42.962   936   936 I SDM     : PipeAllocDrm::Init: pipe->type = 3 Real pipe_id = 108 priority = 6 tonemap = 2
03-13 19:40:42.962   936   936 I SDM     : PipeAllocDrm::Init: pipe->type = 3 Real pipe_id = 111 priority = 7 tonemap = 2
03-13 19:40:42.962   936   936 I SDM     : PipeAllocDrm::Init: pipe->type = 3 Virtual pipe_id = 114 priority = 8 tonemap = 2
03-13 19:40:42.962   936   936 I SDM     : PipeAllocDrm::Init: pipe->type = 3 Virtual pipe_id = 118 priority = 9 tonemap = 2
03-13 19:40:42.962   936   936 I SDM     : PipeAllocDrm::Init: pipe->type = 3 Virtual pipe_id = 121 priority = 10 tonemap = 2
03-13 19:40:42.962   936   936 I SDM     : PipeAllocDrm::Init: pipe->type = 3 Virtual pipe_id = 124 priority = 11 tonemap = 2
03-13 19:40:42.962   936   936 I SDM     : PipeAllocDrm::Init: pipe->type = 3 Virtual pipe_id = 127 priority = 12 tonemap = 0
03-13 19:40:42.962   936   936 I SDM     : PipeAllocDrm::Init: pipe->type = 3 Virtual pipe_id = 130 priority = 13 tonemap = 0
03-13 19:40:42.962   936   936 I SDM     : PipeAllocDrm::Init: pipe->type = 3 Virtual pipe_id = 133 priority = 14 tonemap = 0
03-13 19:40:42.962   936   936 I SDM     : PipeAllocDrm::Init: pipe->type = 3 Virtual pipe_id = 136 priority = 15 tonemap = 0
03-13 19:40:42.965   936   936 I SDM     : PipeAllocDrm::Init: Registered  Total Pipes = 16 SDma/virtual_pipes = 8
03-13 19:40:42.965   936   936 I SDM     : PipeAllocDrm::Init: pipe->type=3 Real pipe_id =111
03-13 19:40:42.965   936   936 I SDM     : PipeAllocDrm::Init: pipe->type=3 Real pipe_id =108
03-13 19:40:42.965   936   936 I SDM     : PipeAllocDrm::Init: pipe->type=3 Real pipe_id =105
03-13 19:40:42.965   936   936 I SDM     : PipeAllocDrm::Init: pipe->type=3 Real pipe_id =99
03-13 19:40:42.965   936   936 I SDM     : PipeAllocDrm::Init: pipe->type=1 Real pipe_id =96
03-13 19:40:42.965   936   936 I SDM     : PipeAllocDrm::Init: pipe->type=1 Real pipe_id =93
03-13 19:40:42.965   936   936 I SDM     : PipeAllocDrm::Init: pipe->type=1 Real pipe_id =90
03-13 19:40:42.965   936   936 I SDM     : PipeAllocDrm::Init: pipe->type=1 Real pipe_id =65
03-13 19:40:42.965   936   936 I SDM     : PipeAllocDrm::Init: pipe->type=3 Virtual pipe_id =114
03-13 19:40:42.965   936   936 I SDM     : PipeAllocDrm::Init: pipe->type=3 Virtual pipe_id =118
03-13 19:40:42.965   936   936 I SDM     : PipeAllocDrm::Init: pipe->type=3 Virtual pipe_id =121
03-13 19:40:42.965   936   936 I SDM     : PipeAllocDrm::Init: pipe->type=3 Virtual pipe_id =124
03-13 19:40:42.965   936   936 I SDM     : PipeAllocDrm::Init: pipe->type=3 Virtual pipe_id =127
03-13 19:40:42.965   936   936 I SDM     : PipeAllocDrm::Init: pipe->type=3 Virtual pipe_id =130
03-13 19:40:42.965   936   936 I SDM     : PipeAllocDrm::Init: pipe->type=3 Virtual pipe_id =133
03-13 19:40:42.965   936   936 I SDM     : PipeAllocDrm::Init: pipe->type=3 Virtual pipe_id =136
03-13 19:40:42.966   966   966 I capabilityconfigstorehal: vendor::qti::hardware::capabilityconfigstore  service starts
03-13 19:40:42.966   960   960 I HidlServiceManagement: Registered vendor.oneplus.hardware.hdcpkey@1.0::IOneplusHdcpKey/default (start delay of 82ms)
03-13 19:40:42.966   960   960 I HidlServiceManagement: Removing namespace from process name vendor.oneplus.hardware.hdcpkey@1.0-service to hdcpkey@1.0-service.
03-13 19:40:42.967   936   936 D SDM     : ToneMapConfigFactory::Create: Creating ToneMapConfigImpl
03-13 19:40:42.968   962   962 D vendor.qti.esepowermanager@1.1-service: loading eseservice
03-13 19:40:42.969   962   962 D QSEECOMAPI: QSEECom_get_handle sb_length = 0x400
03-13 19:40:42.969   962   962 D QSEECOMAPI: App is not loaded in QSEE
03-13 19:40:42.970   962   962 E QSEECOMAPI: Error::Cannot open the file /vendor/firmware_mnt/image/eseservice.mdt errno = 2
03-13 19:40:42.970   962   962 E QSEECOMAPI: Error::Loading image failed with ret = -1
03-13 19:40:42.970   962   962 D vendor.qti.esepowermanager@1.1-service: loading eseservice failed
03-13 19:40:42.970   962   962 D vendor.qti.esepowermanager@1.1-service: eSEPowerManager V1.1 is starting
03-13 19:40:42.971     0     0 E @1 [drm-dp]: dp_connector_detect: dp_connector_detect:op_dp_enable=0
03-13 19:40:42.971   936   936 W SDM     : DRMConnector::GetInfo: Connector 58 not found.
03-13 19:40:42.971   936   936 I SDM     : HWInfoDRM::GetDisplaysStatus: display:   28-0, connected: true, primary: true
03-13 19:40:42.971   936   936 I SDM     : HWInfoDRM::GetDisplaysStatus: display:   48-2, connected: true, primary: false
03-13 19:40:42.971   936   936 W SDM     : HWInfoDRM::GetDisplaysStatus: Unknown display type = 0 on connector id 58.
03-13 19:40:42.971   936   936 I SDM     : HWInfoDRM::GetDisplaysStatus: display:   58-3, connected: false, primary: false
03-13 19:40:42.971   936   936 I SDM     : CoreInterface::CreateCore: Open interface handle = 0x79f9c10a30
03-13 19:40:42.971   933   933 I LocSvc_HIDL_vendor.qti.gnss@3.0-service: main
03-13 19:40:42.972   925   925 E vndksupport: Could not load /vendor/lib/hw/sound_trigger.primary.msmnile.so from default namespace: dlopen failed: library "libopf.so" not found: needed by /vendor/lib/hw/sound_trigger.primary.msmnile.so in namespace (default).
03-13 19:40:42.972   925   925 E HAL     : load: module=/vendor/lib/hw/sound_trigger.primary.msmnile.so
03-13 19:40:42.972   925   925 E HAL     : unknown
03-13 19:40:42.972   925   925 E SoundTriggerHw: couldn't load sound trigger module sound_trigger.primary (Invalid argument)
03-13 19:40:42.973     0     0 I chatty  : uid=0(root) logd identical 1 line
03-13 19:40:42.973   925   925 I HidlServiceManagement: Registered android.hardware.soundtrigger@2.3::ISoundTriggerHw/default (start delay of 199ms)
03-13 19:40:42.973   925   925 I LegacySupport: Registration complete for android.hardware.soundtrigger@2.3::ISoundTriggerHw/default.
03-13 19:40:42.973   936   936 W SDM     : DRMConnector::GetInfo: Connector 58 not found.
03-13 19:40:42.973   936   936 W SDM     : HWInfoDRM::GetDisplaysStatus: Unknown display type = 0 on connector id 58.
03-13 19:40:42.973   936   936 I SDM     : HWInfoDRM::GetMaxDisplaysSupported: Max 4 concurrent displays.
03-13 19:40:42.973   936   936 I SDM     : HWInfoDRM::GetMaxDisplaysSupported: Max 1 concurrent displays of type 0 (BuiltIn).
03-13 19:40:42.973   936   936 I SDM     : HWInfoDRM::GetMaxDisplaysSupported: Max 2 concurrent displays of type 1 (Pluggable).
03-13 19:40:42.973   936   936 I SDM     : HWInfoDRM::GetMaxDisplaysSupported: Max 1 concurrent displays of type 2 (Virtual).
03-13 19:40:42.974   966   966 I capabilityconfigstorehal: start HIDL_FETCH_ICapabilityConfigStore
03-13 19:40:42.974   966   966 I capabilityconfigstorehal: Init of QTI configstorehal
03-13 19:40:42.975     0     0 E @1 [drm-dp]: dp_connector_detect: dp_connector_detect:op_dp_enable=0
03-13 19:40:42.975   936   936 W SDM     : DRMConnector::GetInfo: Connector 58 not found.
03-13 19:40:42.975   936   936 W SDM     : HWInfoDRM::GetDisplaysStatus: Unknown display type = 0 on connector id 58.
03-13 19:40:42.975   936   936 I SDM     : HWCSession::CreatePrimaryDisplay: Create primary display type = 0, sdm id = 28, client id = 0
03-13 19:40:42.975   966   966 I capabilityconfigstorehal: Parsing config for /vendor/etc/configstore/wigig.xml
03-13 19:40:42.975   966   966 E capabilityconfigstorehal: starting to load xml file: '/vendor/etc/configstore/wigig.xml'
03-13 19:40:42.975   936   936 I SDM     : CPUHint::Init: Invalid CPU Hint Pre-enable Window -1
03-13 19:40:42.975   936   936 I SDM     : NotifyDisplayState counstruct
03-13 19:40:42.976   936   936 I SDM     : HWDeviceDRM::InitializeConfigs: Updating current display mode 0 to preferred mode 0.
03-13 19:40:42.976   936   936 I SDM     : HWDeviceDRM::PopulateDisplayAttributes: Display attributes[0]: WxH: 1440x3120, DPI: 515.154907x514.597412, FPS: 60, LM_SPLIT: 1, V_BACK_PORCH: 1156, V_FRONT_PORCH: 400, V_PULSE_WIDTH: 28, V_TOTAL: 4704, H_TOTAL: 1472, CLK: 187200KHZ, TOPOLOGY: 7
03-13 19:40:42.976   936   936 I SDM     : HWDeviceDRM::PopulateDisplayAttributes: Display attributes[1]: WxH: 1440x3120, DPI: 515.154907x514.597412, FPS: 90, LM_SPLIT: 1, V_BACK_PORCH: 8, V_FRONT_PORCH: 4, V_PULSE_WIDTH: 4, V_TOTAL: 3136, H_TOTAL: 1472, CLK: 187200KHZ, TOPOLOGY: 7
03-13 19:40:42.976   936   936 I SDM     : HWDeviceDRM::PopulateDisplayAttributes: Display attributes[2]: WxH: 1080x2340, DPI: 386.366211x385.948059, FPS: 90, LM_SPLIT: 1, V_BACK_PORCH: 8, V_FRONT_PORCH: 4, V_PULSE_WIDTH: 4, V_TOTAL: 2356, H_TOTAL: 1112, CLK: 105300KHZ, TOPOLOGY: 7
03-13 19:40:42.976   936   936 I SDM     : HWDeviceDRM::PopulateDisplayAttributes: Display attributes[3]: WxH: 1080x2340, DPI: 386.366211x385.948059, FPS: 60, LM_SPLIT: 1, V_BACK_PORCH: 1156, V_FRONT_PORCH: 400, V_PULSE_WIDTH: 28, V_TOTAL: 3924, H_TOTAL: 1112, CLK: 105300KHZ, TOPOLOGY: 7
03-13 19:40:42.976   936   936 I SDM     : HWDeviceDRM::UpdateMixerAttributes: Mixer WxH 1440x3120 for Peripheral
03-13 19:40:42.976   936   936 I SDM     : ColorManager::CreateColorManagerProxy: PAV2 version is versions = 11, version = 11 
03-13 19:40:42.977   925   925 I BTAudioProviderA2dpSoftware: A2dpSoftwareAudioProvider - size of audio buffer 7168 byte(s)
03-13 19:40:42.977   925   925 I BTAudioProviderHearingAid: HearingAidAudioProvider - size of audio buffer 3584 byte(s)
03-13 19:40:42.978   925   925 I HidlServiceManagement: Registered android.hardware.bluetooth.audio@2.0::IBluetoothAudioProvidersFactory/default (start delay of 204ms)
03-13 19:40:42.978   925   925 I LegacySupport: Registration complete for android.hardware.bluetooth.audio@2.0::IBluetoothAudioProvidersFactory/default.
03-13 19:40:42.978   629   629 I hwservicemanager: getTransport: Cannot find entry android.hardware.bluetooth.a2dp@1.0::IBluetoothAudioOffload/default in either framework or device manifest.
03-13 19:40:42.979   925   925 E LegacySupport: Could not get passthrough implementation for android.hardware.bluetooth.a2dp@1.0::IBluetoothAudioOffload/default.
03-13 19:40:42.979   925   925 W audiohalservice: Could not register Bluetooth Audio Offload API
03-13 19:40:42.982   948   948 I android.hardware.wifi@1.0-service: Wifi Hal is booting up...
03-13 19:40:42.983   962   962 I HidlServiceManagement: Registered vendor.qti.esepowermanager@1.1::IEsePowerManager/default (start delay of 88ms)
03-13 19:40:42.983   962   962 I HidlServiceManagement: Removing namespace from process name vendor.qti.esepowermanager@1.1-service to esepowermanager@1.1-service.
03-13 19:40:42.983   962   962 I LegacySupport: Registration complete for vendor.qti.esepowermanager@1.1::IEsePowerManager/default.
03-13 19:40:42.984   964   964 I HidlServiceManagement: Registered vendor.qti.hardware.alarm@1.0::IAlarm/default (start delay of 79ms)
03-13 19:40:42.984   964   964 I HidlServiceManagement: Removing namespace from process name vendor.qti.hardware.alarm@1.0-service to alarm@1.0-service.
03-13 19:40:42.985   964   964 I vendor.qti.hardware.alarm@1.0-service: Registration complete for vendor.qti.hardware.alarm@1.0::IAlarm/default.
03-13 19:40:42.985   966   966 I capabilityconfigstorehal: Parsing config for /vendor/etc/configstore/vpp.configstore.xml
03-13 19:40:42.985   966   966 E capabilityconfigstorehal: starting to load xml file: '/vendor/etc/configstore/vpp.configstore.xml'
03-13 19:40:42.985   948   948 I HidlServiceManagement: Registered android.hardware.wifi@1.4::IWifi/default (start delay of 141ms)
03-13 19:40:42.985   948   948 I HidlServiceManagement: Removing namespace from process name android.hardware.wifi@1.0-service to wifi@1.0-service.
03-13 19:40:42.986   862   862 I ServiceManager: Waiting for service 'statscompanion' on '/dev/binder'...
03-13 19:40:42.989   966   966 I HidlServiceManagement: Registered vendor.qti.hardware.capabilityconfigstore@1.0::ICapabilityConfigStore/default (start delay of 75ms)
03-13 19:40:42.989   966   966 I HidlServiceManagement: Removing namespace from process name vendor.qti.hardware.capabilityconfigstore@1.0-service to capabilityconfigstore@1.0-service.
03-13 19:40:42.989   966   966 I LegacySupport: Registration complete for vendor.qti.hardware.capabilityconfigstore@1.0::ICapabilityConfigStore/default.
03-13 19:40:42.990   941   941 E hta-unnhal: Failed to load library: libhta_hexagon_runtime.so, error message: dlopen failed: library "libhta_hexagon_runtime.so" not found
03-13 19:40:42.990   941   941 E hta-unnhal: Failed to load functions.
03-13 19:40:42.990   941   941 E android.hardware.neuralnetworks@1.2-service: cannot load function CreateAccelerator
03-13 19:40:42.990   941   941 E android.hardware.neuralnetworks@1.2-service: cannot load function CreateAccelerator
03-13 19:40:42.992   941   941 I HidlServiceManagement: Registered android.hardware.neuralnetworks@1.2::IDevice/qti-default (start delay of 178ms)
03-13 19:40:42.992   941   941 I HidlServiceManagement: Removing namespace from process name android.hardware.neuralnetworks@1.2-service-qti to neuralnetworks@1.2-service-qti.
03-13 19:40:42.993   936   936 I SDM     : DisplayBase::InitializeColorModes: Number of Color Modes = 11
03-13 19:40:42.993   974   974 I HidlServiceManagement: Registered vendor.qti.hardware.display.allocator@3.0::IQtiAllocator/default (start delay of 59ms)
03-13 19:40:42.993   941   941 I HidlServiceManagement: Registered android.hardware.neuralnetworks@1.2::IDevice/qti-gpu (start delay of 179ms)
03-13 19:40:42.993   941   941 I HidlServiceManagement: Removing namespace from process name android.hardware.neuralnetworks@1.2-service-qti to neuralnetworks@1.2-service-qti.
03-13 19:40:42.994   974   974 I HidlServiceManagement: Removing namespace from process name vendor.qti.hardware.display.allocator-service to allocator-service.
03-13 19:40:42.994   974   974 I qdgralloc: Initialized qti-allocator 3
03-13 19:40:42.994   941   941 I HidlServiceManagement: Registered android.hardware.neuralnetworks@1.2::IDevice/qti-dsp (start delay of 180ms)
03-13 19:40:42.994   941   941 I HidlServiceManagement: Removing namespace from process name android.hardware.neuralnetworks@1.2-service-qti to neuralnetworks@1.2-service-qti.
03-13 19:40:42.995   974   974 I HidlServiceManagement: Registered vendor.qti.hardware.display.allocator@4.0::IQtiAllocator/default (start delay of 61ms)
03-13 19:40:42.995   974   974 I HidlServiceManagement: Removing namespace from process name vendor.qti.hardware.display.allocator-service to allocator-service.
03-13 19:40:42.995   974   974 I qdgralloc: Initialized qti-allocator 4
03-13 19:40:42.995   941   941 I HidlServiceManagement: Registered android.hardware.neuralnetworks@1.2::IDevice/qti-hta (start delay of 181ms)
03-13 19:40:42.995   941   941 I HidlServiceManagement: Removing namespace from process name android.hardware.neuralnetworks@1.2-service-qti to neuralnetworks@1.2-service-qti.
03-13 19:40:43.000   978   978 I vendor.qti.hardware.perf@2.2-service: TargetConfig Init Complete
03-13 19:40:43.001     1     1 W /system/bin/init: type=1107 audit(0.0:16): uid=0 auid=4294967295 ses=4294967295 subj=u:r:init:s0 msg='avc: denied { set } for property=ro.boot.prmfc pid=961 uid=1000 gid=1000 scontext=u:r:hal_param_default:s0 tcontext=u:object_r:exported2_default_prop:s0 tclass=property_service permissive=0'
03-13 19:40:43.001     1     1 W /system/bin/init: type=1107 audit(0.0:17): uid=0 auid=4294967295 ses=4294967295 subj=u:r:init:s0 msg='avc: denied { set } for property=ro.boot.prmuc pid=961 uid=1000 gid=1000 scontext=u:r:hal_param_default:s0 tcontext=u:object_r:exported2_default_prop:s0 tclass=property_service permissive=0'
03-13 19:40:43.003   961   961 I vendor.oneplus.hardware.param@1.0-service: Start param service V1.19
03-13 19:40:43.003   961   961 D OPParam : OneplusParam: EC flag = 1
