03-13 21:13:09.413     0     0 I         : [20210313_21:13:09.402456]@6 [oneplus_motor]  oneplus_motor_control : set motor_enable = 0
03-13 21:13:09.413     0     0 I [oneplus_motor]  motor_run_work: motor_run_work, motor_enable : 0, motor_started : 1
03-13 21:13:09.413     0     0 I [oneplus_motor]  motor_run_work: is_factory_mode : 0
03-13 21:13:09.413     0     0 I         : [20210313_21:13:09.402600]@5 [oneplus_motor]  motor_run_work : stop motor
03-13 21:13:09.413     0     0 E         : [20210313_21:13:09.402647]@5 [oneplus_motor]  oneplus_motor_set_power : oneplus_motor_set_power
03-13 21:13:09.413     0     0 E         : [20210313_21:13:09.402650]@5 [oneplus_motor]  drv8834_set_power : drv8834_set_power call mode: 0 power on:1
03-13 21:13:09.413     0     0 I         : [20210313_21:13:09.403344]@4 [oneplus_motor]  m1120_down_get_real_data : value : -325
03-13 21:13:09.413     0     0 I [oneplus_motor]  m1120_down_get_abs_data: value : 325
03-13 21:13:09.413     0     0 I [oneplus_motor]  motor_run_work: move_state == MOTOR_DOWNWARD_ING, hall_down_data : 325, hall_down_irq_position : 150
03-13 21:13:09.413     0     0 E [oneplus_motor]  motor_run_work: motor_run_work, position = BOTTOM_STATE
03-13 21:13:09.413     0     0 I [oneplus_motor]  report_position_state: call, state_event : 6
03-13 21:13:09.413     0     0 E [oneplus_motor]  motor_run_work: POS_NORMAL, hall_down_irq_count 0
03-13 21:13:09.413     0     0 I         : [20210313_21:13:09.403975]@4 [oneplus_motor]  oneplus_set_motor_speed : call, speed : 10 , chip->motor_speed : 10
03-13 21:13:09.413     0     0 I         : [20210313_21:13:09.403978]@4 [oneplus_motor]  oneplus_set_motor_speed : pwm_duty : 52083, pwm_period : 104166
03-13 21:13:09.413     0     0 I [oneplus_motor]  oneplus_motor_set_awake: awake_count 1 wakelock_holder 4
03-13 21:13:09.413     0     0 I         : [20210313_21:13:09.405223]@6 [oneplus_motor]  oneplus_motor_set_awake : relax
03-13 21:13:09.413     0     0 I         : [20210313_21:13:09.405227]@6 [oneplus_motor]  oneplus_motor_set_awake : awake_count 0 wakelock_holder 0
03-13 21:13:09.413     0     0 I         : [20210313_21:13:09.405229]@6 [oneplus_motor]  camera_position_detect_work : chip->stall_mode : 3
03-13 21:13:09.413  1500  1519 I ExplicitHealthCheckController: Explicit health check service is unbound
03-13 21:13:09.532     0     0 I         : [20210313_21:13:09.528835]@0 Power-Key DOWN
03-13 21:13:09.552  1500  6580 W ActivityManager: Background start not allowed: service Intent { cmp=com.google.android.apps.messaging/.shared.datamodel.action.execution.ActionExecutorImpl$EmptyService } to com.google.android.apps.messaging/.shared.datamodel.action.execution.ActionExecutorImpl$EmptyService from pid=5891 uid=10180 pkg=com.google.android.apps.messaging startFg?=false
03-13 21:13:09.586  1500  4111 D CompatibilityChangeReporter: Compat change id reported: 135634846; UID 10156; state: DISABLED
03-13 21:13:09.587  1500  1545 D CompatibilityChangeReporter: Compat change id reported: 143937733; UID 10156; state: ENABLED
03-13 21:13:09.600  1500  4111 D BiometricService: canAuthenticate: User=0, Caller=0, Authenticators=255
03-13 21:13:09.600  1500  4111 D BiometricService: Package: com.google.android.gms Authenticator ID: 0 Modality: 2 Reported Modality: 2 Status: 1
03-13 21:13:09.600  1500  4111 D AuthService: canAuthenticate, userId: 0, callingUserId: 0, authenticators: 255, result: 0
03-13 21:13:09.611  1500  1545 I ActivityManager: Start proc 8051:com.google.android.gms.ui/u0a156 for service {com.google.android.gms/com.google.android.gms.chimera.UiIntentOperationService}
03-13 21:13:09.612  1500  4111 I RescueParty: Starting to observe: [android], updated namespace: autofill
03-13 21:13:09.612  1500  4111 I PackageWatchdog: Updated health check state for package android: INACTIVE -> INACTIVE
03-13 21:13:09.612  1500  1543 I PackageWatchdog: Syncing state, reason: observing new packages
03-13 21:13:09.612  1500  1543 I PackageWatchdog: Removing 221ms from all packages on all observers
03-13 21:13:09.612  1500  1543 I PackageWatchdog: Updated health check state for package com.google.android.ext.services: PASSED -> PASSED
03-13 21:13:09.612  1500  1543 I PackageWatchdog: Updated health check state for package android: PASSED -> PASSED
03-13 21:13:09.612  1500  1543 I PackageWatchdog: Updated health check state for package com.android.launcher3: PASSED -> PASSED
03-13 21:13:09.612  1500  1543 I PackageWatchdog: Updated health check state for package com.google.android.as: PASSED -> PASSED
03-13 21:13:09.612  1500  1543 I PackageWatchdog: Updated health check state for package com.google.android.networkstack: PASSED -> PASSED
03-13 21:13:09.612  1500  1543 I PackageWatchdog: Updated health check state for package com.android.systemui: PASSED -> PASSED
03-13 21:13:09.612  1500  1543 I PackageWatchdog: Scheduling next state sync in 172796933ms
03-13 21:13:09.612  1500  1543 D PackageWatchdog: rescue-party-observer added the following packages to monitor [android]
03-13 21:13:09.613  1500  1543 I PackageWatchdog: Syncing state, reason: updated observers
03-13 21:13:09.613  1500  1543 I PackageWatchdog: Not pruning observers, elapsed time: 0ms
03-13 21:13:09.613  1500  1543 I PackageWatchdog: Scheduling next state sync in 172796933ms
03-13 21:13:09.613  1500  1543 I PackageWatchdog: Saving observer state to file
03-13 21:13:09.626  1500  1500 D PackageWatchdog: Getting all observed packages pending health checks
03-13 21:13:09.626  1500  1500 I PackageWatchdog: Syncing health check requests for packages: {}
03-13 21:13:09.626  1500  1500 I ExplicitHealthCheckController: Service not ready to get health check supported packages. Binding...
03-13 21:13:09.627  1500  1500 I ExplicitHealthCheckController: Explicit health check service is bound
03-13 21:13:09.627  1500  1500 I AutofillManagerService: Ignoring change on augmented_autofill_mode
03-13 21:13:09.633  1500  1500 I ExplicitHealthCheckController: Explicit health check service is connected ComponentInfo{com.google.android.ext.services/android.ext.services.watchdog.ExplicitHealthCheckServiceImpl}
03-13 21:13:09.633  1500  1500 I ExplicitHealthCheckController: Service initialized, syncing requests
03-13 21:13:09.633  1500  1500 D PackageWatchdog: Getting all observed packages pending health checks
03-13 21:13:09.633  1500  1500 I PackageWatchdog: Syncing health check requests for packages: {}
03-13 21:13:09.633  1500  1500 D ExplicitHealthCheckController: Getting health check supported packages
03-13 21:13:09.636  1500  4117 I ExplicitHealthCheckController: Explicit health check supported packages [PackageConfig{com.google.android.networkstack, 86400000}]
03-13 21:13:09.636  1500  4117 D PackageWatchdog: Received supported packages [PackageConfig{com.google.android.networkstack, 86400000}]
03-13 21:13:09.636  1500  4117 I PackageWatchdog: Updated health check state for package com.google.android.ext.services: PASSED -> PASSED
03-13 21:13:09.636  1500  4117 I PackageWatchdog: Updated health check state for package android: PASSED -> PASSED
03-13 21:13:09.636  1500  4117 I PackageWatchdog: Updated health check state for package com.android.launcher3: PASSED -> PASSED
03-13 21:13:09.636  1500  4117 I PackageWatchdog: Updated health check state for package com.google.android.as: PASSED -> PASSED
03-13 21:13:09.636  1500  4117 I PackageWatchdog: Updated health check state for package com.google.android.networkstack: PASSED -> PASSED
03-13 21:13:09.636  1500  4117 I PackageWatchdog: Updated health check state for package com.android.systemui: PASSED -> PASSED
03-13 21:13:09.636  1500  4117 D ExplicitHealthCheckController: Getting health check requested packages
03-13 21:13:09.637  1500  6430 I ExplicitHealthCheckController: Explicit health check requested packages []
03-13 21:13:09.637  1500  6430 I ExplicitHealthCheckController: No more health check requests, unbinding...
03-13 21:13:09.638  1500  6430 I ExplicitHealthCheckController: Explicit health check service is unbound
03-13 21:13:09.644  1500  2075 D WindowManager: powerPress: eventTime=51526 interactive=true count=1 beganFromNonInteractive=false mShortPressOnPowerBehavior=1
03-13 21:13:09.644  1500  2075 I PowerManagerService: Going to sleep due to power_button (uid 1000)...
03-13 21:13:09.650     0     0 I         : [20210313_21:13:09.642299]@0 Power-Key UP
03-13 21:13:09.672  1500  2117 D BiometricUtils: isEncrypted: false isLockdown: false
03-13 21:13:09.677  1500  1500 V FingerprintService: startAuthentication(com.android.systemui)
03-13 21:13:09.677  1500  1500 V FingerprintService: starting client AuthenticationClientImpl(com.android.systemui) targetUserId: 0 currentUserId: 0 cookie: 0/0
03-13 21:13:09.678  1500  1500 E FingerprintService: Failed to get IFingerprintInscreen interface
03-13 21:13:09.678  1500  1500 E FingerprintService: java.util.NoSuchElementException
03-13 21:13:09.678  1500  1500 E FingerprintService: 	at android.os.HwBinder.getService(Native Method)
03-13 21:13:09.678  1500  1500 E FingerprintService: 	at android.os.HwBinder.getService(HwBinder.java:83)
03-13 21:13:09.678  1500  1500 E FingerprintService: 	at vendor.one.biometrics.fingerprint.inscreen.V1_0.IFingerprintInscreen.getService(IFingerprintInscreen.java:70)
03-13 21:13:09.678  1500  1500 E FingerprintService: 	at vendor.one.biometrics.fingerprint.inscreen.V1_0.IFingerprintInscreen.getService(IFingerprintInscreen.java:77)
03-13 21:13:09.678  1500  1500 E FingerprintService: 	at com.android.server.biometrics.fingerprint.FingerprintService.getFingerprintInScreenDaemon(FingerprintService.java:1128)
03-13 21:13:09.678  1500  1500 E FingerprintService: 	at com.android.server.biometrics.fingerprint.FingerprintService.access$8700(FingerprintService.java:103)
03-13 21:13:09.678  1500  1500 E FingerprintService: 	at com.android.server.biometrics.fingerprint.FingerprintService$2.authenticate(FingerprintService.java:800)
03-13 21:13:09.678  1500  1500 E FingerprintService: 	at com.android.server.biometrics.AuthenticationClient.start(AuthenticationClient.java:241)
03-13 21:13:09.678  1500  1500 E FingerprintService: 	at com.android.server.biometrics.BiometricServiceBase.startCurrentClient(BiometricServiceBase.java:1129)
03-13 21:13:09.678  1500  1500 E FingerprintService: 	at com.android.server.biometrics.BiometricServiceBase.startClient(BiometricServiceBase.java:1107)
03-13 21:13:09.678  1500  1500 E FingerprintService: 	at com.android.server.biometrics.BiometricServiceBase.startAuthentication(BiometricServiceBase.java:976)
03-13 21:13:09.678  1500  1500 E FingerprintService: 	at com.android.server.biometrics.BiometricServiceBase.lambda$authenticateInternal$3$BiometricServiceBase(BiometricServiceBase.java:892)
03-13 21:13:09.678  1500  1500 E FingerprintService: 	at com.android.server.biometrics.-$$Lambda$BiometricServiceBase$VFT8WmkESkAnonaxJDq_GS_vB4E.run(Unknown Source:8)
03-13 21:13:09.678  1500  1500 E FingerprintService: 	at android.os.Handler.handleCallback(Handler.java:938)
03-13 21:13:09.678  1500  1500 E FingerprintService: 	at android.os.Handler.dispatchMessage(Handler.java:99)
03-13 21:13:09.678  1500  1500 E FingerprintService: 	at android.os.Looper.loop(Looper.java:223)
03-13 21:13:09.678  1500  1500 E FingerprintService: 	at com.android.server.SystemServer.run(SystemServer.java:633)
03-13 21:13:09.678  1500  1500 E FingerprintService: 	at com.android.server.SystemServer.main(SystemServer.java:419)
03-13 21:13:09.678  1500  1500 E FingerprintService: 	at java.lang.reflect.Method.invoke(Native Method)
03-13 21:13:09.678  1500  1500 E FingerprintService: 	at com.android.internal.os.RuntimeInit$MethodAndArgsCaller.run(RuntimeInit.java:592)
03-13 21:13:09.678  1500  1500 E FingerprintService: 	at com.android.internal.os.ZygoteInit.main(ZygoteInit.java:930)
03-13 21:13:09.687     0     0 E [20210313_21:13:09.686611]@4 init: Control message: Could not ctl.interface_start for 'vendor.one.biometrics.fingerprint.inscreen@1.0::IFingerprintInscreen/default' from pid: 628 (/system/bin/hwservicemanager): File /system_ext/bin/hw/vendor.one.biometrics.fingerprint.inscreen@1.0-service.oneplus_msmnile (labeled "u:object_r:system_file:s0") has incorrect label or no domain transition from u:r:init:s0 to another SELinux domain defined. Have you configured your service correctly? https://source.android.com/security/selinux/device-policy#label_new_services_and_address_denials
03-13 21:13:09.695     0     0 E [20210313_21:13:09.695047]@7 [TP]sec-s6sy761: sec_touchhold_switch_mode: touchhold_enable: 1 success!
03-13 21:13:09.695  1500  1500 W FingerprintService: client com.android.systemui is authenticating...
03-13 21:13:09.763  1500  2100 D ConnectivityService: Setting DNS servers for network 104 to [/fe80::1%wlan0, /192.168.1.1]
03-13 21:13:09.763  1500  2100 D DnsManager: sendDnsConfigurationForNetwork(104, [fe80::1%wlan0, 192.168.1.1], [], 1800, 25, 8, 64, 0, 0, , [fe80::1%wlan0, 192.168.1.1])
03-13 21:13:09.771  1500  2100 I Nat464Xlat: Android Xlat is disabled
03-13 21:13:09.780     0     0 D [20210313_21:13:09.780002]@2 logd: logdr: UID=10156 GID=10156 PID=2890 n tail=0 logMask=4 pid=0 start=0ns timeout=0ns
03-13 21:13:09.771  1500  2100 I Nat464Xlat: Android Xlat is disabled
03-13 21:13:09.863  1500  1544 D CompatibilityChangeReporter: Compat change id reported: 135634846; UID 10214; state: DISABLED
03-13 21:13:09.863  1500  1545 D CompatibilityChangeReporter: Compat change id reported: 143937733; UID 10214; state: DISABLED
03-13 21:13:09.890  1500  1545 I ActivityManager: Start proc 8117:org.telegram.messenger/u0a214 for broadcast {org.telegram.messenger/com.google.firebase.iid.FirebaseInstanceIdReceiver}
03-13 21:13:09.924  1500  6430 I RescueParty: Starting to observe: [android], updated namespace: configuration
03-13 21:13:09.926  1500  6430 I PackageWatchdog: Updated health check state for package android: INACTIVE -> INACTIVE
03-13 21:13:09.927  1500  1543 I PackageWatchdog: Syncing state, reason: observing new packages
03-13 21:13:09.927  1500  1543 I PackageWatchdog: Removing 314ms from all packages on all observers
03-13 21:13:09.927  1500  1543 I PackageWatchdog: Updated health check state for package com.google.android.ext.services: PASSED -> PASSED
03-13 21:13:09.927  1500  1543 I PackageWatchdog: Updated health check state for package android: PASSED -> PASSED
03-13 21:13:09.927  1500  1543 I PackageWatchdog: Updated health check state for package com.android.launcher3: PASSED -> PASSED
03-13 21:13:09.927  1500  1543 I PackageWatchdog: Updated health check state for package com.google.android.as: PASSED -> PASSED
03-13 21:13:09.927  1500  1543 I PackageWatchdog: Updated health check state for package com.google.android.networkstack: PASSED -> PASSED
03-13 21:13:09.927  1500  1543 I PackageWatchdog: Updated health check state for package com.android.systemui: PASSED -> PASSED
03-13 21:13:09.927  1500  1543 I PackageWatchdog: Scheduling next state sync in 172796619ms
03-13 21:13:09.927  1500  1543 D PackageWatchdog: rescue-party-observer added the following packages to monitor [android]
03-13 21:13:09.927  1500  1543 I PackageWatchdog: Syncing state, reason: updated observers
03-13 21:13:09.927  1500  1543 I PackageWatchdog: Not pruning observers, elapsed time: 0ms
03-13 21:13:09.927  1500  1543 I PackageWatchdog: Scheduling next state sync in 172796619ms
03-13 21:13:09.928  1500  1543 I PackageWatchdog: Saving observer state to file
03-13 21:13:09.952  1500  2886 D CompatibilityChangeReporter: Compat change id reported: 124107808; UID 10155; state: DISABLED
03-13 21:13:09.962  1500  2100 D ConnectivityService: releasing NetworkRequest [ TRACK_DEFAULT id=50, [ Capabilities: INTERNET&NOT_RESTRICTED&TRUSTED Uid: 10151 AdministratorUids: [] RequestorUid: 10151 RequestorPackageName: com.google.android.dialer] ] (release request)
03-13 21:13:09.979  1500  1500 D PackageWatchdog: Getting all observed packages pending health checks
03-13 21:13:09.979  1500  1500 I PackageWatchdog: Syncing health check requests for packages: {}
03-13 21:13:09.980  1500  1500 I ExplicitHealthCheckController: Service not ready to get health check supported packages. Binding...
03-13 21:13:09.995  1500  1500 I ExplicitHealthCheckController: Explicit health check service is bound
03-13 21:13:10.004  1500  1500 I ExplicitHealthCheckController: Explicit health check service is connected ComponentInfo{com.google.android.ext.services/android.ext.services.watchdog.ExplicitHealthCheckServiceImpl}
03-13 21:13:10.005  1500  1500 I ExplicitHealthCheckController: Service initialized, syncing requests
03-13 21:13:10.005  1500  1500 D PackageWatchdog: Getting all observed packages pending health checks
03-13 21:13:10.005  1500  1500 I PackageWatchdog: Syncing health check requests for packages: {}
03-13 21:13:10.005  1500  1500 D ExplicitHealthCheckController: Getting health check supported packages
03-13 21:13:10.006  1500  4118 I ExplicitHealthCheckController: Explicit health check supported packages [PackageConfig{com.google.android.networkstack, 86400000}]
03-13 21:13:10.006  1500  4118 D PackageWatchdog: Received supported packages [PackageConfig{com.google.android.networkstack, 86400000}]
03-13 21:13:10.007  1500  4118 I PackageWatchdog: Updated health check state for package com.google.android.ext.services: PASSED -> PASSED
03-13 21:13:10.007  1500  4118 I PackageWatchdog: Updated health check state for package android: PASSED -> PASSED
03-13 21:13:10.007  1500  4118 I PackageWatchdog: Updated health check state for package com.android.launcher3: PASSED -> PASSED
03-13 21:13:10.007  1500  4118 I PackageWatchdog: Updated health check state for package com.google.android.as: PASSED -> PASSED
03-13 21:13:10.007  1500  4118 I PackageWatchdog: Updated health check state for package com.google.android.networkstack: PASSED -> PASSED
03-13 21:13:10.007  1500  4118 I PackageWatchdog: Updated health check state for package com.android.systemui: PASSED -> PASSED
03-13 21:13:10.007  1500  4118 D ExplicitHealthCheckController: Getting health check requested packages
03-13 21:13:10.009  1500  2051 I ActivityManager: Killing 6038:com.android.hotwordenrollment.okgoogle/u0a153 (adj 995): empty #31
03-13 21:13:10.009  1500  4118 I ExplicitHealthCheckController: Explicit health check requested packages []
03-13 21:13:10.009  1500  4118 I ExplicitHealthCheckController: No more health check requests, unbinding...
03-13 21:13:10.016  1500  4118 I ExplicitHealthCheckController: Explicit health check service is unbound
03-13 21:13:10.051     0     0 D [20210313_21:13:10.045895]@1 logd: logdr: UID=10156 GID=10156 PID=2890 n tail=0 logMask=4 pid=0 start=1615650189677000000ns timeout=1615657390011464670ns
03-13 21:13:10.068  1500  2117 I RescueParty: Starting to observe: [com.google.android.networkstack], updated namespace: connectivity
03-13 21:13:10.068  1500  2117 I PackageWatchdog: Updated health check state for package com.google.android.networkstack: INACTIVE -> INACTIVE
03-13 21:13:10.068  1500  1543 I PackageWatchdog: Syncing state, reason: observing new packages
03-13 21:13:10.068  1500  1543 I PackageWatchdog: Removing 141ms from all packages on all observers
03-13 21:13:10.068  1500  1543 I PackageWatchdog: Updated health check state for package com.google.android.ext.services: PASSED -> PASSED
03-13 21:13:10.068  1500  1543 I PackageWatchdog: Updated health check state for package android: PASSED -> PASSED
03-13 21:13:10.068  1500  1543 I PackageWatchdog: Updated health check state for package com.android.launcher3: PASSED -> PASSED
03-13 21:13:10.068  1500  1543 I PackageWatchdog: Updated health check state for package com.google.android.as: PASSED -> PASSED
03-13 21:13:10.068  1500  1543 I PackageWatchdog: Updated health check state for package com.google.android.networkstack: PASSED -> PASSED
03-13 21:13:10.068  1500  1543 I PackageWatchdog: Updated health check state for package com.android.systemui: PASSED -> PASSED
03-13 21:13:10.068  1500  1543 I PackageWatchdog: Scheduling next state sync in 172796478ms
03-13 21:13:10.068  1500  1543 D PackageWatchdog: rescue-party-observer added the following packages to monitor [com.google.android.networkstack]
03-13 21:13:10.068  1500  1543 I PackageWatchdog: Syncing state, reason: updated observers
03-13 21:13:10.068  1500  1543 I PackageWatchdog: Not pruning observers, elapsed time: 0ms
03-13 21:13:10.068  1500  1543 I PackageWatchdog: Scheduling next state sync in 172796573ms
03-13 21:13:10.069  1500  1543 I PackageWatchdog: Saving observer state to file
03-13 21:13:10.076  1500  1500 D PackageWatchdog: Getting all observed packages pending health checks
03-13 21:13:10.076  1500  1500 I PackageWatchdog: Syncing health check requests for packages: {}
03-13 21:13:10.076  1500  1500 I ExplicitHealthCheckController: Service not ready to get health check supported packages. Binding...
03-13 21:13:10.077  1500  1500 I ExplicitHealthCheckController: Explicit health check service is bound
03-13 21:13:10.080  1500  1500 I ExplicitHealthCheckController: Explicit health check service is connected ComponentInfo{com.google.android.ext.services/android.ext.services.watchdog.ExplicitHealthCheckServiceImpl}
03-13 21:13:10.080  1500  1500 I ExplicitHealthCheckController: Service initialized, syncing requests
03-13 21:13:10.080  1500  1500 D PackageWatchdog: Getting all observed packages pending health checks
03-13 21:13:10.080  1500  1500 I PackageWatchdog: Syncing health check requests for packages: {}
03-13 21:13:10.080  1500  1500 D ExplicitHealthCheckController: Getting health check supported packages
03-13 21:13:10.081  1500  2258 I ExplicitHealthCheckController: Explicit health check supported packages [PackageConfig{com.google.android.networkstack, 86400000}]
03-13 21:13:10.081  1500  2258 D PackageWatchdog: Received supported packages [PackageConfig{com.google.android.networkstack, 86400000}]
03-13 21:13:10.081  1500  2258 I PackageWatchdog: Updated health check state for package com.google.android.ext.services: PASSED -> PASSED
03-13 21:13:10.081  1500  2258 I PackageWatchdog: Updated health check state for package android: PASSED -> PASSED
03-13 21:13:10.081  1500  2258 I PackageWatchdog: Updated health check state for package com.android.launcher3: PASSED -> PASSED
03-13 21:13:10.081  1500  2258 I PackageWatchdog: Updated health check state for package com.google.android.as: PASSED -> PASSED
03-13 21:13:10.081  1500  2258 I PackageWatchdog: Updated health check state for package com.google.android.networkstack: PASSED -> PASSED
03-13 21:13:10.081  1500  2258 I PackageWatchdog: Updated health check state for package com.android.systemui: PASSED -> PASSED
03-13 21:13:10.081  1500  2258 D ExplicitHealthCheckController: Getting health check requested packages
03-13 21:13:10.081  1500  2117 I ExplicitHealthCheckController: Explicit health check requested packages []
03-13 21:13:10.081  1500  2117 I ExplicitHealthCheckController: No more health check requests, unbinding...
03-13 21:13:10.084  1500  2117 I ExplicitHealthCheckController: Explicit health check service is unbound
03-13 21:13:10.095  1500  1565 I DisplayPowerController: Blocking screen off
03-13 21:13:10.095  1500  1565 I DisplayPowerController: Unblocked screen off after 0 ms
03-13 21:13:10.096  1500  2258 I RescueParty: Starting to observe: [android], updated namespace: content_capture
03-13 21:13:10.096  1500  2258 I PackageWatchdog: Updated health check state for package android: INACTIVE -> INACTIVE
03-13 21:13:10.097  1500  1543 I PackageWatchdog: Syncing state, reason: observing new packages
03-13 21:13:10.097  1500  1543 I PackageWatchdog: Removing 29ms from all packages on all observers
03-13 21:13:10.097  1500  1543 I PackageWatchdog: Updated health check state for package com.google.android.ext.services: PASSED -> PASSED
03-13 21:13:10.097  1500  1543 I PackageWatchdog: Updated health check state for package android: PASSED -> PASSED
03-13 21:13:10.097  1500  1543 I PackageWatchdog: Updated health check state for package com.android.launcher3: PASSED -> PASSED
03-13 21:13:10.097  1500  1543 I PackageWatchdog: Updated health check state for package com.google.android.as: PASSED -> PASSED
03-13 21:13:10.097  1500  1543 I PackageWatchdog: Updated health check state for package com.google.android.networkstack: PASSED -> PASSED
03-13 21:13:10.097  1500  1543 I PackageWatchdog: Updated health check state for package com.android.systemui: PASSED -> PASSED
03-13 21:13:10.097  1500  1543 I PackageWatchdog: Scheduling next state sync in 172796544ms
03-13 21:13:10.097  1500  1543 D PackageWatchdog: rescue-party-observer added the following packages to monitor [android]
03-13 21:13:10.097  1500  1543 I PackageWatchdog: Syncing state, reason: updated observers
03-13 21:13:10.097  1500  1543 I PackageWatchdog: Not pruning observers, elapsed time: 0ms
03-13 21:13:10.098  1500  1543 I PackageWatchdog: Scheduling next state sync in 172796544ms
03-13 21:13:10.098  1500  1543 I PackageWatchdog: Saving observer state to file
03-13 21:13:10.099  1500  1555 E KernelCpuUidUserSysTimeReader: Negative user/sys time delta for UID=10217
03-13 21:13:10.099  1500  1555 E KernelCpuUidUserSysTimeReader: Prev times: u=414000 s=284000 Curr times: u=354000 s=178000
03-13 21:13:10.104     0     0 E [20210313_21:13:10.103379]@0 msm-dsi-panel: [dsi_panel_update_backlight:951] backlight = 0
03-13 21:13:10.105  1500  1500 D PackageWatchdog: Getting all observed packages pending health checks
03-13 21:13:10.105  1500  1500 I PackageWatchdog: Syncing health check requests for packages: {}
03-13 21:13:10.105  1500  1500 I ExplicitHealthCheckController: Service not ready to get health check supported packages. Binding...
03-13 21:13:10.124  1500  1565 D ActivityTaskManager: Top Process State changed to PROCESS_STATE_TOP_SLEEPING
03-13 21:13:10.139  1500  1565 V DisplayPowerController: Brightness [-1.0] reason changing to: 'screen_off', previous reason: 'automatic'.
03-13 21:13:10.140  1500  1500 I ExplicitHealthCheckController: Explicit health check service is bound
03-13 21:13:10.152     0     0 I [20210313_21:13:10.150016]@3 gf_spi: [info] goodix_fb_state_chg_callback go to the msm_drm_notifier_callback value = 2
03-13 21:13:10.152     0     0 E [20210313_21:13:10.150063]@3 [TP]touchpanel: fb_notifier_callback: event = 2, blank = 1
03-13 21:13:10.152     0     0 I [20210313_21:13:10.150099]@3 BQ: bq27541_set_lcd_off_status: off=1
03-13 21:13:10.152     0     0 I [20210313_21:13:10.151106]@3 BQ: bq27541_set_lcd_off_status: lcd_off_delt_soc:0,soc=83,soc_pre=83
03-13 21:13:10.152     0     0 I         : [20210313_21:13:10.151156]@3 [oneplus_motor]  fb_notifier_callback : led_on 0
03-13 21:13:10.152     0     0 I [20210313_21:13:10.151168]@3 gf_spi: [info] goodix_fb_state_chg_callback go to the msm_drm_notifier_callback value = 2
03-13 21:13:10.152     0     0 I [20210313_21:13:10.151174]@3 gf_spi: goodix_fb_state_chg_callback defalut
03-13 21:13:10.152     0     0 E [20210313_21:13:10.151180]@3 [TP]touchpanel: fb_notifier_callback: event = 2, blank = 4
03-13 21:13:10.152     0     0 E [20210313_21:13:10.151188]@3 [TP]touchpanel: tp_suspend: start.
03-13 21:13:10.153     0     0 E [20210313_21:13:10.151195]@3 [TP]touchpanel: tp_suspend ts->spuri_fp_touch.fp_trigger =0  ts->i2c_ready =1  ts->spuri_fp_touch.lcd_resume_ok=0
03-13 21:13:10.153     0     0 E [20210313_21:13:10.151209]@3 [TP]touchpanel: release all touch point and key, clear tp touch down flag
03-13 21:13:10.153     0     0 E [20210313_21:13:10.151592]@1 [TP]sec-s6sy761: sec_enable_face_mode: state: 0 success!
03-13 21:13:10.153     0     0 E [20210313_21:13:10.151603]@1 [TP]sec-s6sy761: sec_enable_black_gesture, enable = 1
03-13 21:13:10.162     0     0 E [20210313_21:13:10.162242]@1 [TP]sec-s6sy761: sec_enable_black_gesture: 0 times enter black gesture success
03-13 21:13:10.162     0     0 E [20210313_21:13:10.162258]@1 [TP]touchpanel: tp_suspend: end.
03-13 21:13:10.162     0     0 I         : [20210313_21:13:10.162315]@1 [oneplus_motor]  fb_notifier_callback : receives wrong data EARLY_BLANK:4
03-13 21:13:10.162     0     0 E [20210313_21:13:10.162419]@0 msm-dsi-panel: [dsi_panel_update_backlight:951] backlight = 0
03-13 21:13:10.161  1500  1500 I ExplicitHealthCheckController: Explicit health check service is connected ComponentInfo{com.google.android.ext.services/android.ext.services.watchdog.ExplicitHealthCheckServiceImpl}
03-13 21:13:10.161  1500  1500 I ExplicitHealthCheckController: Service initialized, syncing requests
03-13 21:13:10.161  1500  1500 D PackageWatchdog: Getting all observed packages pending health checks
03-13 21:13:10.161  1500  1500 I PackageWatchdog: Syncing health check requests for packages: {}
03-13 21:13:10.161  1500  1500 D ExplicitHealthCheckController: Getting health check supported packages
03-13 21:13:10.163  1500  4111 I ExplicitHealthCheckController: Explicit health check supported packages [PackageConfig{com.google.android.networkstack, 86400000}]
03-13 21:13:10.163  1500  4111 D PackageWatchdog: Received supported packages [PackageConfig{com.google.android.networkstack, 86400000}]
03-13 21:13:10.163  1500  4111 I PackageWatchdog: Updated health check state for package com.google.android.ext.services: PASSED -> PASSED
03-13 21:13:10.163  1500  4111 I PackageWatchdog: Updated health check state for package android: PASSED -> PASSED
03-13 21:13:10.163  1500  4111 I PackageWatchdog: Updated health check state for package com.android.launcher3: PASSED -> PASSED
03-13 21:13:10.163  1500  4111 I PackageWatchdog: Updated health check state for package com.google.android.as: PASSED -> PASSED
03-13 21:13:10.163  1500  4111 I PackageWatchdog: Updated health check state for package com.google.android.networkstack: PASSED -> PASSED
03-13 21:13:10.163  1500  4111 I PackageWatchdog: Updated health check state for package com.android.systemui: PASSED -> PASSED
03-13 21:13:10.163  1500  4111 D ExplicitHealthCheckController: Getting health check requested packages
03-13 21:13:10.165  1500  1519 I ExplicitHealthCheckController: Explicit health check requested packages []
03-13 21:13:10.165  1500  1519 I ExplicitHealthCheckController: No more health check requests, unbinding...
03-13 21:13:10.167  1500  1534 I DisplayManagerService: Display device changed state: "Built-in Screen", OFF
03-13 21:13:10.169  1500  1519 I ExplicitHealthCheckController: Explicit health check service is unbound
03-13 21:13:10.173     0     0 E [20210313_21:13:10.172728]@6 msm-dsi-panel: [dsi_panel_disable:5104] dsi_panel_disable aod_mode =0
03-13 21:13:10.173     0     0 E         : [20210313_21:13:10.172735]@6 dsi_panel_disable ++
03-13 21:13:10.173  1500  1519 I RescueParty: Starting to observe: [com.google.android.as], updated namespace: device_personalization_services
03-13 21:13:10.173  1500  1519 I PackageWatchdog: Updated health check state for package com.google.android.as: INACTIVE -> INACTIVE
03-13 21:13:10.180  1500  4111 I ActivityManager: Killing 6087:com.android.hotwordenrollment.xgoogle/u0a145 (adj 999): empty #31
03-13 21:13:10.208  1500  1543 I PackageWatchdog: Syncing state, reason: observing new packages
03-13 21:13:10.208  1500  1543 I PackageWatchdog: Removing 111ms from all packages on all observers
03-13 21:13:10.208  1500  1543 I PackageWatchdog: Updated health check state for package com.google.android.ext.services: PASSED -> PASSED
03-13 21:13:10.208  1500  1543 I PackageWatchdog: Updated health check state for package android: PASSED -> PASSED
03-13 21:13:10.208  1500  1543 I PackageWatchdog: Updated health check state for package com.android.launcher3: PASSED -> PASSED
03-13 21:13:10.208  1500  1543 I PackageWatchdog: Updated health check state for package com.google.android.as: PASSED -> PASSED
03-13 21:13:10.208  1500  1543 I PackageWatchdog: Updated health check state for package com.google.android.networkstack: PASSED -> PASSED
03-13 21:13:10.208  1500  1543 I PackageWatchdog: Updated health check state for package com.android.systemui: PASSED -> PASSED
03-13 21:13:10.208  1500  1543 I PackageWatchdog: Scheduling next state sync in 172796433ms
03-13 21:13:10.208  1500  1543 D PackageWatchdog: rescue-party-observer added the following packages to monitor [com.google.android.as]
03-13 21:13:10.208  1500  1543 I PackageWatchdog: Syncing state, reason: updated observers
03-13 21:13:10.208  1500  1543 I PackageWatchdog: Not pruning observers, elapsed time: 0ms
03-13 21:13:10.208  1500  1543 I PackageWatchdog: Scheduling next state sync in 172796500ms
03-13 21:13:10.208  1500  1543 I PackageWatchdog: Saving observer state to file
03-13 21:13:10.214  1500  2886 D CompatibilityChangeReporter: Compat change id reported: 135634846; UID 10185; state: DISABLED
03-13 21:13:10.214  1500  1545 D CompatibilityChangeReporter: Compat change id reported: 143937733; UID 10185; state: ENABLED
03-13 21:13:10.234  1500  1545 I ActivityManager: Start proc 8198:com.qualcomm.location.XT/u0a185 for broadcast {com.qualcomm.location.XT/com.qualcomm.location.XT.XTBroadcastReceiver}
03-13 21:13:10.240  1500  1500 D PackageWatchdog: Getting all observed packages pending health checks
03-13 21:13:10.241  1500  1500 I PackageWatchdog: Syncing health check requests for packages: {}
03-13 21:13:10.241  1500  1500 I ExplicitHealthCheckController: Service not ready to get health check supported packages. Binding...
03-13 21:13:10.243  1500  1500 I ExplicitHealthCheckController: Explicit health check service is bound
03-13 21:13:10.245  1500  1500 I ExplicitHealthCheckController: Explicit health check service is connected ComponentInfo{com.google.android.ext.services/android.ext.services.watchdog.ExplicitHealthCheckServiceImpl}
03-13 21:13:10.246  1500  1500 I ExplicitHealthCheckController: Service initialized, syncing requests
03-13 21:13:10.246  1500  1500 D PackageWatchdog: Getting all observed packages pending health checks
03-13 21:13:10.246  1500  1500 I PackageWatchdog: Syncing health check requests for packages: {}
03-13 21:13:10.246  1500  1500 D ExplicitHealthCheckController: Getting health check supported packages
03-13 21:13:10.250  1500  4115 I ExplicitHealthCheckController: Explicit health check supported packages [PackageConfig{com.google.android.networkstack, 86400000}]
03-13 21:13:10.250  1500  4115 D PackageWatchdog: Received supported packages [PackageConfig{com.google.android.networkstack, 86400000}]
03-13 21:13:10.250  1500  4115 I PackageWatchdog: Updated health check state for package com.google.android.ext.services: PASSED -> PASSED
03-13 21:13:10.250  1500  4115 I PackageWatchdog: Updated health check state for package android: PASSED -> PASSED
03-13 21:13:10.250  1500  4115 I PackageWatchdog: Updated health check state for package com.android.launcher3: PASSED -> PASSED
03-13 21:13:10.250  1500  4115 I PackageWatchdog: Updated health check state for package com.google.android.as: PASSED -> PASSED
03-13 21:13:10.250  1500  4115 I PackageWatchdog: Updated health check state for package com.google.android.networkstack: PASSED -> PASSED
03-13 21:13:10.250  1500  4115 I PackageWatchdog: Updated health check state for package com.android.systemui: PASSED -> PASSED
03-13 21:13:10.250  1500  4115 D ExplicitHealthCheckController: Getting health check requested packages
03-13 21:13:10.251  1500  2257 I ExplicitHealthCheckController: Explicit health check requested packages []
03-13 21:13:10.251  1500  2257 I ExplicitHealthCheckController: No more health check requests, unbinding...
03-13 21:13:10.253  1500  2257 I ExplicitHealthCheckController: Explicit health check service is unbound
03-13 21:13:10.307     0     0 E         : [20210313_21:13:10.303098]@1 dsi_panel_disable --
03-13 21:13:10.307     0     0 E [20210313_21:13:10.303546]@1 msm-dsi-panel: [dsi_panel_power_off:732] disable poc gpio
03-13 21:13:10.307     0     0 I [20210313_21:13:10.303653]@1 gf_spi: [info] goodix_fb_state_chg_callback go to the msm_drm_notifier_callback value = 2
03-13 21:13:10.307     0     0 I [20210313_21:13:10.303660]@1 gf_spi: goodix_fb_state_chg_callback defalut
03-13 21:13:10.307     0     0 E [20210313_21:13:10.303666]@1 [TP]touchpanel: fb_notifier_callback: event = 2, blank = 7
03-13 21:13:10.307     0     0 I         : [20210313_21:13:10.303703]@1 [oneplus_motor]  fb_notifier_callback : receives wrong data EARLY_BLANK:7
03-13 21:13:10.307     0     0 E [20210313_21:13:10.303792]@1 [TP]touchpanel: fb_notifier_callback: event = 1, blank = 1
03-13 21:13:10.273  1500  2117 I RescueParty: Starting to observe: [com.android.launcher3], updated namespace: launcher
03-13 21:13:10.274  1500  2117 I PackageWatchdog: Updated health check state for package com.android.launcher3: INACTIVE -> INACTIVE
03-13 21:13:10.336     0     0 I         : [20210313_21:13:10.334629]@0 Power-Key DOWN
03-13 21:13:10.275  1500  1543 I PackageWatchdog: Syncing state, reason: observing new packages
03-13 21:13:10.275  1500  1543 I PackageWatchdog: Removing 67ms from all packages on all observers
03-13 21:13:10.275  1500  1543 I PackageWatchdog: Updated health check state for package com.google.android.ext.services: PASSED -> PASSED
03-13 21:13:10.275  1500  1543 I PackageWatchdog: Updated health check state for package android: PASSED -> PASSED
03-13 21:13:10.275  1500  1543 I PackageWatchdog: Updated health check state for package com.android.launcher3: PASSED -> PASSED
03-13 21:13:10.275  1500  1543 I PackageWatchdog: Updated health check state for package com.google.android.as: PASSED -> PASSED
03-13 21:13:10.275  1500  1543 I PackageWatchdog: Updated health check state for package com.google.android.networkstack: PASSED -> PASSED
03-13 21:13:10.275  1500  1543 I PackageWatchdog: Updated health check state for package com.android.systemui: PASSED -> PASSED
03-13 21:13:10.275  1500  1543 I PackageWatchdog: Scheduling next state sync in 172796433ms
03-13 21:13:10.275  1500  1543 D PackageWatchdog: rescue-party-observer added the following packages to monitor [com.android.launcher3]
03-13 21:13:10.275  1500  1543 I PackageWatchdog: Syncing state, reason: updated observers
03-13 21:13:10.275  1500  1543 I PackageWatchdog: Not pruning observers, elapsed time: 0ms
03-13 21:13:10.275  1500  1543 I PackageWatchdog: Scheduling next state sync in 172796716ms
03-13 21:13:10.275  1500  1543 I PackageWatchdog: Saving observer state to file
03-13 21:13:10.286  1500  2886 I RescueParty: Starting to observe: [android], updated namespace: netd_native
03-13 21:13:10.286  1500  2886 I PackageWatchdog: Updated health check state for package android: INACTIVE -> INACTIVE
03-13 21:13:10.291  1500  2886 D ConnectivityService: requestNetwork for uid/pid:10182/7833 NetworkRequest [ TRACK_DEFAULT id=60, [ Capabilities: INTERNET&NOT_RESTRICTED&TRUSTED Uid: 10182 AdministratorUids: [] RequestorUid: 10182 RequestorPackageName: com.google.android.youtube] ]
03-13 21:13:10.292  1500  2100 D ConnectivityService: NetReassign [60 : null  104]
03-13 21:13:10.302  1500  1500 D PackageWatchdog: Getting all observed packages pending health checks
03-13 21:13:10.302  1500  1500 I PackageWatchdog: Syncing health check requests for packages: {}
03-13 21:13:10.302  1500  1500 I ExplicitHealthCheckController: Service not ready to get health check supported packages. Binding...
03-13 21:13:10.303  1500  1543 I PackageWatchdog: Syncing state, reason: observing new packages
03-13 21:13:10.303  1500  1543 I PackageWatchdog: Removing 28ms from all packages on all observers
03-13 21:13:10.303  1500  1543 I PackageWatchdog: Updated health check state for package com.google.android.ext.services: PASSED -> PASSED
03-13 21:13:10.303  1500  1543 I PackageWatchdog: Updated health check state for package android: PASSED -> PASSED
03-13 21:13:10.303  1500  1543 I PackageWatchdog: Updated health check state for package com.android.launcher3: PASSED -> PASSED
03-13 21:13:10.303  1500  1543 I PackageWatchdog: Updated health check state for package com.google.android.as: PASSED -> PASSED
03-13 21:13:10.303  1500  1543 I PackageWatchdog: Updated health check state for package com.google.android.networkstack: PASSED -> PASSED
03-13 21:13:10.303  1500  1543 I PackageWatchdog: Updated health check state for package com.android.systemui: PASSED -> PASSED
03-13 21:13:10.303  1500  1543 I PackageWatchdog: Scheduling next state sync in 172796688ms
03-13 21:13:10.303  1500  1543 D PackageWatchdog: rescue-party-observer added the following packages to monitor [android]
03-13 21:13:10.303  1500  1543 I PackageWatchdog: Syncing state, reason: updated observers
03-13 21:13:10.303  1500  1543 I PackageWatchdog: Not pruning observers, elapsed time: 0ms
03-13 21:13:10.303  1500  1543 I PackageWatchdog: Scheduling next state sync in 172796688ms
03-13 21:13:10.303  1500  1543 I PackageWatchdog: Saving observer state to file
03-13 21:13:10.304  1500  1500 I ExplicitHealthCheckController: Explicit health check service is bound
03-13 21:13:10.308  1500  1500 D PackageWatchdog: Getting all observed packages pending health checks
03-13 21:13:10.308  1500  1500 I PackageWatchdog: Syncing health check requests for packages: {}
03-13 21:13:10.308  1500  1500 I ExplicitHealthCheckController: Service not ready to get health check supported packages. Binding...
03-13 21:13:10.308  1500  1500 I ExplicitHealthCheckController: Not binding to service, service already connecting
03-13 21:13:10.308  1500  1500 I ExplicitHealthCheckController: Explicit health check service is connected ComponentInfo{com.google.android.ext.services/android.ext.services.watchdog.ExplicitHealthCheckServiceImpl}
03-13 21:13:10.309  1500  1500 I ExplicitHealthCheckController: Service initialized, syncing requests
03-13 21:13:10.309  1500  1500 D PackageWatchdog: Getting all observed packages pending health checks
03-13 21:13:10.309  1500  1500 I PackageWatchdog: Syncing health check requests for packages: {}
03-13 21:13:10.309  1500  1500 D ExplicitHealthCheckController: Getting health check supported packages
03-13 21:13:10.310  1500  1565 I DreamManagerService: Entering dreamland.
03-13 21:13:10.310  1500  1565 I PowerManagerService: Dozing...
03-13 21:13:10.310  1500  6430 I ExplicitHealthCheckController: Explicit health check supported packages [PackageConfig{com.google.android.networkstack, 86400000}]
03-13 21:13:10.310  1500  6430 D PackageWatchdog: Received supported packages [PackageConfig{com.google.android.networkstack, 86400000}]
03-13 21:13:10.310  1500  6430 I PackageWatchdog: Updated health check state for package com.google.android.ext.services: PASSED -> PASSED
03-13 21:13:10.310  1500  6430 I PackageWatchdog: Updated health check state for package android: PASSED -> PASSED
03-13 21:13:10.310  1500  6430 I PackageWatchdog: Updated health check state for package com.android.launcher3: PASSED -> PASSED
03-13 21:13:10.310  1500  6430 I PackageWatchdog: Updated health check state for package com.google.android.as: PASSED -> PASSED
03-13 21:13:10.310  1500  6430 I PackageWatchdog: Updated health check state for package com.google.android.networkstack: PASSED -> PASSED
03-13 21:13:10.310  1500  6430 I PackageWatchdog: Updated health check state for package com.android.systemui: PASSED -> PASSED
03-13 21:13:10.310  1500  6430 D ExplicitHealthCheckController: Getting health check requested packages
03-13 21:13:10.311  1500  6430 I ExplicitHealthCheckController: Explicit health check requested packages []
03-13 21:13:10.311  1500  6430 I ExplicitHealthCheckController: No more health check requests, unbinding...
03-13 21:13:10.311  1500  1531 I DreamController: Starting dream: name=ComponentInfo{com.android.systemui/com.android.systemui.doze.DozeService}, isTest=false, canDoze=true, userId=0
03-13 21:13:10.317  1500  6430 I ExplicitHealthCheckController: Explicit health check service is unbound
03-13 21:13:10.320  1500  1531 D AutofillManagerService: Close system dialogs
03-13 21:13:10.352     0     0 I [20210313_21:13:10.349996]@5 msm-dsi-display: [fresh_rate_read] fresh_rate : 90
03-13 21:13:10.389     0     0 I [20210313_21:13:10.350003]@5 msm-dsi-display: [fresh_rate_read] fresh_rate : 90
03-13 21:13:10.389     0     0 I [20210313_21:13:10.350007]@5 msm-dsi-display: [fresh_rate_read] fresh_rate : 90
03-13 21:13:10.389     0     0 I [20210313_21:13:10.380336]@6 gf_spi: [info] goodix_fb_state_chg_callback go to the msm_drm_notifier_callback value = 2
03-13 21:13:10.389     0     0 E [20210313_21:13:10.380373]@6 [TP]touchpanel: fb_notifier_callback: event = 2, blank = 0
03-13 21:13:10.389     0     0 I [20210313_21:13:10.380401]@6 BQ: bq27541_set_lcd_off_status: off=0
03-13 21:13:10.389     0     0 I         : [20210313_21:13:10.380405]@6 [oneplus_motor]  fb_notifier_callback : led_on 1
03-13 21:13:10.389     0     0 I [20210313_21:13:10.380431]@6 dsi-ctrl: [_dsi_ctrl_setup_isr] [DSI_0] IRQ 632 registered
03-13 21:13:10.389     0     0 E [20210313_21:13:10.380438]@6 msm-dsi-panel: [dsi_panel_pre_prepare:4507] enable tp1v8 gpio
03-13 21:13:10.389     0     0 I [20210313_21:13:10.388038]@6 share_ioctl: INVAILD cmd
03-13 21:13:10.390     0     0 I [20210313_21:13:10.388048]@6 sensor_write: state is 0x1
03-13 21:13:10.390     0     0 I [20210313_21:13:10.388070]@4 sensor_poll: exit mask is 0x41
03-13 21:13:10.326  1500  2100 D ConnectivityService: releasing NetworkRequest [ TRACK_DEFAULT id=60, [ Capabilities: INTERNET&NOT_RESTRICTED&TRUSTED Uid: 10182 AdministratorUids: [] RequestorUid: 10182 RequestorPackageName: com.google.android.youtube] ] (release request)
03-13 21:13:10.340  1500  2075 I PowerManagerService: Waking up from Dozing (uid=1000, reason=WAKE_REASON_POWER_BUTTON, details=android.policy:POWER)...
03-13 21:13:10.342  1500  1565 I DisplayPowerController: Blocking screen on until initial contents have been drawn.
03-13 21:13:10.350  1500  1565 V DisplayPowerController: Brightness [0.035433073] reason changing to: 'manual', previous reason: 'screen_off'.
03-13 21:13:10.351  1500  1534 I DisplayManagerService: Display device changed state: "Built-in Screen", ON
03-13 21:13:10.356  1500  1565 I DisplayPowerController: Unblocked screen on after 14 ms
03-13 21:13:10.397     0     0 E [20210313_21:13:10.393038]@4 [ELUS]: (elliptic_ultrasound_rx_port_set) : ultrasound_rx_port: enable=0 ret=0
03-13 21:13:10.369  1500  2051 D CompatibilityChangeReporter: Compat change id reported: 149924527; UID 10214; state: ENABLED
03-13 21:13:10.374  1500  4114 D CompatibilityChangeReporter: Compat change id reported: 132649864; UID 10214; state: DISABLED
03-13 21:13:10.387  1500  1519 I RescueParty: Starting to observe: [com.android.systemui], updated namespace: privacy
03-13 21:13:10.387  1500  1519 I PackageWatchdog: Updated health check state for package com.android.systemui: INACTIVE -> INACTIVE
03-13 21:13:10.387  1500  1543 I PackageWatchdog: Syncing state, reason: observing new packages
03-13 21:13:10.387  1500  1543 I PackageWatchdog: Removing 84ms from all packages on all observers
03-13 21:13:10.387  1500  1543 I PackageWatchdog: Updated health check state for package com.google.android.ext.services: PASSED -> PASSED
03-13 21:13:10.387  1500  1543 I PackageWatchdog: Updated health check state for package android: PASSED -> PASSED
03-13 21:13:10.387  1500  1543 I PackageWatchdog: Updated health check state for package com.android.launcher3: PASSED -> PASSED
03-13 21:13:10.387  1500  1543 I PackageWatchdog: Updated health check state for package com.google.android.as: PASSED -> PASSED
03-13 21:13:10.387  1500  1543 I PackageWatchdog: Updated health check state for package com.google.android.networkstack: PASSED -> PASSED
03-13 21:13:10.408     0     0 E         : [20210313_21:13:10.402536]@6 send_afe_cal_type cal_block not found!!
03-13 21:13:10.387  1500  1543 I PackageWatchdog: Updated health check state for package com.android.systemui: PASSED -> PASSED
03-13 21:13:10.388  1500  1543 I PackageWatchdog: Scheduling next state sync in 172796604ms
03-13 21:13:10.388  1500  1543 D PackageWatchdog: rescue-party-observer added the following packages to monitor [com.android.systemui]
03-13 21:13:10.388  1500  1543 I PackageWatchdog: Syncing state, reason: updated observers
03-13 21:13:10.388  1500  1543 I PackageWatchdog: Removing 1ms from all packages on all observers
03-13 21:13:10.388  1500  1543 I PackageWatchdog: Updated health check state for package com.google.android.ext.services: PASSED -> PASSED
03-13 21:13:10.388  1500  1543 I PackageWatchdog: Updated health check state for package android: PASSED -> PASSED
03-13 21:13:10.388  1500  1543 I PackageWatchdog: Updated health check state for package com.android.launcher3: PASSED -> PASSED
03-13 21:13:10.388  1500  1543 I PackageWatchdog: Updated health check state for package com.google.android.as: PASSED -> PASSED
03-13 21:13:10.388  1500  1543 I PackageWatchdog: Updated health check state for package com.google.android.networkstack: PASSED -> PASSED
03-13 21:13:10.388  1500  1543 I PackageWatchdog: Updated health check state for package com.android.systemui: PASSED -> PASSED
03-13 21:13:10.388  1500  1543 I PackageWatchdog: Scheduling next state sync in 172796603ms
03-13 21:13:10.388  1500  1543 I PackageWatchdog: Saving observer state to file
03-13 21:13:10.399  1500  1500 D PackageWatchdog: Getting all observed packages pending health checks
03-13 21:13:10.399  1500  1500 I PackageWatchdog: Syncing health check requests for packages: {}
03-13 21:13:10.399  1500  1500 I ExplicitHealthCheckController: Service not ready to get health check supported packages. Binding...
03-13 21:13:10.400  1500  1500 I ExplicitHealthCheckController: Explicit health check service is bound
