03-14 10:34:22.490   948   948 I SDM     : DisplayBase::SetFrameBufferConfig: New framebuffer resolution (1440x3120)
03-14 10:34:22.491  1009  1009 E vpp-tunings: u32VppTunings_ReadExternalTunings (337): unable to open file: /mnt/vendor/persist/vpp/tunings.txt, err=2 (No such file or directory)
03-14 10:34:22.491  1009  1009 E vpp-hcp : u32VppIpHcp_BootModule (4187): unable to initialize tunings
03-14 10:34:22.492  1045  1045 I sscrpcd : fastrpc_perf_init: enabled RPC traces (kernel 0, dsp 0) with frequency 1000
03-14 10:34:22.493   948   948 I SDM     : HWCDisplay::SetFrameBufferResolution: New framebuffer resolution (1440x3120)
03-14 10:34:22.493   948   948 I SDM     : HWCSession::CreatePrimaryDisplay: Primary display created.
03-14 10:34:22.494   948   948 I SDM     : HWCColorManager::CreateColorManager: Successfully loaded libsdm-disp-vndapis.so
03-14 10:34:22.495  1045  1045 I sscrpcd : remote_handle_open: Successfully opened handle 0xb06d5c60 for adsp_default_listener on domain 2
03-14 10:34:22.495  1045  1045 I sscrpcd : remote_handle_open: Successfully opened handle 0xb06d5f00 for adsp_default_listener on domain 2
03-14 10:34:22.495  1045  1045 I sscrpcd : remote_handle_open: Successfully opened handle 0x7 for '":;./\geteventfd on domain 2
03-14 10:34:22.495   948   948 I HidlServiceManagement: Registered vendor.display.config@2.0::IDisplayConfig/default (start delay of 306ms)
03-14 10:34:22.495   948   948 I SDM     : HWCSession::StartServices: IDisplayConfig service registration completed.
03-14 10:34:22.495   948   948 D SDM     : HWCSession::GetFunction: Unknown/Unimplemented function descriptor: 44 (SetLayerFloatColor)
03-14 10:34:22.495   948   948 D SDM     : HWCSession::GetFunction: Unknown/Unimplemented function descriptor: 55 (SetLayerColorTransform)
03-14 10:34:22.495   948   948 D SDM     : HWCSession::GetFunction: Unknown/Unimplemented function descriptor: 56 (GetDisplayedContentSamplingAttributes)
03-14 10:34:22.495   948   948 D SDM     : HWCSession::GetFunction: Unknown/Unimplemented function descriptor: 57 (SetDisplayedContentSamplingEnabled)
03-14 10:34:22.495   948   948 D SDM     : HWCSession::GetFunction: Unknown/Unimplemented function descriptor: 58 (GetDisplayedContentSample)
03-14 10:34:22.495   948   948 D SDM     : HWCSession::GetFunction: Unknown/Unimplemented function descriptor: 68 (GetClientTargetProperty)
03-14 10:34:22.495   948   948 D SDM     : HWCSession::GetFunction: Unknown/Unimplemented function descriptor: 69 (SetLayerGenericMetadata)
03-14 10:34:22.495   948   948 D SDM     : HWCSession::GetFunction: Unknown/Unimplemented function descriptor: 70 (GetLayerGenericMetadataKey)
03-14 10:34:22.498  1009  1058 I vppservice: Successfully opened fastrpc_shell_3
03-14 10:34:22.499   948   948 I HidlServiceManagement: Registered android.hardware.graphics.composer@2.4::IComposer/default (start delay of 310ms)
03-14 10:34:22.499   948   948 I HidlServiceManagement: Removing namespace from process name android.hardware.graphics.composer@2.4-service to composer@2.4-service.
03-14 10:34:22.499     0     0 I @5 sps  : BAM 0x0000000017184000 (va:0x0000000000000000) enabled: ver:0x19, number of pipes:25
03-14 10:34:22.499     0     0 I @5 sps  : BAM 0x0000000017184000 is registered.
03-14 10:34:22.500   864   864 W zygote64: JNI RegisterNativeMethods: attempt to register 0 native methods for android.media.AudioAttributes
03-14 10:34:22.501   628   941 W libc    : Unable to set property "ctl.interface_start" to "vendor.oneplus.fingerprint.extension@1.0::IVendorFingerprintExtensions/default": error code: 0x20
03-14 10:34:22.504   628  1013 W libc    : Unable to set property "ctl.interface_start" to "vendor.qti.hardware.perf@2.2::IPerf/default": error code: 0x20
03-14 10:34:22.504   628  1016 W libc    : Unable to set property "ctl.interface_start" to "vendor.qti.hardware.perf@2.2::IPerf/default": error code: 0x20
03-14 10:34:22.507  1041  1041 I pd-mapper-svc: Parsing file :/vendor/firmware_mnt/image/adspua.jsn:
03-14 10:34:22.508  1043  1043 I PerMgrSrv: Adding entry for modem : offTimeout : 500 ackTimeout : 200
03-14 10:34:22.509  1041  1041 I pd-mapper-svc: Parsing file :/vendor/firmware_mnt/image/cdspr.jsn:
03-14 10:34:22.510  1041  1041 I pd-mapper-svc: Parsing file :/vendor/firmware_mnt/image/modemr.jsn:
03-14 10:34:22.512     0     0 I ueventd : loading /devices/platform/soc/ac00000.qcom,a5/firmware/CAMERA_ICP.elf took 29ms
03-14 10:34:22.512  1041  1041 I pd-mapper-svc: Parsing file :/vendor/firmware_mnt/image/slpir.jsn:
03-14 10:34:22.513  1041  1041 I pd-mapper-svc: Parsing file :/vendor/firmware_mnt/image/slpius.jsn:
03-14 10:34:22.513     0     0 W @1 QSEECOM: qseecom_load_app: App with id 3 (soter64) now loaded
03-14 10:34:22.513  1001  1001 D QSEECOMAPI: Loaded image: APP id = 3
03-14 10:34:22.513  1041  1041 I pd-mapper-svc: Parsing file :/vendor/firmware_mnt/image/modemuw.jsn:
03-14 10:34:22.515   865   865 W zygote  : JNI RegisterNativeMethods: attempt to register 0 native methods for android.media.AudioAttributes
03-14 10:34:22.516  1043  1043 I PerMgrSrv: Adding entry for slpi : offTimeout : 5000 ackTimeout : 200
03-14 10:34:22.516  1043  1043 I PerMgrSrv: Adding entry for spss : offTimeout : 5000 ackTimeout : 200
03-14 10:34:22.517  1043  1043 I PerMgrSrv: Peripheral Mananager service start
03-14 10:34:22.518  1043  1043 I PerMgrSrv: power-off timeout 500,ms; event-ack timeout 200,ms; debug-mode false
03-14 10:34:22.518  1043  1043 I PerMgrSrv: Statistics for : modem
03-14 10:34:22.518  1043  1043 I PerMgrSrv: modem: Current State : is off-line
03-14 10:34:22.518  1043  1043 I PerMgrSrv: modem: Voter/Listener count : 0/0
03-14 10:34:22.518  1043  1043 I PerMgrSrv: modem: Power on count : 0
03-14 10:34:22.518  1043  1043 I PerMgrSrv: modem: Power off count: 0
03-14 10:34:22.518  1043  1043 I PerMgrSrv: modem: Client list:
03-14 10:34:22.518  1043  1043 I PerMgrSrv: Statistics for : slpi
03-14 10:34:22.518  1043  1043 I PerMgrSrv: slpi: Current State : is off-line
03-14 10:34:22.518  1043  1043 I PerMgrSrv: slpi: Voter/Listener count : 0/0
03-14 10:34:22.518  1043  1043 I PerMgrSrv: slpi: Power on count : 0
03-14 10:34:22.518  1043  1043 I PerMgrSrv: slpi: Power off count: 0
03-14 10:34:22.518  1043  1043 I PerMgrSrv: slpi: Client list:
03-14 10:34:22.518  1043  1043 I PerMgrSrv: Statistics for : spss
03-14 10:34:22.518  1043  1043 I PerMgrSrv: spss: Current State : is off-line
03-14 10:34:22.518  1043  1043 I PerMgrSrv: spss: Voter/Listener count : 0/0
03-14 10:34:22.518  1043  1043 I PerMgrSrv: spss: Power on count : 0
03-14 10:34:22.518  1043  1043 I PerMgrSrv: spss: Power off count: 0
03-14 10:34:22.518  1043  1043 I PerMgrSrv: spss: Client list:
03-14 10:34:22.518   864   864 D Zygote  : begin preload
03-14 10:34:22.518   864   864 I Zygote  : Calling ZygoteHooks.beginPreload()
03-14 10:34:22.520  1043  1072 I PerMgrSrv: QMI service start
03-14 10:34:22.520     0     0 I @7 servloc: init_service_locator: Service locator initialized
03-14 10:34:22.520     0     0 I @6 servloc: service_locator_new_server: Connection established with the Service locator
03-14 10:34:22.520     0     0 I @1 CAM_INFO: CAM-ICP: cam_icp_mgr_hw_open: 3037 FW download done successfully
03-14 10:34:22.520     0     0 I @1 CAM_INFO: CAM-UTIL: cam_soc_util_clk_disable: 577 disable ipe_1_clk
03-14 10:34:22.520  1041  1068 I pd-mapper-svc: Starting servloc server
03-14 10:34:22.520     0     0 I @1 CAM_INFO: CAM-UTIL: cam_soc_util_clk_disable: 577 disable ipe_1_clk_src
03-14 10:34:22.520     0     0 I @1 CAM_INFO: CAM-UTIL: cam_soc_util_clk_disable: 577 disable ipe_1_axi_clk
03-14 10:34:22.520     0     0 I @1 CAM_INFO: CAM-UTIL: cam_soc_util_clk_disable: 577 disable ipe_1_areg_clk
03-14 10:34:22.520     0     0 I @1 CAM_INFO: CAM-UTIL: cam_soc_util_clk_disable: 577 disable ipe_1_ahb_clk
03-14 10:34:22.521     0     0 I @4 CAM_INFO: CAM-UTIL: cam_soc_util_clk_disable: 577 disable ipe_0_clk
03-14 10:34:22.521     0     0 I @4 CAM_INFO: CAM-UTIL: cam_soc_util_clk_disable: 577 disable ipe_0_clk_src
03-14 10:34:22.521     0     0 I @4 CAM_INFO: CAM-UTIL: cam_soc_util_clk_disable: 577 disable ipe_0_axi_clk
03-14 10:34:22.521     0     0 I @4 CAM_INFO: CAM-UTIL: cam_soc_util_clk_disable: 577 disable ipe_0_areg_clk
03-14 10:34:22.521     0     0 I @4 CAM_INFO: CAM-UTIL: cam_soc_util_clk_disable: 577 disable ipe_0_ahb_clk
03-14 10:34:22.521  1065  1065 E fsverity_init: Failed to find .fs-verity keyring id
03-14 10:34:22.522     0     0 I @6 ADSPRPC: audio_pdr_adsprpc is uninitialzed
03-14 10:34:22.522     0     0 I @0 audio_notifer_reg_service: service PDR_ADSP is in use
03-14 10:34:22.522     0     0 I @7 CAM_INFO: CAM-UTIL: cam_soc_util_clk_disable: 577 disable bps_clk
03-14 10:34:22.522     0     0 I @4 service-notifier: service_notifier_new_server: Connection established between QMI handle and 74 service
03-14 10:34:22.522     0     0 I @7 CAM_INFO: CAM-UTIL: cam_soc_util_clk_disable: 577 disable bps_clk_src
03-14 10:34:22.522     0     0 I @7 CAM_INFO: CAM-UTIL: cam_soc_util_clk_disable: 577 disable bps_axi_clk
03-14 10:34:22.522     0     0 I @7 CAM_INFO: CAM-UTIL: cam_soc_util_clk_disable: 577 disable bps_areg_clk
03-14 10:34:22.522     0     0 I @7 CAM_INFO: CAM-UTIL: cam_soc_util_clk_disable: 577 disable bps_ahb_clk
03-14 10:34:22.523     0     0 I @4 apr_adsp_up: Q6 is Up
03-14 10:34:22.523  1001  1001 D vendor.qti.hardware.soter@1.0-service: soter: svc service starting.
03-14 10:34:22.523     0     0 I @4 iommu: Adding device soc:qcom,msm-audio-apr:qcom,msm-audio-ion to group 59
03-14 10:34:22.524     1     1 W /system/bin/init: type=1107 audit(0.0:16): uid=0 auid=4294967295 ses=4294967295 subj=u:r:init:s0 msg='avc: denied { set } for property=persist.camera.gyro.disable pid=584 uid=0 gid=0 scontext=u:r:vendor_init:s0 tcontext=u:object_r:default_prop:s0 tclass=property_service permissive=0'
03-14 10:34:22.524  1001  1001 I HidlServiceManagement: Registered vendor.qti.hardware.soter@1.0::ISoter/default (start delay of 135ms)
03-14 10:34:22.524  1001  1001 I HidlServiceManagement: Removing namespace from process name vendor.qti.hardware.soter@1.0-service to soter@1.0-service.
03-14 10:34:22.524  1001  1001 E vendor.qti.hardware.soter@1.0-service: Registered SOTER HAL service success
03-14 10:34:22.526  1009  1058 I vppservice: Successfully created user PD on domain 3 (attrs 0x0, debug_trace 0x0)
03-14 10:34:22.526     0     0 I @4 populate_snd_card_dailinks: add smartpa dai link is successful!
03-14 10:34:22.526     0     0 W         : @4 sm8150-asoc-snd soc:qcom,msm-audio-apr:sound-tavil: msm_init_wsa_dev: Max WSA devices is 0 for this target?
03-14 10:34:22.527     0     0 E         : @4 sm8150-asoc-snd soc:qcom,msm-audio-apr:sound-tavil: ASoC: platform /soc/qcom,msm-pcm-voice not registered
03-14 10:34:22.527  1009  1058 I vppservice: fastrpc_perf_init: enabled RPC traces (kernel 0, dsp 0) with frequency 1000
03-14 10:34:22.527     0     0 I @4 populate_snd_card_dailinks: add smartpa dai link is successful!
03-14 10:34:22.528     0     0 W         : @4 sm8150-asoc-snd soc:qcom,msm-audio-apr:sound-tavil: msm_init_wsa_dev: Max WSA devices is 0 for this target?
03-14 10:34:22.528     0     0 E         : @4 sm8150-asoc-snd soc:qcom,msm-audio-apr:sound-tavil: ASoC: CODEC DAI tavil_rx2 not registered
03-14 10:34:22.529  1007  1007 D vendor.qti.media.c2@1.0-service: media HW codec service starting...
03-14 10:34:22.531  1007  1007 W vendor.qti.media.c2@1.0-service: libminijail[1007]: failed to get path of fd 5: No such file or directory
03-14 10:34:22.531  1007  1007 W vendor.qti.media.c2@1.0-service: libminijail[1007]: allowing syscall: clock_gettime
03-14 10:34:22.531  1007  1007 W vendor.qti.media.c2@1.0-service: libminijail[1007]: allowing syscall: connect
03-14 10:34:22.531  1007  1007 W vendor.qti.media.c2@1.0-service: libminijail[1007]: allowing syscall: fcntl64
03-14 10:34:22.531  1007  1007 W vendor.qti.media.c2@1.0-service: libminijail[1007]: allowing syscall: socket
03-14 10:34:22.531  1007  1007 W vendor.qti.media.c2@1.0-service: libminijail[1007]: allowing syscall: writev
03-14 10:34:22.532   584   584 W libc    : Unable to set property "persist.camera.gyro.disable" to "0": error code: 0x18
03-14 10:34:22.532  1007  1007 W vendor.qti.media.c2@1.0-service: libminijail[1007]: logging seccomp filter failures
03-14 10:34:22.534     1     1 W /system/bin/init: type=1107 audit(0.0:17): uid=0 auid=4294967295 ses=4294967295 subj=u:r:init:s0 msg='avc: denied { set } for property=ro.nfc.port pid=584 uid=0 gid=0 scontext=u:r:vendor_init:s0 tcontext=u:object_r:default_prop:s0 tclass=property_service permissive=0'
03-14 10:34:22.534     0     0 I @5 CAM_INFO: CAM-UTIL: cam_soc_util_clk_disable: 577 disable icp_clk
03-14 10:34:22.534     0     0 I @5 CAM_INFO: CAM-UTIL: cam_soc_util_clk_disable: 577 disable icp_clk_src
03-14 10:34:22.534     0     0 I @5 CAM_INFO: CAM-UTIL: cam_soc_util_clk_disable: 577 disable icp_ahb_clk
03-14 10:34:22.534     0     0 I @5 CAM_INFO: CAM-UTIL: cam_soc_util_clk_disable: 577 disable soc_fast_ahb
03-14 10:34:22.534     0     0 I @5 CAM_INFO: CAM-UTIL: cam_soc_util_clk_disable: 577 disable camnoc_axi_clk
03-14 10:34:22.534     0     0 I @5 CAM_INFO: CAM-UTIL: cam_soc_util_clk_disable: 577 disable camnoc_axi_clk_src
03-14 10:34:22.534     0     0 I @5 CAM_INFO: CAM-UTIL: cam_soc_util_clk_disable: 577 disable cpas_ahb_clk
03-14 10:34:22.534     0     0 I @5 CAM_INFO: CAM-UTIL: cam_soc_util_clk_disable: 577 disable slow_ahb_clk_src
03-14 10:34:22.534     0     0 I @5 CAM_INFO: CAM-UTIL: cam_soc_util_clk_disable: 577 disable gcc_axi_sf_clk
03-14 10:34:22.534     0     0 I @5 CAM_INFO: CAM-UTIL: cam_soc_util_clk_disable: 577 disable gcc_axi_hf_clk
03-14 10:34:22.534     0     0 I @5 CAM_INFO: CAM-UTIL: cam_soc_util_clk_disable: 577 disable gcc_ahb_clk
03-14 10:34:22.535   936   936 E CamX    : [ERROR][CSL    ] camxcslhwinternal.cpp:2933 CSLHwInternalFDIoctl() Ioctl failed for FD:9 with error reason Invalid argument
03-14 10:34:22.535  1007  1007 I vendor.qti.media.c2@1.0-service: missing struct descriptor #Param::CoreIndex(--4004) for field values of struct #Param::CoreIndex(F-14005)
03-14 10:34:22.535  1007  1007 I QC2CompStore: initializing store (qti.c2.store) ...
03-14 10:34:22.536  1009  1078 W vppservice: vendor/qcom/proprietary/commonsys-intf/adsprpc/src/apps_std_imp.c:749: Warning: fopen returned 0x2 for file oemconfig.so. (No such file or directory)
03-14 10:34:22.540  1009  1078 W vppservice: vendor/qcom/proprietary/commonsys-intf/adsprpc/src/apps_std_imp.c:749: Warning: fopen returned 0x2 for file testsig-0x9491e122.so. (No such file or directory)
03-14 10:34:22.540  1009  1078 W vppservice: vendor/qcom/proprietary/commonsys-intf/adsprpc/src/apps_std_imp.c:749: Warning: fopen returned 0x2 for file testsig.so. (No such file or directory)
03-14 10:34:22.542  1080  1080 E libc    : Access denied finding property "persist.serial.enable"
03-14 10:34:22.544     1     1 W /system/bin/init: type=1107 audit(0.0:18): uid=0 auid=4294967295 ses=4294967295 subj=u:r:init:s0 msg='avc: denied { set } for property=persist.camera.mobicat pid=584 uid=0 gid=0 scontext=u:r:vendor_init:s0 tcontext=u:object_r:default_prop:s0 tclass=property_service permissive=0'
03-14 10:34:22.544     1     1 W /system/bin/init: type=1107 audit(0.0:19): uid=0 auid=4294967295 ses=4294967295 subj=u:r:init:s0 msg='avc: denied { set } for property=persist.camera.stats.debugexif pid=584 uid=0 gid=0 scontext=u:r:vendor_init:s0 tcontext=u:object_r:default_prop:s0 tclass=property_service permissive=0'
03-14 10:34:22.544  1009  1058 I vppservice: remote_handle64_open: Successfully opened handle 0x14e88710 for file:///libhcp_rpc_skel.so?hcp_rpc_skel_handle_invoke&_modver=1.0&_dom=cdsp on domain 3
03-14 10:34:22.545     0     0 E         : @5 slimbus sb-3: of_slim: invalid E-addr
03-14 10:34:22.546   862   862 I ServiceManager: Waiting for service 'statscompanion' on '/dev/binder'...
03-14 10:34:22.546  1009  1058 E vpp-hcp : u32VppIpHcp_TuningLoad (522): pstGlobal->pvTunings is null. Returning: VPP_OK
03-14 10:34:22.546  1009  1058 E vpp-hcp : bVppIpHcp_IsTuningLoadComplete (666): pstGlobal->pvTunings is null. Returning: VPP_TRUE
03-14 10:34:22.546     0     0 W         : @5 sm8150-asoc-snd soc:qcom,msm-audio-apr:sound-tavil: msm_init_wsa_dev: Max WSA devices is 0 for this target?
03-14 10:34:22.546     0     0 E         : @5 sm8150-asoc-snd soc:qcom,msm-audio-apr:sound-tavil: ASoC: CODEC DAI tavil_rx2 not registered
03-14 10:34:22.547  1009  1009 I HidlServiceManagement: Registered vendor.qti.hardware.vpp@1.3::IHidlVppService/vppService (start delay of 137ms)
03-14 10:34:22.548   865   865 I zygote  : Explicit concurrent copying GC freed 919(98KB) AllocSpace objects, 0(0B) LOS objects, 99% free, 133KB/24MB, paused 79us total 10.824ms
03-14 10:34:22.548     0     0 I populate_snd_card_dailinks: add smartpa dai link is successful!
03-14 10:34:22.548  1009  1009 I vpp-ipc_service: dynamic hal is disabled
03-14 10:34:22.548   584   584 W libc    : Unable to set property "ro.nfc.port" to "I2C": error code: 0x18
03-14 10:34:22.548     0     0 I @4 subsys-restart: __subsystem_get(): Changing subsys fw_name to venus
03-14 10:34:22.549   864   864 I Zygote  : Preloading classes...
03-14 10:34:22.550     0     0 I         : @3 subsys-pil-tz aae0000.qcom,venus: venus: loading from 0x0000000097200000 to 0x0000000097700000
03-14 10:34:22.551   864   864 W Zygote  : Class not found for preloading: android.app.-$$Lambda$ResourcesManager$QJ7UiVk_XS90KuXAsIjIEym1DnM
03-14 10:34:22.551   584   584 W libc    : Unable to set property "persist.camera.mobicat" to "2": error code: 0x18
03-14 10:34:22.551   584   584 W libc    : Unable to set property "persist.camera.stats.debugexif" to "3080192": error code: 0x18
03-14 10:34:22.552     0     0 E         : @4 slimbus sb-1: of_slim: invalid E-addr
03-14 10:34:22.552     0     0 I         : @4 wcd-slim tavil-slim-pgd: msm_cdc_dt_parse_vreg_info: cdc-buck-sido: vol=[1800000 1800000]uV, curr=[500000]uA, ond 0
03-14 10:34:22.552     0     0 I         : @4 wcd-slim tavil-slim-pgd: msm_cdc_dt_parse_vreg_info: cdc-vdd-tx-h: vol=[1800000 1800000]uV, curr=[25000]uA, ond 0
03-14 10:34:22.552     0     0 I         : @4 wcd-slim tavil-slim-pgd: msm_cdc_dt_parse_vreg_info: cdc-vdd-rx-h: vol=[1800000 1800000]uV, curr=[25000]uA, ond 0
03-14 10:34:22.552     0     0 I         : @4 wcd-slim tavil-slim-pgd: msm_cdc_dt_parse_vreg_info: cdc-vddpx-1: vol=[1800000 1800000]uV, curr=[10000]uA, ond 0
03-14 10:34:22.552     0     0 I         : @4 wcd-slim tavil-slim-pgd: msm_cdc_dt_parse_vreg_info: cdc-vdd-3v3: vol=[3300000 3300000]uV, curr=[16800]uA, ond 0
03-14 10:34:22.552     0     0 I         : @4 wcd-slim tavil-slim-pgd: wcd9xxx_slim_probe: probing for wcd type: 4, name: tavil-slim-pgd
03-14 10:34:22.553     0     0 I @4 populate_snd_card_dailinks: add smartpa dai link is successful!
03-14 10:34:22.553     0     0 W         : @4 sm8150-asoc-snd soc:qcom,msm-audio-apr:sound-tavil: msm_init_wsa_dev: Max WSA devices is 0 for this target?
03-14 10:34:22.553     0     0 E         : @4 sm8150-asoc-snd soc:qcom,msm-audio-apr:sound-tavil: ASoC: CODEC DAI tavil_rx2 not registered
03-14 10:34:22.556     0     0 I wcd-slim tavil-slim-pgd: msm_cdc_dt_parse_vreg_info: cdc-vdd-buck: vol=[1800000 1800000]uV, curr=[650000]uA, ond 0
03-14 10:34:22.559   865   865 I zygote  : Explicit concurrent copying GC freed 83(56KB) AllocSpace objects, 0(0B) LOS objects, 99% free, 176KB/24MB, paused 55us total 11.667ms
03-14 10:34:22.570   865   865 I Zygote  : Accepting command socket connections
03-14 10:34:22.574     0     0 I         : @6 subsys-pil-tz aae0000.qcom,venus: venus: Brought out of reset
03-14 10:34:22.575  1051  1051 I FastMixerState: sMaxFastTracks = 8
03-14 10:34:22.576     0     0 I         : @4 Mass Storage Function, version: 2009/09/11
03-14 10:34:22.576     0     0 I @4 LUN  : removable read only CD-ROM file: (no medium)
03-14 10:34:22.578  1051  1051 V MediaUtils: physMem: 7831093248
03-14 10:34:22.578  1051  1051 V MediaUtils: requested limit: 536870912
03-14 10:34:22.578  1051  1051 I libc    : malloc_limit: Allocation limit enabled, max size 536870912 bytes
03-14 10:34:22.579  1051  1051 I audioserver: ServiceManager: 0x74bf861030
03-14 10:34:22.579  1051  1051 W BatteryNotifier: batterystats service unavailable!
03-14 10:34:22.580   628   628 I hwservicemanager: getTransport: Cannot find entry android.hardware.audio@6.0::IDevicesFactory/default in either framework or device manifest.
03-14 10:34:22.581   936   936 E CamX    : [ERROR][UTILS  ] camxosutilslinux.cpp:884 LibMap() dlopen: dlopen failed: cannot locate symbol "__cxa_demangle" referenced by "/vendor/lib64/libvidhance.so"..., on '/vendor/lib64/camera/components/com.oneplus.node.eis.so'
03-14 10:34:22.585     0     0 I         : @7 file system registered
03-14 10:34:22.587     0     0 I @2 f_cdev_alloc: port_name:at_usb0 (0000000000000000) portno:(0)
03-14 10:34:22.589  1089  1089 W libc    : Unable to set property "ctl.start" to "console": error code: 0x20
03-14 10:34:22.589     0     0 I @1 f_cdev_alloc: port_name:at_usb1 (0000000000000000) portno:(1)
03-14 10:34:22.590     0     0 I @7 msm_vidc: fw: <VFW_E:HostDr:unkn:--------:-> VenusHostDriver_SetSysProperty(1009): QC_IMAGE_VERSION_STRING=VIDEO.IR.1.2-00031-PROD-1.261943.2
03-14 10:34:22.590     0     0 I @7 msm_vidc: fw: <VFW_E:HostDr:unkn:--------:-> VenusHostDriver_SetSysProperty(1012): BUILD_TIME: Mar 13 2020 03:11:24
03-14 10:34:22.590  1007  1007 I QC2V4l2Driver: [c2.qti.avc.decoder] Device /dev/video32 opened with fd: 7
03-14 10:34:22.591     0     0 I @7 f_cdev_alloc: port_name:at_usb2 (0000000000000000) portno:(2)
03-14 10:34:22.593     0     0 I @5 msm_vidc: fw: <VFW_E:HostDr:unkn:--------:-> VenusHostDriver_SetSysProperty(1009): QC_IMAGE_VERSION_STRING=VIDEO.IR.1.2-00031-PROD-1.261943.2
03-14 10:34:22.593     0     0 I @5 msm_vidc: fw: <VFW_E:HostDr:unkn:--------:-> VenusHostDriver_SetSysProperty(1012): BUILD_TIME: Mar 13 2020 03:11:24
03-14 10:34:22.593     0     0 I @7 msm_vidc: err: This control 980928 is not supported yet
03-14 10:34:22.593  1007  1007 I QC2Comp : codec capability queried!
03-14 10:34:22.595  1007  1007 I QC2V4l2Driver: [c2.qti.avc.decoder] Closed device driver with fd: 7
03-14 10:34:22.595  1007  1007 I QC2CompStore: Added capabilities for c2.qti.avc.decoder
03-14 10:34:22.595  1007  1007 I QC2V4l2Driver: [c2.qti.avc.decoder.low_latency] Device /dev/video32 opened with fd: 7
03-14 10:34:22.598     0     0 I @5 msm_vidc: fw: <VFW_E:HostDr:unkn:--------:-> VenusHostDriver_SetSysProperty(1009): QC_IMAGE_VERSION_STRING=VIDEO.IR.1.2-00031-PROD-1.261943.2
03-14 10:34:22.598     0     0 I @5 msm_vidc: fw: <VFW_E:HostDr:unkn:--------:-> VenusHostDriver_SetSysProperty(1012): BUILD_TIME: Mar 13 2020 03:11:24
03-14 10:34:22.598     0     0 I @7 msm_vidc: err: This control 980928 is not supported yet
03-14 10:34:22.598  1007  1007 I QC2Comp : codec capability queried!
03-14 10:34:22.599     0     0 I msm_vidc: fw: <VFW_E:HostDr:unkn:--------:->
03-14 10:34:22.599     0     0 I msm_vidc: fw: <VFW_E:HostDr:unkn:--------:->
03-14 10:34:22.599     0     0 I msm_vidc: fw: <VFW_E:HostDr:unkn:--------:->
03-14 10:34:22.599     0     0 I msm_vidc: fw: <VFW_E:HostDr:unkn:--------:->
03-14 10:34:22.599     0     0 I msm_vidc: fw: <VFW_E:HostDr:unkn:--------:->
03-14 10:34:22.599     0     0 I msm_vidc: fw: <VFW_E:HostDr:unkn:--------:->
03-14 10:34:22.599  1007  1007 I QC2V4l2Driver: [c2.qti.avc.decoder.low_latency] Closed device driver with fd: 7
03-14 10:34:22.600  1007  1007 I QC2CompStore: Added capabilities for c2.qti.avc.decoder.low_latency
03-14 10:34:22.600  1007  1007 I QC2V4l2Driver: [c2.qti.avc.decoder.secure] Device /dev/video32 opened with fd: 7
03-14 10:34:22.601   628   628 I hwservicemanager: getTransport: Cannot find entry android.hardware.audio.effect@6.0::IEffectsFactory/default in either framework or device manifest.
03-14 10:34:22.602     0     0 W         : @5 using random self ethernet address
03-14 10:34:22.602     0     0 I @7 msm_vidc: fw: <VFW_E:HostDr:unkn:--------:-> VenusHostDriver_SetSysProperty(1009): QC_IMAGE_VERSION_STRING=VIDEO.IR.1.2-00031-PROD-1.261943.2
03-14 10:34:22.602     0     0 W         : @5 using random host ethernet address
03-14 10:34:22.602     0     0 I @7 msm_vidc: fw: <VFW_E:HostDr:unkn:--------:-> VenusHostDriver_SetSysProperty(1012): BUILD_TIME: Mar 13 2020 03:11:24
03-14 10:34:22.602     0     0 I @7 msm_vidc: err: This control 980928 is not supported yet
03-14 10:34:22.602     0     0 I msm_vidc: fw: <VFW_E:HostDr:unkn:--------:->
03-14 10:34:22.602     0     0 I msm_vidc: fw: <VFW_E:HostDr:unkn:--------:->
03-14 10:34:22.603  1007  1007 I QC2Comp : codec capability queried!
03-14 10:34:22.603  1051  1051 I ServiceManager: Waiting for service 'media.metrics' on '/dev/binder'...
03-14 10:34:22.604  1007  1007 I QC2V4l2Driver: [c2.qti.avc.decoder.secure] Closed device driver with fd: 7
03-14 10:34:22.604  1007  1007 I QC2CompStore: Added capabilities for c2.qti.avc.decoder.secure
03-14 10:34:22.604  1007  1007 I QC2V4l2Driver: [c2.qti.avc.encoder] Device /dev/video33 opened with fd: 7
03-14 10:34:22.606  1007  1007 E QC2V4l2Driver: [c2.qti.avc.encoder] failed to set buffer size limit to 4
03-14 10:34:22.607     0     0 I @7 msm_vidc: fw: <VFW_E:HostDr:unkn:--------:-> VenusHostDriver_SetSysProperty(1009): QC_IMAGE_VERSION_STRING=VIDEO.IR.1.2-00031-PROD-1.261943.2
03-14 10:34:22.607     0     0 I @7 msm_vidc: fw: <VFW_E:HostDr:unkn:--------:-> VenusHostDriver_SetSysProperty(1012): BUILD_TIME: Mar 13 2020 03:11:24
03-14 10:34:22.607     0     0 I @7 msm_vidc: err: This control 980927 is not supported yet
03-14 10:34:22.608  1007  1007 I QC2Comp : codec capability queried!
03-14 10:34:22.608     0     0 I msm_vidc: fw: <VFW_E:HostDr:unkn:--------:->
03-14 10:34:22.608     0     0 I msm_vidc: fw: <VFW_E:HostDr:unkn:--------:->
03-14 10:34:22.609  1007  1007 I QC2V4l2Driver: [c2.qti.avc.encoder] Closed device driver with fd: 7
03-14 10:34:22.609  1007  1007 I QC2CompStore: Added capabilities for c2.qti.avc.encoder
03-14 10:34:22.609     0     0 I @6 slimbus: 1 laddr:0xcf, EAPC:0x1:0x50
03-14 10:34:22.609  1007  1007 I QC2V4l2Driver: [c2.qti.heic.encoder] Device /dev/video33 opened with fd: 7
03-14 10:34:22.609     0     0 I wcd-slim tavil-slim-pgd: wcd9xxx_slim_device_up: slim device up, dev_up = 1
03-14 10:34:22.610     0     0 I @7 slimbus: 1 laddr:0xce, EAPC:0x0:0x50
03-14 10:34:22.610  1007  1007 E QC2V4l2Driver: [c2.qti.heic.encoder] failed to set buffer size limit to 4
03-14 10:34:22.610     0     0 I @0 msm_vidc: fw: <VFW_E:HostDr:unkn:--------:-> VenusHostDriver_SetSysProperty(1012): BUILD_TIME: Mar 13 2020 03:11:24
03-14 10:34:22.611     0     0 I @4 msm_vidc: err: This control 980927 is not supported yet
03-14 10:34:22.611     0     0 I msm_vidc: fw: <VFW_E:HostDr:unkn:--------:-> VenusHostDriver_SetSysProperty(1009): QC_IMAGE_VERSION_STRING=VIDEO.IR.1.2-00031-PROD-1.261943.2
03-14 10:34:22.611     0     0 I msm_vidc: fw: <VFW_E:HostDr:unkn:--------:->
03-14 10:34:22.611     0     0 I msm_vidc: fw: <VFW_E:HostDr:unkn:--------:->
03-14 10:34:22.611  1007  1007 I QC2Comp : codec capability queried!
03-14 10:34:22.612     0     0 I         : @7 wcd-slim tavil-slim-pgd: wcd934x_get_cdc_info: wcd9xxx chip id major 0x108, minor 0x1
03-14 10:34:22.612  1007  1007 I QC2V4l2Driver: [c2.qti.heic.encoder] Closed device driver with fd: 7
03-14 10:34:22.612  1007  1007 I QC2CompStore: Added capabilities for c2.qti.heic.encoder
03-14 10:34:22.613  1007  1007 I QC2V4l2Driver: [c2.qti.hevc.decoder] Device /dev/video32 opened with fd: 7
03-14 10:34:22.614     0     0 I @7 populate_snd_card_dailinks: add smartpa dai link is successful!
03-14 10:34:22.615     0     0 W         : @7 sm8150-asoc-snd soc:qcom,msm-audio-apr:sound-tavil: msm_init_wsa_dev: Max WSA devices is 0 for this target?
03-14 10:34:22.615     0     0 E         : @7 sm8150-asoc-snd soc:qcom,msm-audio-apr:sound-tavil: ASoC: CODEC DAI tavil_rx2 not registered
03-14 10:34:22.618     0     0 I @7 msm_vidc: fw: <VFW_E:HostDr:unkn:--------:-> VenusHostDriver_SetSysProperty(1009): QC_IMAGE_VERSION_STRING=VIDEO.IR.1.2-00031-PROD-1.261943.2
03-14 10:34:22.618     0     0 I @7 msm_vidc: fw: <VFW_E:HostDr:unkn:--------:-> VenusHostDriver_SetSysProperty(1012): BUILD_TIME: Mar 13 2020 03:11:24
03-14 10:34:22.618   936   936 E CamX    : [ERROR][UTILS  ] camxosutilslinux.cpp:884 LibMap() dlopen: dlopen failed: cannot locate symbol "__cxa_demangle" referenced by "/vendor/lib64/libvidhance.so"..., on '/vendor/lib64/camera/components/com.vidhance.stats.aec_dmbr.so'
03-14 10:34:22.618     0     0 I @1 msm_vidc: err: This control 980928 is not supported yet
03-14 10:34:22.618     0     0 I msm_vidc: fw: <VFW_E:HostDr:unkn:--------:->
03-14 10:34:22.618     0     0 I msm_vidc: fw: <VFW_E:HostDr:unkn:--------:->
03-14 10:34:22.619  1007  1007 I QC2Comp : codec capability queried!
03-14 10:34:22.620  1007  1007 I QC2V4l2Driver: [c2.qti.hevc.decoder] Closed device driver with fd: 7
03-14 10:34:22.620  1007  1007 I QC2CompStore: Added capabilities for c2.qti.hevc.decoder
03-14 10:34:22.620  1007  1007 I QC2V4l2Driver: [c2.qti.hevc.decoder.secure] Device /dev/video32 opened with fd: 7
03-14 10:34:22.621   936   936 E CamX    : [ERROR][UTILS  ] camxosutilslinux.cpp:884 LibMap() dlopen: dlopen failed: cannot locate symbol "__cxa_demangle" referenced by "/vendor/lib64/libvidhance.so"..., on '/vendor/lib64/camera/components/com.vidhance.stats.aec_dmbr.so'
03-14 10:34:22.622   936   936 E CamX    : [ERROR][CHI    ] camxchicomponent.cpp:160 GetAECAlgorithmCallback() Failed to retrieve ChiAECAlgorithmEntry function address.
03-14 10:34:22.625     0     0 I @4 msm_vidc: fw: <VFW_E:HostDr:unkn:--------:-> VenusHostDriver_SetSysProperty(1009): QC_IMAGE_VERSION_STRING=VIDEO.IR.1.2-00031-PROD-1.261943.2
03-14 10:34:22.625     0     0 I @4 msm_vidc: fw: <VFW_E:HostDr:unkn:--------:-> VenusHostDriver_SetSysProperty(1012): BUILD_TIME: Mar 13 2020 03:11:24
03-14 10:34:22.625     0     0 I @7 msm_vidc: err: This control 980928 is not supported yet
03-14 10:34:22.625     0     0 I msm_vidc: fw: <VFW_E:HostDr:unkn:--------:->
03-14 10:34:22.625     0     0 I msm_vidc: fw: <VFW_E:HostDr:unkn:--------:->
03-14 10:34:22.625  1007  1007 I QC2Comp : codec capability queried!
03-14 10:34:22.627  1007  1007 I QC2V4l2Driver: [c2.qti.hevc.decoder.secure] Closed device driver with fd: 7
03-14 10:34:22.627  1007  1007 I QC2CompStore: Added capabilities for c2.qti.hevc.decoder.secure
03-14 10:34:22.627  1007  1007 I QC2V4l2Driver: [c2.qti.hevc.encoder] Device /dev/video33 opened with fd: 7
03-14 10:34:22.629  1063  1063 I SurfaceFlinger: Using HWComposer service: 'default'
03-14 10:34:22.629  1063  1063 I SurfaceFlinger: SurfaceFlinger is starting
03-14 10:34:22.630  1007  1007 E QC2V4l2Driver: [c2.qti.hevc.encoder] failed to set buffer size limit to 4
03-14 10:34:22.630     0     0 I @5 msm_vidc: fw: <VFW_E:HostDr:unkn:--------:-> VenusHostDriver_SetSysProperty(1009): QC_IMAGE_VERSION_STRING=VIDEO.IR.1.2-00031-PROD-1.261943.2
03-14 10:34:22.630     0     0 I @5 msm_vidc: fw: <VFW_E:HostDr:unkn:--------:-> VenusHostDriver_SetSysProperty(1012): BUILD_TIME: Mar 13 2020 03:11:24
03-14 10:34:22.631     0     0 I @3 msm_vidc: err: This control 980927 is not supported yet
03-14 10:34:22.631  1063  1063 I SurfaceFlinger: Disabling backpressure propagation
03-14 10:34:22.631  1063  1063 I SurfaceFlinger: Enabling HWC virtual displays
03-14 10:34:22.631  1063  1063 I SurfaceFlinger: Disabling blur effects, they are not supported.
03-14 10:34:22.631  1063  1063 I SurfaceFlinger: Treble testing override: 'false'
03-14 10:34:22.631     0     0 I msm_vidc: fw: <VFW_E:HostDr:unkn:--------:->
03-14 10:34:22.631     0     0 I msm_vidc: fw: <VFW_E:HostDr:unkn:--------:->
03-14 10:34:22.632  1007  1007 I QC2Comp : codec capability queried!
03-14 10:34:22.633  1007  1007 I QC2V4l2Driver: [c2.qti.hevc.encoder] Closed device driver with fd: 7
03-14 10:34:22.633  1007  1007 I QC2CompStore: Added capabilities for c2.qti.hevc.encoder
03-14 10:34:22.633  1007  1007 I QC2V4l2Driver: [c2.qti.hevc.encoder.cq] Device /dev/video33 opened with fd: 7
03-14 10:34:22.634  1007  1007 E QC2V4l2Driver: [c2.qti.hevc.encoder.cq] failed to set buffer size limit to 4
03-14 10:34:22.635     0     0 I @5 msm_vidc: fw: <VFW_E:HostDr:unkn:--------:-> VenusHostDriver_SetSysProperty(1009): QC_IMAGE_VERSION_STRING=VIDEO.IR.1.2-00031-PROD-1.261943.2
03-14 10:34:22.635     0     0 I @5 msm_vidc: fw: <VFW_E:HostDr:unkn:--------:-> VenusHostDriver_SetSysProperty(1012): BUILD_TIME: Mar 13 2020 03:11:24
03-14 10:34:22.635     0     0 I msm_vidc: fw: <VFW_E:HostDr:unkn:--------:->
03-14 10:34:22.635     0     0 I msm_vidc: fw: <VFW_E:HostDr:unkn:--------:->
03-14 10:34:22.635     0     0 I @3 msm_vidc: err: This control 980927 is not supported yet
03-14 10:34:22.637  1007  1007 I QC2Comp : codec capability queried!
03-14 10:34:22.638  1007  1007 I QC2V4l2Driver: [c2.qti.hevc.encoder.cq] Closed device driver with fd: 7
03-14 10:34:22.639  1007  1007 I QC2CompStore: Added capabilities for c2.qti.hevc.encoder.cq
03-14 10:34:22.639  1007  1007 I QC2V4l2Driver: [c2.qti.vp8.decoder] Device /dev/video32 opened with fd: 7
03-14 10:34:22.640     0     0 I @1 msm_vidc: fw: <VFW_E:HostDr:unkn:--------:-> VenusHostDriver_SetSysProperty(1009): QC_IMAGE_VERSION_STRING=VIDEO.IR.1.2-00031-PROD-1.261943.2
03-14 10:34:22.640     0     0 I @1 msm_vidc: fw: <VFW_E:HostDr:unkn:--------:-> VenusHostDriver_SetSysProperty(1012): BUILD_TIME: Mar 13 2020 03:11:24
03-14 10:34:22.640     0     0 I @2 msm_vidc: err: This control 980928 is not supported yet
03-14 10:34:22.640     0     0 I msm_vidc: fw: <VFW_E:HostDr:unkn:--------:->
03-14 10:34:22.641     0     0 I msm_vidc: fw: <VFW_E:HostDr:unkn:--------:->
03-14 10:34:22.642  1007  1007 I QC2Comp : codec capability queried!
03-14 10:34:22.642  1063  1063 E Dolphin : [JR10:1][GFAR10:0][GFAR20:0][PHR:0]
03-14 10:34:22.643  1007  1007 I QC2V4l2Driver: [c2.qti.vp8.decoder] Closed device driver with fd: 7
03-14 10:34:22.643  1007  1007 I QC2CompStore: Added capabilities for c2.qti.vp8.decoder
03-14 10:34:22.644  1007  1007 I QC2V4l2Driver: [c2.qti.vp8.encoder] Device /dev/video33 opened with fd: 7
03-14 10:34:22.645  1007  1007 E QC2V4l2Driver: [c2.qti.vp8.encoder] failed to set buffer size limit to 4
03-14 10:34:22.645     0     0 I @5 msm_vidc: fw: <VFW_E:HostDr:unkn:--------:-> VenusHostDriver_SetSysProperty(1009): QC_IMAGE_VERSION_STRING=VIDEO.IR.1.2-00031-PROD-1.261943.2
03-14 10:34:22.645     0     0 I @5 msm_vidc: fw: <VFW_E:HostDr:unkn:--------:-> VenusHostDriver_SetSysProperty(1012): BUILD_TIME: Mar 13 2020 03:11:24
03-14 10:34:22.646     0     0 I @5 msm_vidc: err: This control 980927 is not supported yet
03-14 10:34:22.646  1063  1063 I SurfaceFlinger: SurfaceFlinger's main thread ready to run. Initializing graphics H/W...
03-14 10:34:22.646  1063  1063 D RenderEngine: RenderEngine GLES Backend
03-14 10:34:22.646  1007  1007 I QC2Comp : codec capability queried!
03-14 10:34:22.646   862   862 I ServiceManager: Waiting for service 'statscompanion' on '/dev/binder'...
03-14 10:34:22.646     0     0 I msm_vidc: fw: <VFW_E:HostDr:unkn:--------:->
03-14 10:34:22.646     0     0 I msm_vidc: fw: <VFW_E:HostDr:unkn:--------:->
03-14 10:34:22.648  1007  1007 I QC2V4l2Driver: [c2.qti.vp8.encoder] Closed device driver with fd: 7
03-14 10:34:22.648  1007  1007 I QC2CompStore: Added capabilities for c2.qti.vp8.encoder
03-14 10:34:22.648  1007  1007 I QC2V4l2Driver: [c2.qti.vp9.decoder] Device /dev/video32 opened with fd: 7
03-14 10:34:22.649     0     0 I @5 msm_vidc: fw: <VFW_E:HostDr:unkn:--------:-> VenusHostDriver_SetSysProperty(1009): QC_IMAGE_VERSION_STRING=VIDEO.IR.1.2-00031-PROD-1.261943.2
03-14 10:34:22.649     0     0 I @5 msm_vidc: fw: <VFW_E:HostDr:unkn:--------:-> VenusHostDriver_SetSysProperty(1012): BUILD_TIME: Mar 13 2020 03:11:24
03-14 10:34:22.649     0     0 I @5 msm_vidc: err: This control 980928 is not supported yet
03-14 10:34:22.649     0     0 I msm_vidc: fw: <VFW_E:HostDr:unkn:--------:->
03-14 10:34:22.649     0     0 I msm_vidc: fw: <VFW_E:HostDr:unkn:--------:->
03-14 10:34:22.650  1007  1007 I QC2Comp : codec capability queried!
03-14 10:34:22.651  1007  1007 I QC2V4l2Driver: [c2.qti.vp9.decoder] Closed device driver with fd: 7
03-14 10:34:22.651   936   936 E android.hardware.camera.provider@2.4-service_64: ChiAWBAlgorithmEntry
03-14 10:34:22.651  1007  1007 I QC2CompStore: Added capabilities for c2.qti.vp9.decoder
03-14 10:34:22.651  1007  1007 I QC2V4l2Driver: [c2.qti.vp9.decoder.secure] Device /dev/video32 opened with fd: 7
03-14 10:34:22.653     0     0 I @5 msm_vidc: fw: <VFW_E:HostDr:unkn:--------:-> VenusHostDriver_SetSysProperty(1009): QC_IMAGE_VERSION_STRING=VIDEO.IR.1.2-00031-PROD-1.261943.2
03-14 10:34:22.653     0     0 I @5 msm_vidc: fw: <VFW_E:HostDr:unkn:--------:-> VenusHostDriver_SetSysProperty(1012): BUILD_TIME: Mar 13 2020 03:11:24
03-14 10:34:22.653     0     0 I @4 msm_vidc: err: This control 980928 is not supported yet
03-14 10:34:22.653     0     0 I msm_vidc: fw: <VFW_E:HostDr:unkn:--------:->
03-14 10:34:22.653     0     0 I msm_vidc: fw: <VFW_E:HostDr:unkn:--------:->
03-14 10:34:22.653  1007  1007 I QC2Comp : codec capability queried!
03-14 10:34:22.654  1007  1007 I QC2V4l2Driver: [c2.qti.vp9.decoder.secure] Closed device driver with fd: 7
03-14 10:34:22.654  1007  1007 I QC2CompStore: Added capabilities for c2.qti.vp9.decoder.secure
03-14 10:34:22.654  1007  1007 I QC2CompStore: initialized store (qti.c2.store) with 13 components
03-14 10:34:22.654  1063  1063 D libEGL  : loaded /vendor/lib64/egl/libEGL_adreno.so
03-14 10:34:22.654   864  1031 I zygote64: Verified 1373 classes from mainline modules in 144.269ms
03-14 10:34:22.656  1007  1007 I HidlServiceManagement: Registered android.hardware.media.c2@1.0::IComponentStore/default (start delay of 256ms)
03-14 10:34:22.656  1007  1007 I vendor.qti.media.c2@1.0-service: Codec2's IComponentStore default service created.
03-14 10:34:22.660     0     0 I @5 populate_snd_card_dailinks: add smartpa dai link is successful!
03-14 10:34:22.661     0     0 W         : @5 sm8150-asoc-snd soc:qcom,msm-audio-apr:sound-tavil: msm_init_wsa_dev: Max WSA devices is 0 for this target?
03-14 10:34:22.662     0     0 I         : @5 tavil_codec tavil_codec: tavil_soc_codec_probe()
03-14 10:34:22.671   936   936 E CamX    : [ERROR][SENSOR ] camximagesensormoduledatamanager.cpp:257 CreateAllSensorModuleSetManagers() buf: MTP 19801 MP 14 15
03-14 10:34:22.675     0     0 I         : @5 wcd-dsp-mgr soc:wcd-dsp-mgr@2: for wdsp segments only will be dumped.
03-14 10:34:22.675     0     0 I         : @5 wcd-dsp-mgr soc:wcd-dsp-mgr@2: bound spi0.0 (ops wcd_spi_component_ops)
03-14 10:34:22.675     0     0 I         : @5 wcd-dsp-mgr soc:wcd-dsp-mgr@2: bound qcom,glink:wdsp (ops glink_component_ops)
03-14 10:34:22.676   865  1021 I zygote  : Verified 1373 classes from mainline modules in 167.958ms
03-14 10:34:22.679     0     0 I wcd-dsp-mgr soc: wcd-dsp-mgr@2: bound tavil_codec (ops wcd_ctrl_component_ops)
03-14 10:34:22.691     0     0 E         : @5 msm-pcm-routing soc:qcom,msm-pcm-routing: ASoC: no source widget found for SLIM_6_RX
03-14 10:34:22.691     0     0 E         : @5 msm-pcm-routing soc:qcom,msm-pcm-routing: ASoC: Failed to add route SLIM_6_RX -> SLIM_6_RX -> AUDIO_REF_EC_UL1 MUX
03-14 10:34:22.694  1063  1063 D libEGL  : loaded /vendor/lib64/egl/libGLESv1_CM_adreno.so
03-14 10:34:22.696  1063  1063 D libEGL  : loaded /vendor/lib64/egl/libGLESv2_adreno.so
03-14 10:34:22.704  1051  1051 I ServiceManager: Waiting for service 'media.metrics' on '/dev/binder'...
03-14 10:34:22.707     0     0 E         : @5 msm-pcm-routing soc:qcom,msm-pcm-routing: ASoC: no sink widget found for PRI_MI2S_RX_VI_FB_MUX
03-14 10:34:22.707     0     0 E         : @5 msm-pcm-routing soc:qcom,msm-pcm-routing: ASoC: Failed to add route SENARY_TX -> SENARY_TX -> PRI_MI2S_RX_VI_FB_MUX
03-14 10:34:22.707     0     0 E         : @5 msm-pcm-routing soc:qcom,msm-pcm-routing: ASoC: no source widget found for PRI_MI2S_RX_VI_FB_MUX
03-14 10:34:22.707     0     0 E         : @5 msm-pcm-routing soc:qcom,msm-pcm-routing: ASoC: Failed to add route PRI_MI2S_RX_VI_FB_MUX -> direct -> PRI_MI2S_RX
03-14 10:34:22.712  1063  1063 I AdrenoGLES-0: QUALCOMM build                   : ab8b468, I1017670a82
03-14 10:34:22.712  1063  1063 I AdrenoGLES-0: Build Date                       : 02/05/21
03-14 10:34:22.712  1063  1063 I AdrenoGLES-0: OpenGL ES Shader Compiler Version: EV031.32.02.07
03-14 10:34:22.712  1063  1063 I AdrenoGLES-0: Local Branch                     : mybrancheb67b55a-6fa6-f12c-ba74-1458d0b52af0
03-14 10:34:22.712  1063  1063 I AdrenoGLES-0: Remote Branch                    : quic/gfx-adreno.lnx.1.0.r99-rel
03-14 10:34:22.712  1063  1063 I AdrenoGLES-0: Remote Branch                    : NONE
03-14 10:34:22.712  1063  1063 I AdrenoGLES-0: Reconstruct Branch               : NOTHING
03-14 10:34:22.712  1063  1063 I AdrenoGLES-0: Build Config                     : S P 10.0.7 AArch64
03-14 10:34:22.712  1063  1063 I AdrenoGLES-0: Driver Path                      : /vendor/lib64/egl/libGLESv2_adreno.so
03-14 10:34:22.722     0     0 I         : @5 spi_geni 88c000.spi: proto 1
03-14 10:34:22.722     0     0 I         : @5 spi_geni 88c000.spi: tx_fifo 16 rx_fifo 16 tx_width 32
03-14 10:34:22.725     0     0 I @6 ueventd: firmware: loading 'a630_sqe.fw' for '/devices/platform/soc/2c00000.qcom,kgsl-3d0/kgsl/kgsl-3d0/a630_sqe.fw'
03-14 10:34:22.725     0     0 I @6 ueventd: loading /devices/platform/soc/2c00000.qcom,kgsl-3d0/kgsl/kgsl-3d0/a630_sqe.fw took 0ms
03-14 10:34:22.726     0     0 W @6 healthd: battery l=84 v=4208 t=26.3 h=2 st=2 c=-57000 fc=3538000 cc=2 chg=u
03-14 10:34:22.732     0     0 I @4 ueventd: firmware: loading 'a640_gmu.bin' for '/devices/platform/soc/2c00000.qcom,kgsl-3d0/kgsl/kgsl-3d0/a640_gmu.bin'
03-14 10:34:22.734     0     0 I @4 ueventd: loading /devices/platform/soc/2c00000.qcom,kgsl-3d0/kgsl/kgsl-3d0/a640_gmu.bin took 1ms
03-14 10:34:22.747   862   862 I ServiceManager: Waiting for service 'statscompanion' on '/dev/binder'...
03-14 10:34:22.801     0     0 F @6 boot_mode:  
03-14 10:34:22.804     0     0 E @4 [TP]touchpanel: tp_fw_update_work: fw_name = tp/FW_19801_SY761.bin
03-14 10:34:22.806  1051  1051 I ServiceManager: Waiting for service 'media.metrics' on '/dev/binder'...
03-14 10:34:22.806     0     0 I @6 ueventd: firmware: loading 'tp/FW_19801_SY761.bin' for '/devices/virtual/sec/sec_ts/tp!FW_19801_SY761.bin'
03-14 10:34:22.808     0     0 E @4 [TP]touchpanel: retry times 0
03-14 10:34:22.808     0     0 E @4 [TP]sec-s6sy761: sec_fw_update is called, force update:0
03-14 10:34:22.808     0     0 I @4 ueventd: loading /devices/virtual/sec/sec_ts/tp!FW_19801_SY761.bin took 2ms
03-14 10:34:22.808     0     0 E @4 [TP]sec-s6sy761: img version in bin is 0x10640819, img version in ic is 0x10640819
03-14 10:34:22.809     0     0 E @4 [TP]sec-s6sy761: config version in bin is 0x10640802, config version in ic is 0x10640802
03-14 10:34:22.809     0     0 E @4 [TP]touchpanel: release all touch point and key, clear tp touch down flag
03-14 10:34:22.809     0     0 E @4 [TP]sec-s6sy761: sec_enable_black_gesture, enable = 0
03-14 10:34:22.824     0     0 E @4 [TP]sec-s6sy761: sec_enable_charge_mode: state: 0 success!
03-14 10:34:22.824     0     0 E @4 [TP]sec-s6sy761: sec_touchhold_switch_mode: touchhold_enable: 0 success!
03-14 10:34:22.824     0     0 E @6 [TP]touchpanel: fw update finished
03-14 10:34:22.847   862   862 I ServiceManager: Waiting for service 'statscompanion' on '/dev/binder'...
03-14 10:34:22.848  1145  1145 I gsid    : no DSU: No such file or directory
03-14 10:34:22.880   864   864 E ActivityRecognitionHardware: activity_recognition HAL is deprecated. class_init is effectively a no-op
03-14 10:34:22.903   584   584 W libc    : Unable to set property "ro.sf.lcd_density" to "560": error code: 0xb
03-14 10:34:22.904     0     0 I         : @6 set_dload_mode ON
03-14 10:34:22.904     0     0 E         : @6 [MDM] on [1] dload_mode_addr [          (null)]
03-14 10:34:22.904     0     0 I         : @6 set_dload_mode ON
03-14 10:34:22.904     0     0 E         : @6 [MDM] on [16] dload_mode_addr [          (null)]
03-14 10:34:22.905     0     0 I         : @6 set_dload_mode ON
03-14 10:34:22.905     0     0 E         : @6 [MDM] on [1] dload_mode_addr [          (null)]
03-14 10:34:22.905     0     0 I         : @6 set_dload_mode ON
03-14 10:34:22.905     0     0 E         : @6 [MDM] on [16] dload_mode_addr [          (null)]
03-14 10:34:22.906  1051  1051 I ServiceManager: Waiting for service 'media.metrics' on '/dev/binder'...
03-14 10:34:22.938  1148  1148 E PerMgrProxy: Starting pm-proxy service
03-14 10:34:22.943  1043  1074 D PerMgrSrv: modem state: is off-line, add client PM-PROXY-THREAD
03-14 10:34:22.943  1043  1074 D PerMgrSrv: PM-PROXY-THREAD registered
03-14 10:34:22.944  1150  1150 I bootstat: Service started: /system/bin/bootstat --set_system_boot_reason 
03-14 10:34:22.944  1148  1148 D PerMgrLib: PM-PROXY-THREAD successfully registered for modem
03-14 10:34:22.944  1148  1148 I PerMgrProxy: Casting proxy vote for modem
03-14 10:34:22.944  1148  1148 D PerMgrLib: PM-PROXY-THREAD voting for modem
03-14 10:34:22.944  1043  1074 D PerMgrSrv: PM-PROXY-THREAD voting for modem
03-14 10:34:22.944  1043  1074 D PerMgrSrv: modem new state: going on-line
03-14 10:34:22.944  1043  1074 D PerMgrSrv: modem num voters is 1
03-14 10:34:22.944  1148  1148 I PerMgrProxy: pm-proxy-thread vote successful for modem
03-14 10:34:22.944     0     0 I @7 subsys-restart: __subsystem_get(): Changing subsys fw_name to modem
03-14 10:34:22.945     0     0 I         : @6 ipa-wan ipa3_lcl_mdm_ssr_notifier_cb:3096 IPA received MPSS BEFORE_POWERUP
03-14 10:34:22.946     0     0 E         : @6 ipa ipa3_uc_state_check:338 uC is not loaded
03-14 10:34:22.946     0     0 I         : @6 ipa-wan ipa3_lcl_mdm_ssr_notifier_cb:3105 IPA BEFORE_POWERUP handling is complete
03-14 10:34:22.947   862   862 I ServiceManager: Waiting for service 'statscompanion' on '/dev/binder'...
03-14 10:34:22.947     0     0 I         : @6 subsys-pil-tz 4080000.qcom,mss: modem: loading from 0x000000008dc00000 to 0x0000000097200000
03-14 10:34:22.948  1151  1151 I perfetto: probes.cc:77            Starting /system/bin/traced_probes service
03-14 10:34:22.948  1150  1150 I bootstat: Canonical boot reason: reboot,sideload
03-14 10:34:22.948  1152  1152 W perfetto: service.cc:97           Started traced, listening on /dev/socket/traced_producer /dev/socket/traced_consumer
03-14 10:34:22.948  1150  1150 I bootstat: Canonical boot reason: reboot,sideload
03-14 10:34:22.950  1151  1151 I perfetto: probes_producer.cc:100  Connected to the service
03-14 10:34:22.953  1150  1150 I bootstat: Last reboot reason read from /metadata/bootstat/persist.sys.boot.reason : reboot,sideload. Last reboot reason read from persist.sys.boot.reason : reboot,sideload
03-14 10:34:22.953  1150  1150 I bootstat: Normalized last reboot reason : reboot,sideload
03-14 10:34:22.958  1154  1154 E modprobe: LoadWithAliases was unable to load rmnet_perf
03-14 10:34:22.966  1153  1153 D nxpese@1.0-service: Initializing State Machine...
03-14 10:34:22.967  1153  1153 D StateMachine: ProcessExtEvent: enter state:1 event:5
03-14 10:34:22.967  1153  1153 D StateMachine: ProcessExtEvent: exit state:1
03-14 10:34:22.967  1153  1153 D nxpese@1.0-service: Registering SecureElement HALIMPL Service v1.0...
03-14 10:34:22.967  1153  1153 D JcDnld_SPI: checkIfEseClientUpdateReqd enter:  
03-14 10:34:22.967  1153  1153 D android.hardware.secure_element@1.0-service: nxp config referred : libnfc-nxp.conf
03-14 10:34:22.967  1153  1153 D android.hardware.secure_element@1.0-service: nxp config file : /vendor/etc/libnfc-nxp.conf
03-14 10:34:22.968  1153  1153 D android.hardware.secure_element@1.0-service: readNxpTransitConfig-Enter..Reading /data/vendor/nfc/libnfc-nxpTransit.conf
03-14 10:34:22.968  1153  1153 E android.hardware.secure_element@1.0-service: readConfig Cannot open config file /data/vendor/nfc/libnfc-nxpTransit.conf
03-14 10:34:22.968  1153  1153 D android.hardware.secure_element@1.0-service: readNxpRFConfig-Enter..Reading /system/vendor/libnfc-nxp_RF.conf
03-14 10:34:22.968  1153  1153 E android.hardware.secure_element@1.0-service: readConfig Cannot open config file /system/vendor/libnfc-nxp_RF.conf
03-14 10:34:22.970  1153  1153 I android.hardware.secure_element@1.0-service: ConfigFile - Parsing file '/vendor/etc/libese-nxp.conf'
03-14 10:34:22.970  1153  1153 I android.hardware.secure_element@1.0-service: ConfigFile - [SE_DEBUG_ENABLED] = 1
03-14 10:34:22.970  1153  1153 I android.hardware.secure_element@1.0-service: ConfigFile - [NXP_SWP_RD_TAG_OP_TIMEOUT] = 0xFF
03-14 10:34:22.970  1153  1153 I android.hardware.secure_element@1.0-service: ConfigFile - [NXP_WTX_COUNT_VALUE] = 240
03-14 10:34:22.970  1153  1153 I android.hardware.secure_element@1.0-service: ConfigFile - [NXP_POWER_SCHEME] = 0x02
03-14 10:34:22.970  1153  1153 I android.hardware.secure_element@1.0-service: ConfigFile - [NXP_SOF_WRITE] = 0x01
03-14 10:34:22.970  1153  1153 I android.hardware.secure_element@1.0-service: ConfigFile - [NXP_TP_MEASUREMENT] = 0x00
03-14 10:34:22.970  1153  1153 I android.hardware.secure_element@1.0-service: ConfigFile - [NXP_SPI_INTF_RST_ENABLE] = 0x00
03-14 10:34:22.970  1153  1153 I android.hardware.secure_element@1.0-service: ConfigFile - [NXP_SPI_WRITE_TIMEOUT] = 0x14
03-14 10:34:22.970  1153  1153 I android.hardware.secure_element@1.0-service: ConfigFile - [NXP_ESE_DEV_NODE] = "/dev/p73"
