03-13 04:26:54.097     0     0 I @5 fsck.f2fs: Info: MKFS version
03-13 04:26:54.097     0     0 I @5 fsck.f2fs: "4.14.203-One-perf #3 SMP PREEMPT Sat Feb 13 23:26:34 IST 2021"
03-13 04:26:54.097     0     0 I @5 fsck.f2fs: Info: FSCK version
03-13 04:26:54.097     0     0 I @5 fsck.f2fs: from "4.14.117-perf #102 SMP PREEMPT Sat Mar 13 21:43:48 IST 2021"
03-13 04:26:54.099     0     0 I         : @5 rmnet_ipa3 started initialization
03-13 04:26:54.099     0     0 I         : @5 IPA SSR support = True
03-13 04:26:54.099     0     0 I         : @5 IPA is_platform_type_msm = True
03-13 04:26:54.099     0     0 I         : @5 IPA SG support = True
03-13 04:26:54.099     0     0 I         : @5 IPA Napi Enable = True
03-13 04:26:54.099     0     0 I         : @5 using default for wan-rx-desc-size = 256
03-13 04:26:54.099     0     0 I         : @5 IPA driver initialization was successful.
03-13 04:26:54.100     0     0 E         : @5 ipa-wan ipa3_wwan_probe:2815 rmnet_ipa completed initialization
03-13 04:26:56.299     0     0 E @6 SMBLIB: smblib_update_usb_type: pm8150b_charger: smblib_update_usb_type: APSD=SDP PD=0 dash_on=0 real_charger_type=4
03-13 04:26:56.998     0     0 I         : @3 tri_state_key extcon_dev_work : hw_version=0
03-13 04:26:56.998     0     0 I         : @3 tri_state_key extcon_dev_work : key[0]=0,key[1]=1,key[2]=1
03-13 04:26:57.554     0     0 I         : @7 F2FS-fs (dm-10): Found nat_bits in checkpoint
03-13 04:26:57.613     0     0 I         : @7 F2FS-fs (dm-10): Mounted with checkpoint version = 5b276213
03-13 04:26:57.614   672   672 I vold    : [libfs_mgr]__mount(source=/dev/block/dm-10,target=/data,type=f2fs)=0: Success
03-13 04:26:57.614   672   672 D vold    : Mounted /data
03-13 04:26:57.614   672   683 D vold    : Disk at 252:10 changed
03-13 04:26:57.629     0     0 D @5 vdc  : Waited 0ms for vold
03-13 04:26:57.629   672   672 I Checkpoint: cp_prepareCheckpoint called
03-13 04:26:57.636     0     0 D @5 vdc  : Waited 0ms for vold
03-13 04:26:57.636   672   672 I vold    : fscrypt_initialize_systemwide_keys
03-13 04:26:57.636   672   672 D vold    : Key exists, using: /data/unencrypted/key
03-13 04:26:57.638   672   672 I vold    : List of Keymaster HALs found:
03-13 04:26:57.638   672   672 I vold    : Keymaster HAL #1: Keymaster HAL: 4 from QTI SecurityLevel: TRUSTED_ENVIRONMENT HAL: android.hardware.keymaster@4.1::IKeymasterDevice/default
03-13 04:26:57.638   672   672 I vold    : Using Keymaster HAL: 4 from QTI for encryption.  Security level: TRUSTED_ENVIRONMENT, HAL: android.hardware.keymaster@4.1::IKeymasterDevice/default
03-13 04:26:57.642   672   672 E vold    : begin failed, code -62
03-13 04:26:57.642   672   672 D vold    : Upgrading key: /data/unencrypted/key
03-13 04:26:57.655   672   672 I vold    : Key upgraded: /data/unencrypted/key
03-13 04:26:57.660   672   672 I vold    : Kernel doesn't support FS_IOC_ADD_ENCRYPTION_KEY.  Falling back to session keyring
03-13 04:26:57.660   672   672 D vold    : Added key 851452237 (ext4:c1f68e1ac248d5d7) to keyring 247375965 in process 672
03-13 04:26:57.660   672   672 D vold    : Added key 457148158 (f2fs:c1f68e1ac248d5d7) to keyring 247375965 in process 672
03-13 04:26:57.660   672   672 D vold    : Added key 1052681110 (fscrypt:c1f68e1ac248d5d7) to keyring 247375965 in process 672
03-13 04:26:57.661   672   672 I vold    : Wrote system DE key reference to:/data/unencrypted/ref
03-13 04:26:57.661   672   672 D vold    : Added key 873744201 (ext4:afb6b4dedc84267d) to keyring 247375965 in process 672
03-13 04:26:57.661   672   672 D vold    : Added key 1041531896 (f2fs:afb6b4dedc84267d) to keyring 247375965 in process 672
03-13 04:26:57.661   672   672 D vold    : Added key 453591980 (fscrypt:afb6b4dedc84267d) to keyring 247375965 in process 672
03-13 04:26:57.661   672   672 I vold    : Wrote per boot key reference to:/data/unencrypted/per_boot_ref
03-13 04:26:57.663     0     0 I @4 fscrypt: AES-256-CTS-CBC using implementation "cts(cbc-aes-ce)"
03-13 04:26:57.672     0     0 I @6 apexd: Scanning /system/apex for preinstalled data
03-13 04:26:57.673     0     0 I @6 apexd: Scanning /system_ext/apex for preinstalled data
03-13 04:26:57.673     0     0 I @6 apexd: ... does not exist. Skipping
03-13 04:26:57.673     0     0 I @6 apexd: Scanning /product/apex for preinstalled data
03-13 04:26:57.673     0     0 I @6 apexd: ... does not exist. Skipping
03-13 04:26:57.673     0     0 I @6 apexd: Scanning /vendor/apex for preinstalled data
03-13 04:26:57.673     0     0 I @6 apexd: ... does not exist. Skipping
03-13 04:26:57.673     0     0 I @6 apexd: Populating APEX database from mounts...
03-13 04:26:57.673     0     0 I @6 apexd: 0 packages restored.
03-13 04:26:57.673     0     0 I @6 apexd: Marking APEXd as starting
03-13 04:26:57.686   672   683 D vold    : Disk at 7:48 changed
03-13 04:26:57.758   672   683 D vold    : Disk at 7:48 changed
03-13 04:26:57.803     0     0 I @6 device-mapper: verity: sha1 using implementation "sha1-ce"
03-13 04:26:57.803   672   683 D vold    : Disk at 252:11 changed
03-13 04:26:57.804   672   683 D vold    : Disk at 252:11 changed
03-13 04:26:57.806     0     0 I         : @6 EXT4-fs (dm-11): mounted filesystem without journal. Opts: (null)
03-13 04:26:57.807   672   683 D vold    : Disk at 7:56 changed
03-13 04:26:57.838   672   683 D vold    : Disk at 7:56 changed
03-13 04:26:57.881     0     0 I @6 device-mapper: verity: sha1 using implementation "sha1-ce"
03-13 04:26:57.881   672   683 D vold    : Disk at 252:12 changed
03-13 04:26:57.882   672   683 D vold    : Disk at 252:12 changed
03-13 04:26:57.884     0     0 I         : @4 EXT4-fs (dm-12): mounted filesystem without journal. Opts: (null)
03-13 04:26:57.884   672   683 D vold    : Disk at 7:64 changed
03-13 04:26:57.918   672   683 D vold    : Disk at 7:64 changed
03-13 04:26:57.970     0     0 I @7 device-mapper: verity: sha1 using implementation "sha1-ce"
03-13 04:26:57.970   672   683 D vold    : Disk at 252:13 changed
03-13 04:26:57.971   672   683 D vold    : Disk at 252:13 changed
03-13 04:26:57.973     0     0 I         : @7 EXT4-fs (dm-13): mounted filesystem without journal. Opts: (null)
03-13 04:26:57.974   672   683 D vold    : Disk at 7:72 changed
03-13 04:26:58.028   672   683 D vold    : Disk at 7:72 changed
03-13 04:26:58.071     0     0 I @7 device-mapper: verity: sha1 using implementation "sha1-ce"
03-13 04:26:58.071   672   683 D vold    : Disk at 252:14 changed
03-13 04:26:58.072   672   683 D vold    : Disk at 252:14 changed
03-13 04:26:58.074     0     0 I         : @7 EXT4-fs (dm-14): mounted filesystem without journal. Opts: (null)
03-13 04:26:58.075   672   683 D vold    : Disk at 7:80 changed
03-13 04:26:58.108   672   683 D vold    : Disk at 7:80 changed
03-13 04:26:58.150     0     0 I @7 device-mapper: verity: sha1 using implementation "sha1-ce"
03-13 04:26:58.150   672   683 D vold    : Disk at 252:15 changed
03-13 04:26:58.151   672   683 D vold    : Disk at 252:15 changed
03-13 04:26:58.153     0     0 I         : @5 EXT4-fs (dm-15): mounted filesystem without journal. Opts: (null)
03-13 04:26:58.154   672   683 D vold    : Disk at 7:88 changed
03-13 04:26:58.188   672   683 D vold    : Disk at 7:88 changed
03-13 04:26:58.230     0     0 I @7 device-mapper: verity: sha1 using implementation "sha1-ce"
03-13 04:26:58.230   672   683 D vold    : Disk at 252:16 changed
03-13 04:26:58.231   672   683 D vold    : Disk at 252:16 changed
03-13 04:26:58.234     0     0 I         : @7 EXT4-fs (dm-16): mounted filesystem without journal. Opts: (null)
03-13 04:26:58.234   672   683 D vold    : Disk at 7:96 changed
03-13 04:26:58.278   672   683 D vold    : Disk at 7:96 changed
03-13 04:26:58.341     0     0 I @5 device-mapper: verity: sha1 using implementation "sha1-ce"
03-13 04:26:58.341   672   683 D vold    : Disk at 252:17 changed
03-13 04:26:58.342   672   683 D vold    : Disk at 252:17 changed
03-13 04:26:58.345     0     0 I         : @4 EXT4-fs (dm-17): mounted filesystem without journal. Opts: (null)
03-13 04:26:58.346   672   683 D vold    : Disk at 7:104 changed
03-13 04:26:58.378   672   683 D vold    : Disk at 7:104 changed
03-13 04:26:58.420     0     0 I @7 device-mapper: verity: sha1 using implementation "sha1-ce"
03-13 04:26:58.421   672   683 D vold    : Disk at 252:18 changed
03-13 04:26:58.422   672   683 D vold    : Disk at 252:18 changed
03-13 04:26:58.424     0     0 I         : @5 EXT4-fs (dm-18): mounted filesystem without journal. Opts: (null)
03-13 04:26:58.425   672   683 D vold    : Disk at 7:112 changed
03-13 04:26:58.458   672   683 D vold    : Disk at 7:112 changed
03-13 04:26:58.501     0     0 I @5 device-mapper: verity: sha1 using implementation "sha1-ce"
03-13 04:26:58.501   672   683 D vold    : Disk at 252:19 changed
03-13 04:26:58.502   672   683 D vold    : Disk at 252:19 changed
03-13 04:26:58.504     0     0 I         : @7 EXT4-fs (dm-19): mounted filesystem without journal. Opts: (null)
03-13 04:26:58.505   672   683 D vold    : Disk at 7:120 changed
03-13 04:26:58.538   672   683 D vold    : Disk at 7:120 changed
03-13 04:26:58.571     0     0 I @4 device-mapper: verity: sha1 using implementation "sha1-ce"
03-13 04:26:58.571   672   683 D vold    : Disk at 252:20 changed
03-13 04:26:58.572   672   683 D vold    : Disk at 252:20 changed
03-13 04:26:58.574     0     0 I         : @5 EXT4-fs (dm-20): mounted filesystem without journal. Opts: (null)
03-13 04:26:58.575   672   683 D vold    : Disk at 7:128 changed
03-13 04:26:58.618   672   683 D vold    : Disk at 7:128 changed
03-13 04:26:58.660     0     0 I @7 device-mapper: verity: sha1 using implementation "sha1-ce"
03-13 04:26:58.660   672   683 D vold    : Disk at 252:21 changed
03-13 04:26:58.661   672   683 D vold    : Disk at 252:21 changed
03-13 04:26:58.664     0     0 I         : @5 EXT4-fs (dm-21): mounted filesystem without journal. Opts: (null)
03-13 04:26:58.664   672   683 D vold    : Disk at 7:136 changed
03-13 04:26:58.698   672   683 D vold    : Disk at 7:136 changed
03-13 04:26:58.741     0     0 I @4 device-mapper: verity: sha1 using implementation "sha1-ce"
03-13 04:26:58.742   672   683 D vold    : Disk at 252:22 changed
03-13 04:26:58.743   672   683 D vold    : Disk at 252:22 changed
03-13 04:26:58.745     0     0 I         : @4 EXT4-fs (dm-22): mounted filesystem without journal. Opts: (null)
03-13 04:26:58.747   672   683 D vold    : Disk at 7:144 changed
03-13 04:26:58.778   672   683 D vold    : Disk at 7:144 changed
03-13 04:26:58.820     0     0 I         : @7 EXT4-fs (loop18): mounted filesystem without journal. Opts: (null)
03-13 04:26:58.822   672   683 D vold    : Disk at 7:152 changed
03-13 04:26:58.858   672   683 D vold    : Disk at 7:152 changed
03-13 04:26:58.881     0     0 I         : @4 EXT4-fs (loop19): mounted filesystem without journal. Opts: (null)
03-13 04:26:58.883   672   683 D vold    : Disk at 7:160 changed
03-13 04:26:58.918   672   683 D vold    : Disk at 7:160 changed
03-13 04:26:58.950     0     0 I         : @4 EXT4-fs (loop20): mounted filesystem without journal. Opts: (null)
03-13 04:26:58.951   672   683 D vold    : Disk at 7:168 changed
03-13 04:26:58.988   672   683 D vold    : Disk at 7:168 changed
03-13 04:26:59.020     0     0 I         : @7 EXT4-fs (loop21): mounted filesystem without journal. Opts: (null)
03-13 04:26:59.021   672   683 D vold    : Disk at 7:176 changed
03-13 04:26:59.058   672   683 D vold    : Disk at 7:176 changed
03-13 04:26:59.102     0     0 I         : @5 EXT4-fs (loop22): mounted filesystem without journal. Opts: (null)
03-13 04:26:59.102   672   683 D vold    : Disk at 7:184 changed
03-13 04:26:59.128   672   683 D vold    : Disk at 7:184 changed
03-13 04:26:59.172     0     0 I         : @4 EXT4-fs (loop23): mounted filesystem without journal. Opts: (null)
03-13 04:26:59.172   672   683 D vold    : Disk at 7:192 changed
03-13 04:26:59.208   672   683 D vold    : Disk at 7:192 changed
03-13 04:26:59.251     0     0 I         : @6 EXT4-fs (loop24): mounted filesystem without journal. Opts: (null)
03-13 04:26:59.252   672   683 D vold    : Disk at 7:200 changed
03-13 04:26:59.278   672   683 D vold    : Disk at 7:200 changed
03-13 04:26:59.342     0     0 I         : @6 EXT4-fs (loop25): mounted filesystem without journal. Opts: (null)
03-13 04:26:59.342   672   683 D vold    : Disk at 7:208 changed
03-13 04:26:59.378   672   683 D vold    : Disk at 7:208 changed
03-13 04:26:59.410     0     0 I         : @5 EXT4-fs (loop26): mounted filesystem without journal. Opts: (null)
03-13 04:26:59.414     0     0 I @6 init : Wait for property 'apexd.status=activated' took 1716ms
03-13 04:26:59.423     0     0 I @7 init : Parsing file /apex/com.android.adbd/etc/init.rc...
03-13 04:26:59.423     0     0 I @4 init : Parsing file /apex/com.android.media.swcodec/etc/init.rc...
03-13 04:26:59.424     0     0 I @4 init : Parsing file /apex/com.android.os.statsd/etc/init.rc...
03-13 04:26:59.424     0     0 I @4 init : Parsing file /apex/com.android.sdkext/etc/derive_sdk.rc...
03-13 04:26:59.430     0     0 I @7 init : linkerconfig generated /linkerconfig with mounted APEX modules info
03-13 04:26:59.430     0     0 I @7 init : Not setting encryption policy on: /data/media
03-13 04:26:59.431     0     0 I @7 init : starting service 'exec 10 (/system/bin/chattr +F /data/media)'...
03-13 04:26:59.433     0     0 I @7 init : SVC_EXEC service 'exec 10 (/system/bin/chattr +F /data/media)' pid 828 (uid 1023 gid 1023+0 context default) started; waiting...
03-13 04:26:59.452     0     0 I @7 init : Service 'exec 10 (/system/bin/chattr +F /data/media)' (pid 828) exited with status 0 waiting took 0.019000 seconds
03-13 04:26:59.467     0     0 D @4 vdc  : Waited 0ms for vold
03-13 04:26:59.467   672   672 D vold    : fscrypt_init_user0
03-13 04:26:59.467   672   672 D vold    : Preparing: /data/misc/vold/user_keys
03-13 04:26:59.468   672   672 D vold    : Preparing: /data/misc/vold/user_keys/ce
03-13 04:26:59.468   672   672 D vold    : Preparing: /data/misc/vold/user_keys/de
03-13 04:26:59.469   672   672 D vold    : Skipping non-de-key .
03-13 04:26:59.469   672   672 D vold    : Skipping non-de-key ..
03-13 04:26:59.472   672   672 I vold    : List of Keymaster HALs found:
03-13 04:26:59.472   672   672 I vold    : Keymaster HAL #1: Keymaster HAL: 4 from QTI SecurityLevel: TRUSTED_ENVIRONMENT HAL: android.hardware.keymaster@4.1::IKeymasterDevice/default
03-13 04:26:59.472   672   672 I vold    : Using Keymaster HAL: 4 from QTI for encryption.  Security level: TRUSTED_ENVIRONMENT, HAL: android.hardware.keymaster@4.1::IKeymasterDevice/default
03-13 04:26:59.479   672   672 D vold    : Added key 732300261 (ext4:d7dd727a177151b3) to keyring 247375965 in process 672
03-13 04:26:59.479   672   672 D vold    : Added key 1043958710 (f2fs:d7dd727a177151b3) to keyring 247375965 in process 672
03-13 04:26:59.479   672   672 D vold    : Added key 921514546 (fscrypt:d7dd727a177151b3) to keyring 247375965 in process 672
03-13 04:26:59.479   672   672 D vold    : Installed de key for user 0
03-13 04:26:59.479   672   672 D vold    : fscrypt_prepare_user_storage for volume null, user 0, serial 0, flags 1
03-13 04:26:59.479   672   672 D vold    : Preparing: /data/system/users/0
03-13 04:26:59.480   672   672 D vold    : Preparing: /data/misc/profiles/cur/0
03-13 04:26:59.480   672   672 D vold    : Preparing: /data/system_de/0
03-13 04:26:59.480   672   672 D vold    : Preparing: /data/misc_de/0
03-13 04:26:59.480   672   672 D vold    : Preparing: /data/vendor_de/0
03-13 04:26:59.481   672   672 D vold    : Preparing: /data/user_de/0
03-13 04:26:59.481   672   672 I vold    : Verified that /data/system_de/0 has the encryption policy d7dd727a177151b3 v1 modes 127/4 flags 0x0
03-13 04:26:59.481   672   672 I vold    : Verified that /data/misc_de/0 has the encryption policy d7dd727a177151b3 v1 modes 127/4 flags 0x0
03-13 04:26:59.481   672   672 I vold    : Verified that /data/vendor_de/0 has the encryption policy d7dd727a177151b3 v1 modes 127/4 flags 0x0
03-13 04:26:59.481   672   672 I vold    : Verified that /data/user_de/0 has the encryption policy d7dd727a177151b3 v1 modes 127/4 flags 0x0
03-13 04:26:59.481   672   672 D vold    : /system/bin/vold_prepare_subdirs
03-13 04:26:59.481   672   672 D vold    :     prepare
03-13 04:26:59.481   672   672 D vold    :     
03-13 04:26:59.481   672   672 D vold    :     0
03-13 04:26:59.481   672   672 D vold    :     1
03-13 04:26:59.507     0     0 I @4 apexd: Snapshot DE subcommand detected
03-13 04:26:59.508     0     0 I @4 apexd: Marking APEXd as ready
03-13 04:26:59.528     0     0 W @5 init : Top-level directory needs encryption action, eg mkdir /data/shared <mode> <uid> <gid> encryption=Require
03-13 04:26:59.529     0     0 I @4 init : Verified that /data/shared has the encryption policy c1f68e1ac248d5d7 v1 modes 127/4 flags 0x0
03-13 04:26:59.538     0     0 W @5 init : Top-level directory needs encryption action, eg mkdir /data/nfc <mode> <uid> <gid> encryption=Require
03-13 04:26:59.538     0     0 I @5 init : Verified that /data/nfc has the encryption policy c1f68e1ac248d5d7 v1 modes 127/4 flags 0x0
03-13 04:26:59.539     0     0 W @6 init : Top-level directory needs encryption action, eg mkdir /data/fpc_images <mode> <uid> <gid> encryption=Require
03-13 04:26:59.539     0     0 I @6 init : Verified that /data/fpc_images has the encryption policy c1f68e1ac248d5d7 v1 modes 127/4 flags 0x0
03-13 04:26:59.540     0     0 W @6 init : Top-level directory needs encryption action, eg mkdir /data/fpc <mode> <uid> <gid> encryption=Require
03-13 04:26:59.540     0     0 I @6 init : Verified that /data/fpc has the encryption policy c1f68e1ac248d5d7 v1 modes 127/4 flags 0x0
03-13 04:26:59.541     0     0 W @6 init : Top-level directory needs encryption action, eg mkdir /data/coredump <mode> <uid> <gid> encryption=Require
03-13 04:26:59.541     0     0 I @6 init : Verified that /data/coredump has the encryption policy c1f68e1ac248d5d7 v1 modes 127/4 flags 0x0
03-13 04:26:59.601     0     0 I @7 logd.daemon: reinit
03-13 04:26:59.639     0     0 I @4 update_verifier: Started with arg 1: nonencrypted
03-13 04:26:59.640     0     0 I @6 update_verifier: Booting slot 0: isSlotMarkedSuccessful=1
03-13 04:26:59.640     0     0 I @6 update_verifier: Leaving update_verifier.
03-13 04:26:59.653     0     0 I         : @4 subsys-pil-tz 17300000.qcom,lpass: adsp: loading from 0x000000008be00000 to 0x000000008dc00000
03-13 04:26:59.653     0     0 I         : @6 subsys-pil-tz 8300000.qcom,turing: cdsp: loading from 0x0000000098d00000 to 0x000000009a100000
03-13 04:26:59.738     0     0 I         : @7 subsys-pil-tz 8300000.qcom,turing: cdsp: Brought out of reset
03-13 04:26:59.751     0     0 I         : @6 subsys-pil-tz 8300000.qcom,turing: cdsp: Power/Clock ready interrupt received
03-13 04:26:59.751     0     0 I         : @6 subsys-pil-tz 8300000.qcom,turing: Subsystem error monitoring/handling services are up
03-13 04:26:59.753     0     0 I @7 subsys-restart: __subsystem_get(): Changing subsys fw_name to slpi
03-13 04:26:59.756     0     0 I         : @7 subsys-pil-tz 5c00000.qcom,ssc: slpi: loading from 0x0000000097700000 to 0x0000000098b00000
03-13 04:26:59.757     0     0 I         : @0 msm_cdsp_rm soc:qcom,glink:cdsp:qcom,msm_cdsprm_rpmsg:qcom,msm_cdsp_rm: CDSP request manager driver probe called
03-13 04:26:59.758     0     0 I @0 adsprpc: fastrpc_rpmsg_probe: opened rpmsg channel for cdsp
03-13 04:26:59.760     0     0 I @0 fastcvpd_rpmsg_probe: Successfully probed. cdsp_state=0 video_shutdown=0
03-13 04:26:59.805     0     0 I         : @4 subsys-pil-tz 17300000.qcom,lpass: adsp: Brought out of reset
03-13 04:26:59.816     0     0 I         : @6 subsys-pil-tz 17300000.qcom,lpass: Subsystem error monitoring/handling services are up
03-13 04:26:59.816     0     0 I         : @6 subsys-pil-tz 17300000.qcom,lpass: adsp: Power/Clock ready interrupt received
03-13 04:26:59.820     0     0 I @1 adsprpc: fastrpc_rpmsg_probe: opened rpmsg channel for adsp
03-13 04:26:59.822     0     0 I         : @1 apr_tal_rpmsg qcom,glink:adsp.apr_audio_svc.-1.-1: apr_tal_rpmsg_probe: Channel[apr_audio_svc] state[Up]
03-13 04:26:59.862     0     0 I         : @7 subsys-pil-tz 5c00000.qcom,ssc: slpi: Brought out of reset
03-13 04:26:59.905     0     0 I         : @5 subsys-pil-tz 5c00000.qcom,ssc: slpi: Power/Clock ready interrupt received
03-13 04:26:59.905     0     0 I         : @5 subsys-pil-tz 5c00000.qcom,ssc: Subsystem error monitoring/handling services are up
03-13 04:26:59.920     0     0 I @0 adsprpc: fastrpc_rpmsg_probe: opened rpmsg channel for slpi
03-13 04:26:59.983     0     0 W @6 healthd: batteryCapacityLevelPath not found
03-13 04:26:59.983     0     0 W @6 healthd: batteryChargeTimeToFullNowPath. not found
03-13 04:26:59.983     0     0 W @6 healthd: batteryFullChargeDesignCapacityUahPath. not found
--------- beginning of main
03-13 22:30:34.572   852   852 W LibBpfLoader: 49: (bf) r2 = r10
03-13 22:30:34.572   852   852 W LibBpfLoader: 50: (07) r2 += -28
03-13 22:30:34.572   852   852 W LibBpfLoader: 51: (18) r1 = 0xffffffdb8d4d5800
03-13 22:30:34.572   852   852 W LibBpfLoader: 53: (85) call bpf_map_lookup_elem#1
03-13 22:30:34.572   852   852 W LibBpfLoader: 54: (15) if r0 == 0x0 goto pc+92
03-13 22:30:34.572   852   852 W LibBpfLoader:  R0=map_value(id=0,off=0,ks=4,vs=8,imm=0) R6=ctx(id=0,off=0,imm=0) R7=map_value(id=0,off=0,ks=20,vs=20,imm=0) R8=inv0 R9=map_value(id=0,off=0,ks=4,vs=48,imm=0) R10=fp0
03-13 22:30:34.572   852   852 W LibBpfLoader: 55: (69) r1 = *(u16 *)(r7 +18)
03-13 22:30:34.572   852   852 W LibBpfLoader:  R0=map_value(id=0,off=0,ks=4,vs=8,imm=0) R6=ctx(id=0,off=0,imm=0) R7=map_value(id=0,off=0,ks=20,vs=20,imm=0) R8=inv0 R9=map_value(id=0,off=0,ks=4,vs=48,imm=0) R10=fp0
03-13 22:30:34.572   852   852 W LibBpfLoader: 56: (b7) r2 = 1280
03-13 22:30:34.572   852   852 W LibBpfLoader: 57: (2d) if r2 > r1 goto pc+89
03-13 22:30:34.572   852   852 W LibBpfLoader:  R0=map_value(id=0,off=0,ks=4,vs=8,imm=0) R1=inv(id=0,umin_value=1280,umax_value=65535,var_off=(0x0; 0xffff)) R2=inv1280 R6=ctx(id=0,off=0,imm=0) R7=map_value(id=0,off=0,ks=20,vs=20,imm=0) R8=inv0 R9=map_value(id=0,off=0,ks=4,vs=48,imm=0) R10=fp0
03-13 22:30:34.572   852   852 W LibBpfLoader: 58: (b7) r4 = 1
03-13 22:30:34.572   852   852 W LibBpfLoader: 59: (61) r3 = *(u32 *)(r6 +0)
03-13 22:30:34.572   852   852 W LibBpfLoader: 60: (3d) if r1 >= r3 goto pc+10
03-13 22:30:34.572   852   852 W LibBpfLoader:  R0=map_value(id=0,off=0,ks=4,vs=8,imm=0) R1=inv(id=0,umin_value=1280,umax_value=65535,var_off=(0x0; 0xffff)) R2=inv1280 R3=inv(id=0,umax_value=4294967295,var_off=(0x0; 0xffffffff)) R4=inv1 R6=ctx(id=0,off=0,imm=0) R7=map_value(id=0,off=0,ks=20,vs=20,imm=0) R8=inv0 R9=map_value(id=0,off=0,ks=4,vs=48,imm=0) R10=fp0
03-13 22:30:34.572   852   852 W LibBpfLoader: 61: (07) r3 += -72
03-13 22:30:34.572   852   852 W LibBpfLoader: 62: (bf) r4 = r1
03-13 22:30:34.572   852   852 W LibBpfLoader: 63: (0f) r4 += r3
03-13 22:30:34.572   852   852 W LibBpfLoader: 64: (07) r4 += -73
03-13 22:30:34.572   852   852 W LibBpfLoader: 65: (07) r1 += -72
03-13 22:30:34.572   852   852 W LibBpfLoader: 66: (3f) r4 /= r1
03-13 22:30:34.572   852   852 W LibBpfLoader: 67: (bf) r1 = r4
03-13 22:30:34.572   852   852 W LibBpfLoader: 68: (27) r1 *= 72
03-13 22:30:34.572   852   852 W LibBpfLoader: 69: (0f) r1 += r3
03-13 22:30:34.572   852   852 W LibBpfLoader: 70: (bf) r3 = r1
03-13 22:30:34.572   852   852 W LibBpfLoader: 71: (79) r1 = *(u64 *)(r9 +8)
03-13 22:30:34.572   852   852 W LibBpfLoader:  R0=map_value(id=0,off=0,ks=4,vs=8,imm=0) R1=inv(id=0) R2=inv1280 R3=inv(id=0) R4=inv(id=0) R6=ctx(id=0,off=0,imm=0) R7=map_value(id=0,off=0,ks=20,vs=20,imm=0) R8=inv0 R9=map_value(id=0,off=0,ks=4,vs=48,imm=0) R10=fp0
03-13 22:30:34.572   852   852 W LibBpfLoader: 72: (0f) r1 += r3
03-13 22:30:34.572   852   852 W LibBpfLoader: 73: (79) r2 = *(u64 *)(r9 +32)
03-13 22:30:34.572   852   852 W LibBpfLoader:  R0=map_value(id=0,off=0,ks=4,vs=8,imm=0) R1=inv(id=0) R2=inv1280 R3=inv(id=0) R4=inv(id=0) R6=ctx(id=0,off=0,imm=0) R7=map_value(id=0,off=0,ks=20,vs=20,imm=0) R8=inv0 R9=map_value(id=0,off=0,ks=4,vs=48,imm=0) R10=fp0
03-13 22:30:34.572   852   852 W LibBpfLoader: 74: (0f) r1 += r2
03-13 22:30:34.572   852   852 W LibBpfLoader: 75: (79) r2 = *(u64 *)(r0 +0)
03-13 22:30:34.572   852   852 W LibBpfLoader:  R0=map_value(id=0,off=0,ks=4,vs=8,imm=0) R1=inv(id=0) R2=inv(id=0) R3=inv(id=0) R4=inv(id=0) R6=ctx(id=0,off=0,imm=0) R7=map_value(id=0,off=0,ks=20,vs=20,imm=0) R8=inv0 R9=map_value(id=0,off=0,ks=4,vs=48,imm=0) R10=fp0
03-13 22:30:34.572   852   852 W LibBpfLoader: 76: (2d) if r1 > r2 goto pc+70
03-13 22:30:34.572   852   852 W LibBpfLoader:  R0=map_value(id=0,off=0,ks=4,vs=8,imm=0) R1=inv(id=0) R2=inv(id=0) R3=inv(id=0) R4=inv(id=0) R6=ctx(id=0,off=0,imm=0) R7=map_value(id=0,off=0,ks=20,vs=20,imm=0) R8=inv0 R9=map_value(id=0,off=0,ks=4,vs=48,imm=0) R10=fp0
03-13 22:30:34.572   852   852 W LibBpfLoader: 77: (7b) *(u64 *)(r10 -48) = r4
03-13 22:30:34.572   852   852 W LibBpfLoader: 78: (7b) *(u64 *)(r10 -40) = r3
03-13 22:30:34.572   852   852 W LibBpfLoader: 79: (b7) r8 = 0
03-13 22:30:34.572   852   852 W LibBpfLoader: 80: (bf) r1 = r6
03-13 22:30:34.572   852   852 W LibBpfLoader: 81: (b7) r2 = 14
03-13 22:30:34.572   852   852 W LibBpfLoader: 82: (b7) r3 = 0
03-13 22:30:34.572   852   852 W LibBpfLoader: 83: (85) call bpf_skb_change_head#43
03-13 22:30:34.572   852   852 W LibBpfLoader: unknown func bpf_skb_change_head#43
03-13 22:30:34.572   852   852 W LibBpfLoader: 
03-13 22:30:34.572   852   852 W LibBpfLoader: bpf_prog_load - END log_buf contents.
03-13 22:30:34.572   852   852 W LibBpfLoader: failed program is marked optional - continuing...
03-13 22:30:34.572   852   852 D LibBpfLoader: cs[3].name:schedcls_ingress_tether_rawip$stub min_kver:0 .max_kver:50400 (kvers:40e75)
03-13 22:30:34.573   852   852 D LibBpfLoader: bpf_prog_load lib call for /system/etc/bpf/offload.o (schedcls_ingress_tether_rawip$stub) returned fd: 11 (no error)
03-13 22:30:34.573   852   852 I bpfloader: Loaded object: /system/etc/bpf/offload.o
03-13 22:30:34.574   690   690 I sscrpcd : remote_handle_open: Successfully opened handle 0x7f for '":;./\createstaticpd:sensorspd on domain 2
03-13 22:30:34.574   690   690 E sscrpcd : Error 0xffffffff: apps_dev_init failed for domain 2, errno Transport endpoint is not connected
03-13 22:30:34.574   690   690 E sscrpcd : Error 0xffffffff: open_dev (-1) failed for domain 2
03-13 22:30:34.574   690   690 E sscrpcd : vendor/qcom/proprietary/sensors-see/sscrpcd/src/sscrpcd.cpp:42:adsp daemon will restart after 25ms...
03-13 22:30:34.600   690   690 I sscrpcd : remote_handle_open: Successfully opened handle 0x7f for '":;./\createstaticpd:sensorspd on domain 2
03-13 22:30:34.600   690   690 E sscrpcd : Error 0xffffffff: apps_dev_init failed for domain 2, errno Transport endpoint is not connected
03-13 22:30:34.600   690   690 E sscrpcd : Error 0xffffffff: open_dev (-1) failed for domain 2
03-13 22:30:34.600   690   690 E sscrpcd : vendor/qcom/proprietary/sensors-see/sscrpcd/src/sscrpcd.cpp:42:adsp daemon will restart after 25ms...
03-13 22:30:34.626   690   690 I sscrpcd : remote_handle_open: Successfully opened handle 0x7f for '":;./\createstaticpd:sensorspd on domain 2
03-13 22:30:34.626   690   690 E sscrpcd : Error 0xffffffff: apps_dev_init failed for domain 2, errno Transport endpoint is not connected
03-13 22:30:34.626   690   690 E sscrpcd : Error 0xffffffff: open_dev (-1) failed for domain 2
03-13 22:30:34.627   690   690 E sscrpcd : vendor/qcom/proprietary/sensors-see/sscrpcd/src/sscrpcd.cpp:42:adsp daemon will restart after 25ms...
03-13 22:30:34.649   860   860 I ServiceManager: Waiting for service 'statscompanion' on '/dev/binder'...
03-13 22:30:34.652   690   690 I sscrpcd : remote_handle_open: Successfully opened handle 0x7f for '":;./\createstaticpd:sensorspd on domain 2
03-13 22:30:34.652   690   690 E sscrpcd : Error 0xffffffff: apps_dev_init failed for domain 2, errno Transport endpoint is not connected
03-13 22:30:34.652   690   690 E sscrpcd : Error 0xffffffff: open_dev (-1) failed for domain 2
03-13 22:30:34.653   690   690 E sscrpcd : vendor/qcom/proprietary/sensors-see/sscrpcd/src/sscrpcd.cpp:42:adsp daemon will restart after 25ms...
03-13 22:30:34.663   861   861 I netdClient: Skipping libnetd_client init since *we* are netd
03-13 22:30:34.669   861   861 I netd    : netd 1.0 starting
03-13 22:30:34.670   861   861 D TetherController: Setting IP forward enable = 0
03-13 22:30:34.671   861   861 D FirewallController: Could not read /proc/self/uid_map, max uid defaulting to 4294967294
03-13 22:30:34.679   861   861 I netd    : Creating child chains: 4959us
03-13 22:30:34.679   861   861 I netd    : Setting up OEM hooks: 86us
03-13 22:30:34.679   861   861 I netd    : Setting up FirewallController hooks: 84us
03-13 22:30:34.679   690   690 I sscrpcd : remote_handle_open: Successfully opened handle 0x7f for '":;./\createstaticpd:sensorspd on domain 2
03-13 22:30:34.679   690   690 E sscrpcd : Error 0xffffffff: apps_dev_init failed for domain 2, errno Transport endpoint is not connected
03-13 22:30:34.679   690   690 E sscrpcd : Error 0xffffffff: open_dev (-1) failed for domain 2
03-13 22:30:34.679   690   690 E sscrpcd : vendor/qcom/proprietary/sensors-see/sscrpcd/src/sscrpcd.cpp:42:adsp daemon will restart after 25ms...
03-13 22:30:34.680   861   861 I netd    : Setting up TetherController hooks: 914us
03-13 22:30:34.680   861   861 I netd    : Setting up BandwidthController hooks: 574us
03-13 22:30:34.680   861   861 I netd    : Setting up IdletimerController hooks: 30us
03-13 22:30:34.687   861   861 I netd    : Setting up StrictController hooks: 6395us
03-13 22:30:34.687   861   861 I ClatdController: 4.9+ kernel and device shipped with Q+ - clat ebpf should work.
03-13 22:30:34.687   861   861 I netd    : Initializing ClatdController: 77us
03-13 22:30:34.687   861   861 I netd    : Initializing traffic control: 306us
03-13 22:30:34.694   861   861 I netd    : Enabling bandwidth control: 6467us
03-13 22:30:34.695   861   861 I netd    : Initializing RouteController: 1117us
03-13 22:30:34.695   861   861 D XfrmController: XfrmController::ipSecAddXfrmInterface, line=1377
03-13 22:30:34.695   861   861 D XfrmController: XfrmController::ipSecRemoveTunnelInterface, line=1590
03-13 22:30:34.695   861   861 D XfrmController: deviceName=ipsec_test
03-13 22:30:34.705   690   690 I sscrpcd : remote_handle_open: Successfully opened handle 0x7f for '":;./\createstaticpd:sensorspd on domain 2
03-13 22:30:34.706   690   690 E sscrpcd : Error 0xffffffff: apps_dev_init failed for domain 2, errno Transport endpoint is not connected
03-13 22:30:34.706   690   690 E sscrpcd : Error 0xffffffff: open_dev (-1) failed for domain 2
03-13 22:30:34.706   690   690 E sscrpcd : vendor/qcom/proprietary/sensors-see/sscrpcd/src/sscrpcd.cpp:42:adsp daemon will restart after 25ms...
03-13 22:30:34.716   894   894 I BOOT    : MSM target '', SoC 'MTP', HwID '339', SoC ver '65536'
03-13 22:30:34.732   690   690 I sscrpcd : remote_handle_open: Successfully opened handle 0x7f for '":;./\createstaticpd:sensorspd on domain 2
03-13 22:30:34.732   690   690 E sscrpcd : Error 0xffffffff: apps_dev_init failed for domain 2, errno Transport endpoint is not connected
03-13 22:30:34.732   690   690 E sscrpcd : Error 0xffffffff: open_dev (-1) failed for domain 2
03-13 22:30:34.732   690   690 E sscrpcd : vendor/qcom/proprietary/sensors-see/sscrpcd/src/sscrpcd.cpp:42:adsp daemon will restart after 25ms...
03-13 22:30:34.749   860   860 I ServiceManager: Waiting for service 'statscompanion' on '/dev/binder'...
03-13 22:30:34.758   690   690 I sscrpcd : remote_handle_open: Successfully opened handle 0x7f for '":;./\createstaticpd:sensorspd on domain 2
03-13 22:30:34.758   690   690 E sscrpcd : Error 0xffffffff: apps_dev_init failed for domain 2, errno Transport endpoint is not connected
03-13 22:30:34.758   690   690 E sscrpcd : Error 0xffffffff: open_dev (-1) failed for domain 2
03-13 22:30:34.759   690   690 E sscrpcd : vendor/qcom/proprietary/sensors-see/sscrpcd/src/sscrpcd.cpp:42:adsp daemon will restart after 25ms...
03-13 22:30:34.768   861   861 D XfrmController: Sending Netlink XFRM Message: XFRM_MSG_FLUSHSA
03-13 22:30:34.768   861   861 D XfrmController: Sending Netlink XFRM Message: XFRM_MSG_FLUSHPOLICY
03-13 22:30:34.768   861   861 I netd    : Initializing XfrmController: 73519us
03-13 22:30:34.785   690   690 I sscrpcd : remote_handle_open: Successfully opened handle 0x7f for '":;./\createstaticpd:sensorspd on domain 2
03-13 22:30:34.785   690   690 E sscrpcd : Error 0xffffffff: apps_dev_init failed for domain 2, errno Transport endpoint is not connected
03-13 22:30:34.785   690   690 E sscrpcd : Error 0xffffffff: open_dev (-1) failed for domain 2
03-13 22:30:34.786   690   690 E sscrpcd : vendor/qcom/proprietary/sensors-see/sscrpcd/src/sscrpcd.cpp:42:adsp daemon will restart after 25ms...
03-13 22:30:34.786   861   861 I libnetd_resolv: resolv_init: Initializing resolver
03-13 22:30:34.811   690   690 I sscrpcd : remote_handle_open: Successfully opened handle 0x7f for '":;./\createstaticpd:sensorspd on domain 2
03-13 22:30:34.811   690   690 E sscrpcd : Error 0xffffffff: apps_dev_init failed for domain 2, errno Transport endpoint is not connected
03-13 22:30:34.811   690   690 E sscrpcd : Error 0xffffffff: open_dev (-1) failed for domain 2
03-13 22:30:34.812   690   690 E sscrpcd : vendor/qcom/proprietary/sensors-see/sscrpcd/src/sscrpcd.cpp:42:adsp daemon will restart after 25ms...
03-13 22:30:34.816   862   862 D AndroidRuntime: >>>>>> START com.android.internal.os.ZygoteInit uid 0 <<<<<<
03-13 22:30:34.820   863   863 D AndroidRuntime: >>>>>> START com.android.internal.os.ZygoteInit uid 0 <<<<<<
03-13 22:30:34.830   862   862 I AndroidRuntime: Using default boot image
03-13 22:30:34.830   862   862 I AndroidRuntime: Leaving lock profiling enabled
03-13 22:30:34.834   863   863 I AndroidRuntime: Using default boot image
03-13 22:30:34.834   863   863 I AndroidRuntime: Leaving lock profiling enabled
03-13 22:30:34.834   862   862 I zygote64: option[0]=-Xzygote
03-13 22:30:34.834   862   862 I zygote64: option[1]=exit
03-13 22:30:34.834   862   862 I zygote64: option[2]=vfprintf
03-13 22:30:34.834   862   862 I zygote64: option[3]=sensitiveThread
03-13 22:30:34.834   862   862 I zygote64: option[4]=-verbose:gc
03-13 22:30:34.834   862   862 I zygote64: option[5]=-XX:PerfettoHprof=true
03-13 22:30:34.834   862   862 I zygote64: option[6]=-Xprimaryzygote
03-13 22:30:34.834   862   862 I zygote64: option[7]=-Xms24m
03-13 22:30:34.834   862   862 I zygote64: option[8]=-Xmx512m
03-13 22:30:34.834   862   862 I zygote64: option[9]=-XX:HeapGrowthLimit=256m
03-13 22:30:34.834   862   862 I zygote64: option[10]=-XX:HeapMinFree=8m
03-13 22:30:34.834   862   862 I zygote64: option[11]=-XX:HeapMaxFree=48m
03-13 22:30:34.834   862   862 I zygote64: option[12]=-XX:HeapTargetUtilization=0.46
03-13 22:30:34.834   862   862 I zygote64: option[13]=-Xusejit:true
03-13 22:30:34.834   862   862 I zygote64: option[14]=-Xjitsaveprofilinginfo
03-13 22:30:34.834   862   862 I zygote64: option[15]=-XjdwpOptions:suspend=n,server=y
03-13 22:30:34.834   862   862 I zygote64: option[16]=-XjdwpProvider:default
03-13 22:30:34.834   862   862 I zygote64: option[17]=-Xopaque-jni-ids:swapable
03-13 22:30:34.834   862   862 I zygote64: option[18]=-Xlockprofthreshold:500
03-13 22:30:34.834   862   862 I zygote64: option[19]=-Xcompiler-option
03-13 22:30:34.834   862   862 I zygote64: option[20]=--compiler-filter=speed
03-13 22:30:34.834   862   862 I zygote64: option[21]=-Xcompiler-option
03-13 22:30:34.834   862   862 I zygote64: option[22]=-j8
03-13 22:30:34.834   862   862 I zygote64: option[23]=-Xcompiler-option
03-13 22:30:34.834   862   862 I zygote64: option[24]=--instruction-set-variant=cortex-a76
03-13 22:30:34.834   862   862 I zygote64: option[25]=-Xcompiler-option
03-13 22:30:34.834   862   862 I zygote64: option[26]=--instruction-set-features=default
03-13 22:30:34.834   862   862 I zygote64: option[27]=-Xcompiler-option
03-13 22:30:34.834   862   862 I zygote64: option[28]=--generate-mini-debug-info
03-13 22:30:34.834   862   862 I zygote64: option[29]=-Ximage-compiler-option
03-13 22:30:34.834   862   862 I zygote64: option[30]=--runtime-arg
03-13 22:30:34.834   862   862 I zygote64: option[31]=-Ximage-compiler-option
03-13 22:30:34.834   862   862 I zygote64: option[32]=-Xms64m
03-13 22:30:34.834   862   862 I zygote64: option[33]=-Ximage-compiler-option
03-13 22:30:34.834   862   862 I zygote64: option[34]=--runtime-arg
03-13 22:30:34.834   862   862 I zygote64: option[35]=-Ximage-compiler-option
03-13 22:30:34.834   862   862 I zygote64: option[36]=-Xmx64m
03-13 22:30:34.834   862   862 I zygote64: option[37]=-Ximage-compiler-option
03-13 22:30:34.834   862   862 I zygote64: option[38]=--compiler-filter=speed
03-13 22:30:34.834   862   862 I zygote64: option[39]=-Ximage-compiler-option
03-13 22:30:34.834   862   862 I zygote64: option[40]=--dirty-image-objects=/system/etc/dirty-image-objects
03-13 22:30:34.834   862   862 I zygote64: option[41]=-Ximage-compiler-option
03-13 22:30:34.834   862   862 I zygote64: option[42]=-j8
03-13 22:30:34.834   862   862 I zygote64: option[43]=-Ximage-compiler-option
03-13 22:30:34.834   862   862 I zygote64: option[44]=--instruction-set-variant=cortex-a76
03-13 22:30:34.834   862   862 I zygote64: option[45]=-Ximage-compiler-option
03-13 22:30:34.834   862   862 I zygote64: option[46]=--instruction-set-features=default
03-13 22:30:34.834   862   862 I zygote64: option[47]=-Ximage-compiler-option
03-13 22:30:34.834   862   862 I zygote64: option[48]=--generate-mini-debug-info
03-13 22:30:34.834   862   862 I zygote64: option[49]=-Duser.locale=en-IN
03-13 22:30:34.835   862   862 I zygote64: option[50]=--cpu-abilist=arm64-v8a
03-13 22:30:34.835   862   862 I zygote64: option[51]=-Xcore-platform-api-policy:just-warn
03-13 22:30:34.835   862   862 I zygote64: option[52]=-Xfingerprint:OnePlus/OnePlus7TPro/OnePlus7TPro:11/RKQ1.201022.002/2102240103:user/release-keys
03-13 22:30:34.836   863   863 I zygote  : option[0]=-Xzygote
03-13 22:30:34.836   863   863 I zygote  : option[1]=exit
03-13 22:30:34.836   863   863 I zygote  : option[2]=vfprintf
03-13 22:30:34.836   863   863 I zygote  : option[3]=sensitiveThread
03-13 22:30:34.836   863   863 I zygote  : option[4]=-verbose:gc
03-13 22:30:34.836   863   863 I zygote  : option[5]=-XX:PerfettoHprof=true
03-13 22:30:34.836   863   863 I zygote  : option[6]=-Xms24m
03-13 22:30:34.836   863   863 I zygote  : option[7]=-Xmx512m
03-13 22:30:34.836   863   863 I zygote  : option[8]=-XX:HeapGrowthLimit=256m
03-13 22:30:34.836   863   863 I zygote  : option[9]=-XX:HeapMinFree=8m
03-13 22:30:34.836   863   863 I zygote  : option[10]=-XX:HeapMaxFree=48m
03-13 22:30:34.836   863   863 I zygote  : option[11]=-XX:HeapTargetUtilization=0.46
03-13 22:30:34.836   863   863 I zygote  : option[12]=-Xusejit:true
03-13 22:30:34.836   863   863 I zygote  : option[13]=-Xjitsaveprofilinginfo
03-13 22:30:34.836   863   863 I zygote  : option[14]=-XjdwpOptions:suspend=n,server=y
03-13 22:30:34.836   863   863 I zygote  : option[15]=-XjdwpProvider:default
03-13 22:30:34.836   863   863 I zygote  : option[16]=-Xopaque-jni-ids:swapable
03-13 22:30:34.836   863   863 I zygote  : option[17]=-Xlockprofthreshold:500
03-13 22:30:34.836   863   863 I zygote  : option[18]=-Xcompiler-option
03-13 22:30:34.836   863   863 I zygote  : option[19]=--compiler-filter=speed
03-13 22:30:34.836   863   863 I zygote  : option[20]=-Xcompiler-option
03-13 22:30:34.836   863   863 I zygote  : option[21]=-j8
03-13 22:30:34.836   863   863 I zygote  : option[22]=-Xcompiler-option
03-13 22:30:34.836   863   863 I zygote  : option[23]=--instruction-set-variant=cortex-a76
03-13 22:30:34.836   863   863 I zygote  : option[24]=-Xcompiler-option
03-13 22:30:34.836   863   863 I zygote  : option[25]=--instruction-set-features=default
03-13 22:30:34.836   863   863 I zygote  : option[26]=-Xcompiler-option
03-13 22:30:34.836   863   863 I zygote  : option[27]=--generate-mini-debug-info
03-13 22:30:34.836   863   863 I zygote  : option[28]=-Ximage-compiler-option
03-13 22:30:34.836   863   863 I zygote  : option[29]=--runtime-arg
03-13 22:30:34.836   863   863 I zygote  : option[30]=-Ximage-compiler-option
03-13 22:30:34.836   863   863 I zygote  : option[31]=-Xms64m
03-13 22:30:34.836   863   863 I zygote  : option[32]=-Ximage-compiler-option
03-13 22:30:34.836   863   863 I zygote  : option[33]=--runtime-arg
03-13 22:30:34.836   863   863 I zygote  : option[34]=-Ximage-compiler-option
03-13 22:30:34.836   863   863 I zygote  : option[35]=-Xmx64m
03-13 22:30:34.836   863   863 I zygote  : option[36]=-Ximage-compiler-option
03-13 22:30:34.836   863   863 I zygote  : option[37]=--compiler-filter=speed
03-13 22:30:34.836   863   863 I zygote  : option[38]=-Ximage-compiler-option
03-13 22:30:34.836   863   863 I zygote  : option[39]=--dirty-image-objects=/system/etc/dirty-image-objects
03-13 22:30:34.836   863   863 I zygote  : option[40]=-Ximage-compiler-option
03-13 22:30:34.836   863   863 I zygote  : option[41]=-j8
03-13 22:30:34.836   863   863 I zygote  : option[42]=-Ximage-compiler-option
03-13 22:30:34.836   863   863 I zygote  : option[43]=--instruction-set-variant=cortex-a76
03-13 22:30:34.836   863   863 I zygote  : option[44]=-Ximage-compiler-option
03-13 22:30:34.836   863   863 I zygote  : option[45]=--instruction-set-features=default
03-13 22:30:34.836   863   863 I zygote  : option[46]=-Ximage-compiler-option
03-13 22:30:34.836   863   863 I zygote  : option[47]=--generate-mini-debug-info
03-13 22:30:34.836   863   863 I zygote  : option[48]=-Duser.locale=en-IN
03-13 22:30:34.836   863   863 I zygote  : option[49]=--cpu-abilist=armeabi-v7a,armeabi
03-13 22:30:34.836   863   863 I zygote  : option[50]=-Xcore-platform-api-policy:just-warn
03-13 22:30:34.836   863   863 I zygote  : option[51]=-Xfingerprint:OnePlus/OnePlus7TPro/OnePlus7TPro:11/RKQ1.201022.002/2102240103:user/release-keys
03-13 22:30:34.838   690   690 I sscrpcd : remote_handle_open: Successfully opened handle 0x7f for '":;./\createstaticpd:sensorspd on domain 2
03-13 22:30:34.838   690   690 E sscrpcd : Error 0xffffffff: apps_dev_init failed for domain 2, errno Transport endpoint is not connected
03-13 22:30:34.838   690   690 E sscrpcd : Error 0xffffffff: open_dev (-1) failed for domain 2
03-13 22:30:34.838   690   690 E sscrpcd : vendor/qcom/proprietary/sensors-see/sscrpcd/src/sscrpcd.cpp:42:adsp daemon will restart after 25ms...
03-13 22:30:34.839   862   862 I zygote64: Core platform API reporting enabled, enforcing=false
03-13 22:30:34.840   863   863 I zygote  : Core platform API reporting enabled, enforcing=false
03-13 22:30:34.850   860   860 I ServiceManager: Waiting for service 'statscompanion' on '/dev/binder'...
03-13 22:30:34.864   690   690 I sscrpcd : remote_handle_open: Successfully opened handle 0x7f for '":;./\createstaticpd:sensorspd on domain 2
03-13 22:30:34.867   929   929 I HidlServiceManagement: Registered android.hidl.allocator@1.0::IAllocator/ashmem (start delay of 18ms)
03-13 22:30:34.867   690   690 I sscrpcd : fastrpc_perf_init: enabled RPC traces (kernel 0, dsp 0) with frequency 1000
03-13 22:30:34.867   929   929 I HidlServiceManagement: Removing namespace from process name android.hidl.allocator@1.0-service to allocator@1.0-service.
03-13 22:30:34.868   690   690 I sscrpcd : remote_handle_open: Successfully opened handle 0x372492e0 for adsp_default_listener on domain 2
03-13 22:30:34.869   690   690 I sscrpcd : remote_handle_open: Successfully opened handle 0x372495c0 for adsp_default_listener on domain 2
03-13 22:30:34.869   690   690 I sscrpcd : remote_handle_open: Successfully opened handle 0x7 for '":;./\geteventfd on domain 2
03-13 22:30:34.881   690   933 W sscrpcd : vendor/qcom/proprietary/commonsys-intf/adsprpc/src/apps_std_imp.c:749: Warning: fopen returned 0x2 for file oemconfig.so. (No such file or directory)
03-13 22:30:34.890   690   933 W sscrpcd : vendor/qcom/proprietary/commonsys-intf/adsprpc/src/apps_std_imp.c:749: Warning: fopen returned 0x2 for file /mnt/vendor/persist/sensors/pickup_nn_wb.bin. (No such file or directory)
03-13 22:30:34.906   935   935 W android.hardware.configstore@1.1-service: libminijail[935]: allowing syscall: connect
03-13 22:30:34.906   930   930 I android.hardware.bluetooth@1.0-service: vendorEnhancedInfo: 3
03-13 22:30:34.906   935   935 W android.hardware.configstore@1.1-service: libminijail[935]: allowing syscall: fcntl
03-13 22:30:34.906   935   935 W android.hardware.configstore@1.1-service: libminijail[935]: allowing syscall: sendto
03-13 22:30:34.906   935   935 W android.hardware.configstore@1.1-service: libminijail[935]: allowing syscall: socket
03-13 22:30:34.906   935   935 W android.hardware.configstore@1.1-service: libminijail[935]: allowing syscall: writev
03-13 22:30:34.906   930   930 I android.hardware.bluetooth@1.0-service: isVendorEnhancedFramework: 1
03-13 22:30:34.906   930   930 I android.hardware.bluetooth@1.0-service: Registering BT Service
03-13 22:30:34.906   935   935 W android.hardware.configstore@1.1-service: libminijail[935]: logging seccomp filter failures
03-13 22:30:34.909   928   928 D audiohalservice: Init hw binder with mem  size = 1024  
03-13 22:30:34.911   690   690 W sscrpcd : type=1400 audit(0.0:14): avc: denied { search } for name="project_info" dev="sysfs" ino=79528 scontext=u:r:vendor_sensors:s0 tcontext=u:object_r:sysfs_project_info:s0 tclass=dir permissive=0
03-13 22:30:34.911   628   628 I hwservicemanager: getTransport: Cannot find entry android.hardware.audio@6.0::IDevicesFactory/default in either framework or device manifest.
03-13 22:30:34.913   935   935 I HidlServiceManagement: Registered android.hardware.configstore@1.1::ISurfaceFlingerConfigs/default (start delay of 52ms)
03-13 22:30:34.914   935   935 I HidlServiceManagement: Removing namespace from process name android.hardware.configstore@1.1-service to configstore@1.1-service.
03-13 22:30:34.914   941   941 E android.hardware.lights-service.qti: light_open lights keyboard failed: -22
03-13 22:30:34.915   941   941 E android.hardware.lights-service.qti: Light passthrough failed to load legacy HAL.
03-13 22:30:34.917   941   941 E android.hardware.lights-service.qti: light_open lights buttons failed: -22
03-13 22:30:34.917   941   941 E android.hardware.lights-service.qti: Light passthrough failed to load legacy HAL.
03-13 22:30:34.918   690   933 E sscrpcd : vendor/qcom/proprietary/commonsys-intf/adsprpc/src/apps_std_imp.c:283:Error 0x15: fread returning 0 bytes, requested was 512 bytes, errno is 1
03-13 22:30:34.920   690   933 W sscrpcd : vendor/qcom/proprietary/commonsys-intf/adsprpc/src/apps_std_imp.c:749: Warning: fopen returned 0x2 for file /sys/project_info/project_name. (No such file or directory)
03-13 22:30:34.920   690   933 E sscrpcd : vendor/qcom/proprietary/commonsys-intf/adsprpc/src/apps_std_imp.c:1030::Error: 57: 0 == (nOpenErr = apps_std_fopen_with_env("ADSP_LIBRARY_PATH", ";", name, "r", &ps))
03-13 22:30:34.920   690   933 E sscrpcd : vendor/qcom/proprietary/commonsys-intf/adsprpc/src/apps_std_imp.c:1048:Error 0x57: failed to stat /sys/project_info/project_name, file open returned 2, errno is No such file or directory
03-13 22:30:34.921   940   940 I android.hardware.health@2.1-service: default instance initializing with healthd_config...
03-13 22:30:34.921   690   933 W sscrpcd : vendor/qcom/proprietary/commonsys-intf/adsprpc/src/apps_std_imp.c:749: Warning: fopen returned 0x2 for file /mnt/vendor/persist/sensors/registry/file1. (No such file or directory)
03-13 22:30:34.921   690   933 E sscrpcd : vendor/qcom/proprietary/commonsys-intf/adsprpc/src/apps_std_imp.c:1030::Error: 57: 0 == (nOpenErr = apps_std_fopen_with_env("ADSP_LIBRARY_PATH", ";", name, "r", &ps))
03-13 22:30:34.921   690   933 E sscrpcd : vendor/qcom/proprietary/commonsys-intf/adsprpc/src/apps_std_imp.c:1048:Error 0x57: failed to stat /mnt/vendor/persist/sensors/registry/file1, file open returned 2, errno is No such file or directory
03-13 22:30:34.922   690   933 W sscrpcd : vendor/qcom/proprietary/commonsys-intf/adsprpc/src/apps_std_imp.c:749: Warning: fopen returned 0x2 for file /mnt/vendor/persist/sensors/registry/file2. (No such file or directory)
03-13 22:30:34.922   690   933 E sscrpcd : vendor/qcom/proprietary/commonsys-intf/adsprpc/src/apps_std_imp.c:1030::Error: 57: 0 == (nOpenErr = apps_std_fopen_with_env("ADSP_LIBRARY_PATH", ";", name, "r", &ps))
03-13 22:30:34.922   690   933 E sscrpcd : vendor/qcom/proprietary/commonsys-intf/adsprpc/src/apps_std_imp.c:1048:Error 0x57: failed to stat /mnt/vendor/persist/sensors/registry/file2, file open returned 2, errno is No such file or directory
03-13 22:30:34.923   928   928 E LegacySupport: Could not get passthrough implementation for android.hardware.audio@6.0::IDevicesFactory/default.
03-13 22:30:34.926   941   941 E android.hardware.lights-service.qti: light_open lights bluetooth failed: -22
03-13 22:30:34.926   941   941 E android.hardware.lights-service.qti: Light passthrough failed to load legacy HAL.
03-13 22:30:34.926   941   941 E android.hardware.lights-service.qti: light_open lights wifi failed: -22
03-13 22:30:34.927   941   941 E android.hardware.lights-service.qti: Light passthrough failed to load legacy HAL.
03-13 22:30:34.927   627   627 I servicemanager: getDeviceHalManifest: Reading VINTF information.
03-13 22:30:34.928   940   940 I HidlServiceManagement: Registered android.hardware.health@2.1::IHealth/default (start delay of 49ms)
