--------- beginning of system
03-13 21:12:33.177  1202  1202 E storaged: getService package_native failed
03-13 21:12:33.185  1202  2028 I storaged: storaged: Start
03-13 21:12:33.189  1500  1500 I chatty  : uid=1000 system_server expire 173 lines
03-13 21:12:33.190  1500  2030 I chatty  : uid=1000 system_server expire 4 lines
03-13 21:12:33.671  1500  1520 I chatty  : uid=1000(system) Binder:1500_2 expire 1 line
03-13 21:12:33.671  1500  1519 I chatty  : uid=1000(system) Binder:1500_1 expire 1 line
03-13 21:12:33.673  1500  1549 I chatty  : uid=1000(system) ActivityManager expire 1 line
03-13 21:12:33.751  1500  2055 I chatty  : uid=1000 system_server expire 5 lines
03-13 21:12:33.788  1500  1543 I chatty  : uid=1000(system) android.bg expire 1 line
03-13 21:12:33.823  1500  2063 I chatty  : uid=1000 system_server expire 5 lines
03-13 21:12:33.823  1500  2064 I chatty  : uid=1000 system_server expire 3 lines
03-13 21:12:33.877  1500  1534 I chatty  : uid=1000(system) android.display expire 1 line
03-13 21:12:33.907  1500  2073 I chatty  : uid=1000 system_server expire 4 lines
03-13 21:12:33.916  1500  2081 I chatty  : uid=1000(system) NetworkWatchlis expire 2 lines
03-13 21:12:33.919  1500  1544 I chatty  : uid=1000(system) ActivityManager expire 1 line
03-13 21:12:33.932  1191  1191 W iorapd  : Reconnect to package manager service: 2 times
03-13 21:12:33.948  1500  2084 I chatty  : uid=1000(system) StorageManagerS expire 4 lines
03-13 21:12:33.953  1500  2085 I chatty  : uid=1000 system_server expire 3 lines
03-13 21:12:34.249  1500  2090 I chatty  : uid=1000 system_server expire 3 lines
03-13 21:12:34.419  1500  1500 I chatty  : uid=1000 system_server expire 185 lines
03-13 21:12:34.525  1500  1538 I chatty  : uid=1000 system_server expire 8 lines
03-13 21:12:34.536  1500  2078 I chatty  : uid=1000(system) HwBinder:1500_3 expire 1 line
03-13 21:12:34.541  1500  2100 I chatty  : uid=1000(system) ConnectivitySer expire 1 line
03-13 21:12:34.558  1500  2055 I chatty  : uid=1000 system_server expire 5 lines
03-13 21:12:34.567  1500  2064 I chatty  : uid=1000 system_server expire 4 lines
03-13 21:12:34.597  1500  1532 I chatty  : uid=1000(system) android.ui expire 1 line
03-13 21:12:34.606  1500  1500 I chatty  : uid=1000 system_server expire 194 lines
03-13 21:12:34.609  1500  2030 I chatty  : uid=1000 system_server expire 3 lines
03-13 21:12:34.639  1500  2100 I chatty  : uid=1000(system) ConnectivitySer expire 2 lines
03-13 21:12:34.656  1500  1500 I chatty  : uid=1000 system_server expire 183 lines
03-13 21:12:34.665  1500  2150 I chatty  : uid=1000 system_server expire 1 line
03-13 21:12:34.666  1500  2154 I chatty  : uid=1000 system_server expire 1 line
03-13 21:12:34.666  1500  1565 I chatty  : uid=1000(system) PowerManagerSer expire 2 lines
03-13 21:12:34.676  1500  1543 I chatty  : uid=1000(system) android.bg expire 3 lines
03-13 21:12:34.750  1500  2064 I chatty  : uid=1000 system_server expire 15 lines
03-13 21:12:34.819   962   962 I android.hardware.wifi@1.0-service: Wifi HAL started
03-13 21:12:34.871   962   962 I android.hardware.wifi@1.0-service: Adding interface handle for wlan0
03-13 21:12:34.871   962   962 I android.hardware.wifi@1.0-service: Adding interface handle for wlan1
03-13 21:12:34.871   962   962 I android.hardware.wifi@1.0-service: Adding interface handle for p2p0
03-13 21:12:34.871   962   962 W android.hardware.wifi@1.0-service: No active wlan interfaces in use! Using default
03-13 21:12:34.872   962   962 W android.hardware.wifi@1.0-service: No active wlan interfaces in use! Using default
03-13 21:12:34.873   962   962 I android.hardware.wifi@1.0-service: Configured chip in mode 3
03-13 21:12:34.873   962   962 W android.hardware.wifi@1.0-service: No active wlan interfaces in use! Using default
03-13 21:12:34.880  1207  1207 I wificond: setting base_wiphy_index_ to 0
03-13 21:12:34.880  1207  1207 I wificond: create scanner for interface with index: 30
03-13 21:12:34.880  1207  1207 I wificond: subscribe scan result for interface with index: 30
03-13 21:12:34.888  1500  1534 I chatty  : uid=1000(system) android.display expire 2 lines
03-13 21:12:34.889  1500  1500 I chatty  : uid=1000 system_server expire 122 lines
03-13 21:12:34.899  1500  2073 I chatty  : uid=1000 system_server expire 14 lines
03-13 21:12:34.899  1500  2085 I chatty  : uid=1000 system_server expire 9 lines
03-13 21:12:34.899  1500  2090 I chatty  : uid=1000 system_server expire 23 lines
03-13 21:12:34.900  1500  2063 I chatty  : uid=1000 system_server expire 14 lines
03-13 21:12:34.900  1500  1538 I chatty  : uid=1000 system_server expire 14 lines
03-13 21:12:34.900  1500  2055 I chatty  : uid=1000 system_server expire 26 lines
03-13 21:12:34.900  1500  2030 I chatty  : uid=1000 system_server expire 15 lines
03-13 21:12:34.903  1500  2090 I chatty  : uid=1000 system_server expire 85 lines
03-13 21:12:34.905  1500  2063 I chatty  : uid=1000 system_server expire 1 line
03-13 21:12:34.905  1500  2073 I chatty  : uid=1000 system_server expire 1 line
03-13 21:12:34.905  1500  1500 I chatty  : uid=1000 system_server expire 133 lines
03-13 21:12:34.905  1500  2055 I chatty  : uid=1000 system_server expire 1 line
03-13 21:12:34.905  1500  1538 I chatty  : uid=1000 system_server expire 1 line
03-13 21:12:34.905  1500  2064 I chatty  : uid=1000 system_server expire 2 lines
03-13 21:12:34.905  1500  2085 I chatty  : uid=1000 system_server expire 3 lines
03-13 21:12:34.918  1500  1544 I chatty  : uid=1000(system) ActivityManager expire 1 line
03-13 21:12:34.927  1500  1533 I chatty  : uid=1000(system) android.io expire 4 lines
03-13 21:12:34.942  1500  1545 I chatty  : uid=1000(system) ActivityManager expire 5 lines
03-13 21:12:34.952  1500  2084 I chatty  : uid=1000(system) StorageManagerS expire 1 line
03-13 21:12:34.954  1500  1534 I chatty  : uid=1000(system) android.display expire 1 line
03-13 21:12:34.958  1500  1542 I chatty  : uid=1000(system) HwBinder:1500_1 expire 1 line
03-13 21:12:34.959  1500  1531 I chatty  : uid=1000(system) android.fg expire 2 lines
03-13 21:12:35.002  1191  1191 W iorapd  : Tracing disabled by system property
03-13 21:12:35.002  1191  1191 W iorapd  : Readahead disabled by system property
03-13 21:12:35.003  1191  1191 W iorapd  : Reconnect to package manager service: 1 times
03-13 21:12:35.015  2221  2221 D iorap.prefetcherd: Installing minijail
03-13 21:12:35.015  2221  2221 W iorap.prefetcherd: No seccomp filter defined for this architecture.
03-13 21:12:35.091  1500  1519 I chatty  : uid=1000(system) Binder:1500_1 expire 1 line
03-13 21:12:35.103  1700  1700 I imsrcsd : getAndroidPropValue : vendor.ims.modem.multisub.cap[2]
03-13 21:12:35.103  1700  1700 I imsrcsd : Uce Service HAL  detected modemVersion[2]
03-13 21:12:35.103  1700  1700 I imsrcsd : Uce Service HAL  loading lib-imsrcs-v2
03-13 21:12:35.122  1700  1700 I Diag_Lib: StartImsService
03-13 21:12:35.122  1700  1700 I imsrcsd : ImsServiceMain startService[1]
03-13 21:12:35.137  1700  2264 I HidlServiceManagement: Registered vendor.qti.ims.callinfo@1.0::IService/default (start delay of 5075ms)
03-13 21:12:35.137  1700  2264 I imsrcsd : ImsServiceMain Running..
03-13 21:12:35.220  1500  2110 I chatty  : uid=1000(system) AudioService expire 1 line
03-13 21:12:35.233  1700  2263 I Diag_Lib: OnServiceStatusReceived iStatus[0]
03-13 21:12:35.234  1700  2263 E Diag_Lib: Modem does not support UCE/IMS-CM, proceed to register HAL's
03-13 21:12:35.234  1700  2263 I Diag_Lib: Starting Service for First Time
03-13 21:12:35.234  1700  2263 I HidlServiceManagement: Registered com.qualcomm.qti.uceservice@2.1::IUceService/com.qualcomm.qti.uceservice (start delay of 5172ms)
03-13 21:12:35.234  1700  2263 I Diag_Lib: CM_IMSCONNECTIONMANAGER_CREATE_CONNECTION Before Registering Service
03-13 21:12:35.235  1700  2263 I HidlServiceManagement: Registered com.qualcomm.qti.imscmservice@2.2::IImsCmService/qti.ims.connectionmanagerservice (start delay of 5173ms)
03-13 21:12:35.235  1700  2263 I Diag_Lib: CM_IMSCONNECTIONMANAGER_CREATE_CONNECTION After Registering Service
03-13 21:12:35.248  1500  2063 I chatty  : uid=1000 system_server expire 5 lines
03-13 21:12:35.249  1500  1500 I chatty  : uid=1000 system_server expire 210 lines
03-13 21:12:35.261  1500  2093 I chatty  : uid=1000(system) NetworkPolicy expire 1 line
03-13 21:12:35.284  1500  2100 I chatty  : uid=1000(system) ConnectivitySer expire 8 lines
03-13 21:12:35.299  1500  1545 I chatty  : uid=1000(system) ActivityManager expire 8 lines
03-13 21:12:35.330  1500  1543 I chatty  : uid=1000(system) android.bg expire 3 lines
03-13 21:12:35.391  1500  2257 I chatty  : uid=1000(system) Binder:1500_7 expire 1 line
03-13 21:12:35.401  1500  2258 I chatty  : uid=1000(system) Binder:1500_8 expire 3 lines
03-13 21:12:35.546  1500  1500 I chatty  : uid=1000 system_server expire 376 lines
03-13 21:12:35.615  1500  1534 I chatty  : uid=1000(system) android.display expire 3 lines
03-13 21:12:35.615  1500  1545 I chatty  : uid=1000(system) ActivityManager expire 54 lines
03-13 21:12:35.737  1500  1520 I chatty  : uid=1000(system) Binder:1500_2 expire 3 lines
03-13 21:12:35.783  1500  1519 I chatty  : uid=1000(system) Binder:1500_1 expire 2 lines
03-13 21:12:35.907  1500  2100 I chatty  : uid=1000(system) ConnectivitySer expire 3 lines
03-13 21:12:35.907  1500  2256 I chatty  : uid=1000(system) Binder:1500_6 expire 1 line
03-13 21:12:35.913  1500  2257 I chatty  : uid=1000(system) Binder:1500_7 expire 1 line
03-13 21:12:35.914  1500  1533 I chatty  : uid=1000(system) android.io expire 5 lines
03-13 21:12:35.920  1500  1544 I chatty  : uid=1000(system) ActivityManager expire 1 line
03-13 21:12:35.953  1500  2259 I chatty  : uid=1000(system) Binder:1500_9 expire 1 line
03-13 21:12:36.006  1191  1191 I iorapd  : iorapd (the prefetchening) readied up
03-13 21:12:36.009  1500  2258 I chatty  : uid=1000(system) Binder:1500_8 expire 1 line
03-13 21:12:36.103  1500  1531 I chatty  : uid=1000(system) android.fg expire 1 line
03-13 21:12:36.103  1500  2106 I chatty  : uid=1000(system) onProviders.ECP expire 2 lines
03-13 21:12:36.108  1500  2100 I chatty  : uid=1000(system) ConnectivitySer expire 28 lines
03-13 21:12:36.120  1500  1500 I chatty  : uid=1000 system_server expire 43 lines
03-13 21:12:36.126  1500  2771 I chatty  : uid=1000(system) BluetoothRouteM expire 1 line
03-13 21:12:36.139  1500  2779 I chatty  : uid=1000(system) uteStateMachine expire 2 lines
03-13 21:12:36.142  1500  2782 I chatty  : uid=1000(system) CallAudioModeSt expire 1 line
03-13 21:12:36.142  1500  2257 I chatty  : uid=1000(system) Binder:1500_7 expire 15 lines
03-13 21:12:36.224  2188  2188 V FODCircleViewImpl: *** register callback for com.android.systemui.statusbar.phone.StatusBar$4@ba4fe3
03-13 21:12:36.225  2188  2188 V FODCircleViewImpl: *** unregister callback for null
03-13 21:12:36.229  2188  2686 W ActivityThread: Failed to find provider info for com.android.contacts (user not unlocked)
03-13 21:12:36.250  2188  2188 E FODCircleViewImpl: Failed to initialize FODCircleView
03-13 21:12:36.250  2188  2188 E FODCircleViewImpl: java.lang.RuntimeException: Unable to get IFingerprintInscreen
03-13 21:12:36.250  2188  2188 E FODCircleViewImpl: 	at com.android.systemui.biometrics.FODCircleView.<init>(FODCircleView.java:250)
03-13 21:12:36.250  2188  2188 E FODCircleViewImpl: 	at com.android.systemui.biometrics.FODCircleViewImpl.start(FODCircleViewImpl.java:63)
03-13 21:12:36.250  2188  2188 E FODCircleViewImpl: 	at com.android.systemui.SystemUIApplication.startServicesIfNeeded(SystemUIApplication.java:204)
03-13 21:12:36.250  2188  2188 E FODCircleViewImpl: 	at com.android.systemui.SystemUIApplication.startServicesIfNeeded(SystemUIApplication.java:143)
03-13 21:12:36.250  2188  2188 E FODCircleViewImpl: 	at com.android.systemui.SystemUIService.onCreate(SystemUIService.java:66)
03-13 21:12:36.250  2188  2188 E FODCircleViewImpl: 	at android.app.ActivityThread.handleCreateService(ActivityThread.java:4187)
03-13 21:12:36.250  2188  2188 E FODCircleViewImpl: 	at android.app.ActivityThread.access$1500(ActivityThread.java:238)
03-13 21:12:36.250  2188  2188 E FODCircleViewImpl: 	at android.app.ActivityThread$H.handleMessage(ActivityThread.java:1933)
03-13 21:12:36.250  2188  2188 E FODCircleViewImpl: 	at android.os.Handler.dispatchMessage(Handler.java:106)
03-13 21:12:36.250  2188  2188 E FODCircleViewImpl: 	at android.os.Looper.loop(Looper.java:223)
03-13 21:12:36.250  2188  2188 E FODCircleViewImpl: 	at android.app.ActivityThread.main(ActivityThread.java:7701)
03-13 21:12:36.250  2188  2188 E FODCircleViewImpl: 	at java.lang.reflect.Method.invoke(Native Method)
03-13 21:12:36.250  2188  2188 E FODCircleViewImpl: 	at com.android.internal.os.RuntimeInit$MethodAndArgsCaller.run(RuntimeInit.java:592)
03-13 21:12:36.250  2188  2188 E FODCircleViewImpl: 	at com.android.internal.os.ZygoteInit.main(ZygoteInit.java:952)
03-13 21:12:36.277  1500  2258 I chatty  : uid=1000(system) Binder:1500_8 expire 3 lines
03-13 21:12:36.284  1500  1519 I chatty  : uid=1000(system) Binder:1500_1 expire 4 lines
03-13 21:12:36.317  1500  2097 I chatty  : uid=1000(system) WifiP2pService expire 2 lines
03-13 21:12:36.322  2188  2283 W ActivityThread: Failed to find provider info for com.android.contacts (user not unlocked)
03-13 21:12:36.323  2542  2825 W ActivityThread: Failed to find provider info for com.android.contacts (user not unlocked)
03-13 21:12:36.329  2188  2283 W ActivityThread: Failed to find provider info for com.android.contacts (user not unlocked)
03-13 21:12:36.372  1500  1535 I chatty  : uid=1000(system) android.anim expire 3 lines
03-13 21:12:36.640  1500  1544 I chatty  : uid=1000(system) ActivityManager expire 3 lines
03-13 21:12:36.640  1500  1545 I chatty  : uid=1000(system) ActivityManager expire 12 lines
03-13 21:12:36.841  1500  2093 I chatty  : uid=1000(system) NetworkPolicy expire 5 lines
03-13 21:12:36.844  1500  1543 I chatty  : uid=1000(system) android.bg expire 6 lines
03-13 21:12:36.960   671   671 E Cryptfs : cryptfs_get_password not valid for file encryption
03-13 21:12:37.103  1500  2883 I chatty  : uid=1000(system) Binder:1500_B expire 2 lines
03-13 21:12:37.157  2188  2188 V KeyguardStatusView: refresh statusview showing:true
03-13 21:12:37.159  1500  2117 I chatty  : uid=1000(system) Binder:1500_5 expire 5 lines
03-13 21:12:37.388  2890  2890 W ActivityThread: Failed to find provider info for com.google.android.gsf.gservices (user not unlocked)
03-13 21:12:37.427  2890  2890 W ActivityThread: Failed to find provider info for com.google.android.gsf.gservices (user not unlocked)
03-13 21:12:37.430  2890  2890 I chatty  : uid=10156 com.google.android.gms.persistent identical 73 lines
03-13 21:12:37.430  2890  2890 W ActivityThread: Failed to find provider info for com.google.android.gsf.gservices (user not unlocked)
03-13 21:12:37.431  1500  2052 I chatty  : uid=1000(system) Binder:1500_4 expire 7 lines
03-13 21:12:37.432  2890  2890 W ActivityThread: Failed to find provider info for com.google.android.gsf.gservices (user not unlocked)
03-13 21:12:37.439  2890  2890 W ActivityThread: Failed to find provider info for com.google.android.gsf.gservices (user not unlocked)
03-13 21:12:37.450  2890  2890 W ActivityThread: Failed to find provider info for com.google.android.gsf.gservices (user not unlocked)
03-13 21:12:37.473  2890  2890 W ActivityThread: Failed to find provider info for com.google.android.gsf.gservices (user not unlocked)
03-13 21:12:37.530  2890  2890 W ActivityThread: Failed to find provider info for com.google.android.gsf.gservices (user not unlocked)
03-13 21:12:37.530  2890  2890 W ActivityThread: Failed to find provider info for com.google.android.gsf.gservices (user not unlocked)
03-13 21:12:37.580  1500  1533 I chatty  : uid=1000(system) android.io expire 15 lines
03-13 21:12:37.582  2890  2890 W ActivityThread: Failed to find provider info for com.google.android.gsf.gservices (user not unlocked)
03-13 21:12:37.597  1500  2882 I chatty  : uid=1000(system) Binder:1500_A expire 13 lines
03-13 21:12:37.642  2890  2890 W ActivityThread: Failed to find provider info for com.google.android.gsf.gservices (user not unlocked)
03-13 21:12:37.673  2890  2890 W ActivityThread: Failed to find provider info for com.google.android.gsf.gservices (user not unlocked)
03-13 21:12:37.704  2890  2890 W ActivityThread: Failed to find provider info for com.google.android.gsf.gservices (user not unlocked)
03-13 21:12:37.705  2890  2890 W ActivityThread: Failed to find provider info for com.google.android.gsf.gservices (user not unlocked)
03-13 21:12:37.708  2890  3023 W ActivityThread: Failed to find provider info for com.google.android.gsf.gservices (user not unlocked)
03-13 21:12:37.709  2890  3023 W ActivityThread: Failed to find provider info for com.google.android.gsf.gservices (user not unlocked)
03-13 21:12:37.743  1500  2051 I chatty  : uid=1000(system) Binder:1500_3 expire 3 lines
03-13 21:12:37.756  2169  3033 W ActivityThread: Failed to find provider info for com.android.contacts (user not unlocked)
03-13 21:12:37.759  2890  2890 W ActivityThread: Failed to find provider info for com.google.android.gsf.gservices (user not unlocked)
03-13 21:12:37.760  2890  2890 W ActivityThread: Failed to find provider info for com.google.android.gsf.gservices (user not unlocked)
03-13 21:12:37.771  2890  2890 W ActivityThread: Failed to find provider info for com.google.android.gsf.gservices (user not unlocked)
03-13 21:12:37.827  2890  2890 W ActivityThread: Failed to find provider info for com.google.android.gsf.gservices (user not unlocked)
03-13 21:12:37.830  2890  3052 W ActivityThread: Failed to find provider info for com.google.android.gsf.gservices (user not unlocked)
03-13 21:12:37.832  2890  3052 I chatty  : uid=10156 com.google.android.gms.persistent identical 6 lines
03-13 21:12:37.832  2890  3052 W ActivityThread: Failed to find provider info for com.google.android.gsf.gservices (user not unlocked)
03-13 21:12:37.835  2890  2890 W ActivityThread: Failed to find provider info for com.google.android.gsf.gservices (user not unlocked)
03-13 21:12:37.847  2890  3052 W ActivityThread: Failed to find provider info for com.google.android.gsf.gservices (user not unlocked)
03-13 21:12:37.851  2890  3052 W ActivityThread: Failed to find provider info for com.google.android.gsf.gservices (user not unlocked)
03-13 21:12:37.853  2890  2890 W ActivityThread: Failed to find provider info for com.google.android.gsf.gservices (user not unlocked)
03-13 21:12:37.860  2890  2890 W ActivityThread: Failed to find provider info for com.google.android.gsf.gservices (user not unlocked)
03-13 21:12:37.870  2890  2890 W ActivityThread: Failed to find provider info for com.google.android.gsf.gservices (user not unlocked)
03-13 21:12:37.871  2890  3071 W ActivityThread: Failed to find provider info for com.google.android.gsf.gservices (user not unlocked)
03-13 21:12:37.871  2890  3071 W ActivityThread: Failed to find provider info for com.google.android.gsf.gservices (user not unlocked)
03-13 21:12:37.875  2890  2890 W ActivityThread: Failed to find provider info for com.google.android.gsf.gservices (user not unlocked)
03-13 21:12:37.875  2890  2890 W ActivityThread: Failed to find provider info for com.google.android.gsf.gservices (user not unlocked)
03-13 21:12:37.878  2890  3071 W ActivityThread: Failed to find provider info for com.google.android.gsf.gservices (user not unlocked)
03-13 21:12:37.878  2890  2890 W ActivityThread: Failed to find provider info for com.google.android.gsf.gservices (user not unlocked)
03-13 21:12:37.879  2890  3071 W ActivityThread: Failed to find provider info for com.google.android.gsf.gservices (user not unlocked)
03-13 21:12:37.880  2890  2890 W ActivityThread: Failed to find provider info for com.google.android.gsf.gservices (user not unlocked)
03-13 21:12:37.881  2890  3071 W ActivityThread: Failed to find provider info for com.google.android.gsf.gservices (user not unlocked)
03-13 21:12:37.882  2890  3071 I chatty  : uid=10156 com.google.android.gms.persistent identical 2 lines
03-13 21:12:37.883  2890  3071 W ActivityThread: Failed to find provider info for com.google.android.gsf.gservices (user not unlocked)
03-13 21:12:37.884  2890  3064 W ActivityThread: Failed to find provider info for com.google.android.gsf.gservices (user not unlocked)
03-13 21:12:37.885  2890  3064 W ActivityThread: Failed to find provider info for com.google.android.gsf.gservices (user not unlocked)
03-13 21:12:37.886  2890  3071 W ActivityThread: Failed to find provider info for com.google.android.gsf.gservices (user not unlocked)
03-13 21:12:37.886  2890  3071 W ActivityThread: Failed to find provider info for com.google.android.gsf.gservices (user not unlocked)
03-13 21:12:37.887  2890  3064 W ActivityThread: Failed to find provider info for com.google.android.gsf.gservices (user not unlocked)
03-13 21:12:37.888  2890  3064 W ActivityThread: Failed to find provider info for com.google.android.gsf.gservices (user not unlocked)
03-13 21:12:37.893  2890  3071 W ActivityThread: Failed to find provider info for com.google.android.gsf.gservices (user not unlocked)
03-13 21:12:37.893  2890  3071 W ActivityThread: Failed to find provider info for com.google.android.gsf.gservices (user not unlocked)
03-13 21:12:37.895  2890  3074 W ActivityThread: Failed to find provider info for com.google.android.gsf.gservices (user not unlocked)
03-13 21:12:37.910  2890  3091 W ActivityThread: Failed to find provider info for com.google.android.gsf.gservices (user not unlocked)
03-13 21:12:37.911  2890  2890 W ActivityThread: Failed to find provider info for com.google.android.gsf.gservices (user not unlocked)
03-13 21:12:37.912  2890  3074 W ActivityThread: Failed to find provider info for com.google.android.gsf.gservices (user not unlocked)
03-13 21:12:37.912  2890  2890 W ActivityThread: Failed to find provider info for com.google.android.gsf.gservices (user not unlocked)
03-13 21:12:37.912  2890  3074 W ActivityThread: Failed to find provider info for com.google.android.gsf.gservices (user not unlocked)
03-13 21:12:37.913  2890  2890 W ActivityThread: Failed to find provider info for com.google.android.gsf.gservices (user not unlocked)
03-13 21:12:37.914  2890  3071 W ActivityThread: Failed to find provider info for com.google.android.gsf.gservices (user not unlocked)
03-13 21:12:37.915  2890  2890 W ActivityThread: Failed to find provider info for com.google.android.gsf.gservices (user not unlocked)
03-13 21:12:37.915  2890  3071 W ActivityThread: Failed to find provider info for com.google.android.gsf.gservices (user not unlocked)
03-13 21:12:37.916  2890  2890 W ActivityThread: Failed to find provider info for com.google.android.gsf.gservices (user not unlocked)
03-13 21:12:37.919  2890  3074 W ActivityThread: Failed to find provider info for com.google.android.gsf.gservices (user not unlocked)
03-13 21:12:37.920  2890  2890 W ActivityThread: Failed to find provider info for com.google.android.gsf.gservices (user not unlocked)
03-13 21:12:37.923  2890  2890 W ActivityThread: Failed to find provider info for com.google.android.gsf.gservices (user not unlocked)
03-13 21:12:37.925  2890  3071 W ActivityThread: Failed to find provider info for com.google.android.gsf.gservices (user not unlocked)
03-13 21:12:37.931  2890  3096 W ActivityThread: Failed to find provider info for com.google.android.gsf.gservices (user not unlocked)
03-13 21:12:37.933  2890  3074 W ActivityThread: Failed to find provider info for com.google.android.gsf.gservices (user not unlocked)
03-13 21:12:37.933  2890  3096 W ActivityThread: Failed to find provider info for com.google.android.gsf.gservices (user not unlocked)
03-13 21:12:37.934  2890  3071 W ActivityThread: Failed to find provider info for com.google.android.gsf.gservices (user not unlocked)
03-13 21:12:37.935  2890  3071 W ActivityThread: Failed to find provider info for com.google.android.gsf.gservices (user not unlocked)
03-13 21:12:37.939  2890  3096 W ActivityThread: Failed to find provider info for com.google.android.gsf.gservices (user not unlocked)
03-13 21:12:37.942  2890  3096 W ActivityThread: Failed to find provider info for com.google.android.gsf.gservices (user not unlocked)
03-13 21:12:37.945  2890  3071 W ActivityThread: Failed to find provider info for com.google.android.gsf.gservices (user not unlocked)
03-13 21:12:37.946  2890  3074 W ActivityThread: Failed to find provider info for com.google.android.gsf.gservices (user not unlocked)
03-13 21:12:37.947  2890  3096 W ActivityThread: Failed to find provider info for com.google.android.gsf.gservices (user not unlocked)
03-13 21:12:37.947  2890  3071 W ActivityThread: Failed to find provider info for com.google.android.gsf.gservices (user not unlocked)
03-13 21:12:37.948  2890  3071 W ActivityThread: Failed to find provider info for com.google.android.gsf.gservices (user not unlocked)
03-13 21:12:37.949  2890  3096 W ActivityThread: Failed to find provider info for com.google.android.gsf.gservices (user not unlocked)
03-13 21:12:37.959  2890  2890 W ActivityThread: Failed to find provider info for com.google.android.gsf.gservices (user not unlocked)
03-13 21:12:37.961  2890  2890 W ActivityThread: Failed to find provider info for com.google.android.gsf.gservices (user not unlocked)
03-13 21:12:37.962  2890  3074 W ActivityThread: Failed to find provider info for com.google.android.gsf.gservices (user not unlocked)
03-13 21:12:37.964  2890  3071 W ActivityThread: Failed to find provider info for com.google.android.gsf.gservices (user not unlocked)
03-13 21:12:37.967  2890  3102 W FileUtils: Failed to chmod(/data/user/0/com.google.android.gms/app_phenotype_file): android.system.ErrnoException: chmod failed: ENOENT (No such file or directory)
03-13 21:12:37.973  2890  2890 W ActivityThread: Failed to find provider info for com.google.android.gsf.gservices (user not unlocked)
03-13 21:12:37.974  2890  2890 W ActivityThread: Failed to find provider info for com.google.android.gsf.gservices (user not unlocked)
03-13 21:12:37.974  1500  2256 I chatty  : uid=1000(system) Binder:1500_6 expire 2 lines
03-13 21:12:37.976  2890  2890 W ActivityThread: Failed to find provider info for com.google.android.gsf.gservices (user not unlocked)
03-13 21:12:37.997  2890  2890 W ActivityThread: Failed to find provider info for com.google.android.gsf.gservices (user not unlocked)
03-13 21:12:37.998  1500  1520 I chatty  : uid=1000(system) Binder:1500_2 expire 2 lines
03-13 21:12:38.009  2890  3074 W ActivityThread: Failed to find provider info for com.google.android.gsf.gservices (user not unlocked)
03-13 21:12:38.010  2890  3074 W ActivityThread: Failed to find provider info for com.google.android.gsf.gservices (user not unlocked)
03-13 21:12:38.012  2890  2890 W ActivityThread: Failed to find provider info for com.google.android.gsf.gservices (user not unlocked)
03-13 21:12:38.044  2890  2890 W ActivityThread: Failed to find provider info for com.google.android.gsf.gservices (user not unlocked)
03-13 21:12:38.053  2890  2890 W ActivityThread: Failed to find provider info for com.google.android.gsf.gservices (user not unlocked)
03-13 21:12:38.063  2890  2890 W ActivityThread: Failed to find provider info for com.google.android.gsf.gservices (user not unlocked)
03-13 21:12:38.067  2890  2914 W ActivityThread: Failed to find provider info for com.google.android.gsf.gservices (user not unlocked)
03-13 21:12:38.070  2890  2914 I chatty  : uid=10156(com.google.android.gms) Binder:2890_2 identical 8 lines
03-13 21:12:38.074  2890  2914 W ActivityThread: Failed to find provider info for com.google.android.gsf.gservices (user not unlocked)
03-13 21:12:38.075  2890  2890 W ActivityThread: Failed to find provider info for com.google.android.gsf.gservices (user not unlocked)
03-13 21:12:38.077  2890  2890 W ActivityThread: Failed to find provider info for com.google.android.gsf.gservices (user not unlocked)
03-13 21:12:38.082  2890  2914 W ActivityThread: Failed to find provider info for com.google.android.gsf.gservices (user not unlocked)
03-13 21:12:38.082  2890  3122 W ActivityThread: Failed to find provider info for com.google.android.gsf.gservices (user not unlocked)
03-13 21:12:38.084  2890  2914 W ActivityThread: Failed to find provider info for com.google.android.gsf.gservices (user not unlocked)
03-13 21:12:38.089  2890  2914 W ActivityThread: Failed to find provider info for com.google.android.gsf.gservices (user not unlocked)
03-13 21:12:38.092  2928  2990 W ActivityThread: Failed to find provider info for com.google.android.gsf.gservices (user not unlocked)
03-13 21:12:38.093  2890  3074 W ActivityThread: Failed to find provider info for com.google.android.gsf.gservices (user not unlocked)
03-13 21:12:38.098  2890  3074 W ActivityThread: Failed to find provider info for com.google.android.gsf.gservices (user not unlocked)
03-13 21:12:38.099  2890  2914 W ActivityThread: Failed to find provider info for com.google.android.gsf.gservices (user not unlocked)
03-13 21:12:38.100  2890  2914 W ActivityThread: Failed to find provider info for com.google.android.gsf.gservices (user not unlocked)
03-13 21:12:38.113  2890  3074 W ActivityThread: Failed to find provider info for com.google.android.gsf.gservices (user not unlocked)
03-13 21:12:38.114  2928  2990 W ActivityThread: Failed to find provider info for com.google.android.gsf.gservices (user not unlocked)
03-13 21:12:38.117  2890  2914 W ActivityThread: Failed to find provider info for com.google.android.gsf.gservices (user not unlocked)
03-13 21:12:38.123  2890  2914 W ActivityThread: Failed to find provider info for com.google.android.gsf.gservices (user not unlocked)
03-13 21:12:38.127  2890  3074 W ActivityThread: Failed to find provider info for com.google.android.gsf.gservices (user not unlocked)
03-13 21:12:38.127  2890  2914 W ActivityThread: Failed to find provider info for com.google.android.gsf.gservices (user not unlocked)
03-13 21:12:38.128  2890  3074 W ActivityThread: Failed to find provider info for com.google.android.gsf.gservices (user not unlocked)
03-13 21:12:38.128  2890  3074 I chatty  : uid=10156(com.google.android.gms) GoogleApiHandle identical 1 line
03-13 21:12:38.130  2890  3074 W ActivityThread: Failed to find provider info for com.google.android.gsf.gservices (user not unlocked)
03-13 21:12:38.131  2890  3096 W ActivityThread: Failed to find provider info for com.google.android.gsf.gservices (user not unlocked)
03-13 21:12:38.132  2890  3096 W ActivityThread: Failed to find provider info for com.google.android.gsf.gservices (user not unlocked)
03-13 21:12:38.132  2890  3074 W ActivityThread: Failed to find provider info for com.google.android.gsf.gservices (user not unlocked)
03-13 21:12:38.134  2890  3096 W ActivityThread: Failed to find provider info for com.google.android.gsf.gservices (user not unlocked)
03-13 21:12:38.236  2890  3096 I chatty  : uid=10156(com.google.android.gms) lowpool[3] identical 52 lines
03-13 21:12:38.242  2890  3096 W ActivityThread: Failed to find provider info for com.google.android.gsf.gservices (user not unlocked)
03-13 21:12:38.675   865   907 E NetlinkEvent: NetlinkEvent::FindParam(): Parameter 'INTERFACE' not found
03-13 21:12:38.675   865   907 E NetlinkEvent: NetlinkEvent::FindParam(): Parameter 'STATE' not found
03-13 21:12:38.675   865   907 E NetlinkEvent: NetlinkEvent::FindParam(): Parameter 'TIME_NS' not found
03-13 21:12:38.675   865   907 E NetlinkEvent: NetlinkEvent::FindParam(): Parameter 'UID' not found
03-13 21:12:39.194  2890  3092 W ActivityThread: Failed to find provider info for com.google.android.gsf.gservices (user not unlocked)
03-13 21:12:39.263  1500  1534 I chatty  : uid=1000(system) android.display expire 39 lines
03-13 21:12:39.280   671   671 I Checkpoint: Marked slot as booted successfully.
03-13 21:12:39.282   671   671 I Checkpoint: Checkpoint has been committed.
03-13 21:12:39.284  1500  2062 I chatty  : uid=1000(system) RollbackManager expire 1 line
03-13 21:12:39.284   671   702 I vold    : List of Keymaster HALs found:
03-13 21:12:39.285   671   834 I vold    : List of Keymaster HALs found:
03-13 21:12:39.285   671   702 I vold    : Keymaster HAL #1: Keymaster HAL: 4 from QTI SecurityLevel: TRUSTED_ENVIRONMENT HAL: android.hardware.keymaster@4.1::IKeymasterDevice/default
03-13 21:12:39.285   671   702 I vold    : Using Keymaster HAL: 4 from QTI for encryption.  Security level: TRUSTED_ENVIRONMENT, HAL: android.hardware.keymaster@4.1::IKeymasterDevice/default
03-13 21:12:39.288  1500  1565 I chatty  : uid=1000(system) PowerManagerSer expire 2 lines
03-13 21:12:39.290  1500  1534 I chatty  : uid=1000(system) android.display expire 102 lines
03-13 21:12:39.290   671   702 I vold    : Old Key deleted: /metadata/vold/metadata_encryption/key
03-13 21:12:39.290   671   834 I vold    : Keymaster HAL #1: Keymaster HAL: 4 from QTI SecurityLevel: TRUSTED_ENVIRONMENT HAL: android.hardware.keymaster@4.1::IKeymasterDevice/default
03-13 21:12:39.290   671   834 I vold    : Using Keymaster HAL: 4 from QTI for encryption.  Security level: TRUSTED_ENVIRONMENT, HAL: android.hardware.keymaster@4.1::IKeymasterDevice/default
03-13 21:12:39.290  1500  2084 I chatty  : uid=1000(system) StorageManagerS expire 6 lines
03-13 21:12:39.291   671   671 I vold    : onUserAdded: 0
03-13 21:12:39.300  1500  1543 I chatty  : uid=1000(system) android.bg expire 3 lines
03-13 21:12:39.306  1500  2100 I chatty  : uid=1000(system) ConnectivitySer expire 47 lines
03-13 21:12:39.330  1500  1545 I chatty  : uid=1000(system) ActivityManager expire 21 lines
03-13 21:12:39.337   671   671 D vold    : fscrypt_unlock_user_key 0 serial=0 token_present=0
03-13 21:12:39.341   671   671 D vold    : Skipping non-key .
03-13 21:12:39.341   671   671 D vold    : Skipping non-key ..
03-13 21:12:39.341   671   671 D vold    : Trying user CE key /data/misc/vold/user_keys/ce/0/current
03-13 21:12:39.351   671   671 I vold    : List of Keymaster HALs found:
03-13 21:12:39.351   671   671 I vold    : Keymaster HAL #1: Keymaster HAL: 4 from QTI SecurityLevel: TRUSTED_ENVIRONMENT HAL: android.hardware.keymaster@4.1::IKeymasterDevice/default
03-13 21:12:39.351   671   671 I vold    : Using Keymaster HAL: 4 from QTI for encryption.  Security level: TRUSTED_ENVIRONMENT, HAL: android.hardware.keymaster@4.1::IKeymasterDevice/default
03-13 21:12:39.351   671   671 E vold    : Failed to read from /data/misc/vold/user_keys/ce/0/current/keymaster_key_blob: No such file or directory
03-13 21:12:39.352   671   671 E vold    : Failed to find working ce key for user 0
03-13 21:12:39.352   671   671 E vold    : Couldn't read key for 0
03-13 21:12:39.380  1500  1544 I chatty  : uid=1000(system) ActivityManager expire 2 lines
03-13 21:12:39.523  1500  1500 I chatty  : uid=1000 system_server expire 14 lines
03-13 21:12:39.590  1500  2052 I chatty  : uid=1000(system) Binder:1500_4 expire 6 lines
03-13 21:12:39.625  3331  3436 W ActivityThread: Failed to find provider info for com.google.android.gsf.gservices (user not unlocked)
03-13 21:12:39.633  3331  3436 W ActivityThread: Failed to find provider info for com.google.android.gsf.gservices (user not unlocked)
03-13 21:12:39.638  2890  3092 W ActivityThread: Failed to find provider info for com.google.android.gsf.gservices (user not unlocked)
03-13 21:12:39.638  2890  3092 I chatty  : uid=10156 com.google.android.gms.persistent identical 2 lines
03-13 21:12:39.654  2890  3092 W ActivityThread: Failed to find provider info for com.google.android.gsf.gservices (user not unlocked)
03-13 21:12:39.656  2890  3092 W ActivityThread: Failed to find provider info for com.google.android.gsf.gservices (user not unlocked)
03-13 21:12:39.664  2890  3092 W ActivityThread: Failed to find provider info for com.google.android.gsf.gservices (user not unlocked)
03-13 21:12:39.664  3331  3436 W ActivityThread: Failed to find provider info for com.google.android.gsf.gservices (user not unlocked)
03-13 21:12:39.667  3331  3436 W ActivityThread: Failed to find provider info for com.google.android.gsf.gservices (user not unlocked)
03-13 21:12:39.669  2890  3096 W ActivityThread: Failed to find provider info for com.google.android.gsf.gservices (user not unlocked)
03-13 21:12:39.669  2890  3096 W ActivityThread: Failed to find provider info for com.google.android.gsf.gservices (user not unlocked)
03-13 21:12:39.678  1500  2256 I chatty  : uid=1000(system) Binder:1500_6 expire 7 lines
03-13 21:12:39.836  1500  2257 I chatty  : uid=1000(system) Binder:1500_7 expire 4 lines
03-13 21:12:39.863  1500  2051 I chatty  : uid=1000(system) Binder:1500_3 expire 4 lines
03-13 21:12:40.204  1500  2117 I chatty  : uid=1000(system) Binder:1500_5 expire 1 line
03-13 21:12:40.243  1500  1520 I chatty  : uid=1000(system) Binder:1500_2 expire 5 lines
03-13 21:12:40.278  3582  3654 W ActivityThread: Failed to find provider info for com.google.android.gsf.gservices (user not unlocked)
03-13 21:12:40.280  3582  3654 W ActivityThread: Failed to find provider info for com.google.android.gsf.gservices (user not unlocked)
03-13 21:12:40.373  3685  3685 W ActivityThread: Failed to find provider info for com.google.android.gsf.gservices (user not unlocked)
03-13 21:12:40.421  3685  3685 I chatty  : uid=10156(com.google.android.gms) identical 71 lines
03-13 21:12:40.421  3685  3685 W ActivityThread: Failed to find provider info for com.google.android.gsf.gservices (user not unlocked)
03-13 21:12:40.423  3685  3752 W ActivityThread: Failed to find provider info for com.google.android.gsf.gservices (user not unlocked)
03-13 21:12:40.425  3685  3752 I chatty  : uid=10156(com.google.android.gms) identical 3 lines
03-13 21:12:40.426  3685  3752 W ActivityThread: Failed to find provider info for com.google.android.gsf.gservices (user not unlocked)
03-13 21:12:40.427  3685  3685 W ActivityThread: Failed to find provider info for com.google.android.gsf.gservices (user not unlocked)
03-13 21:12:40.427  3685  3685 W ActivityThread: Failed to find provider info for com.google.android.gsf.gservices (user not unlocked)
03-13 21:12:40.427  3685  3752 W ActivityThread: Failed to find provider info for com.google.android.gsf.gservices (user not unlocked)
03-13 21:12:40.427  3685  3685 W ActivityThread: Failed to find provider info for com.google.android.gsf.gservices (user not unlocked)
03-13 21:12:40.428  3685  3752 W ActivityThread: Failed to find provider info for com.google.android.gsf.gservices (user not unlocked)
03-13 21:12:40.428  3685  3685 W ActivityThread: Failed to find provider info for com.google.android.gsf.gservices (user not unlocked)
03-13 21:12:40.428  3685  3685 W ActivityThread: Failed to find provider info for com.google.android.gsf.gservices (user not unlocked)
03-13 21:12:40.429  3685  3752 W ActivityThread: Failed to find provider info for com.google.android.gsf.gservices (user not unlocked)
03-13 21:12:40.429  3685  3685 W ActivityThread: Failed to find provider info for com.google.android.gsf.gservices (user not unlocked)
03-13 21:12:40.430  3685  3685 W ActivityThread: Failed to find provider info for com.google.android.gsf.gservices (user not unlocked)
03-13 21:12:40.431  3685  3752 W ActivityThread: Failed to find provider info for com.google.android.gsf.gservices (user not unlocked)
03-13 21:12:40.432  3685  3752 W ActivityThread: Failed to find provider info for com.google.android.gsf.gservices (user not unlocked)
03-13 21:12:40.433  3685  3685 W ActivityThread: Failed to find provider info for com.google.android.gsf.gservices (user not unlocked)
03-13 21:12:40.433  3685  3752 W ActivityThread: Failed to find provider info for com.google.android.gsf.gservices (user not unlocked)
03-13 21:12:40.435  3685  3752 W ActivityThread: Failed to find provider info for com.google.android.gsf.gservices (user not unlocked)
03-13 21:12:40.435  3685  3685 W ActivityThread: Failed to find provider info for com.google.android.gsf.gservices (user not unlocked)
03-13 21:12:40.435  3685  3752 W ActivityThread: Failed to find provider info for com.google.android.gsf.gservices (user not unlocked)
03-13 21:12:40.436  3685  3752 W ActivityThread: Failed to find provider info for com.google.android.gsf.gservices (user not unlocked)
03-13 21:12:40.436  3685  3685 W ActivityThread: Failed to find provider info for com.google.android.gsf.gservices (user not unlocked)
03-13 21:12:40.437  3685  3752 W ActivityThread: Failed to find provider info for com.google.android.gsf.gservices (user not unlocked)
03-13 21:12:40.437  3685  3685 W ActivityThread: Failed to find provider info for com.google.android.gsf.gservices (user not unlocked)
03-13 21:12:40.450  3685  3685 W ActivityThread: Failed to find provider info for com.google.android.gsf.gservices (user not unlocked)
03-13 21:12:40.450  3685  3762 W ActivityThread: Failed to find provider info for com.google.android.gsf.gservices (user not unlocked)
03-13 21:12:40.451  3685  3685 W ActivityThread: Failed to find provider info for com.google.android.gsf.gservices (user not unlocked)
03-13 21:12:40.459  3685  3685 W ActivityThread: Failed to find provider info for com.google.android.gsf.gservices (user not unlocked)
03-13 21:12:40.460  3685  3764 W ActivityThread: Failed to find provider info for com.google.android.gsf.gservices (user not unlocked)
03-13 21:12:40.460  3685  3685 W ActivityThread: Failed to find provider info for com.google.android.gsf.gservices (user not unlocked)
03-13 21:12:40.460  3685  3764 W ActivityThread: Failed to find provider info for com.google.android.gsf.gservices (user not unlocked)
03-13 21:12:40.461  3685  3685 W ActivityThread: Failed to find provider info for com.google.android.gsf.gservices (user not unlocked)
03-13 21:12:40.461  3685  3685 W ActivityThread: Failed to find provider info for com.google.android.gsf.gservices (user not unlocked)
03-13 21:12:40.462  3685  3764 W ActivityThread: Failed to find provider info for com.google.android.gsf.gservices (user not unlocked)
03-13 21:12:40.462  3685  3685 W ActivityThread: Failed to find provider info for com.google.android.gsf.gservices (user not unlocked)
03-13 21:12:40.464  3685  3685 W ActivityThread: Failed to find provider info for com.google.android.gsf.gservices (user not unlocked)
03-13 21:12:40.464  3685  3764 W ActivityThread: Failed to find provider info for com.google.android.gsf.gservices (user not unlocked)
03-13 21:12:40.464  3685  3685 W ActivityThread: Failed to find provider info for com.google.android.gsf.gservices (user not unlocked)
03-13 21:12:40.465  3685  3764 W ActivityThread: Failed to find provider info for com.google.android.gsf.gservices (user not unlocked)
03-13 21:12:40.465  3685  3764 W ActivityThread: Failed to find provider info for com.google.android.gsf.gservices (user not unlocked)
03-13 21:12:40.466  3685  3685 W ActivityThread: Failed to find provider info for com.google.android.gsf.gservices (user not unlocked)
03-13 21:12:40.481  3685  3685 W ActivityThread: Failed to find provider info for com.google.android.gsf.gservices (user not unlocked)
03-13 21:12:40.482  3685  3768 W ActivityThread: Failed to find provider info for com.google.android.gsf.gservices (user not unlocked)
03-13 21:12:40.482  3685  3768 W ActivityThread: Failed to find provider info for com.google.android.gsf.gservices (user not unlocked)
03-13 21:12:40.483  3685  3768 W ActivityThread: Failed to find provider info for com.google.android.gsf.gservices (user not unlocked)
03-13 21:12:40.484  3685  3685 W ActivityThread: Failed to find provider info for com.google.android.gsf.gservices (user not unlocked)
03-13 21:12:40.484  3685  3685 W ActivityThread: Failed to find provider info for com.google.android.gsf.gservices (user not unlocked)
03-13 21:12:40.484  3685  3768 W ActivityThread: Failed to find provider info for com.google.android.gsf.gservices (user not unlocked)
03-13 21:12:40.488  3685  3774 W ActivityThread: Failed to find provider info for com.google.android.gsf.gservices (user not unlocked)
03-13 21:12:40.489  3685  3774 W ActivityThread: Failed to find provider info for com.google.android.gsf.gservices (user not unlocked)
03-13 21:12:40.501  3685  3778 W ActivityThread: Failed to find provider info for com.google.android.gsf.gservices (user not unlocked)
03-13 21:12:40.514  3685  3780 W ActivityThread: Failed to find provider info for com.google.android.gsf.gservices (user not unlocked)
03-13 21:12:40.517  1500  2883 I chatty  : uid=1000(system) Binder:1500_B expire 7 lines
03-13 21:12:40.520  3685  3780 W ActivityThread: Failed to find provider info for com.google.android.gsf.gservices (user not unlocked)
03-13 21:12:40.681  3685  3780 W ActivityThread: Failed to find provider info for com.google.android.gsf.gservices (user not unlocked)
03-13 21:12:40.688  3685  3780 I chatty  : uid=10156(com.google.android.gms) identical 13 lines
03-13 21:12:40.689  3685  3780 W ActivityThread: Failed to find provider info for com.google.android.gsf.gservices (user not unlocked)
03-13 21:12:40.742  3685  3780 W ActivityThread: Failed to find provider info for com.google.android.gsf.gservices (user not unlocked)
03-13 21:12:40.748  3685  3780 W ActivityThread: Failed to find provider info for com.google.android.gsf.gservices (user not unlocked)
03-13 21:12:40.749  3685  3780 W ActivityThread: Failed to find provider info for com.google.android.gsf.gservices (user not unlocked)
03-13 21:12:40.776  3685  3780 W ActivityThread: Failed to find provider info for com.google.android.gsf.gservices (user not unlocked)
03-13 21:12:40.780  3685  3780 W ActivityThread: Failed to find provider info for com.google.android.gsf.gservices (user not unlocked)
03-13 21:12:40.781  3685  3780 W ActivityThread: Failed to find provider info for com.google.android.gsf.gservices (user not unlocked)
03-13 21:12:40.789  3685  3780 W ActivityThread: Failed to find provider info for com.google.android.gsf.gservices (user not unlocked)
03-13 21:12:40.791  3685  3780 W ActivityThread: Failed to find provider info for com.google.android.gsf.gservices (user not unlocked)
03-13 21:12:41.124  3685  3780 W ActivityThread: Failed to find provider info for com.google.android.gsf.gservices (user not unlocked)
03-13 21:12:41.138  3685  3780 W ActivityThread: Failed to find provider info for com.google.android.gsf.gservices (user not unlocked)
03-13 21:12:41.141  3685  3922 W ActivityThread: Failed to find provider info for com.google.android.gsf.gservices (user not unlocked)
03-13 21:12:41.141  3685  3922 W ActivityThread: Failed to find provider info for com.google.android.gsf.gservices (user not unlocked)
03-13 21:12:41.152  3685  3920 W ActivityThread: Failed to find provider info for com.google.android.gsf.gservices (user not unlocked)
03-13 21:12:41.160  1500  2882 I chatty  : uid=1000(system) Binder:1500_A expire 2 lines
03-13 21:12:41.174  2890  2890 W ActivityThread: Failed to find provider info for com.google.android.gsf.gservices (user not unlocked)
03-13 21:12:41.214  2890  2890 I chatty  : uid=10156 com.google.android.gms.persistent identical 68 lines
03-13 21:12:41.215  2890  2890 W ActivityThread: Failed to find provider info for com.google.android.gsf.gservices (user not unlocked)
03-13 21:12:41.217  2890  3092 W ActivityThread: Failed to find provider info for com.google.android.gsf.gservices (user not unlocked)
03-13 21:12:41.218  2890  2890 W ActivityThread: Failed to find provider info for com.google.android.gsf.gservices (user not unlocked)
03-13 21:12:41.218  2890  3092 W ActivityThread: Failed to find provider info for com.google.android.gsf.gservices (user not unlocked)
03-13 21:12:41.219  2890  3092 W ActivityThread: Failed to find provider info for com.google.android.gsf.gservices (user not unlocked)
03-13 21:12:41.219  2890  2890 W ActivityThread: Failed to find provider info for com.google.android.gsf.gservices (user not unlocked)
03-13 21:12:41.267  2890  2890 W ActivityThread: Failed to find provider info for com.google.android.gsf.gservices (user not unlocked)
03-13 21:12:41.269  2890  2890 W ActivityThread: Failed to find provider info for com.google.android.gsf.gservices (user not unlocked)
03-13 21:12:41.274  2890  2890 W ActivityThread: Failed to find provider info for com.google.android.gsf.gservices (user not unlocked)
03-13 21:12:41.278  2890  3092 W ActivityThread: Failed to find provider info for com.google.android.gsf.gservices (user not unlocked)
03-13 21:12:41.280  2890  3934 W ActivityThread: Failed to find provider info for com.google.android.gsf.gservices (user not unlocked)
03-13 21:12:41.280  2890  3074 W ActivityThread: Failed to find provider info for com.google.android.gsf.gservices (user not unlocked)
03-13 21:12:41.280  2890  3934 W ActivityThread: Failed to find provider info for com.google.android.gsf.gservices (user not unlocked)
03-13 21:12:41.280  2890  3074 W ActivityThread: Failed to find provider info for com.google.android.gsf.gservices (user not unlocked)
03-13 21:12:41.281  2890  3934 W ActivityThread: Failed to find provider info for com.google.android.gsf.gservices (user not unlocked)
03-13 21:12:41.283  2890  3092 W ActivityThread: Failed to find provider info for com.google.android.gsf.gservices (user not unlocked)
03-13 21:12:41.284  2890  3074 W ActivityThread: Failed to find provider info for com.google.android.gsf.gservices (user not unlocked)
03-13 21:12:41.284  2890  3092 W ActivityThread: Failed to find provider info for com.google.android.gsf.gservices (user not unlocked)
03-13 21:12:41.285  2890  3092 W ActivityThread: Failed to find provider info for com.google.android.gsf.gservices (user not unlocked)
03-13 21:12:41.286  2890  3074 W ActivityThread: Failed to find provider info for com.google.android.gsf.gservices (user not unlocked)
