03-14 01:24:49.118     0     0 I [20210313_19:54:49.116541]@5 [wpa_supplicant][0x21b27bbd][19: 54:49.116540] wlan: [2758:E:HDD] hdd_vdev_destroy: 4210: vdev 255 does not exist
03-14 01:24:49.118     0     0 I [20210313_19:54:49.116878]@5 [wpa_supplicant][0x21b294fb][19: 54:49.116876] wlan: [2758:I:HDD] hdd_trigger_psoc_idle_restart: 9656: Driver modules already Enabled
03-14 01:24:49.118     0     0 I [20210313_19:54:49.116886]@5 [wpa_supplicant][0x21b295ab][19: 54:49.116885] wlan: [2758:I:HDD] hdd_vdev_create: 4422: creating new vdev
03-14 01:24:49.118     0     0 I [20210313_19:54:49.116913]@5 [wpa_supplicant][0x21b2979c][19: 54:49.116911] wlan: [2758:I:OBJMGR] wlan_objmgr_vdev_obj_create: 263: Created vdev 1
03-14 01:24:49.118     0     0 I [20210313_19:54:49.118049]@4 [wpa_supplicant][0x21b2ecd1][19: 54:49.118047] wlan: [2758:I:HDD] hdd_vdev_create: 4514: vdev 1 created successfully
03-14 01:24:49.119     0     0 I [20210313_19:54:49.118284]@4 [soft_irq][0x21b2fe71][19: 54:49.118282] wlan: [0:E:HDD] __hdd_set_multicast_list: 3896: Failed to cache MC address list for vdev 1; errno:-22
03-14 01:24:49.119     0     0 I [20210313_19:54:49.118366]@4 [soft_irq][0x21b3049f][19: 54:49.118365] wlan: [0:E:HDD] hdd_disable_and_flush_mc_addr_list: 1013: failed to flush mc list; status:4
03-14 01:24:49.119     0     0 I [20210313_19:54:49.118384]@4 [soft_irq][0x21b30602][19: 54:49.118383] wlan: [0:E:HDD] __hdd_set_multicast_list: 3896: Failed to cache MC address list for vdev 1; errno:-22
03-14 01:24:49.119     0     0 I [20210313_19:54:49.118393]@4 IPv6: ADDRCONF(NETDEV_UP): p2p0: link is not ready
03-14 01:24:49.124  3515  3515 W ActivityThread: Failed to find provider info for com.google.android.gsf.gservices (user not unlocked)
03-14 01:24:49.136     0     0 I [20210313_19:54:49.136064]@0 [soft_irq][0x21b833b3][19: 54:49.136059] wlan: [0:E:HDD] hdd_disable_and_flush_mc_addr_list: 1013: failed to flush mc list; status:4
03-14 01:24:49.136     0     0 I [20210313_19:54:49.136146]@0 [soft_irq][0x21b839f6][19: 54:49.136143] wlan: [0:E:HDD] __hdd_set_multicast_list: 3896: Failed to cache MC address list for vdev 1; errno:-22
03-14 01:24:49.139  3515  3515 I chatty  : uid=10157 com.google.android.gms.persistent identical 77 lines
03-14 01:24:49.139     0     0 I [20210313_19:54:49.137514]@5 [wpa_supplicant][0x21b8a0ae][19: 54:49.137512] wlan: [2758:I:HDD] hdd_vdev_destroy: 4206: destroying vdev 1
03-14 01:24:49.139     0     0 I [20210313_19:54:49.137528]@5 [wpa_supplicant][0x21b8a1cb][19: 54:49.137527] wlan: [2758:I:WMI] Deleting pattern id: 0 vdev id 1 in fw
03-14 01:24:49.139  3515  3515 W ActivityThread: Failed to find provider info for com.google.android.gsf.gservices (user not unlocked)
03-14 01:24:49.142     0     0 I [20210313_19:54:49.141891]@1 [wpa_supplicant][0x21b9e89c][19: 54:49.141885] wlan: [2758:I:OBJMGR] wlan_objmgr_vdev_obj_delete: 335: Logically deleting vdev 1
03-14 01:24:49.142     0     0 I [20210313_19:54:49.141979]@1 [wpa_supplicant][0x21b9ef6b][19: 54:49.141975] wlan: [2758:I:HDD] hdd_vdev_destroy: 4267: vdev 1 destroyed successfully
03-14 01:24:49.144  3515  3515 W ActivityThread: Failed to find provider info for com.google.android.gsf.gservices (user not unlocked)
03-14 01:24:49.148     0     0 I [20210313_19:54:49.147134]@2 [wpa_supplicant][0x21bb71ef][19: 54:49.147129] wlan: [2758:I:HDD] __hdd_set_mac_address: 3652: Changing MAC to be:f4:d5:1f:59:6e of the interface p2p0
03-14 01:24:49.148     0     0 I [20210313_19:54:49.147350]@2 [wpa_supplicant][0x21bb8241][19: 54:49.147347] wlan: [2758:I:HDD] hdd_trigger_psoc_idle_restart: 9656: Driver modules already Enabled
03-14 01:24:49.148     0     0 I [20210313_19:54:49.147389]@2 [wpa_supplicant][0x21bb852a][19: 54:49.147385] wlan: [2758:I:HDD] hdd_vdev_create: 4422: creating new vdev
03-14 01:24:49.148     0     0 I [20210313_19:54:49.147443]@2 [wpa_supplicant][0x21bb8942][19: 54:49.147440] wlan: [2758:I:OBJMGR] wlan_objmgr_vdev_obj_create: 263: Created vdev 1
03-14 01:24:49.148     0     0 I [20210313_19:54:49.147762]@5 [wpa_supplicant][0x21bba14d][19: 54:49.147760] wlan: [2758:I:HDD] hdd_vdev_create: 4514: vdev 1 created successfully
03-14 01:24:49.149     0     0 I [20210313_19:54:49.149200]@5 [soft_irq][0x21bc0d21][19: 54:49.149198] wlan: [0:E:HDD] hdd_disable_and_flush_mc_addr_list: 1013: failed to flush mc list; status:4
03-14 01:24:49.149     0     0 I [20210313_19:54:49.149216]@5 [soft_irq][0x21bc0e5e][19: 54:49.149215] wlan: [0:E:HDD] __hdd_set_multicast_list: 3896: Failed to cache MC address list for vdev 1; errno:-22
03-14 01:24:49.151     0     0 I [20210313_19:54:49.150741]@0 [soft_irq][0x21bc8079][19: 54:49.150736] wlan: [0:E:HDD] __hdd_set_multicast_list: 3896: Failed to cache MC address list for vdev 1; errno:-22
03-14 01:24:49.151     0     0 I [20210313_19:54:49.150765]@0 IPv6: ADDRCONF(NETDEV_UP): p2p0: link is not ready
03-14 01:24:49.153  1465  2640 I chatty  : uid=1000(system) WifiP2pService expire 2 lines
03-14 01:24:49.159  3515  3515 W ActivityThread: Failed to find provider info for com.google.android.gsf.gservices (user not unlocked)
03-14 01:24:49.161  3515  3515 W ActivityThread: Failed to find provider info for com.google.android.gsf.gservices (user not unlocked)
03-14 01:24:49.192  2822  2934 W ActivityThread: Failed to find provider info for com.android.contacts (user not unlocked)
03-14 01:24:49.290  3515  3515 W ActivityThread: Failed to find provider info for com.google.android.gsf.gservices (user not unlocked)
03-14 01:24:49.290  3515  3515 W ActivityThread: Failed to find provider info for com.google.android.gsf.gservices (user not unlocked)
03-14 01:24:49.375  3565  3628 W ActivityThread: Failed to find provider info for com.google.android.gsf.gservices (user not unlocked)
03-14 01:24:49.420  3565  3633 W ActivityThread: Failed to find provider info for com.google.android.gsf.gservices (user not unlocked)
03-14 01:24:49.473  3515  3515 W ActivityThread: Failed to find provider info for com.google.android.gsf.gservices (user not unlocked)
03-14 01:24:49.518  3515  3515 W ActivityThread: Failed to find provider info for com.google.android.gsf.gservices (user not unlocked)
03-14 01:24:49.550  3634  3673 W ActivityThread: Failed to find provider info for com.google.android.gsf.gservices (user not unlocked)
03-14 01:24:49.617  3515  3515 W ActivityThread: Failed to find provider info for com.google.android.gsf.gservices (user not unlocked)
03-14 01:24:49.617  3515  3515 W ActivityThread: Failed to find provider info for com.google.android.gsf.gservices (user not unlocked)
03-14 01:24:49.827  3712  3760 W ActivityThread: Failed to find provider info for com.google.android.gsf.gservices (user not unlocked)
03-14 01:24:49.864  3515  3515 W ActivityThread: Failed to find provider info for com.google.android.gsf.gservices (user not unlocked)
03-14 01:24:49.865  3515  3515 W ActivityThread: Failed to find provider info for com.google.android.gsf.gservices (user not unlocked)
03-14 01:24:49.885  3515  3515 W ActivityThread: Failed to find provider info for com.google.android.gsf.gservices (user not unlocked)
03-14 01:24:49.893  3515  3515 W ActivityThread: Failed to find provider info for com.google.android.gsf.gservices (user not unlocked)
03-14 01:24:49.895  3515  3515 W ActivityThread: Failed to find provider info for com.google.android.gsf.gservices (user not unlocked)
03-14 01:24:49.897  3515  3515 W ActivityThread: Failed to find provider info for com.google.android.gsf.gservices (user not unlocked)
03-14 01:24:49.899  3515  3551 W ActivityThread: Failed to find provider info for com.google.android.gsf.gservices (user not unlocked)
03-14 01:24:49.901  3515  3551 I chatty  : uid=10157 com.google.android.gms.persistent identical 10 lines
03-14 01:24:49.901  3515  3551 W ActivityThread: Failed to find provider info for com.google.android.gsf.gservices (user not unlocked)
03-14 01:24:49.902  3515  3515 W ActivityThread: Failed to find provider info for com.google.android.gsf.gservices (user not unlocked)
03-14 01:24:49.902  3515  3551 W ActivityThread: Failed to find provider info for com.google.android.gsf.gservices (user not unlocked)
03-14 01:24:49.903  3515  3515 W ActivityThread: Failed to find provider info for com.google.android.gsf.gservices (user not unlocked)
03-14 01:24:49.904  3515  3551 W ActivityThread: Failed to find provider info for com.google.android.gsf.gservices (user not unlocked)
03-14 01:24:49.908  3515  3551 W ActivityThread: Failed to find provider info for com.google.android.gsf.gservices (user not unlocked)
03-14 01:24:49.918  3515  3515 W ActivityThread: Failed to find provider info for com.google.android.gsf.gservices (user not unlocked)
03-14 01:24:49.918  3515  3551 W ActivityThread: Failed to find provider info for com.google.android.gsf.gservices (user not unlocked)
03-14 01:24:49.919  3515  3515 W ActivityThread: Failed to find provider info for com.google.android.gsf.gservices (user not unlocked)
03-14 01:24:49.919  3515  3551 W ActivityThread: Failed to find provider info for com.google.android.gsf.gservices (user not unlocked)
03-14 01:24:49.919  3515  3515 W ActivityThread: Failed to find provider info for com.google.android.gsf.gservices (user not unlocked)
03-14 01:24:49.919  3515  3551 W ActivityThread: Failed to find provider info for com.google.android.gsf.gservices (user not unlocked)
03-14 01:24:49.920  3515  3515 W ActivityThread: Failed to find provider info for com.google.android.gsf.gservices (user not unlocked)
03-14 01:24:49.920  3515  3515 W ActivityThread: Failed to find provider info for com.google.android.gsf.gservices (user not unlocked)
03-14 01:24:49.920  3515  3551 W ActivityThread: Failed to find provider info for com.google.android.gsf.gservices (user not unlocked)
03-14 01:24:49.921  3515  3515 W ActivityThread: Failed to find provider info for com.google.android.gsf.gservices (user not unlocked)
03-14 01:24:49.924  3515  3515 W ActivityThread: Failed to find provider info for com.google.android.gsf.gservices (user not unlocked)
03-14 01:24:49.925  3515  3551 W ActivityThread: Failed to find provider info for com.google.android.gsf.gservices (user not unlocked)
03-14 01:24:49.926  3515  3515 W ActivityThread: Failed to find provider info for com.google.android.gsf.gservices (user not unlocked)
03-14 01:24:49.928  3515  3551 W ActivityThread: Failed to find provider info for com.google.android.gsf.gservices (user not unlocked)
03-14 01:24:49.930  3515  3551 W ActivityThread: Failed to find provider info for com.google.android.gsf.gservices (user not unlocked)
03-14 01:24:49.931  3515  3515 W ActivityThread: Failed to find provider info for com.google.android.gsf.gservices (user not unlocked)
03-14 01:24:49.933  3515  3515 W ActivityThread: Failed to find provider info for com.google.android.gsf.gservices (user not unlocked)
03-14 01:24:49.933  3515  3551 W ActivityThread: Failed to find provider info for com.google.android.gsf.gservices (user not unlocked)
03-14 01:24:49.933  3515  3515 W ActivityThread: Failed to find provider info for com.google.android.gsf.gservices (user not unlocked)
03-14 01:24:49.933  3515  3551 W ActivityThread: Failed to find provider info for com.google.android.gsf.gservices (user not unlocked)
03-14 01:24:49.935  3515  3515 W ActivityThread: Failed to find provider info for com.google.android.gsf.gservices (user not unlocked)
03-14 01:24:49.935  3515  3551 W ActivityThread: Failed to find provider info for com.google.android.gsf.gservices (user not unlocked)
03-14 01:24:49.935  3515  3515 W ActivityThread: Failed to find provider info for com.google.android.gsf.gservices (user not unlocked)
03-14 01:24:49.935  3515  3551 W ActivityThread: Failed to find provider info for com.google.android.gsf.gservices (user not unlocked)
03-14 01:24:49.936  3515  3515 W ActivityThread: Failed to find provider info for com.google.android.gsf.gservices (user not unlocked)
03-14 01:24:49.936  3515  3515 W ActivityThread: Failed to find provider info for com.google.android.gsf.gservices (user not unlocked)
03-14 01:24:49.937  3515  3551 W ActivityThread: Failed to find provider info for com.google.android.gsf.gservices (user not unlocked)
03-14 01:24:49.938  3515  3551 W ActivityThread: Failed to find provider info for com.google.android.gsf.gservices (user not unlocked)
03-14 01:24:49.940  3515  3515 W ActivityThread: Failed to find provider info for com.google.android.gsf.gservices (user not unlocked)
03-14 01:24:49.944     0     0 W         : [20210313_19:54:49.944058]@6 F2FS-fs (dm-10): Unexpected flush for atomic writes: ino=2862, npages=3
03-14 01:24:49.957  3515  3515 W ActivityThread: Failed to find provider info for com.google.android.gsf.gservices (user not unlocked)
03-14 01:24:49.957  3765  3765 W ActivityThread: Failed to find provider info for com.google.android.gsf.gservices (user not unlocked)
03-14 01:24:49.957  3515  3551 W ActivityThread: Failed to find provider info for com.google.android.gsf.gservices (user not unlocked)
03-14 01:24:49.957  3515  3515 W ActivityThread: Failed to find provider info for com.google.android.gsf.gservices (user not unlocked)
03-14 01:24:49.957  3515  3551 W ActivityThread: Failed to find provider info for com.google.android.gsf.gservices (user not unlocked)
03-14 01:24:49.958  3515  3515 W ActivityThread: Failed to find provider info for com.google.android.gsf.gservices (user not unlocked)
03-14 01:24:49.958  3765  3765 W ActivityThread: Failed to find provider info for com.google.android.gsf.gservices (user not unlocked)
03-14 01:24:49.958  3515  3551 W ActivityThread: Failed to find provider info for com.google.android.gsf.gservices (user not unlocked)
03-14 01:24:49.958  3515  3515 W ActivityThread: Failed to find provider info for com.google.android.gsf.gservices (user not unlocked)
03-14 01:24:49.959  3515  3515 W ActivityThread: Failed to find provider info for com.google.android.gsf.gservices (user not unlocked)
03-14 01:24:49.960  3565  3635 W FileUtils: Failed to chmod(/data/user/0/com.google.android.tts/app_phenotype_file): android.system.ErrnoException: chmod failed: ENOENT (No such file or directory)
03-14 01:24:49.960  3515  3515 W ActivityThread: Failed to find provider info for com.google.android.gsf.gservices (user not unlocked)
03-14 01:24:49.961  3765  3765 W ActivityThread: Failed to find provider info for com.google.android.gsf.gservices (user not unlocked)
03-14 01:24:49.962  3765  3765 W ActivityThread: Failed to find provider info for com.google.android.gsf.gservices (user not unlocked)
03-14 01:24:49.962  3515  3515 W ActivityThread: Failed to find provider info for com.google.android.gsf.gservices (user not unlocked)
03-14 01:24:49.963  3765  3765 W ActivityThread: Failed to find provider info for com.google.android.gsf.gservices (user not unlocked)
03-14 01:24:49.963  3515  3515 W ActivityThread: Failed to find provider info for com.google.android.gsf.gservices (user not unlocked)
03-14 01:24:49.963  3765  3765 W ActivityThread: Failed to find provider info for com.google.android.gsf.gservices (user not unlocked)
03-14 01:24:49.963  3515  3515 W ActivityThread: Failed to find provider info for com.google.android.gsf.gservices (user not unlocked)
03-14 01:24:49.963  3515  3515 W ActivityThread: Failed to find provider info for com.google.android.gsf.gservices (user not unlocked)
03-14 01:24:49.964  3765  3765 W ActivityThread: Failed to find provider info for com.google.android.gsf.gservices (user not unlocked)
03-14 01:24:49.964  3765  3765 W ActivityThread: Failed to find provider info for com.google.android.gsf.gservices (user not unlocked)
03-14 01:24:49.964  3515  3515 W ActivityThread: Failed to find provider info for com.google.android.gsf.gservices (user not unlocked)
03-14 01:24:49.964  3765  3765 W ActivityThread: Failed to find provider info for com.google.android.gsf.gservices (user not unlocked)
03-14 01:24:49.964  3515  3515 W ActivityThread: Failed to find provider info for com.google.android.gsf.gservices (user not unlocked)
03-14 01:24:49.965  3765  3765 W ActivityThread: Failed to find provider info for com.google.android.gsf.gservices (user not unlocked)
03-14 01:24:49.965  3515  3515 W ActivityThread: Failed to find provider info for com.google.android.gsf.gservices (user not unlocked)
03-14 01:24:49.965  3765  3765 W ActivityThread: Failed to find provider info for com.google.android.gsf.gservices (user not unlocked)
03-14 01:24:49.965  3515  3515 W ActivityThread: Failed to find provider info for com.google.android.gsf.gservices (user not unlocked)
03-14 01:24:49.965  3765  3765 W ActivityThread: Failed to find provider info for com.google.android.gsf.gservices (user not unlocked)
03-14 01:24:49.965  3515  3515 W ActivityThread: Failed to find provider info for com.google.android.gsf.gservices (user not unlocked)
03-14 01:24:49.966  3765  3765 W ActivityThread: Failed to find provider info for com.google.android.gsf.gservices (user not unlocked)
03-14 01:24:49.968  3765  3765 I chatty  : uid=10157(com.google.android.gms) identical 32 lines
03-14 01:24:49.969  3765  3765 W ActivityThread: Failed to find provider info for com.google.android.gsf.gservices (user not unlocked)
03-14 01:24:49.970  3515  3515 W ActivityThread: Failed to find provider info for com.google.android.gsf.gservices (user not unlocked)
03-14 01:24:49.970  3765  3765 W ActivityThread: Failed to find provider info for com.google.android.gsf.gservices (user not unlocked)
03-14 01:24:49.973  3765  3765 W ActivityThread: Failed to find provider info for com.google.android.gsf.gservices (user not unlocked)
03-14 01:24:49.973  3515  3515 W ActivityThread: Failed to find provider info for com.google.android.gsf.gservices (user not unlocked)
03-14 01:24:49.977  3515  3515 W ActivityThread: Failed to find provider info for com.google.android.gsf.gservices (user not unlocked)
03-14 01:24:49.977  3765  3765 W ActivityThread: Failed to find provider info for com.google.android.gsf.gservices (user not unlocked)
03-14 01:24:49.977  3515  3515 W ActivityThread: Failed to find provider info for com.google.android.gsf.gservices (user not unlocked)
03-14 01:24:49.983  3515  3515 W ActivityThread: Failed to find provider info for com.google.android.gsf.gservices (user not unlocked)
03-14 01:24:49.984  3765  3765 W ActivityThread: Failed to find provider info for com.google.android.gsf.gservices (user not unlocked)
03-14 01:24:49.989  3765  3765 W ActivityThread: Failed to find provider info for com.google.android.gsf.gservices (user not unlocked)
03-14 01:24:49.989  3515  3515 W ActivityThread: Failed to find provider info for com.google.android.gsf.gservices (user not unlocked)
03-14 01:24:49.990  3515  3515 W ActivityThread: Failed to find provider info for com.google.android.gsf.gservices (user not unlocked)
03-14 01:24:49.991  3765  3765 W ActivityThread: Failed to find provider info for com.google.android.gsf.gservices (user not unlocked)
03-14 01:24:49.994  3765  3765 W ActivityThread: Failed to find provider info for com.google.android.gsf.gservices (user not unlocked)
03-14 01:24:49.996  3515  3515 W ActivityThread: Failed to find provider info for com.google.android.gsf.gservices (user not unlocked)
03-14 01:24:50.004  3515  3515 W ActivityThread: Failed to find provider info for com.google.android.gsf.gservices (user not unlocked)
03-14 01:24:50.006  3765  3765 W ActivityThread: Failed to find provider info for com.google.android.gsf.gservices (user not unlocked)
03-14 01:24:50.008  3765  3765 W ActivityThread: Failed to find provider info for com.google.android.gsf.gservices (user not unlocked)
03-14 01:24:50.009  3515  3515 W ActivityThread: Failed to find provider info for com.google.android.gsf.gservices (user not unlocked)
03-14 01:24:50.009  3765  3765 W ActivityThread: Failed to find provider info for com.google.android.gsf.gservices (user not unlocked)
03-14 01:24:50.009  3515  3515 W ActivityThread: Failed to find provider info for com.google.android.gsf.gservices (user not unlocked)
03-14 01:24:50.009  3515  3515 W ActivityThread: Failed to find provider info for com.google.android.gsf.gservices (user not unlocked)
03-14 01:24:50.010  3765  3765 W ActivityThread: Failed to find provider info for com.google.android.gsf.gservices (user not unlocked)
03-14 01:24:50.010  3515  3515 W ActivityThread: Failed to find provider info for com.google.android.gsf.gservices (user not unlocked)
03-14 01:24:50.010  3515  3515 W ActivityThread: Failed to find provider info for com.google.android.gsf.gservices (user not unlocked)
03-14 01:24:50.012  3765  3805 W ActivityThread: Failed to find provider info for com.google.android.gsf.gservices (user not unlocked)
03-14 01:24:50.014  3765  3805 I chatty  : uid=10157(com.google.android.gms) identical 2 lines
03-14 01:24:50.015  3765  3805 W ActivityThread: Failed to find provider info for com.google.android.gsf.gservices (user not unlocked)
03-14 01:24:50.015  3515  3803 W ActivityThread: Failed to find provider info for com.google.android.gsf.gservices (user not unlocked)
03-14 01:24:50.015  3765  3765 W ActivityThread: Failed to find provider info for com.google.android.gsf.gservices (user not unlocked)
03-14 01:24:50.016  3765  3765 W ActivityThread: Failed to find provider info for com.google.android.gsf.gservices (user not unlocked)
03-14 01:24:50.016  3515  3803 W ActivityThread: Failed to find provider info for com.google.android.gsf.gservices (user not unlocked)
03-14 01:24:50.016  3515  3515 W ActivityThread: Failed to find provider info for com.google.android.gsf.gservices (user not unlocked)
03-14 01:24:50.017  3515  3515 W ActivityThread: Failed to find provider info for com.google.android.gsf.gservices (user not unlocked)
03-14 01:24:50.017  3515  3515 W ActivityThread: Failed to find provider info for com.google.android.gsf.gservices (user not unlocked)
03-14 01:24:50.018  3765  3805 W ActivityThread: Failed to find provider info for com.google.android.gsf.gservices (user not unlocked)
03-14 01:24:50.019  3765  3805 W ActivityThread: Failed to find provider info for com.google.android.gsf.gservices (user not unlocked)
03-14 01:24:50.019  3765  3765 W ActivityThread: Failed to find provider info for com.google.android.gsf.gservices (user not unlocked)
03-14 01:24:50.021  3765  3765 W ActivityThread: Failed to find provider info for com.google.android.gsf.gservices (user not unlocked)
03-14 01:24:50.021  3515  3515 W ActivityThread: Failed to find provider info for com.google.android.gsf.gservices (user not unlocked)
03-14 01:24:50.022  3765  3805 W ActivityThread: Failed to find provider info for com.google.android.gsf.gservices (user not unlocked)
03-14 01:24:50.022  3515  3541 W ActivityThread: Failed to find provider info for com.google.android.gsf.gservices (user not unlocked)
03-14 01:24:50.022  3765  3805 W ActivityThread: Failed to find provider info for com.google.android.gsf.gservices (user not unlocked)
03-14 01:24:50.022  3515  3541 W ActivityThread: Failed to find provider info for com.google.android.gsf.gservices (user not unlocked)
03-14 01:24:50.023  3765  3805 W ActivityThread: Failed to find provider info for com.google.android.gsf.gservices (user not unlocked)
03-14 01:24:50.024  3765  3805 W ActivityThread: Failed to find provider info for com.google.android.gsf.gservices (user not unlocked)
03-14 01:24:50.025  3515  3541 W ActivityThread: Failed to find provider info for com.google.android.gsf.gservices (user not unlocked)
03-14 01:24:50.025  3765  3765 W ActivityThread: Failed to find provider info for com.google.android.gsf.gservices (user not unlocked)
03-14 01:24:50.026  3765  3765 W ActivityThread: Failed to find provider info for com.google.android.gsf.gservices (user not unlocked)
03-14 01:24:50.026  3515  3549 W ActivityThread: Failed to find provider info for com.google.android.gsf.gservices (user not unlocked)
03-14 01:24:50.028  3515  3549 I chatty  : uid=10157 com.google.android.gms.persistent identical 1 line
03-14 01:24:50.030  3515  3549 W ActivityThread: Failed to find provider info for com.google.android.gsf.gservices (user not unlocked)
03-14 01:24:50.030  3765  3765 W ActivityThread: Failed to find provider info for com.google.android.gsf.gservices (user not unlocked)
03-14 01:24:50.031  3515  3549 W ActivityThread: Failed to find provider info for com.google.android.gsf.gservices (user not unlocked)
03-14 01:24:50.031  3515  3515 W ActivityThread: Failed to find provider info for com.google.android.gsf.gservices (user not unlocked)
03-14 01:24:50.035  3515  3515 W ActivityThread: Failed to find provider info for com.google.android.gsf.gservices (user not unlocked)
03-14 01:24:50.037  3765  3765 W ActivityThread: Failed to find provider info for com.google.android.gsf.gservices (user not unlocked)
03-14 01:24:50.039  3765  3765 W ActivityThread: Failed to find provider info for com.google.android.gsf.gservices (user not unlocked)
03-14 01:24:50.039  3515  3812 W ActivityThread: Failed to find provider info for com.google.android.gsf.gservices (user not unlocked)
03-14 01:24:50.043  3515  3551 W ActivityThread: Failed to find provider info for com.google.android.gsf.gservices (user not unlocked)
03-14 01:24:50.044  3765  3765 W ActivityThread: Failed to find provider info for com.google.android.gsf.gservices (user not unlocked)
03-14 01:24:50.045  3765  3765 W ActivityThread: Failed to find provider info for com.google.android.gsf.gservices (user not unlocked)
03-14 01:24:50.046  3515  3814 W ActivityThread: Failed to find provider info for com.google.android.gsf.gservices (user not unlocked)
03-14 01:24:50.046  3765  3765 W ActivityThread: Failed to find provider info for com.google.android.gsf.gservices (user not unlocked)
03-14 01:24:50.047  3515  3814 W ActivityThread: Failed to find provider info for com.google.android.gsf.gservices (user not unlocked)
03-14 01:24:50.047  3765  3765 W ActivityThread: Failed to find provider info for com.google.android.gsf.gservices (user not unlocked)
03-14 01:24:50.049  3765  3765 W ActivityThread: Failed to find provider info for com.google.android.gsf.gservices (user not unlocked)
03-14 01:24:50.049  3634  3669 W ActivityThread: Failed to find provider info for com.google.android.gsf.gservices (user not unlocked)
03-14 01:24:50.050  3765  3765 W ActivityThread: Failed to find provider info for com.google.android.gsf.gservices (user not unlocked)
03-14 01:24:50.053  3765  3765 W ActivityThread: Failed to find provider info for com.google.android.gsf.gservices (user not unlocked)
03-14 01:24:50.055  3515  3551 W ActivityThread: Failed to find provider info for com.google.android.gsf.gservices (user not unlocked)
03-14 01:24:50.055  3515  3551 W ActivityThread: Failed to find provider info for com.google.android.gsf.gservices (user not unlocked)
03-14 01:24:50.057  3634  3669 W ActivityThread: Failed to find provider info for com.google.android.gsf.gservices (user not unlocked)
03-14 01:24:50.057  3765  3765 W ActivityThread: Failed to find provider info for com.google.android.gsf.gservices (user not unlocked)
03-14 01:24:50.059  3765  3765 W ActivityThread: Failed to find provider info for com.google.android.gsf.gservices (user not unlocked)
03-14 01:24:50.059  3515  3815 W ActivityThread: Failed to find provider info for com.google.android.gsf.gservices (user not unlocked)
03-14 01:24:50.060  3765  3765 W ActivityThread: Failed to find provider info for com.google.android.gsf.gservices (user not unlocked)
03-14 01:24:50.060  3515  3541 W ActivityThread: Failed to find provider info for com.google.android.gsf.gservices (user not unlocked)
03-14 01:24:50.060  3765  3765 W ActivityThread: Failed to find provider info for com.google.android.gsf.gservices (user not unlocked)
03-14 01:24:50.060  3515  3815 W ActivityThread: Failed to find provider info for com.google.android.gsf.gservices (user not unlocked)
03-14 01:24:50.061  3515  3541 W ActivityThread: Failed to find provider info for com.google.android.gsf.gservices (user not unlocked)
03-14 01:24:50.061  3765  3765 W ActivityThread: Failed to find provider info for com.google.android.gsf.gservices (user not unlocked)
03-14 01:24:50.062  3515  3541 W ActivityThread: Failed to find provider info for com.google.android.gsf.gservices (user not unlocked)
03-14 01:24:50.063  3515  3541 W ActivityThread: Failed to find provider info for com.google.android.gsf.gservices (user not unlocked)
03-14 01:24:50.064  3765  3765 W ActivityThread: Failed to find provider info for com.google.android.gsf.gservices (user not unlocked)
03-14 01:24:50.065  3765  3765 W ActivityThread: Failed to find provider info for com.google.android.gsf.gservices (user not unlocked)
03-14 01:24:50.065  3515  3541 W ActivityThread: Failed to find provider info for com.google.android.gsf.gservices (user not unlocked)
03-14 01:24:50.066  3765  3765 W ActivityThread: Failed to find provider info for com.google.android.gsf.gservices (user not unlocked)
03-14 01:24:50.066  3515  3541 W ActivityThread: Failed to find provider info for com.google.android.gsf.gservices (user not unlocked)
03-14 01:24:50.066  3515  3541 W ActivityThread: Failed to find provider info for com.google.android.gsf.gservices (user not unlocked)
03-14 01:24:50.066  3765  3765 W ActivityThread: Failed to find provider info for com.google.android.gsf.gservices (user not unlocked)
03-14 01:24:50.066  3515  3541 W ActivityThread: Failed to find provider info for com.google.android.gsf.gservices (user not unlocked)
03-14 01:24:50.067  3765  3765 W ActivityThread: Failed to find provider info for com.google.android.gsf.gservices (user not unlocked)
03-14 01:24:50.067  3515  3803 W ActivityThread: Failed to find provider info for com.google.android.gsf.gservices (user not unlocked)
03-14 01:24:50.072  3765  3765 W ActivityThread: Failed to find provider info for com.google.android.gsf.gservices (user not unlocked)
03-14 01:24:50.072  3765  3765 W ActivityThread: Failed to find provider info for com.google.android.gsf.gservices (user not unlocked)
03-14 01:24:50.072  3515  3817 W ActivityThread: Failed to find provider info for com.google.android.gsf.gservices (user not unlocked)
03-14 01:24:50.073  3765  3765 W ActivityThread: Failed to find provider info for com.google.android.gsf.gservices (user not unlocked)
03-14 01:24:50.073  3515  3803 W ActivityThread: Failed to find provider info for com.google.android.gsf.gservices (user not unlocked)
03-14 01:24:50.074  3765  3765 W ActivityThread: Failed to find provider info for com.google.android.gsf.gservices (user not unlocked)
03-14 01:24:50.074  3515  3817 W ActivityThread: Failed to find provider info for com.google.android.gsf.gservices (user not unlocked)
03-14 01:24:50.075  3515  3817 W ActivityThread: Failed to find provider info for com.google.android.gsf.gservices (user not unlocked)
03-14 01:24:50.075  3765  3765 W ActivityThread: Failed to find provider info for com.google.android.gsf.gservices (user not unlocked)
03-14 01:24:50.075  3765  3765 W ActivityThread: Failed to find provider info for com.google.android.gsf.gservices (user not unlocked)
03-14 01:24:50.076  3765  3765 W ActivityThread: Failed to find provider info for com.google.android.gsf.gservices (user not unlocked)
03-14 01:24:50.077  3515  3817 W ActivityThread: Failed to find provider info for com.google.android.gsf.gservices (user not unlocked)
03-14 01:24:50.078  3515  3817 W ActivityThread: Failed to find provider info for com.google.android.gsf.gservices (user not unlocked)
03-14 01:24:50.079  3765  3765 W ActivityThread: Failed to find provider info for com.google.android.gsf.gservices (user not unlocked)
03-14 01:24:50.084  3765  3765 W ActivityThread: Failed to find provider info for com.google.android.gsf.gservices (user not unlocked)
03-14 01:24:50.090  3515  3803 W ActivityThread: Failed to find provider info for com.google.android.gsf.gservices (user not unlocked)
03-14 01:24:50.091  3765  3765 W ActivityThread: Failed to find provider info for com.google.android.gsf.gservices (user not unlocked)
03-14 01:24:50.091  3515  3817 W ActivityThread: Failed to find provider info for com.google.android.gsf.gservices (user not unlocked)
03-14 01:24:50.092  3765  3765 W ActivityThread: Failed to find provider info for com.google.android.gsf.gservices (user not unlocked)
03-14 01:24:50.093  3765  3765 W ActivityThread: Failed to find provider info for com.google.android.gsf.gservices (user not unlocked)
03-14 01:24:50.093  3515  3817 W ActivityThread: Failed to find provider info for com.google.android.gsf.gservices (user not unlocked)
03-14 01:24:50.094  3515  3817 W ActivityThread: Failed to find provider info for com.google.android.gsf.gservices (user not unlocked)
03-14 01:24:50.094  3765  3765 W ActivityThread: Failed to find provider info for com.google.android.gsf.gservices (user not unlocked)
03-14 01:24:50.094  3515  3817 W ActivityThread: Failed to find provider info for com.google.android.gsf.gservices (user not unlocked)
03-14 01:24:50.094  3765  3765 W ActivityThread: Failed to find provider info for com.google.android.gsf.gservices (user not unlocked)
03-14 01:24:50.094  3515  3817 W ActivityThread: Failed to find provider info for com.google.android.gsf.gservices (user not unlocked)
03-14 01:24:50.094  3765  3765 W ActivityThread: Failed to find provider info for com.google.android.gsf.gservices (user not unlocked)
03-14 01:24:50.095  3515  3817 W ActivityThread: Failed to find provider info for com.google.android.gsf.gservices (user not unlocked)
03-14 01:24:50.095  3515  3817 W ActivityThread: Failed to find provider info for com.google.android.gsf.gservices (user not unlocked)
03-14 01:24:50.098  3765  3822 W ActivityThread: Failed to find provider info for com.google.android.gsf.gservices (user not unlocked)
03-14 01:24:50.099  3515  3817 W ActivityThread: Failed to find provider info for com.google.android.gsf.gservices (user not unlocked)
03-14 01:24:50.103  3765  3824 W ActivityThread: Failed to find provider info for com.google.android.gsf.gservices (user not unlocked)
03-14 01:24:50.104  3515  3817 W ActivityThread: Failed to find provider info for com.google.android.gsf.gservices (user not unlocked)
03-14 01:24:50.115  3515  3817 I chatty  : uid=10157 com.google.android.gms.persistent identical 42 lines
03-14 01:24:50.115  3515  3817 W ActivityThread: Failed to find provider info for com.google.android.gsf.gservices (user not unlocked)
03-14 01:24:50.116  3765  3824 W ActivityThread: Failed to find provider info for com.google.android.gsf.gservices (user not unlocked)
03-14 01:24:50.116  3515  3817 W ActivityThread: Failed to find provider info for com.google.android.gsf.gservices (user not unlocked)
03-14 01:24:50.116  3515  3817 W ActivityThread: Failed to find provider info for com.google.android.gsf.gservices (user not unlocked)
03-14 01:24:50.116  3765  3824 W ActivityThread: Failed to find provider info for com.google.android.gsf.gservices (user not unlocked)
03-14 01:24:50.117  3765  3824 I chatty  : uid=10157(com.google.android.gms) identical 3 lines
03-14 01:24:50.118  3765  3824 W ActivityThread: Failed to find provider info for com.google.android.gsf.gservices (user not unlocked)
03-14 01:24:50.122  3515  3817 W ActivityThread: Failed to find provider info for com.google.android.gsf.gservices (user not unlocked)
03-14 01:24:50.129  3515  3817 W ActivityThread: Failed to find provider info for com.google.android.gsf.gservices (user not unlocked)
03-14 01:24:50.131  3765  3825 W ActivityThread: Failed to find provider info for com.google.android.gsf.gservices (user not unlocked)
03-14 01:24:50.132  3765  3825 W ActivityThread: Failed to find provider info for com.google.android.gsf.gservices (user not unlocked)
03-14 01:24:50.133  3515  3817 W ActivityThread: Failed to find provider info for com.google.android.gsf.gservices (user not unlocked)
03-14 01:24:50.134  3515  3817 W ActivityThread: Failed to find provider info for com.google.android.gsf.gservices (user not unlocked)
03-14 01:24:50.135  3765  3825 W ActivityThread: Failed to find provider info for com.google.android.gsf.gservices (user not unlocked)
03-14 01:24:50.136  3515  3817 W ActivityThread: Failed to find provider info for com.google.android.gsf.gservices (user not unlocked)
03-14 01:24:50.136  3765  3825 W ActivityThread: Failed to find provider info for com.google.android.gsf.gservices (user not unlocked)
03-14 01:24:50.137  3515  3817 W ActivityThread: Failed to find provider info for com.google.android.gsf.gservices (user not unlocked)
03-14 01:24:50.161  3515  3817 W ActivityThread: Failed to find provider info for com.google.android.gsf.gservices (user not unlocked)
03-14 01:24:51.022  3515  3826 W ActivityThread: Failed to find provider info for com.google.android.gsf.gservices (user not unlocked)
03-14 01:24:51.512  1465  2658 I chatty  : uid=1000(system) ConnectivitySer expire 9 lines
03-14 01:24:51.574  3315  3878 W ActivityThread: Failed to find provider info for com.android.contacts (user not unlocked)
03-14 01:24:51.578  1465  2891 I chatty  : uid=1000(system) Binder:1465_7 expire 7 lines
03-14 01:24:51.830  1465  3471 I chatty  : uid=1000(system) Binder:1465_B expire 9 lines
03-14 01:24:51.935  1465  1559 I chatty  : uid=1000(system) ActivityManager expire 6 lines
03-14 01:24:51.939  3765  3897 W ActivityThread: Failed to find provider info for com.google.android.gsf.gservices (user not unlocked)
03-14 01:24:51.943  1465  2631 I chatty  : uid=1000(system) NetworkPolicy expire 5 lines
03-14 01:24:51.944  1465  1558 I chatty  : uid=1000(system) android.bg expire 7 lines
03-14 01:24:51.978  1465  3470 I chatty  : uid=1000(system) Binder:1465_A expire 1 line
03-14 01:24:51.980  1465  1547 I chatty  : uid=1000(system) android.display expire 133 lines
03-14 01:24:51.990  1465  1560 I chatty  : uid=1000(system) ActivityManager expire 18 lines
03-14 01:24:52.000   671   671 I Checkpoint: Marked slot as booted successfully.
03-14 01:24:52.002   671   671 I Checkpoint: Checkpoint has been committed.
03-14 01:24:52.005  1465  2043 I chatty  : uid=1000(system) RollbackManager expire 1 line
03-14 01:24:52.011  1465  1571 I chatty  : uid=1000(system) PowerManagerSer expire 2 lines
03-14 01:24:52.011     0     0 I [20210313_19:54:52.009670]@6 msm-dsi-display: [fresh_rate_read] fresh_rate : 90
03-14 01:24:52.012     0     0 I [20210313_19:54:52.009681]@6 msm-dsi-display: [fresh_rate_read] fresh_rate : 90
03-14 01:24:52.012     0     0 I [20210313_19:54:52.009684]@6 msm-dsi-display: [fresh_rate_read] fresh_rate : 90
03-14 01:24:52.031  1465  2066 I chatty  : uid=1000(system) StorageManagerS expire 6 lines
03-14 01:24:52.035   671   671 I vold    : onUserAdded: 0
03-14 01:24:52.075   671   671 D vold    : fscrypt_unlock_user_key 0 serial=0 token_present=0
03-14 01:24:52.075   671   671 W vold    : Tried to unlock already-unlocked key for user 0
03-14 01:24:52.076   671   671 D vold    : fscrypt_prepare_user_storage for volume null, user 0, serial 0, flags 2
03-14 01:24:52.077   671   671 D vold    : Preparing: /data/system_ce/0
03-14 01:24:52.077   671   671 D vold    : Preparing: /data/misc_ce/0
03-14 01:24:52.077   671   671 D vold    : Preparing: /data/vendor_ce/0
03-14 01:24:52.077   671   671 D vold    : Preparing: /data/media/0
03-14 01:24:52.077   671   671 D vold    : Preparing: /data/data
03-14 01:24:52.077   671   671 I vold    : Encryption policy of /data/system_ce/0 set to afe6b950a50e0164 v1 modes 127/4 flags 0x0
03-14 01:24:52.077   671   671 I vold    : Encryption policy of /data/misc_ce/0 set to afe6b950a50e0164 v1 modes 127/4 flags 0x0
03-14 01:24:52.077   671   671 I vold    : Encryption policy of /data/vendor_ce/0 set to afe6b950a50e0164 v1 modes 127/4 flags 0x0
03-14 01:24:52.077   671   671 I vold    : Encryption policy of /data/media/0 set to afe6b950a50e0164 v1 modes 127/4 flags 0x0
03-14 01:24:52.077   671   671 I vold    : Encryption policy of /data/data set to afe6b950a50e0164 v1 modes 127/4 flags 0x0
03-14 01:24:52.077   671   671 D vold    : Starting restorecon of /data/system_ce/0
03-14 01:24:52.083   671   671 D vold    : Finished restorecon of /data/system_ce/0
03-14 01:24:52.083   671   671 D vold    : Starting restorecon of /data/vendor_ce/0
03-14 01:24:52.088  1465  2939 I chatty  : uid=1000(system) Binder:1465_8 expire 12 lines
03-14 01:24:52.089   671   671 D vold    : Finished restorecon of /data/vendor_ce/0
03-14 01:24:52.089   671   671 D vold    : Starting restorecon of /data/misc_ce/0
03-14 01:24:52.096     0     0 F         : [20210313_19:54:52.082334]@4 Boot completed
03-14 01:24:52.096     0     0 I SMBLIB  : usb_enum_check: Check usb enum when boot
03-14 01:24:52.097   671   671 D vold    : Finished restorecon of /data/misc_ce/0
03-14 01:24:52.097   671   671 D vold    : /system/bin/vold_prepare_subdirs
03-14 01:24:52.097   671   671 D vold    :     prepare
03-14 01:24:52.097   671   671 D vold    :     
03-14 01:24:52.097   671   671 D vold    :     0
03-14 01:24:52.097   671   671 D vold    :     2
03-14 01:24:52.116     0     0 W [20210313_19:54:52.115364]@7 healthd: battery l=84 v=4177 t=28.2 h=2 st=2 c=457000 fc=3538000 cc=2 chg=u
03-14 01:24:52.141  1465  1544 I chatty  : uid=1000(system) android.fg expire 5 lines
03-14 01:24:52.156  1465  3990 I chatty  : uid=1000 system_server expire 1 line
03-14 01:24:52.157  1465  2163 I chatty  : uid=1000(system) Binder:1465_4 expire 14 lines
03-14 01:24:52.164  1465  1465 I chatty  : uid=1000 system_server expire 16 lines
03-14 01:24:52.298     0     0 E [20210313_19:54:52.295782]@4 init: Control message: Could not find 'vendor.hbtp' for ctl.start from pid: 4015 (start vendor.hbtp)
03-14 01:24:52.415     0     0 I [20210313_19:54:52.408495]@3 zram0: detected capacity change from 0 to 4294967296
03-14 01:24:52.456     0     0 I         : [20210313_19:54:52.452390]@3 Adding 4194300k swap on /dev/block/zram0.  Priority:32758 extents:1 across:4194300k SS
03-14 01:24:52.486     0     0 E [20210313_19:54:52.485121]@3 msm-dsi-panel: [dsi_panel_update_backlight:951] backlight = 207
03-14 01:24:52.507     0     0 E [20210313_19:54:52.507629]@1 msm-dsi-panel: [dsi_panel_update_backlight:951] backlight = 215
03-14 01:24:52.531     0     0 E [20210313_19:54:52.529864]@3 msm-dsi-panel: [dsi_panel_update_backlight:951] backlight = 231
03-14 01:24:52.540     0     0 E [20210313_19:54:52.539825]@3 msm-dsi-panel: [dsi_panel_update_backlight:951] backlight = 239
03-14 01:24:52.545     0     0 E [20210313_19:54:52.542763]@0 msm-dsi-panel: [dsi_panel_update_backlight:951] backlight = 247
03-14 01:24:52.546     0     0 E [20210313_19:54:52.545952]@1 msm-dsi-panel: [dsi_panel_update_backlight:951] backlight = 255
03-14 01:24:52.559     0     0 E [20210313_19:54:52.559283]@1 msm-dsi-panel: [dsi_panel_update_backlight:951] backlight = 263
03-14 01:24:52.570     0     0 E [20210313_19:54:52.569503]@0 msm-dsi-panel: [dsi_panel_update_backlight:951] backlight = 271
03-14 01:24:52.586     0     0 E [20210313_19:54:52.584902]@0 msm-dsi-panel: [dsi_panel_update_backlight:951] backlight = 279
03-14 01:24:52.593     0     0 E [20210313_19:54:52.592490]@3 msm-dsi-panel: [dsi_panel_update_backlight:951] backlight = 287
03-14 01:24:52.621     0     0 E [20210313_19:54:52.616701]@2 msm-dsi-panel: [dsi_panel_update_backlight:951] backlight = 295
03-14 01:24:52.643     0     0 E [20210313_19:54:52.637816]@2 msm-dsi-panel: [dsi_panel_update_backlight:951] backlight = 311
03-14 01:24:52.643     0     0 E [20210313_19:54:52.640562]@2 msm-dsi-panel: [dsi_panel_update_backlight:951] backlight = 319
03-14 01:24:52.647  3765  3765 W ActivityThread: Failed to find provider info for com.google.android.gsf.gservices (user not unlocked)
03-14 01:24:52.648  3765  3765 W ActivityThread: Failed to find provider info for com.google.android.gsf.gservices (user not unlocked)
03-14 01:24:52.656     0     0 E [20210313_19:54:52.651467]@2 msm-dsi-panel: [dsi_panel_update_backlight:951] backlight = 327
03-14 01:24:52.662     0     0 E [20210313_19:54:52.662441]@1 msm-dsi-panel: [dsi_panel_update_backlight:951] backlight = 335
03-14 01:24:52.675     0     0 E [20210313_19:54:52.673622]@0 msm-dsi-panel: [dsi_panel_update_backlight:951] backlight = 343
03-14 01:24:52.685     0     0 E [20210313_19:54:52.684734]@0 msm-dsi-panel: [dsi_panel_update_backlight:951] backlight = 351
03-14 01:24:52.689  4046  4140 W ActivityThread: Failed to find provider info for com.google.android.gsf.gservices (user not unlocked)
03-14 01:24:52.690  4046  4140 W ActivityThread: Failed to find provider info for com.google.android.gsf.gservices (user not unlocked)
03-14 01:24:52.696     0     0 I [20210313_19:54:52.695604]@2 init: processing action (vendor.post_boot.parsed=1) from (/vendor/etc/init/init.one.perf.rc:16)
03-14 01:24:52.696     0     0 E [20210313_19:54:52.695926]@1 msm-dsi-panel: [dsi_panel_update_backlight:951] backlight = 359
03-14 01:24:52.708     0     0 E [20210313_19:54:52.707191]@2 msm-dsi-panel: [dsi_panel_update_backlight:951] backlight = 367
03-14 01:24:52.709  4046  4140 W ActivityThread: Failed to find provider info for com.google.android.gsf.gservices (user not unlocked)
03-14 01:24:52.710  4046  4140 W ActivityThread: Failed to find provider info for com.google.android.gsf.gservices (user not unlocked)
03-14 01:24:52.715     0     0 E [20210313_19:54:52.715564]@2 msm-dsi-panel: [dsi_panel_update_backlight:951] backlight = 375
03-14 01:24:52.723  4046  4110 W ActivityThread: Failed to find provider info for com.google.android.gsf.gservices (user not unlocked)
03-14 01:24:52.732     0     0 E [20210313_19:54:52.731411]@2 msm-dsi-panel: [dsi_panel_update_backlight:951] backlight = 384
03-14 01:24:52.740     0     0 E [20210313_19:54:52.740584]@0 msm-dsi-panel: [dsi_panel_update_backlight:951] backlight = 392
03-14 01:24:52.746  1198  1198 W wificond: Scan aborted
03-14 01:24:52.750     0     0 E [20210313_19:54:52.749291]@0 msm-dsi-panel: [dsi_panel_update_backlight:951] backlight = 400
03-14 01:24:52.758     0     0 E [20210313_19:54:52.757583]@1 msm-dsi-panel: [dsi_panel_update_backlight:951] backlight = 408
03-14 01:24:52.763  4046  4110 W ActivityThread: Failed to find provider info for com.google.android.gsf.gservices (user not unlocked)
03-14 01:24:52.765  4046  4110 I chatty  : uid=10151(com.google.android.dialer) GoogleApiHandle identical 1 line
03-14 01:24:52.766  4046  4110 W ActivityThread: Failed to find provider info for com.google.android.gsf.gservices (user not unlocked)
03-14 01:24:52.772  1465  1547 I chatty  : uid=1000(system) android.display expire 3 lines
03-14 01:24:52.775     0     0 E [20210313_19:54:52.773525]@1 msm-dsi-panel: [dsi_panel_update_backlight:951] backlight = 416
03-14 01:24:52.777  3515  3826 W ActivityThread: Failed to find provider info for com.google.android.gsf.gservices (user not unlocked)
03-14 01:24:52.779  3515  3826 W ActivityThread: Failed to find provider info for com.google.android.gsf.gservices (user not unlocked)
03-14 01:24:52.784     0     0 I [20210313_19:54:52.782828]@6 init: Service 'qcom-post-boot' (pid 3951) exited with status 0 oneshot service took 0.697000 seconds in background
03-14 01:24:52.785     0     0 I [20210313_19:54:52.782845]@6 init: Sending signal 9 to service 'qcom-post-boot' (pid 3951) process group...
03-14 01:24:52.785     0     0 I [20210313_19:54:52.782991]@6 libprocessgroup: Successfully killed process cgroup uid 0 pid 3951 in 0ms
03-14 01:24:52.787     0     0 E [20210313_19:54:52.785430]@0 msm-dsi-panel: [dsi_panel_update_backlight:951] backlight = 424
03-14 01:24:52.788  1465  2161 I chatty  : uid=1000(system) Binder:1465_3 expire 5 lines
03-14 01:24:52.791  1465  1560 I chatty  : uid=1000(system) ActivityManager expire 25 lines
03-14 01:24:52.792  3515  3826 W ActivityThread: Failed to find provider info for com.google.android.gsf.gservices (user not unlocked)
03-14 01:24:52.793  3515  3826 W ActivityThread: Failed to find provider info for com.google.android.gsf.gservices (user not unlocked)
03-14 01:24:52.795     0     0 E [20210313_19:54:52.793934]@0 msm-dsi-panel: [dsi_panel_update_backlight:951] backlight = 432
03-14 01:24:52.816     0     0 E [20210313_19:54:52.815220]@0 msm-dsi-panel: [dsi_panel_update_backlight:951] backlight = 440
03-14 01:24:52.829     0     0 E [20210313_19:54:52.824663]@0 msm-dsi-panel: [dsi_panel_update_backlight:951] backlight = 448
03-14 01:24:52.844     0     0 E [20210313_19:54:52.831105]@3 msm-dsi-panel: [dsi_panel_update_backlight:951] backlight = 456
03-14 01:24:52.844     0     0 E [20210313_19:54:52.840955]@3 msm-dsi-panel: [dsi_panel_update_backlight:951] backlight = 464
03-14 01:24:52.852     0     0 E [20210313_19:54:52.851454]@1 msm-dsi-panel: [dsi_panel_update_backlight:951] backlight = 468
03-14 01:24:52.852     0     0 I [20210313_19:54:52.852186]@7 [ip][0x25f8e91d][19: 54:52.852185] wlan: [4191:E:HDD] __hdd_validate_adapter: 843: bad adapter magic (via __wlan_hdd_ipv4_changed)
03-14 01:24:52.854  1465  2939 I chatty  : uid=1000(system) Binder:1465_8 expire 3 lines
03-14 01:24:52.891  1465  3470 I chatty  : uid=1000(system) Binder:1465_A expire 3 lines
03-14 01:24:52.912  1465  1558 I chatty  : uid=1000(system) android.bg expire 12 lines
03-14 01:24:53.039  1465  3369 I chatty  : uid=1000(system) Binder:1465_9 expire 3 lines
03-14 01:24:53.138  1141  2200 W iorapd  : Overwriting transition from kActivityLaunched to kIntentStarted into kActivityLaunchCancelled
03-14 01:24:53.142  1465  1544 I chatty  : uid=1000(system) android.fg expire 8 lines
03-14 01:24:53.143  1465  1559 I chatty  : uid=1000(system) ActivityManager expire 51 lines
03-14 01:24:53.148  1465  1546 I chatty  : uid=1000(system) android.io expire 1 line
