03-14 10:34:22.970  1153  1153 I android.hardware.secure_element@1.0-service: ConfigFile - [NXP_MAX_RNACK_RETRY] = 0x0A
03-14 10:34:22.970  1153  1153 D nxpese@1.0-service: Registering SPI interface as eSE1
03-14 10:34:22.978  1153  1153 I HidlServiceManagement: Registered android.hardware.secure_element@1.0::ISecureElement/eSE1 (start delay of 43ms)
03-14 10:34:22.978  1153  1153 I HidlServiceManagement: Removing namespace from process name android.hardware.secure_element@1.0-service to secure_element@1.0-service.
03-14 10:34:22.979  1153  1153 D nxpese@1.0-service: Registering SecureElement HALIOCTL Service v1.0...
03-14 10:34:22.980  1153  1153 I HidlServiceManagement: Registered vendor.nxp.nxpese@1.0::INxpEse/default (start delay of 50ms)
03-14 10:34:22.980  1153  1153 D nxpese@1.0-service: Registering SecureElement Event Handler Service v1.0...
03-14 10:34:22.980  1153  1153 I HidlServiceManagement: Registered vendor.nxp.eventprocessor@1.0::INxpEseEvtProcessor/default (start delay of 51ms)
03-14 10:34:22.980  1153  1153 D nxpese@1.0-service: Secure Element HAL Service is ready
03-14 10:34:22.981  1153  1153 D JcDnld_SPI: eSEClientUpdateHandler Enter
03-14 10:34:22.981  1153  1153 D JcDnld_SPI: eSEClientUpdateHandler Exit 
03-14 10:34:22.987  1149  1165 I adbd    : Waiting for persist.adb.tls_server.enable=1
03-14 10:34:22.987  1149  1167 I adbd    : opening control endpoint /dev/usb-ffs/adb/ep0
03-14 10:34:22.987     0     0 I         : @6 ep0_open success!
03-14 10:34:22.987     0     0 I         : @6 read descriptors
03-14 10:34:22.987     0     0 I         : @6 read strings
03-14 10:34:22.988  1149  1167 I adbd    : UsbFfsConnection constructed
03-14 10:34:22.991  1149  1170 I adbd    : UsbFfs-monitor thread spawned
03-14 10:34:23.007  1051  1051 I ServiceManager: Waiting for service 'media.metrics' on '/dev/binder'...
03-14 10:34:23.025  1160  1160 I ThermalEngine: Thermal daemon started
03-14 10:34:23.025  1160  1160 E ThermalEngine: Unknown target identified with soc id 339
03-14 10:34:23.025  1160  1160 I ThermalEngine: No target config file, falling back to '/vendor/etc/thermal-engine.conf'
03-14 10:34:23.027  1175  1175 I iorapd  : iorapd (the prefetchening) firing up
03-14 10:34:23.048   862   862 I ServiceManager: Waiting for service 'statscompanion' on '/dev/binder'...
03-14 10:34:23.049   864   864 W Zygote  : Class not found for preloading: android.inputmethodservice.-$$Lambda$InputMethodService$TvVfWDKZ3ljQdrU87qYykg6uD-I
03-14 10:34:23.050  1175  1175 I iorapd  : Opened existing database at '/data/misc/iorapd/sqlite.db'
03-14 10:34:23.051  1175  1175 W iorapd  : Reconnect to package manager service: 1 times
03-14 10:34:23.052  1175  1175 I ServiceManager: Waiting for service 'package_native' on '/dev/binder'...
03-14 10:34:23.055  1179  1179 V MediaUtils: physMem: 7831093248
03-14 10:34:23.055  1179  1179 V MediaUtils: requested limit: 134217728
03-14 10:34:23.055  1179  1179 I libc    : malloc_limit: Allocation limit enabled, max size 134217728 bytes
03-14 10:34:23.059  1174  1174 I installd: installd firing up
03-14 10:34:23.059  1179  1179 D AudioPowerUsage: AudioPowerUsage
03-14 10:34:23.060  1179  1179 D AudioAnalytics: AudioAnalytics
03-14 10:34:23.060  1179  1179 D MediaMetricsService: MediaMetricsService
03-14 10:34:23.071  1185  1185 I PerfDaemon: PerfDaemon is starting.
03-14 10:34:23.072  1185  1185 W perfservice: libminijail[1185]: failed to get path of fd 5: No such file or directory
03-14 10:34:23.073  1185  1185 W perfservice: libminijail[1185]: allowing syscall: connect
03-14 10:34:23.073  1185  1185 W perfservice: libminijail[1185]: allowing syscall: fcntl
03-14 10:34:23.073  1185  1185 W perfservice: libminijail[1185]: allowing syscall: sendto
03-14 10:34:23.073  1185  1185 W perfservice: libminijail[1185]: allowing syscall: socket
03-14 10:34:23.073  1185  1185 W perfservice: libminijail[1185]: allowing syscall: writev
03-14 10:34:23.073  1185  1185 W perfservice: libminijail[1185]: logging seccomp filter failures
03-14 10:34:23.075  1194  1194 E libc    : Access denied finding property "init.svc.ril-daemon"
03-14 10:34:23.081   864   864 I zygote64: Thread[1,tid=864,Native,Thread*=0x7ab3a517b0,peer=0x12c03040,"main"] recursive attempt to load library "libmedia_jni.so"
03-14 10:34:23.082  1183  1183 I wificond: wificond is starting up...
03-14 10:34:23.083   864   864 I zygote64: Thread[1,tid=864,Native,Thread*=0x7ab3a517b0,peer=0x12c03040,"main"] recursive attempt to load library "libmedia_jni.so"
03-14 10:34:23.083   864   864 D MtpDeviceJNI: register_android_mtp_MtpDevice
03-14 10:34:23.083   864   864 I zygote64: Thread[1,tid=864,Native,Thread*=0x7ab3a517b0,peer=0x12c03040,"main"] recursive attempt to load library "libmedia_jni.so"
03-14 10:34:23.083   864   864 I zygote64: Thread[1,tid=864,Native,Thread*=0x7ab3a517b0,peer=0x12c03040,"main"] recursive attempt to load library "libmedia_jni.so"
03-14 10:34:23.094  1183  1183 I HidlServiceManagement: Registered android.system.wifi.keystore@1.0::IKeystore/default (start delay of 64ms)
03-14 10:34:23.101  1178  1178 V MediaUtils: physMem: 7831093248
03-14 10:34:23.101  1178  1178 V MediaUtils: requested limit: 1566218640
03-14 10:34:23.101  1178  1178 I libc    : malloc_limit: Allocation limit enabled, max size 1566218640 bytes
03-14 10:34:23.103   864   864 W Zygote  : Class not found for preloading: android.media.MediaRouter$Static$Client$1
03-14 10:34:23.103   864   864 W Zygote  : Class not found for preloading: android.media.MediaRouter$Static$Client$2
03-14 10:34:23.107  1051  1051 I AudioFlinger: Using default 3000 mSec as standby time.
03-14 10:34:23.108  1179  1191 I ServiceManager: Waiting for service 'package_native' on '/dev/binder'...
03-14 10:34:23.108  1051  1051 I audioserver: ServiceManager: AudioFlinger instantiate done 0x74bf861030
03-14 10:34:23.108  1051  1051 E APM::Serializer: deserialize: Could not parse /odm/etc/audio_policy_configuration.xml document.
03-14 10:34:23.109  1051  1051 E APM::Serializer: deserialize: Could not parse /vendor/etc/audio/audio_policy_configuration.xml document.
03-14 10:34:23.110  1178  1178 W mediaextractor: libminijail[1178]: failed to get path of fd 5: No such file or directory
03-14 10:34:23.110  1178  1178 W mediaextractor: libminijail[1178]: allowing syscall: connect
03-14 10:34:23.110  1178  1178 W mediaextractor: libminijail[1178]: allowing syscall: fcntl
03-14 10:34:23.110  1178  1178 W mediaextractor: libminijail[1178]: allowing syscall: sendto
03-14 10:34:23.110  1178  1178 W mediaextractor: libminijail[1178]: allowing syscall: socket
03-14 10:34:23.110  1178  1178 W mediaextractor: libminijail[1178]: allowing syscall: writev
03-14 10:34:23.110  1160  1160 I ThermalEngine: devices_manager_init: Init
03-14 10:34:23.110  1160  1160 I ThermalEngine: Number of gpus :1
03-14 10:34:23.111  1160  1160 I ThermalEngine: Number of cpus :8
03-14 10:34:23.111  1160  1160 I ThermalEngine: update_cpu_topology: Cluster info node not found/sys/module/msm_thermal/cluster_info
03-14 10:34:23.112  1160  1160 E ThermalEngine: tmd_add_cpufreq_dev_data: Invalid or no boost freqs
03-14 10:34:23.112  1178  1178 W mediaextractor: libminijail[1178]: logging seccomp filter failures
03-14 10:34:23.113  1189  1189 I android.hardware.media.omx@1.0-service: mediacodecservice starting
03-14 10:34:23.114  1051  1051 D AudioPolicyManagerCustom: USE_XML_AUDIO_POLICY_CONF is TRUE
03-14 10:34:23.114  1051  1051 D APM_EngineLoader: Loaded engine from libaudiopolicyenginedefault.so
03-14 10:34:23.115  1051  1051 E APM::AudioPolicyEngine/Config: parse: Could not parse document /vendor/etc/audio_policy_engine_configuration.xml
03-14 10:34:23.115  1051  1051 E libxml2 : I/O warning : failed to load external entity "/vendor/etc/audio_policy_engine_configuration.xml"
03-14 10:34:23.115  1051  1051 W APM::AudioPolicyEngine/Base: loadAudioPolicyEngineConfig: No configuration found, using default matching phone experience.
03-14 10:34:23.115  1051  1051 E APM::AudioPolicyEngine/Config: parseLegacyVolumeFile: Could not parse document /odm/etc/audio_policy_configuration.xml
03-14 10:34:23.115  1051  1051 E libxml2 : I/O warning : failed to load external entity "/odm/etc/audio_policy_configuration.xml"
03-14 10:34:23.115  1051  1051 E APM::AudioPolicyEngine/Config: parseLegacyVolumeFile: Could not parse document /vendor/etc/audio/audio_policy_configuration.xml
03-14 10:34:23.115  1051  1051 E libxml2 : I/O warning : failed to load external entity "/vendor/etc/audio/audio_policy_configuration.xml"
03-14 10:34:23.115  1160  1160 E ThermalEngine: tmd_add_cpufreq_dev_data: Invalid or no boost freqs
03-14 10:34:23.117  1051  1051 W APM::AudioPolicyEngine/Base: loadAudioPolicyEngineConfig: No configuration of AUDIO_STREAM_ASSISTANT found, using default volume configuration
03-14 10:34:23.117  1051  1051 W APM::AudioPolicyEngine/Base: loadAudioPolicyEngineConfig: No configuration of AUDIO_STREAM_CALL_ASSISTANT found, using default volume configuration
03-14 10:34:23.117  1160  1160 E ThermalEngine: tmd_add_cpufreq_dev_data: Invalid or no boost freqs
03-14 10:34:23.120  1189  1189 W android.hardware.media.omx@1.0-service: libminijail[1189]: failed to get path of fd 5: No such file or directory
03-14 10:34:23.120  1189  1189 W android.hardware.media.omx@1.0-service: libminijail[1189]: allowing syscall: clock_gettime
03-14 10:34:23.120  1189  1189 W android.hardware.media.omx@1.0-service: libminijail[1189]: allowing syscall: connect
03-14 10:34:23.120  1189  1189 W android.hardware.media.omx@1.0-service: libminijail[1189]: allowing syscall: fcntl64
03-14 10:34:23.120  1189  1189 W android.hardware.media.omx@1.0-service: libminijail[1189]: allowing syscall: socket
03-14 10:34:23.120  1189  1189 W android.hardware.media.omx@1.0-service: libminijail[1189]: allowing syscall: writev
03-14 10:34:23.121  1189  1189 W android.hardware.media.omx@1.0-service: libminijail[1189]: compile_file: <fd>(80): nonexistent syscall 'ueventd'
03-14 10:34:23.121  1189  1189 W android.hardware.media.omx@1.0-service: libminijail[1189]: logging seccomp filter failures
03-14 10:34:23.121  1160  1160 E ThermalEngine: tmd_add_cpufreq_dev_data: Invalid or no boost freqs
03-14 10:34:23.123     0     0 I @5 tfa98xx_probe(): Container loading requested: 0
03-14 10:34:23.123     0     0 I         : @5 tfa98xx 0-0034: tfa98xx codec registered ()
03-14 10:34:23.125  1189  1189 E OMXMaster: OMX plugin failed w/ error 0x80001001 after registering 0 components
03-14 10:34:23.125  1185  1185 D PerfDaemon: added vendor.perfservice to services and is now running.
03-14 10:34:23.127  1160  1160 E ThermalEngine: tmd_add_cpufreq_dev_data: Invalid or no boost freqs
03-14 10:34:23.127  1189  1189 I SoftOMXPlugin: createOMXPlugin
03-14 10:34:23.128  1189  1189 I MediaCodecsXmlParser: getVendorXmlPath (/vendor/etc/media_codecs_vendor.xml)
03-14 10:34:23.128  1189  1189 D MediaCodecsXmlParser: parsing /vendor/etc/media_codecs_vendor.xml...
03-14 10:34:23.128  1177  1177 I keystore: found android.hardware.keymaster@4.0::IKeymasterDevice with interface name default and seclevel TRUSTED_ENVIRONMENT
03-14 10:34:23.129  1160  1160 E ThermalEngine: tmd_add_cpufreq_dev_data: Invalid or no boost freqs
03-14 10:34:23.130  1189  1189 D MediaCodecsXmlParser: parsing /vendor/etc/media_codecs_google_audio.xml...
03-14 10:34:23.130  1189  1189 D MediaCodecsXmlParser: parsing /vendor/etc/media_codecs_vendor_audio.xml...
03-14 10:34:23.130  1160  1160 E ThermalEngine: tmd_add_cpufreq_dev_data: Invalid or no boost freqs
03-14 10:34:23.133  1160  1160 E ThermalEngine: tmd_add_cpufreq_dev_data: Invalid or no boost freqs
03-14 10:34:23.134  1189  1189 D MediaCodecsXmlParser: parsing /vendor/etc/media_codecs_google_telephony.xml...
03-14 10:34:23.135     0     0 I         : @5 tfa98xx 0-0035: tfa98xx codec registered ()
03-14 10:34:23.136  1189  1189 D MediaCodecsXmlParser: parsing /vendor/etc/media_codecs_google_video.xml...
03-14 10:34:23.136  1189  1189 I MediaCodecsXmlParser: getVendorXmlPath (/vendor/etc/media_codecs_performance.xml)
03-14 10:34:23.136  1189  1189 D MediaCodecsXmlParser: parsing /vendor/etc/media_codecs_performance.xml...
03-14 10:34:23.137  1160  1160 E ThermalEngine: open/sys/class/thermal/cooling_device2/cur_state failed13
03-14 10:34:23.138  1180  1180 I mediaserver: ServiceManager: 0xf3c01250
03-14 10:34:23.138  1180  1180 D mediaserver: Time zone APEX ICU file found: /apex/com.android.tzdata/etc/icu/icu_tzdata.dat
03-14 10:34:23.138  1189  1189 D MediaCodecsXmlParser: MediaCodec: cannot update non-existing codec at line 55 of /vendor/etc/media_codecs_performance.xml
03-14 10:34:23.138  1189  1189 D MediaCodecsXmlParser: MediaCodec: cannot update non-existing codec at line 79 of /vendor/etc/media_codecs_performance.xml
03-14 10:34:23.138  1189  1189 D MediaCodecsXmlParser: MediaCodec: cannot update non-existing codec at line 82 of /vendor/etc/media_codecs_performance.xml
03-14 10:34:23.138  1189  1189 D MediaCodecsXmlParser: MediaCodec: cannot update non-existing codec at line 85 of /vendor/etc/media_codecs_performance.xml
03-14 10:34:23.138  1189  1189 D MediaCodecsXmlParser: MediaCodec: cannot update non-existing codec at line 91 of /vendor/etc/media_codecs_performance.xml
03-14 10:34:23.138  1189  1189 D MediaCodecsXmlParser: MediaCodec: cannot update non-existing codec at line 94 of /vendor/etc/media_codecs_performance.xml
03-14 10:34:23.138  1189  1189 D MediaCodecsXmlParser: MediaCodec: cannot update non-existing codec at line 100 of /vendor/etc/media_codecs_performance.xml
03-14 10:34:23.138  1189  1189 D MediaCodecsXmlParser: MediaCodec: cannot update non-existing codec at line 142 of /vendor/etc/media_codecs_performance.xml
03-14 10:34:23.138  1189  1189 D MediaCodecsXmlParser: MediaCodec: cannot update non-existing codec at line 184 of /vendor/etc/media_codecs_performance.xml
03-14 10:34:23.138  1189  1189 D MediaCodecsXmlParser: MediaCodec: cannot update non-existing codec at line 190 of /vendor/etc/media_codecs_performance.xml
03-14 10:34:23.138  1189  1189 D MediaCodecsXmlParser: MediaCodec: cannot update non-existing codec at line 197 of /vendor/etc/media_codecs_performance.xml
03-14 10:34:23.138  1189  1189 D MediaCodecsXmlParser: MediaCodec: cannot update non-existing codec at line 203 of /vendor/etc/media_codecs_performance.xml
03-14 10:34:23.138  1189  1189 D MediaCodecsXmlParser: MediaCodec: cannot update non-existing codec at line 209 of /vendor/etc/media_codecs_performance.xml
03-14 10:34:23.138  1189  1189 D MediaCodecsXmlParser: MediaCodec: cannot update non-existing codec at line 213 of /vendor/etc/media_codecs_performance.xml
03-14 10:34:23.138  1189  1189 D MediaCodecsXmlParser: Cannot find /data/misc/media/media_codecs_profiling_results.xml
03-14 10:34:23.139     0     0 I tfa98xx_probe(): Container loading requested: 0
03-14 10:34:23.139  1180  1180 D mediaserver: I18n APEX ICU file found: /apex/com.android.i18n/etc/icu/icudt66l.dat
03-14 10:34:23.139  1160  1160 E ThermalEngine: open/sys/class/thermal/cooling_device3/cur_state failed13
03-14 10:34:23.140  1180  1180 W BatteryNotifier: batterystats service unavailable!
03-14 10:34:23.141  1160  1160 E ThermalEngine: open/sys/class/thermal/cooling_device4/cur_state failed13
03-14 10:34:23.142  1180  1180 W BatteryNotifier: batterystats service unavailable!
03-14 10:34:23.142  1189  1189 I HidlServiceManagement: Registered android.hardware.media.omx@1.0::IOmx/default (start delay of 92ms)
03-14 10:34:23.142  1189  1189 I HidlServiceManagement: Removing namespace from process name android.hardware.media.omx@1.0-service to omx@1.0-service.
03-14 10:34:23.142  1189  1189 I android.hardware.media.omx@1.0-service: IOmx HAL service created.
03-14 10:34:23.142  1189  1189 I OmxStore: omx common prefix: 'OMX.'
03-14 10:34:23.142  1189  1189 I MediaCodecsXmlParser: getVendorXmlPath (/vendor/etc/media_codecs_vendor.xml)
03-14 10:34:23.142  1189  1189 D MediaCodecsXmlParser: parsing /vendor/etc/media_codecs_vendor.xml...
03-14 10:34:23.142  1189  1189 D MediaCodecsXmlParser: parsing /vendor/etc/media_codecs_google_audio.xml...
03-14 10:34:23.143  1189  1189 D MediaCodecsXmlParser: parsing /vendor/etc/media_codecs_vendor_audio.xml...
03-14 10:34:23.143  1189  1189 D MediaCodecsXmlParser: parsing /vendor/etc/media_codecs_google_telephony.xml...
03-14 10:34:23.143  1160  1160 E ThermalEngine: open/sys/class/thermal/cooling_device5/cur_state failed13
03-14 10:34:23.143  1189  1189 D MediaCodecsXmlParser: parsing /vendor/etc/media_codecs_google_video.xml...
03-14 10:34:23.144  1189  1189 I MediaCodecsXmlParser: getVendorXmlPath (/vendor/etc/media_codecs_performance.xml)
03-14 10:34:23.144  1189  1189 D MediaCodecsXmlParser: parsing /vendor/etc/media_codecs_performance.xml...
03-14 10:34:23.144  1189  1189 D MediaCodecsXmlParser: MediaCodec: cannot update non-existing codec at line 55 of /vendor/etc/media_codecs_performance.xml
03-14 10:34:23.144  1189  1189 D MediaCodecsXmlParser: MediaCodec: cannot update non-existing codec at line 79 of /vendor/etc/media_codecs_performance.xml
03-14 10:34:23.144  1189  1189 D MediaCodecsXmlParser: MediaCodec: cannot update non-existing codec at line 82 of /vendor/etc/media_codecs_performance.xml
03-14 10:34:23.144  1189  1189 D MediaCodecsXmlParser: MediaCodec: cannot update non-existing codec at line 85 of /vendor/etc/media_codecs_performance.xml
03-14 10:34:23.144  1189  1189 D MediaCodecsXmlParser: MediaCodec: cannot update non-existing codec at line 91 of /vendor/etc/media_codecs_performance.xml
03-14 10:34:23.144  1189  1189 D MediaCodecsXmlParser: MediaCodec: cannot update non-existing codec at line 94 of /vendor/etc/media_codecs_performance.xml
03-14 10:34:23.144  1189  1189 D MediaCodecsXmlParser: MediaCodec: cannot update non-existing codec at line 100 of /vendor/etc/media_codecs_performance.xml
03-14 10:34:23.144  1189  1189 D MediaCodecsXmlParser: MediaCodec: cannot update non-existing codec at line 142 of /vendor/etc/media_codecs_performance.xml
03-14 10:34:23.145  1160  1160 E ThermalEngine: open/sys/class/thermal/cooling_device6/cur_state failed13
03-14 10:34:23.145  1189  1189 D MediaCodecsXmlParser: MediaCodec: cannot update non-existing codec at line 184 of /vendor/etc/media_codecs_performance.xml
03-14 10:34:23.145  1189  1189 D MediaCodecsXmlParser: MediaCodec: cannot update non-existing codec at line 190 of /vendor/etc/media_codecs_performance.xml
03-14 10:34:23.145  1189  1189 D MediaCodecsXmlParser: MediaCodec: cannot update non-existing codec at line 197 of /vendor/etc/media_codecs_performance.xml
03-14 10:34:23.145  1189  1189 D MediaCodecsXmlParser: MediaCodec: cannot update non-existing codec at line 203 of /vendor/etc/media_codecs_performance.xml
03-14 10:34:23.145  1189  1189 D MediaCodecsXmlParser: MediaCodec: cannot update non-existing codec at line 209 of /vendor/etc/media_codecs_performance.xml
03-14 10:34:23.145  1189  1189 D MediaCodecsXmlParser: MediaCodec: cannot update non-existing codec at line 213 of /vendor/etc/media_codecs_performance.xml
03-14 10:34:23.145  1189  1189 D MediaCodecsXmlParser: Cannot find /data/misc/media/media_codecs_profiling_results.xml
03-14 10:34:23.146  1160  1160 E ThermalEngine: open/sys/class/thermal/cooling_device8/cur_state failed13
03-14 10:34:23.148   864   864 W Zygote  : Class not found for preloading: android.net.shared.Inet4AddressUtils
03-14 10:34:23.148   862   862 I ServiceManager: Waiting for service 'statscompanion' on '/dev/binder'...
03-14 10:34:23.148   864   864 W Zygote  : Class not found for preloading: android.net.shared.InetAddressUtils
03-14 10:34:23.149  1160  1160 E ThermalEngine: open/sys/class/thermal/cooling_device10/cur_state failed13
03-14 10:34:23.149  1160  1209 I ThermalEngine: ADSP thermal mitigation available.
03-14 10:34:23.151  1160  1160 E ThermalEngine: open/sys/class/thermal/cooling_device11/cur_state failed13
03-14 10:34:23.151  1160  1160 I ThermalEngine: tmd_init_cluster_devs: No clusters found
03-14 10:34:23.152  1187  1187 E wfdhdcphal: wfdhdcphalservice starting...
03-14 10:34:23.152  1160  1160 E ThermalEngine: open/sys/class/thermal/cooling_device0/cur_state failed13
03-14 10:34:23.153  1175  1175 I ServiceManager: Waiting for service 'package_native' on '/dev/binder'...
03-14 10:34:23.153  1160  1160 E ThermalEngine: open/sys/class/thermal/cooling_device1/cur_state failed13
03-14 10:34:23.153  1160  1160 E ThermalEngine: Unable to set NPU cdev state to 0
03-14 10:34:23.153  1160  1160 E ThermalEngine: open/sys/class/thermal/cooling_device1/cur_state failed13
03-14 10:34:23.153  1160  1160 E ThermalEngine: devices_init: Init NPU TMD failed 5
03-14 10:34:23.153  1187  1187 W wfdhdcphalservice: libminijail[1187]: failed to get path of fd 5: No such file or directory
03-14 10:34:23.153  1187  1187 W wfdhdcphalservice: libminijail[1187]: allowing syscall: clock_gettime
03-14 10:34:23.153  1187  1187 W wfdhdcphalservice: libminijail[1187]: allowing syscall: connect
03-14 10:34:23.153  1187  1187 W wfdhdcphalservice: libminijail[1187]: allowing syscall: fcntl64
03-14 10:34:23.154  1187  1187 W wfdhdcphalservice: libminijail[1187]: allowing syscall: socket
03-14 10:34:23.154  1160  1160 E ThermalEngine: open/sys/class/thermal/cooling_device14/cur_state failed13
03-14 10:34:23.154  1187  1187 W wfdhdcphalservice: libminijail[1187]: allowing syscall: writev
03-14 10:34:23.154  1187  1187 W wfdhdcphalservice: libminijail[1187]: logging seccomp filter failures
03-14 10:34:23.155  1160  1160 E ThermalEngine: open/sys/class/thermal/cooling_device15/cur_state failed13
03-14 10:34:23.156     0     0 I ueventd : firmware: loading 'tfa98xx.cnt' for '/devices/platform/soc/890000.i2c/i2c-0/0-0034/firmware/tfa98xx.cnt'
03-14 10:34:23.156  1160  1160 E ThermalEngine: open/sys/class/thermal/cooling_device17/cur_state failed13
03-14 10:34:23.156  1160  1160 E ThermalEngine: open/sys/class/thermal/cooling_device16/cur_state failed13
03-14 10:34:23.157  1160  1160 I ThermalEngine: vdd_rstr_init: Could not read /sys/module/msm_thermal/vdd_restriction/enabled
03-14 10:34:23.157  1189  1189 E MediaCodecsXmlParser: Role video_decoder.mpeg4 has mismatching types: video/mp4v-es and video/mp4v-esdp
03-14 10:34:23.157  1189  1189 I OmxStore: node [OMX.qcom.video.encoder.heic] not found in IOmx
03-14 10:34:23.157  1189  1189 I OmxStore: node [OMX.qcom.video.decoder.avc] not found in IOmx
03-14 10:34:23.157  1189  1189 I OmxStore: node [OMX.qcom.video.decoder.avc.secure] not found in IOmx
03-14 10:34:23.157  1189  1189 I OmxStore: node [OMX.qti.video.decoder.h263sw] not found in IOmx
03-14 10:34:23.157  1189  1189 I OmxStore: node [OMX.qcom.video.decoder.hevc] not found in IOmx
03-14 10:34:23.157  1189  1189 I OmxStore: node [OMX.qcom.video.decoder.hevc.secure] not found in IOmx
03-14 10:34:23.157  1189  1189 I OmxStore: node [OMX.qcom.video.decoder.mpeg2] not found in IOmx
03-14 10:34:23.157  1189  1189 I OmxStore: node [OMX.qcom.video.decoder.mpeg2.secure] not found in IOmx
03-14 10:34:23.157  1189  1189 I OmxStore: node [OMX.qti.video.decoder.mpeg4sw] not found in IOmx
03-14 10:34:23.157  1189  1189 I OmxStore: node [OMX.qti.video.decoder.vc1sw] not found in IOmx
03-14 10:34:23.157  1189  1189 I OmxStore: node [OMX.qcom.video.decoder.vp8] not found in IOmx
03-14 10:34:23.157  1189  1189 I OmxStore: node [OMX.qcom.video.decoder.vp9] not found in IOmx
03-14 10:34:23.157  1189  1189 I OmxStore: node [OMX.qcom.video.decoder.vp9.secure] not found in IOmx
03-14 10:34:23.157  1189  1189 I OmxStore: node [OMX.qcom.video.encoder.avc] not found in IOmx
03-14 10:34:23.157  1189  1189 I OmxStore: node [OMX.qcom.video.encoder.h263sw] not found in IOmx
03-14 10:34:23.157  1189  1189 I OmxStore: node [OMX.qcom.video.encoder.hevc] not found in IOmx
03-14 10:34:23.157  1189  1189 I OmxStore: node [OMX.qcom.video.encoder.hevc.cq] not found in IOmx
03-14 10:34:23.157  1189  1189 I OmxStore: node [OMX.qcom.video.encoder.mpeg4sw] not found in IOmx
03-14 10:34:23.157  1189  1189 I OmxStore: node [OMX.qcom.video.encoder.vp8] not found in IOmx
03-14 10:34:23.159  1187  1187 I HidlServiceManagement: Registered android.hardware.drm@1.3::IDrmFactory/wfdhdcp (start delay of 110ms)
03-14 10:34:23.161  1160  1209 I ThermalEngine: Mitigation:vdd_restriction[ADSP]:0 pending QMI request succeded
03-14 10:34:23.161  1160  1160 E ThermalEngine: Error reading /sys/class/leds/lcd-backlight/max_brightness
03-14 10:34:23.161  1160  1160 E ThermalEngine: open/sys/class/power_supply/battery/system_temp_level failed2
03-14 10:34:23.161  1160  1160 E ThermalEngine: Unable to init battery charging mitigation to 0
03-14 10:34:23.161  1160  1160 I ThermalEngine: sensors_manager_init: Init
03-14 10:34:23.162     0     0 I @4 ueventd: loading /devices/platform/soc/890000.i2c/i2c-0/0-0034/firmware/tfa98xx.cnt took 33ms
03-14 10:34:23.164   931   931 D audio_hw_primary: adev_open: enter
03-14 10:34:23.164     0     0 I @5 tfa98xx_container_loaded(): loaded tfa98xx.cnt - size: 3591
03-14 10:34:23.164     0     0 I @5 tfa98xx_container_loaded(): 3_01
03-14 10:34:23.164     0     0 I @5 tfa98xx_container_loaded(): NXP
03-14 10:34:23.164     0     0 I @5 tfa98xx_container_loaded(): stereo
03-14 10:34:23.164     0     0 I @5 tfa98xx_container_loaded(): 9871N1C
03-14 10:34:23.164     0     0 I @5 tfa98xx_container_loaded(): 2 ndev
03-14 10:34:23.164     0     0 I @5 tfa98xx_container_loaded(): 3 nprof
03-14 10:34:23.166     0     0 I @5 tfa98xx_container_loaded(): tfa98xx_container_loaded: tfa98xx->tfa->dev_idx = 0
03-14 10:34:23.166     0     0 I @5 tfa98xx_container_loaded(): Firmware init complete
03-14 10:34:23.166     0     0 E @5 tfa98xx_create_controls(): tfa98xx_create_controls: enter!
03-14 10:34:23.166     0     0 I @5 tfa98xx_create_controls(): profile added [0]: receiver
03-14 10:34:23.166     0     0 I @5 add_sr_to_profile(): added profile:samplerate = [0:48000] for mixer profile: receiver
03-14 10:34:23.166     0     0 I @5 tfa98xx_create_controls(): profile added [1]: speaker
03-14 10:34:23.166     1     1 I @5 add_sr_to_profile(): added profile:samplerate = [1:48000] for mixer profile: speaker
03-14 10:34:23.175   933   933 W HidlServiceManagement: Waited one second for vendor.oneplus.fingerprint.extension@1.0::IVendorFingerprintExtensions/default
03-14 10:34:23.177  1195  1195 E QCNEA   : Cne Version 4.9
03-14 10:34:23.186  1189  1189 I HidlServiceManagement: Registered android.hardware.media.omx@1.0::IOmxStore/default (start delay of 137ms)
03-14 10:34:23.186  1189  1189 I HidlServiceManagement: Removing namespace from process name android.hardware.media.omx@1.0-service to omx@1.0-service.
03-14 10:34:23.187  1201  1201 I HidlServiceManagement: Registered com.qualcomm.qti.dpm.api@1.0::IdpmQmi/dpmQmiService (start delay of 98ms)
03-14 10:34:23.193   628   628 I hwservicemanager: Since vendor.oneplus.fingerprint.extension@1.0::IVendorFingerprintExtensions/default is not registered, trying to start it as a lazy HAL.
03-14 10:34:23.194   933   933 I HidlServiceManagement: getService: Trying again for vendor.oneplus.fingerprint.extension@1.0::IVendorFingerprintExtensions/default...
03-14 10:34:23.194  1216  1216 E Diag_Lib: qpLogDiagInit <== result : 1
03-14 10:34:23.194  1187  1187 I HidlServiceManagement: Registered android.hardware.drm@1.3::ICryptoFactory/wfdhdcp (start delay of 145ms)
03-14 10:34:23.194  1216  1216 E Diag_Lib: QMID : gIsQXDMDisabled 1, gIsADBDisabled 1, gIsDebugDisabled 1, gIsIMSLogsDisabled 1
03-14 10:34:23.194  1216  1216 E Diag_Lib: [IMS_QMID] |imsqmiserver.c | 541 | QMID#$$#0#QMI DAEMON STARTED
03-14 10:34:23.202  1160  1229 E ThermalEngine: socket creation success
03-14 10:34:23.202  1160  1160 E ThermalEngine: Unable to change to /sys/devices/soc/
03-14 10:34:23.202  1160  1160 E ThermalEngine: bcl_setup: Unexpected node error
03-14 10:34:23.202  1160  1160 E ThermalEngine: add_tgt_sensor: bcl sensor setup failed failed.
03-14 10:34:23.202  1160  1160 E ThermalEngine: add_tgt_sensors_set: Error adding bcl
03-14 10:34:23.202  1160  1160 E ThermalEngine: sensors_init: Error adding BCL TS
03-14 10:34:23.202  1160  1160 E ThermalEngine: pid_init_data: ERROR Uknown device
03-14 10:34:23.202  1160  1160 E ThermalEngine: thermal_monitor_init_data: ERROR Uknown device
03-14 10:34:23.202  1160  1160 E ThermalEngine: speaker_cal_init_data: ERROR Uknown device
03-14 10:34:23.202  1160  1160 E ThermalEngine: ss_init_data: ERROR Uknown device
03-14 10:34:23.202  1160  1160 I ThermalEngine: Loading config file for virtual sensor
03-14 10:34:23.202  1160  1160 I ThermalEngine: Loading configuration file /vendor/etc/thermal-engine.conf
03-14 10:34:23.203  1160  1160 I ThermalEngine: Parsing section global
03-14 10:34:23.203  1160  1160 E ThermalEngine: virtual_sensors_init: Error getting virtual sensors set
03-14 10:34:23.203  1160  1160 I ThermalEngine: Loading configuration file /vendor/etc/thermal-engine.conf
03-14 10:34:23.203  1160  1160 I ThermalEngine: Parsing section global
03-14 10:34:23.203  1160  1160 E ThermalEngine: sensors_manager_reg_clnt: Invalid sensor pop_mem.
03-14 10:34:23.203  1160  1160 E ThermalEngine: pid_algo_init: Sensor clnt create fail pop_mem
03-14 10:34:23.203  1160  1160 E ThermalEngine: sensors_manager_reg_clnt: Invalid sensor cpu3.
03-14 10:34:23.203  1160  1160 E ThermalEngine: pid_algo_init: Sensor clnt create fail cpu3
03-14 10:34:23.203  1160  1160 E ThermalEngine: sensors_manager_reg_clnt: Invalid sensor cpu2.
03-14 10:34:23.203  1160  1160 E ThermalEngine: pid_algo_init: Sensor clnt create fail cpu2
03-14 10:34:23.203  1160  1160 E ThermalEngine: sensors_manager_reg_clnt: Invalid sensor cpu1.
03-14 10:34:23.203  1160  1160 E ThermalEngine: pid_algo_init: Sensor clnt create fail cpu1
03-14 10:34:23.203  1160  1160 E ThermalEngine: sensors_manager_reg_clnt: Invalid sensor cpu0.
03-14 10:34:23.203  1160  1160 E ThermalEngine: pid_algo_init: Sensor clnt create fail cpu0
03-14 10:34:23.203  1160  1160 I ThermalEngine: pid_algo_init: No PID's to be configured.
03-14 10:34:23.203  1160  1160 E ThermalEngine: Failed to setup at least one sensor for monitoring
03-14 10:34:23.203  1160  1160 I ThermalEngine: ss_algo_init: No SS's configured.
03-14 10:34:23.203  1160  1160 E ThermalEngine: No speaker_cal config
03-14 10:34:23.203  1160  1160 E ThermalEngine: open/sys/module/msm_thermal/parameters/enabled failed2
03-14 10:34:23.209  1179  1191 I ServiceManager: Waiting for service 'package_native' on '/dev/binder'...
03-14 10:34:23.212  1160  1278 I ThermalEngine: Monitor : quiet_therm = 27953, msm_therm = 36662, xo_therm = 30404, battery_therm = 263,current_now = 866000 
03-14 10:34:23.215  1266  1266 E adsprpcd: vendor/qcom/proprietary/commonsys-intf/adsprpc/src/adsprpcd.c:30:adsp daemon starting
03-14 10:34:23.216  1227  1227 I imsrcsd : Uce Service HAL  is starting up...
03-14 10:34:23.216  1204  1204 E Diag_Lib: qpLogDiagInit <== result : 1; log_write_mutex is Initialized
03-14 10:34:23.216  1204  1204 E VIMSVT  : VT-Vendor:: enableImsADB 0, log_priority value 240
03-14 10:34:23.217  1204  1204 E Diag_Lib: [IMS_AP_RTP]"RTPService callback Registraton"
03-14 10:34:23.217  1227  1227 I imsrcsd : Uce Service HAL  loading imsrcsbaseimpl
03-14 10:34:23.220  1204  1204 I HidlServiceManagement: Registered vendor.qti.imsrtpservice@2.1::IRTPService/imsrtpservice (start delay of 121ms)
03-14 10:34:23.223  1266  1266 I adsprpcd: remote_handle_open: Successfully opened handle 0x7f for '":;./\attachguestos on domain 0
03-14 10:34:23.223  1274  1274 E adsprpcd: vendor/qcom/proprietary/commonsys-intf/adsprpc/src/adsprpcd.c:30:adsp daemon starting
03-14 10:34:23.225  1274  1274 I adsprpcd: remote_handle_open: Successfully opened handle 0x7f for '":;./\createstaticpd:audiopd on domain 0
03-14 10:34:23.226  1279  1279 E cdsprpcd: vendor/qcom/proprietary/commonsys-intf/adsprpc/src/cdsprpcd.c:29:cdsp daemon starting
03-14 10:34:23.231  1227  1227 I imsrcsd : Starting Service for First Time imsbaseimpl
03-14 10:34:23.232  1227  1227 I HidlServiceManagement: Registered com.qualcomm.qti.uceservice@2.1::IUceService/com.qualcomm.qti.uceservice (start delay of 83ms)
03-14 10:34:23.233  1227  1227 I imsrcsd : ImsRcsBaseImpl CM_IMSCONNECTIONMANAGER_CREATE_CONNECTION Before Registering Service
03-14 10:34:23.233  1279  1279 I cdsprpcd: remote_handle_open: Successfully opened handle 0x7f for '":;./\attachguestos on domain 3
03-14 10:34:23.233  1227  1227 I HidlServiceManagement: Registered com.qualcomm.qti.imscmservice@2.2::IImsCmService/qti.ims.connectionmanagerservice (start delay of 84ms)
03-14 10:34:23.233  1227  1227 I imsrcsd : ImsRcsBaseImpl CM_IMSCONNECTIONMANAGER_CREATE_CONNECTION After Registering Service
03-14 10:34:23.233  1227  1227 E imsrcsd : [IMS_COM] |ImsCom.cpp | 53 | | 1227 |Com Fd: 8
03-14 10:34:23.233  1227  1227 E imsrcsd : [IMS_COM] |ImsCom.cpp | 158 | | 1227 |ImsCom::addComEventHandler(int 8, ComEventCallback 0x7bbb2541b4, void* 0x0, ComCloseCallback 0x0, events 17) EX
03-14 10:34:23.233  1227  1227 E imsrcsd : [IMS_COM] |ImsCom.cpp | 170 | | 1227 |ImsCom::addComEventHandler epoll_ctl returns: 0
03-14 10:34:23.233  1227  1227 E imsrcsd : [IMS_COM] |ImsCom.cpp | 56 | | 1227 |ImsCom is ready. epollFd:7
03-14 10:34:23.233  1227  1227 E imsrcsd : [IMS_COM] |ImsQmiSvc.cpp | 42 | | 1227 |ImsQmiSvc: Xtor 
03-14 10:34:23.233  1227  1227 E imsrcsd : [IMS_COM] |ImsQmiSvc.cpp | 44 | | 1227 |ImsQmiSvc: qmiimssvcfd : 9 
03-14 10:34:23.233  1227  1227 E imsrcsd : [IMS_COM] |ImsCom.cpp | 158 | | 1227 |ImsCom::addComEventHandler(int 9, ComEventCallback 0x7bbb258ff4, void* 0x7ceb3c75b0, ComCloseCallback 0x0, events 1) EX
03-14 10:34:23.233  1227  1227 E imsrcsd : [IMS_COM] |ImsCom.cpp | 170 | | 1227 |ImsCom::addComEventHandler epoll_ctl returns: 0
03-14 10:34:23.234  1163  1163 I cameraserver: ServiceManager: 0xebe40d30
03-14 10:34:23.234  1163  1163 I CameraService: CameraService started (pid=1163)
03-14 10:34:23.234  1163  1163 I CameraService: CameraService process starting
03-14 10:34:23.234  1227  1227 E imsrcsd : [IMS_COM] |ImsQmiSvc.cpp | 115 | | 1227 |ImsQmiSvc: registerForQmiSvcUp 
03-14 10:34:23.234  1227  1227 E imsrcsd : [IMS_COM] |ImsQmiPrivate.cpp | 119 | | 1227 |ImsQmiPrivate Xtor
03-14 10:34:23.234  1227  1227 E imsrcsd : [IMS_COM] |ImsCom.cpp | 158 | | 1227 |ImsCom::addComEventHandler(int 13, ComEventCallback 0x7bbb257220, void* 0x7ceb3c75b0, ComCloseCallback 0x0, events 1) EX
03-14 10:34:23.234  1227  1227 E imsrcsd : [IMS_COM] |ImsCom.cpp | 170 | | 1227 |ImsCom::addComEventHandler epoll_ctl returns: 0
03-14 10:34:23.234  1227  1227 E imsrcsd : [IMS_COM] |ImsQmiPrivate.cpp | 226 | | 1227 |QMI IMS Private listener added 0x7c9b3c1b70
03-14 10:34:23.234  1227  1227 I imsrcsd : ImsCallInfoService - <API SVC> registerServiceImpl: Registering for vendor.qti.ims.callinfo 
03-14 10:34:23.235  1163  1163 W BatteryNotifier: batterystats service unavailable!
03-14 10:34:23.235  1163  1163 W BatteryNotifier: batterystats service unavailable!
03-14 10:34:23.235  1227  1227 I HidlServiceManagement: Registered vendor.qti.ims.callinfo@1.0::IService/default (start delay of 86ms)
03-14 10:34:23.235  1227  1227 I imsrcsd : ImsRcsBaseImpl ImsCallInfo After Registering Service
03-14 10:34:23.236  1182  1182 I ServiceManager: Waiting for service 'package_native' on '/dev/binder'...
03-14 10:34:23.240   931   931 E ConfigParser: initAndParse: Error: 2 (No such file or directory). Using defaults!
03-14 10:34:23.244  1279  1279 I cdsprpcd: fastrpc_perf_init: enabled RPC traces (kernel 0, dsp 0) with frequency 1000
03-14 10:34:23.245  1279  1279 I cdsprpcd: remote_handle_open: Successfully opened handle 0xc04cae30 for adsp_default_listener on domain 3
03-14 10:34:23.245  1279  1279 I cdsprpcd: remote_handle_open: Successfully opened handle 0xc04cad50 for adsp_default_listener on domain 3
03-14 10:34:23.245  1279  1279 I cdsprpcd: remote_handle_open: Successfully opened handle 0x7 for '":;./\geteventfd on domain 3
03-14 10:34:23.245   931   931 I HidlServiceManagement: Registered vendor.qti.hardware.audiohalext@1.0::IAudioHalExt/default (start delay of 1096ms)
03-14 10:34:23.245   931   931 I audio_hw_hidl: Registration complete for vendor.qti.hardware.audiohalext@1.0::IAudioHalExt/default.
03-14 10:34:23.245   931   931 D audio_log_utils: registered, module hal
03-14 10:34:23.246   931   931 D audio_hw_extn: snd_mon_feature_init: Called with feature Enabled
03-14 10:34:23.247   628   628 I hwservicemanager: Since android.hardware.camera.provider@2.4::ICameraProvider/legacy/0 is not registered, trying to start it as a lazy HAL.
03-14 10:34:23.247  1163  1163 E CameraProviderManager: addProviderLocked: Camera provider HAL 'legacy/0' is not actually available
03-14 10:34:23.248   931   931 D audio_hw_extn: snd_mon_feature_init:: ---- Feature SND_MONITOR is Enabled ----
03-14 10:34:23.248   931   931 W audio_hw_extn: :: compr_cap_feature_init: ---- Feature COMPRESS_CAPTURE is disabled ----
03-14 10:34:23.248   931   931 D audio_hw_extn: dsm_feedback_feature_init: Called with feature NOT Enabled
03-14 10:34:23.248   931   931 W audio_hw_extn: :: dsm_feedback_feature_init: ---- Feature DSM_FEEDBACK is disabled ----
03-14 10:34:23.248  1266  1266 I adsprpcd: fastrpc_perf_init: enabled RPC traces (kernel 0, dsp 0) with frequency 1000
03-14 10:34:23.248   931   931 E audio_hw_extn: ssrec_feature_init: dlopen failed
03-14 10:34:23.248   931   931 W audio_hw_extn: :: ssrec_feature_init: ---- Feature SSREC is disabled ----
03-14 10:34:23.248   931   931 D audio_hw_extn: src_trkn_feature_init:: ---- Feature SOURCE_TRACKING is Enabled ----
03-14 10:34:23.248   931   931 D audio_hw_extn: hdmi_edid_feature_init: HDMI_EDID feature Enabled
03-14 10:34:23.248   862   862 I ServiceManager: Waiting for service 'statscompanion' on '/dev/binder'...
03-14 10:34:23.248  1163  1163 I cameraserver: Waiting for activity service
03-14 10:34:23.248  1266  1266 I adsprpcd: remote_handle_open: Successfully opened handle 0xf04d94e0 for adsp_default_listener on domain 0
03-14 10:34:23.249   931   931 D audio_hw_extn: hdmi_edid_feature_init:: ---- Feature HDMI_EDID is Enabled ----
03-14 10:34:23.249   931   931 D audio_hw_extn: :: keep_alive_feature_init: ---- Feature KEEP_ALIVE is ENABLED ----
03-14 10:34:23.249   931   931 D audio_hw_extn: :: hifi_audio_feature_init: ---- Feature HIFI_AUDIO is  NOT ENABLED ----
03-14 10:34:23.249   931   931 D audio_hw_extn: :: ras_feature_init: ---- Feature RAS_FEATURE is ENABLED ----
03-14 10:34:23.249   931   931 D audio_hw_extn: :: kpi_optimize_feature_init: ---- Feature KPI_OPTIMIZE is ENABLED ----
03-14 10:34:23.249   931   931 D audio_hw_extn: usb_offload_feature_init: Called with feature Enabled
03-14 10:34:23.249   931   931 D audio_hw_extn: usb_offload_burst_mode_feature_init: Called with feature Enabled
03-14 10:34:23.249   931   931 D audio_hw_extn: usb_offload_sidetone_volume_feature_init: Called with feature NOT Enabled
03-14 10:34:23.249   931   931 D audio_hw_extn: a2dp_offload_feature_init: Called with feature Enabled
03-14 10:34:23.249   628   628 I hwservicemanager: getTransport: Cannot find entry vendor.qti.hardware.data.latency@1.0::ILinkLatency/default in either framework or device manifest.
03-14 10:34:23.249  1266  1266 I adsprpcd: remote_handle_open: Successfully opened handle 0xf04d93c0 for adsp_default_listener on domain 0
03-14 10:34:23.249  1195  1195 E HidlServiceManagement: Service vendor.qti.hardware.data.latency@1.0::ILinkLatency/default must be in VINTF manifest in order to register/get.
03-14 10:34:23.250  1266  1266 I adsprpcd: remote_handle_open: Successfully opened handle 0x7 for '":;./\geteventfd on domain 0
03-14 10:34:23.252  1195  1195 I HidlServiceManagement: Registered vendor.qti.data.factory@2.0::IFactory/default (start delay of 192ms)
03-14 10:34:23.252   931   931 D audio_hw_extn: a2dp_offload_feature_init:: ---- Feature A2DP_OFFLOAD is Enabled ----
03-14 10:34:23.252   931   931 D audio_hw_extn: :: vbat_feature_init: ---- Feature VBAT is ENABLED ----
03-14 10:34:23.252   931   931 D audio_hw_extn: :: display_port_feature_init: ---- Feature DISPLAY_PORT is ENABLED ----
03-14 10:34:23.252   931   931 D audio_hw_extn: :: fluence_feature_init: ---- Feature FLUENCE is ENABLED ----
03-14 10:34:23.252   931   931 D audio_hw_extn: :: custom_stereo_feature_init: ---- Feature CUSTOM_STEREO is ENABLED ----
03-14 10:34:23.252   931   931 D audio_hw_extn: :: anc_headset_feature_init: ---- Feature ANC_HEADSET is ENABLED----
03-14 10:34:23.252   931   931 D audio_hw_extn: spkr_prot_feature_init: Called with feature NOT Enabled, is_running_with_enhanced_fwk 1
03-14 10:34:23.253   931   931 W audio_hw_extn: :: spkr_prot_feature_init: ---- Feature SPKR_PROT is disabled ----
03-14 10:34:23.253   931   931 D audio_hw_extn: fm_feature_init: ---- Feature FM_POWER_OPT is ENABLED----
03-14 10:34:23.253   931   931 D audio_hw_extn: external_qdsp_feature_init: Called with feature NOT Enabled
03-14 10:34:23.253   931   931 W audio_hw_extn: :: external_qdsp_feature_init: ---- Feature EXTERNAL_QDSP is disabled ----
03-14 10:34:23.253   931   931 D audio_hw_extn: external_speaker_feature_init: Called with feature NOT Enabled
03-14 10:34:23.253   931   931 W audio_hw_extn: :: external_speaker_feature_init: ---- Feature EXTERNAL_SPKR is disabled ----
03-14 10:34:23.253  1178  1178 E MediaExtractorFactory: couldn't opendir(/system/lib64/extractors)
03-14 10:34:23.253   931   931 D audio_hw_extn: external_speaker_tfa_feature_init: Called with feature NOT Enabled
03-14 10:34:23.253   931   931 W audio_hw_extn: :: external_speaker_tfa_feature_init: ---- Feature EXTERNAL_SPKR_TFA is disabled ----
03-14 10:34:23.253   931   931 D audio_hw_extn: hwdep_cal_feature_init: Called with feature NOT Enabled
03-14 10:34:23.253   931   931 W audio_hw_extn: :: hwdep_cal_feature_init: ---- Feature HWDEP_CAL is disabled ----
03-14 10:34:23.253   931   931 D audio_hw_extn: hfp_feature_init: Called with feature Enabled
03-14 10:34:23.253  1175  1175 I ServiceManager: Waiting for service 'package_native' on '/dev/binder'...
03-14 10:34:23.254   931   931 D audio_hw_extn: hfp_feature_init:: ---- Feature HFP is Enabled ----
03-14 10:34:23.254   931   931 D audio_hw_extn: ext_hw_plugin_feature_init: Called with feature Enabled
03-14 10:34:23.255   931   931 D audio_hw_extn: ext_hw_plugin_feature_init:: ---- Feature EXT_HW_PLUGIN is Enabled ----
03-14 10:34:23.255   931   931 D audio_hw_extn: record_play_concurency_feature_init: ---- Feature RECORD_PLAY_CONCURRENCY is NOT ENABLED----
03-14 10:34:23.255   931   931 D audio_hw_extn: hdmi_passthrough_feature_init: Called with feature Enabled
03-14 10:34:23.258     0     0 I         : @4 subsys-pil-tz soc:qcom,kgsl-hyp: a640_zap: loading from 0x00000000f2c00000 to 0x00000000f2c01000
03-14 10:34:23.259   628  1268 W libc    : Unable to set property "ctl.interface_start" to "vendor.oneplus.fingerprint.extension@1.0::IVendorFingerprintExtensions/default": error code: 0x20
03-14 10:34:23.259   931   931 E audio_hw_extn: hdmi_passthrough_feature_init: dlsym failed
03-14 10:34:23.260   931   931 W audio_hw_extn: :: hdmi_passthrough_feature_init: ---- Feature HDMI_PASSTHROUGH is disabled ----
03-14 10:34:23.260   931   931 D audio_hw_extn: concurrent_capture_feature_init: ---- Feature CONCURRENT_CAPTURE is ENABLED----
03-14 10:34:23.260   931   931 D audio_hw_extn: compress_in_feature_init: ---- Feature COMPRESS_IN is ENABLED----
03-14 10:34:23.262   864   864 W Zygote  : Class not found for preloading: android.telephony.ims.stub.-$$Lambda$ImsRegistrationImplBase$wwtkoeOtGwMjG5I0-ZTfjNpGU-s
03-14 10:34:23.265  1286  1286 W wfdvnd-service: Setup minijail
03-14 10:34:23.268     0     0 I @5 tfa98xx_container_loaded(): loaded tfa98xx.cnt - size: 3591
03-14 10:34:23.268     0     0 I @5 tfa98xx_container_loaded(): container file already loaded...
03-14 10:34:23.268  1286  1286 W wfdvndservice: libminijail[1286]: failed to get path of fd 5: No such file or directory
03-14 10:34:23.268  1286  1286 W wfdvndservice: libminijail[1286]: allowing syscall: clock_gettime
03-14 10:34:23.268  1286  1286 W wfdvndservice: libminijail[1286]: allowing syscall: connect
03-14 10:34:23.268  1286  1286 W wfdvndservice: libminijail[1286]: allowing syscall: fcntl64
03-14 10:34:23.268  1286  1286 W wfdvndservice: libminijail[1286]: allowing syscall: socket
03-14 10:34:23.268  1286  1286 W wfdvndservice: libminijail[1286]: allowing syscall: writev
03-14 10:34:23.268     0     0 I @5 tfa98xx_container_loaded(): tfa98xx_container_loaded: tfa98xx->tfa->dev_idx = 1
03-14 10:34:23.268     0     0 I @5 tfa98xx_container_loaded(): Firmware init complete
03-14 10:34:23.268   931   931 D audio_hw_extn: battery_listener_feature_init: ---- Feature BATTERY_LISTENER is enabled ----
03-14 10:34:23.268   931   931 D audio_hw_extn: maxx_audio_feature_init: Called with feature NOT Enabled
03-14 10:34:23.268   931   931 W audio_hw_extn: :: maxx_audio_feature_init: ---- Feature MAXX_AUDIO is disabled ----
03-14 10:34:23.268   931   931 D audio_hw_extn: audiozoom_feature_init: Called with feature NOT Enabled
03-14 10:34:23.268   931   931 W audio_hw_extn: :: audiozoom_feature_init: ---- Feature AUDIOZOOM is disabled ----
03-14 10:34:23.268   931   931 D voice_extn: :: dynamic_ecns_feature_init: ---- Feature DYNAMIC_ECNS is ENABLED ----
03-14 10:34:23.270  1197  1197 E wifidisplayhal-service: Setup minijail
03-14 10:34:23.271  1197  1197 W wifidisplayhalservice: libminijail[1197]: failed to get path of fd 5: No such file or directory
03-14 10:34:23.271  1197  1197 W wifidisplayhalservice: libminijail[1197]: allowing syscall: clock_gettime
03-14 10:34:23.271  1197  1197 W wifidisplayhalservice: libminijail[1197]: allowing syscall: connect
03-14 10:34:23.271  1197  1197 W wifidisplayhalservice: libminijail[1197]: