03-13 21:13:08.934  1500  1543 I PackageWatchdog: Updated health check state for package android: PASSED -> PASSED
03-13 21:13:08.935  1500  1543 I PackageWatchdog: Updated health check state for package com.android.launcher3: PASSED -> PASSED
03-13 21:13:08.935  1500  1543 I PackageWatchdog: Updated health check state for package com.google.android.as: PASSED -> PASSED
03-13 21:13:08.935  1500  1543 I PackageWatchdog: Updated health check state for package com.google.android.networkstack: PASSED -> PASSED
03-13 21:13:08.935  1500  1543 I PackageWatchdog: Updated health check state for package com.android.systemui: PASSED -> PASSED
03-13 21:13:08.935  1500  1543 I PackageWatchdog: Scheduling next state sync in 172797609ms
03-13 21:13:08.935  1500  1543 I PackageWatchdog: Saving observer state to file
03-13 21:13:08.946     0     0 I         : [20210313_21:13:08.940263]@6 [oneplus_motor]  m1120_down_get_real_data : value : -15
03-13 21:13:08.946     0     0 I [oneplus_motor]  m1120_down_get_abs_data: value : 15
03-13 21:13:08.946     0     0 I [oneplus_motor]  m1120_up_get_real_data: value : -223
03-13 21:13:08.946     0     0 I [oneplus_motor]  m1120_up_get_abs_data: value : 223
03-13 21:13:08.946     0     0 I [oneplus_motor]  camera_position_detect_work: dhall_down data : 15, dhall_up data : 223 , hall_delta : -208, delta_d : 29
03-13 21:13:08.946     0     0 I         : [20210313_21:13:08.940532]@6 [oneplus_motor]  camera_position_detect_work : distance_time : 164177, current_time.tv_sec : 1615650188, current_time.tv_usec : 940530
03-13 21:13:08.946     0     0 I [oneplus_motor]  camera_position_detect_work: should_stop_count : 0, is_stall : 0, up_stop_times : 2, down_stop_times : 1
03-13 21:13:08.946     0     0 I [oneplus_motor]  camera_position_detect_work: hall_down_data_pre : 14, hall_down_data : 15
03-13 21:13:08.941  1500  1500 D PackageWatchdog: Getting all observed packages pending health checks
03-13 21:13:08.941  1500  1500 I PackageWatchdog: Syncing health check requests for packages: {}
03-13 21:13:08.941  1500  1500 I ExplicitHealthCheckController: Service not ready to get health check supported packages. Binding...
03-13 21:13:08.950  1500  1500 I ExplicitHealthCheckController: Explicit health check service is bound
03-13 21:13:08.959     0     0 E [20210313_21:13:08.954535]@3 [ELUS]: process_diagnostics_msg() size:460
03-13 21:13:08.959     0     0 I         : [20210313_21:13:08.955785]@6 [oneplus_motor]  m1120_down_get_real_data : value : -18
03-13 21:13:08.959     0     0 I [oneplus_motor]  m1120_down_get_abs_data: value : 18
03-13 21:13:08.959     0     0 I [oneplus_motor]  m1120_up_get_real_data: value : -207
03-13 21:13:08.959     0     0 I [oneplus_motor]  m1120_up_get_abs_data: value : 207
03-13 21:13:08.959     0     0 I [oneplus_motor]  camera_position_detect_work: dhall_down data : 18, dhall_up data : 207 , hall_delta : -189, delta_d : 19
03-13 21:13:08.959     0     0 I         : [20210313_21:13:08.956070]@6 [oneplus_motor]  camera_position_detect_work : distance_time : 179716, current_time.tv_sec : 1615650188, current_time.tv_usec : 956069
03-13 21:13:08.959     0     0 I [oneplus_motor]  camera_position_detect_work: should_stop_count : 0, is_stall : 0, up_stop_times : 2, down_stop_times : 1
03-13 21:13:08.959     0     0 I [oneplus_motor]  camera_position_detect_work: hall_down_data_pre : 15, hall_down_data : 18
03-13 21:13:08.959     0     0 E [20210313_21:13:08.956291]@5 [ELUS]: (elliptic_ultrasound_rx_port_set) : ultrasound_rx_port: enable=0 ret=0
03-13 21:13:08.971     0     0 I         : [20210313_21:13:08.971412]@6 [oneplus_motor]  m1120_down_get_real_data : value : -20
03-13 21:13:08.971     0     0 I [oneplus_motor]  m1120_down_get_abs_data: value : 20
03-13 21:13:08.971     0     0 I [oneplus_motor]  m1120_up_get_real_data: value : -193
03-13 21:13:08.971     0     0 I [oneplus_motor]  m1120_up_get_abs_data: value : 193
03-13 21:13:08.971     0     0 I [oneplus_motor]  camera_position_detect_work: dhall_down data : 20, dhall_up data : 193 , hall_delta : -173, delta_d : 16
03-13 21:13:08.971     0     0 I         : [20210313_21:13:08.971748]@6 [oneplus_motor]  camera_position_detect_work : distance_time : 195394, current_time.tv_sec : 1615650188, current_time.tv_usec : 971747
03-13 21:13:08.971     0     0 I [oneplus_motor]  camera_position_detect_work: should_stop_count : 0, is_stall : 0, up_stop_times : 2, down_stop_times : 1
03-13 21:13:08.971     0     0 I [oneplus_motor]  camera_position_detect_work: hall_down_data_pre : 18, hall_down_data : 20
03-13 21:13:08.983     0     0 I         : [20210313_21:13:08.982751]@2 wcd-slim tavil-slim-pgd: wcd9xxx_irq_thread: reg 0x411: 0x01 0x00 0x00 0x00
03-13 21:13:08.992     0     0 I         : [20210313_21:13:08.987010]@6 [oneplus_motor]  m1120_down_get_real_data : value : -20
03-13 21:13:08.992     0     0 I [oneplus_motor]  m1120_down_get_abs_data: value : 20
03-13 21:13:08.992     0     0 I [oneplus_motor]  m1120_up_get_real_data: value : -177
03-13 21:13:08.992     0     0 I [oneplus_motor]  m1120_up_get_abs_data: value : 177
03-13 21:13:08.992     0     0 I [oneplus_motor]  camera_position_detect_work: dhall_down data : 20, dhall_up data : 177 , hall_delta : -157, delta_d : 16
03-13 21:13:08.992     0     0 I         : [20210313_21:13:08.987264]@6 [oneplus_motor]  camera_position_detect_work : distance_time : 210910, current_time.tv_sec : 1615650188, current_time.tv_usec : 987263
03-13 21:13:08.992     0     0 I [oneplus_motor]  camera_position_detect_work: should_stop_count : 0, is_stall : 0, up_stop_times : 2, down_stop_times : 1
03-13 21:13:08.992     0     0 I [oneplus_motor]  camera_position_detect_work: hall_down_data_pre : 20, hall_down_data : 20
03-13 21:13:09.001     0     0 I         : [20210313_21:13:08.998714]@2 tfa98xx 0-0034: tfa98xx_mute: state: 1
03-13 21:13:09.001     0     0 E [20210313_21:13:08.998728]@2 tfa98xx_mute(): tfa98xx_mute: pstream = 0
03-13 21:13:09.001     0     0 E         : [20210313_21:13:09.000859]@7 tfa98xx 0-0034: [00h:0x18],[10h:0x16],[11h:0xe2c0],[13h:0x850f],[14h:0xc8],[6eh:0x4],
03-13 21:13:09.001     0     0 E [20210313_21:13:09.000867]@7 tfa98xx_mute(): tfa98xx_mute: tfa98xx->dsp_fw_state = 3
03-13 21:13:09.002     0     0 I         : [20210313_21:13:09.000870]@7 tfa98xx_powerdown
03-13 21:13:09.006     0     0 I         : [20210313_21:13:09.003597]@6 [oneplus_motor]  m1120_down_get_real_data : value : -22
03-13 21:13:09.006     0     0 I [oneplus_motor]  m1120_down_get_abs_data: value : 22
03-13 21:13:09.006     0     0 I [oneplus_motor]  m1120_up_get_real_data: value : -149
03-13 21:13:09.006     0     0 I [oneplus_motor]  m1120_up_get_abs_data: value : 149
03-13 21:13:09.006     0     0 I [oneplus_motor]  camera_position_detect_work: dhall_down data : 22, dhall_up data : 149 , hall_delta : -127, delta_d : 30
03-13 21:13:09.006     0     0 I         : [20210313_21:13:09.004643]@6 [oneplus_motor]  camera_position_detect_work : distance_time : 228289, current_time.tv_sec : 1615650189, current_time.tv_usec : 4642
03-13 21:13:09.006     0     0 I [oneplus_motor]  camera_position_detect_work: should_stop_count : 0, is_stall : 0, up_stop_times : 2, down_stop_times : 1
03-13 21:13:09.006     0     0 I [oneplus_motor]  camera_position_detect_work: hall_down_data_pre : 20, hall_down_data : 22
03-13 21:13:09.007     0     0 D         : [20210313_21:13:09.004796]@1 tfa stop: already in PowerDown
03-13 21:13:09.007     0     0 I         : [20210313_21:13:09.004812]@1 tfa98xx 0-0035: tfa98xx_mute: state: 1
03-13 21:13:09.007     0     0 E [20210313_21:13:09.004819]@1 tfa98xx_mute(): tfa98xx_mute: pstream = 0
03-13 21:13:09.010     0     0 E         : [20210313_21:13:09.008219]@3 tfa98xx 0-0035: [00h:0x18],[10h:0x16],[11h:0xe2c0],[13h:0x850f],[14h:0xc8],[6eh:0x4],
03-13 21:13:09.010     0     0 E [20210313_21:13:09.008236]@3 tfa98xx_mute(): tfa98xx_mute: tfa98xx->dsp_fw_state = 3
03-13 21:13:09.010     0     0 I         : [20210313_21:13:09.008242]@3 tfa98xx_powerdown
03-13 21:13:09.010     0     0 D         : [20210313_21:13:09.009743]@1 tfa stop: already in PowerDown
03-13 21:13:09.016  1500  1500 I ExplicitHealthCheckController: Explicit health check service is connected ComponentInfo{com.google.android.ext.services/android.ext.services.watchdog.ExplicitHealthCheckServiceImpl}
03-13 21:13:09.017  1500  1500 I ExplicitHealthCheckController: Service initialized, syncing requests
03-13 21:13:09.023     0     0 I         : [20210313_21:13:09.019901]@6 [oneplus_motor]  m1120_down_get_real_data : value : -25
03-13 21:13:09.023     0     0 I [oneplus_motor]  m1120_down_get_abs_data: value : 25
03-13 21:13:09.023     0     0 I [oneplus_motor]  m1120_up_get_real_data: value : -136
03-13 21:13:09.023     0     0 I [oneplus_motor]  m1120_up_get_abs_data: value : 136
03-13 21:13:09.023     0     0 I [oneplus_motor]  camera_position_detect_work: dhall_down data : 25, dhall_up data : 136 , hall_delta : -111, delta_d : 16
03-13 21:13:09.023     0     0 I         : [20210313_21:13:09.020651]@6 [oneplus_motor]  camera_position_detect_work : distance_time : 244297, current_time.tv_sec : 1615650189, current_time.tv_usec : 20650
03-13 21:13:09.023     0     0 I [oneplus_motor]  camera_position_detect_work: should_stop_count : 0, is_stall : 0, up_stop_times : 2, down_stop_times : 1
03-13 21:13:09.023     0     0 I [oneplus_motor]  camera_position_detect_work: hall_down_data_pre : 22, hall_down_data : 25
03-13 21:13:09.024  1500  1500 D PackageWatchdog: Getting all observed packages pending health checks
03-13 21:13:09.024  1500  1500 I PackageWatchdog: Syncing health check requests for packages: {}
03-13 21:13:09.024  1500  1500 D ExplicitHealthCheckController: Getting health check supported packages
03-13 21:13:09.027  1500  2882 I ExplicitHealthCheckController: Explicit health check supported packages [PackageConfig{com.google.android.networkstack, 86400000}]
03-13 21:13:09.035     0     0 I [20210313_21:13:09.032577]@4 share_ioctl: send ack 1
03-13 21:13:09.035     0     0 I [20210313_21:13:09.032596]@4 sensor_poll: exit mask is 0x0
03-13 21:13:09.037     0     0 I         : [20210313_21:13:09.036199]@6 [oneplus_motor]  m1120_down_get_real_data : value : -28
03-13 21:13:09.037     0     0 I [oneplus_motor]  m1120_down_get_abs_data: value : 28
03-13 21:13:09.037     0     0 I tfa98xx_hw_params(): Requested rate: 48000, sample size: 24, physical size: 32
03-13 21:13:09.037     0     0 I [20210313_21:13:09.036452]@2 tfa98xx_hw_params(): mixer profile:container profile = [1:1]
03-13 21:13:09.037     0     0 I [20210313_21:13:09.036459]@2 tfa98xx_hw_params(): Requested rate: 48000, sample size: 24, physical size: 32
03-13 21:13:09.037     0     0 I [20210313_21:13:09.036465]@2 tfa98xx_hw_params(): mixer profile:container profile = [1:1]
03-13 21:13:09.037     0     0 I         : [20210313_21:13:09.037509]@6 [oneplus_motor]  m1120_up_get_real_data : value : -124
03-13 21:13:09.037     0     0 I [oneplus_motor]  m1120_up_get_abs_data: value : 124
03-13 21:13:09.037     0     0 I [oneplus_motor]  camera_position_detect_work: dhall_down data : 28, dhall_up data : 124 , hall_delta : -96, delta_d : 15
03-13 21:13:09.037     0     0 I         : [20210313_21:13:09.037520]@6 [oneplus_motor]  camera_position_detect_work : distance_time : 261166, current_time.tv_sec : 1615650189, current_time.tv_usec : 37519
03-13 21:13:09.037     0     0 I [oneplus_motor]  camera_position_detect_work: should_stop_count : 0, is_stall : 0, up_stop_times : 2, down_stop_times : 1
03-13 21:13:09.037     0     0 I [oneplus_motor]  camera_position_detect_work: hall_down_data_pre : 25, hall_down_data : 28
03-13 21:13:09.033  1500  2882 D PackageWatchdog: Received supported packages [PackageConfig{com.google.android.networkstack, 86400000}]
03-13 21:13:09.033  1500  2882 I PackageWatchdog: Updated health check state for package com.google.android.ext.services: PASSED -> PASSED
03-13 21:13:09.033  1500  2882 I PackageWatchdog: Updated health check state for package android: PASSED -> PASSED
03-13 21:13:09.033  1500  2882 I PackageWatchdog: Updated health check state for package com.android.launcher3: PASSED -> PASSED
03-13 21:13:09.033  1500  2882 I PackageWatchdog: Updated health check state for package com.google.android.as: PASSED -> PASSED
03-13 21:13:09.033  1500  2882 I PackageWatchdog: Updated health check state for package com.google.android.networkstack: PASSED -> PASSED
03-13 21:13:09.033  1500  2882 I PackageWatchdog: Updated health check state for package com.android.systemui: PASSED -> PASSED
03-13 21:13:09.033  1500  2882 D ExplicitHealthCheckController: Getting health check requested packages
03-13 21:13:09.037  1500  4118 I ExplicitHealthCheckController: Explicit health check requested packages []
03-13 21:13:09.037  1500  4118 I ExplicitHealthCheckController: No more health check requests, unbinding...
03-13 21:13:09.039  1500  4118 I ExplicitHealthCheckController: Explicit health check service is unbound
03-13 21:13:09.048     0     0 I         : [20210313_21:13:09.047069]@2 tfa98xx 0-0034: tfa98xx_mute: state: 0
03-13 21:13:09.048     0     0 I         : [20210313_21:13:09.047089]@2 tfa98xx 0-0035: tfa98xx_mute: state: 0
03-13 21:13:09.053     0     0 I         : [20210313_21:13:09.052773]@6 [oneplus_motor]  m1120_down_get_real_data : value : -29
03-13 21:13:09.053     0     0 I [oneplus_motor]  m1120_down_get_abs_data: value : 29
03-13 21:13:09.053     0     0 I [oneplus_motor]  m1120_up_get_real_data: value : -103
03-13 21:13:09.053     0     0 I [oneplus_motor]  m1120_up_get_abs_data: value : 103
03-13 21:13:09.053     0     0 I [oneplus_motor]  camera_position_detect_work: dhall_down data : 29, dhall_up data : 103 , hall_delta : -74, delta_d : 22
03-13 21:13:09.053     0     0 I         : [20210313_21:13:09.053021]@6 [oneplus_motor]  camera_position_detect_work : distance_time : 276667, current_time.tv_sec : 1615650189, current_time.tv_usec : 53020
03-13 21:13:09.053     0     0 I [oneplus_motor]  camera_position_detect_work: should_stop_count : 0, is_stall : 0, up_stop_times : 2, down_stop_times : 1
03-13 21:13:09.053     0     0 I [oneplus_motor]  camera_position_detect_work: hall_down_data_pre : 28, hall_down_data : 29
03-13 21:13:09.053     0     0 I [20210313_21:13:09.053149]@2 audio_write: audio_data.state is 0x1
03-13 21:13:09.053     0     0 I [20210313_21:13:09.053320]@4 audio_poll: exit mask is 0x41
03-13 21:13:09.053     0     0 I [20210313_21:13:09.053396]@4 audio_poll: exit mask is 0x0
03-13 21:13:09.056     0     0 I [20210313_21:13:09.054152]@2 tfa98xx_hw_params(): Requested rate: 48000, sample size: 24, physical size: 32
03-13 21:13:09.063  1500  2100 D ConnectivityService: [104 WIFI] validation passed
03-13 21:13:09.063  1500  2100 D ConnectivityService: NetReassign [35 : 102  104, 31 : 102  104, 47 : 102  104, 1 : 102  104, 10 : 102  104, 52 : 102  104, 46 : 102  104, 9 : 102  104, 14 : 102  104, 49 : 102  104, 28 : 102  104, 26 : 102  104, 20 : 102  104, 42 : 102  104, 39 : 102  104, 15 : 102  104, 54 : 102  104, 50 : 102  104, 44 : 102  104, 36 : 102  104, 41 : 102  104, 12 : 102  104, 32 : 102  104]
03-13 21:13:09.065   865   907 E NetlinkEvent: NetlinkEvent::FindParam(): Parameter 'INTERFACE' not found
03-13 21:13:09.065   865   907 E NetlinkEvent: NetlinkEvent::FindParam(): Parameter 'STATE' not found
03-13 21:13:09.065   865   907 E NetlinkEvent: NetlinkEvent::FindParam(): Parameter 'TIME_NS' not found
03-13 21:13:09.065   865   907 E NetlinkEvent: NetlinkEvent::FindParam(): Parameter 'UID' not found
03-13 21:13:09.068  1500  2100 D ConnectivityService: Switching to new default network: NetworkAgentInfo{ ni{[type: WIFI[], state: CONNECTED/CONNECTED, reason: (unspecified), extra: , failover: false, available: true, roaming: false]}  network{104}  nethandle{450082295821}  lp{{InterfaceName: wlan0 LinkAddresses: [ fe80::5061:17ff:fe71:89f6/64,192.168.1.2/24 ] DnsAddresses: [ /192.168.1.1 ] Domains: null MTU: 0 ServerAddress: /192.168.1.1 TcpBufferSizes: 524288,2097152,8388608,262144,524288,4194304 Routes: [ fe80::/64 -> :: wlan0 mtu 0,192.168.1.0/24 -> 0.0.0.0 wlan0 mtu 0,0.0.0.0/0 -> 192.168.1.1 wlan0 mtu 0 ]}}  nc{[ Transports: WIFI Capabilities: NOT_METERED&INTERNET&NOT_RESTRICTED&TRUSTED&NOT_VPN&VALIDATED&NOT_ROAMING&FOREGROUND&NOT_CONGESTED&NOT_SUSPENDED LinkUpBandwidth>=604000Kbps LinkDnBandwidth>=604000Kbps SignalStrength: -56 OwnerUid: 10198 SSID: "Bhangu 5G" RequestorUid: -1 RequestorPackageName: null]}  Score{60}  everValidated{true}  lastValidated{true}  created{true} lingering{false} explicitlySelected{false} acceptUnvalidated{false} everCaptivePortalDetected{false} lastCaptivePortalDetected{false} partialConnectivity{false} acceptPartialConnectivity{false} clat{mBaseIface: null, mIface: null, mState: IDLE} }
03-13 21:13:09.061     0     0 I [20210313_21:13:09.054162]@2 tfa98xx_hw_params(): mixer profile:container profile = [1:1]
03-13 21:13:09.079     0     0 I [20210313_21:13:09.054169]@2 tfa98xx_hw_params(): Requested rate: 48000, sample size: 24, physical size: 32
03-13 21:13:09.079     0     0 I [20210313_21:13:09.054174]@2 tfa98xx_hw_params(): mixer profile:container profile = [1:1]
03-13 21:13:09.079     0     0 I         : [20210313_21:13:09.063512]@2 tfa98xx 0-0034: tfa98xx_mute: state: 0
03-13 21:13:09.079     0     0 E         : [20210313_21:13:09.064009]@2 tfa98xx 0-0034: tfa98xx_adsp_send_calib_values: cal value 0x6c4dd
03-13 21:13:09.079     0     0 I         : [20210313_21:13:09.064252]@2 tfa98xx 0-0034: tfa98xx_tfa_start enter
03-13 21:13:09.079     0     0 I         : [20210313_21:13:09.064258]@2 tfa_dev_start enter
03-13 21:13:09.079     0     0 I         : [20210313_21:13:09.064496]@2 Slave 0x34, Active_profile:speaker, next_profile:speaker
03-13 21:13:09.079     0     0 D         : [20210313_21:13:09.064713]@2 Startup of device [P] is a warmstart
03-13 21:13:09.079     0     0 I         : [20210313_21:13:09.068088]@2 tfa98xx 0-0034: tfa_dev_start success (0)
03-13 21:13:09.079     0     0 I         : [20210313_21:13:09.068402]@6 [oneplus_motor]  m1120_down_get_real_data : value : -34
03-13 21:13:09.079     0     0 I [oneplus_motor]  m1120_down_get_abs_data: value : 34
03-13 21:13:09.079     0     0 I [oneplus_motor]  m1120_up_get_real_data: value : -94
03-13 21:13:09.079     0     0 I [oneplus_motor]  m1120_up_get_abs_data: value : 94
03-13 21:13:09.079     0     0 I [oneplus_motor]  camera_position_detect_work: dhall_down data : 34, dhall_up data : 94 , hall_delta : -60, delta_d : 14
03-13 21:13:09.079     0     0 I         : [20210313_21:13:09.068655]@6 [oneplus_motor]  camera_position_detect_work : distance_time : 292301, current_time.tv_sec : 1615650189, current_time.tv_usec : 68654
03-13 21:13:09.079     0     0 I [oneplus_motor]  camera_position_detect_work: should_stop_count : 0, is_stall : 0, up_stop_times : 2, down_stop_times : 1
03-13 21:13:09.079     0     0 I [oneplus_motor]  camera_position_detect_work: hall_down_data_pre : 29, hall_down_data : 34
03-13 21:13:09.079     0     0 E         : [20210313_21:13:09.069515]@2 tfa98xx 0-0034: [00h:0x18],[10h:0x16],[11h:0x8040],[13h:0x50f],[14h:0x20],[6eh:0x6],
03-13 21:13:09.079     0     0 I         : [20210313_21:13:09.069528]@2 tfa98xx 0-0035: tfa98xx_mute: state: 0
03-13 21:13:09.079     0     0 E         : [20210313_21:13:09.070328]@2 tfa98xx 0-0035: tfa98xx_adsp_send_calib_values: cal value 0x6b958
03-13 21:13:09.079     0     0 I         : [20210313_21:13:09.070339]@2 tfa98xx 0-0035: tfa98xx_tfa_start enter
03-13 21:13:09.079     0     0 I         : [20210313_21:13:09.070344]@2 tfa_dev_start enter
03-13 21:13:09.079     0     0 I         : [20210313_21:13:09.070585]@2 Slave 0x35, Active_profile:speaker, next_profile:speaker
03-13 21:13:09.079     0     0 D         : [20210313_21:13:09.070808]@2 Startup of device [Q] is a warmstart
03-13 21:13:09.079     0     0 I [20210313_21:13:09.070944]@2 init: processing action (sys.sysctl.tcp_def_init_rwnd=*) from (/system/etc/init/hw/init.rc:1028)
03-13 21:13:09.079     0     0 I         : [20210313_21:13:09.073995]@2 tfa98xx 0-0035: tfa_dev_start success (0)
03-13 21:13:09.080     0     0 E         : [20210313_21:13:09.075898]@2 tfa98xx 0-0035: [00h:0x18],[10h:0x16],[11h:0x8040],[13h:0x50f],[14h:0x28],[6eh:0x6],
03-13 21:13:09.108     0     0 I         : [20210313_21:13:09.085336]@6 [oneplus_motor]  m1120_down_get_real_data : value : -37
03-13 21:13:09.108     0     0 I [oneplus_motor]  m1120_down_get_abs_data: value : 37
03-13 21:13:09.108     0     0 I [oneplus_motor]  m1120_up_get_real_data: value : -85
03-13 21:13:09.108     0     0 I [oneplus_motor]  m1120_up_get_abs_data: value : 85
03-13 21:13:09.108     0     0 I [oneplus_motor]  camera_position_detect_work: dhall_down data : 37, dhall_up data : 85 , hall_delta : -48, delta_d : 12
03-13 21:13:09.108     0     0 I         : [20210313_21:13:09.086611]@6 [oneplus_motor]  camera_position_detect_work : distance_time : 310256, current_time.tv_sec : 1615650189, current_time.tv_usec : 86609
03-13 21:13:09.108     0     0 I [oneplus_motor]  camera_position_detect_work: should_stop_count : 0, is_stall : 0, up_stop_times : 2, down_stop_times : 1
03-13 21:13:09.108     0     0 I [oneplus_motor]  camera_position_detect_work: hall_down_data_pre : 34, hall_down_data : 37
03-13 21:13:09.108     0     0 I         : [20210313_21:13:09.101995]@6 [oneplus_motor]  m1120_down_get_real_data : value : -40
03-13 21:13:09.108     0     0 I [oneplus_motor]  m1120_down_get_abs_data: value : 40
03-13 21:13:09.108     0     0 I [oneplus_motor]  m1120_up_get_real_data: value : -77
03-13 21:13:09.108     0     0 I [oneplus_motor]  m1120_up_get_abs_data: value : 77
03-13 21:13:09.109     0     0 I [oneplus_motor]  camera_position_detect_work: dhall_down data : 40, dhall_up data : 77 , hall_delta : -37, delta_d : 11
03-13 21:13:09.109     0     0 I         : [20210313_21:13:09.102398]@6 [oneplus_motor]  camera_position_detect_work : distance_time : 326044, current_time.tv_sec : 1615650189, current_time.tv_usec : 102397
03-13 21:13:09.109     0     0 I [oneplus_motor]  camera_position_detect_work: should_stop_count : 0, is_stall : 0, up_stop_times : 2, down_stop_times : 1
03-13 21:13:09.109     0     0 I [oneplus_motor]  camera_position_detect_work: hall_down_data_pre : 37, hall_down_data : 40
03-13 21:13:09.133     0     0 I         : [20210313_21:13:09.117716]@6 [oneplus_motor]  m1120_down_get_real_data : value : -48
03-13 21:13:09.133     0     0 I [oneplus_motor]  m1120_down_get_abs_data: value : 48
03-13 21:13:09.133     0     0 I [oneplus_motor]  m1120_up_get_real_data: value : -64
03-13 21:13:09.133     0     0 I [oneplus_motor]  m1120_up_get_abs_data: value : 64
03-13 21:13:09.133     0     0 I [oneplus_motor]  camera_position_detect_work: dhall_down data : 48, dhall_up data : 64 , hall_delta : -16, delta_d : 21
03-13 21:13:09.133     0     0 I         : [20210313_21:13:09.117976]@6 [oneplus_motor]  camera_position_detect_work : distance_time : 341622, current_time.tv_sec : 1615650189, current_time.tv_usec : 117975
03-13 21:13:09.133     0     0 I [oneplus_motor]  camera_position_detect_work: should_stop_count : 0, is_stall : 0, up_stop_times : 2, down_stop_times : 1
03-13 21:13:09.133     0     0 I [oneplus_motor]  camera_position_detect_work: hall_down_data_pre : 40, hall_down_data : 48
03-13 21:13:09.134     0     0 I         : [20210313_21:13:09.134008]@6 [oneplus_motor]  m1120_down_get_real_data : value : -51
03-13 21:13:09.134     0     0 I [oneplus_motor]  m1120_down_get_abs_data: value : 51
03-13 21:13:09.135     0     0 I [oneplus_motor]  m1120_up_get_real_data: value : -59
03-13 21:13:09.135     0     0 I [oneplus_motor]  m1120_up_get_abs_data: value : 59
03-13 21:13:09.135     0     0 I [oneplus_motor]  camera_position_detect_work: dhall_down data : 51, dhall_up data : 59 , hall_delta : -8, delta_d : 8
03-13 21:13:09.135     0     0 I         : [20210313_21:13:09.134295]@6 [oneplus_motor]  camera_position_detect_work : distance_time : 357940, current_time.tv_sec : 1615650189, current_time.tv_usec : 134293
03-13 21:13:09.135     0     0 I [oneplus_motor]  camera_position_detect_work: should_stop_count : 0, is_stall : 0, up_stop_times : 2, down_stop_times : 1
03-13 21:13:09.135     0     0 I [oneplus_motor]  camera_position_detect_work: hall_down_data_pre : 48, hall_down_data : 51
03-13 21:13:09.124  1500  2100 D ConnectivityService: Lingering [102 CELLULAR] for 30000ms
03-13 21:13:09.127  1500  2100 D ConnectivityService: Sending DISCONNECTED broadcast for type 0 [102 CELLULAR] isDefaultNetwork=true
03-13 21:13:09.133  1500  2100 D ConnectivityService: Sending CONNECTED broadcast for type 1 [104 WIFI] isDefaultNetwork=true
03-13 21:13:09.142  1500  2117 D ConnectivityService: requestNetwork for uid/pid:10182/7833 NetworkRequest [ TRACK_DEFAULT id=57, [ Capabilities: INTERNET&NOT_RESTRICTED&TRUSTED Uid: 10182 AdministratorUids: [] RequestorUid: 10182 RequestorPackageName: com.google.android.youtube] ]
03-13 21:13:09.152     0     0 I         : [20210313_21:13:09.149607]@6 [oneplus_motor]  m1120_down_get_real_data : value : -56
03-13 21:13:09.152     0     0 I [oneplus_motor]  m1120_down_get_abs_data: value : 56
03-13 21:13:09.152     0     0 I [oneplus_motor]  m1120_up_get_real_data: value : -55
03-13 21:13:09.152     0     0 I [oneplus_motor]  m1120_up_get_abs_data: value : 55
03-13 21:13:09.152     0     0 I [oneplus_motor]  camera_position_detect_work: dhall_down data : 56, dhall_up data : 55 , hall_delta : 1, delta_d : 9
03-13 21:13:09.152     0     0 I         : [20210313_21:13:09.149941]@6 [oneplus_motor]  camera_position_detect_work : distance_time : 373586, current_time.tv_sec : 1615650189, current_time.tv_usec : 149939
03-13 21:13:09.152     0     0 I [oneplus_motor]  camera_position_detect_work: should_stop_count : 0, is_stall : 0, up_stop_times : 2, down_stop_times : 1
03-13 21:13:09.152     0     0 I [oneplus_motor]  camera_position_detect_work: hall_down_data_pre : 51, hall_down_data : 56
03-13 21:13:09.155     0     0 I [20210313_21:13:09.154366]@5 [netmgrd][0x409b77c6][21: 13:09.154364] wlan: [1325:E:HDD] __hdd_validate_adapter: 843: bad adapter magic (via __wlan_hdd_ipv6_changed)
03-13 21:13:09.165     0     0 I         : [20210313_21:13:09.165193]@6 [oneplus_motor]  m1120_down_get_real_data : value : -61
03-13 21:13:09.165     0     0 I [oneplus_motor]  m1120_down_get_abs_data: value : 61
03-13 21:13:09.165     0     0 I [oneplus_motor]  m1120_up_get_real_data: value : -46
03-13 21:13:09.165     0     0 I [oneplus_motor]  m1120_up_get_abs_data: value : 46
03-13 21:13:09.165     0     0 I [oneplus_motor]  camera_position_detect_work: dhall_down data : 61, dhall_up data : 46 , hall_delta : 15, delta_d : 14
03-13 21:13:09.165     0     0 I         : [20210313_21:13:09.165441]@6 [oneplus_motor]  camera_position_detect_work : distance_time : 389087, current_time.tv_sec : 1615650189, current_time.tv_usec : 165440
03-13 21:13:09.165     0     0 I [oneplus_motor]  camera_position_detect_work: should_stop_count : 0, is_stall : 0, up_stop_times : 2, down_stop_times : 1
03-13 21:13:09.165     0     0 I [oneplus_motor]  camera_position_detect_work: hall_down_data_pre : 56, hall_down_data : 61
03-13 21:13:09.184     0     0 I         : [20210313_21:13:09.181147]@6 [oneplus_motor]  m1120_down_get_real_data : value : -73
03-13 21:13:09.184     0     0 I [oneplus_motor]  m1120_down_get_abs_data: value : 73
03-13 21:13:09.184     0     0 I [oneplus_motor]  m1120_up_get_real_data: value : -42
03-13 21:13:09.184     0     0 I [oneplus_motor]  m1120_up_get_abs_data: value : 42
03-13 21:13:09.184     0     0 I [oneplus_motor]  camera_position_detect_work: dhall_down data : 73, dhall_up data : 42 , hall_delta : 31, delta_d : 16
03-13 21:13:09.184     0     0 I         : [20210313_21:13:09.181409]@6 [oneplus_motor]  camera_position_detect_work : distance_time : 405055, current_time.tv_sec : 1615650189, current_time.tv_usec : 181408
03-13 21:13:09.184     0     0 I [oneplus_motor]  camera_position_detect_work: should_stop_count : 0, is_stall : 0, up_stop_times : 2, down_stop_times : 1
03-13 21:13:09.184     0     0 I [oneplus_motor]  camera_position_detect_work: hall_down_data_pre : 61, hall_down_data : 73
03-13 21:13:09.202     0     0 I         : [20210313_21:13:09.196728]@6 [oneplus_motor]  m1120_down_get_real_data : value : -81
03-13 21:13:09.164  1500  2100 D ConnectivityService: Setting DNS servers for network 104 to [/192.168.1.1]
03-13 21:13:09.164  1500  2100 D DnsManager: sendDnsConfigurationForNetwork(104, [192.168.1.1], [], 1800, 25, 8, 64, 0, 0, , [192.168.1.1])
03-13 21:13:09.211     0     0 I [oneplus_motor]  m1120_down_get_abs_data: value : 81
03-13 21:13:09.216  1500  2100 D ConnectivityService: releasing NetworkRequest [ TRACK_DEFAULT id=46, [ Capabilities: INTERNET&NOT_RESTRICTED&TRUSTED Uid: 10173 AdministratorUids: [] RequestorUid: 10173 RequestorPackageName: com.google.android.apps.youtube.music] ] (release request)
03-13 21:13:09.216  1500  2100 D ConnectivityService: NetReassign [57 : null  104]
03-13 21:13:09.232     0     0 I [oneplus_motor]  m1120_up_get_real_data: value : -38
03-13 21:13:09.246     0     0 I [oneplus_motor]  m1120_up_get_abs_data: value : 38
03-13 21:13:09.246     0     0 I [oneplus_motor]  camera_position_detect_work: dhall_down data : 81, dhall_up data : 38 , hall_delta : 43, delta_d : 12
03-13 21:13:09.246     0     0 I         : [20210313_21:13:09.197119]@6 [oneplus_motor]  camera_position_detect_work : distance_time : 420765, current_time.tv_sec : 1615650189, current_time.tv_usec : 197118
03-13 21:13:09.246     0     0 I [oneplus_motor]  camera_position_detect_work: should_stop_count : 0, is_stall : 0, up_stop_times : 2, down_stop_times : 1
03-13 21:13:09.246     0     0 I [oneplus_motor]  camera_position_detect_work: hall_down_data_pre : 73, hall_down_data : 81
03-13 21:13:09.246     0     0 I         : [20210313_21:13:09.212412]@6 [oneplus_motor]  m1120_down_get_real_data : value : -89
03-13 21:13:09.246     0     0 I [oneplus_motor]  m1120_down_get_abs_data: value : 89
03-13 21:13:09.246     0     0 I [oneplus_motor]  m1120_up_get_real_data: value : -36
03-13 21:13:09.246     0     0 I [oneplus_motor]  m1120_up_get_abs_data: value : 36
03-13 21:13:09.246     0     0 I [oneplus_motor]  camera_position_detect_work: dhall_down data : 89, dhall_up data : 36 , hall_delta : 53, delta_d : 10
03-13 21:13:09.246     0     0 I         : [20210313_21:13:09.212677]@6 [oneplus_motor]  camera_position_detect_work : distance_time : 436324, current_time.tv_sec : 1615650189, current_time.tv_usec : 212677
03-13 21:13:09.246     0     0 I [oneplus_motor]  camera_position_detect_work: should_stop_count : 0, is_stall : 0, up_stop_times : 2, down_stop_times : 1
03-13 21:13:09.246     0     0 I [oneplus_motor]  camera_position_detect_work: hall_down_data_pre : 81, hall_down_data : 89
03-13 21:13:09.246     0     0 I         : [20210313_21:13:09.228419]@6 [oneplus_motor]  m1120_down_get_real_data : value : -98
03-13 21:13:09.246     0     0 I [oneplus_motor]  m1120_down_get_abs_data: value : 98
03-13 21:13:09.246     0     0 I [oneplus_motor]  m1120_up_get_real_data: value : -30
03-13 21:13:09.246     0     0 I [oneplus_motor]  m1120_up_get_abs_data: value : 30
03-13 21:13:09.246     0     0 I [oneplus_motor]  camera_position_detect_work: dhall_down data : 98, dhall_up data : 30 , hall_delta : 68, delta_d : 15
03-13 21:13:09.246     0     0 I         : [20210313_21:13:09.228883]@6 [oneplus_motor]  camera_position_detect_work : distance_time : 452529, current_time.tv_sec : 1615650189, current_time.tv_usec : 228882
03-13 21:13:09.246     0     0 I [oneplus_motor]  camera_position_detect_work: should_stop_count : 0, is_stall : 0, up_stop_times : 2, down_stop_times : 1
03-13 21:13:09.246     0     0 I [oneplus_motor]  camera_position_detect_work: hall_down_data_pre : 89, hall_down_data : 98
03-13 21:13:09.246     0     0 I         : [20210313_21:13:09.244852]@6 [oneplus_motor]  m1120_down_get_real_data : value : -118
03-13 21:13:09.246     0     0 I [oneplus_motor]  m1120_down_get_abs_data: value : 118
03-13 21:13:09.246     0     0 I [oneplus_motor]  m1120_up_get_real_data: value : -29
03-13 21:13:09.246     0     0 I [oneplus_motor]  m1120_up_get_abs_data: value : 29
03-13 21:13:09.246     0     0 I [oneplus_motor]  camera_position_detect_work: dhall_down data : 118, dhall_up data : 29 , hall_delta : 89, delta_d : 21
03-13 21:13:09.246     0     0 I         : [20210313_21:13:09.245110]@6 [oneplus_motor]  camera_position_detect_work : distance_time : 468756, current_time.tv_sec : 1615650189, current_time.tv_usec : 245109
03-13 21:13:09.246     0     0 I [oneplus_motor]  camera_position_detect_work: should_stop_count : 0, is_stall : 0, up_stop_times : 2, down_stop_times : 1
03-13 21:13:09.246     0     0 I [oneplus_motor]  camera_position_detect_work: hall_down_data_pre : 98, hall_down_data : 118
03-13 21:13:09.270     0     0 I         : [20210313_21:13:09.260453]@6 [oneplus_motor]  m1120_down_get_real_data : value : -130
03-13 21:13:09.270     0     0 I [oneplus_motor]  m1120_down_get_abs_data: value : 130
03-13 21:13:09.270     0     0 I [oneplus_motor]  m1120_up_get_real_data: value : -26
03-13 21:13:09.270     0     0 I [oneplus_motor]  m1120_up_get_abs_data: value : 26
03-13 21:13:09.270     0     0 I [oneplus_motor]  camera_position_detect_work: dhall_down data : 130, dhall_up data : 26 , hall_delta : 104, delta_d : 15
03-13 21:13:09.270     0     0 I         : [20210313_21:13:09.260817]@6 [oneplus_motor]  camera_position_detect_work : distance_time : 484463, current_time.tv_sec : 1615650189, current_time.tv_usec : 260816
03-13 21:13:09.270     0     0 I [oneplus_motor]  camera_position_detect_work: should_stop_count : 0, is_stall : 0, up_stop_times : 2, down_stop_times : 1
03-13 21:13:09.270     0     0 I [oneplus_motor]  camera_position_detect_work: hall_down_data_pre : 118, hall_down_data : 130
03-13 21:13:09.270     0     0 I [20210313_21:13:09.266304]@4 [wifi@1.0-servic][0x40bc4312][21: 13:09.266302] wlan: [962:E:POLICY_MGR] policy_mgr_store_and_del_conn_info: 665: Mode:0 number of conn 1 temp del
03-13 21:13:09.270     0     0 I [20210313_21:13:09.266350]@7 [scheduler_threa][0x40bc4695][21: 13:09.266349] wlan: [2159:E:POLICY_MGR] policy_mgr_store_and_del_conn_info: 665: Mode:0 number of conn 1 temp del
03-13 21:13:09.270     0     0 I [20210313_21:13:09.266431]@4 [wifi@1.0-servic][0x40bc4ca8][21: 13:09.266430] wlan: [962:E:POLICY_MGR] policy_mgr_store_and_del_conn_info: 665: Mode:0 number of conn 1 temp del
03-13 21:13:09.270     0     0 I [20210313_21:13:09.266518]@7 [scheduler_threa][0x40bc5331][21: 13:09.266517] wlan: [2159:E:POLICY_MGR] policy_mgr_store_and_del_conn_info: 665: Mode:0 number of conn 1 temp del
03-13 21:13:09.270     0     0 I [20210313_21:13:09.266666]@7 [scheduler_threa][0x40bc5e4b][21: 13:09.266665] wlan: [2159:E:PE] lim_update_fils_rik: 1870: Fils rik len(0) max 64
03-13 21:13:09.270     0     0 I [20210313_21:13:09.266767]@7 [scheduler_threa][0x40bc65e8][21: 13:09.266766] wlan: [2159:I:WMI] LFR3:OKC enabled
03-13 21:13:09.270     0     0 I [20210313_21:13:09.266770]@7 [scheduler_threa][0x40bc661f][21: 13:09.266769] wlan: [2159:I:WMI] LFR3:PMKSA caching enabled
03-13 21:13:09.270     0     0 I [20210313_21:13:09.266784]@7 [scheduler_threa][0x40bc6734][21: 13:09.266783] wlan: [2159:E:PE] lim_update_fils_rik: 1870: Fils rik len(0) max 64
03-13 21:13:09.270     0     0 I [20210313_21:13:09.266870]@7 [scheduler_threa][0x40bc6da5][21: 13:09.266869] wlan: [2159:I:WMI] LFR3:OKC enabled
03-13 21:13:09.270     0     0 I [20210313_21:13:09.266873]@7 [scheduler_threa][0x40bc6dd9][21: 13:09.266872] wlan: [2159:I:WMI] LFR3:PMKSA caching enabled
03-13 21:13:09.285     0     0 I         : [20210313_21:13:09.276171]@6 [oneplus_motor]  m1120_down_get_real_data : value : -144
03-13 21:13:09.285     0     0 I [oneplus_motor]  m1120_down_get_abs_data: value : 144
03-13 21:13:09.313     0     0 I [oneplus_motor]  m1120_up_get_real_data: value : -25
03-13 21:13:09.313     0     0 I [oneplus_motor]  m1120_up_get_abs_data: value : 25
03-13 21:13:09.313     0     0 I [oneplus_motor]  camera_position_detect_work: dhall_down data : 144, dhall_up data : 25 , hall_delta : 119, delta_d : 15
03-13 21:13:09.313     0     0 I         : [20210313_21:13:09.276431]@6 [oneplus_motor]  camera_position_detect_work : distance_time : 500077, current_time.tv_sec : 1615650189, current_time.tv_usec : 276430
03-13 21:13:09.313     0     0 I [oneplus_motor]  camera_position_detect_work: should_stop_count : 0, is_stall : 0, up_stop_times : 2, down_stop_times : 1
03-13 21:13:09.313     0     0 I [oneplus_motor]  camera_position_detect_work: hall_down_data_pre : 130, hall_down_data : 144
03-13 21:13:09.313     0     0 I         : [20210313_21:13:09.292373]@6 [oneplus_motor]  m1120_down_get_real_data : value : -173
03-13 21:13:09.313     0     0 I [oneplus_motor]  m1120_down_get_abs_data: value : 173
03-13 21:13:09.313     0     0 I [oneplus_motor]  m1120_up_get_real_data: value : -22
03-13 21:13:09.313     0     0 I [oneplus_motor]  m1120_up_get_abs_data: value : 22
03-13 21:13:09.313     0     0 I [oneplus_motor]  camera_position_detect_work: dhall_down data : 173, dhall_up data : 22 , hall_delta : 151, delta_d : 32
03-13 21:13:09.313     0     0 I         : [20210313_21:13:09.292643]@6 [oneplus_motor]  camera_position_detect_work : distance_time : 516289, current_time.tv_sec : 1615650189, current_time.tv_usec : 292642
03-13 21:13:09.313     0     0 I [oneplus_motor]  camera_position_detect_work: should_stop_count : 0, is_stall : 0, up_stop_times : 2, down_stop_times : 1
03-13 21:13:09.313     0     0 I [oneplus_motor]  camera_position_detect_work: hall_down_data_pre : 144, hall_down_data : 173
03-13 21:13:09.313     0     0 I         : [20210313_21:13:09.308162]@6 [oneplus_motor]  m1120_down_get_real_data : value : -190
03-13 21:13:09.313     0     0 I [oneplus_motor]  m1120_down_get_abs_data: value : 190
03-13 21:13:09.313     0     0 I [oneplus_motor]  m1120_up_get_real_data: value : -20
03-13 21:13:09.314     0     0 I [oneplus_motor]  m1120_up_get_abs_data: value : 20
03-13 21:13:09.314     0     0 I [oneplus_motor]  camera_position_detect_work: dhall_down data : 190, dhall_up data : 20 , hall_delta : 170, delta_d : 19
03-13 21:13:09.314     0     0 I         : [20210313_21:13:09.308457]@6 [oneplus_motor]  camera_position_detect_work : distance_time : 532103, current_time.tv_sec : 1615650189, current_time.tv_usec : 308456
03-13 21:13:09.314     0     0 I [oneplus_motor]  camera_position_detect_work: should_stop_count : 0, is_stall : 0, up_stop_times : 2, down_stop_times : 1
03-13 21:13:09.314     0     0 I [oneplus_motor]  camera_position_detect_work: hall_down_data_pre : 173, hall_down_data : 190
03-13 21:13:09.316  1500  4115 D ConnectivityService: requestNetwork for uid/pid:10182/7833 NetworkRequest [ TRACK_DEFAULT id=58, [ Capabilities: INTERNET&NOT_RESTRICTED&TRUSTED Uid: 10182 AdministratorUids: [] RequestorUid: 10182 RequestorPackageName: com.google.android.youtube] ]
03-13 21:13:09.316  1500  2100 D ConnectivityService: NetReassign [58 : null  104]
03-13 21:13:09.322  1500  2100 D ConnectivityService: NetReassign [no changes]
03-13 21:13:09.332     0     0 I         : [20210313_21:13:09.323761]@6 [oneplus_motor]  m1120_down_get_real_data : value : -210
03-13 21:13:09.332     0     0 I [oneplus_motor]  m1120_down_get_abs_data: value : 210
03-13 21:13:09.332     0     0 I [oneplus_motor]  m1120_up_get_real_data: value : -19
03-13 21:13:09.332     0     0 I [oneplus_motor]  m1120_up_get_abs_data: value : 19
03-13 21:13:09.332     0     0 I [oneplus_motor]  camera_position_detect_work: dhall_down data : 210, dhall_up data : 19 , hall_delta : 191, delta_d : 21
03-13 21:13:09.332     0     0 I         : [20210313_21:13:09.324013]@6 [oneplus_motor]  camera_position_detect_work : distance_time : 547659, current_time.tv_sec : 1615650189, current_time.tv_usec : 324012
03-13 21:13:09.332     0     0 I [oneplus_motor]  camera_position_detect_work: should_stop_count : 0, is_stall : 0, up_stop_times : 2, down_stop_times : 1
03-13 21:13:09.332     0     0 I [oneplus_motor]  camera_position_detect_work: hall_down_data_pre : 190, hall_down_data : 210
03-13 21:13:09.341     0     0 I         : [20210313_21:13:09.340112]@6 [oneplus_motor]  m1120_down_get_real_data : value : -229
03-13 21:13:09.341     0     0 I [oneplus_motor]  m1120_down_get_abs_data: value : 229
03-13 21:13:09.341     0     0 I [oneplus_motor]  m1120_up_get_real_data: value : -17
03-13 21:13:09.341     0     0 I [oneplus_motor]  m1120_up_get_abs_data: value : 17
03-13 21:13:09.341     0     0 I [oneplus_motor]  camera_position_detect_work: dhall_down data : 229, dhall_up data : 17 , hall_delta : 212, delta_d : 21
03-13 21:13:09.341     0     0 I         : [20210313_21:13:09.340676]@6 [oneplus_motor]  camera_position_detect_work : distance_time : 564322, current_time.tv_sec : 1615650189, current_time.tv_usec : 340675
03-13 21:13:09.341     0     0 I [oneplus_motor]  camera_position_detect_work: should_stop_count : 0, is_stall : 0, up_stop_times : 2, down_stop_times : 1
03-13 21:13:09.341     0     0 I [oneplus_motor]  camera_position_detect_work: hall_down_data_pre : 210, hall_down_data : 229
03-13 21:13:09.356     0     0 I         : [20210313_21:13:09.356033]@6 [oneplus_motor]  m1120_down_get_real_data : value : -269
03-13 21:13:09.362     0     0 I [oneplus_motor]  m1120_down_get_abs_data: value : 269
03-13 21:13:09.362     0     0 I [oneplus_motor]  m1120_up_get_real_data: value : -16
03-13 21:13:09.362     0     0 I [oneplus_motor]  m1120_up_get_abs_data: value : 16
03-13 21:13:09.362     0     0 I [oneplus_motor]  camera_position_detect_work: dhall_down data : 269, dhall_up data : 16 , hall_delta : 253, delta_d : 41
03-13 21:13:09.362     0     0 I         : [20210313_21:13:09.356949]@6 [oneplus_motor]  camera_position_detect_work : distance_time : 580595, current_time.tv_sec : 1615650189, current_time.tv_usec : 356948
03-13 21:13:09.362     0     0 I [oneplus_motor]  camera_position_detect_work: should_stop_count : 0, is_stall : 0, up_stop_times : 2, down_stop_times : 1
03-13 21:13:09.362     0     0 I [oneplus_motor]  camera_position_detect_work: hall_down_data_pre : 229, hall_down_data : 269
03-13 21:13:09.374     0     0 I         : [20210313_21:13:09.374053]@6 [oneplus_motor]  m1120_down_get_real_data : value : -288
03-13 21:13:09.374     0     0 I [oneplus_motor]  m1120_down_get_abs_data: value : 288
03-13 21:13:09.374     0     0 I [oneplus_motor]  m1120_up_get_real_data: value : -15
03-13 21:13:09.374     0     0 I [oneplus_motor]  m1120_up_get_abs_data: value : 15
03-13 21:13:09.374     0     0 I [oneplus_motor]  camera_position_detect_work: dhall_down data : 288, dhall_up data : 15 , hall_delta : 273, delta_d : 20
03-13 21:13:09.374     0     0 I         : [20210313_21:13:09.374522]@6 [oneplus_motor]  camera_position_detect_work : distance_time : 598168, current_time.tv_sec : 1615650189, current_time.tv_usec : 374521
03-13 21:13:09.374     0     0 I [oneplus_motor]  camera_position_detect_work: should_stop_count : 0, is_stall : 0, up_stop_times : 2, down_stop_times : 1
03-13 21:13:09.374     0     0 I [oneplus_motor]  camera_position_detect_work: hall_down_data_pre : 269, hall_down_data : 288
03-13 21:13:09.378     0     0 I [20210313_21:13:09.377828]@7 [soft_irq][0x40dcef66][21: 13:09.377826] wlan: [0:E:HDD] hdd_disable_and_flush_mc_addr_list: 1013: failed to flush mc list; status:4
03-13 21:13:09.378     0     0 I [20210313_21:13:09.377848]@7 [soft_irq][0x40dcf0f4][21: 13:09.377847] wlan: [0:E:HDD] __hdd_set_multicast_list: 3896: Failed to cache MC address list for vdev 1; errno:-22
03-13 21:13:09.378     0     0 I [20210313_21:13:09.377860]@7 [soft_irq][0x40dcf1e1][21: 13:09.377859] wlan: [0:E:HDD] hdd_disable_and_flush_mc_addr_list: 1013: failed to flush mc list; status:4
03-13 21:13:09.378     0     0 I [20210313_21:13:09.377874]@7 [soft_irq][0x40dcf2f5][21: 13:09.377874] wlan: [0:E:HDD] __hdd_set_multicast_list: 3896: Failed to cache MC address list for vdev 1; errno:-22
03-13 21:13:09.390  1500  2886 I RescueParty: Starting to observe: [android], updated namespace: app_compat
03-13 21:13:09.390  1500  2886 I PackageWatchdog: Updated health check state for package android: INACTIVE -> INACTIVE
03-13 21:13:09.390  1500  1543 I PackageWatchdog: Syncing state, reason: observing new packages
03-13 21:13:09.390  1500  1543 I PackageWatchdog: Removing 455ms from all packages on all observers
03-13 21:13:09.390  1500  1543 I PackageWatchdog: Updated health check state for package com.google.android.ext.services: PASSED -> PASSED
03-13 21:13:09.390  1500  1543 I PackageWatchdog: Updated health check state for package android: PASSED -> PASSED
03-13 21:13:09.390  1500  1543 I PackageWatchdog: Updated health check state for package com.android.launcher3: PASSED -> PASSED
03-13 21:13:09.390  1500  1543 I PackageWatchdog: Updated health check state for package com.google.android.as: PASSED -> PASSED
03-13 21:13:09.391  1500  1543 I PackageWatchdog: Updated health check state for package com.google.android.networkstack: PASSED -> PASSED
03-13 21:13:09.391  1500  1543 I PackageWatchdog: Updated health check state for package com.android.systemui: PASSED -> PASSED
03-13 21:13:09.391  1500  1543 I PackageWatchdog: Scheduling next state sync in 172797154ms
03-13 21:13:09.391  1500  1543 D PackageWatchdog: rescue-party-observer added the following packages to monitor [android]
03-13 21:13:09.391  1500  1543 I PackageWatchdog: Syncing state, reason: updated observers
03-13 21:13:09.391  1500  1543 I PackageWatchdog: Not pruning observers, elapsed time: 0ms
03-13 21:13:09.391  1500  1543 I PackageWatchdog: Scheduling next state sync in 172797154ms
03-13 21:13:09.391  1500  1543 I PackageWatchdog: Saving observer state to file
03-13 21:13:09.398  1500  1500 D PackageWatchdog: Getting all observed packages pending health checks
03-13 21:13:09.398  1500  1500 I PackageWatchdog: Syncing health check requests for packages: {}
03-13 21:13:09.398  1500  1500 I ExplicitHealthCheckController: Service not ready to get health check supported packages. Binding...
03-13 21:13:09.400  1500  1500 I ExplicitHealthCheckController: Explicit health check service is bound
03-13 21:13:09.403  1500  1500 I ExplicitHealthCheckController: Explicit health check service is connected ComponentInfo{com.google.android.ext.services/android.ext.services.watchdog.ExplicitHealthCheckServiceImpl}
03-13 21:13:09.403  1500  1500 I ExplicitHealthCheckController: Service initialized, syncing requests
03-13 21:13:09.403  1500  1500 D PackageWatchdog: Getting all observed packages pending health checks
03-13 21:13:09.403  1500  1500 I PackageWatchdog: Syncing health check requests for packages: {}
03-13 21:13:09.403  1500  1500 D ExplicitHealthCheckController: Getting health check supported packages
03-13 21:13:09.408  1500  2886 I ExplicitHealthCheckController: Explicit health check supported packages [PackageConfig{com.google.android.networkstack, 86400000}]
03-13 21:13:09.408  1500  2886 D PackageWatchdog: Received supported packages [PackageConfig{com.google.android.networkstack, 86400000}]
03-13 21:13:09.408  1500  2886 I PackageWatchdog: Updated health check state for package com.google.android.ext.services: PASSED -> PASSED
03-13 21:13:09.408  1500  2886 I PackageWatchdog: Updated health check state for package android: PASSED -> PASSED
03-13 21:13:09.408  1500  2886 I PackageWatchdog: Updated health check state for package com.android.launcher3: PASSED -> PASSED
03-13 21:13:09.408  1500  2886 I PackageWatchdog: Updated health check state for package com.google.android.as: PASSED -> PASSED
03-13 21:13:09.408  1500  2886 I PackageWatchdog: Updated health check state for package com.google.android.networkstack: PASSED -> PASSED
03-13 21:13:09.408  1500  2886 I PackageWatchdog: Updated health check state for package com.android.systemui: PASSED -> PASSED
03-13 21:13:09.408  1500  2886 D ExplicitHealthCheckController: Getting health check requested packages
03-13 21:13:09.408  1500  1519 I ExplicitHealthCheckController: Explicit health check requested packages []
03-13 21:13:09.408  1500  1519 I ExplicitHealthCheckController: No more health check requests, unbinding...
03-13 21:13:09.392     0     0 I         : [20210313_21:13:09.389903]@6 [oneplus_motor]  m1120_down_get_real_data : value : -305
03-13 21:13:09.410     0     0 I [oneplus_motor]  m1120_down_get_abs_data: value : 305
03-13 21:13:09.410     0     0 I [oneplus_motor]  m1120_up_get_real_data: value : -14
03-13 21:13:09.410     0     0 I [oneplus_motor]  m1120_up_get_abs_data: value : 14
03-13 21:13:09.410     0     0 I [oneplus_motor]  camera_position_detect_work: dhall_down data : 305, dhall_up data : 14 , hall_delta : 291, delta_d : 18
03-13 21:13:09.410     0     0 I         : [20210313_21:13:09.390212]@6 [oneplus_motor]  camera_position_detect_work : distance_time : 613858, current_time.tv_sec : 1615650189, current_time.tv_usec : 390211
03-13 21:13:09.412     0     0 I [oneplus_motor]  camera_position_detect_work: should_stop_count : 0, is_stall : 0, up_stop_times : 2, down_stop_times : 1
03-13 21:13:09.413     0     0 I [oneplus_motor]  camera_position_detect_work: hall_down_data_pre : 288, hall_down_data : 305
03-13 21:13:09.413     0     0 I         : [20210313_21:13:09.402446]@6 [oneplus_motor]  motor_stop_timer_func : force_move : 0
03-13 21:13:09.413     0     0 I         : [20210313_21:13:09.402451]@6 [oneplus_motor]  oneplus_motor_stop : call
03-13 21:13:09.413     0     0 I         : [20210313_21:13:09.402454]@6 [oneplus_motor]  oneplus_motor_control : on = 0, speed = 0, direction = 0, motor_switch : 1
