03-13 18:53:12.275  1452  1527 D PackageWatchdog: rescue-party-observer added the following packages to monitor [android]
03-13 18:53:12.275  1452  1527 I PackageWatchdog: Syncing state, reason: updated observers
03-13 18:53:12.275  1452  1527 I PackageWatchdog: Removing 1ms from all packages on all observers
03-13 18:53:12.275  1452  1527 I PackageWatchdog: Updated health check state for package com.google.android.ext.services: PASSED -> PASSED
03-13 18:53:12.275  1452  1527 I PackageWatchdog: Updated health check state for package android: PASSED -> PASSED
03-13 18:53:12.275  1452  1527 I PackageWatchdog: Updated health check state for package com.android.launcher3: PASSED -> PASSED
03-13 18:53:12.275  1452  1527 I PackageWatchdog: Updated health check state for package com.google.android.networkstack: PASSED -> PASSED
03-13 18:53:12.275  1452  1527 I PackageWatchdog: Updated health check state for package com.android.settings: PASSED -> PASSED
03-13 18:53:12.275  1452  1527 I PackageWatchdog: Updated health check state for package com.android.systemui: PASSED -> PASSED
03-13 18:53:12.275  1452  1527 I PackageWatchdog: Scheduling next state sync in 172797628ms
03-13 18:53:12.275  1452  1527 I PackageWatchdog: Syncing state, reason: observing new packages
03-13 18:53:12.275  1452  1527 I PackageWatchdog: Not pruning observers, elapsed time: 0ms
03-13 18:53:12.275  1452  1527 I PackageWatchdog: Scheduling next state sync in 172797628ms
03-13 18:53:12.275  1452  1527 D PackageWatchdog: rescue-party-observer added the following packages to monitor [android]
03-13 18:53:12.275  1452  1527 I PackageWatchdog: Syncing state, reason: updated observers
03-13 18:53:12.275  1452  1527 I PackageWatchdog: Not pruning observers, elapsed time: 0ms
03-13 18:53:12.275  1452  1527 I PackageWatchdog: Scheduling next state sync in 172797628ms
03-13 18:53:12.275  1452  1452 D PackageWatchdog: Getting all observed packages pending health checks
03-13 18:53:12.275  1452  1452 I PackageWatchdog: Syncing health check requests for packages: {}
03-13 18:53:12.275  1452  1452 I ExplicitHealthCheckController: Service not ready to get health check supported packages. Binding...
03-13 18:53:12.276  1452  1527 I PackageWatchdog: Saving observer state to file
03-13 18:53:12.278  1452  1452 I ExplicitHealthCheckController: Explicit health check service is bound
03-13 18:53:12.288  1452  4408 I RescueParty: Starting to observe: [com.google.android.ext.services, android, com.android.systemui], updated namespace: systemui
03-13 18:53:12.288  1452  4408 I PackageWatchdog: Updated health check state for package com.google.android.ext.services: INACTIVE -> INACTIVE
03-13 18:53:12.288  1452  4408 I PackageWatchdog: Updated health check state for package android: INACTIVE -> INACTIVE
03-13 18:53:12.289  1452  4408 I PackageWatchdog: Updated health check state for package com.android.systemui: INACTIVE -> INACTIVE
03-13 18:53:12.292  1452  1452 D PackageWatchdog: Getting all observed packages pending health checks
03-13 18:53:12.293  1452  1452 I PackageWatchdog: Syncing health check requests for packages: {}
03-13 18:53:12.293  1452  1452 I ExplicitHealthCheckController: Service not ready to get health check supported packages. Binding...
03-13 18:53:12.293  1452  1452 I ExplicitHealthCheckController: Not binding to service, service already connecting
03-13 18:53:12.293  1452  1452 I ExplicitHealthCheckController: Explicit health check service is connected ComponentInfo{com.google.android.ext.services/android.ext.services.watchdog.ExplicitHealthCheckServiceImpl}
03-13 18:53:12.293  1452  1452 I ExplicitHealthCheckController: Service initialized, syncing requests
03-13 18:53:12.293  1452  1527 I PackageWatchdog: Syncing state, reason: observing new packages
03-13 18:53:12.293  1452  1527 I PackageWatchdog: Removing 18ms from all packages on all observers
03-13 18:53:12.294  1452  1527 I PackageWatchdog: Updated health check state for package com.google.android.ext.services: PASSED -> PASSED
03-13 18:53:12.294  1452  1527 I PackageWatchdog: Updated health check state for package android: PASSED -> PASSED
03-13 18:53:12.294  1452  1527 I PackageWatchdog: Updated health check state for package com.android.launcher3: PASSED -> PASSED
03-13 18:53:12.294  1452  1527 I PackageWatchdog: Updated health check state for package com.google.android.networkstack: PASSED -> PASSED
03-13 18:53:12.294  1452  1527 I PackageWatchdog: Updated health check state for package com.android.settings: PASSED -> PASSED
03-13 18:53:12.294  1452  1527 I PackageWatchdog: Updated health check state for package com.android.systemui: PASSED -> PASSED
03-13 18:53:12.294  1452  1527 I PackageWatchdog: Scheduling next state sync in 172797610ms
03-13 18:53:12.295  1452  1527 D PackageWatchdog: rescue-party-observer added the following packages to monitor [com.google.android.ext.services, android, com.android.systemui]
03-13 18:53:12.295  1452  1527 I PackageWatchdog: Syncing state, reason: updated observers
03-13 18:53:12.295  1452  1527 I PackageWatchdog: Not pruning observers, elapsed time: 0ms
03-13 18:53:12.295  1452  1527 I PackageWatchdog: Scheduling next state sync in 172797674ms
03-13 18:53:12.295  1452  1527 I PackageWatchdog: Saving observer state to file
03-13 18:53:12.299  1452  1452 D PackageWatchdog: Getting all observed packages pending health checks
03-13 18:53:12.299  1452  1452 I PackageWatchdog: Syncing health check requests for packages: {}
03-13 18:53:12.299  1452  1452 D ExplicitHealthCheckController: Getting health check supported packages
03-13 18:53:12.319  1452  5195 I RescueParty: Starting to observe: [android, com.android.settings], updated namespace: telephony
03-13 18:53:12.319  1452  5195 I PackageWatchdog: Updated health check state for package android: INACTIVE -> INACTIVE
03-13 18:53:12.320  1452  5195 I PackageWatchdog: Updated health check state for package com.android.settings: INACTIVE -> INACTIVE
03-13 18:53:12.320  1452  4422 I ExplicitHealthCheckController: Explicit health check supported packages [PackageConfig{com.google.android.networkstack, 86400000}]
03-13 18:53:12.320  1452  4422 D PackageWatchdog: Received supported packages [PackageConfig{com.google.android.networkstack, 86400000}]
03-13 18:53:12.320  1452  4422 I PackageWatchdog: Updated health check state for package com.google.android.ext.services: PASSED -> PASSED
03-13 18:53:12.320  1452  4422 I PackageWatchdog: Updated health check state for package android: PASSED -> PASSED
03-13 18:53:12.320  1452  4422 I PackageWatchdog: Updated health check state for package com.android.launcher3: PASSED -> PASSED
03-13 18:53:12.320  1452  4422 I PackageWatchdog: Updated health check state for package com.google.android.networkstack: PASSED -> PASSED
03-13 18:53:12.320  1452  4422 I PackageWatchdog: Updated health check state for package com.android.settings: PASSED -> PASSED
03-13 18:53:12.320  1452  4422 I PackageWatchdog: Updated health check state for package com.android.systemui: PASSED -> PASSED
03-13 18:53:12.320  1452  4422 D ExplicitHealthCheckController: Getting health check requested packages
03-13 18:53:12.322  1452  1527 I PackageWatchdog: Syncing state, reason: observing new packages
03-13 18:53:12.322  1452  1527 I PackageWatchdog: Removing 27ms from all packages on all observers
03-13 18:53:12.322  1452  1527 I PackageWatchdog: Updated health check state for package com.google.android.ext.services: PASSED -> PASSED
03-13 18:53:12.322  1452  1527 I PackageWatchdog: Updated health check state for package android: PASSED -> PASSED
03-13 18:53:12.322  1452  1527 I PackageWatchdog: Updated health check state for package com.android.launcher3: PASSED -> PASSED
03-13 18:53:12.322  1452  1527 I PackageWatchdog: Updated health check state for package com.google.android.networkstack: PASSED -> PASSED
03-13 18:53:12.322  1452  1527 I PackageWatchdog: Updated health check state for package com.android.settings: PASSED -> PASSED
03-13 18:53:12.322  1452  1527 I PackageWatchdog: Updated health check state for package com.android.systemui: PASSED -> PASSED
03-13 18:53:12.322  1452  1527 I PackageWatchdog: Scheduling next state sync in 172797647ms
03-13 18:53:12.322  1452  1527 D PackageWatchdog: rescue-party-observer added the following packages to monitor [android, com.android.settings]
03-13 18:53:12.322  1452  1527 I PackageWatchdog: Syncing state, reason: updated observers
03-13 18:53:12.322  1452  1527 I PackageWatchdog: Not pruning observers, elapsed time: 0ms
03-13 18:53:12.322  1452  1527 I PackageWatchdog: Scheduling next state sync in 172799590ms
03-13 18:53:12.322  1452  1527 I PackageWatchdog: Saving observer state to file
03-13 18:53:12.322  1452  5195 I ExplicitHealthCheckController: Explicit health check requested packages []
03-13 18:53:12.323  1452  5195 I ExplicitHealthCheckController: No more health check requests, unbinding...
03-13 18:53:12.323  1452  4422 I ActivityManager: Killing 5839:com.android.hotwordenrollment.xgoogle/u0a145 (adj 995): empty #31
03-13 18:53:12.328  1452  5195 I ExplicitHealthCheckController: Explicit health check service is unbound
03-13 18:53:12.355  1452  4422 I RescueParty: Starting to observe: [android], updated namespace: wifi
03-13 18:53:12.355  1452  4422 I PackageWatchdog: Updated health check state for package android: INACTIVE -> INACTIVE
03-13 18:53:12.365  1452  4422 I RescueParty: Starting to observe: [android], updated namespace: window_manager
03-13 18:53:12.365  1452  4422 I PackageWatchdog: Updated health check state for package android: INACTIVE -> INACTIVE
03-13 18:53:12.368  1452  1527 I PackageWatchdog: Syncing state, reason: observing new packages
03-13 18:53:12.368  1452  1527 I PackageWatchdog: Removing 46ms from all packages on all observers
03-13 18:53:12.368  1452  1527 I PackageWatchdog: Updated health check state for package com.google.android.ext.services: PASSED -> PASSED
03-13 18:53:12.368  1452  1527 I PackageWatchdog: Updated health check state for package android: PASSED -> PASSED
03-13 18:53:12.368  1452  1527 I PackageWatchdog: Updated health check state for package com.android.launcher3: PASSED -> PASSED
03-13 18:53:12.368  1452  1527 I PackageWatchdog: Updated health check state for package com.google.android.networkstack: PASSED -> PASSED
03-13 18:53:12.368  1452  1527 I PackageWatchdog: Updated health check state for package com.android.settings: PASSED -> PASSED
03-13 18:53:12.368  1452  1527 I PackageWatchdog: Updated health check state for package com.android.systemui: PASSED -> PASSED
03-13 18:53:12.368  1452  1527 I PackageWatchdog: Scheduling next state sync in 172799544ms
03-13 18:53:12.368  1452  1527 D PackageWatchdog: rescue-party-observer added the following packages to monitor [android]
03-13 18:53:12.369  1452  1527 I PackageWatchdog: Syncing state, reason: updated observers
03-13 18:53:12.369  1452  1527 I PackageWatchdog: Not pruning observers, elapsed time: 0ms
03-13 18:53:12.369  1452  1527 I PackageWatchdog: Scheduling next state sync in 172799544ms
03-13 18:53:12.369  1452  1452 D PackageWatchdog: Getting all observed packages pending health checks
03-13 18:53:12.369  1452  1452 I PackageWatchdog: Syncing health check requests for packages: {}
03-13 18:53:12.369  1452  1452 I ExplicitHealthCheckController: Service not ready to get health check supported packages. Binding...
03-13 18:53:12.369  1452  1527 I PackageWatchdog: Syncing state, reason: observing new packages
03-13 18:53:12.369  1452  1527 I PackageWatchdog: Not pruning observers, elapsed time: 0ms
03-13 18:53:12.369  1452  1527 I PackageWatchdog: Scheduling next state sync in 172799544ms
03-13 18:53:12.369  1452  1527 D PackageWatchdog: rescue-party-observer added the following packages to monitor [android]
03-13 18:53:12.369  1452  1527 I PackageWatchdog: Syncing state, reason: updated observers
03-13 18:53:12.369  1452  1527 I PackageWatchdog: Not pruning observers, elapsed time: 0ms
03-13 18:53:12.369  1452  1527 I PackageWatchdog: Scheduling next state sync in 172799544ms
03-13 18:53:12.369  1452  1527 I PackageWatchdog: Saving observer state to file
03-13 18:53:12.372  1452  1452 I ExplicitHealthCheckController: Explicit health check service is bound
03-13 18:53:12.381  1452  1452 D PackageWatchdog: Getting all observed packages pending health checks
03-13 18:53:12.381  1452  1452 I PackageWatchdog: Syncing health check requests for packages: {}
03-13 18:53:12.381  1452  1452 I ExplicitHealthCheckController: Service not ready to get health check supported packages. Binding...
03-13 18:53:12.381  1452  1452 I ExplicitHealthCheckController: Not binding to service, service already connecting
03-13 18:53:12.389  1452  1452 I ExplicitHealthCheckController: Explicit health check service is connected ComponentInfo{com.google.android.ext.services/android.ext.services.watchdog.ExplicitHealthCheckServiceImpl}
03-13 18:53:12.390  1452  1452 I ExplicitHealthCheckController: Service initialized, syncing requests
03-13 18:53:12.390  1452  1452 D PackageWatchdog: Getting all observed packages pending health checks
03-13 18:53:12.390  1452  1452 I PackageWatchdog: Syncing health check requests for packages: {}
03-13 18:53:12.390  1452  1452 D ExplicitHealthCheckController: Getting health check supported packages
03-13 18:53:12.392  1452  4422 I ExplicitHealthCheckController: Explicit health check supported packages [PackageConfig{com.google.android.networkstack, 86400000}]
03-13 18:53:12.392  1452  4422 D PackageWatchdog: Received supported packages [PackageConfig{com.google.android.networkstack, 86400000}]
03-13 18:53:12.392  1452  4422 I PackageWatchdog: Updated health check state for package com.google.android.ext.services: PASSED -> PASSED
03-13 18:53:12.392  1452  4422 I PackageWatchdog: Updated health check state for package android: PASSED -> PASSED
03-13 18:53:12.392  1452  4422 I PackageWatchdog: Updated health check state for package com.android.launcher3: PASSED -> PASSED
03-13 18:53:12.392  1452  4422 I PackageWatchdog: Updated health check state for package com.google.android.networkstack: PASSED -> PASSED
03-13 18:53:12.392  1452  4422 I PackageWatchdog: Updated health check state for package com.android.settings: PASSED -> PASSED
03-13 18:53:12.392  1452  4422 I PackageWatchdog: Updated health check state for package com.android.systemui: PASSED -> PASSED
03-13 18:53:12.392  1452  4422 D ExplicitHealthCheckController: Getting health check requested packages
03-13 18:53:12.392  1452  7328 I ExplicitHealthCheckController: Explicit health check requested packages []
03-13 18:53:12.392  1452  7328 I ExplicitHealthCheckController: No more health check requests, unbinding...
03-13 18:53:12.394  1452  7328 I ExplicitHealthCheckController: Explicit health check service is unbound
03-13 18:53:12.566  1452  4408 I RescueParty: Starting to observe: [android], updated namespace: activity_manager_native_boot
03-13 18:53:12.566  1452  4408 I PackageWatchdog: Updated health check state for package android: INACTIVE -> INACTIVE
03-13 18:53:12.566  1452  1527 I PackageWatchdog: Syncing state, reason: observing new packages
03-13 18:53:12.566  1452  1527 I PackageWatchdog: Removing 197ms from all packages on all observers
03-13 18:53:12.566  1452  1527 I PackageWatchdog: Updated health check state for package com.google.android.ext.services: PASSED -> PASSED
03-13 18:53:12.566  1452  1527 I PackageWatchdog: Updated health check state for package android: PASSED -> PASSED
03-13 18:53:12.566  1452  1527 I PackageWatchdog: Updated health check state for package com.android.launcher3: PASSED -> PASSED
03-13 18:53:12.566  1452  1527 I PackageWatchdog: Updated health check state for package com.google.android.networkstack: PASSED -> PASSED
03-13 18:53:12.566  1452  1527 I PackageWatchdog: Updated health check state for package com.android.settings: PASSED -> PASSED
03-13 18:53:12.566  1452  1527 I PackageWatchdog: Updated health check state for package com.android.systemui: PASSED -> PASSED
03-13 18:53:12.566  1452  1527 I PackageWatchdog: Scheduling next state sync in 172799347ms
03-13 18:53:12.566  1452  1527 D PackageWatchdog: rescue-party-observer added the following packages to monitor [android]
03-13 18:53:12.566  1452  1527 I PackageWatchdog: Syncing state, reason: updated observers
03-13 18:53:12.566  1452  1527 I PackageWatchdog: Not pruning observers, elapsed time: 0ms
03-13 18:53:12.567  1452  1527 I PackageWatchdog: Scheduling next state sync in 172799347ms
03-13 18:53:12.567  1452  1527 I PackageWatchdog: Saving observer state to file
03-13 18:53:12.578  1452  1452 D PackageWatchdog: Getting all observed packages pending health checks
03-13 18:53:12.578  1452  1452 I PackageWatchdog: Syncing health check requests for packages: {}
03-13 18:53:12.578  1452  1452 I ExplicitHealthCheckController: Service not ready to get health check supported packages. Binding...
03-13 18:53:12.580  1452  1452 I ExplicitHealthCheckController: Explicit health check service is bound
03-13 18:53:12.582  1452  1452 I ExplicitHealthCheckController: Explicit health check service is connected ComponentInfo{com.google.android.ext.services/android.ext.services.watchdog.ExplicitHealthCheckServiceImpl}
03-13 18:53:12.582  1452  1452 I ExplicitHealthCheckController: Service initialized, syncing requests
03-13 18:53:12.582  1452  1452 D PackageWatchdog: Getting all observed packages pending health checks
03-13 18:53:12.582  1452  1452 I PackageWatchdog: Syncing health check requests for packages: {}
03-13 18:53:12.582  1452  1452 D ExplicitHealthCheckController: Getting health check supported packages
03-13 18:53:12.583  1452  4422 I ExplicitHealthCheckController: Explicit health check supported packages [PackageConfig{com.google.android.networkstack, 86400000}]
03-13 18:53:12.583  1452  4422 D PackageWatchdog: Received supported packages [PackageConfig{com.google.android.networkstack, 86400000}]
03-13 18:53:12.583  1452  4422 I PackageWatchdog: Updated health check state for package com.google.android.ext.services: PASSED -> PASSED
03-13 18:53:12.583  1452  4422 I PackageWatchdog: Updated health check state for package android: PASSED -> PASSED
03-13 18:53:12.583  1452  4422 I PackageWatchdog: Updated health check state for package com.android.launcher3: PASSED -> PASSED
03-13 18:53:12.583  1452  4422 I PackageWatchdog: Updated health check state for package com.google.android.networkstack: PASSED -> PASSED
03-13 18:53:12.583  1452  4422 I PackageWatchdog: Updated health check state for package com.android.settings: PASSED -> PASSED
03-13 18:53:12.584  1452  4422 I PackageWatchdog: Updated health check state for package com.android.systemui: PASSED -> PASSED
03-13 18:53:12.584  1452  4422 D ExplicitHealthCheckController: Getting health check requested packages
03-13 18:53:12.584  1452  4422 I ExplicitHealthCheckController: Explicit health check requested packages []
03-13 18:53:12.584  1452  4422 I ExplicitHealthCheckController: No more health check requests, unbinding...
03-13 18:53:12.588  1452  4422 I ExplicitHealthCheckController: Explicit health check service is unbound
03-13 18:53:12.591  1452  7328 I RescueParty: Starting to observe: [android], updated namespace: runtime_native_boot
03-13 18:53:12.591  1452  7328 I PackageWatchdog: Updated health check state for package android: INACTIVE -> INACTIVE
03-13 18:53:12.591  1452  1527 I PackageWatchdog: Syncing state, reason: observing new packages
03-13 18:53:12.591  1452  1527 I PackageWatchdog: Removing 25ms from all packages on all observers
03-13 18:53:12.592  1452  1527 I PackageWatchdog: Updated health check state for package com.google.android.ext.services: PASSED -> PASSED
03-13 18:53:12.592  1452  1527 I PackageWatchdog: Updated health check state for package android: PASSED -> PASSED
03-13 18:53:12.592  1452  1527 I PackageWatchdog: Updated health check state for package com.android.launcher3: PASSED -> PASSED
03-13 18:53:12.592  1452  1527 I PackageWatchdog: Updated health check state for package com.google.android.networkstack: PASSED -> PASSED
03-13 18:53:12.592  1452  1527 I PackageWatchdog: Updated health check state for package com.android.settings: PASSED -> PASSED
03-13 18:53:12.592  1452  1527 I PackageWatchdog: Updated health check state for package com.android.systemui: PASSED -> PASSED
03-13 18:53:12.592  1452  1527 I PackageWatchdog: Scheduling next state sync in 172799322ms
03-13 18:53:12.592  1452  1527 D PackageWatchdog: rescue-party-observer added the following packages to monitor [android]
03-13 18:53:12.592  1452  1527 I PackageWatchdog: Syncing state, reason: updated observers
03-13 18:53:12.592  1452  1527 I PackageWatchdog: Not pruning observers, elapsed time: 0ms
03-13 18:53:12.592  1452  1527 I PackageWatchdog: Scheduling next state sync in 172799322ms
03-13 18:53:12.592  1452  1527 I PackageWatchdog: Saving observer state to file
03-13 18:53:12.599  1452  7328 I RescueParty: Starting to observe: [android], updated namespace: storage_native_boot
03-13 18:53:12.599  1452  7328 I PackageWatchdog: Updated health check state for package android: INACTIVE -> INACTIVE
03-13 18:53:12.605  1452  1527 I PackageWatchdog: Syncing state, reason: observing new packages
03-13 18:53:12.605  1452  1527 I PackageWatchdog: Removing 13ms from all packages on all observers
03-13 18:53:12.605  1452  1527 I PackageWatchdog: Updated health check state for package com.google.android.ext.services: PASSED -> PASSED
03-13 18:53:12.605  1452  1527 I PackageWatchdog: Updated health check state for package android: PASSED -> PASSED
03-13 18:53:12.605  1452  1527 I PackageWatchdog: Updated health check state for package com.android.launcher3: PASSED -> PASSED
03-13 18:53:12.605  1452  1527 I PackageWatchdog: Updated health check state for package com.google.android.networkstack: PASSED -> PASSED
03-13 18:53:12.605  1452  1527 I PackageWatchdog: Updated health check state for package com.android.settings: PASSED -> PASSED
03-13 18:53:12.605  1452  1527 I PackageWatchdog: Updated health check state for package com.android.systemui: PASSED -> PASSED
03-13 18:53:12.605  1452  1527 I PackageWatchdog: Scheduling next state sync in 172799309ms
03-13 18:53:12.605  1452  1527 D PackageWatchdog: rescue-party-observer added the following packages to monitor [android]
03-13 18:53:12.605  1452  1527 I PackageWatchdog: Syncing state, reason: updated observers
03-13 18:53:12.605  1452  1527 I PackageWatchdog: Not pruning observers, elapsed time: 0ms
03-13 18:53:12.605  1452  1527 I PackageWatchdog: Scheduling next state sync in 172799309ms
03-13 18:53:12.605  1452  1527 I PackageWatchdog: Saving observer state to file
03-13 18:53:12.605  1452  1452 D PackageWatchdog: Getting all observed packages pending health checks
03-13 18:53:12.605  1452  1452 I PackageWatchdog: Syncing health check requests for packages: {}
03-13 18:53:12.605  1452  1452 I ExplicitHealthCheckController: Service not ready to get health check supported packages. Binding...
03-13 18:53:12.609  1452  1452 I ExplicitHealthCheckController: Explicit health check service is bound
03-13 18:53:12.634  1452  1452 D PackageWatchdog: Getting all observed packages pending health checks
03-13 18:53:12.634  1452  1452 I PackageWatchdog: Syncing health check requests for packages: {}
03-13 18:53:12.634  1452  1452 I ExplicitHealthCheckController: Service not ready to get health check supported packages. Binding...
03-13 18:53:12.634  1452  1452 I ExplicitHealthCheckController: Not binding to service, service already connecting
03-13 18:53:12.635  1452  1452 D StorageManagerService: Isolated storage local flag 0 and remote flag 0 resolved to true
03-13 18:53:12.643  1452  1452 D StorageManagerService: Device Config flag for FUSE is enabled, turn Settings fuse flag on
03-13 18:53:12.647  1452  1452 I ExplicitHealthCheckController: Explicit health check service is connected ComponentInfo{com.google.android.ext.services/android.ext.services.watchdog.ExplicitHealthCheckServiceImpl}
03-13 18:53:12.648  1452  1452 I ExplicitHealthCheckController: Service initialized, syncing requests
03-13 18:53:12.648  1452  1452 D PackageWatchdog: Getting all observed packages pending health checks
03-13 18:53:12.648  1452  1452 I PackageWatchdog: Syncing health check requests for packages: {}
03-13 18:53:12.648  1452  1452 D ExplicitHealthCheckController: Getting health check supported packages
03-13 18:53:12.649  1452  5195 I ExplicitHealthCheckController: Explicit health check supported packages [PackageConfig{com.google.android.networkstack, 86400000}]
03-13 18:53:12.649  1452  5195 D PackageWatchdog: Received supported packages [PackageConfig{com.google.android.networkstack, 86400000}]
03-13 18:53:12.649  1452  5195 I PackageWatchdog: Updated health check state for package com.google.android.ext.services: PASSED -> PASSED
03-13 18:53:12.649  1452  5195 I PackageWatchdog: Updated health check state for package android: PASSED -> PASSED
03-13 18:53:12.649  1452  5195 I PackageWatchdog: Updated health check state for package com.android.launcher3: PASSED -> PASSED
03-13 18:53:12.649  1452  5195 I PackageWatchdog: Updated health check state for package com.google.android.networkstack: PASSED -> PASSED
03-13 18:53:12.649  1452  5195 I PackageWatchdog: Updated health check state for package com.android.settings: PASSED -> PASSED
03-13 18:53:12.649  1452  5195 I PackageWatchdog: Updated health check state for package com.android.systemui: PASSED -> PASSED
03-13 18:53:12.649  1452  5195 D ExplicitHealthCheckController: Getting health check requested packages
03-13 18:53:12.650  1452  5195 I ExplicitHealthCheckController: Explicit health check requested packages []
03-13 18:53:12.650  1452  5195 I ExplicitHealthCheckController: No more health check requests, unbinding...
03-13 18:53:12.653  1452  5195 I ExplicitHealthCheckController: Explicit health check service is unbound
03-13 18:53:12.758  1452  5195 D CompatibilityChangeReporter: Compat change id reported: 135634846; UID 10182; state: DISABLED
03-13 18:53:12.758  1452  1529 D CompatibilityChangeReporter: Compat change id reported: 143937733; UID 10182; state: ENABLED
03-13 18:53:12.817  1452  1529 W ActivityManager: Slow operation: 60ms so far, now at startProcess: done updating battery stats
03-13 18:53:12.818  1452  1529 W ActivityManager: Slow operation: 60ms so far, now at startProcess: building log message
03-13 18:53:12.818  1452  1529 I ActivityManager: Start proc 7822:com.google.android.youtube/u0a182 for broadcast {com.google.android.youtube/com.google.android.libraries.notifications.entrypoints.restart.RestartReceiver}
03-13 18:53:12.818  1452  1529 W ActivityManager: Slow operation: 60ms so far, now at startProcess: starting to update pids map
03-13 18:53:12.818  1452  1529 W ActivityManager: Slow operation: 61ms so far, now at startProcess: done updating pids map
03-13 18:53:12.827  1452  7178 W ActivityManager: Background start not allowed: service Intent { act=com.qti.izat.xt.srv cmp=com.qualcomm.location.XT/.XTSrv (has extras) } to com.qualcomm.location.XT/.XTSrv from pid=3943 uid=10186 pkg=com.qualcomm.location startFg?=false
03-13 18:53:12.848  1452  5195 I ActivityManager: Killing 5864:com.android.managedprovisioning/u0a115 (adj 995): empty #31
03-13 18:53:12.926  1452  1452 I Telecom : DefaultDialerCache: Refreshing default dialer for user 0: now com.google.android.dialer: DDC.oR@AKM
03-13 18:53:12.941  1452  4412 W ActivityManager: Background start not allowed: service Intent { act=com.qti.izat.xt.srv cmp=com.qualcomm.location.XT/.XTSrv (has extras) } to com.qualcomm.location.XT/.XTSrv from pid=3943 uid=10186 pkg=com.qualcomm.location startFg?=false
03-13 18:53:13.195  1452  1938 I ActivityTaskManager: START u0 {act=android.intent.action.MAIN cat=[android.intent.category.LAUNCHER] flg=0x10200000 cmp=com.google.android.apps.nbu.paisa.user/com.google.nbu.paisa.flutter.gpay.app.MainActivity bnds=[316,1352][585,1780]} from uid 10193
03-13 18:53:13.209  1452  1515 D CompatibilityChangeReporter: Compat change id reported: 135634846; UID 10223; state: DISABLED
03-13 18:53:13.210  1452  1529 D CompatibilityChangeReporter: Compat change id reported: 143937733; UID 10223; state: DISABLED
03-13 18:53:13.230  1452  1529 I ActivityManager: Start proc 7882:com.google.android.apps.nbu.paisa.user/u0a223 for pre-top-activity {com.google.android.apps.nbu.paisa.user/com.google.nbu.paisa.flutter.gpay.app.MainActivity}
03-13 18:53:13.281  1452  1938 D ConnectivityService: requestNetwork for uid/pid:10182/7822 NetworkRequest [ TRACK_DEFAULT id=52, [ Capabilities: INTERNET&NOT_RESTRICTED&TRUSTED Uid: 10182 AdministratorUids: [] RequestorUid: 10182 RequestorPackageName: com.google.android.youtube] ]
03-13 18:53:13.282  1452  2016 D ConnectivityService: NetReassign [52 : null  102]
03-13 18:53:13.405  1452  1938 D CompatibilityChangeReporter: Compat change id reported: 136274596; UID 10223; state: DISABLED
03-13 18:53:13.448  1452  3728 D ConnectivityService: requestNetwork for uid/pid:10182/7822 NetworkRequest [ TRACK_DEFAULT id=53, [ Capabilities: INTERNET&NOT_RESTRICTED&TRUSTED Uid: 10182 AdministratorUids: [] RequestorUid: 10182 RequestorPackageName: com.google.android.youtube] ]
03-13 18:53:13.449  1452  2016 D ConnectivityService: NetReassign [53 : null  102]
03-13 18:53:13.453  1452  2016 D ConnectivityService: NetReassign [no changes]
03-13 18:53:13.875  1452  1938 D ConnectivityService: requestNetwork for uid/pid:10223/7882 NetworkRequest [ TRACK_DEFAULT id=55, [ Capabilities: INTERNET&NOT_RESTRICTED&TRUSTED Uid: 10223 AdministratorUids: [] RequestorUid: 10223 RequestorPackageName: com.google.android.apps.nbu.paisa.user] ]
03-13 18:53:13.875  1452  2016 D ConnectivityService: NetReassign [55 : null  102]
03-13 18:53:13.882  1452  2016 D ConnectivityService: NetReassign [no changes]
03-13 18:53:14.073  1452  1513 D AutofillManagerService: onBackKeyPressed()
03-13 18:53:14.100  1452  5195 D CompatibilityChangeReporter: Compat change id reported: 135634846; UID 10185; state: DISABLED
03-13 18:53:14.100  1452  1529 D CompatibilityChangeReporter: Compat change id reported: 143937733; UID 10185; state: ENABLED
03-13 18:53:14.127  1452  1529 I ActivityManager: Start proc 8102:com.qualcomm.location.XT/u0a185 for broadcast {com.qualcomm.location.XT/com.qualcomm.location.XT.XTBroadcastReceiver}
03-13 18:53:14.282  1452  7178 D ConnectivityService: requestNetwork for uid/pid:10182/7822 NetworkRequest [ TRACK_DEFAULT id=57, [ Capabilities: INTERNET&NOT_RESTRICTED&TRUSTED Uid: 10182 AdministratorUids: [] RequestorUid: 10182 RequestorPackageName: com.google.android.youtube] ]
03-13 18:53:14.282  1452  2016 D ConnectivityService: NetReassign [57 : null  102]
03-13 18:53:14.341  1452  5195 W ActivityManager: Background start not allowed: service Intent { act=android.intent.action.BOOT_COMPLETED cmp=com.qualcomm.location.XT/.XTSrv } to com.qualcomm.location.XT/.XTSrv from pid=8102 uid=10185 pkg=com.qualcomm.location.XT startFg?=false
03-13 18:53:14.350  1452  5195 D CompatibilityChangeReporter: Compat change id reported: 135634846; UID 1000; state: DISABLED
03-13 18:53:14.405  1452  1529 W ActivityManager: Slow operation: 56ms so far, now at startProcess: returned from zygote!
03-13 18:53:14.405  1452  1529 W ActivityManager: Slow operation: 56ms so far, now at startProcess: done updating battery stats
03-13 18:53:14.405  1452  1529 W ActivityManager: Slow operation: 56ms so far, now at startProcess: building log message
03-13 18:53:14.405  1452  1529 I ActivityManager: Start proc 8128:com.qualcomm.qti.biometrics.fingerprint.service/1000 for broadcast {com.qualcomm.qti.biometrics.fingerprint.service/com.qualcomm.qti.biometrics.fingerprint.service.ShutdownReceiver}
03-13 18:53:14.405  1452  1529 W ActivityManager: Slow operation: 56ms so far, now at startProcess: starting to update pids map
03-13 18:53:14.465  1452  1529 W ActivityManager: Slow operation: 116ms so far, now at startProcess: done updating pids map
03-13 18:53:14.528  1452  2016 D ConnectivityService: releasing NetworkRequest [ TRACK_DEFAULT id=57, [ Capabilities: INTERNET&NOT_RESTRICTED&TRUSTED Uid: 10182 AdministratorUids: [] RequestorUid: 10182 RequestorPackageName: com.google.android.youtube] ] (release request)
03-13 18:53:14.531  1452  1452 I Telecom : DefaultDialerCache: Refreshing default dialer for user 0: now com.google.android.dialer: DDC.oR@AKQ
03-13 18:53:14.559  1452  1939 I ActivityManager: Killing 5916:com.android.shell/2000 (adj 999): empty #31
03-13 18:53:14.577  1452  1939 D CompatibilityChangeReporter: Compat change id reported: 135634846; UID 10202; state: DISABLED
03-13 18:53:14.577  1452  1529 D CompatibilityChangeReporter: Compat change id reported: 143937733; UID 10202; state: ENABLED
03-13 18:53:14.631  1452  1529 W ActivityManager: Slow operation: 61ms so far, now at startProcess: done updating battery stats
03-13 18:53:14.631  1452  1529 W ActivityManager: Slow operation: 61ms so far, now at startProcess: building log message
03-13 18:53:14.631  1452  1529 I ActivityManager: Start proc 8154:com.qualcomm.qti.performancemode/u0a202 for broadcast {com.qualcomm.qti.performancemode/com.qualcomm.qti.performancemode.SystemEventReceiver}
03-13 18:53:14.632  1452  1529 W ActivityManager: Slow operation: 61ms so far, now at startProcess: starting to update pids map
03-13 18:53:14.632  1452  1529 W ActivityManager: Slow operation: 62ms so far, now at startProcess: done updating pids map
03-13 18:53:14.676  1452  1515 I ActivityManager: Killing 5941:com.android.traceur/u0a128 (adj 999): empty #31
03-13 18:53:14.723  1452  1939 I ActivityManager: Killing 5976:com.google.android.apps.docs/u0a165 (adj 999): empty #31
03-13 18:53:14.728  1452  1939 D CompatibilityChangeReporter: Compat change id reported: 135634846; UID 10231; state: DISABLED
03-13 18:53:14.728  1452  1529 D CompatibilityChangeReporter: Compat change id reported: 143937733; UID 10231; state: DISABLED
03-13 18:53:14.742  1452  1529 I ActivityManager: Start proc 8184:com.gameloft.android.ANMP.GloftA9HM/u0a231 for broadcast {com.gameloft.android.ANMP.GloftA9HM/com.gameloft.android.ANMP.GloftA9HM.PushNotification.LocalPushReceiver}
03-13 18:53:15.441     0     0 E [20210313_18:53:15.434173]@0 [TP]touchpanel: touchpanel: Touchpanel id 0 :Down[ 456 1632   52]
03-13 18:53:15.452  1452  4408 W ActivityManager: Background start not allowed: service Intent { cmp=com.google.android.apps.messaging/.shared.datamodel.action.execution.ActionExecutorImpl$EmptyService } to com.google.android.apps.messaging/.shared.datamodel.action.execution.ActionExecutorImpl$EmptyService from pid=5680 uid=10180 pkg=com.google.android.apps.messaging startFg?=false
03-13 18:53:15.455  1452  3510 W ActivityManager: Background start not allowed: service Intent { cmp=com.google.android.apps.messaging/.shared.datamodel.action.execution.ActionExecutorImpl$EmptyService } to com.google.android.apps.messaging/.shared.datamodel.action.execution.ActionExecutorImpl$EmptyService from pid=5680 uid=10180 pkg=com.google.android.apps.messaging startFg?=false
03-13 18:53:15.553  1452  4422 I ActivityManager: Killing 6243:com.google.android.apps.messaging:rcs/u0a180 (adj 999): empty #31
03-13 18:53:15.667  1452  7178 D CompatibilityChangeReporter: Compat change id reported: 135634846; UID 10224; state: DISABLED
03-13 18:53:15.668  1452  1529 D CompatibilityChangeReporter: Compat change id reported: 143937733; UID 10224; state: ENABLED
03-13 18:53:15.695  1452  1529 I ActivityManager: Start proc 8291:com.google.android.play.games/u0a224 for broadcast {com.google.android.play.games/com.google.android.apps.play.games.lib.notifications.ChimeRegistrationBroadcastReceiver}
03-13 18:53:15.892  1452  1939 D ConnectivityService: Returning BLOCKED NetworkInfo to uid=10224
03-13 18:53:15.922     0     0 I         : [20210313_18:53:15.911583]@7 IRQ 6: no longer affine to CPU7
03-13 18:53:16.064     0     0 I         : [20210313_18:53:16.051416]@6 IRQ 6: no longer affine to CPU6
03-13 18:53:16.139  1452  4421 I ActivityTaskManager: START u0 {act=android.settings.APPLICATION_DETAILS_SETTINGS dat=package:com.google.android.apps.nbu.paisa.user flg=0x10008000 cmp=com.android.settings/.applications.InstalledAppDetails bnds=[352,1193][1122,1389]} from uid 10193
03-13 18:53:16.151  1452  5199 I ActivityTaskManager: The Process com.android.settings Already Exists in BG. So sending its PID: 2369
03-13 18:53:16.151  1452  5199 W ActivityTaskManager: Tried to set launchTime (0) < mLastActivityLaunchTime (100571)
03-13 18:53:16.155  1452  1515 D CompatibilityChangeReporter: Compat change id reported: 136274596; UID 1000; state: ENABLED
03-13 18:53:16.163  2369  7514 E ActivityThread: Failed to find provider info for com.qti.smq.Feedback.provider
03-13 18:53:16.175  1452  1939 D CompatibilityChangeReporter: Compat change id reported: 135634846; UID 10230; state: DISABLED
03-13 18:53:16.176  1452  1939 I ActivityManager: Killing 6055:com.google.android.apps.maps/u0a170 (adj 999): empty #31
03-13 18:53:16.178  1452  1529 D CompatibilityChangeReporter: Compat change id reported: 143937733; UID 10230; state: DISABLED
03-13 18:53:16.205  1452  1529 I ActivityManager: Start proc 8358:com.olx.southasia/u0a230 for broadcast {com.olx.southasia/com.naspers.clm.clm_android_ninja_base.receiver.NinjaBootReceiver}
03-13 18:53:16.257  1452  1938 D ConnectivityService: ConnectivityService NetworkRequestInfo binderDied(NetworkRequest [ LISTEN id=36, [ Capabilities: INTERNET&NOT_RESTRICTED&TRUSTED Uid: 10170 AdministratorUids: [] RequestorUid: 10170 RequestorPackageName: com.google.android.apps.maps] ], android.os.BinderProxy@614597)
03-13 18:53:16.258  1452  3510 D ConnectivityService: ConnectivityService NetworkRequestInfo binderDied(NetworkRequest [ TRACK_DEFAULT id=35, [ Capabilities: INTERNET&NOT_RESTRICTED&TRUSTED Uid: 10170 AdministratorUids: [] RequestorUid: 10170 RequestorPackageName: com.google.android.apps.maps] ], android.os.BinderProxy@668d384)
03-13 18:53:16.258  1452  2016 D ConnectivityService: releasing NetworkRequest [ TRACK_DEFAULT id=35, [ Capabilities: INTERNET&NOT_RESTRICTED&TRUSTED Uid: 10170 AdministratorUids: [] RequestorUid: 10170 RequestorPackageName: com.google.android.apps.maps] ] (release request)
03-13 18:53:16.579  1452  3510 I ActivityManager: Killing 6279:com.google.android.apps.photos/u0a183 (adj 975): empty #31
03-13 18:53:16.815     0     0 W [20210313_18:53:16.812427]@4 healthd: battery l=66 v=3941 t=29.5 h=2 st=3 c=1319000 fc=3540000 cc=1 chg=
03-13 18:53:17.300  1452  8399 D ConnectivityService: Returning BLOCKED NetworkInfo to uid=10230
03-13 18:53:17.310  1452  2422 D CompatibilityChangeReporter: Compat change id reported: 135634846; UID 10226; state: DISABLED
03-13 18:53:17.310  1452  1529 D CompatibilityChangeReporter: Compat change id reported: 143937733; UID 10226; state: DISABLED
03-13 18:53:17.310  1452  2422 I ActivityManager: Killing 6435:com.google.android.apps.turbo/u0a152 (adj 999): empty #31
03-13 18:53:17.324  1452  1529 I ActivityManager: Start proc 8490:com.whatsapp/u0a226 for broadcast {com.whatsapp/com.whatsapp.BootReceiver}
03-13 18:53:17.426  1452  3510 W ActivityManager: Background start not allowed: service Intent { cmp=com.google.android.apps.messaging/.shared.datamodel.action.execution.ActionExecutorImpl$EmptyService } to com.google.android.apps.messaging/.shared.datamodel.action.execution.ActionExecutorImpl$EmptyService from pid=5680 uid=10180 pkg=com.google.android.apps.messaging startFg?=false
03-13 18:53:17.428  1452  3510 I chatty  : uid=1000(system) Binder:1452_A identical 1 line
03-13 18:53:17.607  1452  3510 W ActivityManager: Background start not allowed: service Intent { cmp=com.google.android.apps.messaging/.shared.datamodel.action.execution.ActionExecutorImpl$EmptyService } to com.google.android.apps.messaging/.shared.datamodel.action.execution.ActionExecutorImpl$EmptyService from pid=5680 uid=10180 pkg=com.google.android.apps.messaging startFg?=false
03-13 18:53:17.732  1452  3510 D ConnectivityService: Returning BLOCKED NetworkInfo to uid=10226
03-13 18:53:17.803  1452  8399 D CompatibilityChangeReporter: Compat change id reported: 149924527; UID 10226; state: ENABLED
03-13 18:53:17.803  1452  8399 D CompatibilityChangeReporter: Compat change id reported: 132649864; UID 10226; state: DISABLED
03-13 18:53:17.834  1452  3510 D CompatibilityChangeReporter: Compat change id reported: 135634846; UID 10229; state: DISABLED
03-13 18:53:17.834  1452  1529 D CompatibilityChangeReporter: Compat change id reported: 143937733; UID 10229; state: DISABLED
03-13 18:53:17.834  1452  3510 I ActivityManager: Killing 6481:com.google.android.apps.turbo:aab/u0a152 (adj 999): empty #31
03-13 18:53:17.848  1452  1529 I ActivityManager: Start proc 8579:in.startv.hotstar:z_process/u0a229 for broadcast {in.startv.hotstar/com.hotstar.transform.basedatasdk.receivers.BaseSDKBroadcastReceiver}
03-13 18:53:17.883  1452  4421 D ConnectivityService: requestNetwork for uid/pid:10226/8490 NetworkRequest [ TRACK_DEFAULT id=58, [ Capabilities: INTERNET&NOT_RESTRICTED&TRUSTED Uid: 10226 AdministratorUids: [] RequestorUid: 10226 RequestorPackageName: com.whatsapp] ]
03-13 18:53:17.883  1452  2016 D ConnectivityService: NetReassign [58 : null  102]
03-13 18:53:17.969  1452  4421 D CompatibilityChangeReporter: Compat change id reported: 135634846; UID 10229; state: DISABLED
03-13 18:53:17.970  1452  1529 D CompatibilityChangeReporter: Compat change id reported: 143937733; UID 10229; state: DISABLED
03-13 18:53:17.970  1452  4421 I ActivityManager: Killing 6525:com.google.android.apps.turbo:ssb/u0a152 (adj 999): empty #31
03-13 18:53:17.984  1452  1529 I ActivityManager: Start proc 8620:in.startv.hotstar/u0a229 for broadcast {in.startv.hotstar/androidx.work.impl.background.systemalarm.RescheduleReceiver}
03-13 18:53:18.211     0     0 F [20210313_18:53:18.205174]@1 perfetto: disabled ftrace
03-13 18:53:18.321  1177  7873 I iorapd  : Perfetto TraceBuffer saved to file: /data/misc/iorapd/com.google.android.apps.nbu.paisa.user/2241627/com.google.nbu.paisa.flutter.gpay.app.MainActivity/raw_traces/1615641798309482250.perfetto_trace.pb
03-13 18:53:18.661  1452  2383 I ActivityTaskManager: START u0 {act=android.intent.action.MAIN cmp=com.android.settings/.SubSettings (has extras)} from uid 1000
03-13 18:53:18.669  1452  5196 I ActivityTaskManager: The Process com.android.settings Already Exists in BG. So sending its PID: 2369
03-13 18:53:18.669  1452  5196 W ActivityTaskManager: Tried to set launchTime (0) < mLastActivityLaunchTime (114640)
03-13 18:53:18.672  1452  8399 D ConnectivityService: requestNetwork for uid/pid:10229/8620 NetworkRequest [ TRACK_DEFAULT id=59, [ Capabilities: INTERNET&NOT_RESTRICTED&TRUSTED Uid: 10229 AdministratorUids: [] RequestorUid: 10229 RequestorPackageName: in.startv.hotstar] ]
03-13 18:53:18.672  1452  2016 D ConnectivityService: NetReassign [59 : null  102]
03-13 18:53:18.678  2369  8378 E ActivityThread: Failed to find provider info for com.qti.smq.Feedback.provider
03-13 18:53:18.681     0     0 F [20210313_18:53:18.676475]@1 perfetto: enabled ftrace
03-13 18:53:18.705  1452  2383 D CompatibilityChangeReporter: Compat change id reported: 135634846; UID 10214; state: DISABLED
03-13 18:53:18.705  1452  1529 D CompatibilityChangeReporter: Compat change id reported: 143937733; UID 10214; state: DISABLED
03-13 18:53:18.706  1452  2383 I ActivityManager: Killing 5236:com.google.android.apps.tachyon/u0a177 (adj 999): empty #31
03-13 18:53:18.732  1452  1529 I ActivityManager: Start proc 8769:org.telegram.messenger/u0a214 for broadcast {org.telegram.messenger/org.telegram.messenger.AppStartReceiver}
03-13 18:53:18.792  1452  1939 D ConnectivityService: ConnectivityService NetworkRequestInfo binderDied(NetworkRequest [ TRACK_DEFAULT id=38, [ Capabilities: INTERNET&NOT_RESTRICTED&TRUSTED Uid: 10177 AdministratorUids: [] RequestorUid: 10177 RequestorPackageName: com.google.android.apps.tachyon] ], android.os.BinderProxy@697917c)
03-13 18:53:18.792  1452  1501 D ConnectivityService: ConnectivityService NetworkRequestInfo binderDied(NetworkRequest [ LISTEN id=39, [ Capabilities: INTERNET&NOT_RESTRICTED&TRUSTED Uid: 10177 AdministratorUids: [] RequestorUid: 10177 RequestorPackageName: com.google.android.apps.tachyon] ], android.os.BinderProxy@ec4ea05)
03-13 18:53:18.792  1452  2016 D ConnectivityService: releasing NetworkRequest [ TRACK_DEFAULT id=38, [ Capabilities: INTERNET&NOT_RESTRICTED&TRUSTED Uid: 10177 AdministratorUids: [] RequestorUid: 10177 RequestorPackageName: com.google.android.apps.tachyon] ] (release request)
03-13 18:53:18.986  1452  5196 I ActivityManager: Finished processing BOOT_COMPLETED for u0
03-13 18:53:18.988  1452  5196 I ActivityManager: Killing 3279:com.google.android.apps.wellbeing/u0a149 (adj 999): empty #31
03-13 18:53:19.024  1452  1939 D CompatibilityChangeReporter: Compat change id reported: 135634846; UID 10111; state: DISABLED
03-13 18:53:19.048  1452  5196 W ActivityManager: Background start not allowed: service Intent { cmp=org.telegram.messenger/.NotificationsService } to org.telegram.messenger/.NotificationsService from pid=8769 uid=10214 pkg=org.telegram.messenger startFg?=false
03-13 18:53:19.049  1452  5196 W ActivityManager: Background start not allowed: service Intent { cmp=org.telegram.messenger/.NotificationsService } to org.telegram.messenger/.NotificationsService from pid=8769 uid=10214 pkg=org.telegram.messenger startFg?=false
03-13 18:53:19.054  1452  1529 D CompatibilityChangeReporter: Compat change id reported: 143937733; UID 10111; state: ENABLED
03-13 18:53:19.083  1452  1529 W ActivityManager: Slow operation: 60ms so far, now at startProcess: returned from zygote!
03-13 18:53:19.084  1452  1529 W ActivityManager: Slow operation: 60ms so far, now at startProcess: done updating battery stats
03-13 18:53:19.084  1452  1529 W ActivityManager: Slow operation: 61ms so far, now at startProcess: building log message
03-13 18:53:19.084  1452  1529 I ActivityManager: Start proc 8819:com.android.externalstorage/u0a111 for broadcast {com.android.externalstorage/com.android.externalstorage.MountReceiver}
03-13 18:53:19.084  1452  1529 W ActivityManager: Slow operation: 61ms so far, now at startProcess: starting to update pids map
03-13 18:53:19.084  1452  1529 W ActivityManager: Slow operation: 61ms so far, now at startProcess: done updating pids map
03-