03-14 09:35:24.871   813   813 W LibBpfLoader: 16: (18) r3 = 0x9bff6400
03-14 09:35:24.871   813   813 W LibBpfLoader: 18: (1d) if r2 == r3 goto pc+2
03-14 09:35:24.871   813   813 W LibBpfLoader:  R1=pkt(id=0,off=0,r=40,imm=0) R2=inv(id=0,umax_value=4294967295,var_off=(0x0; 0xffffffff)) R3=inv2617205760 R6=ctx(id=0,off=0,imm=0) R8=inv0 R10=fp0
03-14 09:35:24.871   813   813 W LibBpfLoader: 19: (57) r2 &= 224
03-14 09:35:24.871   813   813 W LibBpfLoader: 20: (55) if r2 != 0x20 goto pc+126
03-14 09:35:24.871   813   813 W LibBpfLoader:  R1=pkt(id=0,off=0,r=40,imm=0) R2=inv32 R3=inv2617205760 R6=ctx(id=0,off=0,imm=0) R8=inv0 R10=fp0
03-14 09:35:24.871   813   813 W LibBpfLoader: 21: (61) r2 = *(u32 *)(r6 +40)
03-14 09:35:24.871   813   813 W LibBpfLoader: 22: (63) *(u32 *)(r10 -24) = r2
03-14 09:35:24.871   813   813 W LibBpfLoader: 23: (61) r2 = *(u32 *)(r1 +28)
03-14 09:35:24.871   813   813 W LibBpfLoader: 24: (63) *(u32 *)(r10 -16) = r2
03-14 09:35:24.871   813   813 W LibBpfLoader: 25: (61) r2 = *(u32 *)(r1 +24)
03-14 09:35:24.871   813   813 W LibBpfLoader: 26: (63) *(u32 *)(r10 -20) = r2
03-14 09:35:24.871   813   813 W LibBpfLoader: 27: (61) r2 = *(u32 *)(r1 +36)
03-14 09:35:24.871   813   813 W LibBpfLoader: 28: (63) *(u32 *)(r10 -8) = r2
03-14 09:35:24.871   813   813 W LibBpfLoader: 29: (61) r1 = *(u32 *)(r1 +32)
03-14 09:35:24.871   813   813 W LibBpfLoader: 30: (63) *(u32 *)(r10 -12) = r1
03-14 09:35:24.871   813   813 W LibBpfLoader: 31: (bf) r2 = r10
03-14 09:35:24.871   813   813 W LibBpfLoader: 32: (07) r2 += -24
03-14 09:35:24.871   813   813 W LibBpfLoader: 33: (18) r1 = 0xffffffc28dc1ac00
03-14 09:35:24.871   813   813 W LibBpfLoader: 35: (85) call bpf_map_lookup_elem#1
03-14 09:35:24.871   813   813 W LibBpfLoader: 36: (bf) r7 = r0
03-14 09:35:24.871   813   813 W LibBpfLoader: 37: (b7) r8 = 0
03-14 09:35:24.871   813   813 W LibBpfLoader: 38: (15) if r7 == 0x0 goto pc+108
03-14 09:35:24.871   813   813 W LibBpfLoader:  R0=map_value(id=0,off=0,ks=20,vs=20,imm=0) R6=ctx(id=0,off=0,imm=0) R7=map_value(id=0,off=0,ks=20,vs=20,imm=0) R8=inv0 R10=fp0
03-14 09:35:24.871   813   813 W LibBpfLoader: 39: (61) r1 = *(u32 *)(r6 +40)
03-14 09:35:24.871   813   813 W LibBpfLoader: 40: (63) *(u32 *)(r10 -28) = r1
03-14 09:35:24.871   813   813 W LibBpfLoader: 41: (bf) r2 = r10
03-14 09:35:24.871   813   813 W LibBpfLoader: 42: (07) r2 += -28
03-14 09:35:24.871   813   813 W LibBpfLoader: 43: (18) r1 = 0xffffffc28dc1f800
03-14 09:35:24.871   813   813 W LibBpfLoader: 45: (85) call bpf_map_lookup_elem#1
03-14 09:35:24.871   813   813 W LibBpfLoader: 46: (bf) r9 = r0
03-14 09:35:24.871   813   813 W LibBpfLoader: 47: (b7) r8 = 0
03-14 09:35:24.871   813   813 W LibBpfLoader: 48: (15) if r9 == 0x0 goto pc+98
03-14 09:35:24.871   813   813 W LibBpfLoader:  R0=map_value(id=0,off=0,ks=4,vs=48,imm=0) R6=ctx(id=0,off=0,imm=0) R7=map_value(id=0,off=0,ks=20,vs=20,imm=0) R8=inv0 R9=map_value(id=0,off=0,ks=4,vs=48,imm=0) R10=fp0
03-14 09:35:24.871   813   813 W LibBpfLoader: 49: (bf) r2 = r10
03-14 09:35:24.871   813   813 W LibBpfLoader: 50: (07) r2 += -28
03-14 09:35:24.871   813   813 W LibBpfLoader: 51: (18) r1 = 0xffffffc28dc1ec00
03-14 09:35:24.871   813   813 W LibBpfLoader: 53: (85) call bpf_map_lookup_elem#1
03-14 09:35:24.871   813   813 W LibBpfLoader: 54: (15) if r0 == 0x0 goto pc+92
03-14 09:35:24.871   813   813 W LibBpfLoader:  R0=map_value(id=0,off=0,ks=4,vs=8,imm=0) R6=ctx(id=0,off=0,imm=0) R7=map_value(id=0,off=0,ks=20,vs=20,imm=0) R8=inv0 R9=map_value(id=0,off=0,ks=4,vs=48,imm=0) R10=fp0
03-14 09:35:24.871   813   813 W LibBpfLoader: 55: (69) r1 = *(u16 *)(r7 +18)
03-14 09:35:24.871   813   813 W LibBpfLoader:  R0=map_value(id=0,off=0,ks=4,vs=8,imm=0) R6=ctx(id=0,off=0,imm=0) R7=map_value(id=0,off=0,ks=20,vs=20,imm=0) R8=inv0 R9=map_value(id=0,off=0,ks=4,vs=48,imm=0) R10=fp0
03-14 09:35:24.871   813   813 W LibBpfLoader: 56: (b7) r2 = 1280
03-14 09:35:24.871   813   813 W LibBpfLoader: 57: (2d) if r2 > r1 goto pc+89
03-14 09:35:24.871   813   813 W LibBpfLoader:  R0=map_value(id=0,off=0,ks=4,vs=8,imm=0) R1=inv(id=0,umin_value=1280,umax_value=65535,var_off=(0x0; 0xffff)) R2=inv1280 R6=ctx(id=0,off=0,imm=0) R7=map_value(id=0,off=0,ks=20,vs=20,imm=0) R8=inv0 R9=map_value(id=0,off=0,ks=4,vs=48,imm=0) R10=fp0
03-14 09:35:24.871   813   813 W LibBpfLoader: 58: (b7) r4 = 1
03-14 09:35:24.871   813   813 W LibBpfLoader: 59: (61) r3 = *(u32 *)(r6 +0)
03-14 09:35:24.871   813   813 W LibBpfLoader: 60: (3d) if r1 >= r3 goto pc+10
03-14 09:35:24.871   813   813 W LibBpfLoader:  R0=map_value(id=0,off=0,ks=4,vs=8,imm=0) R1=inv(id=0,umin_value=1280,umax_value=65535,var_off=(0x0; 0xffff)) R2=inv1280 R3=inv(id=0,umax_value=4294967295,var_off=(0x0; 0xffffffff)) R4=inv1 R6=ctx(id=0,off=0,imm=0) R7=map_value(id=0,off=0,ks=20,vs=20,imm=0) R8=inv0 R9=map_value(id=0,off=0,ks=4,vs=48,imm=0) R10=fp0
03-14 09:35:24.871   813   813 W LibBpfLoader: 61: (07) r3 += -72
03-14 09:35:24.871   813   813 W LibBpfLoader: 62: (bf) r4 = r1
03-14 09:35:24.871   813   813 W LibBpfLoader: 63: (0f) r4 += r3
03-14 09:35:24.871   813   813 W LibBpfLoader: 64: (07) r4 += -73
03-14 09:35:24.871   813   813 W LibBpfLoader: 65: (07) r1 += -72
03-14 09:35:24.871   813   813 W LibBpfLoader: 66: (3f) r4 /= r1
03-14 09:35:24.871   813   813 W LibBpfLoader: 67: (bf) r1 = r4
03-14 09:35:24.871   813   813 W LibBpfLoader: 68: (27) r1 *= 72
03-14 09:35:24.871   813   813 W LibBpfLoader: 69: (0f) r1 += r3
03-14 09:35:24.872   813   813 W LibBpfLoader: 70: (bf) r3 = r1
03-14 09:35:24.872   813   813 W LibBpfLoader: 71: (79) r1 = *(u64 *)(r9 +8)
03-14 09:35:24.872   813   813 W LibBpfLoader:  R0=map_value(id=0,off=0,ks=4,vs=8,imm=0) R1=inv(id=0) R2=inv1280 R3=inv(id=0) R4=inv(id=0) R6=ctx(id=0,off=0,imm=0) R7=map_value(id=0,off=0,ks=20,vs=20,imm=0) R8=inv0 R9=map_value(id=0,off=0,ks=4,vs=48,imm=0) R10=fp0
03-14 09:35:24.872   813   813 W LibBpfLoader: 72: (0f) r1 += r3
03-14 09:35:24.872   813   813 W LibBpfLoader: 73: (79) r2 = *(u64 *)(r9 +32)
03-14 09:35:24.872   813   813 W LibBpfLoader:  R0=map_value(id=0,off=0,ks=4,vs=8,imm=0) R1=inv(id=0) R2=inv1280 R3=inv(id=0) R4=inv(id=0) R6=ctx(id=0,off=0,imm=0) R7=map_value(id=0,off=0,ks=20,vs=20,imm=0) R8=inv0 R9=map_value(id=0,off=0,ks=4,vs=48,imm=0) R10=fp0
03-14 09:35:24.872   813   813 W LibBpfLoader: 74: (0f) r1 += r2
03-14 09:35:24.872   813   813 W LibBpfLoader: 75: (79) r2 = *(u64 *)(r0 +0)
03-14 09:35:24.872   813   813 W LibBpfLoader:  R0=map_value(id=0,off=0,ks=4,vs=8,imm=0) R1=inv(id=0) R2=inv(id=0) R3=inv(id=0) R4=inv(id=0) R6=ctx(id=0,off=0,imm=0) R7=map_value(id=0,off=0,ks=20,vs=20,imm=0) R8=inv0 R9=map_value(id=0,off=0,ks=4,vs=48,imm=0) R10=fp0
03-14 09:35:24.872   813   813 W LibBpfLoader: 76: (2d) if r1 > r2 goto pc+70
03-14 09:35:24.872   813   813 W LibBpfLoader:  R0=map_value(id=0,off=0,ks=4,vs=8,imm=0) R1=inv(id=0) R2=inv(id=0) R3=inv(id=0) R4=inv(id=0) R6=ctx(id=0,off=0,imm=0) R7=map_value(id=0,off=0,ks=20,vs=20,imm=0) R8=inv0 R9=map_value(id=0,off=0,ks=4,vs=48,imm=0) R10=fp0
03-14 09:35:24.872   813   813 W LibBpfLoader: 77: (7b) *(u64 *)(r10 -48) = r4
03-14 09:35:24.872   813   813 W LibBpfLoader: 78: (7b) *(u64 *)(r10 -40) = r3
03-14 09:35:24.872   813   813 W LibBpfLoader: 79: (b7) r8 = 0
03-14 09:35:24.872   813   813 W LibBpfLoader: 80: (bf) r1 = r6
03-14 09:35:24.872   813   813 W LibBpfLoader: 81: (b7) r2 = 14
03-14 09:35:24.872   813   813 W LibBpfLoader: 82: (b7) r3 = 0
03-14 09:35:24.872   813   813 W LibBpfLoader: 83: (85) call bpf_skb_change_head#43
03-14 09:35:24.872   813   813 W LibBpfLoader: unknown func bpf_skb_change_head#43
03-14 09:35:24.872   813   813 W LibBpfLoader: 
03-14 09:35:24.872   813   813 W LibBpfLoader: bpf_prog_load - END log_buf contents.
03-14 09:35:24.872   813   813 W LibBpfLoader: failed program is marked optional - continuing...
03-14 09:35:24.872   813   813 D LibBpfLoader: cs[3].name:schedcls_ingress_tether_rawip$stub min_kver:0 .max_kver:50400 (kvers:40e75)
03-14 09:35:24.872   813   813 D LibBpfLoader: bpf_prog_load lib call for /system/etc/bpf/offload.o (schedcls_ingress_tether_rawip$stub) returned fd: 11 (no error)
03-14 09:35:24.872   813   813 I bpfloader: Loaded object: /system/etc/bpf/offload.o
03-14 09:35:24.895   687   687 I sscrpcd : remote_handle_open: Successfully opened handle 0x7f for '":;./\createstaticpd:sensorspd on domain 2
03-14 09:35:24.895   687   687 E sscrpcd : Error 0xffffffff: apps_dev_init failed for domain 2, errno Transport endpoint is not connected
03-14 09:35:24.895   687   687 E sscrpcd : Error 0xffffffff: open_dev (-1) failed for domain 2
03-14 09:35:24.895   687   687 E sscrpcd : vendor/qcom/proprietary/sensors-see/sscrpcd/src/sscrpcd.cpp:42:adsp daemon will restart after 25ms...
03-14 09:35:24.921   687   687 I sscrpcd : remote_handle_open: Successfully opened handle 0x7f for '":;./\createstaticpd:sensorspd on domain 2
03-14 09:35:24.921   687   687 E sscrpcd : Error 0xffffffff: apps_dev_init failed for domain 2, errno Transport endpoint is not connected
03-14 09:35:24.921   687   687 E sscrpcd : Error 0xffffffff: open_dev (-1) failed for domain 2
03-14 09:35:24.921   687   687 E sscrpcd : vendor/qcom/proprietary/sensors-see/sscrpcd/src/sscrpcd.cpp:42:adsp daemon will restart after 25ms...
03-14 09:35:24.935   821   821 I ServiceManager: Waiting for service 'statscompanion' on '/dev/binder'...
03-14 09:35:24.946   822   822 I netdClient: Skipping libnetd_client init since *we* are netd
03-14 09:35:24.947   687   687 I sscrpcd : remote_handle_open: Successfully opened handle 0x7f for '":;./\createstaticpd:sensorspd on domain 2
03-14 09:35:24.947   687   687 E sscrpcd : Error 0xffffffff: apps_dev_init failed for domain 2, errno Transport endpoint is not connected
03-14 09:35:24.947   687   687 E sscrpcd : Error 0xffffffff: open_dev (-1) failed for domain 2
03-14 09:35:24.948   687   687 E sscrpcd : vendor/qcom/proprietary/sensors-see/sscrpcd/src/sscrpcd.cpp:42:adsp daemon will restart after 25ms...
03-14 09:35:24.952   822   822 I netd    : netd 1.0 starting
03-14 09:35:24.954   822   822 D TetherController: Setting IP forward enable = 0
03-14 09:35:24.954   822   822 D FirewallController: Could not read /proc/self/uid_map, max uid defaulting to 4294967294
03-14 09:35:24.962   822   822 I netd    : Creating child chains: 5619us
03-14 09:35:24.963   822   822 I netd    : Setting up OEM hooks: 99us
03-14 09:35:24.963   822   822 I netd    : Setting up FirewallController hooks: 11us
03-14 09:35:24.964   822   822 I netd    : Setting up TetherController hooks: 926us
03-14 09:35:24.964   822   822 I netd    : Setting up BandwidthController hooks: 512us
03-14 09:35:24.964   822   822 I netd    : Setting up IdletimerController hooks: 29us
03-14 09:35:24.967   822   822 I netd    : Setting up StrictController hooks: 2658us
03-14 09:35:24.967   822   822 I ClatdController: 4.9+ kernel and device shipped with Q+ - clat ebpf should work.
03-14 09:35:24.967   822   822 I netd    : Initializing ClatdController: 85us
03-14 09:35:24.967   822   822 I netd    : Initializing traffic control: 310us
03-14 09:35:24.969   822   822 I netd    : Enabling bandwidth control: 2240us
03-14 09:35:24.970   822   822 I netd    : Initializing RouteController: 949us
03-14 09:35:24.970   822   822 D XfrmController: XfrmController::ipSecAddXfrmInterface, line=1377
03-14 09:35:24.971   822   822 D XfrmController: XfrmController::ipSecRemoveTunnelInterface, line=1590
03-14 09:35:24.971   822   822 D XfrmController: deviceName=ipsec_test
03-14 09:35:24.974   687   687 I sscrpcd : remote_handle_open: Successfully opened handle 0x7f for '":;./\createstaticpd:sensorspd on domain 2
03-14 09:35:24.974   687   687 E sscrpcd : Error 0xffffffff: apps_dev_init failed for domain 2, errno Transport endpoint is not connected
03-14 09:35:24.974   687   687 E sscrpcd : Error 0xffffffff: open_dev (-1) failed for domain 2
03-14 09:35:24.974   687   687 E sscrpcd : vendor/qcom/proprietary/sensors-see/sscrpcd/src/sscrpcd.cpp:42:adsp daemon will restart after 25ms...
03-14 09:35:25.000   687   687 I sscrpcd : remote_handle_open: Successfully opened handle 0x7f for '":;./\createstaticpd:sensorspd on domain 2
03-14 09:35:25.000   687   687 E sscrpcd : Error 0xffffffff: apps_dev_init failed for domain 2, errno Transport endpoint is not connected
03-14 09:35:25.000   687   687 E sscrpcd : Error 0xffffffff: open_dev (-1) failed for domain 2
03-14 09:35:25.000   854   854 I BOOT    : MSM target '', SoC 'MTP', HwID '339', SoC ver '65536'
03-14 09:35:25.001   687   687 E sscrpcd : vendor/qcom/proprietary/sensors-see/sscrpcd/src/sscrpcd.cpp:42:adsp daemon will restart after 25ms...
03-14 09:35:25.027   687   687 I sscrpcd : remote_handle_open: Successfully opened handle 0x7f for '":;./\createstaticpd:sensorspd on domain 2
03-14 09:35:25.027   687   687 E sscrpcd : Error 0xffffffff: apps_dev_init failed for domain 2, errno Transport endpoint is not connected
03-14 09:35:25.027   687   687 E sscrpcd : Error 0xffffffff: open_dev (-1) failed for domain 2
03-14 09:35:25.028   687   687 E sscrpcd : vendor/qcom/proprietary/sensors-see/sscrpcd/src/sscrpcd.cpp:42:adsp daemon will restart after 25ms...
03-14 09:35:25.035   821   821 I ServiceManager: Waiting for service 'statscompanion' on '/dev/binder'...
03-14 09:35:25.042   822   822 D XfrmController: Sending Netlink XFRM Message: XFRM_MSG_FLUSHSA
03-14 09:35:25.042   822   822 D XfrmController: Sending Netlink XFRM Message: XFRM_MSG_FLUSHPOLICY
03-14 09:35:25.042   822   822 I netd    : Initializing XfrmController: 71499us
03-14 09:35:25.044   822   822 I libnetd_resolv: resolv_init: Initializing resolver
03-14 09:35:25.054   687   687 I sscrpcd : remote_handle_open: Successfully opened handle 0x7f for '":;./\createstaticpd:sensorspd on domain 2
03-14 09:35:25.054   687   687 E sscrpcd : Error 0xffffffff: apps_dev_init failed for domain 2, errno Transport endpoint is not connected
03-14 09:35:25.054   687   687 E sscrpcd : Error 0xffffffff: open_dev (-1) failed for domain 2
03-14 09:35:25.054   687   687 E sscrpcd : vendor/qcom/proprietary/sensors-see/sscrpcd/src/sscrpcd.cpp:42:adsp daemon will restart after 25ms...
03-14 09:35:25.080   687   687 I sscrpcd : remote_handle_open: Successfully opened handle 0x7f for '":;./\createstaticpd:sensorspd on domain 2
03-14 09:35:25.080   687   687 E sscrpcd : Error 0xffffffff: apps_dev_init failed for domain 2, errno Transport endpoint is not connected
03-14 09:35:25.080   687   687 E sscrpcd : Error 0xffffffff: open_dev (-1) failed for domain 2
03-14 09:35:25.081   687   687 E sscrpcd : vendor/qcom/proprietary/sensors-see/sscrpcd/src/sscrpcd.cpp:42:adsp daemon will restart after 25ms...
03-14 09:35:25.097   823   823 D AndroidRuntime: >>>>>> START com.android.internal.os.ZygoteInit uid 0 <<<<<<
03-14 09:35:25.102   824   824 D AndroidRuntime: >>>>>> START com.android.internal.os.ZygoteInit uid 0 <<<<<<
03-14 09:35:25.107   687   687 I sscrpcd : remote_handle_open: Successfully opened handle 0x7f for '":;./\createstaticpd:sensorspd on domain 2
03-14 09:35:25.107   687   687 E sscrpcd : Error 0xffffffff: apps_dev_init failed for domain 2, errno Transport endpoint is not connected
03-14 09:35:25.107   687   687 E sscrpcd : Error 0xffffffff: open_dev (-1) failed for domain 2
03-14 09:35:25.108   687   687 E sscrpcd : vendor/qcom/proprietary/sensors-see/sscrpcd/src/sscrpcd.cpp:42:adsp daemon will restart after 25ms...
03-14 09:35:25.111   823   823 I AndroidRuntime: Using default boot image
03-14 09:35:25.111   823   823 I AndroidRuntime: Leaving lock profiling enabled
03-14 09:35:25.114   823   823 I zygote64: option[0]=-Xzygote
03-14 09:35:25.114   823   823 I zygote64: option[1]=exit
03-14 09:35:25.114   823   823 I zygote64: option[2]=vfprintf
03-14 09:35:25.114   823   823 I zygote64: option[3]=sensitiveThread
03-14 09:35:25.114   823   823 I zygote64: option[4]=-verbose:gc
03-14 09:35:25.114   823   823 I zygote64: option[5]=-XX:PerfettoHprof=true
03-14 09:35:25.114   823   823 I zygote64: option[6]=-Xprimaryzygote
03-14 09:35:25.114   823   823 I zygote64: option[7]=-Xms24m
03-14 09:35:25.115   823   823 I zygote64: option[8]=-Xmx512m
03-14 09:35:25.115   823   823 I zygote64: option[9]=-XX:HeapGrowthLimit=256m
03-14 09:35:25.115   823   823 I zygote64: option[10]=-XX:HeapMinFree=8m
03-14 09:35:25.115   823   823 I zygote64: option[11]=-XX:HeapMaxFree=48m
03-14 09:35:25.115   823   823 I zygote64: option[12]=-XX:HeapTargetUtilization=0.46
03-14 09:35:25.115   823   823 I zygote64: option[13]=-Xusejit:true
03-14 09:35:25.115   823   823 I zygote64: option[14]=-Xjitsaveprofilinginfo
03-14 09:35:25.115   823   823 I zygote64: option[15]=-XjdwpOptions:suspend=n,server=y
03-14 09:35:25.115   823   823 I zygote64: option[16]=-XjdwpProvider:default
03-14 09:35:25.115   823   823 I zygote64: option[17]=-Xopaque-jni-ids:swapable
03-14 09:35:25.115   823   823 I zygote64: option[18]=-Xlockprofthreshold:500
03-14 09:35:25.115   823   823 I zygote64: option[19]=-Xcompiler-option
03-14 09:35:25.115   823   823 I zygote64: option[20]=--compiler-filter=speed
03-14 09:35:25.115   823   823 I zygote64: option[21]=-Xcompiler-option
03-14 09:35:25.115   823   823 I zygote64: option[22]=-j8
03-14 09:35:25.115   823   823 I zygote64: option[23]=-Xcompiler-option
03-14 09:35:25.115   823   823 I zygote64: option[24]=--instruction-set-variant=cortex-a76
03-14 09:35:25.115   823   823 I zygote64: option[25]=-Xcompiler-option
03-14 09:35:25.115   823   823 I zygote64: option[26]=--instruction-set-features=default
03-14 09:35:25.115   823   823 I zygote64: option[27]=-Xcompiler-option
03-14 09:35:25.115   823   823 I zygote64: option[28]=--generate-mini-debug-info
03-14 09:35:25.115   823   823 I zygote64: option[29]=-Ximage-compiler-option
03-14 09:35:25.115   823   823 I zygote64: option[30]=--runtime-arg
03-14 09:35:25.115   823   823 I zygote64: option[31]=-Ximage-compiler-option
03-14 09:35:25.115   823   823 I zygote64: option[32]=-Xms64m
03-14 09:35:25.115   823   823 I zygote64: option[33]=-Ximage-compiler-option
03-14 09:35:25.115   823   823 I zygote64: option[34]=--runtime-arg
03-14 09:35:25.115   823   823 I zygote64: option[35]=-Ximage-compiler-option
03-14 09:35:25.115   823   823 I zygote64: option[36]=-Xmx64m
03-14 09:35:25.115   823   823 I zygote64: option[37]=-Ximage-compiler-option
03-14 09:35:25.115   823   823 I zygote64: option[38]=--compiler-filter=speed
03-14 09:35:25.115   823   823 I zygote64: option[39]=-Ximage-compiler-option
03-14 09:35:25.115   823   823 I zygote64: option[40]=--dirty-image-objects=/system/etc/dirty-image-objects
03-14 09:35:25.115   823   823 I zygote64: option[41]=-Ximage-compiler-option
03-14 09:35:25.115   823   823 I zygote64: option[42]=-j8
03-14 09:35:25.115   823   823 I zygote64: option[43]=-Ximage-compiler-option
03-14 09:35:25.115   823   823 I zygote64: option[44]=--instruction-set-variant=cortex-a76
03-14 09:35:25.115   823   823 I zygote64: option[45]=-Ximage-compiler-option
03-14 09:35:25.115   823   823 I zygote64: option[46]=--instruction-set-features=default
03-14 09:35:25.115   823   823 I zygote64: option[47]=-Ximage-compiler-option
03-14 09:35:25.115   823   823 I zygote64: option[48]=--generate-mini-debug-info
03-14 09:35:25.115   823   823 I zygote64: option[49]=-Duser.locale=en-IN
03-14 09:35:25.115   823   823 I zygote64: option[50]=--cpu-abilist=arm64-v8a
03-14 09:35:25.115   823   823 I zygote64: option[51]=-Xcore-platform-api-policy:just-warn
03-14 09:35:25.115   823   823 I zygote64: option[52]=-Xfingerprint:OnePlus/OnePlus7TPro/OnePlus7TPro:11/RKQ1.201022.002/2102240103:user/release-keys
03-14 09:35:25.117   824   824 I AndroidRuntime: Using default boot image
03-14 09:35:25.117   824   824 I AndroidRuntime: Leaving lock profiling enabled
03-14 09:35:25.119   824   824 I zygote  : option[0]=-Xzygote
03-14 09:35:25.119   824   824 I zygote  : option[1]=exit
03-14 09:35:25.119   824   824 I zygote  : option[2]=vfprintf
03-14 09:35:25.119   824   824 I zygote  : option[3]=sensitiveThread
03-14 09:35:25.119   824   824 I zygote  : option[4]=-verbose:gc
03-14 09:35:25.119   824   824 I zygote  : option[5]=-XX:PerfettoHprof=true
03-14 09:35:25.119   824   824 I zygote  : option[6]=-Xms24m
03-14 09:35:25.119   824   824 I zygote  : option[7]=-Xmx512m
03-14 09:35:25.119   824   824 I zygote  : option[8]=-XX:HeapGrowthLimit=256m
03-14 09:35:25.119   824   824 I zygote  : option[9]=-XX:HeapMinFree=8m
03-14 09:35:25.119   824   824 I zygote  : option[10]=-XX:HeapMaxFree=48m
03-14 09:35:25.119   824   824 I zygote  : option[11]=-XX:HeapTargetUtilization=0.46
03-14 09:35:25.119   824   824 I zygote  : option[12]=-Xusejit:true
03-14 09:35:25.119   824   824 I zygote  : option[13]=-Xjitsaveprofilinginfo
03-14 09:35:25.119   824   824 I zygote  : option[14]=-XjdwpOptions:suspend=n,server=y
03-14 09:35:25.119   824   824 I zygote  : option[15]=-XjdwpProvider:default
03-14 09:35:25.119   824   824 I zygote  : option[16]=-Xopaque-jni-ids:swapable
03-14 09:35:25.119   823   823 I zygote64: Core platform API reporting enabled, enforcing=false
03-14 09:35:25.119   824   824 I zygote  : option[17]=-Xlockprofthreshold:500
03-14 09:35:25.119   824   824 I zygote  : option[18]=-Xcompiler-option
03-14 09:35:25.119   824   824 I zygote  : option[19]=--compiler-filter=speed
03-14 09:35:25.119   824   824 I zygote  : option[20]=-Xcompiler-option
03-14 09:35:25.119   824   824 I zygote  : option[21]=-j8
03-14 09:35:25.119   824   824 I zygote  : option[22]=-Xcompiler-option
03-14 09:35:25.119   824   824 I zygote  : option[23]=--instruction-set-variant=cortex-a76
03-14 09:35:25.119   824   824 I zygote  : option[24]=-Xcompiler-option
03-14 09:35:25.119   824   824 I zygote  : option[25]=--instruction-set-features=default
03-14 09:35:25.119   824   824 I zygote  : option[26]=-Xcompiler-option
03-14 09:35:25.119   824   824 I zygote  : option[27]=--generate-mini-debug-info
03-14 09:35:25.119   824   824 I zygote  : option[28]=-Ximage-compiler-option
03-14 09:35:25.119   824   824 I zygote  : option[29]=--runtime-arg
03-14 09:35:25.119   824   824 I zygote  : option[30]=-Ximage-compiler-option
03-14 09:35:25.119   824   824 I zygote  : option[31]=-Xms64m
03-14 09:35:25.119   824   824 I zygote  : option[32]=-Ximage-compiler-option
03-14 09:35:25.119   824   824 I zygote  : option[33]=--runtime-arg
03-14 09:35:25.119   824   824 I zygote  : option[34]=-Ximage-compiler-option
03-14 09:35:25.119   824   824 I zygote  : option[35]=-Xmx64m
03-14 09:35:25.119   824   824 I zygote  : option[36]=-Ximage-compiler-option
03-14 09:35:25.119   824   824 I zygote  : option[37]=--compiler-filter=speed
03-14 09:35:25.119   824   824 I zygote  : option[38]=-Ximage-compiler-option
03-14 09:35:25.119   824   824 I zygote  : option[39]=--dirty-image-objects=/system/etc/dirty-image-objects
03-14 09:35:25.119   824   824 I zygote  : option[40]=-Ximage-compiler-option
03-14 09:35:25.119   824   824 I zygote  : option[41]=-j8
03-14 09:35:25.119   824   824 I zygote  : option[42]=-Ximage-compiler-option
03-14 09:35:25.119   824   824 I zygote  : option[43]=--instruction-set-variant=cortex-a76
03-14 09:35:25.119   824   824 I zygote  : option[44]=-Ximage-compiler-option
03-14 09:35:25.119   824   824 I zygote  : option[45]=--instruction-set-features=default
03-14 09:35:25.119   824   824 I zygote  : option[46]=-Ximage-compiler-option
03-14 09:35:25.119   824   824 I zygote  : option[47]=--generate-mini-debug-info
03-14 09:35:25.119   824   824 I zygote  : option[48]=-Duser.locale=en-IN
03-14 09:35:25.119   824   824 I zygote  : option[49]=--cpu-abilist=armeabi-v7a,armeabi
03-14 09:35:25.119   824   824 I zygote  : option[50]=-Xcore-platform-api-policy:just-warn
03-14 09:35:25.119   824   824 I zygote  : option[51]=-Xfingerprint:OnePlus/OnePlus7TPro/OnePlus7TPro:11/RKQ1.201022.002/2102240103:user/release-keys
03-14 09:35:25.123   824   824 I zygote  : Core platform API reporting enabled, enforcing=false
03-14 09:35:25.134   687   687 I sscrpcd : remote_handle_open: Successfully opened handle 0x7f for '":;./\createstaticpd:sensorspd on domain 2
03-14 09:35:25.134   687   687 E sscrpcd : Error 0xffffffff: apps_dev_init failed for domain 2, errno Operation not permitted
03-14 09:35:25.134   687   687 E sscrpcd : Error 0xffffffff: open_dev (-1) failed for domain 2
03-14 09:35:25.135   687   687 E sscrpcd : vendor/qcom/proprietary/sensors-see/sscrpcd/src/sscrpcd.cpp:42:adsp daemon will restart after 25ms...
03-14 09:35:25.135   821   821 I ServiceManager: Waiting for service 'statscompanion' on '/dev/binder'...
03-14 09:35:25.155   625   625 I hwservicemanager: Since vendor.oneplus.fingerprint.extension@1.0::IVendorFingerprintExtensions/default is not registered, trying to start it as a lazy HAL.
03-14 09:35:25.156   625   625 I hwservicemanager: Since vendor.oneplus.fingerprint.extension@1.0::IVendorFingerprintExtensions/default is not registered, trying to start it as a lazy HAL.
03-14 09:35:25.156   891   891 I HidlServiceManagement: Registered android.hidl.allocator@1.0::IAllocator/ashmem (start delay of 24ms)
03-14 09:35:25.156   891   891 I HidlServiceManagement: Removing namespace from process name android.hidl.allocator@1.0-service to allocator@1.0-service.
03-14 09:35:25.161   687   687 I sscrpcd : remote_handle_open: Successfully opened handle 0x7f for '":;./\createstaticpd:sensorspd on domain 2
03-14 09:35:25.162   892   892 I HidlServiceManagement: getService: Trying again for vendor.oneplus.fingerprint.extension@1.0::IVendorFingerprintExtensions/default...
03-14 09:35:25.165   687   687 I sscrpcd : fastrpc_perf_init: enabled RPC traces (kernel 0, dsp 0) with frequency 1000
03-14 09:35:25.165   687   687 I sscrpcd : remote_handle_open: Successfully opened handle 0x3724e380 for adsp_default_listener on domain 2
03-14 09:35:25.165   687   687 I sscrpcd : remote_handle_open: Successfully opened handle 0x3724e620 for adsp_default_listener on domain 2
03-14 09:35:25.166   687   687 I sscrpcd : remote_handle_open: Successfully opened handle 0x7 for '":;./\geteventfd on domain 2
03-14 09:35:25.168   687   899 W sscrpcd : vendor/qcom/proprietary/commonsys-intf/adsprpc/src/apps_std_imp.c:749: Warning: fopen returned 0x2 for file oemconfig.so. (No such file or directory)
03-14 09:35:25.170   890   890 D audiohalservice: Init hw binder with mem  size = 1024  
03-14 09:35:25.173   625   625 I hwservicemanager: getTransport: Cannot find entry android.hardware.audio@6.0::IDevicesFactory/default in either framework or device manifest.
03-14 09:35:25.174   890   890 E LegacySupport: Could not get passthrough implementation for android.hardware.audio@6.0::IDevicesFactory/default.
03-14 09:35:25.178   687   899 W sscrpcd : vendor/qcom/proprietary/commonsys-intf/adsprpc/src/apps_std_imp.c:749: Warning: fopen returned 0x2 for file /mnt/vendor/persist/sensors/pickup_nn_wb.bin. (No such file or directory)
03-14 09:35:25.180   893   893 I android.hardware.bluetooth@1.0-service: vendorEnhancedInfo: 3
03-14 09:35:25.180   893   893 I android.hardware.bluetooth@1.0-service: isVendorEnhancedFramework: 1
03-14 09:35:25.180   893   893 I android.hardware.bluetooth@1.0-service: Registering BT Service
03-14 09:35:25.181   900   900 W android.hardware.configstore@1.1-service: libminijail[900]: allowing syscall: connect
03-14 09:35:25.181   900   900 W android.hardware.configstore@1.1-service: libminijail[900]: allowing syscall: fcntl
03-14 09:35:25.181   900   900 W android.hardware.configstore@1.1-service: libminijail[900]: allowing syscall: sendto
03-14 09:35:25.181   900   900 W android.hardware.configstore@1.1-service: libminijail[900]: allowing syscall: socket
03-14 09:35:25.181   900   900 W android.hardware.configstore@1.1-service: libminijail[900]: allowing syscall: writev
03-14 09:35:25.182   900   900 W android.hardware.configstore@1.1-service: libminijail[900]: logging seccomp filter failures
03-14 09:35:25.185   900   900 I HidlServiceManagement: Registered android.hardware.configstore@1.1::ISurfaceFlingerConfigs/default (start delay of 23ms)
03-14 09:35:25.185   900   900 I HidlServiceManagement: Removing namespace from process name android.hardware.configstore@1.1-service to configstore@1.1-service.
03-14 09:35:25.188   893   893 I HidlServiceManagement: Registered android.hardware.bluetooth@1.0::IBluetoothHci/default (start delay of 46ms)
03-14 09:35:25.188   893   893 I HidlServiceManagement: Removing namespace from process name android.hardware.bluetooth@1.0-service-qti to bluetooth@1.0-service-qti.
03-14 09:35:25.188   893   893 I android.hardware.bluetooth@1.0-service-qti: Registration complete for android.hardware.bluetooth@1.0::IBluetoothHci/default.
03-14 09:35:25.188   893   893 I android.hardware.bluetooth@1.0-service: Registering ANT Service
03-14 09:35:25.191   893   893 I HidlServiceManagement: Registered com.qualcomm.qti.ant@1.0::IAntHci/default (start delay of 49ms)
03-14 09:35:25.191   893   893 I android.hardware.bluetooth@1.0-service-qti: Registration complete for com.qualcomm.qti.ant@1.0::IAntHci/default.
03-14 09:35:25.194   687   687 W sscrpcd : type=1400 audit(0.0:16): avc: denied { search } for name="project_info" dev="sysfs" ino=79528 scontext=u:r:vendor_sensors:s0 tcontext=u:object_r:sysfs_project_info:s0 tclass=dir permissive=0
03-14 09:35:25.194   893   893 E vendor.qti.hardware.bluetooth_sar@1.0-BluetoothSar: HIDL_FETCH_IBluetoothSar
03-14 09:35:25.195   893   893 I HidlServiceManagement: Registered vendor.qti.hardware.bluetooth_sar@1.0::IBluetoothSar/default (start delay of 53ms)
03-14 09:35:25.195   893   893 I android.hardware.bluetooth@1.0-service-qti: Registration complete for vendor.qti.hardware.bluetooth_sar@1.0::IBluetoothSar/default.
03-14 09:35:25.195   893   893 I android.hardware.bluetooth@1.0-service: Registering BT Config store Service
03-14 09:35:25.203   687   899 E sscrpcd : vendor/qcom/proprietary/commonsys-intf/adsprpc/src/apps_std_imp.c:283:Error 0x15: fread returning 0 bytes, requested was 512 bytes, errno is 1
03-14 09:35:25.204   894   894 I android.hardware.camera.provider@2.4-service: CameraProvider@2.4 legacy service is starting.
03-14 09:35:25.204   687   899 W sscrpcd : vendor/qcom/proprietary/commonsys-intf/adsprpc/src/apps_std_imp.c:749: Warning: fopen returned 0x2 for file /sys/project_info/project_name. (No such file or directory)
03-14 09:35:25.204   687   899 E sscrpcd : vendor/qcom/proprietary/commonsys-intf/adsprpc/src/apps_std_imp.c:1030::Error: 57: 0 == (nOpenErr = apps_std_fopen_with_env("ADSP_LIBRARY_PATH", ";", name, "r", &ps))
03-14 09:35:25.204   687   899 E sscrpcd : vendor/qcom/proprietary/commonsys-intf/adsprpc/src/apps_std_imp.c:1048:Error 0x57: failed to stat /sys/project_info/project_name, file open returned 2, errno is No such file or directory
03-14 09:35:25.205   687   899 W sscrpcd : vendor/qcom/proprietary/commonsys-intf/adsprpc/src/apps_std_imp.c:749: Warning: fopen returned 0x2 for file /mnt/vendor/persist/sensors/registry/file1. (No such file or directory)
03-14 09:35:25.205   687   899 E sscrpcd : vendor/qcom/proprietary/commonsys-intf/adsprpc/src/apps_std_imp.c:1030::Error: 57: 0 == (nOpenErr = apps_std_fopen_with_env("ADSP_LIBRARY_PATH", ";", name, "r", &ps))
03-14 09:35:25.205   687   899 E sscrpcd : vendor/qcom/proprietary/commonsys-intf/adsprpc/src/apps_std_imp.c:1048:Error 0x57: failed to stat /mnt/vendor/persist/sensors/registry/file1, file open returned 2, errno is No such file or directory
03-14 09:35:25.205   893   893 I HidlServiceManagement: Registered vendor.qti.hardware.btconfigstore@1.0::IBTConfigStore/default (start delay of 63ms)
03-14 09:35:25.205   893   893 I android.hardware.bluetooth@1.0-service-qti: Registration complete for vendor.qti.hardware.btconfigstore@1.0::IBTConfigStore/default.
03-14 09:35:25.206   687   899 W sscrpcd : vendor/qcom/proprietary/commonsys-intf/adsprpc/src/apps_std_imp.c:749: Warning: fopen returned 0x2 for file /mnt/vendor/persist/sensors/registry/file2. (No such file or directory)
03-14 09:35:25.206   687   899 E sscrpcd : vendor/qcom/proprietary/commonsys-intf/adsprpc/src/apps_std_imp.c:1030::Error: 57: 0 == (nOpenErr = apps_std_fopen_with_env("ADSP_LIBRARY_PATH", ";", name, "r", &ps))
03-14 09:35:25.206   687   899 E sscrpcd : vendor/qcom/proprietary/commonsys-intf/adsprpc/src/apps_std_imp.c:1048:Error 0x57: failed to stat /mnt/vendor/persist/sensors/registry/file2, file open returned 2, errno is No such file or directory
03-14 09:35:25.207   890   890 I HidlServiceManagement: Registered android.hardware.audio@5.0::IDevicesFactory/default (start delay of 74ms)
03-14 09:35:25.207   890   890 I HidlServiceManagement: Removing namespace from process name android.hardware.audio.service to audio.service.
03-14 09:35:25.207   890   890 I LegacySupport: Registration complete for android.hardware.audio@5.0::IDevicesFactory/default.
03-14 09:35:25.207   625   625 I hwservicemanager: getTransport: Cannot find entry android.hardware.audio.effect@6.0::IEffectsFactory/default in either framework or device manifest.
03-14 09:35:25.207   890   890 E LegacySupport: Could not get passthrough implementation for android.hardware.audio.effect@6.0::IEffectsFactory/default.
03-14 09:35:25.215   902   902 I HidlServiceManagement: Registered android.hardware.drm@1.3::IDrmFactory/clearkey (start delay of 52ms)
03-14 09:35:25.215   902   902 I HidlServiceManagement: Removing namespace from process name android.hardware.drm@1.3-service.clearkey to drm@1.3-service.clearkey.
03-14 09:35:25.219   890   890 I HidlServiceManagement: Registered android.hardware.audio.effect@5.0::IEffectsFactory/default (start delay of 87ms)
03-14 09:35:25.219   890   890 I LegacySupport: Registration complete for android.hardware.audio.effect@5.0::IEffectsFactory/default.
03-14 09:35:25.219   902   902 I HidlServiceManagement: Registered android.hardware.drm@1.3::ICryptoFactory/clearkey (start delay of 57ms)
03-14 09:35:25.219   902   902 I HidlServiceManagement: Removing namespace from process name android.hardware.drm@1.3-service.clearkey to drm@1.3-service.clearkey.
03-14 09:35:25.226   898   898 I HidlServiceManagement: Registered android.hardware.cas@1.2::IMediaCasService/default (start delay of 74ms)
03-14 09:35:25.226   898   898 I HidlServiceManagement: Removing namespace from process name android.hardware.cas@1.2-service to cas@1.2-service.
03-14 09:35:25.229   911   911 E android.hardware.lights-service.qti: light_open lights keyboard failed: -22
03-14 09:35:25.235   911   911 E android.hardware.lights-service.qti: Light passthrough failed to load legacy HAL.
03-14 09:35:25.236   911   911 E android.hardware.lights-service.qti: light_open lights buttons failed: -22
03-14 09:35:25.236   911   911 E android.hardware.lights-service.qti: Light passthrough failed to load legacy HAL.
03-14 09:35:25.239   911   911 E android.hardware.lights-service.qti: light_open lights bluetooth failed: -22
03-14 09:35:25.239   911   911 E android.hardware.lights-service.qti: Light passthrough failed to load legacy HAL.
03-14 09:35:25.239   911   911 E android.hardware.lights-service.qti: light_open lights wifi failed: -22
03-14 09:35:25.239   911   911 E android.hardware.lights-service.qti: Light passthrough failed to load legacy HAL.
03-14 09:35:25.239   821   821 I ServiceManager: Waiting for service 'statscompanion' on '/dev/binder'...
03-14 09:35:25.240   624   624 I servicemanager: getDeviceHalManifest: Reading VINTF information.
03-14 09:35:25.243   624   624 I servicemanager: getDeviceHalManifest: Successfully processed VINTF information
03-14 09:35:25.243   624   624 I servicemanager: getFrameworkHalManifest: Reading VINTF information.
03-14 09:35:25.243   624   624 I servicemanager: getFrameworkHalManifest: Successfully processed VINTF information
03-14 09:35:25.243   624   624 I servicemanager: Found android.hardware.light.ILights/default in device VINTF manifest.
03-14 09:35:25.244   905   905 I HidlServiceManagement: Registered android.hardware.drm@1.3::IDrmFactory/widevine (start delay of 82ms)
03-14 09:35:25.244   905   905 I HidlServiceManagement: Removing namespace from process name android.hardware.drm@1.3-service.widevine to drm@1.3-service.widevine.
03-14 09:35:25.247   905   905 I HidlServiceManagement: Registered android.hardware.drm@1.3::ICryptoFactory/widevine (start delay of 85ms)
03-14 09:35:25.247   905   905 I HidlServiceManagement: Removing namespace from process name android.hardware.drm@1.3-service.widevine to drm@1.3-service.widevine.
03-14 09:35:25.251   910   910 I android.hardware.health@2.1-service: default instance initializing with healthd_config...
03-14 09:35:25.252   910   910 I HidlServiceManagement: Registered android.hardware.health@2.1::IHealth/default (start delay of 70ms)
03-14 09:35:25.253   910   910 I HidlServiceManagement: Removing namespace from process name android.hardware.health@2.1-service to health@2.1-service.
03-14 09:35:25.253   910   910 I android.hardware.health@2.1-service: default: Hal init done
03-14 09:35:25.257   906   906 I android.hardware.gnss@2.0-service-qti: main
03-14 09:35:25.265   922   922 I thermal_hal: Thermal HAL Service 2.0 starting...
03-14 09:35:25.267   890   890 E vndksupport: Could not load /vendor/lib/hw/sound_trigger.primary.msmnile.so from default namespace: dlopen failed: library "libopf.so" not found: needed by /vendor/lib/hw/sound_trigger.primary.msmnile.so in namespace (default).
03-14 09:35:25.267   890   890 E HAL     : load: module=/vendor/lib/hw/sound_trigger.primary.msmnile.so
03-14 09:35:25.267   890   890 E HAL     : unknown
03-14 09:35:25.267   890   890 E SoundTriggerHw: couldn't load sound trigger module sound_trigger.primary (Invalid argument)
03-14 09:35:25.269   890   890 I HidlServiceManagement: Registered android.hardware.soundtrigger@2.3::ISoundTriggerHw/default (start delay of 137ms)
03-14 09:35:25.269   918   918 I QTI PowerHAL: Initing
03-14 09:35:25.269   890   890 I LegacySupport: Registration complete for android.hardware.soundtrigger@2.3::ISoundTriggerHw/default.
03-14 09:35:25.269   918   918 I android.hardware.power-service: Instance android.hardware.power.IPower/default
03-14 09:35:25.270   912   912 I HidlServiceManagement: Registered android.hardware.memtrack@1.0::IMemtrack/default (start delay of 68ms)
03-14 09:35:25.270   912   912 I HidlServiceManagement: Removing namespace from process name android.hardware.memtrack@1.0-service to memtrack@1.0-service.
03-14 09:35:25.270   912   912 I LegacySupport: Registration complete for android.hardware.memtrack@1.0::IMemtrack/default.
03-14 09:35:25.270   624   624 I servicemanager: Found android.hardware.power.IPower/default in device VINTF manifest.
03-14 09:35:25.270   918   918 I android.hardware.power-service: Status 0
03-14 09:35:25.270     0     0 W @2 healthd: battery l=75 v=4123 t=26.5 h=2 st=2 c=-77000 fc=3538000 cc=2 chg=u
03-14 09:35:25.271   924   924 D android.hardware.vibrator@1.0-service: Vibrator using LED trigger
03-14 09:35:25.274   924   924 I HidlServiceManagement: Registered android.hardware.vibrator@1.0::IVibrator/default (start delay of 42ms)
03-14 09:35:25.275   924   924 I HidlServiceManagement: Removing namespace from process name android.hardware.vibrator@1.0-service to vibrator@1.0-service.
03-14 09:35:25.275   924   924 I android.hardware.vibrator@1.0-service: Registration complete for android.hardware.vibrator@1.0::IVibrator/default.
03-14 09:35:25.279   923   923 I HidlServiceManagement: Registered android.hardware.usb@1.0::IUsb/default (start delay of 47ms)
03-14 09:35:25.279   923   923 I HidlServiceManagement: Removing namespace from process name android.hardware.usb@1.0-service to usb@1.0-service.
03-14 09:35:25.279   923   923 I android.hardware.usb@1.0-service: USB HAL Ready.
03-14 09:35:25.280   932   932 W OPCameraHIDL: Start
03-14 09:35:25.281   890   890 I BTAudioProviderA2dpSoftware: A2dpSoftwareAudioProvider - size of audio buffer 7168 byte(s)
03-14 09:35:25.281   890   890 I BTAudioProviderHearingAid: HearingAidAudioProvider - size of audio buffer 3584 byte(s)
03-14 09:35:25.284   917   917 W android.hardwar: type=1400 audit(0.0:17): avc: denied { read } for name="u:object_r:default_prop:s0" dev="tmpfs" ino=17035 scontext=u:r:hal_nfc_default:s0 tcontext=u:object_r:default_prop:s0 tclass=file permissive=0
03-14 09:35:25.285   932   932 I HidlServiceManagement: Registered vendor.oneplus.camera.CameraHIDL@1.0::IOnePlusCameraProvider/default (start delay of 33ms)
03-14 09:35:25.285   932   932 I HidlServiceManagement: Removing namespace from process name vendor.oneplus.camera.CameraHIDL@1.0-service to CameraHIDL@1.0-service.
03-14 09:35:25.286   906   937 I LocSvc_BatteryListener: Get health service in 0 tries
03-14 09:35:25.286   932   932 I HidlServiceManagement: Registered vendor.oneplus.camera.CameraMDMHIDL@1.0::IOnePlusCameraMDM/default (start delay of 34ms)
03-14 09:35:25.287   932   932 W OPCameraHIDL: Ready
03-14 09:35:25.288   890   890 I HidlServiceManagement: Registered android.hardware.bluetooth.audio@2.0::IBluetoothAudioProvidersFactory/default (start delay of 156ms)
03-14 09:35:25.288   890   890 I LegacySupport: Registration complete for android.hardware.bluetooth.audio@2.0::IBluetoothAudioProvidersFactory/default.
03-14 09:35:25.288   625   625 I hwservicemanager: getTransport: Cannot find entry android.hardware.bluetooth.a2dp@1.0::IBluetoothAudioOffload/default in either framework or device manifest.
03-14 09:35:25.289   933   933 I HidlServiceManagement: Registered vendor.oneplus.hardware.display@1.0::IOneplusDisplay/default (start delay of 26ms)
03-14 09:35:25.289   890   890 E LegacySupport: Could not get passthrough implementation for android.hardware.bluetooth.a2dp@1.0::IBluetoothAudioOffload/default.
03-14 09:35:25.289   890   890 W audiohalservice: Could not register Bluetooth Audio Offload API
03-14 09:35:25.289   933   933 I HidlServiceManagement: Removing namespace from process name vendor.oneplus.hardware.display@1.0-service to display@1.0-service.
03-14 09:35:25.292   928   928 I HidlServiceManagement: Registered vendor.display.color@1.3::IDisplayColor/default (start delay of 50ms)
03-14 09:35:25.293   928   928 I HidlServiceManagement: Removing namespace from process name vendor.display.color@1.0-service to color@1.0-service.
03-14 09:35:25.294   906   906 I HidlServiceManagement: Registered android.hardware.gnss@2.0::IGnss/default (start delay of 122ms)
03-14 09:35:25.294   906   906 I HidlServiceManagement: Removing namespace from process name android.hardware.gnss@2.0-service-qti to gnss@2.0-service-qti.
03-14 09:35:25.294   906   906 I android.hardware.gnss@2.0-service-qti: Registration complete for android.hardware.gnss@2.0::IGnss/default.
03-14 09:35:25.294   928   928 I HidlServiceManagement: Registered vendor.display.postproc@1.0::IDisplayPostproc/default (start delay of 52ms)
03-14 09:35:25.297   935   935 D vendor.oneplus.hardware.hdcpkey@1.0-service: vendor.oneplus,hardware.hdcpkey@1.0-service starting...
03-14 09:35:25.299   934   934 D vendor.oneplus.hardware.drmkey@1.0-service: vendor.oneplus,hardware.drmkey@1.0-service starting...
03-14 09:35:25.300   917   917 D nxpnfc@1.2-service: Registering NFC HALIMPL Service v1.2...
03-14 09:35:25.300   917   917 D JcDnld_DWP: checkIfEseClientUpdateReqd enter:  
03-14 09:35:25.300   917   917 E libc    : Access denied finding property "persist.nfc.config_file_name"
03-14 09:35:25.300   917   917 D android.hardware.nfc@1.2-service: nxp config referred : libnfc-nxp.conf
03-14 09:35:25.300   917   917 D android.hardware.nfc@1.2-service: nxp config file : /vendor/etc/libnfc-nxp.conf
03-14 09:35:25.301   917   917 D android.hardware.nfc@1.2-service: readNxpTransitConfig-Enter..Reading /data/vendor/nfc/libnfc-nxpTransit.conf
03-14 09:35:25.301   917   917 E android.hardware.nfc@1.2-service: readConfig Cannot open config file /data/vendor/nfc/libnfc-nxpTransit.conf
03-14 09:35:25.301   917   917 D android.hardware.nfc@1.2-service: readNxpRFConfig-Enter..Reading /system/vendor/libnfc-nxp_RF.conf
03-14 09:35:25.301   917   917 E android.hardware.nfc@1.2-service: readConfig Cannot open config file /system/vendor/libnfc-nxp_RF.conf
03-14 09:35:25.301   917   917 D NxpExtns: find found NXP_ESE_JCOP_DEFAULT_INTERFACE=(0x0)
03-14 09:35:25.301   917   917 D NxpExtns: find found NXP_ESE_JCOP_DEFAULT_INTERFACE=(0x0)
03-14 09:35:25.301   917   917 D JcDnld_DWP: checkIfEseClientUpdateReqd LS and JCOP download not required 
03-14 09:35:25.303   935   935 I HidlServiceManagement: Registered vendor.oneplus.hardware.hdcpkey@1.0::IOneplusHdcpKey/default (start delay of 31ms)
03-14 09:35:25.303   934   934 I HidlServiceManagement: Registered vendor.oneplus.hardware.drmkey@1.0::IOneplusDrmKey/default (start delay of 41ms)
03-14 09:35:25.303   934   934 I HidlServiceManagement: Removing namespace from process name vendor.oneplus.hardware.drmkey@1.0-service to drmkey@1.0-service.
03-14 09:35:25.303   935   935 I HidlServiceManagement: Removing namespace from process name vendor.oneplus.hardware.hdcpkey@1.0-service to hdcpkey@1.0-service.
03-14 09:35:25.304   917   917 I HidlServiceManagement: Registered android.hardware.nfc@1.2::INfc/default (start delay of 92ms)
03-14 09:35:25.304   917   917 I HidlServiceManagement: Removing namespace from process name android.hardware.nfc@1.2-service to nfc@1.2-service.
03-14 09:35:25.304   917   917 D nxpnfc@1.2-service: Registering NFC HALIOCTL Service v1.0...
03-14 09:35:25.307   917   917 I HidlServiceManagement: Registered vendor.nxp.nxpnfc@1.0::INxpNfc/default (start delay of 95ms)
03-14 09:35:25.307   917   917 E nxpnfc@1.2-service: Before calling JCOP JCOS_doDownload
03-14 09:35:25.307   917   917 D JcDnld_DWP: doEseUpdateIfReqd enter:  
03-14 09:35:25.307   917   917 D JcDnld_DWP: eSeClientUpdateHandler Enter
03-14 09:35:25.307   917   917 D JcDnld_DWP: eSeClientUpdateHandler Exit 
03-14 09:35:25.307   917   917 E nxpnfc@1.2-service: After calling JCOS_doDownload
03-14 09:35:25.307   917   917 D nxpnfc@1.2-service: NFC HAL Service is ready
03-14 09:35:25.307   909   909 I SDM     : HWCSession::Register: Set uevent listener = 0x7455b95360
03-14 09:35:25.308   909   909 I SDM     : HWCSession::Init: builtin_powermode_override: 0
03-14 09:35:25.310   922   922 E android.hardware.thermal@2.0-service.qti: Error opening file: /sys/class/thermal/thermal_zone1/trip_point_1_temp
03-14 09:35:25.310   922   922 E android.hardware.thermal@2.0-service.qti: Error opening file: /sys/class/thermal/thermal_zone2/trip_point_1_temp
03-14 09:35:25.311   922   922 E android.hardware.thermal@2.0-service.qti: Error opening file: /sys/class/thermal/thermal_zone3/trip_point_1_temp
03-14 09:35:25.311   922   922 E android.hardware.thermal@2.0-service.qti: Error opening file: /sys/class/thermal/thermal_zone4/trip_point_1_temp
03-14 09:35:25.312   922   922 E android.hardware.thermal@2.0-service.qti: Error opening file: /sys/class/thermal/thermal_zone7/trip_point_1_temp
03-14 09:35:25.312   922   922 E android.hardware.thermal@2.0-service.qti: Error opening file: /sys/class/thermal/thermal_zone8/trip_point_1_temp
03-14 09:35:25.313   922   922 E android.hardware.thermal@2.0-service.qti: Error opening file: /sys/class/thermal/thermal_zone9/trip_point_1_temp
03-14 09:35:25.314   922   922 E android.hardware.thermal@2.0-service.qti: Error opening file: /sys/class/thermal/thermal_zone10/trip_point_1_temp
03-14 09:35:25.314   922   922 E android.hardware.thermal@2.0-service.qti: Error opening file: /sys/class/thermal/thermal_zone15/trip_point_1_temp
03-14 09:35:25.314   915   915 I android.hardware.neuralnetworks@1.2-service: nnhal main 1.2-09
03-14 09:35:25.314   922   922 E android.hardware.thermal@2.0-service.qti: Error opening file: /sys/class/thermal/thermal_zone27/trip_point_1_temp
03-14 09:35:25.317   922   922 E android.hardware.thermal@2.0-service.qti: Error opening file: /sys/class/thermal/thermal_zone67/trip_point_1_temp
03-14 09:35:25.318   922   922 E android.hardware.thermal@2.0-service.qti: Policy error:step_wise sensor:ibat
03-14 09:35:25.318   922   922 E android.hardware.thermal@2.0-service.qti: negative temperature ramp for sensor:vbat
03-14 09:35:25.325     0     0 E @4 [drm-dp]: dp_connector_detect: dp_connector_detect:op_dp_enable=0
03-14 09:35:25.327   922   922 E android.hardware.thermal@2.0-service.qti: negative temperature ramp for sensor:soc
03-14 09:35:25.328   922   922 E android.hardware.thermal@2.0-service.qti: Policy error:step_wise sensor:battery
03-14 09:35:25.330   909   909 I SDM     : HWInfoDRM::GetHWPlanesInfo: Adding VIG Pipe : Id 65, master_pipe_id : Id 0 block_sec_ui: 1 hw_block_mask: 0x1f
03-14 09:35:25.330   909   909 I SDM     : HWInfoDRM::GetHWPlanesInfo: Adding VIG Pipe : Id 90, master_pipe_id : Id 0 block_sec_ui: 1 hw_block_mask: 0x1f
03-14 09:35:25.330   909   909 I SDM     : HWInfoDRM::GetHWPlanesInfo: Adding VIG Pipe : Id 93, master_pipe_id : Id 0 block_sec_ui: 1 hw_block_mask: 0x1f
03-14 09:35:25.330   909   909 I SDM     : HWInfoDRM::GetHWPlanesInfo: Adding VIG Pipe : Id 96, master_pipe_id : Id 0 block_sec_ui: 1 hw_block_mask: 0x1f
03-14 09:35:25.330   909   909 I SDM     : HWInfoDRM::GetHWPlanesInfo: Adding DMA Pipe : Id 99, master_pipe_id : Id 0 block_sec_ui: 0 hw_block_mask: 0x1f
03-14 09:35:25.330   909   909 I SDM     : HWInfoDRM::GetHWPlanesInfo: Adding DMA Pipe : Id 105, master_pipe_id : Id 0 block_sec_ui: 1 hw_block_mask: 0x1f
03-14 09:35:25.330   909   909 I SDM     : HWInfoDRM::GetHWPlanesInfo: Adding DMA Pipe : Id 108, master_pipe_id : Id 0 block_sec_ui: 1 hw_block_mask: 0x1f
03-14 09:35:25.330   909   909 I SDM     : HWInfoDRM::GetHWPlanesInfo: Adding DMA Pipe : Id 111, master_pipe_id : Id 0 block_sec_ui: 1 hw_block_mask: 0x1f
03-14 09:35:25.330   909   909 I SDM     : HWInfoDRM::GetHWPlanesInfo: Adding DMA Pipe : Id 114, master_pipe_id : Id 99 block_sec_ui: 0 hw_block_mask: 0x1f
