03-14 02:16:36.991     0     0 E         : [20210314_02:16:36.989842]@1 tfa98xx 0-0034: [00h:0x18],[10h:0x16],[11h:0xe2c2],[13h:0x850f],[14h:0xc8],[6eh:0x4],
03-14 02:16:36.991     0     0 I         : [20210314_02:16:36.989866]@1 tfa98xx 0-0035: tfa98xx_mute: state: 0
03-14 02:16:36.991     0     0 E         : [20210314_02:16:36.990605]@1 tfa98xx 0-0035: tfa98xx_adsp_send_calib_values: cal value 0x6b958
03-14 02:16:36.991     0     0 I         : [20210314_02:16:36.990626]@1 tfa98xx 0-0035: tfa98xx_tfa_start enter
03-14 02:16:36.991     0     0 I         : [20210314_02:16:36.990634]@1 tfa_dev_start enter
03-14 02:16:36.991     0     0 I         : [20210314_02:16:36.990934]@2 Slave 0x35, Active_profile:NONE, next_profile:speaker
03-14 02:16:36.991     0     0 D         : [20210314_02:16:36.991193]@1 Startup of device [Q] is a coldstart
03-14 02:16:36.998  1465  1560 I chatty  : uid=1000(system) ActivityManager expire 24 lines
03-14 02:16:37.038     0     0 I         : [20210314_02:16:37.031432]@1 tfa98xx 0-0035: tfa_dev_start success (0)
03-14 02:16:37.038     0     0 E         : [20210314_02:16:37.033374]@1 tfa98xx 0-0035: [00h:0x18],[10h:0x16],[11h:0xe2c2],[13h:0x850f],[14h:0xc8],[6eh:0x4],
03-14 02:16:37.122  1465  1465 I chatty  : uid=1000 system_server expire 15 lines
03-14 02:16:37.143  1465  3471 I chatty  : uid=1000(system) Binder:1465_B expire 4 lines
03-14 02:16:37.199  1465  6867 I chatty  : uid=1000(system) Binder:1465_18 expire 1 line
03-14 02:16:37.213  1465  6869 I chatty  : uid=1000(system) Binder:1465_1A expire 6 lines
03-14 02:16:37.563     0     0 W         : [20210314_02:16:37.562169]@0 F2FS-fs (dm-10): Unexpected flush for atomic writes: ino=4052, npages=2
03-14 02:16:37.716  1465  6865 I chatty  : uid=1000(system) Binder:1465_17 expire 3 lines
03-14 02:16:37.827  1465  2733 I chatty  : uid=1000(system) SyncManager expire 1 line
03-14 02:16:38.348     0     0 I         : [20210314_02:16:38.338360]@6 IRQ 6: no longer affine to CPU6
03-14 02:16:38.775  1465  1547 I chatty  : uid=1000(system) android.display expire 2 lines
03-14 02:16:39.088     0     0 E [20210314_02:16:39.085361]@2 [TP]touchpanel: touchpanel: Touchpanel id 0 :Down[ 830 2588   62]
03-14 02:16:39.329  1465  7315 I chatty  : uid=1000(system) Binder:1465_1C expire 8 lines
03-14 02:16:39.417  4356  4356 W AlwaysOnHotwordDetector: Received message: 1 for an invalid detector
03-14 02:16:39.424     0     0 E [20210314_02:16:39.423560]@2 SMBLIB: usbin_uv_irq_handler: pm8150b_charger: usbin_uv_irq_handler: DEBUG: RESET STORM COUNT FOR POWER_OK
03-14 02:16:39.424     0     0 I [20210314_02:16:39.423707]@0 SMBLIB: op_otg_switch: same status,return;usb_present:0
03-14 02:16:39.424     0     0 I [20210314_02:16:39.423884]@2 SMBLIB: smblib_usb_plugin_locked: release chg_wake_lock
03-14 02:16:39.424     0     0 E [20210314_02:16:39.423903]@2 SMBLIB: set_usb_switch: switch off fastchg
03-14 02:16:39.424     0     0 I [20210314_02:16:39.423909]@2 FASTCHG: usb_sw_gpio_set: set usb_sw_gpio=0
03-14 02:16:39.424     0     0 I [20210314_02:16:39.423923]@2 FASTCHG: usb_sw_gpio_set: get usb_sw_gpio=0&0
03-14 02:16:39.424     0     0 I [20210314_02:16:39.423963]@2 SMBLIB: set_dash_charger_present: dash_present = 0, charger_present = 0
03-14 02:16:39.424     0     0 I [20210314_02:16:39.423972]@2 QCOM-BATT: pl_fcc_vote_callback: total_fcc_ua=500000
03-14 02:16:39.424     0     0 E [20210314_02:16:39.424019]@2 SMBLIB: op_battery_temp_region_set: set temp_region=8
03-14 02:16:39.424     0     0 I [20210314_02:16:39.424036]@2 SMBLIB: smblib_get_apsd_result: APSD_DTC_STATUS_DONE_BIT is 0
03-14 02:16:39.424     0     0 E [20210314_02:16:39.424044]@2 SMBLIB: smblib_update_usb_type: pm8150b_charger: smblib_update_usb_type: APSD=UNKNOWN PD=0 dash_on=0 real_charger_type=0
03-14 02:16:39.424     0     0 E [20210314_02:16:39.424069]@2 SMBLIB: smblib_usb_plugin_locked: IRQ: detached
03-14 02:16:39.432     0     0 E         : [20210314_02:16:39.428076]@1 FF GAD SUS                      0 ?
03-14 02:16:39.432     0     0 E         : FF SUSPEND INT                  0 ?
03-14 02:16:39.432     0     0 E         : FF SUSPEND                      0 ?
03-14 02:16:39.432     0     0 I SMBLIB  : smblib_get_apsd_result: APSD_DTC_STATUS_DONE_BIT is 0
03-14 02:16:39.436  1465  3475 I chatty  : uid=1000(system) HwBinder:1465_5 expire 1 line
03-14 02:16:39.442     0     0 I [20210314_02:16:39.433692]@4 SMBLIB: smblib_get_apsd_result: APSD_DTC_STATUS_DONE_BIT is 0
03-14 02:16:39.451     0     0 I [20210314_02:16:39.433703]@5 SMBLIB: typec_attach_detach_irq_handler: dump_reg:0x1506 = 0x00
03-14 02:16:39.451     0     0 I [20210314_02:16:39.433722]@5 SMBLIB: typec_attach_detach_irq_handler: dump_reg:0x1508 = 0x00
03-14 02:16:39.451     0     0 I [20210314_02:16:39.433742]@5 SMBLIB: typec_attach_detach_irq_handler: dump_reg:0x150b = 0x02
03-14 02:16:39.451     0     0 I [20210314_02:16:39.433754]@5 SMBLIB: typec_attach_detach_irq_handler: dump_reg:0x1510 = 0x00
03-14 02:16:39.451     0     0 I [20210314_02:16:39.433774]@5 SMBLIB: typec_attach_detach_irq_handler: dump_reg:0x155e = 0x00
03-14 02:16:39.451     0     0 E         : [20210314_02:16:39.433825]@4 usbpd usbpd0: typec mode:0 present:0 type:0 orientation:0
03-14 02:16:39.451     0     0 I         : [20210314_02:16:39.433853]@1 usbpd usbpd0: USB Type-C disconnect
03-14 02:16:39.451     0     0 I [20210314_02:16:39.433864]@5 SMBLIB: smblib_get_apsd_result: APSD_DTC_STATUS_DONE_BIT is 0
03-14 02:16:39.451     0     0 E [20210314_02:16:39.433868]@5 SMBLIB: smblib_update_usb_type: pm8150b_charger: smblib_update_usb_type: APSD=UNKNOWN PD=0 dash_on=0 real_charger_type=0
03-14 02:16:39.451     0     0 I [20210314_02:16:39.433981]@1 SMBLIB: smblib_get_apsd_result: APSD_DTC_STATUS_DONE_BIT is 0
03-14 02:16:39.452     0     0 I [20210314_02:16:39.434049]@5 SMBLIB: smblib_get_apsd_result: APSD_DTC_STATUS_DONE_BIT is 0
03-14 02:16:39.452     0     0 I [20210314_02:16:39.434158]@5 SMBLIB: smblib_set_usb_suspend: suspend=0
03-14 02:16:39.452     0     0 I [20210314_02:16:39.434268]@1 SMBLIB: smblib_get_apsd_result: APSD_DTC_STATUS_DONE_BIT is 0
03-14 02:16:39.452     0     0 E [20210314_02:16:39.434276]@1 SMBLIB: smblib_update_usb_type: pm8150b_charger: smblib_update_usb_type: APSD=UNKNOWN PD=0 dash_on=0 real_charger_type=0
03-14 02:16:39.452     0     0 E         : [20210314_02:16:39.434292]@1 FF extcon idx                   0 ?
03-14 02:16:39.452     0     0 E         : FF peripheral                   0 ?
03-14 02:16:39.452     0     0 E         : FF StrtGdgt gsync               2 ?
03-14 02:16:39.452     0     0 E         : FF VbusSess                     0 ?
03-14 02:16:39.452     0     0 E         : FF run_stop                     0 ?
03-14 02:16:39.452     0     0 E         : FF MaskINT                      0 ?
03-14 02:16:39.452     0     0 I SMBLIB  : smblib_awake_vote_callback: set awake=1
03-14 02:16:39.452     0     0 E         : [20210314_02:16:39.434976]@0 FF DISCONNECT INT               0 ?
03-14 02:16:39.452     0     0 E         : FF DISCONNECT                   0 ?
03-14 02:16:39.452     0     0 I SMBLIB  : smblib_get_apsd_result: APSD_DTC_STATUS_DONE_BIT is 0
03-14 02:16:39.452     0     0 I [20210314_02:16:39.435866]@0 android_work: sent uevent USB_STATE=DISCONNECTED
03-14 02:16:39.452     0     0 E         : [20210314_02:16:39.436816]@0 FF StopGdgt psync               1 ?
03-14 02:16:39.452     0     0 E         : FF RT Sus                       0 ?
03-14 02:16:39.452     0     0 I SMBLIB  : smblib_get_apsd_result: APSD_DTC_STATUS_DONE_BIT is 0
03-14 02:16:39.452     0     0 E         : [20210314_02:16:39.438451]@0 FF bus_vote_start               0 ?
03-14 02:16:39.452     0     0 E         : FF bus_vote_end                 0 ?
03-14 02:16:39.452     0     0 I msm-dwc3 a600000.ssusb: DWC3 in low power mode
03-14 02:16:39.452     0     0 E         : [20210314_02:16:39.438727]@5 FF Ctl Sus                      1 ?
03-14 02:16:39.452     0     0 E         : FF !BSV psync                   0 ?
03-14 02:16:39.454     0     0 E         : FF idle                         0 ?
03-14 02:16:39.454     0     0 I SMBLIB  : smblib_awake_vote_callback: set awake=0
03-14 02:16:39.468     0     0 W [20210314_02:16:39.468199]@0 healthd: battery l=84 v=4203 t=28.8 h=2 st=3 c=143000 fc=3538000 cc=2 chg=
03-14 02:16:39.493     0     0 W [20210314_02:16:39.493368]@6 healthd: battery l=84 v=4203 t=28.8 h=2 st=3 c=143000 fc=3538000 cc=2 chg=
03-14 02:16:39.524     0     0 W [20210314_02:16:39.522791]@5 healthd: battery l=84 v=4203 t=28.8 h=2 st=3 c=143000 fc=3538000 cc=2 chg=
03-14 02:16:39.544     0     0 W [20210314_02:16:39.542776]@4 healthd: battery l=84 v=4203 t=28.8 h=2 st=3 c=143000 fc=3538000 cc=2 chg=
03-14 02:16:39.647     0     0 E         : [20210314_02:16:39.639178]@2 FF WaitPullup                   0 ?
03-14 02:16:39.647     0     0 E         : FF fwq_started                  0 ?
03-14 02:16:39.647     0     0 E         : FF fwq_completed                0 ?
03-14 02:16:39.647     0     0 I         : ep0_open success!
03-14 02:16:39.647     0     0 I         : [20210314_02:16:39.640077]@2 read descriptors
03-14 02:16:39.647     0     0 I         : [20210314_02:16:39.640148]@2 read strings
03-14 02:16:39.647     0     0 I [20210314_02:16:39.642735]@0 init: processing action (sys.usb.config=adb && sys.usb.configfs=1 && sys.usb.ffs.ready=1) from (/system/etc/init/hw/init.usb.configfs.rc:20)
03-14 02:16:39.647     0     0 I [20210314_02:16:39.644278]@0 init: Command 'symlink /config/usb_gadget/g1/functions/ffs.adb /config/usb_gadget/g1/configs/b.1/f1' action=sys.usb.config=adb && sys.usb.configfs=1 && sys.usb.ffs.ready=1 (/system/etc/init/hw/init.usb.configfs.rc:22) took 0ms and failed: symlink() failed: File exists
03-14 02:16:39.647     0     0 E         : [20210314_02:16:39.644895]@0 FF Gadgetstart                  0 ?
03-14 02:16:39.647     0     0 E         : FF WaitPullup                   0 ?
03-14 02:16:39.647     0     0 I android_work: did not send uevent (0 0 0000000000000000)
03-14 02:16:40.018     0     0 I         : [20210314_02:16:40.014131]@0 tfa98xx 0-0034: tfa98xx_mute: state: 1
03-14 02:16:40.018     0     0 E [20210314_02:16:40.014161]@0 tfa98xx_mute(): tfa98xx_mute: pstream = 0
03-14 02:16:40.018     0     0 I         : [20210314_02:16:40.014182]@0 tfa98xx 0-0035: tfa98xx_mute: state: 1
03-14 02:16:40.018     0     0 E [20210314_02:16:40.014198]@0 tfa98xx_mute(): tfa98xx_mute: pstream = 0
03-14 02:16:40.048     0     0 I         : [20210314_02:16:40.044823]@3 tfa98xx 0-0034: tfa98xx_mute: state: 1
03-14 02:16:40.048     0     0 E [20210314_02:16:40.044850]@3 tfa98xx_mute(): tfa98xx_mute: pstream = 0
03-14 02:16:40.048     0     0 E         : [20210314_02:16:40.046874]@1 tfa98xx 0-0034: [00h:0x18],[10h:0x16],[11h:0xe2c0],[13h:0x850f],[14h:0xc8],[6eh:0x4],
03-14 02:16:40.048     0     0 E [20210314_02:16:40.046902]@1 tfa98xx_mute(): tfa98xx_mute: tfa98xx->dsp_fw_state = 3
03-14 02:16:40.048     0     0 I         : [20210314_02:16:40.046919]@1 tfa98xx_powerdown
03-14 02:16:40.048     0     0 D         : [20210314_02:16:40.048163]@3 tfa stop: already in PowerDown
03-14 02:16:40.048     0     0 I         : [20210314_02:16:40.048192]@3 tfa98xx 0-0035: tfa98xx_mute: state: 1
03-14 02:16:40.048     0     0 E [20210314_02:16:40.048209]@3 tfa98xx_mute(): tfa98xx_mute: pstream = 0
03-14 02:16:40.058     0     0 E         : [20210314_02:16:40.049887]@3 tfa98xx 0-0035: [00h:0x18],[10h:0x16],[11h:0xe2c0],[13h:0x850f],[14h:0xc8],[6eh:0x4],
03-14 02:16:40.058     0     0 E [20210314_02:16:40.049912]@3 tfa98xx_mute(): tfa98xx_mute: tfa98xx->dsp_fw_state = 3
03-14 02:16:40.059     0     0 I         : [20210314_02:16:40.049930]@3 tfa98xx_powerdown
03-14 02:16:40.059     0     0 D         : [20210314_02:16:40.051136]@3 tfa stop: already in PowerDown
03-14 02:16:40.063     0     0 I [20210314_02:16:40.063113]@2 audio_write: audio_data.state is 0x0
03-14 02:16:40.063     0     0 I [20210314_02:16:40.063254]@1 audio_poll: exit mask is 0x41
03-14 02:16:40.064     0     0 I [20210314_02:16:40.063505]@1 audio_poll: exit mask is 0x0
03-14 02:16:40.649  1465  4285 I chatty  : uid=1000(system) LazyTaskWriterT expire 1 line
03-14 02:16:41.136     0     0 I         : [20210314_02:16:41.134725]@0 tri_state_key extcon_dev_work : hw_version=0
03-14 02:16:41.136     0     0 I         : [20210314_02:16:41.134748]@0 tri_state_key extcon_dev_work : key[0]=1,key[1]=1,key[2]=1
03-14 02:16:41.136     0     0 I         : [20210314_02:16:41.136141]@0 tri_state_key extcon_dev_work : hw_version=0
03-14 02:16:41.136     0     0 I         : [20210314_02:16:41.136152]@0 tri_state_key extcon_dev_work : key[0]=1,key[1]=1,key[2]=0
03-14 02:16:41.148     0     0 I [20210314_02:16:41.141620]@2 aw8697_vmax_store: value=9
03-14 02:16:41.148     0     0 I [20210314_02:16:41.142575]@2 aw8697_gain_store: value=128
03-14 02:16:41.159     0     0 I         : [20210314_02:16:41.157643]@2 aw8697_haptic_stop_delay wait for standby, reg glb_state=0x07
03-14 02:16:41.159     0     0 I         : [20210314_02:16:41.159871]@2 aw8697_haptic_stop_delay wait for standby, reg glb_state=0x07
03-14 02:16:41.169     0     0 I         : [20210314_02:16:41.162127]@2 aw8697_haptic_stop_delay wait for standby, reg glb_state=0x07
03-14 02:16:41.169     0     0 I         : [20210314_02:16:41.164345]@2 aw8697_haptic_stop_delay wait for standby, reg glb_state=0x07
03-14 02:16:41.169     0     0 I         : [20210314_02:16:41.166561]@2 aw8697_haptic_stop_delay wait for standby, reg glb_state=0x07
03-14 02:16:41.858     0     0 I         : [20210314_02:16:41.856809]@0 tri_state_key extcon_dev_work : hw_version=0
03-14 02:16:41.858     0     0 I         : [20210314_02:16:41.856847]@0 tri_state_key extcon_dev_work : key[0]=1,key[1]=1,key[2]=1
03-14 02:16:41.928     0     0 I         : [20210314_02:16:41.920796]@0 tri_state_key extcon_dev_work : hw_version=0
03-14 02:16:41.928     0     0 I         : [20210314_02:16:41.920833]@0 tri_state_key extcon_dev_work : key[0]=1,key[1]=0,key[2]=1
03-14 02:16:41.948     0     0 I         : [20210314_02:16:41.940216]@2 aw8697_haptic_stop_delay wait for standby, reg glb_state=0x07
03-14 02:16:41.948     0     0 I         : [20210314_02:16:41.942449]@2 aw8697_haptic_stop_delay wait for standby, reg glb_state=0x07
03-14 02:16:41.948     0     0 I         : [20210314_02:16:41.944664]@2 aw8697_haptic_stop_delay wait for standby, reg glb_state=0x07
03-14 02:16:41.948     0     0 I         : [20210314_02:16:41.946884]@2 aw8697_haptic_stop_delay wait for standby, reg glb_state=0x07
03-14 02:16:41.958     0     0 I         : [20210314_02:16:41.949098]@2 aw8697_haptic_stop_delay wait for standby, reg glb_state=0x07
03-14 02:16:42.520     0     0 I [20210314_02:16:42.518289]@3 binder: 8851:8851 transaction failed 29201/-1, size 32-0 line 3105
03-14 02:16:42.520     0     0 I [20210314_02:16:42.520512]@6 binder: 8851:8851 transaction failed 29201/-1, size 32-0 line 3105
03-14 02:16:42.549     0     0 I [20210314_02:16:42.549274]@6 binder: 8851:8851 transaction failed 29201/-1, size 32-0 line 3105
03-14 02:16:42.551     0     0 I [20210314_02:16:42.550763]@6 binder: 8851:8851 transaction failed 29201/-1, size 32-0 line 3105
03-14 02:16:42.554  1465  4405 I chatty  : uid=1000(system) Binder:1465_12 expire 2 lines
03-14 02:16:42.721  1465  6870 I chatty  : uid=1000(system) Binder:1465_1B expire 16 lines
03-14 02:16:42.968  1465  7315 I chatty  : uid=1000(system) Binder:1465_1C expire 13 lines
03-14 02:16:42.973  1465  4366 I chatty  : uid=1000(system) Binder:1465_10 expire 21 lines
03-14 02:16:43.093  1465  4285 I chatty  : uid=1000(system) LazyTaskWriterT expire 3 lines
03-14 02:16:43.168  1465  3369 I chatty  : uid=1000(system) Binder:1465_9 expire 5 lines
03-14 02:16:48.003     0     0 I [20210314_02:16:48.002324]@3 [soft_irq][0x6a7985b6][02: 16:48.002319] wlan: [0:E:HDD] hdd_disable_and_flush_mc_addr_list: 1013: failed to flush mc list; status:4
03-14 02:16:48.003     0     0 I [20210314_02:16:48.002382]@3 [soft_irq][0x6a798a2e][02: 16:48.002378] wlan: [0:E:HDD] __hdd_set_multicast_list: 3896: Failed to cache MC address list for vdev 1; errno:-22
03-14 02:16:48.004     0     0 I [20210314_02:16:48.004493]@4 [wpa_supplicant][0x6a7a28a5][02: 16:48.004491] wlan: [2758:I:HDD] hdd_vdev_destroy: 4206: destroying vdev 1
03-14 02:16:48.004     0     0 I [20210314_02:16:48.004506]@4 [wpa_supplicant][0x6a7a29ae][02: 16:48.004505] wlan: [2758:I:WMI] Deleting pattern id: 0 vdev id 1 in fw
03-14 02:16:48.006   907   907 W android.hardware.wifi@1.0-service: No active wlan interfaces in use! Using default
03-14 02:16:48.009  1198  1198 W wificond: No pno scan started
03-14 02:16:48.010     0     0 I [20210314_02:16:48.009872]@6 [wpa_supplicant][0x6a7bbb8e][02: 16:48.009863] wlan: [2758:I:OBJMGR] wlan_objmgr_vdev_obj_delete: 335: Logically deleting vdev 1
03-14 02:16:48.010     0     0 I [20210314_02:16:48.009904]@6 [wpa_supplicant][0x6a7bbe81][02: 16:48.009903] wlan: [2758:I:HDD] hdd_vdev_destroy: 4267: vdev 1 destroyed successfully
03-14 02:16:48.012     0     0 I [20210314_02:16:48.012799]@5 [wpa_supplicant][0x6a7c979c][02: 16:48.012797] wlan: [2758:I:HDD] __hdd_set_mac_address: 3652: Changing MAC to 00:0a:f5:89:89:fd of the interface p2p0
03-14 02:16:48.014  1198  1198 W wificond: Scheduled scan is not running!
03-14 02:16:48.020   907   907 W android.hardware.wifi@1.0-service: No active wlan interfaces in use! Using default
03-14 02:16:48.021   907   907 I chatty  : uid=1010 wifi@1.0-servic identical 5 lines
03-14 02:16:48.021   907   907 W android.hardware.wifi@1.0-service: No active wlan interfaces in use! Using default
03-14 02:16:48.025  1465  4351 I chatty  : uid=1000(system) Binder:1465_D expire 3 lines
03-14 02:16:48.026     0     0 I [20210314_02:16:48.025915]@4 [scheduler_threa][0x6a806f54][02: 16:48.025914] wlan: [2731:E:QDF] __pktlog_enable: pktlog operation not in progress
03-14 02:16:48.036  1198  1198 I wificond: Unsubscribe scan result for interface with index: 30
03-14 02:16:48.040     0     0 I [20210314_02:16:48.040419]@6 [wificond][0x6a84af1d][02: 16:48.040417] wlan: [1198:E:OSIF] wlan_cfg80211_sched_scan_stop: 608: Failed to disabled PNO
03-14 02:16:48.040     0     0 I [20210314_02:16:48.040429]@6 [wificond][0x6a84afee][02: 16:48.040428] wlan: [1198:I:HDD] hdd_vdev_destroy: 4206: destroying vdev 0
03-14 02:16:48.040     0     0 I [20210314_02:16:48.040439]@6 [wificond][0x6a84b0af][02: 16:48.040438] wlan: [1198:I:WMI] Deleting pattern id: 0 vdev id 0 in fw
03-14 02:16:48.053     0     0 I [20210314_02:16:48.053577]@5 [wificond][0x6a8889df][02: 16:48.053574] wlan: [1198:I:OBJMGR] wlan_objmgr_vdev_obj_delete: 335: Logically deleting vdev 0
03-14 02:16:48.053     0     0 I [20210314_02:16:48.053618]@5 [wificond][0x6a888d0d][02: 16:48.053617] wlan: [1198:I:HDD] hdd_vdev_destroy: 4267: vdev 0 destroyed successfully
03-14 02:16:48.061     0     0 I [20210314_02:16:48.060273]@4 init: Service 'wpa_supplicant' (pid 2758) exited with status 0 oneshot service took 65.184998 seconds in background
03-14 02:16:48.061     0     0 I [20210314_02:16:48.060290]@4 init: Sending signal 9 to service 'wpa_supplicant' (pid 2758) process group...
03-14 02:16:48.061     0     0 I [20210314_02:16:48.060420]@4 libprocessgroup: Successfully killed process cgroup uid 0 pid 2758 in 0ms
03-14 02:16:48.061     0     0 I [20210314_02:16:48.061333]@6 init: processing action (init.svc.wpa_supplicant=stopped) from (/vendor/etc/init/hw/init.qcom.rc:553)
03-14 02:16:48.064     0     0 I [20210314_02:16:48.062730]@4 init: Command 'stop dhcpcd' action=init.svc.wpa_supplicant=stopped (/vendor/etc/init/hw/init.qcom.rc:554) took 1ms and failed: service dhcpcd not found
03-14 02:16:48.088  1465  2658 I chatty  : uid=1000(system) ConnectivitySer expire 30 lines
03-14 02:16:48.093     0     0 I [20210314_02:16:48.093451]@4 [netmgrd][0x6a94387e][02: 16:48.093449] wlan: [1257:E:HDD] __hdd_validate_adapter: 843: bad adapter magic (via __wlan_hdd_ipv6_changed)
03-14 02:16:48.103     0     0 I [20210314_02:16:48.102407]@3 [soft_irq][0x6a96d7fd][02: 16:48.102402] wlan: [0:E:HDD] __hdd_validate_adapter: 843: bad adapter magic (via __wlan_hdd_ipv6_changed)
03-14 02:16:48.116   907   907 E android.hardware.wifi@1.0-service: Stopping legacy HAL
03-14 02:16:48.116   907   907 E android.hardware.wifi@1.0-service: Legacy HAL trigger wifi cleanup
03-14 02:16:48.121   907  2745 I android.hardware.wifi@1.0-service: Legacy HAL stop complete callback received
03-14 02:16:48.122   907  2745 E android.hardware.wifi@1.0-service: SetWifiUpState(false) completed
03-14 02:16:48.122   907  2745 E android.hardware.wifi@1.0-service: Legacy HAL Wifi event loop exited
03-14 02:16:48.122   907  2745 E android.hardware.wifi@1.0-service: Legacy HAL event loop terminated
03-14 02:16:48.122   907   907 D android.hardware.wifi@1.0-service: Legacy HAL stop complete
03-14 02:16:48.122   907   907 I android.hardware.wifi@1.0-service: Wifi HAL stopped
03-14 02:16:48.156  1465  6869 I chatty  : uid=1000(system) Binder:1465_1A expire 3 lines
03-14 02:16:48.163     0     0 I [20210314_02:16:48.162976]@6 [ip][0x6aa896e0][02: 16:48.162974] wlan: [9006:E:HDD] __hdd_validate_adapter: 843: bad adapter magic (via __wlan_hdd_ipv4_changed)
03-14 02:16:48.187   811   850 E NetlinkEvent: NetlinkEvent::FindParam(): Parameter 'INTERFACE' not found
03-14 02:16:48.187   811   850 E NetlinkEvent: NetlinkEvent::FindParam(): Parameter 'STATE' not found
03-14 02:16:48.187   811   850 E NetlinkEvent: NetlinkEvent::FindParam(): Parameter 'TIME_NS' not found
03-14 02:16:48.187   811   850 E NetlinkEvent: NetlinkEvent::FindParam(): Parameter 'UID' not found
03-14 02:16:48.191     0     0 I [20210314_02:16:48.190130]@7 init: processing action (sys.sysctl.tcp_def_init_rwnd=*) from (/system/etc/init/hw/init.rc:1028)
03-14 02:16:48.241  1465  2689 I chatty  : uid=1000(system) Binder:1465_6 expire 21 lines
03-14 02:16:48.759  1465  1559 I chatty  : uid=1000(system) ActivityManager expire 2 lines
03-14 02:16:49.138  1465  1520 I chatty  : uid=1000(system) Binder:1465_2 expire 3 lines
03-14 02:16:49.960  1465  1465 I chatty  : uid=1000 system_server expire 46 lines
03-14 02:16:50.781  1465  9172 I chatty  : uid=1000 system_server expire 2 lines
03-14 02:16:50.782  1465  9173 I chatty  : uid=1000 system_server expire 2 lines
03-14 02:16:50.837  1465  1545 I chatty  : uid=1000(system) android.ui expire 4 lines
03-14 02:16:50.869  1465  1558 I chatty  : uid=1000(system) android.bg expire 47 lines
03-14 02:16:50.983     0     0 D [20210314_02:16:50.980455]@3 logd: logdr: UID=10157 GID=10157 PID=3765 n tail=0 logMask=4 pid=0 start=0ns timeout=0ns
03-14 02:16:51.129  1465  1560 I chatty  : uid=1000(system) ActivityManager expire 4 lines
03-14 02:16:51.753     0     0 W         : [20210314_02:16:51.744902]@1 F2FS-fs (dm-10): Unexpected flush for atomic writes: ino=5190, npages=2
03-14 02:16:51.758     0     0 I         : [20210314_02:16:51.758479]@7 IRQ 6: no longer affine to CPU7
03-14 02:16:52.261  1465  3470 I chatty  : uid=1000(system) Binder:1465_A expire 2 lines
03-14 02:16:52.299     0     0 W [20210314_02:16:52.290375]@6 audit: audit_lost=15 audit_rate_limit=5 audit_backlog_limit=64
03-14 02:16:52.299     0     0 E [20210314_02:16:52.290383]@6 audit: rate limit exceeded
03-14 02:16:52.570  1465  1544 I chatty  : uid=1000(system) android.fg expire 3 lines
03-14 02:16:52.815  1465  9448 I chatty  : uid=1000 system_server expire 2 lines
03-14 02:16:52.815  1465  9449 I chatty  : uid=1000 system_server expire 2 lines
03-14 02:16:53.010  1465  4387 I chatty  : uid=1000(system) Binder:1465_11 expire 12 lines
03-14 02:16:53.029  1465  6625 I chatty  : uid=1000(system) Binder:1465_15 expire 7 lines
03-14 02:16:53.443  1465  2891 I chatty  : uid=1000(system) Binder:1465_7 expire 3 lines
03-14 02:16:53.460  1465  4352 I chatty  : uid=1000(system) Binder:1465_E expire 29 lines
03-14 02:16:53.470  1465  4387 I chatty  : uid=1000(system) Binder:1465_11 expire 7 lines
03-14 02:16:53.471  1465  1558 I chatty  : uid=1000(system) android.bg expire 69 lines
03-14 02:16:53.472  1465  1465 I chatty  : uid=1000 system_server expire 62 lines
03-14 02:16:53.490  1465  2891 I chatty  : uid=1000(system) Binder:1465_7 expire 17 lines
03-14 02:16:53.493  1465  4351 I chatty  : uid=1000(system) Binder:1465_D expire 11 lines
03-14 02:16:53.548     0     0 I         : [20210314_02:16:53.538371]@7 IRQ 6: no longer affine to CPU7
03-14 02:16:53.583  1465  4366 I chatty  : uid=1000(system) Binder:1465_10 expire 41 lines
03-14 02:16:53.628  1465  6625 I chatty  : uid=1000(system) Binder:1465_15 expire 5 lines
03-14 02:16:53.646  1465  2689 I chatty  : uid=1000(system) Binder:1465_6 expire 11 lines
03-14 02:16:53.648     0     0 I         : [20210314_02:16:53.638260]@4 IRQ 6: no longer affine to CPU4
03-14 02:16:53.749  1465  1520 I chatty  : uid=1000(system) Binder:1465_2 expire 38 lines
03-14 02:16:53.791  1465  4366 I chatty  : uid=1000(system) Binder:1465_10 expire 6 lines
03-14 02:16:53.791  1465  1558 I chatty  : uid=1000(system) android.bg expire 51 lines
03-14 02:16:53.855  1465  1465 I chatty  : uid=1000 system_server expire 32 lines
03-14 02:16:53.882  1465  2689 I chatty  : uid=1000(system) Binder:1465_6 expire 5 lines
03-14 02:16:53.900  1465  6865 I chatty  : uid=1000(system) Binder:1465_17 expire 10 lines
03-14 02:16:53.901  1465  4387 I chatty  : uid=1000(system) Binder:1465_11 expire 11 lines
03-14 02:16:54.833  1465  2891 I chatty  : uid=1000(system) Binder:1465_7 expire 3 lines
03-14 02:16:54.835  1465  1560 I chatty  : uid=1000(system) ActivityManager expire 25 lines
03-14 02:16:54.864  1465  4351 I chatty  : uid=1000(system) Binder:1465_D expire 13 lines
03-14 02:16:55.290     0     0 W         : [20210314_02:16:55.288820]@4 F2FS-fs (dm-10): Unexpected flush for atomic writes: ino=5565, npages=2
03-14 02:16:55.447  1465  2658 I chatty  : uid=1000(system) ConnectivitySer expire 7 lines
03-14 02:16:55.449  1465  4352 I chatty  : uid=1000(system) Binder:1465_E expire 2 lines
03-14 02:16:55.948     0     0 I         : [20210314_02:16:55.938788]@7 IRQ 6: no longer affine to CPU7
03-14 02:16:56.382  4356  4356 W AlwaysOnHotwordDetector: Received message: 1 for an invalid detector
03-14 02:16:56.588     0     0 I         : [20210314_02:16:56.578829]@7 IRQ 6: no longer affine to CPU7
03-14 02:16:57.700  1465  1544 I chatty  : uid=1000(system) android.fg expire 3 lines
03-14 02:16:57.929     0     0 I         : [20210314_02:16:57.918428]@7 IRQ 6: no longer affine to CPU7
03-14 02:16:57.998     0     0 I         : [20210314_02:16:57.998283]@5 IRQ 6: no longer affine to CPU5
03-14 02:16:58.338     0     0 I [20210314_02:16:58.338099]@2 [kworker/2: 1][0x764d9495][02:16:58.338091] wlan: [117:I:HDD] hdd_psoc_idle_timeout_callback: 9623: Psoc idle timeout elapsed; starting psoc shutdown
03-14 02:16:58.338     0     0 I [20210314_02:16:58.338226]@1 [kworker/u16: 2][0x764d9e7d][02:16:58.338222] wlan: [249:I:HDD] hdd_wlan_stop_modules: 11772: Wlan transitioning (CLOSED <- ENABLED)
03-14 02:16:58.338     0     0 I [20210314_02:16:58.338340]@1 [kworker/u16: 2][0x764da708][02:16:58.338336] wlan: [249:I:tdls] ucfg_tdls_psoc_disable: 285: psoc tdls disable: 0x0000000000000000
03-14 02:16:58.348     0     0 I [20210314_02:16:58.338721]@1 [scheduler_threa][0x764dc39e][02: 16:58.338717] wlan: [2731:E:SYS] Processing SYS MC STOP
03-14 02:16:58.348     0     0 I [20210314_02:16:58.341104]@1 [kworker/u16: 2][0x764e763d][02:16:58.341099] wlan: [249:I:QDF] cds_post_disable: 1057: send deinit sequence to firmware
03-14 02:16:58.356     0     0 I [20210314_02:16:58.351611]@3 [kworker/u16: 2][0x76518a40][02:16:58.351606] wlan: [249:I:WMI] WMI Stop
03-14 02:16:58.356     0     0 I [20210314_02:16:58.351629]@3 [kworker/u16: 2][0x76518bc5][02:16:58.351626] wlan: [249:I:HTC] htc_stop: endpoints cleanup
03-14 02:16:58.356     0     0 I [20210314_02:16:58.351644]@3 [kworker/u16: 2][0x76518cde][02:16:58.351641] wlan: [249:I:HTC] htc_stop: stopping hif layer
03-14 02:16:58.356     0     0 I [20210314_02:16:58.356363]@3 [kworker/u16: 2][0x7652ee65][02:16:58.356355] wlan: [249:I:HTC] htc_stop: flush endpoints Tx lookup queue
03-14 02:16:58.356     0     0 I [20210314_02:16:58.356383]@3 [kworker/u16: 2][0x7652f046][02:16:58.356380] wlan: [249:I:HTC] htc_stop: resetting endpoints state
03-14 02:16:58.356     0     0 I [20210314_02:16:58.356488]@2 [cds_ol_rx_threa][0x7652f6b7][02: 16:58.356466] wlan: [2732:I:QDF] cds_ol_rx_thread: 759: Shutting down OL RX Thread
03-14 02:16:58.376     0     0 I [20210314_02:16:58.370415]@0 [kworker/u16: 2][0x76570c64][02:16:58.370408] wlan: [249:I:HTT] max pool size 64 pool filled 0
03-14 02:16:58.377     0     0 I [20210314_02:16:58.372707]@0 [kworker/u16: 2][0x7657b883][02:16:58.372703] wlan: [249:I:tdls] ucfg_tdls_psoc_close: 317: tdls psoc close
03-14 02:16:58.377     0     0 I [20210314_02:16:58.374276]@0 [kworker/u16: 2][0x76582e27][02:16:58.374271] wlan: [249:I:OBJMGR] wlan_objmgr_pdev_obj_delete: 248: Logically deleting pdev 0
03-14 02:16:58.377     0     0 I [20210314_02:16:58.374306]@0 [kworker/u16: 2][0x7658308c][02:16:58.374303] wlan: [249:I:OBJMGR] wlan_objmgr_pdev_obj_destroy: 198: Physically deleting pdev 0
03-14 02:16:58.438     0     0 F [20210314_02:16:58.374886]@0 target_if_spectral_detach: 1886: spectral detach
03-14 02:16:58.438     0     0 I [kworker/u16:2][0x7668aa78][02:16:58.430542] wlan: [249:E:QDF] cds_get_context: 1285: Module ID 66 context is Null
03-14 02:16:58.438     0     0 E         : [20210314_02:16:58.430682]@5 qcom,rpmh-regulator soc:rpmh-regulator-ldoa7: TCS Busy, retrying RPMH message send
03-14 02:16:58.438     0     0 I [20210314_02:16:58.430737]@5 [kworker/u16: 2][0x7668b8f6][02:16:58.430735] wlan: [249:I:HDD] hdd_wlan_stop_modules: 11887: Wlan transitioned (now CLOSED)
03-14 02:16:59.385  1465  3473 I chatty  : uid=1000(system) Binder:1465_C expire 7 lines
03-14 02:17:00.468     0     0 I         : [20210314_02:17:00.458173]@5 IRQ 6: no longer affine to CPU5
03-14 02:17:00.930     0     0 E [20210314_02:17:00.929018]@6 rmt_storage: INFO:rmt_storage_rw_iovec_cb: Write iovec request received for /boot/modem_fs1
03-14 02:17:00.932     0     0 E [20210314_02:17:00.929439]@6 rmt_storage: INFO:rmt_storage_client_thread: Calling Write [offset=0, size=2097152]for /boot/modem_fs1!
03-14 02:17:00.959     0     0 E [20210314_02:17:00.958664]@7 rmt_storage: INFO:rmt_storage_client_thread: Done Write (bytes = 2097152) for /boot/modem_fs1!
03-14 02:17:01.243     0     0 I         : [20210314_02:17:01.238365]@7 IRQ 6: no longer affine to CPU7
03-14 02:17:01.808     0     0 I         : [20210314_02:17:01.798354]@6 IRQ 6: no longer affine to CPU6
03-14 02:17:01.936  1465  3471 I chatty  : uid=1000(system) Binder:1465_B expire 1 line
03-14 02:17:01.953  8553  8553 I ActivityThread: Removing dead content provider:android.content.ContentProviderProxy@4755fa6
03-14 02:17:01.953  8287  8287 I ActivityThread: Removing dead content provider:android.content.ContentProviderProxy@73bec3c
03-14 02:17:01.953  8553  8553 I ActivityThread: Removing dead content provider:android.content.ContentProviderProxy@4755fa6
03-14 02:17:01.953  8287  8287 I ActivityThread: Removing dead content provider:android.content.ContentProviderProxy@73bec3c
03-14 02:17:01.953  1465  6625 I chatty  : uid=1000(system) Binder:1465_15 expire 1 line
03-14 02:17:01.953  7101  7101 I ActivityThread: Removing dead content provider:android.content.ContentProviderProxy@cdc7427
03-14 02:17:01.953  7528  7528 I ActivityThread: Removing dead content provider:android.content.ContentProviderProxy@8a5b95
03-14 02:17:01.953  7101  7101 I ActivityThread: Removing dead content provider:android.content.ContentProviderProxy@cdc7427
03-14 02:17:01.954  7528  7528 I ActivityThread: Removing dead content provider:android.content.ContentProviderProxy@8a5b95
03-14 02:17:01.954  7145  7145 I ActivityThread: Removing dead content provider:android.content.ContentProviderProxy@ef2da09
03-14 02:17:01.954  7145  7145 I ActivityThread: Removing dead content provider:android.content.ContentProviderProxy@ef2da09
03-14 02:17:01.954  7909  7909 I ActivityThread: Removing dead content provider:android.content.ContentProviderProxy@d2bc5a8
03-14 02:17:01.954  7909  7909 I ActivityThread: Removing dead content provider:android.content.ContentProviderProxy@d2bc5a8
03-14 02:17:01.954  5284  5284 I ActivityThread: Removing dead content provider:android.content.ContentProviderProxy@fb6c79a
03-14 02:17:01.954  5284  5284 I ActivityThread: Removing dead content provider:android.content.ContentProviderProxy@fb6c79a
03-14 02:17:01.954  4852  4852 I ActivityThread: Removing dead content provider:android.content.ContentProviderProxy@ed7d8b2
03-14 02:17:01.954  4852  4852 I ActivityThread: Removing dead content provider:android.content.ContentProviderProxy@ed7d8b2
03-14 02:17:01.955     0     0 I [20210314_02:17:01.952984]@3 binder: release 3515:3549 transaction 561028 in, still active
03-14 02:17:01.955     0     0 I [20210314_02:17:01.953002]@3 binder: send failed reply for transaction 561028 to 7528:7528
03-14 02:17:01.955     0     0 I [20210314_02:17:01.953034]@3 binder: release 3515:3551 transaction 561003 in, still active
03-14 02:17:01.955     0     0 I [20210314_02:17:01.953042]@3 binder: send failed reply for transaction 561003 to 8553:8553
03-14 02:17:01.955     0     0 I [20210314_02:17:01.953075]@3 binder: release 3515:3809 transaction 561030 in, still active
03-14 02:17:01.955     0     0 I [20210314_02:17:01.953082]@3 binder: send failed reply for transaction 561030 to 7909:7909
03-14 02:17:01.955     0     0 I [20210314_02:17:01.953114]@3 binder: release 3515:4350 transaction 560999 in, still active
03-14 02:17:01.955     0     0 I [20210314_02:17:01.953121]@3 binder: send failed reply for transaction 560999 to 8287:8287
03-14 02:17:01.955     0     0 I [20210314_02:17:01.953138]@3 binder: undelivered transaction 561195, process died.
03-14 02:17:01.955     0     0 I [20210314_02:17:01.953146]@3 binder: release 3515:4893 transaction 561040 in, still active
03-14 02:17:01.955     0     0 I [20210314_02:17:01.953153]@3 binder: send failed reply for transaction 561040 to 7101:7101
03-14 02:17:01.955     0     0 I [20210314_02:17:01.953188]@3 binder: release 3515:5160 transaction 561008 in, still active
03-14 02:17:01.955     0     0 I [20210314_02:17:01.953195]@3 binder: send failed reply for transaction 561008 to 7145:7145
03-14 02:17:01.955     0     0 I [20210314_02:17:01.953224]@3 binder: release 3515:6951 transaction 561044 in, still active
03-14 02:17:01.955     0     0 I [20210314_02:17:01.953231]@3 binder: send failed reply for transaction 561044 to 5284:5284
03-14 02:17:01.955     0     0 I [20210314_02:17:01.953257]@3 binder: release 3515:9216 transaction 561012 in, still active
03-14 02:17:01.955     0     0 I [20210314_02:17:01.953264]@3 binder: send failed reply for transaction 561012 to 4852:4852
03-14 02:17:01.955     0     0 I [20210314_02:17:01.953298]@3 binder: undelivered TRANSACTION_COMPLETE
03-14 02:17:01.958     0     0 I [20210314_02:17:01.953305]@3 binder: undelivered transaction 561208, process died.
03-14 02:17:01.959     0     0 I [20210314_02:17:01.953576]@3 binder: undelivered transaction 561207, process died.
03-14 02:17:01.963  3922  3922 I ActivityThread: Removing dead content provider:android.content.ContentProviderProxy@8523298
03-14 02:17:01.963  1465  6870 I chatty  : uid=1000(system) Binder:1465_1B expire 1 line
03-14 02:17:01.968  1465  1559 I chatty  : uid=1000(system) ActivityManager expire 1 line
03-14 02:17:01.991     0     0 I [20210314_02:17:01.990354]@0 binder: undelivered transaction 561284, process died.
03-14 02:17:01.991     0     0 I [20210314_02:17:01.990370]@0 binder: undelivered transaction 561290, process died.
03-14 02:17:01.991     0     0 I [20210314_02:17:01.990376]@0 binder: undelivered transaction 561312, process died.
03-14 02:17:01.992  1465  2163 I chatty  : uid=1000(system) Binder:1465_4 expire 9 lines
03-14 02:17:01.993     0     0 I [20210314_02:17:01.992356]@0 binder: undelivered transaction 561282, process died.
03-14 02:17:01.997  1465  6869 I chatty  : uid=1000(system) Binder:1465_1A expire 1 line
03-14 02:17:02.009     0     0 I         : [20210314_02:17:01.998508]@7 IRQ 6: no longer affine to CPU7
03-14 02:17:02.088     0     0 I         : [20210314_02:17:02.078238]@4 IRQ 6: no longer affine to CPU4
03-14 02:17:02.258     0     0 W         : [20210314_02:17:02.254211]@2 F2FS-fs (dm-10): Unexpected flush for atomic writes: ino=2637, npages=2
03-14 02:17:02.302     0     0 E         : [20210314_02:17:02.298281]@3 gsi soc:qcom,msm_gsi: gsi_stop_channel:2874 chan=6 busy try again
03-14 02:17:02.302     0     0 E         : [20210314_02:17:02.300426]@1 gsi soc:qcom,msm_gsi: gsi_config_channel_mode:3687 already in requested mode 1 chan_hdl=6
03-14 02:17:02.302     0     0 W [20210314_02:17:02.301136]@0 NOHZ: local_softirq_pending 08
03-14 02:17:02.302     0     0 W [20210314_02:17:02.301148]@0 NOHZ: local_softirq_pending 08
03-14 02:17:02.320  9798  9847 E ActivityThread: Failed to find provider info for instantapp-dev-manager
03-14 02:17:02.346  1465  2161 I chatty  : uid=1000(system) Binder:1465_3 expire 5 lines
03-14 02:17:02.888     0     0 W         : [20210314_02:17:02.886895]@1 F2FS-fs (dm-10): Unexpected flush for atomic writes: ino=2845, npages=2
03-14 02:17:02.962  1465  8185 I chatty  : uid=1000(system) Binder:1465_1E expire 6 lines
03-14 02:17:02.986  1465  2939 I chatty  : uid=1000(system) Binder:1465_8 expire 8 lines
03-14 02:17:03.170  1465  6867 I chatty  : uid=1000(system) Binder:1465_18 expire 6 lines
03-14 02:17:03.192  1465  9794 I chatty  : uid=1000(system) Binder:1465_1F expire 12 lines
03-14 02:17:03.282  1465  1547 I chatty  : uid=1000(system) android.display expire 1 line
03-14 02:17:03.582  9852 10062 D ActivityThread: Loading provider com.google.android.gms.nearby.sharing: com.google.android.gms.nearby.sharing.SharingSliceProvider
03-14 02:17:04.258     0     0 D [20210314_02:17:04.257866]@0 logd: logdr: UID=10157 GID=10157 PID=9852 n tail=0 logMask=4 pid=0 start=0ns timeout=0ns
03-14 02:17:04.928     0     0 E         : [20210314_02:17:04.928323]@5 gsi soc:qcom,msm_gsi: gsi_stop_channel:2874 chan=6 busy try again
03-14 02:17:04.930     0     0 E         : [20210314_02:17:04.930382]@4 gsi soc:qcom,msm_gsi: gsi_config_channel_mode:3687 already in requested mode 1 chan_hdl=6
03-14 02:17:04.931     0     0 W [20210314_02:17:04.930928]@4 NOHZ: local_softirq_pending 08
03-14 02:17:04.931     0     0 W [20210314_02:17:04.930934]@4 NOHZ: local_softirq_pending 08
03-14 02:17:05.535     0     0 W         : [20210314_02:17:05.534868]@4 F2FS-fs (dm-10): Unexpected flush for atomic writes: ino=2862, npages=2
03-14 02:17:06.083  1465  1558 I chatty  : uid=1000(system) android.bg expire 98 lines
03-14 02:17:06.088  1465  1465 I chatty  : uid=1000 system_server expire 57 lines
03-14 02:17:06.093  1465  2164 I chatty  : uid=1000(system) Binder:1465_5 expire 31 lines
03-14 02:17:06.107  1465  4351 I chatty  : uid=1000(system) Binder:1465_D expire 16 lines
03-14 02:17:06.108  1465  3369 I chatty  : uid=1000(system) Binder:1465_9 expire 8 lines
03-14 02:17:06.154  1465  2939 I chatty  : uid=1000(system) Binder:1465_8 expire 25 lines
03-14 02:17:06.188     0     0 I         : [20210314_02:17:06.178510]@7 IRQ 6: no longer affine to CPU7
03-14 02:17:06.343  1465  6865 I chatty  : uid=1000(system) Binder:1465_17 expire 9 lines
03-14 02:17:06.359  1465  1520 I chatty  : uid=1000(system) Binder:1465_2 expire 23 lines
03-14 02:17:06.678  1465  1465 I chatty  : uid=1000 system_server expire 65 lines
03-14 02:17:06.679  1465  1558 I chatty  : uid=1000(system) android.bg expire 97 lines
03-14 02:17:06.693  1465  4351 I chatty  : uid=1000(system) Binder:1465_D expire 16 lines
03-14 02:17:06.822  1465  3369 I chatty  : uid=1000(system) Binder:1465_9 expire 2 lines
03-14 02:17:06.838     0     0 I         : [20210314_02:17:06.838085]@7 IRQ 6: no longer affine to CPU7
03-14 02:17:06.852  1465  8185 I chatty  : uid=1000(system) Binder:1465_1E expire 25 lines
03-14 02:17:06.902  1465  2939 I chatty  : uid=1000(system) Binder:1465_8 expire 12 lines
03-14 02:17:06.992  1465  6865 I chatty  : uid=1000(system) Binder:1465_17 expire 13 lines
03-14 02:17:07.028     0     0 I         : [20210314_02:17:07.018516]@7 IRQ 6: no longer affine to CPU7
03-14 02:17:07.129     0     0 I         : [20210314_02:17:07.118357]@4 IRQ 6: no longer affine to CPU4
03-14 02:17:07.360  1465  6867 I chatty  : uid=1000(system) Binder:1465_18 expire 11 lines
03-14 02:17:07.388  1465  2164 I chatty  : uid=1000(system) Binder:1465_5 expire 2 lines
03-14 02:17:07.399  1465  1558 I chatty  : uid=1000(system) android.bg expire 102 lines
03-14 02:17:07.420  1465  1465 I chatty  : uid=1000 system_server expire 68 lines
03-14 02:17:07.453  1465  2939 I chatty  : uid=1000(system) Binder:1465_8 expire 39 lines
03-14 02:17:07.454  1465  6865 I chatty  : uid=1000(system) Binder:1465_17 expire 3 lines
03-14 02:17:07.796  1465  4351 I chatty  : uid=1000(system) Binder:1465_D expire 23 lines
03-14 02:17:07.954  1465  9794 I chatty  : uid=1000(system) Binder:1465_1F expire 9 lines
03-14 02:17:07.956  1465  6867 I chatty  : uid=1000(system) Binder:1465_18 expire 6 lines
03-14 02:17:08.108     0     0 I         : [20210314_02:17:08.098497]@5 IRQ 6: no longer affine to CPU5
03-14 02:17:08.233  1465  4285 I chatty  : uid=1000(system) LazyTaskWriterT expire 1 line
03-14 02:17:08.576  1465  7463 I chatty  : uid=1000(system) Binder:1465_1D expire 15 lines
03-14 02:17:08.722  1465  1558 I chatty  : uid=1000(system) android.bg expire 72 lines
03-14 02:17:08.730  1465  1465 I chatty  : uid=1000 system_server expire 54 lines
03-14 02:17:08.754  1465  4351 I chatty  : uid=1000(system) Binder:1465_D expire 26 lines
03-14 02:17:08.948     0     0 I         : [20210314_02:17:08.938345]@6 IRQ 6: no longer affine to CPU6
03-14 02:17:08.999  1465  1544 I chatty  : uid=1000(system) android.fg expire 1 line
03-14 02:17:09.368     0     0 I         : [20210314_02:17:09.358761]@4 IRQ 6: no longer affine to CPU4
03-14 02:17:09.622  1465  2161 I chatty  : uid=1000(system) Binder:1465_3 expire 1 line
03-14 02:17:10.309     0     0 I         : [20210314_02:17:10.298795]@7 IRQ 6: no longer affine to CPU7
03-14 02:17:10.798     0     0 E [20210314_02:17:10.795847]@3 [TP]touchpanel: touchpanel: Touchpanel id 0 :Down[ 183 2776   31]
03-14 02:17:10.808  1465  3369 I chatty  : uid=1000(system) Binder:1465_9 expire 2 lines
03-14 02:17:10.812  1465  1560 I chatty  : uid=1000(system) ActivityManager expire 2 lines
03-14 02:17:11.022  1465  9794 I chatty  : uid=1000(system) Binder:1465_1F expire 19 lines
03-14 02:17:11.033  1465  6625 I chatty  : uid=1000(system) Binder:1465_15 expire 16 lines
03-14 02:17:11.069  1465  6865 I chatty  : uid=1000(system) Binder:1465_17 expire 7 lines
03-14 02:17:11.085  1465  2164 I chatty  : uid=1000(system) Binder:1465_5 expire 2 lines
03-14 02:17:12.202  1465 10395 I chatty  : uid=1000 system_server expire 4 lines
03-14 02:17:12.274  1465 10396 I chatty  : uid=1000 system_server expire 4 lines
03-14 02:17:12.311  1465 10397 I chatty  : uid=1000 system_server expire 4 lines
03-14 02:17:12.337  1465 10399 I chatty  : uid=1000 system_server expire 4 lines
03-14 02:17:12.659  1465  1520 I chatty  : uid=1000(system) Binder:1465_2 expire 18 lines
03-14 02:17:12.726  1465  1559 I chatty  : uid=1000(system) ActivityManager expire 1 line
03-14 02:17:12.771  1465  9794 I chatty  : uid=1000(system) Binder:1465_1F expire 18 lines
03-14 02:17:12.779  1465  1558 I chatty  : uid=1000(system) android.bg expire 81 lines
03-14 02:17:12.782  1465  1465 I chatty  : uid=1000 system_server expire 67 lines
03-14 02:17:12.785  1465  1520 I chatty  : uid=1000(system) Binder:1465_2 expire 33 lines
03-14 02:17:12.801  1465  4351 I chatty  : uid=1000(system) Binder:1465_D expire 6 lines
03-14 02:17:12.823  1465  7463 I chatty  : uid=1000(system) Binder:1465_1D expire 16 lines
03-14 02:17:12.823  1465  6625 I chatty  : uid=1000(system) Binder:1465_15 expire 8 lines
03-14 02:17:12.838     0     0 F [20210314_02:17:12.835609]@3 perfetto: enabled ftrace
03-14 02:17:13.024  1465  2164 I chatty  : uid=1000(system) Binder:1465_5 expire 8 lines
03-14 02:17:13.060  1465  6865 I chatty  : uid=1000(system) Binder:1465_17 expire 27 lines
03-14 02:17:13.061  1465  1558 I chatty  : uid=1000(system) android.bg expire 92 lines
03-14 02:17:13.065  1465  1465 I chatty  : uid=1000 system_server expire 64 lines
03-14 02:17:13.077  1465  4351 I chatty  : uid=1000(system) Binder:1465_D expire 29 lines
03-14 02:17:13.078  1465  6625 I chatty  : uid=1000(system) Binder:1465_15 expire 14 lines
03-14 02:17:15.608     0     0 I         : [20210314_02:17:15.598445]@7 IRQ 6: no longer affine to CPU7
03-14 02:17:15.741  1465  2164 I chatty  : uid=1000(system) Binder:1465_5 expire 10 lines
03-14 02:17:15.765  1465  1520 I chatty  : uid=1000(system) Binder:1465_2 expire 4 lines
03-14 02:17:16.208  1465  4285 I chatty  : uid=1000(system) LazyTaskWriterT expire 1 line
03-14 02:17:17.038     0     0 I         : [20210314_02:17:17.038171]@6 IRQ 6: no longer affine to CPU6
03-14 02:17:17.827  1465  6625 I chatty  : uid=1000(system) Binder:1465_15 expire 20 lines
03-14 02:17:17.907  1465  4351 I chatty  : uid=1000(system) Binder:1465_D expire 2 lines
03-14 02:17:17.907  1465  1560 I chatty  : uid=1000(system) ActivityManager expire 4 lines
03-14 02:17:17.957  1465  9794 I chatty  : uid=1000(system) Binder:1465_1F expire 1 line
03-14 02:17:17.997  1465  2658 I chatty  : uid=1000(system) ConnectivitySer expire 2 lines
03-14 02:17:18.013  1465  2161 I chatty  : uid=1000(system) Binder:1465_3 expire 2 lines
03-14 02:17:19.108     0     0 I         : [20210314_02:17:19.098401]@6 IRQ 6: no longer affine to CPU6
03-14 02:17:19.698     0     0 E         : [20210314_02:17:19.688210]@3 gsi soc:qcom,msm_gsi: gsi_stop_channel:2874 chan=6 busy try again
03-14 02:17:19.698     0     0 E         : [20210314_02:17:19.690302]@3 gsi soc:qcom,msm_gsi: gsi_config_channel_mode:3687 already in requested mode 1 chan_hdl=6
03-14 02:17:19.698     0     0 W [20210314_02:17:19.691027]@3 NOHZ: local_softirq_pending 08
03-14 02:17:19.698     0     0 W [20210314_02:17:19.691040]@3 NOHZ: local_softirq_pending 08
03-14 02:17:19.991  1465  9795 I chatty  : uid=1000(system) Binder:1465_20 expire 5 lines
03-14 02:17:20.087  1465  2048 I chatty  : uid=1000(system) AlarmManager expire 1 line
03-14 02:17:21.091  1465  1558 I chatty  : uid=1000(system) android.bg expire 75 lines
03-14 02:17:21.098  1465  1465 I chatty  : uid=1000 system_server expire 49 lines
03-14 02:17:21.104  1465  6869 I chatty  : uid=1000(system) Binder:1465_1A expire 35 lines
03-14 02:17:22.830     0     0 F [20210314_02:17:22.828572]@3 perfetto: disabled ftrace
03-14 02:17:23.637  1465  2689 I chatty  : uid=1000(system) Binder:1465_6 expire 15 lines
03-14 02:17:23.692  1465  3369 I chatty  : uid=1000(system) Binder:1465_9 expire 2 lines
03-14 02:17:26.091  1465  6625 D AuthService: canAuthenticate, userId: 0, callingUserId: 0, authenticators: 255, result: 11
03-14 02:17:26.105  1465  1465 D NotificationService: 0|com.android.vending|-1482492075|null|10149: granting content://settings/system/notification_sound
03-14 02:17:26.106  1465  1465 I chatty  : uid=1000 system_server identical 2 lines
03-14 02:17:26.106  1465  1465 D NotificationService: 0|com.android.vending|-1482492075|null|10149: granting content://settings/system/notification_sound
03-14 02:17:26.111  1465  1465 W NotificationHistory: Attempted to add notif for locked/gone/disabled user 0
03-14 02:17:26.903  1465  6625 D BiometricService: canAuthenticate: User=0, Caller=0, Authenticators=255
03-14 02:17:26.903  1465  6625 D BiometricService: Package: com.google.android.gms Authenticator ID: 0 Modality: 2 Reported Modality: 2 Status: 6
03-14 02:17:26.903  1465  6625 D AuthService: canAuthenticate, userId: 0, callingUserId: 0, authenticators: 255, result: 11
03-14 02:17:29.508     0     0 I         : [20210314_02:17:29.498412]@5 IRQ 6: no longer affine to CPU5
03-14 02:17:29.570     0     0 E         : [20210314_02:17:29.568369]@1 gsi soc:qcom,msm_gsi: gsi_stop_channel:2874 chan=6 busy try again
03-14 02:17:29.572     0     0 E         : [20210314_02:17:29.570520]@2 gsi soc:qcom,msm_gsi: gsi_config_channel_mode:3687 already in requested mode 1 chan_hdl=6
03-14 02:17:29.572     0     0 W [20210314_02:17:29.572290]@0 NOHZ: local_softirq_pending 08
03-14 02:17:29.572     0     0 W [20210314_02:17:29.572306]@0 NOHZ: local_softirq_pending 08
03-14 02:17:30.443  1465  4351 I ActivityManager: Killing 4248:com.android.yadayada/u0a193 (adj 999): empty #31
03-14 02:17:30.485  1465  1547 W ActivityManager: setHasOverlayUi called on unknown pid: 4248
03-14 02:17:31.565  1465  8185 I ActivityManager: Killing 8404:com.android.carrierdefaultapp/u0a122 (adj 995): empty #31
03-14 02:17:33.759  1465  6625 I ActivityManager: Killing 2755:com.android.providers.calendar/u0a117 (adj 999): empty #31
03-14 02:17:33.769  1465  6625 I ActivityManager: Killing 7528:com.android.chrome/u0a178 (adj 999): empty #32
03-14 02:17:34.918     0     0 E [20210314_02:17:34.908552]@1 [TP]touchpanel: touchpanel: Touchpanel id 1 :Down[ 106 2512   33]
03-14 02:17:49.348     0     0 E [20210314_02:17:49.343244]@0 [TP]touchpanel: touchpanel: Touchpanel id 0 :Down[1384 2087   24]
03-14 02:17:50.649  1465  6625 I ActivityManager: Killing 8739:com.google.android.deskclock/u0a181 (adj 999): empty #31
03-14 02:17:50.651  1465  6625 I ActivityManager: Killing 8715:com.google.android.cellbroadcastreceiver/u0a211 (adj 999): empty #32
