03-14 09:35:25.481     0     0 I @2 sps  : BAM 0x0000000017184000 (va:0x0000000000000000) enabled: ver:0x19, number of pipes:25
03-14 09:35:25.481     0     0 I @2 sps  : BAM 0x0000000017184000 is registered.
03-14 09:35:25.482  1006  1006 I pd-mapper-svc: Parsing file :/vendor/firmware_mnt/image/cdspr.jsn:
03-14 09:35:25.483  1006  1006 I pd-mapper-svc: Parsing file :/vendor/firmware_mnt/image/modemr.jsn:
03-14 09:35:25.483  1006  1006 I pd-mapper-svc: Parsing file :/vendor/firmware_mnt/image/slpir.jsn:
03-14 09:35:25.483  1006  1006 I pd-mapper-svc: Parsing file :/vendor/firmware_mnt/image/slpius.jsn:
03-14 09:35:25.484     0     0 I @2 CAM_INFO: CAM-UTIL: cam_soc_util_clk_disable: 577 disable ipe_1_clk
03-14 09:35:25.484     0     0 I @2 CAM_INFO: CAM-UTIL: cam_soc_util_clk_disable: 577 disable ipe_1_clk_src
03-14 09:35:25.484     0     0 I @2 CAM_INFO: CAM-UTIL: cam_soc_util_clk_disable: 577 disable ipe_1_axi_clk
03-14 09:35:25.484     0     0 I @2 CAM_INFO: CAM-UTIL: cam_soc_util_clk_disable: 577 disable ipe_1_areg_clk
03-14 09:35:25.484     0     0 I @2 CAM_INFO: CAM-UTIL: cam_soc_util_clk_disable: 577 disable ipe_1_ahb_clk
03-14 09:35:25.485  1011  1011 E sscrpcd : vendor/qcom/proprietary/sensors-see/sscrpcd/src/sscrpcd.cpp:28:adsp daemon starting
03-14 09:35:25.486     0     0 I @4 CAM_INFO: CAM-UTIL: cam_soc_util_clk_disable: 577 disable ipe_0_clk
03-14 09:35:25.486     0     0 I @4 CAM_INFO: CAM-UTIL: cam_soc_util_clk_disable: 577 disable ipe_0_clk_src
03-14 09:35:25.486  1006  1006 I pd-mapper-svc: Parsing file :/vendor/firmware_mnt/image/modemuw.jsn:
03-14 09:35:25.486     0     0 I @4 CAM_INFO: CAM-UTIL: cam_soc_util_clk_disable: 577 disable ipe_0_axi_clk
03-14 09:35:25.486     0     0 I @4 CAM_INFO: CAM-UTIL: cam_soc_util_clk_disable: 577 disable ipe_0_areg_clk
03-14 09:35:25.486     0     0 I @4 CAM_INFO: CAM-UTIL: cam_soc_util_clk_disable: 577 disable ipe_0_ahb_clk
03-14 09:35:25.486  1011  1011 I sscrpcd : remote_handle_open: Successfully opened handle 0x7f for '":;./\attachguestos on domain 2
03-14 09:35:25.487     0     0 I CAM_INFO: CAM-ICP: cam_icp_mgr_hw_open: 3037 FW download done successfully
03-14 09:35:25.487   981   981 I vpp-ipc_service: Starting vppservice...
03-14 09:35:25.487     0     0 I @4 CAM_INFO: CAM-UTIL: cam_soc_util_clk_disable: 577 disable bps_clk
03-14 09:35:25.487     0     0 I @4 CAM_INFO: CAM-UTIL: cam_soc_util_clk_disable: 577 disable bps_clk_src
03-14 09:35:25.487     0     0 I @4 CAM_INFO: CAM-UTIL: cam_soc_util_clk_disable: 577 disable bps_axi_clk
03-14 09:35:25.487     0     0 I @4 CAM_INFO: CAM-UTIL: cam_soc_util_clk_disable: 577 disable bps_areg_clk
03-14 09:35:25.487     0     0 I @4 CAM_INFO: CAM-UTIL: cam_soc_util_clk_disable: 577 disable bps_ahb_clk
03-14 09:35:25.488     0     0 I @4 servloc: service_locator_new_server: Connection established with the Service locator
03-14 09:35:25.488     0     0 I @7 servloc: init_service_locator: Service locator initialized
03-14 09:35:25.488  1006  1020 I pd-mapper-svc: Starting servloc server
03-14 09:35:25.488  1011  1011 I sscrpcd : fastrpc_perf_init: enabled RPC traces (kernel 0, dsp 0) with frequency 1000
03-14 09:35:25.488     0     0 I @1 CAM_INFO: CAM-UTIL: cam_soc_util_clk_disable: 577 disable icp_clk
03-14 09:35:25.488     0     0 I @1 CAM_INFO: CAM-UTIL: cam_soc_util_clk_disable: 577 disable icp_clk_src
03-14 09:35:25.488     0     0 I @1 CAM_INFO: CAM-UTIL: cam_soc_util_clk_disable: 577 disable icp_ahb_clk
03-14 09:35:25.488  1011  1011 I sscrpcd : remote_handle_open: Successfully opened handle 0xb06d6fe0 for adsp_default_listener on domain 2
03-14 09:35:25.488     0     0 I @1 CAM_INFO: CAM-UTIL: cam_soc_util_clk_disable: 577 disable soc_fast_ahb
03-14 09:35:25.488     0     0 I @1 CAM_INFO: CAM-UTIL: cam_soc_util_clk_disable: 577 disable camnoc_axi_clk
03-14 09:35:25.488     0     0 I @1 CAM_INFO: CAM-UTIL: cam_soc_util_clk_disable: 577 disable camnoc_axi_clk_src
03-14 09:35:25.488     0     0 I @1 CAM_INFO: CAM-UTIL: cam_soc_util_clk_disable: 577 disable cpas_ahb_clk
03-14 09:35:25.488     0     0 I @1 CAM_INFO: CAM-UTIL: cam_soc_util_clk_disable: 577 disable slow_ahb_clk_src
03-14 09:35:25.488     0     0 I @1 CAM_INFO: CAM-UTIL: cam_soc_util_clk_disable: 577 disable gcc_axi_sf_clk
03-14 09:35:25.488     0     0 I @1 CAM_INFO: CAM-UTIL: cam_soc_util_clk_disable: 577 disable gcc_axi_hf_clk
03-14 09:35:25.488     0     0 I @1 CAM_INFO: CAM-UTIL: cam_soc_util_clk_disable: 577 disable gcc_ahb_clk
03-14 09:35:25.488  1011  1011 I sscrpcd : remote_handle_open: Successfully opened handle 0xb06da4d0 for adsp_default_listener on domain 2
03-14 09:35:25.489  1011  1011 I sscrpcd : remote_handle_open: Successfully opened handle 0x7 for '":;./\geteventfd on domain 2
03-14 09:35:25.489   981   981 E vpp-tunings: u32VppTunings_ReadExternalTunings (337): unable to open file: /mnt/vendor/persist/vpp/tunings.txt, err=2 (No such file or directory)
03-14 09:35:25.489   981   981 E vpp-hcp : u32VppIpHcp_BootModule (4187): unable to initialize tunings
03-14 09:35:25.490   894   894 E CamX    : [ERROR][CSL    ] camxcslhwinternal.cpp:2933 CSLHwInternalFDIoctl() Ioctl failed for FD:9 with error reason Invalid argument
03-14 09:35:25.490     0     0 E         : @7 slimbus sb-3: of_slim: invalid E-addr
03-14 09:35:25.491     0     0 I @6 ADSPRPC: audio_pdr_adsprpc is uninitialzed
03-14 09:35:25.491     0     0 I @3 service-notifier: service_notifier_new_server: Connection established between QMI handle and 74 service
03-14 09:35:25.492     0     0 I @3 apr_adsp_up: Q6 is Up
03-14 09:35:25.492     0     0 E         : @4 slimbus sb-1: of_slim: invalid E-addr
03-14 09:35:25.492  1008  1008 I PerMgrSrv: Adding entry for modem : offTimeout : 500 ackTimeout : 200
03-14 09:35:25.492     0     0 I         : @4 wcd-slim tavil-slim-pgd: msm_cdc_dt_parse_vreg_info: cdc-buck-sido: vol=[1800000 1800000]uV, curr=[500000]uA, ond 0
03-14 09:35:25.492     0     0 I         : @4 wcd-slim tavil-slim-pgd: msm_cdc_dt_parse_vreg_info: cdc-vdd-tx-h: vol=[1800000 1800000]uV, curr=[25000]uA, ond 0
03-14 09:35:25.492     0     0 I         : @4 wcd-slim tavil-slim-pgd: msm_cdc_dt_parse_vreg_info: cdc-vdd-rx-h: vol=[1800000 1800000]uV, curr=[25000]uA, ond 0
03-14 09:35:25.492     0     0 I         : @4 wcd-slim tavil-slim-pgd: msm_cdc_dt_parse_vreg_info: cdc-vddpx-1: vol=[1800000 1800000]uV, curr=[10000]uA, ond 0
03-14 09:35:25.492     0     0 I         : @4 wcd-slim tavil-slim-pgd: msm_cdc_dt_parse_vreg_info: cdc-vdd-3v3: vol=[3300000 3300000]uV, curr=[16800]uA, ond 0
03-14 09:35:25.492     0     0 I         : @4 wcd-slim tavil-slim-pgd: wcd9xxx_slim_probe: probing for wcd type: 4, name: tavil-slim-pgd
03-14 09:35:25.493   981  1025 I vppservice: Successfully opened fastrpc_shell_3
03-14 09:35:25.493     0     0 I @3 iommu: Adding device soc:qcom,msm-audio-apr:qcom,msm-audio-ion to group 59
03-14 09:35:25.493     0     0 I audio_notifer_reg_service: service PDR_ADSP is in use
03-14 09:35:25.493     0     0 I wcd-slim tavil-slim-pgd: msm_cdc_dt_parse_vreg_info: cdc-vdd-buck: vol=[1800000 1800000]uV, curr=[650000]uA, ond 0
03-14 09:35:25.494  1008  1008 I PerMgrSrv: Adding entry for slpi : offTimeout : 5000 ackTimeout : 200
03-14 09:35:25.494  1008  1008 I PerMgrSrv: Adding entry for spss : offTimeout : 5000 ackTimeout : 200
03-14 09:35:25.495     0     0 I @3 populate_snd_card_dailinks: add smartpa dai link is successful!
03-14 09:35:25.498     0     0 W         : @3 sm8150-asoc-snd soc:qcom,msm-audio-apr:sound-tavil: msm_init_wsa_dev: Max WSA devices is 0 for this target?
03-14 09:35:25.498     0     0 E         : @3 sm8150-asoc-snd soc:qcom,msm-audio-apr:sound-tavil: ASoC: platform /soc/qcom,msm-pcm-voice not registered
03-14 09:35:25.499   824   824 W zygote  : JNI RegisterNativeMethods: attempt to register 0 native methods for android.media.AudioAttributes
03-14 09:35:25.501   823   823 W zygote64: JNI RegisterNativeMethods: attempt to register 0 native methods for android.media.AudioAttributes
03-14 09:35:25.502     0     0 I @3 populate_snd_card_dailinks: add smartpa dai link is successful!
03-14 09:35:25.503     0     0 W         : @3 sm8150-asoc-snd soc:qcom,msm-audio-apr:sound-tavil: msm_init_wsa_dev: Max WSA devices is 0 for this target?
03-14 09:35:25.503  1008  1008 I PerMgrSrv: Peripheral Mananager service start
03-14 09:35:25.503  1008  1008 I PerMgrSrv: power-off timeout 500,ms; event-ack timeout 200,ms; debug-mode false
03-14 09:35:25.503  1008  1008 I PerMgrSrv: Statistics for : modem
03-14 09:35:25.503  1008  1008 I PerMgrSrv: modem: Current State : is off-line
03-14 09:35:25.503  1008  1008 I PerMgrSrv: modem: Voter/Listener count : 0/0
03-14 09:35:25.503  1008  1008 I PerMgrSrv: modem: Power on count : 0
03-14 09:35:25.503  1008  1008 I PerMgrSrv: modem: Power off count: 0
03-14 09:35:25.503  1008  1008 I PerMgrSrv: modem: Client list:
03-14 09:35:25.503  1008  1008 I PerMgrSrv: Statistics for : slpi
03-14 09:35:25.503  1008  1008 I PerMgrSrv: slpi: Current State : is off-line
03-14 09:35:25.503  1008  1008 I PerMgrSrv: slpi: Voter/Listener count : 0/0
03-14 09:35:25.503  1008  1008 I PerMgrSrv: slpi: Power on count : 0
03-14 09:35:25.503  1008  1008 I PerMgrSrv: slpi: Power off count: 0
03-14 09:35:25.503  1008  1008 I PerMgrSrv: slpi: Client list:
03-14 09:35:25.503  1008  1008 I PerMgrSrv: Statistics for : spss
03-14 09:35:25.503  1008  1008 I PerMgrSrv: spss: Current State : is off-line
03-14 09:35:25.503  1008  1008 I PerMgrSrv: spss: Voter/Listener count : 0/0
03-14 09:35:25.503  1008  1008 I PerMgrSrv: spss: Power on count : 0
03-14 09:35:25.503  1008  1008 I PerMgrSrv: spss: Power off count: 0
03-14 09:35:25.503  1008  1008 I PerMgrSrv: spss: Client list:
03-14 09:35:25.503  1008  1035 I PerMgrSrv: QMI service start
03-14 09:35:25.506     0     0 E         : @3 sm8150-asoc-snd soc:qcom,msm-audio-apr:sound-tavil: ASoC: CODEC DAI tavil_rx2 not registered
03-14 09:35:25.509   625   897 W libc    : Unable to set property "ctl.interface_start" to "vendor.oneplus.fingerprint.extension@1.0::IVendorFingerprintExtensions/default": error code: 0x20
03-14 09:35:25.512   625   956 W libc    : Unable to set property "ctl.interface_start" to "vendor.qti.hardware.perf@2.2::IPerf/default": error code: 0x20
03-14 09:35:25.512   625   955 W libc    : Unable to set property "ctl.interface_start" to "vendor.qti.hardware.perf@2.2::IPerf/default": error code: 0x20
03-14 09:35:25.512   823   823 D Zygote  : begin preload
03-14 09:35:25.512   823   823 I Zygote  : Calling ZygoteHooks.beginPreload()
03-14 09:35:25.517   981  1025 I vppservice: Successfully created user PD on domain 3 (attrs 0x0, debug_trace 0x0)
03-14 09:35:25.518   981  1025 I vppservice: fastrpc_perf_init: enabled RPC traces (kernel 0, dsp 0) with frequency 1000
03-14 09:35:25.527   894   894 E CamX    : [ERROR][UTILS  ] camxosutilslinux.cpp:884 LibMap() dlopen: dlopen failed: cannot locate symbol "__cxa_demangle" referenced by "/vendor/lib64/libvidhance.so"..., on '/vendor/lib64/camera/components/com.oneplus.node.eis.so'
03-14 09:35:25.530   824   824 I zygote  : Explicit concurrent copying GC freed 612(62KB) AllocSpace objects, 0(0B) LOS objects, 99% free, 95KB/24MB, paused 118us total 6.197ms
03-14 09:35:25.530  1039  1039 E fsverity_init: Failed to find .fs-verity keyring id
03-14 09:35:25.531   981  1040 W vppservice: vendor/qcom/proprietary/commonsys-intf/adsprpc/src/apps_std_imp.c:749: Warning: fopen returned 0x2 for file oemconfig.so. (No such file or directory)
03-14 09:35:25.532   979   979 D vendor.qti.media.c2@1.0-service: media HW codec service starting...
03-14 09:35:25.534     1     1 W /system/bin/init: type=1107 audit(0.0:18): uid=0 auid=4294967295 ses=4294967295 subj=u:r:init:s0 msg='avc: denied { set } for property=persist.camera.gyro.disable pid=583 uid=0 gid=0 scontext=u:r:vendor_init:s0 tcontext=u:object_r:default_prop:s0 tclass=property_service permissive=0'
03-14 09:35:25.534   824   824 I zygote  : Explicit concurrent copying GC freed 25(46KB) AllocSpace objects, 0(0B) LOS objects, 99% free, 80KB/24MB, paused 237us total 3.420ms
03-14 09:35:25.541   981  1040 W vppservice: vendor/qcom/proprietary/commonsys-intf/adsprpc/src/apps_std_imp.c:749: Warning: fopen returned 0x2 for file testsig-0x9491e122.so. (No such file or directory)
03-14 09:35:25.542   821   821 I ServiceManager: Waiting for service 'statscompanion' on '/dev/binder'...
03-14 09:35:25.542   981  1040 W vppservice: vendor/qcom/proprietary/commonsys-intf/adsprpc/src/apps_std_imp.c:749: Warning: fopen returned 0x2 for file testsig.so. (No such file or directory)
03-14 09:35:25.542   979   979 W vendor.qti.media.c2@1.0-service: libminijail[979]: failed to get path of fd 5: No such file or directory
03-14 09:35:25.543   979   979 W vendor.qti.media.c2@1.0-service: libminijail[979]: allowing syscall: clock_gettime
03-14 09:35:25.543   979   979 W vendor.qti.media.c2@1.0-service: libminijail[979]: allowing syscall: connect
03-14 09:35:25.543   979   979 W vendor.qti.media.c2@1.0-service: libminijail[979]: allowing syscall: fcntl64
03-14 09:35:25.543   979   979 W vendor.qti.media.c2@1.0-service: libminijail[979]: allowing syscall: socket
03-14 09:35:25.543   979   979 W vendor.qti.media.c2@1.0-service: libminijail[979]: allowing syscall: writev
03-14 09:35:25.543   824   824 I Zygote  : Accepting command socket connections
03-14 09:35:25.545   979   979 W vendor.qti.media.c2@1.0-service: libminijail[979]: logging seccomp filter failures
03-14 09:35:25.545   583   583 W libc    : Unable to set property "persist.camera.gyro.disable" to "0": error code: 0x18
03-14 09:35:25.548   979   979 I vendor.qti.media.c2@1.0-service: missing struct descriptor #Param::CoreIndex(--4004) for field values of struct #Param::CoreIndex(F-14005)
03-14 09:35:25.548   979   979 I QC2CompStore: initializing store (qti.c2.store) ...
03-14 09:35:25.548   981  1025 I vppservice: remote_handle64_open: Successfully opened handle 0x41276390 for file:///libhcp_rpc_skel.so?hcp_rpc_skel_handle_invoke&_modver=1.0&_dom=cdsp on domain 3
03-14 09:35:25.549   981  1025 E vpp-hcp : u32VppIpHcp_TuningLoad (522): pstGlobal->pvTunings is null. Returning: VPP_OK
03-14 09:35:25.549   981  1025 E vpp-hcp : bVppIpHcp_IsTuningLoadComplete (666): pstGlobal->pvTunings is null. Returning: VPP_TRUE
03-14 09:35:25.549   823   823 I Zygote  : Preloading classes...
03-14 09:35:25.551   823   823 W Zygote  : Class not found for preloading: android.app.-$$Lambda$ResourcesManager$QJ7UiVk_XS90KuXAsIjIEym1DnM
03-14 09:35:25.551  1043  1043 E libc    : Access denied finding property "persist.serial.enable"
03-14 09:35:25.552     0     0 I @5 slimbus: 1 laddr:0xcf, EAPC:0x1:0x50
03-14 09:35:25.553   981   981 I HidlServiceManagement: Registered vendor.qti.hardware.vpp@1.3::IHidlVppService/vppService (start delay of 141ms)
03-14 09:35:25.554     1     1 W /system/bin/init: type=1107 audit(0.0:19): uid=0 auid=4294967295 ses=4294967295 subj=u:r:init:s0 msg='avc: denied { set } for property=ro.nfc.port pid=583 uid=0 gid=0 scontext=u:r:vendor_init:s0 tcontext=u:object_r:default_prop:s0 tclass=property_service permissive=0'
03-14 09:35:25.554     1     1 W /system/bin/init: type=1107 audit(0.0:20): uid=0 auid=4294967295 ses=4294967295 subj=u:r:init:s0 msg='avc: denied { set } for property=persist.camera.mobicat pid=583 uid=0 gid=0 scontext=u:r:vendor_init:s0 tcontext=u:object_r:default_prop:s0 tclass=property_service permissive=0'
03-14 09:35:25.554     1     1 W /system/bin/init: type=1107 audit(0.0:21): uid=0 auid=4294967295 ses=4294967295 subj=u:r:init:s0 msg='avc: denied { set } for property=persist.camera.stats.debugexif pid=583 uid=0 gid=0 scontext=u:r:vendor_init:s0 tcontext=u:object_r:default_prop:s0 tclass=property_service permissive=0'
03-14 09:35:25.555  1018  1018 I FastMixerState: sMaxFastTracks = 8
03-14 09:35:25.555   981   981 I vpp-ipc_service: dynamic hal is disabled
03-14 09:35:25.556     0     0 I slimbus : 1 laddr:0xce, EAPC:0x0:0x50
03-14 09:35:25.556     0     0 I wcd-slim tavil-slim-pgd: wcd9xxx_slim_device_up: slim device up, dev_up = 1
03-14 09:35:25.556     0     0 I         : @5 wcd-slim tavil-slim-pgd: wcd934x_get_cdc_info: wcd9xxx chip id major 0x108, minor 0x1
03-14 09:35:25.558   894   894 E CamX    : [ERROR][UTILS  ] camxosutilslinux.cpp:884 LibMap() dlopen: dlopen failed: cannot locate symbol "__cxa_demangle" referenced by "/vendor/lib64/libvidhance.so"..., on '/vendor/lib64/camera/components/com.vidhance.stats.aec_dmbr.so'
03-14 09:35:25.560  1018  1018 V MediaUtils: physMem: 7831093248
03-14 09:35:25.560  1018  1018 V MediaUtils: requested limit: 536870912
03-14 09:35:25.560  1018  1018 I libc    : malloc_limit: Allocation limit enabled, max size 536870912 bytes
03-14 09:35:25.560  1018  1018 I audioserver: ServiceManager: 0x7649c19420
03-14 09:35:25.561  1018  1018 W BatteryNotifier: batterystats service unavailable!
03-14 09:35:25.562     0     0 I @4 populate_snd_card_dailinks: add smartpa dai link is successful!
03-14 09:35:25.562     0     0 W         : @4 sm8150-asoc-snd soc:qcom,msm-audio-apr:sound-tavil: msm_init_wsa_dev: Max WSA devices is 0 for this target?
03-14 09:35:25.562     0     0 E         : @4 sm8150-asoc-snd soc:qcom,msm-audio-apr:sound-tavil: ASoC: CODEC DAI tavil_rx2 not registered
03-14 09:35:25.563   625   625 I hwservicemanager: getTransport: Cannot find entry android.hardware.audio@6.0::IDevicesFactory/default in either framework or device manifest.
03-14 09:35:25.564   894   894 E CamX    : [ERROR][UTILS  ] camxosutilslinux.cpp:884 LibMap() dlopen: dlopen failed: cannot locate symbol "__cxa_demangle" referenced by "/vendor/lib64/libvidhance.so"..., on '/vendor/lib64/camera/components/com.vidhance.stats.aec_dmbr.so'
03-14 09:35:25.564   894   894 E CamX    : [ERROR][CHI    ] camxchicomponent.cpp:160 GetAECAlgorithmCallback() Failed to retrieve ChiAECAlgorithmEntry function address.
03-14 09:35:25.565   583   583 W libc    : Unable to set property "ro.nfc.port" to "I2C": error code: 0x18
03-14 09:35:25.567     0     0 I @1 subsys-restart: __subsystem_get(): Changing subsys fw_name to venus
03-14 09:35:25.568   583   583 W libc    : Unable to set property "persist.camera.mobicat" to "2": error code: 0x18
03-14 09:35:25.569     0     0 I         : @1 subsys-pil-tz aae0000.qcom,venus: venus: loading from 0x0000000097200000 to 0x0000000097700000
03-14 09:35:25.569   583   583 W libc    : Unable to set property "persist.camera.stats.debugexif" to "3080192": error code: 0x18
03-14 09:35:25.571  1052  1052 W libc    : Unable to set property "ctl.start" to "console": error code: 0x20
03-14 09:35:25.581   625   625 I hwservicemanager: getTransport: Cannot find entry android.hardware.audio.effect@6.0::IEffectsFactory/default in either framework or device manifest.
03-14 09:35:25.588     0     0 I         : @5 Mass Storage Function, version: 2009/09/11
03-14 09:35:25.588     0     0 I @5 LUN  : removable read only CD-ROM file: (no medium)
03-14 09:35:25.590  1018  1018 I ServiceManager: Waiting for service 'media.metrics' on '/dev/binder'...
03-14 09:35:25.591     0     0 I         : @4 subsys-pil-tz aae0000.qcom,venus: venus: Brought out of reset
03-14 09:35:25.591     0     0 I         : @6 file system registered
03-14 09:35:25.595     0     0 I @4 f_cdev_alloc: port_name:at_usb0 (0000000000000000) portno:(0)
03-14 09:35:25.597     0     0 I @5 f_cdev_alloc: port_name:at_usb1 (0000000000000000) portno:(1)
03-14 09:35:25.598     0     0 I @6 f_cdev_alloc: port_name:at_usb2 (0000000000000000) portno:(2)
03-14 09:35:25.600     0     0 I @2 populate_snd_card_dailinks: add smartpa dai link is successful!
03-14 09:35:25.601   894   894 E android.hardware.camera.provider@2.4-service_64: ChiAWBAlgorithmEntry
03-14 09:35:25.602     0     0 W         : @2 sm8150-asoc-snd soc:qcom,msm-audio-apr:sound-tavil: msm_init_wsa_dev: Max WSA devices is 0 for this target?
03-14 09:35:25.604     0     0 W         : @6 using random self ethernet address
03-14 09:35:25.604     0     0 W         : @6 using random host ethernet address
03-14 09:35:25.604     0     0 I @4 msm_vidc: fw: <VFW_E:HostDr:unkn:--------:-> VenusHostDriver_SetSysProperty(1009): QC_IMAGE_VERSION_STRING=VIDEO.IR.1.2-00031-PROD-1.261943.2
03-14 09:35:25.604     0     0 I @4 msm_vidc: fw: <VFW_E:HostDr:unkn:--------:-> VenusHostDriver_SetSysProperty(1012): BUILD_TIME: Mar 13 2020 03:11:24
03-14 09:35:25.604     0     0 I         : @2 tavil_codec tavil_codec: tavil_soc_codec_probe()
03-14 09:35:25.605     0     0 I msm_vidc: fw: <VFW_E:HostDr:unkn:--------:->
03-14 09:35:25.605     0     0 I msm_vidc: fw: <VFW_E:HostDr:unkn:--------:->
03-14 09:35:25.606   979   979 I QC2V4l2Driver: [c2.qti.avc.decoder] Device /dev/video32 opened with fd: 7
03-14 09:35:25.609     0     0 I @5 msm_vidc: fw: <VFW_E:HostDr:unkn:--------:-> VenusHostDriver_SetSysProperty(1009): QC_IMAGE_VERSION_STRING=VIDEO.IR.1.2-00031-PROD-1.261943.2
03-14 09:35:25.609     0     0 I @5 msm_vidc: fw: <VFW_E:HostDr:unkn:--------:-> VenusHostDriver_SetSysProperty(1012): BUILD_TIME: Mar 13 2020 03:11:24
03-14 09:35:25.609     0     0 I @3 msm_vidc: err: This control 980928 is not supported yet
03-14 09:35:25.610     0     0 I msm_vidc: fw: <VFW_E:HostDr:unkn:--------:->
03-14 09:35:25.610     0     0 I msm_vidc: fw: <VFW_E:HostDr:unkn:--------:->
03-14 09:35:25.611   979   979 I QC2Comp : codec capability queried!
03-14 09:35:25.612   979   979 I QC2V4l2Driver: [c2.qti.avc.decoder] Closed device driver with fd: 7
03-14 09:35:25.613   979   979 I QC2CompStore: Added capabilities for c2.qti.avc.decoder
03-14 09:35:25.613   979   979 I QC2V4l2Driver: [c2.qti.avc.decoder.low_latency] Device /dev/video32 opened with fd: 7
03-14 09:35:25.616     0     0 I @6 msm_vidc: fw: <VFW_E:HostDr:unkn:--------:-> VenusHostDriver_SetSysProperty(1009): QC_IMAGE_VERSION_STRING=VIDEO.IR.1.2-00031-PROD-1.261943.2
03-14 09:35:25.616     0     0 I @6 msm_vidc: fw: <VFW_E:HostDr:unkn:--------:-> VenusHostDriver_SetSysProperty(1012): BUILD_TIME: Mar 13 2020 03:11:24
03-14 09:35:25.616     0     0 I @1 msm_vidc: err: This control 980928 is not supported yet
03-14 09:35:25.616     0     0 I msm_vidc: fw: <VFW_E:HostDr:unkn:--------:->
03-14 09:35:25.616     0     0 I msm_vidc: fw: <VFW_E:HostDr:unkn:--------:->
03-14 09:35:25.617   979   979 I QC2Comp : codec capability queried!
03-14 09:35:25.618   979   979 I QC2V4l2Driver: [c2.qti.avc.decoder.low_latency] Closed device driver with fd: 7
03-14 09:35:25.618   979   979 I QC2CompStore: Added capabilities for c2.qti.avc.decoder.low_latency
03-14 09:35:25.618   979   979 I QC2V4l2Driver: [c2.qti.avc.decoder.secure] Device /dev/video32 opened with fd: 7
03-14 09:35:25.622     0     0 I @6 msm_vidc: fw: <VFW_E:HostDr:unkn:--------:-> VenusHostDriver_SetSysProperty(1009): QC_IMAGE_VERSION_STRING=VIDEO.IR.1.2-00031-PROD-1.261943.2
03-14 09:35:25.622     0     0 I @6 msm_vidc: fw: <VFW_E:HostDr:unkn:--------:-> VenusHostDriver_SetSysProperty(1012): BUILD_TIME: Mar 13 2020 03:11:24
03-14 09:35:25.622     0     0 I @1 msm_vidc: err: This control 980928 is not supported yet
03-14 09:35:25.622     0     0 I msm_vidc: fw: <VFW_E:HostDr:unkn:--------:->
03-14 09:35:25.622     0     0 I msm_vidc: fw: <VFW_E:HostDr:unkn:--------:->
03-14 09:35:25.623   894   894 E CamX    : [ERROR][SENSOR ] camximagesensormoduledatamanager.cpp:257 CreateAllSensorModuleSetManagers() buf: MTP 19801 MP 14 15
03-14 09:35:25.623   979   979 I QC2Comp : codec capability queried!
03-14 09:35:25.624   979   979 I QC2V4l2Driver: [c2.qti.avc.decoder.secure] Closed device driver with fd: 7
03-14 09:35:25.624   979   979 I QC2CompStore: Added capabilities for c2.qti.avc.decoder.secure
03-14 09:35:25.624   979   979 I QC2V4l2Driver: [c2.qti.avc.encoder] Device /dev/video33 opened with fd: 7
03-14 09:35:25.624   979   979 E QC2V4l2Driver: [c2.qti.avc.encoder] failed to set buffer size limit to 4
03-14 09:35:25.625     0     0 I @6 msm_vidc: fw: <VFW_E:HostDr:unkn:--------:-> VenusHostDriver_SetSysProperty(1009): QC_IMAGE_VERSION_STRING=VIDEO.IR.1.2-00031-PROD-1.261943.2
03-14 09:35:25.625     0     0 I @6 msm_vidc: fw: <VFW_E:HostDr:unkn:--------:-> VenusHostDriver_SetSysProperty(1012): BUILD_TIME: Mar 13 2020 03:11:24
03-14 09:35:25.626     0     0 I         : @2 wcd-dsp-mgr soc:wcd-dsp-mgr@2: for wdsp segments only will be dumped.
03-14 09:35:25.626  1038  1038 I SurfaceFlinger: Using HWComposer service: 'default'
03-14 09:35:25.627  1038  1038 I SurfaceFlinger: SurfaceFlinger is starting
03-14 09:35:25.627     0     0 I         : @2 wcd-dsp-mgr soc:wcd-dsp-mgr@2: bound spi0.0 (ops wcd_spi_component_ops)
03-14 09:35:25.627     0     0 I         : @2 wcd-dsp-mgr soc:wcd-dsp-mgr@2: bound qcom,glink:wdsp (ops glink_component_ops)
03-14 09:35:25.628  1038  1038 I SurfaceFlinger: Disabling backpressure propagation
03-14 09:35:25.628  1038  1038 I SurfaceFlinger: Enabling HWC virtual displays
03-14 09:35:25.628  1038  1038 I SurfaceFlinger: Disabling blur effects, they are not supported.
03-14 09:35:25.628  1038  1038 I SurfaceFlinger: Treble testing override: 'false'
03-14 09:35:25.628     0     0 I msm_vidc: fw: <VFW_E:HostDr:unkn:--------:->
03-14 09:35:25.628     0     0 I msm_vidc: fw: <VFW_E:HostDr:unkn:--------:->
03-14 09:35:25.628     0     0 I wcd-dsp-mgr soc: wcd-dsp-mgr@2: bound tavil_codec (ops wcd_ctrl_component_ops)
03-14 09:35:25.628     0     0 I @5 msm_vidc: err: This control 980927 is not supported yet
03-14 09:35:25.629   979   979 I QC2Comp : codec capability queried!
03-14 09:35:25.629   979   979 I QC2V4l2Driver: [c2.qti.avc.encoder] Closed device driver with fd: 7
03-14 09:35:25.629   979   979 I QC2CompStore: Added capabilities for c2.qti.avc.encoder
03-14 09:35:25.629   979   979 I QC2V4l2Driver: [c2.qti.heic.encoder] Device /dev/video33 opened with fd: 7
03-14 09:35:25.632   979   979 E QC2V4l2Driver: [c2.qti.heic.encoder] failed to set buffer size limit to 4
03-14 09:35:25.632     0     0 I @5 msm_vidc: fw: <VFW_E:HostDr:unkn:--------:-> VenusHostDriver_SetSysProperty(1009): QC_IMAGE_VERSION_STRING=VIDEO.IR.1.2-00031-PROD-1.261943.2
03-14 09:35:25.632     0     0 I @5 msm_vidc: fw: <VFW_E:HostDr:unkn:--------:-> VenusHostDriver_SetSysProperty(1012): BUILD_TIME: Mar 13 2020 03:11:24
03-14 09:35:25.632     0     0 I @5 msm_vidc: err: This control 980927 is not supported yet
03-14 09:35:25.633   979   979 I QC2Comp : codec capability queried!
03-14 09:35:25.633     0     0 I msm_vidc: fw: <VFW_E:HostDr:unkn:--------:->
03-14 09:35:25.633     0     0 I msm_vidc: fw: <VFW_E:HostDr:unkn:--------:->
03-14 09:35:25.633   979   979 I QC2V4l2Driver: [c2.qti.heic.encoder] Closed device driver with fd: 7
03-14 09:35:25.634   979   979 I QC2CompStore: Added capabilities for c2.qti.heic.encoder
03-14 09:35:25.634   979   979 I QC2V4l2Driver: [c2.qti.hevc.decoder] Device /dev/video32 opened with fd: 7
03-14 09:35:25.635  1038  1038 E Dolphin : [JR10:1][GFAR10:0][GFAR20:0][PHR:0]
03-14 09:35:25.637  1038  1038 I SurfaceFlinger: SurfaceFlinger's main thread ready to run. Initializing graphics H/W...
03-14 09:35:25.637  1038  1038 D RenderEngine: RenderEngine GLES Backend
03-14 09:35:25.640  1038  1038 D libEGL  : loaded /vendor/lib64/egl/libEGL_adreno.so
03-14 09:35:25.642     0     0 I @7 msm_vidc: fw: <VFW_E:HostDr:unkn:--------:-> VenusHostDriver_SetSysProperty(1009): QC_IMAGE_VERSION_STRING=VIDEO.IR.1.2-00031-PROD-1.261943.2
03-14 09:35:25.642     0     0 I @7 msm_vidc: fw: <VFW_E:HostDr:unkn:--------:-> VenusHostDriver_SetSysProperty(1012): BUILD_TIME: Mar 13 2020 03:11:24
03-14 09:35:25.642     0     0 I msm_vidc: fw: <VFW_E:HostDr:unkn:--------:->
03-14 09:35:25.642     0     0 I msm_vidc: fw: <VFW_E:HostDr:unkn:--------:->
03-14 09:35:25.643   821   821 I ServiceManager: Waiting for service 'statscompanion' on '/dev/binder'...
03-14 09:35:25.643     0     0 I @5 msm_vidc: err: This control 980928 is not supported yet
03-14 09:35:25.643   979   979 I QC2Comp : codec capability queried!
03-14 09:35:25.644   979   979 I QC2V4l2Driver: [c2.qti.hevc.decoder] Closed device driver with fd: 7
03-14 09:35:25.644   979   979 I QC2CompStore: Added capabilities for c2.qti.hevc.decoder
03-14 09:35:25.644   979   979 I QC2V4l2Driver: [c2.qti.hevc.decoder.secure] Device /dev/video32 opened with fd: 7
03-14 09:35:25.647     0     0 I @6 msm_vidc: fw: <VFW_E:HostDr:unkn:--------:-> VenusHostDriver_SetSysProperty(1009): QC_IMAGE_VERSION_STRING=VIDEO.IR.1.2-00031-PROD-1.261943.2
03-14 09:35:25.647     0     0 I @6 msm_vidc: fw: <VFW_E:HostDr:unkn:--------:-> VenusHostDriver_SetSysProperty(1012): BUILD_TIME: Mar 13 2020 03:11:24
03-14 09:35:25.647     0     0 I @5 msm_vidc: err: This control 980928 is not supported yet
03-14 09:35:25.647     0     0 I msm_vidc: fw: <VFW_E:HostDr:unkn:--------:->
03-14 09:35:25.647     0     0 I msm_vidc: fw: <VFW_E:HostDr:unkn:--------:->
03-14 09:35:25.648   979   979 I QC2Comp : codec capability queried!
03-14 09:35:25.649   979   979 I QC2V4l2Driver: [c2.qti.hevc.decoder.secure] Closed device driver with fd: 7
03-14 09:35:25.649   979   979 I QC2CompStore: Added capabilities for c2.qti.hevc.decoder.secure
03-14 09:35:25.649   979   979 I QC2V4l2Driver: [c2.qti.hevc.encoder] Device /dev/video33 opened with fd: 7
03-14 09:35:25.649   979   979 E QC2V4l2Driver: [c2.qti.hevc.encoder] failed to set buffer size limit to 4
03-14 09:35:25.649     0     0 I @5 msm_vidc: fw: <VFW_E:HostDr:unkn:--------:-> VenusHostDriver_SetSysProperty(1009): QC_IMAGE_VERSION_STRING=VIDEO.IR.1.2-00031-PROD-1.261943.2
03-14 09:35:25.649     0     0 I @5 msm_vidc: fw: <VFW_E:HostDr:unkn:--------:-> VenusHostDriver_SetSysProperty(1012): BUILD_TIME: Mar 13 2020 03:11:24
03-14 09:35:25.650     0     0 I @6 msm_vidc: err: This control 980927 is not supported yet
03-14 09:35:25.650   979   979 I QC2Comp : codec capability queried!
03-14 09:35:25.650     0     0 I msm_vidc: fw: <VFW_E:HostDr:unkn:--------:->
03-14 09:35:25.650     0     0 I msm_vidc: fw: <VFW_E:HostDr:unkn:--------:->
03-14 09:35:25.651   979   979 I QC2V4l2Driver: [c2.qti.hevc.encoder] Closed device driver with fd: 7
03-14 09:35:25.651   979   979 I QC2CompStore: Added capabilities for c2.qti.hevc.encoder
03-14 09:35:25.651   979   979 I QC2V4l2Driver: [c2.qti.hevc.encoder.cq] Device /dev/video33 opened with fd: 7
03-14 09:35:25.651   979   979 E QC2V4l2Driver: [c2.qti.hevc.encoder.cq] failed to set buffer size limit to 4
03-14 09:35:25.652     0     0 I @5 msm_vidc: fw: <VFW_E:HostDr:unkn:--------:-> VenusHostDriver_SetSysProperty(1009): QC_IMAGE_VERSION_STRING=VIDEO.IR.1.2-00031-PROD-1.261943.2
03-14 09:35:25.652     0     0 I @5 msm_vidc: fw: <VFW_E:HostDr:unkn:--------:-> VenusHostDriver_SetSysProperty(1012): BUILD_TIME: Mar 13 2020 03:11:24
03-14 09:35:25.652     0     0 I @6 msm_vidc: err: This control 980927 is not supported yet
03-14 09:35:25.652     0     0 I msm_vidc: fw: <VFW_E:HostDr:unkn:--------:->
03-14 09:35:25.652     0     0 I msm_vidc: fw: <VFW_E:HostDr:unkn:--------:->
03-14 09:35:25.653   979   979 I QC2Comp : codec capability queried!
03-14 09:35:25.653   979   979 I QC2V4l2Driver: [c2.qti.hevc.encoder.cq] Closed device driver with fd: 7
03-14 09:35:25.653   979   979 I QC2CompStore: Added capabilities for c2.qti.hevc.encoder.cq
03-14 09:35:25.653   979   979 I QC2V4l2Driver: [c2.qti.vp8.decoder] Device /dev/video32 opened with fd: 7
03-14 09:35:25.654     0     0 I @6 msm_vidc: fw: <VFW_E:HostDr:unkn:--------:-> VenusHostDriver_SetSysProperty(1009): QC_IMAGE_VERSION_STRING=VIDEO.IR.1.2-00031-PROD-1.261943.2
03-14 09:35:25.654     0     0 I @6 msm_vidc: fw: <VFW_E:HostDr:unkn:--------:-> VenusHostDriver_SetSysProperty(1012): BUILD_TIME: Mar 13 2020 03:11:24
03-14 09:35:25.654     0     0 I @5 msm_vidc: err: This control 980928 is not supported yet
03-14 09:35:25.654     0     0 I msm_vidc: fw: <VFW_E:HostDr:unkn:--------:->
03-14 09:35:25.654     0     0 I msm_vidc: fw: <VFW_E:HostDr:unkn:--------:->
03-14 09:35:25.655   979   979 I QC2Comp : codec capability queried!
03-14 09:35:25.655   979   979 I QC2V4l2Driver: [c2.qti.vp8.decoder] Closed device driver with fd: 7
03-14 09:35:25.655   979   979 I QC2CompStore: Added capabilities for c2.qti.vp8.decoder
03-14 09:35:25.655   979   979 I QC2V4l2Driver: [c2.qti.vp8.encoder] Device /dev/video33 opened with fd: 7
03-14 09:35:25.656   979   979 E QC2V4l2Driver: [c2.qti.vp8.encoder] failed to set buffer size limit to 4
03-14 09:35:25.656     0     0 I @5 msm_vidc: fw: <VFW_E:HostDr:unkn:--------:-> VenusHostDriver_SetSysProperty(1009): QC_IMAGE_VERSION_STRING=VIDEO.IR.1.2-00031-PROD-1.261943.2
03-14 09:35:25.656     0     0 I @5 msm_vidc: fw: <VFW_E:HostDr:unkn:--------:-> VenusHostDriver_SetSysProperty(1012): BUILD_TIME: Mar 13 2020 03:11:24
03-14 09:35:25.657     0     0 I @6 msm_vidc: err: This control 980927 is not supported yet
03-14 09:35:25.657   979   979 I QC2Comp : codec capability queried!
03-14 09:35:25.657     0     0 I msm_vidc: fw: <VFW_E:HostDr:unkn:--------:->
03-14 09:35:25.657     0     0 I msm_vidc: fw: <VFW_E:HostDr:unkn:--------:->
03-14 09:35:25.658   979   979 I QC2V4l2Driver: [c2.qti.vp8.encoder] Closed device driver with fd: 7
03-14 09:35:25.658   979   979 I QC2CompStore: Added capabilities for c2.qti.vp8.encoder
03-14 09:35:25.658   979   979 I QC2V4l2Driver: [c2.qti.vp9.decoder] Device /dev/video32 opened with fd: 7
03-14 09:35:25.659     0     0 I @6 msm_vidc: fw: <VFW_E:HostDr:unkn:--------:-> VenusHostDriver_SetSysProperty(1009): QC_IMAGE_VERSION_STRING=VIDEO.IR.1.2-00031-PROD-1.261943.2
03-14 09:35:25.659     0     0 I @6 msm_vidc: fw: <VFW_E:HostDr:unkn:--------:-> VenusHostDriver_SetSysProperty(1012): BUILD_TIME: Mar 13 2020 03:11:24
03-14 09:35:25.659     0     0 I @1 msm_vidc: err: This control 980928 is not supported yet
03-14 09:35:25.660     0     0 I msm_vidc: fw: <VFW_E:HostDr:unkn:--------:->
03-14 09:35:25.660     0     0 I msm_vidc: fw: <VFW_E:HostDr:unkn:--------:->
03-14 09:35:25.660   979   979 I QC2Comp : codec capability queried!
03-14 09:35:25.661   824   987 I zygote  : Verified 1373 classes from mainline modules in 160.659ms
03-14 09:35:25.666   979   979 I QC2V4l2Driver: [c2.qti.vp9.decoder] Closed device driver with fd: 7
03-14 09:35:25.667   979   979 I QC2CompStore: Added capabilities for c2.qti.vp9.decoder
03-14 09:35:25.667   979   979 I QC2V4l2Driver: [c2.qti.vp9.decoder.secure] Device /dev/video32 opened with fd: 7
03-14 09:35:25.667   823   991 I zygote64: Verified 1373 classes from mainline modules in 147.960ms
03-14 09:35:25.668     0     0 I @5 msm_vidc: fw: <VFW_E:HostDr:unkn:--------:-> VenusHostDriver_SetSysProperty(1009): QC_IMAGE_VERSION_STRING=VIDEO.IR.1.2-00031-PROD-1.261943.2
03-14 09:35:25.668     0     0 I @5 msm_vidc: fw: <VFW_E:HostDr:unkn:--------:-> VenusHostDriver_SetSysProperty(1012): BUILD_TIME: Mar 13 2020 03:11:24
03-14 09:35:25.668     0     0 I @7 msm_vidc: err: This control 980928 is not supported yet
03-14 09:35:25.668     0     0 I msm_vidc: fw: <VFW_E:HostDr:unkn:--------:->
03-14 09:35:25.668     0     0 I msm_vidc: fw: <VFW_E:HostDr:unkn:--------:->
03-14 09:35:25.668   979   979 I QC2Comp : codec capability queried!
03-14 09:35:25.668   979   979 I QC2V4l2Driver: [c2.qti.vp9.decoder.secure] Closed device driver with fd: 7
03-14 09:35:25.668   979   979 I QC2CompStore: Added capabilities for c2.qti.vp9.decoder.secure
03-14 09:35:25.668   979   979 I QC2CompStore: initialized store (qti.c2.store) with 13 components
03-14 09:35:25.669     0     0 E         : @2 msm-pcm-routing soc:qcom,msm-pcm-routing: ASoC: no source widget found for SLIM_6_RX
03-14 09:35:25.669     0     0 E         : @2 msm-pcm-routing soc:qcom,msm-pcm-routing: ASoC: Failed to add route SLIM_6_RX -> SLIM_6_RX -> AUDIO_REF_EC_UL1 MUX
03-14 09:35:25.670   979   979 I HidlServiceManagement: Registered android.hardware.media.c2@1.0::IComponentStore/default (start delay of 258ms)
03-14 09:35:25.670   979   979 I vendor.qti.media.c2@1.0-service: Codec2's IComponentStore default service created.
03-14 09:35:25.674  1038  1038 D libEGL  : loaded /vendor/lib64/egl/libGLESv1_CM_adreno.so
03-14 09:35:25.676  1038  1038 D libEGL  : loaded /vendor/lib64/egl/libGLESv2_adreno.so
03-14 09:35:25.689  1038  1038 I AdrenoGLES-0: QUALCOMM build                   : ab8b468, I1017670a82
03-14 09:35:25.689  1038  1038 I AdrenoGLES-0: Build Date                       : 02/05/21
03-14 09:35:25.689  1038  1038 I AdrenoGLES-0: OpenGL ES Shader Compiler Version: EV031.32.02.07
03-14 09:35:25.689  1038  1038 I AdrenoGLES-0: Local Branch                     : mybrancheb67b55a-6fa6-f12c-ba74-1458d0b52af0
03-14 09:35:25.689  1038  1038 I AdrenoGLES-0: Remote Branch                    : quic/gfx-adreno.lnx.1.0.r99-rel
03-14 09:35:25.689  1038  1038 I AdrenoGLES-0: Remote Branch                    : NONE
03-14 09:35:25.689  1038  1038 I AdrenoGLES-0: Reconstruct Branch               : NOTHING
03-14 09:35:25.689  1038  1038 I AdrenoGLES-0: Build Config                     : S P 10.0.7 AArch64
03-14 09:35:25.689  1038  1038 I AdrenoGLES-0: Driver Path                      : /vendor/lib64/egl/libGLESv2_adreno.so
03-14 09:35:25.692  1018  1018 I ServiceManager: Waiting for service 'media.metrics' on '/dev/binder'...
03-14 09:35:25.699     0     0 I @5 ueventd: firmware: loading 'a630_sqe.fw' for '/devices/platform/soc/2c00000.qcom,kgsl-3d0/kgsl/kgsl-3d0/a630_sqe.fw'
03-14 09:35:25.700     0     0 I @5 ueventd: loading /devices/platform/soc/2c00000.qcom,kgsl-3d0/kgsl/kgsl-3d0/a630_sqe.fw took 1ms
03-14 09:35:25.704     0     0 I @4 ueventd: firmware: loading 'a640_gmu.bin' for '/devices/platform/soc/2c00000.qcom,kgsl-3d0/kgsl/kgsl-3d0/a640_gmu.bin'
03-14 09:35:25.705     0     0 I @5 ueventd: loading /devices/platform/soc/2c00000.qcom,kgsl-3d0/kgsl/kgsl-3d0/a640_gmu.bin took 1ms
03-14 09:35:25.710     0     0 E         : @2 msm-pcm-routing soc:qcom,msm-pcm-routing: ASoC: no sink widget found for PRI_MI2S_RX_VI_FB_MUX
03-14 09:35:25.710     0     0 E         : @2 msm-pcm-routing soc:qcom,msm-pcm-routing: ASoC: Failed to add route SENARY_TX -> SENARY_TX -> PRI_MI2S_RX_VI_FB_MUX
03-14 09:35:25.710     0     0 E         : @2 msm-pcm-routing soc:qcom,msm-pcm-routing: ASoC: no source widget found for PRI_MI2S_RX_VI_FB_MUX
03-14 09:35:25.710     0     0 E         : @2 msm-pcm-routing soc:qcom,msm-pcm-routing: ASoC: Failed to add route PRI_MI2S_RX_VI_FB_MUX -> direct -> PRI_MI2S_RX
03-14 09:35:25.728     0     0 W @6 healthd: battery l=75 v=4123 t=26.5 h=2 st=2 c=-77000 fc=3538000 cc=2 chg=u
03-14 09:35:25.730     0     0 I         : @2 spi_geni 88c000.spi: proto 1
03-14 09:35:25.730     0     0 I         : @2 spi_geni 88c000.spi: tx_fifo 16 rx_fifo 16 tx_width 32
03-14 09:35:25.743   821   821 I ServiceManager: Waiting for service 'statscompanion' on '/dev/binder'...
03-14 09:35:25.763     0     0 I @6 ueventd: firmware: loading 'a640_zap.mdt' for '/devices/platform/soc/soc:qcom,kgsl-hyp/firmware/a640_zap.mdt'
03-14 09:35:25.764     0     0 I @6 ueventd: loading /devices/platform/soc/soc:qcom,kgsl-hyp/firmware/a640_zap.mdt took 1ms
03-14 09:35:25.778     0     0 F @6 boot_mode:  
03-14 09:35:25.781     0     0 E @6 [TP]touchpanel: tp_fw_update_work: fw_name = tp/FW_19801_SY761.bin
03-14 09:35:25.783     0     0 I @6 ueventd: firmware: loading 'tp/FW_19801_SY761.bin' for '/devices/virtual/sec/sec_ts/tp!FW_19801_SY761.bin'
03-14 09:35:25.784     0     0 E @6 [TP]touchpanel: retry times 0
03-14 09:35:25.784     0     0 E @6 [TP]sec-s6sy761: sec_fw_update is called, force update:0
03-14 09:35:25.785     0     0 I @6 ueventd: loading /devices/virtual/sec/sec_ts/tp!FW_19801_SY761.bin took 1ms
03-14 09:35:25.785     0     0 E @6 [TP]sec-s6sy761: img version in bin is 0x10640819, img version in ic is 0x10640819
03-14 09:35:25.785     0     0 E @6 [TP]sec-s6sy761: config version in bin is 0x10640802, config version in ic is 0x10640802
03-14 09:35:25.785     0     0 E @6 [TP]touchpanel: release all touch point and key, clear tp touch down flag
03-14 09:35:25.785     0     0 E @6 [TP]sec-s6sy761: sec_enable_black_gesture, enable = 0
03-14 09:35:25.792  1018  1018 I ServiceManager: Waiting for service 'media.metrics' on '/dev/binder'...
03-14 09:35:25.796     0     0 E @6 [TP]sec-s6sy761: sec_enable_charge_mode: state: 0 success!
03-14 09:35:25.796     0     0 E @6 [TP]sec-s6sy761: sec_touchhold_switch_mode: touchhold_enable: 0 success!
03-14 09:35:25.796     0     0 E @5 [TP]touchpanel: fw update finished
03-14 09:35:25.816  1109  1109 I gsid    : no DSU: No such file or directory
03-14 09:35:25.838   583   583 W libc    : Unable to set property "ro.sf.lcd_density" to "560": error code: 0xb
03-14 09:35:25.839     0     0 I         : @5 set_dload_mode ON
03-14 09:35:25.839     0     0 E         : @5 [MDM] on [1] dload_mode_addr [          (null)]
03-14 09:35:25.839     0     0 I         : @5 set_dload_mode ON
03-14 09:35:25.839     0     0 E         : @5 [MDM] on [16] dload_mode_addr [          (null)]
03-14 09:35:25.840     0     0 I         : @5 set_dload_mode ON
03-14 09:35:25.840     0     0 E         : @5 [MDM] on [1] dload_mode_addr [          (null)]
03-14 09:35:25.840     0     0 I         : @5 set_dload_mode ON
03-14 09:35:25.840     0     0 E         : @5 [MDM] on [16] dload_mode_addr [          (null)]
03-14 09:35:25.843   821   821 I ServiceManager: Waiting for service 'statscompanion' on '/dev/binder'...
03-14 09:35:25.851   823   823 E ActivityRecognitionHardware: activity_recognition HAL is deprecated. class_init is effectively a no-op
03-14 09:35:25.858  1114  1114 I bootstat: Service started: /system/bin/bootstat --set_system_boot_reason 
03-14 09:35:25.859  1112  1112 E PerMgrProxy: Starting pm-proxy service
03-14 09:35:25.860  1008  1037 D PerMgrSrv: modem state: is off-line, add client PM-PROXY-THREAD
03-14 09:35:25.860  1008  1037 D PerMgrSrv: PM-PROXY-THREAD registered
03-14 09:35:25.860  1112  1112 D PerMgrLib: PM-PROXY-THREAD successfully registered for modem
03-14 09:35:25.860  1112  1112 I PerMgrProxy: Casting proxy vote for modem
03-14 09:35:25.860  1112  1112 D PerMgrLib: PM-PROXY-THREAD voting for modem
03-14 09:35:25.860  1008  1037 D PerMgrSrv: PM-PROXY-THREAD voting for modem
03-14 09:35:25.860  1008  1037 D PerMgrSrv: modem new state: going on-line
03-14 09:35:25.860  1008  1037 D PerMgrSrv: modem num voters is 1
03-14 09:35:25.860  1112  1112 I PerMgrProxy: pm-proxy-thread vote successful for modem
03-14 09:35:25.861  1114  1114 I bootstat: Canonical boot reason: reboot,shell
03-14 09:35:25.861  1114  1114 I bootstat: Canonical boot reason: reboot,shell
03-14 09:35:25.861     0     0 I @4 subsys-restart: __subsystem_get(): Changing subsys fw_name to modem
03-14 09:35:25.863     0     0 I         : @5 ipa-wan ipa3_lcl_mdm_ssr_notifier_cb:3096 IPA received MPSS BEFORE_POWERUP
03-14 09:35:25.863     0     0 E         : @5 ipa ipa3_uc_state_check:338 uC is not loaded
03-14 09:35:25.863     0     0 I         : @5 ipa-wan ipa3_lcl_mdm_ssr_notifier_cb:3105 IPA BEFORE_POWERUP handling is complete
03-14 09:35:25.865     0     0 I         : @4 subsys-pil-tz 4080000.qcom,mss: modem: loading from 0x000000008dc00000 to 0x0000000097200000
03-14 09:35:25.868  1116  1116 W perfetto: service.cc:97           Started traced, listening on /dev/socket/traced_producer /dev/socket/traced_consumer
03-14 09:35:25.868  1115  1115 I perfetto: probes.cc:77            Starting /system/bin/traced_probes service
03-14 09:35:25.869  1114  1114 I bootstat: Last reboot reason read from /metadata/bootstat/persist.sys.boot.reason : reboot,shell. Last reboot reason read from persist.sys.boot.reason : reboot,shell
03-14 09:35:25.869  1114  1114 I bootstat: Normalized last reboot reason : reboot,shell
03-14 09:35:25.870  1115  1115 I perfetto: probes_producer.cc:100  Connected to the service
03-14 09:35:25.881  1113  1126 I adbd    : opening control endpoint /dev/usb-ffs/adb/ep0
03-14 09:35:25.881     0     0 I         : @4 ep0_open success!
03-14 09:35:25.881     0     0 I         : @4 read descriptors
03-14 09:35:25.882     0     0 I         : @4 read strings
03-14 09:35:25.883  1113  1126 I adbd    : UsbFfsConnection constructed
03-14 09:35:25.883  1113  1128 I adbd    : UsbFfs-monitor thread spawned
03-14 09:35:25.886  1123  1123 E modprobe: LoadWithAliases was unable to load rmnet_perf
03-14 09:35:25.889  1113  1124 I adbd    : Waiting for persist.adb.tls_server.enable=1
03-14 09:35:25.892  1018  1018 I ServiceManager: Waiting for service 'media.metrics' on '/dev/binder'...
03-14 09:35:25.902  1122  1122 D nxpese@1.0-service: Initializing State Machine...
03-14 09:35:25.902  1122  1122 D StateMachine: ProcessExtEvent: enter state:1 event:5
03-14 09:35:25.902  1122  1122 D StateMachine: ProcessExtEvent: exit state:1
03-14 09:35:25.902  1122  1122 D nxpese@1.0-service: Registering SecureElement HALIMPL Service v1.0...
03-14 09:35:25.903  1122  1122 D JcDnld_SPI: checkIfEseClientUpdateReqd enter:  
03-14 09:35:25.903  1122  1122 D android.hardware.secure_element@1.0-service: nxp config referred : libnfc-nxp.conf
03-14 09:35:25.903  1122  1122 D android.hardware.secure_element@1.0-service: nxp config file : /vendor/etc/libnfc-nxp.conf
03-14 09:35:25.904  1122  1122 D android.hardware.secure_element@1.0-service: readNxpTransitConfig-Enter..Reading /data/vendor/nfc/libnfc-nxpTransit.conf
03-14 09:35:25.904  1122  1122 E android.hardware.secure_element@1.0-service: readConfig Cannot open config file /data/vendor/nfc/libnfc-nxpTransit.conf
03-14 09:35:25.905  1122  1122 D android.hardware.secure_element@1.0-service: readNxpRFConfig-Enter..Reading /system/vendor/libnfc-nxp_RF.conf
03-14 09:35:25.905  1122  1122 E android.hardware.secure_element@1.0-service: readConfig Cannot open config file /system/vendor/libnfc-nxp_RF.conf
03-14 09:35:25.906  1122  1122 I android.hardware.secure_element@1.0-service: ConfigFile - Parsing file '/vendor/etc/libese-nxp.conf'
03-14 09:35:25.906  1122  1122 I android.hardware.secure_element@1.0-service: ConfigFile - [SE_DEBUG_ENABLED] = 1
03-14 09:35:25.906  1122  1122 I android.hardware.secure_element@1.0-service: ConfigFile - [NXP_SWP_RD_TAG_OP_TIMEOUT] = 0xFF
03-14 09:35:25.906  1122  1122 I android.hardware.secure_element@1.0-service: ConfigFile - [NXP_WTX_COUNT_VALUE] = 240
03-14 09:35:25.906  1122  1122 I android.hardware.secure_element@1.0-service: ConfigFile - [NXP_POWER_SCHEME] = 0x02
03-14 09:35:25.906  1122  1122 I android.hardware.secure_element@1.0-service: ConfigFile - [NXP_SOF_WRITE] = 0x01
03-14 09:35:25.906  1122  1122 I android.hardware.secure_element@1.0-service: ConfigFile - [NXP_TP_MEASUREMENT] = 0x00
03-14 09:35:25.906  1122  1122 I android.hardware.secure_element@1.0-service: ConfigFile - [NXP_SPI_INTF_RST_ENABLE] = 0x00
03-14 09:35:25.906  1122  1122 I android.hardware.secure_element@1.0-service: ConfigFile - [NXP_SPI_WRITE_TIMEOUT] = 0x14
03-14 09:35:25.906  1122  1122 I android.hardware.secure_element@1.0-service: ConfigFile - [NXP_ESE_DEV_NODE] = "/dev/p73"
03-14 09:35:25.906  1122  1122 I android.hardware.secure_element@1.0-service: ConfigFile - [NXP_MAX_RNACK_RETRY] = 0x0A
03-14 09:35:25.906  1122  1122 D nxpese@1.0-service: Registering SPI interface as eSE1
03-14 09:35:25.910  1122  1122 I HidlServiceManagement: Registered android.hardware.secure_element@1.0::ISecureElement/eSE1 (start delay of 38ms)
03-14 09:35:25.910  1122  1122 I HidlServiceManagement: Removing namespace from process name android.hardware.secure_element@1.0-service to secure_element@1.0-service.
03-14 09:35:25.910  1122  1122 D nxpese@1.0-service: Registering SecureElement HALIOCTL Service v1.0...
03-14 09:35:25.912  1122  1122 I HidlServiceManagement: Registered vendor.nxp.nxpese@1.0::INxpEse/default (start delay of 40ms)
03-14 09:35:25.912  1122  1122 D nxpese@1.0-service: Registering SecureElement Event Handler Service v1.0...
03-14 09:35:25.913  1122  1122 I HidlServiceManagement: Registered vendor.nxp.eventprocessor@1.0::INxpEseEvtProcessor/default (start delay of 41ms)
03-14 09:35:25.913  1122  1122 D nxpese@1.0-service: Secure Element HAL Service is ready
03-14 09:35:25.913  1122  1122 D JcDnld_SPI: eSEClientUpdateHandler Enter
03-14 09:35:25.913  1122  1122 D JcDnld_SPI: eSEClientUpdateHandler Exit 
03-14 09:35:25.917  1130  1130 I ThermalEngine: Thermal daemon started
03-14 09:35:25.918  1130  1130 E ThermalEngine: Unknown target identified with soc id 339
03-14 09:35:25.918  1130  1130 I ThermalEngine: No target config file, falling back to '/vendor/etc/thermal-engine.conf'
03-14 09:35:25.939  1138  1138 I installd: installd firing up
03-14 09:35:25.944   821   821 I ServiceManager: Waiting for service 'statscompanion' on '/dev/binder'...
03-14 09:35:25.958  1140  1140 I iorapd  : iorapd (the prefetchening) firing up
03-14 09:35:25.964  1140  1140 I iorapd  : Opened existing database at '/data/misc/iorapd/sqlite.db'
03-14 09:35:25.965  1140  1140 W iorapd  : Reconnect to package manager service: 1 times
03-14 09:35:25.971  1130  1130 I ThermalEngine: devices_manager_init: Init
03-14 09:35:25.971  1130  1130 I ThermalEngine: Number of gpus :1
03-14 09:35:25.971  1130  1130 I ThermalEngine: Number of cpus :8
03-14 09:35:25.971  1130  1130 I ThermalEngine: update_cpu_topology: Cluster info node not found/sys/module/msm_thermal/cluster_info
03-14 09:35:25.971  1130  1130 E ThermalEngine: tmd_add_cpufreq_dev_data: Invalid or no boost freqs
03-14 09:35:25.973  1130  1130 I chatty  : uid=1000(system) /vendor/bin/thermal-engine identical 6 lines
03-14 09:35:25.974  1130  1130 E ThermalEngine: tmd_add_cpufreq_dev_data: Invalid or no boost freqs
03-14 09:35:25.975  1130  1130 E ThermalEngine: open/sys/class/thermal/cooling_device2/cur_state failed13
03-14 09:35:25.975  1130  1130 E ThermalEngine: open/sys/class/thermal/cooling_device3/cur_state failed13
03-14 09:35:25.976  1130  1130 E ThermalEngine: open/sys/class/thermal/cooling_device4/cur_state failed13
