03-14 10:34:21.866   854   854 W LibBpfLoader: 5: (61) r2 = *(u32 *)(r6 +80)
03-14 10:34:21.866   854   854 W LibBpfLoader: 6: (bf) r3 = r1
03-14 10:34:21.866   854   854 W LibBpfLoader: 7: (07) r3 += 40
03-14 10:34:21.866   854   854 W LibBpfLoader: 8: (2d) if r3 > r2 goto pc+138
03-14 10:34:21.866   854   854 W LibBpfLoader:  R1=pkt(id=0,off=0,r=40,imm=0) R2=pkt_end(id=0,off=0,imm=0) R3=pkt(id=0,off=40,r=40,imm=0) R6=ctx(id=0,off=0,imm=0) R8=inv0 R10=fp0
03-14 10:34:21.866   854   854 W LibBpfLoader: 9: (71) r2 = *(u8 *)(r1 +0)
03-14 10:34:21.866   854   854 W LibBpfLoader: 10: (57) r2 &= 240
03-14 10:34:21.866   854   854 W LibBpfLoader: 11: (55) if r2 != 0x60 goto pc+135
03-14 10:34:21.866   854   854 W LibBpfLoader:  R1=pkt(id=0,off=0,r=40,imm=0) R2=inv96 R3=pkt(id=0,off=40,r=40,imm=0) R6=ctx(id=0,off=0,imm=0) R8=inv0 R10=fp0
03-14 10:34:21.866   854   854 W LibBpfLoader: 12: (71) r2 = *(u8 *)(r1 +7)
03-14 10:34:21.866   854   854 W LibBpfLoader: 13: (b7) r3 = 2
03-14 10:34:21.866   854   854 W LibBpfLoader: 14: (2d) if r3 > r2 goto pc+132
03-14 10:34:21.866   854   854 W LibBpfLoader:  R1=pkt(id=0,off=0,r=40,imm=0) R2=inv(id=0,umin_value=2,umax_value=255,var_off=(0x0; 0xff)) R3=inv2 R6=ctx(id=0,off=0,imm=0) R8=inv0 R10=fp0
03-14 10:34:21.866   854   854 W LibBpfLoader: 15: (61) r2 = *(u32 *)(r1 +8)
03-14 10:34:21.866   854   854 W LibBpfLoader: 16: (18) r3 = 0x9bff6400
03-14 10:34:21.866   854   854 W LibBpfLoader: 18: (1d) if r2 == r3 goto pc+2
03-14 10:34:21.866   854   854 W LibBpfLoader:  R1=pkt(id=0,off=0,r=40,imm=0) R2=inv(id=0,umax_value=4294967295,var_off=(0x0; 0xffffffff)) R3=inv2617205760 R6=ctx(id=0,off=0,imm=0) R8=inv0 R10=fp0
03-14 10:34:21.867   854   854 W LibBpfLoader: 19: (57) r2 &= 224
03-14 10:34:21.867   854   854 W LibBpfLoader: 20: (55) if r2 != 0x20 goto pc+126
03-14 10:34:21.867   854   854 W LibBpfLoader:  R1=pkt(id=0,off=0,r=40,imm=0) R2=inv32 R3=inv2617205760 R6=ctx(id=0,off=0,imm=0) R8=inv0 R10=fp0
03-14 10:34:21.867   854   854 W LibBpfLoader: 21: (61) r2 = *(u32 *)(r6 +40)
03-14 10:34:21.867   854   854 W LibBpfLoader: 22: (63) *(u32 *)(r10 -24) = r2
03-14 10:34:21.867   854   854 W LibBpfLoader: 23: (61) r2 = *(u32 *)(r1 +28)
03-14 10:34:21.867   854   854 W LibBpfLoader: 24: (63) *(u32 *)(r10 -16) = r2
03-14 10:34:21.867   854   854 W LibBpfLoader: 25: (61) r2 = *(u32 *)(r1 +24)
03-14 10:34:21.867   854   854 W LibBpfLoader: 26: (63) *(u32 *)(r10 -20) = r2
03-14 10:34:21.867   854   854 W LibBpfLoader: 27: (61) r2 = *(u32 *)(r1 +36)
03-14 10:34:21.867   854   854 W LibBpfLoader: 28: (63) *(u32 *)(r10 -8) = r2
03-14 10:34:21.867   854   854 W LibBpfLoader: 29: (61) r1 = *(u32 *)(r1 +32)
03-14 10:34:21.867   854   854 W LibBpfLoader: 30: (63) *(u32 *)(r10 -12) = r1
03-14 10:34:21.867   854   854 W LibBpfLoader: 31: (bf) r2 = r10
03-14 10:34:21.867   854   854 W LibBpfLoader: 32: (07) r2 += -24
03-14 10:34:21.867   854   854 W LibBpfLoader: 33: (18) r1 = 0xffffffd14dbdc400
03-14 10:34:21.867   854   854 W LibBpfLoader: 35: (85) call bpf_map_lookup_elem#1
03-14 10:34:21.867   854   854 W LibBpfLoader: 36: (bf) r7 = r0
03-14 10:34:21.867   854   854 W LibBpfLoader: 37: (b7) r8 = 0
03-14 10:34:21.867   854   854 W LibBpfLoader: 38: (15) if r7 == 0x0 goto pc+108
03-14 10:34:21.867   854   854 W LibBpfLoader:  R0=map_value(id=0,off=0,ks=20,vs=20,imm=0) R6=ctx(id=0,off=0,imm=0) R7=map_value(id=0,off=0,ks=20,vs=20,imm=0) R8=inv0 R10=fp0
03-14 10:34:21.867   854   854 W LibBpfLoader: 39: (61) r1 = *(u32 *)(r6 +40)
03-14 10:34:21.867   854   854 W LibBpfLoader: 40: (63) *(u32 *)(r10 -28) = r1
03-14 10:34:21.867   854   854 W LibBpfLoader: 41: (bf) r2 = r10
03-14 10:34:21.867   854   854 W LibBpfLoader: 42: (07) r2 += -28
03-14 10:34:21.867   854   854 W LibBpfLoader: 43: (18) r1 = 0xffffffd14dbd8400
03-14 10:34:21.867   854   854 W LibBpfLoader: 45: (85) call bpf_map_lookup_elem#1
03-14 10:34:21.867   854   854 W LibBpfLoader: 46: (bf) r9 = r0
03-14 10:34:21.867   854   854 W LibBpfLoader: 47: (b7) r8 = 0
03-14 10:34:21.867   854   854 W LibBpfLoader: 48: (15) if r9 == 0x0 goto pc+98
03-14 10:34:21.867   854   854 W LibBpfLoader:  R0=map_value(id=0,off=0,ks=4,vs=48,imm=0) R6=ctx(id=0,off=0,imm=0) R7=map_value(id=0,off=0,ks=20,vs=20,imm=0) R8=inv0 R9=map_value(id=0,off=0,ks=4,vs=48,imm=0) R10=fp0
03-14 10:34:21.867   854   854 W LibBpfLoader: 49: (bf) r2 = r10
03-14 10:34:21.867   854   854 W LibBpfLoader: 50: (07) r2 += -28
03-14 10:34:21.867   854   854 W LibBpfLoader: 51: (18) r1 = 0xffffffd14dbdc800
03-14 10:34:21.867   854   854 W LibBpfLoader: 53: (85) call bpf_map_lookup_elem#1
03-14 10:34:21.867   854   854 W LibBpfLoader: 54: (15) if r0 == 0x0 goto pc+92
03-14 10:34:21.867   854   854 W LibBpfLoader:  R0=map_value(id=0,off=0,ks=4,vs=8,imm=0) R6=ctx(id=0,off=0,imm=0) R7=map_value(id=0,off=0,ks=20,vs=20,imm=0) R8=inv0 R9=map_value(id=0,off=0,ks=4,vs=48,imm=0) R10=fp0
03-14 10:34:21.867   854   854 W LibBpfLoader: 55: (69) r1 = *(u16 *)(r7 +18)
03-14 10:34:21.867   854   854 W LibBpfLoader:  R0=map_value(id=0,off=0,ks=4,vs=8,imm=0) R6=ctx(id=0,off=0,imm=0) R7=map_value(id=0,off=0,ks=20,vs=20,imm=0) R8=inv0 R9=map_value(id=0,off=0,ks=4,vs=48,imm=0) R10=fp0
03-14 10:34:21.867   854   854 W LibBpfLoader: 56: (b7) r2 = 1280
03-14 10:34:21.867   854   854 W LibBpfLoader: 57: (2d) if r2 > r1 goto pc+89
03-14 10:34:21.867   854   854 W LibBpfLoader:  R0=map_value(id=0,off=0,ks=4,vs=8,imm=0) R1=inv(id=0,umin_value=1280,umax_value=65535,var_off=(0x0; 0xffff)) R2=inv1280 R6=ctx(id=0,off=0,imm=0) R7=map_value(id=0,off=0,ks=20,vs=20,imm=0) R8=inv0 R9=map_value(id=0,off=0,ks=4,vs=48,imm=0) R10=fp0
03-14 10:34:21.867   854   854 W LibBpfLoader: 58: (b7) r4 = 1
03-14 10:34:21.867   854   854 W LibBpfLoader: 59: (61) r3 = *(u32 *)(r6 +0)
03-14 10:34:21.867   854   854 W LibBpfLoader: 60: (3d) if r1 >= r3 goto pc+10
03-14 10:34:21.867   854   854 W LibBpfLoader:  R0=map_value(id=0,off=0,ks=4,vs=8,imm=0) R1=inv(id=0,umin_value=1280,umax_value=65535,var_off=(0x0; 0xffff)) R2=inv1280 R3=inv(id=0,umax_value=4294967295,var_off=(0x0; 0xffffffff)) R4=inv1 R6=ctx(id=0,off=0,imm=0) R7=map_value(id=0,off=0,ks=20,vs=20,imm=0) R8=inv0 R9=map_value(id=0,off=0,ks=4,vs=48,imm=0) R10=fp0
03-14 10:34:21.867   854   854 W LibBpfLoader: 61: (07) r3 += -72
03-14 10:34:21.867   854   854 W LibBpfLoader: 62: (bf) r4 = r1
03-14 10:34:21.867   854   854 W LibBpfLoader: 63: (0f) r4 += r3
03-14 10:34:21.867   854   854 W LibBpfLoader: 64: (07) r4 += -73
03-14 10:34:21.867   854   854 W LibBpfLoader: 65: (07) r1 += -72
03-14 10:34:21.867   854   854 W LibBpfLoader: 66: (3f) r4 /= r1
03-14 10:34:21.867   854   854 W LibBpfLoader: 67: (bf) r1 = r4
03-14 10:34:21.867   854   854 W LibBpfLoader: 68: (27) r1 *= 72
03-14 10:34:21.867   854   854 W LibBpfLoader: 69: (0f) r1 += r3
03-14 10:34:21.867   854   854 W LibBpfLoader: 70: (bf) r3 = r1
03-14 10:34:21.867   854   854 W LibBpfLoader: 71: (79) r1 = *(u64 *)(r9 +8)
03-14 10:34:21.867   854   854 W LibBpfLoader:  R0=map_value(id=0,off=0,ks=4,vs=8,imm=0) R1=inv(id=0) R2=inv1280 R3=inv(id=0) R4=inv(id=0) R6=ctx(id=0,off=0,imm=0) R7=map_value(id=0,off=0,ks=20,vs=20,imm=0) R8=inv0 R9=map_value(id=0,off=0,ks=4,vs=48,imm=0) R10=fp0
03-14 10:34:21.867   854   854 W LibBpfLoader: 72: (0f) r1 += r3
03-14 10:34:21.867   854   854 W LibBpfLoader: 73: (79) r2 = *(u64 *)(r9 +32)
03-14 10:34:21.867   854   854 W LibBpfLoader:  R0=map_value(id=0,off=0,ks=4,vs=8,imm=0) R1=inv(id=0) R2=inv1280 R3=inv(id=0) R4=inv(id=0) R6=ctx(id=0,off=0,imm=0) R7=map_value(id=0,off=0,ks=20,vs=20,imm=0) R8=inv0 R9=map_value(id=0,off=0,ks=4,vs=48,imm=0) R10=fp0
03-14 10:34:21.867   854   854 W LibBpfLoader: 74: (0f) r1 += r2
03-14 10:34:21.867   854   854 W LibBpfLoader: 75: (79) r2 = *(u64 *)(r0 +0)
03-14 10:34:21.867   854   854 W LibBpfLoader:  R0=map_value(id=0,off=0,ks=4,vs=8,imm=0) R1=inv(id=0) R2=inv(id=0) R3=inv(id=0) R4=inv(id=0) R6=ctx(id=0,off=0,imm=0) R7=map_value(id=0,off=0,ks=20,vs=20,imm=0) R8=inv0 R9=map_value(id=0,off=0,ks=4,vs=48,imm=0) R10=fp0
03-14 10:34:21.867   854   854 W LibBpfLoader: 76: (2d) if r1 > r2 goto pc+70
03-14 10:34:21.867   854   854 W LibBpfLoader:  R0=map_value(id=0,off=0,ks=4,vs=8,imm=0) R1=inv(id=0) R2=inv(id=0) R3=inv(id=0) R4=inv(id=0) R6=ctx(id=0,off=0,imm=0) R7=map_value(id=0,off=0,ks=20,vs=20,imm=0) R8=inv0 R9=map_value(id=0,off=0,ks=4,vs=48,imm=0) R10=fp0
03-14 10:34:21.867   854   854 W LibBpfLoader: 77: (7b) *(u64 *)(r10 -48) = r4
03-14 10:34:21.867   854   854 W LibBpfLoader: 78: (7b) *(u64 *)(r10 -40) = r3
03-14 10:34:21.867   854   854 W LibBpfLoader: 79: (b7) r8 = 0
03-14 10:34:21.867   854   854 W LibBpfLoader: 80: (bf) r1 = r6
03-14 10:34:21.867   854   854 W LibBpfLoader: 81: (b7) r2 = 14
03-14 10:34:21.867   854   854 W LibBpfLoader: 82: (b7) r3 = 0
03-14 10:34:21.867   854   854 W LibBpfLoader: 83: (85) call bpf_skb_change_head#43
03-14 10:34:21.867   854   854 W LibBpfLoader: unknown func bpf_skb_change_head#43
03-14 10:34:21.867   854   854 W LibBpfLoader: 
03-14 10:34:21.867   854   854 W LibBpfLoader: bpf_prog_load - END log_buf contents.
03-14 10:34:21.867   854   854 W LibBpfLoader: failed program is marked optional - continuing...
03-14 10:34:21.867   854   854 D LibBpfLoader: cs[3].name:schedcls_ingress_tether_rawip$stub min_kver:0 .max_kver:50400 (kvers:40e75)
03-14 10:34:21.867   854   854 D LibBpfLoader: bpf_prog_load lib call for /system/etc/bpf/offload.o (schedcls_ingress_tether_rawip$stub) returned fd: 11 (no error)
03-14 10:34:21.867   854   854 I bpfloader: Loaded object: /system/etc/bpf/offload.o
03-14 10:34:21.872   689   689 I sscrpcd : remote_handle_open: Successfully opened handle 0x7f for '":;./\createstaticpd:sensorspd on domain 2
03-14 10:34:21.872   689   689 E sscrpcd : Error 0xffffffff: apps_dev_init failed for domain 2, errno Transport endpoint is not connected
03-14 10:34:21.872   689   689 E sscrpcd : Error 0xffffffff: open_dev (-1) failed for domain 2
03-14 10:34:21.873   689   689 E sscrpcd : vendor/qcom/proprietary/sensors-see/sscrpcd/src/sscrpcd.cpp:42:adsp daemon will restart after 25ms...
03-14 10:34:21.899   689   689 I sscrpcd : remote_handle_open: Successfully opened handle 0x7f for '":;./\createstaticpd:sensorspd on domain 2
03-14 10:34:21.899   689   689 E sscrpcd : Error 0xffffffff: apps_dev_init failed for domain 2, errno Transport endpoint is not connected
03-14 10:34:21.899   689   689 E sscrpcd : Error 0xffffffff: open_dev (-1) failed for domain 2
03-14 10:34:21.899   689   689 E sscrpcd : vendor/qcom/proprietary/sensors-see/sscrpcd/src/sscrpcd.cpp:42:adsp daemon will restart after 25ms...
03-14 10:34:21.925   689   689 I sscrpcd : remote_handle_open: Successfully opened handle 0x7f for '":;./\createstaticpd:sensorspd on domain 2
03-14 10:34:21.925   689   689 E sscrpcd : Error 0xffffffff: apps_dev_init failed for domain 2, errno Transport endpoint is not connected
03-14 10:34:21.925   689   689 E sscrpcd : Error 0xffffffff: open_dev (-1) failed for domain 2
03-14 10:34:21.925   689   689 E sscrpcd : vendor/qcom/proprietary/sensors-see/sscrpcd/src/sscrpcd.cpp:42:adsp daemon will restart after 25ms...
03-14 10:34:21.940   862   862 I ServiceManager: Waiting for service 'statscompanion' on '/dev/binder'...
03-14 10:34:21.951   689   689 I sscrpcd : remote_handle_open: Successfully opened handle 0x7f for '":;./\createstaticpd:sensorspd on domain 2
03-14 10:34:21.951   689   689 E sscrpcd : Error 0xffffffff: apps_dev_init failed for domain 2, errno Transport endpoint is not connected
03-14 10:34:21.951   689   689 E sscrpcd : Error 0xffffffff: open_dev (-1) failed for domain 2
03-14 10:34:21.952   689   689 E sscrpcd : vendor/qcom/proprietary/sensors-see/sscrpcd/src/sscrpcd.cpp:42:adsp daemon will restart after 25ms...
03-14 10:34:21.956   863   863 I netdClient: Skipping libnetd_client init since *we* are netd
03-14 10:34:21.963   863   863 I netd    : netd 1.0 starting
03-14 10:34:21.964   863   863 D TetherController: Setting IP forward enable = 0
03-14 10:34:21.965   863   863 D FirewallController: Could not read /proc/self/uid_map, max uid defaulting to 4294967294
03-14 10:34:21.976   863   863 I netd    : Creating child chains: 7806us
03-14 10:34:21.976   863   863 I netd    : Setting up OEM hooks: 81us
03-14 10:34:21.976   863   863 I netd    : Setting up FirewallController hooks: 13us
03-14 10:34:21.976   863   863 I netd    : Setting up TetherController hooks: 774us
03-14 10:34:21.977   863   863 I netd    : Setting up BandwidthController hooks: 688us
03-14 10:34:21.977   863   863 I netd    : Setting up IdletimerController hooks: 32us
03-14 10:34:21.978   689   689 I sscrpcd : remote_handle_open: Successfully opened handle 0x7f for '":;./\createstaticpd:sensorspd on domain 2
03-14 10:34:21.978   689   689 E sscrpcd : Error 0xffffffff: apps_dev_init failed for domain 2, errno Transport endpoint is not connected
03-14 10:34:21.978   689   689 E sscrpcd : Error 0xffffffff: open_dev (-1) failed for domain 2
03-14 10:34:21.978   689   689 E sscrpcd : vendor/qcom/proprietary/sensors-see/sscrpcd/src/sscrpcd.cpp:42:adsp daemon will restart after 25ms...
03-14 10:34:21.982   863   863 I netd    : Setting up StrictController hooks: 4473us
03-14 10:34:21.982   863   863 I ClatdController: 4.9+ kernel and device shipped with Q+ - clat ebpf should work.
03-14 10:34:21.982   863   863 I netd    : Initializing ClatdController: 98us
03-14 10:34:21.982   863   863 I netd    : Initializing traffic control: 422us
03-14 10:34:21.984   863   863 I netd    : Enabling bandwidth control: 2313us
03-14 10:34:21.985   863   863 I netd    : Initializing RouteController: 939us
03-14 10:34:21.985   863   863 D XfrmController: XfrmController::ipSecAddXfrmInterface, line=1377
03-14 10:34:21.986   863   863 D XfrmController: XfrmController::ipSecRemoveTunnelInterface, line=1590
03-14 10:34:21.986   863   863 D XfrmController: deviceName=ipsec_test
03-14 10:34:22.005   689   689 I sscrpcd : remote_handle_open: Successfully opened handle 0x7f for '":;./\createstaticpd:sensorspd on domain 2
03-14 10:34:22.005   689   689 E sscrpcd : Error 0xffffffff: apps_dev_init failed for domain 2, errno Transport endpoint is not connected
03-14 10:34:22.005   689   689 E sscrpcd : Error 0xffffffff: open_dev (-1) failed for domain 2
03-14 10:34:22.005   689   689 E sscrpcd : vendor/qcom/proprietary/sensors-see/sscrpcd/src/sscrpcd.cpp:42:adsp daemon will restart after 25ms...
03-14 10:34:22.006   896   896 I BOOT    : MSM target '', SoC 'MTP', HwID '339', SoC ver '65536'
03-14 10:34:22.031   689   689 I sscrpcd : remote_handle_open: Successfully opened handle 0x7f for '":;./\createstaticpd:sensorspd on domain 2
03-14 10:34:22.031   689   689 E sscrpcd : Error 0xffffffff: apps_dev_init failed for domain 2, errno Transport endpoint is not connected
03-14 10:34:22.031   689   689 E sscrpcd : Error 0xffffffff: open_dev (-1) failed for domain 2
03-14 10:34:22.031   689   689 E sscrpcd : vendor/qcom/proprietary/sensors-see/sscrpcd/src/sscrpcd.cpp:42:adsp daemon will restart after 25ms...
03-14 10:34:22.043   862   862 I ServiceManager: Waiting for service 'statscompanion' on '/dev/binder'...
03-14 10:34:22.057   689   689 I sscrpcd : remote_handle_open: Successfully opened handle 0x7f for '":;./\createstaticpd:sensorspd on domain 2
03-14 10:34:22.057   689   689 E sscrpcd : Error 0xffffffff: apps_dev_init failed for domain 2, errno Transport endpoint is not connected
03-14 10:34:22.057   689   689 E sscrpcd : Error 0xffffffff: open_dev (-1) failed for domain 2
03-14 10:34:22.058   689   689 E sscrpcd : vendor/qcom/proprietary/sensors-see/sscrpcd/src/sscrpcd.cpp:42:adsp daemon will restart after 25ms...
03-14 10:34:22.059   863   863 D XfrmController: Sending Netlink XFRM Message: XFRM_MSG_FLUSHSA
03-14 10:34:22.059   863   863 D XfrmController: Sending Netlink XFRM Message: XFRM_MSG_FLUSHPOLICY
03-14 10:34:22.059   863   863 I netd    : Initializing XfrmController: 73816us
03-14 10:34:22.062   863   863 I libnetd_resolv: resolv_init: Initializing resolver
03-14 10:34:22.086   689   689 I sscrpcd : remote_handle_open: Successfully opened handle 0x7f for '":;./\createstaticpd:sensorspd on domain 2
03-14 10:34:22.086   689   689 E sscrpcd : Error 0xffffffff: apps_dev_init failed for domain 2, errno Transport endpoint is not connected
03-14 10:34:22.086   689   689 E sscrpcd : Error 0xffffffff: open_dev (-1) failed for domain 2
03-14 10:34:22.087   689   689 E sscrpcd : vendor/qcom/proprietary/sensors-see/sscrpcd/src/sscrpcd.cpp:42:adsp daemon will restart after 25ms...
03-14 10:34:22.105   864   864 D AndroidRuntime: >>>>>> START com.android.internal.os.ZygoteInit uid 0 <<<<<<
03-14 10:34:22.112   865   865 D AndroidRuntime: >>>>>> START com.android.internal.os.ZygoteInit uid 0 <<<<<<
03-14 10:34:22.113   689   689 I sscrpcd : remote_handle_open: Successfully opened handle 0x7f for '":;./\createstaticpd:sensorspd on domain 2
03-14 10:34:22.113   689   689 E sscrpcd : Error 0xffffffff: apps_dev_init failed for domain 2, errno Transport endpoint is not connected
03-14 10:34:22.113   689   689 E sscrpcd : Error 0xffffffff: open_dev (-1) failed for domain 2
03-14 10:34:22.114   689   689 E sscrpcd : vendor/qcom/proprietary/sensors-see/sscrpcd/src/sscrpcd.cpp:42:adsp daemon will restart after 25ms...
03-14 10:34:22.120   864   864 I AndroidRuntime: Using default boot image
03-14 10:34:22.120   864   864 I AndroidRuntime: Leaving lock profiling enabled
03-14 10:34:22.124   864   864 I zygote64: option[0]=-Xzygote
03-14 10:34:22.124   864   864 I zygote64: option[1]=exit
03-14 10:34:22.124   864   864 I zygote64: option[2]=vfprintf
03-14 10:34:22.124   864   864 I zygote64: option[3]=sensitiveThread
03-14 10:34:22.124   864   864 I zygote64: option[4]=-verbose:gc
03-14 10:34:22.124   864   864 I zygote64: option[5]=-XX:PerfettoHprof=true
03-14 10:34:22.124   864   864 I zygote64: option[6]=-Xprimaryzygote
03-14 10:34:22.124   864   864 I zygote64: option[7]=-Xms24m
03-14 10:34:22.124   864   864 I zygote64: option[8]=-Xmx512m
03-14 10:34:22.124   864   864 I zygote64: option[9]=-XX:HeapGrowthLimit=256m
03-14 10:34:22.124   864   864 I zygote64: option[10]=-XX:HeapMinFree=8m
03-14 10:34:22.124   864   864 I zygote64: option[11]=-XX:HeapMaxFree=48m
03-14 10:34:22.124   864   864 I zygote64: option[12]=-XX:HeapTargetUtilization=0.46
03-14 10:34:22.124   864   864 I zygote64: option[13]=-Xusejit:true
03-14 10:34:22.124   864   864 I zygote64: option[14]=-Xjitsaveprofilinginfo
03-14 10:34:22.124   864   864 I zygote64: option[15]=-XjdwpOptions:suspend=n,server=y
03-14 10:34:22.124   864   864 I zygote64: option[16]=-XjdwpProvider:default
03-14 10:34:22.124   864   864 I zygote64: option[17]=-Xopaque-jni-ids:swapable
03-14 10:34:22.124   864   864 I zygote64: option[18]=-Xlockprofthreshold:500
03-14 10:34:22.124   864   864 I zygote64: option[19]=-Xcompiler-option
03-14 10:34:22.124   864   864 I zygote64: option[20]=--compiler-filter=speed
03-14 10:34:22.124   864   864 I zygote64: option[21]=-Xcompiler-option
03-14 10:34:22.124   864   864 I zygote64: option[22]=-j8
03-14 10:34:22.124   864   864 I zygote64: option[23]=-Xcompiler-option
03-14 10:34:22.124   864   864 I zygote64: option[24]=--instruction-set-variant=cortex-a76
03-14 10:34:22.124   864   864 I zygote64: option[25]=-Xcompiler-option
03-14 10:34:22.124   864   864 I zygote64: option[26]=--instruction-set-features=default
03-14 10:34:22.124   864   864 I zygote64: option[27]=-Xcompiler-option
03-14 10:34:22.124   864   864 I zygote64: option[28]=--generate-mini-debug-info
03-14 10:34:22.124   864   864 I zygote64: option[29]=-Ximage-compiler-option
03-14 10:34:22.124   864   864 I zygote64: option[30]=--runtime-arg
03-14 10:34:22.124   864   864 I zygote64: option[31]=-Ximage-compiler-option
03-14 10:34:22.124   864   864 I zygote64: option[32]=-Xms64m
03-14 10:34:22.124   864   864 I zygote64: option[33]=-Ximage-compiler-option
03-14 10:34:22.124   864   864 I zygote64: option[34]=--runtime-arg
03-14 10:34:22.124   864   864 I zygote64: option[35]=-Ximage-compiler-option
03-14 10:34:22.124   864   864 I zygote64: option[36]=-Xmx64m
03-14 10:34:22.124   864   864 I zygote64: option[37]=-Ximage-compiler-option
03-14 10:34:22.124   864   864 I zygote64: option[38]=--compiler-filter=speed
03-14 10:34:22.124   864   864 I zygote64: option[39]=-Ximage-compiler-option
03-14 10:34:22.124   864   864 I zygote64: option[40]=--dirty-image-objects=/system/etc/dirty-image-objects
03-14 10:34:22.124   864   864 I zygote64: option[41]=-Ximage-compiler-option
03-14 10:34:22.124   864   864 I zygote64: option[42]=-j8
03-14 10:34:22.124   864   864 I zygote64: option[43]=-Ximage-compiler-option
03-14 10:34:22.124   864   864 I zygote64: option[44]=--instruction-set-variant=cortex-a76
03-14 10:34:22.124   864   864 I zygote64: option[45]=-Ximage-compiler-option
03-14 10:34:22.124   864   864 I zygote64: option[46]=--instruction-set-features=default
03-14 10:34:22.124   864   864 I zygote64: option[47]=-Ximage-compiler-option
03-14 10:34:22.124   864   864 I zygote64: option[48]=--generate-mini-debug-info
03-14 10:34:22.124   864   864 I zygote64: option[49]=-Duser.locale=en-IN
03-14 10:34:22.124   864   864 I zygote64: option[50]=--cpu-abilist=arm64-v8a
03-14 10:34:22.124   864   864 I zygote64: option[51]=-Xcore-platform-api-policy:just-warn
03-14 10:34:22.124   864   864 I zygote64: option[52]=-Xfingerprint:OnePlus/OnePlus7TPro/OnePlus7TPro:11/RKQ1.201022.002/2102240103:user/release-keys
03-14 10:34:22.126   865   865 I AndroidRuntime: Using default boot image
03-14 10:34:22.126   865   865 I AndroidRuntime: Leaving lock profiling enabled
03-14 10:34:22.128   865   865 I zygote  : option[0]=-Xzygote
03-14 10:34:22.128   865   865 I zygote  : option[1]=exit
03-14 10:34:22.128   865   865 I zygote  : option[2]=vfprintf
03-14 10:34:22.128   865   865 I zygote  : option[3]=sensitiveThread
03-14 10:34:22.128   865   865 I zygote  : option[4]=-verbose:gc
03-14 10:34:22.128   865   865 I zygote  : option[5]=-XX:PerfettoHprof=true
03-14 10:34:22.128   865   865 I zygote  : option[6]=-Xms24m
03-14 10:34:22.129   865   865 I zygote  : option[7]=-Xmx512m
03-14 10:34:22.129   865   865 I zygote  : option[8]=-XX:HeapGrowthLimit=256m
03-14 10:34:22.129   865   865 I zygote  : option[9]=-XX:HeapMinFree=8m
03-14 10:34:22.129   865   865 I zygote  : option[10]=-XX:HeapMaxFree=48m
03-14 10:34:22.129   865   865 I zygote  : option[11]=-XX:HeapTargetUtilization=0.46
03-14 10:34:22.129   865   865 I zygote  : option[12]=-Xusejit:true
03-14 10:34:22.129   865   865 I zygote  : option[13]=-Xjitsaveprofilinginfo
03-14 10:34:22.129   865   865 I zygote  : option[14]=-XjdwpOptions:suspend=n,server=y
03-14 10:34:22.129   865   865 I zygote  : option[15]=-XjdwpProvider:default
03-14 10:34:22.129   865   865 I zygote  : option[16]=-Xopaque-jni-ids:swapable
03-14 10:34:22.129   865   865 I zygote  : option[17]=-Xlockprofthreshold:500
03-14 10:34:22.129   865   865 I zygote  : option[18]=-Xcompiler-option
03-14 10:34:22.129   865   865 I zygote  : option[19]=--compiler-filter=speed
03-14 10:34:22.129   865   865 I zygote  : option[20]=-Xcompiler-option
03-14 10:34:22.129   865   865 I zygote  : option[21]=-j8
03-14 10:34:22.129   865   865 I zygote  : option[22]=-Xcompiler-option
03-14 10:34:22.129   865   865 I zygote  : option[23]=--instruction-set-variant=cortex-a76
03-14 10:34:22.129   865   865 I zygote  : option[24]=-Xcompiler-option
03-14 10:34:22.129   865   865 I zygote  : option[25]=--instruction-set-features=default
03-14 10:34:22.129   865   865 I zygote  : option[26]=-Xcompiler-option
03-14 10:34:22.129   865   865 I zygote  : option[27]=--generate-mini-debug-info
03-14 10:34:22.129   865   865 I zygote  : option[28]=-Ximage-compiler-option
03-14 10:34:22.129   865   865 I zygote  : option[29]=--runtime-arg
03-14 10:34:22.129   865   865 I zygote  : option[30]=-Ximage-compiler-option
03-14 10:34:22.129   865   865 I zygote  : option[31]=-Xms64m
03-14 10:34:22.129   865   865 I zygote  : option[32]=-Ximage-compiler-option
03-14 10:34:22.129   865   865 I zygote  : option[33]=--runtime-arg
03-14 10:34:22.129   865   865 I zygote  : option[34]=-Ximage-compiler-option
03-14 10:34:22.129   865   865 I zygote  : option[35]=-Xmx64m
03-14 10:34:22.129   865   865 I zygote  : option[36]=-Ximage-compiler-option
03-14 10:34:22.129   865   865 I zygote  : option[37]=--compiler-filter=speed
03-14 10:34:22.129   865   865 I zygote  : option[38]=-Ximage-compiler-option
03-14 10:34:22.129   865   865 I zygote  : option[39]=--dirty-image-objects=/system/etc/dirty-image-objects
03-14 10:34:22.129   865   865 I zygote  : option[40]=-Ximage-compiler-option
03-14 10:34:22.129   865   865 I zygote  : option[41]=-j8
03-14 10:34:22.129   865   865 I zygote  : option[42]=-Ximage-compiler-option
03-14 10:34:22.129   865   865 I zygote  : option[43]=--instruction-set-variant=cortex-a76
03-14 10:34:22.129   865   865 I zygote  : option[44]=-Ximage-compiler-option
03-14 10:34:22.129   865   865 I zygote  : option[45]=--instruction-set-features=default
03-14 10:34:22.129   865   865 I zygote  : option[46]=-Ximage-compiler-option
03-14 10:34:22.129   865   865 I zygote  : option[47]=--generate-mini-debug-info
03-14 10:34:22.129   865   865 I zygote  : option[48]=-Duser.locale=en-IN
03-14 10:34:22.129   865   865 I zygote  : option[49]=--cpu-abilist=armeabi-v7a,armeabi
03-14 10:34:22.129   865   865 I zygote  : option[50]=-Xcore-platform-api-policy:just-warn
03-14 10:34:22.129   865   865 I zygote  : option[51]=-Xfingerprint:OnePlus/OnePlus7TPro/OnePlus7TPro:11/RKQ1.201022.002/2102240103:user/release-keys
03-14 10:34:22.129   864   864 I zygote64: Core platform API reporting enabled, enforcing=false
03-14 10:34:22.132   865   865 W zygote  : Could not reserve sentinel fault page
03-14 10:34:22.132   865   865 I zygote  : Core platform API reporting enabled, enforcing=false
03-14 10:34:22.140   689   689 I sscrpcd : remote_handle_open: Successfully opened handle 0x7f for '":;./\createstaticpd:sensorspd on domain 2
03-14 10:34:22.140   689   689 E sscrpcd : Error 0xffffffff: apps_dev_init failed for domain 2, errno Transport endpoint is not connected
03-14 10:34:22.140   689   689 E sscrpcd : Error 0xffffffff: open_dev (-1) failed for domain 2
03-14 10:34:22.140   689   689 E sscrpcd : vendor/qcom/proprietary/sensors-see/sscrpcd/src/sscrpcd.cpp:42:adsp daemon will restart after 25ms...
03-14 10:34:22.143   862   862 I ServiceManager: Waiting for service 'statscompanion' on '/dev/binder'...
03-14 10:34:22.166   932   932 I HidlServiceManagement: Registered android.hidl.allocator@1.0::IAllocator/ashmem (start delay of 16ms)
03-14 10:34:22.166   932   932 I HidlServiceManagement: Removing namespace from process name android.hidl.allocator@1.0-service to allocator@1.0-service.
03-14 10:34:22.166   689   689 I sscrpcd : remote_handle_open: Successfully opened handle 0x7f for '":;./\createstaticpd:sensorspd on domain 2
03-14 10:34:22.168   689   689 I sscrpcd : fastrpc_perf_init: enabled RPC traces (kernel 0, dsp 0) with frequency 1000
03-14 10:34:22.168   689   689 I sscrpcd : remote_handle_open: Successfully opened handle 0x372498e0 for adsp_default_listener on domain 2
03-14 10:34:22.169   689   689 I sscrpcd : remote_handle_open: Successfully opened handle 0x37249b80 for adsp_default_listener on domain 2
03-14 10:34:22.169   689   689 I sscrpcd : remote_handle_open: Successfully opened handle 0x7 for '":;./\geteventfd on domain 2
03-14 10:34:22.173   628   628 I hwservicemanager: Since vendor.oneplus.fingerprint.extension@1.0::IVendorFingerprintExtensions/default is not registered, trying to start it as a lazy HAL.
03-14 10:34:22.174   628   628 I hwservicemanager: Since vendor.oneplus.fingerprint.extension@1.0::IVendorFingerprintExtensions/default is not registered, trying to start it as a lazy HAL.
03-14 10:34:22.174   933   933 I HidlServiceManagement: getService: Trying again for vendor.oneplus.fingerprint.extension@1.0::IVendorFingerprintExtensions/default...
03-14 10:34:22.176   689   935 W sscrpcd : vendor/qcom/proprietary/commonsys-intf/adsprpc/src/apps_std_imp.c:749: Warning: fopen returned 0x2 for file oemconfig.so. (No such file or directory)
03-14 10:34:22.182   931   931 D audiohalservice: Init hw binder with mem  size = 1024  
03-14 10:34:22.184   628   628 I hwservicemanager: getTransport: Cannot find entry android.hardware.audio@6.0::IDevicesFactory/default in either framework or device manifest.
03-14 10:34:22.185   931   931 E LegacySupport: Could not get passthrough implementation for android.hardware.audio@6.0::IDevicesFactory/default.
03-14 10:34:22.189   689   935 W sscrpcd : vendor/qcom/proprietary/commonsys-intf/adsprpc/src/apps_std_imp.c:749: Warning: fopen returned 0x2 for file /mnt/vendor/persist/sensors/pickup_nn_wb.bin. (No such file or directory)
03-14 10:34:22.195   934   934 I android.hardware.bluetooth@1.0-service: vendorEnhancedInfo: 3
03-14 10:34:22.196   934   934 I android.hardware.bluetooth@1.0-service: isVendorEnhancedFramework: 1
03-14 10:34:22.196   934   934 I android.hardware.bluetooth@1.0-service: Registering BT Service
03-14 10:34:22.203   938   938 I HidlServiceManagement: Registered android.hardware.cas@1.2::IMediaCasService/default (start delay of 33ms)
03-14 10:34:22.203   938   938 I HidlServiceManagement: Removing namespace from process name android.hardware.cas@1.2-service to cas@1.2-service.
03-14 10:34:22.204   689   689 W sscrpcd : type=1400 audit(0.0:14): avc: denied { search } for name="project_info" dev="sysfs" ino=79528 scontext=u:r:vendor_sensors:s0 tcontext=u:object_r:sysfs_project_info:s0 tclass=dir permissive=0
03-14 10:34:22.206   942   942 W android.hardware.configstore@1.1-service: libminijail[942]: allowing syscall: connect
03-14 10:34:22.206   942   942 W android.hardware.configstore@1.1-service: libminijail[942]: allowing syscall: fcntl
03-14 10:34:22.206   942   942 W android.hardware.configstore@1.1-service: libminijail[942]: allowing syscall: sendto
03-14 10:34:22.206   942   942 W android.hardware.configstore@1.1-service: libminijail[942]: allowing syscall: socket
03-14 10:34:22.206   942   942 W android.hardware.configstore@1.1-service: libminijail[942]: allowing syscall: writev
03-14 10:34:22.207   942   942 W android.hardware.configstore@1.1-service: libminijail[942]: logging seccomp filter failures
03-14 10:34:22.209   934   934 I HidlServiceManagement: Registered android.hardware.bluetooth@1.0::IBluetoothHci/default (start delay of 48ms)
03-14 10:34:22.209   934   934 I HidlServiceManagement: Removing namespace from process name android.hardware.bluetooth@1.0-service-qti to bluetooth@1.0-service-qti.
03-14 10:34:22.209   934   934 I android.hardware.bluetooth@1.0-service-qti: Registration complete for android.hardware.bluetooth@1.0::IBluetoothHci/default.
03-14 10:34:22.209   934   934 I android.hardware.bluetooth@1.0-service: Registering ANT Service
03-14 10:34:22.211   942   942 I HidlServiceManagement: Registered android.hardware.configstore@1.1::ISurfaceFlingerConfigs/default (start delay of 41ms)
03-14 10:34:22.211   942   942 I HidlServiceManagement: Removing namespace from process name android.hardware.configstore@1.1-service to configstore@1.1-service.
03-14 10:34:22.214   689   935 E sscrpcd : vendor/qcom/proprietary/commonsys-intf/adsprpc/src/apps_std_imp.c:283:Error 0x15: fread returning 0 bytes, requested was 512 bytes, errno is 1
03-14 10:34:22.214   931   931 I HidlServiceManagement: Registered android.hardware.audio@5.0::IDevicesFactory/default (start delay of 64ms)
03-14 10:34:22.214   931   931 I HidlServiceManagement: Removing namespace from process name android.hardware.audio.service to audio.service.
03-14 10:34:22.214   931   931 I LegacySupport: Registration complete for android.hardware.audio@5.0::IDevicesFactory/default.
03-14 10:34:22.214   628   628 I hwservicemanager: getTransport: Cannot find entry android.hardware.audio.effect@6.0::IEffectsFactory/default in either framework or device manifest.
03-14 10:34:22.214   931   931 E LegacySupport: Could not get passthrough implementation for android.hardware.audio.effect@6.0::IEffectsFactory/default.
03-14 10:34:22.216   689   935 W sscrpcd : vendor/qcom/proprietary/commonsys-intf/adsprpc/src/apps_std_imp.c:749: Warning: fopen returned 0x2 for file /sys/project_info/project_name. (No such file or directory)
03-14 10:34:22.216   689   935 E sscrpcd : vendor/qcom/proprietary/commonsys-intf/adsprpc/src/apps_std_imp.c:1030::Error: 57: 0 == (nOpenErr = apps_std_fopen_with_env("ADSP_LIBRARY_PATH", ";", name, "r", &ps))
03-14 10:34:22.216   689   935 E sscrpcd : vendor/qcom/proprietary/commonsys-intf/adsprpc/src/apps_std_imp.c:1048:Error 0x57: failed to stat /sys/project_info/project_name, file open returned 2, errno is No such file or directory
03-14 10:34:22.216   689   935 W sscrpcd : vendor/qcom/proprietary/commonsys-intf/adsprpc/src/apps_std_imp.c:749: Warning: fopen returned 0x2 for file /mnt/vendor/persist/sensors/registry/file1. (No such file or directory)
03-14 10:34:22.216   689   935 E sscrpcd : vendor/qcom/proprietary/commonsys-intf/adsprpc/src/apps_std_imp.c:1030::Error: 57: 0 == (nOpenErr = apps_std_fopen_with_env("ADSP_LIBRARY_PATH", ";", name, "r", &ps))
03-14 10:34:22.216   689   935 E sscrpcd : vendor/qcom/proprietary/commonsys-intf/adsprpc/src/apps_std_imp.c:1048:Error 0x57: failed to stat /mnt/vendor/persist/sensors/registry/file1, file open returned 2, errno is No such file or directory
03-14 10:34:22.216   689   935 W sscrpcd : vendor/qcom/proprietary/commonsys-intf/adsprpc/src/apps_std_imp.c:749: Warning: fopen returned 0x2 for file /mnt/vendor/persist/sensors/registry/file2. (No such file or directory)
03-14 10:34:22.216   689   935 E sscrpcd : vendor/qcom/proprietary/commonsys-intf/adsprpc/src/apps_std_imp.c:1030::Error: 57: 0 == (nOpenErr = apps_std_fopen_with_env("ADSP_LIBRARY_PATH", ";", name, "r", &ps))
03-14 10:34:22.216   689   935 E sscrpcd : vendor/qcom/proprietary/commonsys-intf/adsprpc/src/apps_std_imp.c:1048:Error 0x57: failed to stat /mnt/vendor/persist/sensors/registry/file2, file open returned 2, errno is No such file or directory
03-14 10:34:22.223   934   934 I HidlServiceManagement: Registered com.qualcomm.qti.ant@1.0::IAntHci/default (start delay of 63ms)
03-14 10:34:22.223   934   934 I android.hardware.bluetooth@1.0-service-qti: Registration complete for com.qualcomm.qti.ant@1.0::IAntHci/default.
03-14 10:34:22.237   934   934 E vendor.qti.hardware.bluetooth_sar@1.0-BluetoothSar: HIDL_FETCH_IBluetoothSar
03-14 10:34:22.240   936   936 I android.hardware.camera.provider@2.4-service: CameraProvider@2.4 legacy service is starting.
03-14 10:34:22.244   953   953 I HidlServiceManagement: Registered android.hardware.memtrack@1.0::IMemtrack/default (start delay of 44ms)
03-14 10:34:22.244   953   953 I HidlServiceManagement: Removing namespace from process name android.hardware.memtrack@1.0-service to memtrack@1.0-service.
03-14 10:34:22.244   862   862 I ServiceManager: Waiting for service 'statscompanion' on '/dev/binder'...
03-14 10:34:22.244   953   953 I LegacySupport: Registration complete for android.hardware.memtrack@1.0::IMemtrack/default.
03-14 10:34:22.244   931   931 I HidlServiceManagement: Registered android.hardware.audio.effect@5.0::IEffectsFactory/default (start delay of 95ms)
03-14 10:34:22.244   934   934 I HidlServiceManagement: Registered vendor.qti.hardware.bluetooth_sar@1.0::IBluetoothSar/default (start delay of 85ms)
03-14 10:34:22.244   934   934 I android.hardware.bluetooth@1.0-service-qti: Registration complete for vendor.qti.hardware.bluetooth_sar@1.0::IBluetoothSar/default.
03-14 10:34:22.244   934   934 I android.hardware.bluetooth@1.0-service: Registering BT Config store Service
03-14 10:34:22.244   931   931 I LegacySupport: Registration complete for android.hardware.audio.effect@5.0::IEffectsFactory/default.
03-14 10:34:22.246   950   950 E android.hardware.lights-service.qti: light_open lights keyboard failed: -22
03-14 10:34:22.246   950   950 E android.hardware.lights-service.qti: Light passthrough failed to load legacy HAL.
03-14 10:34:22.246   950   950 E android.hardware.lights-service.qti: light_open lights buttons failed: -22
03-14 10:34:22.247   950   950 E android.hardware.lights-service.qti: Light passthrough failed to load legacy HAL.
03-14 10:34:22.248   950   950 E android.hardware.lights-service.qti: light_open lights bluetooth failed: -22
03-14 10:34:22.248   950   950 E android.hardware.lights-service.qti: Light passthrough failed to load legacy HAL.
03-14 10:34:22.248   950   950 E android.hardware.lights-service.qti: light_open lights wifi failed: -22
03-14 10:34:22.248   950   950 E android.hardware.lights-service.qti: Light passthrough failed to load legacy HAL.
03-14 10:34:22.248   949   949 I android.hardware.health@2.1-service: default instance initializing with healthd_config...
03-14 10:34:22.249   627   627 I servicemanager: getDeviceHalManifest: Reading VINTF information.
03-14 10:34:22.252   627   627 I servicemanager: getDeviceHalManifest: Successfully processed VINTF information
03-14 10:34:22.252   627   627 I servicemanager: getFrameworkHalManifest: Reading VINTF information.
03-14 10:34:22.253   627   627 I servicemanager: getFrameworkHalManifest: Successfully processed VINTF information
03-14 10:34:22.253   627   627 I servicemanager: Found android.hardware.light.ILights/default in device VINTF manifest.
03-14 10:34:22.254   949   949 I HidlServiceManagement: Registered android.hardware.health@2.1::IHealth/default (start delay of 64ms)
03-14 10:34:22.254   949   949 I HidlServiceManagement: Removing namespace from process name android.hardware.health@2.1-service to health@2.1-service.
03-14 10:34:22.254   949   949 I android.hardware.health@2.1-service: default: Hal init done
03-14 10:34:22.254   961   961 I HidlServiceManagement: Registered android.hardware.usb@1.0::IUsb/default (start delay of 35ms)
03-14 10:34:22.255   961   961 I HidlServiceManagement: Removing namespace from process name android.hardware.usb@1.0-service to usb@1.0-service.
03-14 10:34:22.255   961   961 I android.hardware.usb@1.0-service: USB HAL Ready.
03-14 10:34:22.257   943   943 I HidlServiceManagement: Registered android.hardware.drm@1.3::IDrmFactory/clearkey (start delay of 77ms)
03-14 10:34:22.257   943   943 I HidlServiceManagement: Removing namespace from process name android.hardware.drm@1.3-service.clearkey to drm@1.3-service.clearkey.
03-14 10:34:22.258   943   943 I HidlServiceManagement: Registered android.hardware.drm@1.3::ICryptoFactory/clearkey (start delay of 78ms)
03-14 10:34:22.258   943   943 I HidlServiceManagement: Removing namespace from process name android.hardware.drm@1.3-service.clearkey to drm@1.3-service.clearkey.
03-14 10:34:22.259   934   934 I HidlServiceManagement: Registered vendor.qti.hardware.btconfigstore@1.0::IBTConfigStore/default (start delay of 99ms)
03-14 10:34:22.259   934   934 I android.hardware.bluetooth@1.0-service-qti: Registration complete for vendor.qti.hardware.btconfigstore@1.0::IBTConfigStore/default.
03-14 10:34:22.267     0     0 W @6 healthd: battery l=84 v=4208 t=26.3 h=2 st=2 c=-57000 fc=3538000 cc=2 chg=u
03-14 10:34:22.268   954   954 I android.hardware.neuralnetworks@1.2-service: nnhal main 1.2-09
03-14 10:34:22.272   960   960 I thermal_hal: Thermal HAL Service 2.0 starting...
03-14 10:34:22.273   959   959 I QTI PowerHAL: Initing
03-14 10:34:22.273   954   954 E android.hardware.neuralnetworks@1.2-service: cannot load function CreateAccelerator
03-14 10:34:22.274   959   959 I android.hardware.power-service: Instance android.hardware.power.IPower/default
03-14 10:34:22.274   627   627 I servicemanager: Found android.hardware.power.IPower/default in device VINTF manifest.
03-14 10:34:22.275   959   959 I android.hardware.power-service: Status 0
03-14 10:34:22.279   931   931 E vndksupport: Could not load /vendor/lib/hw/sound_trigger.primary.msmnile.so from default namespace: dlopen failed: library "libopf.so" not found: needed by /vendor/lib/hw/sound_trigger.primary.msmnile.so in namespace (default).
03-14 10:34:22.279   931   931 E HAL     : load: module=/vendor/lib/hw/sound_trigger.primary.msmnile.so
03-14 10:34:22.279   931   931 E HAL     : unknown
03-14 10:34:22.279   931   931 E SoundTriggerHw: couldn't load sound trigger module sound_trigger.primary (Invalid argument)
03-14 10:34:22.281   931   931 I HidlServiceManagement: Registered android.hardware.soundtrigger@2.3::ISoundTriggerHw/default (start delay of 131ms)
03-14 10:34:22.281   931   931 I LegacySupport: Registration complete for android.hardware.soundtrigger@2.3::ISoundTriggerHw/default.
03-14 10:34:22.283   947   947 I android.hardware.gnss@2.0-service-qti: main
03-14 10:34:22.284   958   958 W android.hardwar: type=1400 audit(0.0:15): avc: denied { read } for name="u:object_r:default_prop:s0" dev="tmpfs" ino=17025 scontext=u:r:hal_nfc_default:s0 tcontext=u:object_r:default_prop:s0 tclass=file permissive=0
03-14 10:34:22.287   965   965 I DolbyManagerService: onFirstRef 
03-14 10:34:22.293   960   960 E android.hardware.thermal@2.0-service.qti: Error opening file: /sys/class/thermal/thermal_zone1/trip_point_1_temp
03-14 10:34:22.293   960   960 E android.hardware.thermal@2.0-service.qti: Error opening file: /sys/class/thermal/thermal_zone2/trip_point_1_temp
03-14 10:34:22.293   960   960 E android.hardware.thermal@2.0-service.qti: Error opening file: /sys/class/thermal/thermal_zone3/trip_point_1_temp
03-14 10:34:22.293   960   960 E android.hardware.thermal@2.0-service.qti: Error opening file: /sys/class/thermal/thermal_zone4/trip_point_1_temp
03-14 10:34:22.293   960   960 E android.hardware.thermal@2.0-service.qti: Error opening file: /sys/class/thermal/thermal_zone7/trip_point_1_temp
03-14 10:34:22.294   960   960 E android.hardware.thermal@2.0-service.qti: Error opening file: /sys/class/thermal/thermal_zone8/trip_point_1_temp
03-14 10:34:22.294   960   960 E android.hardware.thermal@2.0-service.qti: Error opening file: /sys/class/thermal/thermal_zone9/trip_point_1_temp
03-14 10:34:22.294   960   960 E android.hardware.thermal@2.0-service.qti: Error opening file: /sys/class/thermal/thermal_zone10/trip_point_1_temp
03-14 10:34:22.294   960   960 E android.hardware.thermal@2.0-service.qti: Error opening file: /sys/class/thermal/thermal_zone15/trip_point_1_temp
03-14 10:34:22.294   960   960 E android.hardware.thermal@2.0-service.qti: Error opening file: /sys/class/thermal/thermal_zone27/trip_point_1_temp
03-14 10:34:22.295   960   960 E android.hardware.thermal@2.0-service.qti: Error opening file: /sys/class/thermal/thermal_zone67/trip_point_1_temp
03-14 10:34:22.295   960   960 E android.hardware.thermal@2.0-service.qti: Policy error:step_wise sensor:ibat
03-14 10:34:22.295   960   960 E android.hardware.thermal@2.0-service.qti: negative temperature ramp for sensor:vbat
03-14 10:34:22.296   964   964 I HidlServiceManagement: Registered vendor.display.color@1.3::IDisplayColor/default (start delay of 67ms)
03-14 10:34:22.297   964   964 I HidlServiceManagement: Removing namespace from process name vendor.display.color@1.0-service to color@1.0-service.
03-14 10:34:22.297   967   967 W OPCameraHIDL: Start
03-14 10:34:22.298   964   964 I HidlServiceManagement: Registered vendor.display.postproc@1.0::IDisplayPostproc/default (start delay of 69ms)
03-14 10:34:22.298   960   960 E android.hardware.thermal@2.0-service.qti: negative temperature ramp for sensor:soc
03-14 10:34:22.298   958   958 D nxpnfc@1.2-service: Registering NFC HALIMPL Service v1.2...
03-14 10:34:22.299   958   958 D JcDnld_DWP: checkIfEseClientUpdateReqd enter:  
03-14 10:34:22.299   958   958 E libc    : Access denied finding property "persist.nfc.config_file_name"
03-14 10:34:22.299   958   958 D android.hardware.nfc@1.2-service: nxp config referred : libnfc-nxp.conf
03-14 10:34:22.299   958   958 D android.hardware.nfc@1.2-service: nxp config file : /vendor/etc/libnfc-nxp.conf
03-14 10:34:22.300   958   958 D android.hardware.nfc@1.2-service: readNxpTransitConfig-Enter..Reading /data/vendor/nfc/libnfc-nxpTransit.conf
03-14 10:34:22.300   958   958 E android.hardware.nfc@1.2-service: readConfig Cannot open config file /data/vendor/nfc/libnfc-nxpTransit.conf
03-14 10:34:22.300   958   958 D android.hardware.nfc@1.2-service: readNxpRFConfig-Enter..Reading /system/vendor/libnfc-nxp_RF.conf
03-14 10:34:22.300   958   958 E android.hardware.nfc@1.2-service: readConfig Cannot open config file /system/vendor/libnfc-nxp_RF.conf
03-14 10:34:22.300   958   958 D NxpExtns: find found NXP_ESE_JCOP_DEFAULT_INTERFACE=(0x0)
03-14 10:34:22.300   958   958 D NxpExtns: find found NXP_ESE_JCOP_DEFAULT_INTERFACE=(0x0)
03-14 10:34:22.300   958   958 D JcDnld_DWP: checkIfEseClientUpdateReqd LS and JCOP download not required 
03-14 10:34:22.300   960   960 E android.hardware.thermal@2.0-service.qti: Policy error:step_wise sensor:battery
03-14 10:34:22.301   970   970 I HidlServiceManagement: Registered vendor.oneplus.hardware.display@1.0::IOneplusDisplay/default (start delay of 41ms)
03-14 10:34:22.301   970   970 I HidlServiceManagement: Removing namespace from process name vendor.oneplus.hardware.display@1.0-service to display@1.0-service.
03-14 10:34:22.302   971   971 D vendor.oneplus.hardware.drmkey@1.0-service: vendor.oneplus,hardware.drmkey@1.0-service starting...
03-14 10:34:22.302   972   972 D vendor.oneplus.hardware.hdcpkey@1.0-service: vendor.oneplus,hardware.hdcpkey@1.0-service starting...
03-14 10:34:22.303   931   931 I BTAudioProviderA2dpSoftware: A2dpSoftwareAudioProvider - size of audio buffer 7168 byte(s)
03-14 10:34:22.304   931   931 I BTAudioProviderHearingAid: HearingAidAudioProvider - size of audio buffer 3584 byte(s)
03-14 10:34:22.307   946   946 I HidlServiceManagement: Registered android.hardware.drm@1.3::IDrmFactory/widevine (start delay of 128ms)
03-14 10:34:22.307   946   946 I HidlServiceManagement: Removing namespace from process name android.hardware.drm@1.3-service.widevine to drm@1.3-service.widevine.
03-14 10:34:22.308   965   965 I HidlServiceManagement: Registered vendor.dolby.hardware.dms@2.0::IDms/default (start delay of 69ms)
03-14 10:34:22.308   965   965 I HidlServiceManagement: Removing namespace from process name vendor.dolby.hardware.dms@2.0-service to dms@2.0-service.
03-14 10:34:22.308   965   965 I DolbyManagerSvc: Registered IDms vendor service success!
03-14 10:34:22.309   967   967 I HidlServiceManagement: Registered vendor.oneplus.camera.CameraHIDL@1.0::IOnePlusCameraProvider/default (start delay of 59ms)
03-14 10:34:22.309   967   967 I HidlServiceManagement: Removing namespace from process name vendor.oneplus.camera.CameraHIDL@1.0-service to CameraHIDL@1.0-service.
03-14 10:34:22.310   958   958 I HidlServiceManagement: Registered android.hardware.nfc@1.2::INfc/default (start delay of 101ms)
03-14 10:34:22.310   958   958 I HidlServiceManagement: Removing namespace from process name android.hardware.nfc@1.2-service to nfc@1.2-service.
03-14 10:34:22.310   958   958 D nxpnfc@1.2-service: Registering NFC HALIOCTL Service v1.0...
03-14 10:34:22.311   971   971 I HidlServiceManagement: Registered vendor.oneplus.hardware.drmkey@1.0::IOneplusDrmKey/default (start delay of 51ms)
03-14 10:34:22.311   971   971 I HidlServiceManagement: Removing namespace from process name vendor.oneplus.hardware.drmkey@1.0-service to drmkey@1.0-service.
03-14 10:34:22.312   946   946 I HidlServiceManagement: Registered android.hardware.drm@1.3::ICryptoFactory/widevine (start delay of 132ms)
03-14 10:34:22.312   946   946 I HidlServiceManagement: Removing namespace from process name android.hardware.drm@1.3-service.widevine to drm@1.3-service.widevine.
03-14 10:34:22.312   967   967 I HidlServiceManagement: Registered vendor.oneplus.camera.CameraMDMHIDL@1.0::IOnePlusCameraMDM/default (start delay of 62ms)
03-14 10:34:22.312   967   967 W OPCameraHIDL: Ready
03-14 10:34:22.312   931   931 I HidlServiceManagement: Registered android.hardware.bluetooth.audio@2.0::IBluetoothAudioProvidersFactory/default (start delay of 163ms)
03-14 10:34:22.312   931   931 I LegacySupport: Registration complete for android.hardware.bluetooth.audio@2.0::IBluetoothAudioProvidersFactory/default.
03-14 10:34:22.312   947   947 I HidlServiceManagement: Registered android.hardware.gnss@2.0::IGnss/default (start delay of 133ms)
03-14 10:34:22.312   947   947 I HidlServiceManagement: Removing namespace from process name android.hardware.gnss@2.0-service-qti to gnss@2.0-service-qti.
03-14 10:34:22.312   947   947 I android.hardware.gnss@2.0-service-qti: Registration complete for android.hardware.gnss@2.0::IGnss/default.
03-14 10:34:22.313   958   958 I HidlServiceManagement: Registered vendor.nxp.nxpnfc@1.0::INxpNfc/default (start delay of 104ms)
03-14 10:34:22.313   958   958 E nxpnfc@1.2-service: Before calling JCOP JCOS_doDownload
03-14 10:34:22.313   958   958 D JcDnld_DWP: doEseUpdateIfReqd enter:  
03-14 10:34:22.313   958   958 D JcDnld_DWP: eSeClientUpdateHandler Enter
03-14 10:34:22.313   958   958 D JcDnld_DWP: eSeClientUpdateHandler Exit 
03-14 10:34:22.313   958   958 E nxpnfc@1.2-service: After calling JCOS_doDownload
03-14 10:34:22.313   958   958 D nxpnfc@1.2-service: NFC HAL Service is ready
03-14 10:34:22.313   628   628 I hwservicemanager: getTransport: Cannot find entry android.hardware.bluetooth.a2dp@1.0::IBluetoothAudioOffload/default in either framework or device manifest.
03-14 10:34:22.314   931   931 E LegacySupport: Could not get passthrough implementation for android.hardware.bluetooth.a2dp@1.0::IBluetoothAudioOffload/default.
03-14 10:34:22.314   931   931 W audiohalservice: Could not register Bluetooth Audio Offload API
03-14 10:34:22.315   972   972 I HidlServiceManagement: Registered vendor.oneplus.hardware.hdcpkey@1.0::IOneplusHdcpKey/default (start delay of 45ms)
