03-13 19:40:44.904   925   925 D msm8974_platform: Opening /sys/class/thermal/thermal_zone67/type
03-13 19:40:44.904   925   925 D msm8974_platform: Opening /sys/class/thermal/thermal_zone68/type
03-13 19:40:44.904   925   925 D msm8974_platform: Opening /sys/class/thermal/thermal_zone69/type
03-13 19:40:44.904   925   925 D msm8974_platform: Opening /sys/class/thermal/thermal_zone70/type
03-13 19:40:44.904   925   925 D msm8974_platform: Opening /sys/class/thermal/thermal_zone71/type
03-13 19:40:44.904   925   925 D msm8974_platform: Opening /sys/class/thermal/thermal_zone72/type
03-13 19:40:44.904   925   925 D msm8974_platform: Opening /sys/class/thermal/thermal_zone73/type
03-13 19:40:44.904   925   925 D msm8974_platform: Opening /sys/class/thermal/thermal_zone74/type
03-13 19:40:44.904   925   925 D msm8974_platform: Opening /sys/class/thermal/thermal_zone75/type
03-13 19:40:44.904   925   925 D msm8974_platform: Opening /sys/class/thermal/thermal_zone76/type
03-13 19:40:44.904   925   925 D msm8974_platform: Opening /sys/class/thermal/thermal_zone77/type
03-13 19:40:44.904   925   925 D msm8974_platform: Opening /sys/class/thermal/thermal_zone78/type
03-13 19:40:44.904   925   925 D msm8974_platform: Opening /sys/class/thermal/thermal_zone79/type
03-13 19:40:44.904   925   925 D msm8974_platform: Opening /sys/class/thermal/thermal_zone80/type
03-13 19:40:44.904   925   925 D msm8974_platform: Opening /sys/class/thermal/thermal_zone81/type
03-13 19:40:44.904   925   925 D msm8974_platform: Opening /sys/class/thermal/thermal_zone82/type
03-13 19:40:44.904   925   925 D msm8974_platform: Opening /sys/class/thermal/thermal_zone83/type
03-13 19:40:44.904   925   925 D msm8974_platform: Opening /sys/class/thermal/thermal_zone84/type
03-13 19:40:44.904   925   925 D msm8974_platform: Opening /sys/class/thermal/thermal_zone85/type
03-13 19:40:44.905   925   925 D msm8974_platform: Opening /sys/class/thermal/thermal_zone86/type
03-13 19:40:44.905   925   925 D msm8974_platform: Opening /sys/class/thermal/thermal_zone87/type
03-13 19:40:44.905   925   925 D msm8974_platform: Opening /sys/class/thermal/thermal_zone88/type
03-13 19:40:44.905   925   925 D msm8974_platform: Opening /sys/class/thermal/thermal_zone89/type
03-13 19:40:44.905   925   925 D msm8974_platform: Opening /sys/class/thermal/thermal_zone90/type
03-13 19:40:44.905   925   925 D msm8974_platform: Opening /sys/class/thermal/thermal_zone91/type
03-13 19:40:44.905   925   925 D msm8974_platform: Opening /sys/class/thermal/thermal_zone92/type
03-13 19:40:44.905   925   925 D msm8974_platform: Opening /sys/class/thermal/thermal_zone93/type
03-13 19:40:44.905   925   925 D msm8974_platform: Opening /sys/class/thermal/thermal_zone94/type
03-13 19:40:44.905   925   925 D msm8974_platform: Opening /sys/class/thermal/thermal_zone95/type
03-13 19:40:44.905   925   925 D msm8974_platform: Opening /sys/class/thermal/thermal_zone96/type
03-13 19:40:44.905   925   925 D msm8974_platform: Opening /sys/class/thermal/thermal_zone97/type
03-13 19:40:44.905   925   925 D msm8974_platform: Opening /sys/class/thermal/thermal_zone98/type
03-13 19:40:44.905   925   925 D msm8974_platform: Opening /sys/class/thermal/thermal_zone99/type
03-13 19:40:44.905   925   925 D msm8974_platform: Opening /sys/class/thermal/thermal_zone100/type
03-13 19:40:44.905   925   925 D audio_hw_extn: audio_extn_can_use_vbat: vbat.enabled property is set to 0
03-13 19:40:44.905   925   925 D audio_hw_extn: audio_extn_can_use_bcl: bcl.enabled property is set to 0
03-13 19:40:44.905   925   925 D msm8974_platform: Alac software decoder is available...removing alac from DSP decoder list
03-13 19:40:44.905   925   925 D msm8974_platform: APE software decoder is available...removing ape from DSP decoder list
03-13 19:40:44.905   925   925 I audio_hw_extn: audio_extn_set_snd_card_split: snd_card_name(sm8150-tavil-snd-card) device(sm8150) snd_card(tavil) form_factor(snd)
03-13 19:40:44.905   925   925 D platform_info: platform_info_init: filename: /vendor/etc/audio_platform_info.xml, caller_type: 0
03-13 19:40:44.905  1439  1517 I SystemConfig: Reading permissions from /vendor/etc/permissions/android.software.vulkan.deqp.level.xml
03-13 19:40:44.905  1043  1043 E FMQ     : grantorIdx must be less than 3
03-13 19:40:44.905   936  1009 E FMQ     : grantorIdx must be less than 3
03-13 19:40:44.906   936  1009 I SDM     : HWCDisplay::SetPreferredColorModeInternal: Applying mode: zhal_native
03-13 19:40:44.906   925   925 E msm8974_platform: find_index: Could not find index for name = SND_DEVICE_IN_USB_HEADSET_HEX_MIC
03-13 19:40:44.906  1439  1517 I SystemConfig: Reading permissions from /vendor/etc/permissions/android.hardware.sensor.ambient_temperature.xml
03-13 19:40:44.906   925   925 E platform_info: process_acdb_id: Device SND_DEVICE_IN_USB_HEADSET_HEX_MIC in platform info xml not found, no ACDB ID set!
03-13 19:40:44.906   925   925 E msm8974_platform: find_index: Could not find index for name = SND_DEVICE_IN_USB_HEADSET_HEX_MIC_AEC
03-13 19:40:44.906   925   925 E platform_info: process_acdb_id: Device SND_DEVICE_IN_USB_HEADSET_HEX_MIC_AEC in platform info xml not found, no ACDB ID set!
03-13 19:40:44.906   925   925 E msm8974_platform: find_index: Could not find index for name = SND_DEVICE_IN_UNPROCESSED_USB_HEADSET_HEX_MIC
03-13 19:40:44.906   925   925 E platform_info: process_acdb_id: Device SND_DEVICE_IN_UNPROCESSED_USB_HEADSET_HEX_MIC in platform info xml not found, no ACDB ID set!
03-13 19:40:44.906   925   925 E msm8974_platform: find_index: Could not find index for name = SND_DEVICE_IN_VOCE_RECOG_USB_HEADSET_HEX_MIC
03-13 19:40:44.906   925   925 E platform_info: process_acdb_id: Device SND_DEVICE_IN_VOCE_RECOG_USB_HEADSET_HEX_MIC in platform info xml not found, no ACDB ID set!
03-13 19:40:44.906   925   925 E msm8974_platform: find_index: Could not find index for name = USECASE_AUDIO_PLAYBACK_EXT_DISP_SILENCE
03-13 19:40:44.906   925   925 E platform_info: process_pcm_id: usecase USECASE_AUDIO_PLAYBACK_EXT_DISP_SILENCE not found!
03-13 19:40:44.906   925   925 D audio_hw_hfp: hfp_set_parameters: enter
03-13 19:40:44.906   925   925 I chatty  : uid=1041(audioserver) /vendor/bin/hw/android.hardware.audio.service identical 2 lines
03-13 19:40:44.906   925   925 D audio_hw_hfp: hfp_set_parameters: enter
03-13 19:40:44.906   925   925 D msm8974_platform: native_audio_set_params:napb updating mode (1) from XML
03-13 19:40:44.906   925   925 D msm8974_platform: platform_set_native_support:napb: native audio playback enabled in (SRC) mode
03-13 19:40:44.906   925   925 D audio_hw_hfp: hfp_set_parameters: enter
03-13 19:40:44.906   925   925 D msm8974_platform: native_audio_set_params:napb updating mode (1) from XML
03-13 19:40:44.906  1439  1517 I SystemConfig: Reading permissions from /vendor/etc/permissions/android.hardware.sensor.compass.xml
03-13 19:40:44.906   925   925 D msm8974_platform: platform_set_native_support:napb: native audio playback enabled in (SRC) mode
03-13 19:40:44.906   925   925 D audio_hw_hfp: hfp_set_parameters: enter
03-13 19:40:44.906   925   925 D msm8974_platform: native_audio_set_params:napb updating mode (1) from XML
03-13 19:40:44.906   925   925 D msm8974_platform: platform_set_native_support:napb: native audio playback enabled in (SRC) mode
03-13 19:40:44.906   925   925 D audio_hw_hfp: hfp_set_parameters: enter
03-13 19:40:44.907   925   925 D msm8974_platform: native_audio_set_params:napb updating mode (1) from XML
03-13 19:40:44.907   925   925 D msm8974_platform: platform_set_native_support:napb: native audio playback enabled in (SRC) mode
03-13 19:40:44.907   925   925 D audio_hw_hfp: hfp_set_parameters: enter
03-13 19:40:44.907   925   925 D msm8974_platform: platform_set_snd_device_backend: backend_tag_table[headphones]: old = null new = headphones
03-13 19:40:44.907   925   925 D msm8974_platform: platform_set_snd_device_backend: hw_interface_table[17] = SLIMBUS_6_RX
03-13 19:40:44.907   925   925 D msm8974_platform: platform_set_snd_device_backend: backend_tag_table[bt-sco-headset-wb]: old = bt-sco-wb new = bt-sco-wb
03-13 19:40:44.907   925   925 D msm8974_platform: platform_set_snd_device_backend: hw_interface_table[40] = SLIMBUS_7_RX
03-13 19:40:44.907   925   925 D msm8974_platform: platform_set_snd_device_backend: backend_tag_table[bt-sco-headset]: old = bt-sco new = bt-sco
03-13 19:40:44.907   925   925 D msm8974_platform: platform_set_snd_device_backend: hw_interface_table[39] = SLIMBUS_7_RX
03-13 19:40:44.907   925   925 D msm8974_platform: platform_set_snd_device_backend: backend_tag_table[bt-a2dp]: old = bt-a2dp new = bt-a2dp
03-13 19:40:44.907   925   925 D msm8974_platform: platform_set_snd_device_backend: hw_interface_table[42] = SLIMBUS_7_RX
03-13 19:40:44.907   925   925 D msm8974_platform: platform_set_snd_device_backend: backend_tag_table[line]: old = null new = headphones
03-13 19:40:44.907   925   925 D msm8974_platform: platform_set_snd_device_backend: hw_interface_table[16] = SLIMBUS_6_RX
03-13 19:40:44.907   925   925 D msm8974_platform: platform_set_snd_device_backend: backend_tag_table[anc-headphones]: old = null new = headphones
03-13 19:40:44.907   925   925 D msm8974_platform: platform_set_snd_device_backend: hw_interface_table[75] = SLIMBUS_6_RX
03-13 19:40:44.907   925   925 D msm8974_platform: platform_set_snd_device_backend: backend_tag_table[anc-fb-headphones]: old = null new = headphones
03-13 19:40:44.907   925   925 D msm8974_platform: platform_set_snd_device_backend: hw_interface_table[76] = SLIMBUS_6_RX
03-13 19:40:44.907   925   925 D msm8974_platform: platform_set_snd_device_backend: backend_tag_table[speaker-and-headphones]: old = speaker-and-headphones new = speaker-and-headphones
03-13 19:40:44.907   925   925 D msm8974_platform: platform_set_snd_device_backend: hw_interface_table[20] = QUAT_MI2S_RX-and-SLIMBUS_6_RX
03-13 19:40:44.907   925   925 D msm8974_platform: platform_set_snd_device_backend: backend_tag_table[speaker-and-line]: old = speaker-and-headphones new = speaker-and-headphones
03-13 19:40:44.907   925   925 D msm8974_platform: platform_set_snd_device_backend: hw_interface_table[22] = QUAT_MI2S_RX-and-SLIMBUS_6_RX
03-13 19:40:44.907   925   925 D msm8974_platform: platform_set_snd_device_backend: backend_tag_table[speaker-and-anc-headphones]: old = null new = speaker-and-headphones
03-13 19:40:44.907   925   925 D msm8974_platform: platform_set_snd_device_backend: hw_interface_table[79] = QUAT_MI2S_RX-and-SLIMBUS_6_RX
03-13 19:40:44.907   925   925 D msm8974_platform: platform_set_snd_device_backend: backend_tag_table[speaker-and-anc-fb-headphones]: old = null new = speaker-and-headphones
03-13 19:40:44.907   925   925 D msm8974_platform: platform_set_snd_device_backend: hw_interface_table[80] = QUAT_MI2S_RX-and-SLIMBUS_6_RX
03-13 19:40:44.907   925   925 D msm8974_platform: platform_set_snd_device_backend: backend_tag_table[voice-headphones]: old = null new = headphones
03-13 19:40:44.907   925   925 D msm8974_platform: platform_set_snd_device_backend: hw_interface_table[32] = SLIMBUS_6_RX
03-13 19:40:44.907   925   925 D msm8974_platform: platform_set_snd_device_backend: backend_tag_table[voice-headset]: old = null new = headset
03-13 19:40:44.907   925   925 D msm8974_platform: platform_set_snd_device_backend: hw_interface_table[33] = SLIMBUS_6_RX
03-13 19:40:44.907   925   925 D msm8974_platform: platform_set_snd_device_backend: backend_tag_table[voice-anc-headphones]: old = null new = headphones
03-13 19:40:44.907   925   925 D msm8974_platform: platform_set_snd_device_backend: hw_interface_table[77] = SLIMBUS_6_RX
03-13 19:40:44.907   925   925 D msm8974_platform: platform_set_snd_device_backend: backend_tag_table[voice-anc-fb-headphones]: old = null new = headphones
03-13 19:40:44.907   925   925 D msm8974_platform: platform_set_snd_device_backend: hw_interface_table[78] = SLIMBUS_6_RX
03-13 19:40:44.907   925   925 D msm8974_platform: platform_set_snd_device_backend: backend_tag_table[voice-line]: old = null new = headphones
03-13 19:40:44.907   925   925 D msm8974_platform: platform_set_snd_device_backend: hw_interface_table[34] = SLIMBUS_6_RX
03-13 19:40:44.907   925   925 D msm8974_platform: platform_set_snd_device_backend: backend_tag_table[voice-tty-full-headphones]: old = null new = headphones
03-13 19:40:44.907   925   925 D msm8974_platform: platform_set_snd_device_backend: hw_interface_table[55] = SLIMBUS_6_RX
03-13 19:40:44.907   925   925 D msm8974_platform: platform_set_snd_device_backend: backend_tag_table[voice-tty-full-headset]: old = null new = headset
03-13 19:40:44.907   925   925 D msm8974_platform: platform_set_snd_device_backend: hw_interface_table[56] = SLIMBUS_6_RX
03-13 19:40:44.907   925   925 D msm8974_platform: platform_set_snd_device_backend: backend_tag_table[voice-tty-vco-headphones]: old = null new = headphones
03-13 19:40:44.907   925   925 D msm8974_platform: platform_set_snd_device_backend: hw_interface_table[57] = SLIMBUS_6_RX
03-13 19:40:44.907   925   925 D msm8974_platform: platform_set_snd_device_backend: backend_tag_table[voice-tty-vco-headset]: old = null new = headphones
03-13 19:40:44.907   925   925 D msm8974_platform: platform_set_snd_device_backend: hw_interface_table[58] = SLIMBUS_6_RX
03-13 19:40:44.907   925   925 D msm8974_platform: platform_set_snd_device_backend: backend_tag_table[voice-tty-hco-handset]: old = quat_i2s new = voice-tty-hco-handset
03-13 19:40:44.907   925   925 D msm8974_platform: platform_set_snd_device_backend: backend_tag_table[speaker-and-bt-sco]: old = null new = speaker-and-bt-sco
03-13 19:40:44.907   925   925 D msm8974_platform: platform_set_snd_device_backend: hw_interface_table[46] = QUAT_MI2S_RX-and-SLIMBUS_7_RX
03-13 19:40:44.907  1439  1517 I SystemConfig: Reading permissions from /vendor/etc/permissions/android.hardware.usb.accessory.xml
03-13 19:40:44.907   925   925 D msm8974_platform: platform_set_snd_device_backend: backend_tag_table[speaker-and-bt-sco-wb]: old = null new = speaker-and-bt-sco-wb
03-13 19:40:44.907   925   925 D msm8974_platform: platform_set_snd_device_backend: hw_interface_table[48] = QUAT_MI2S_RX-and-SLIMBUS_7_RX
03-13 19:40:44.907   925   925 D msm8974_platform: platform_set_snd_device_backend: backend_tag_table[speaker-and-bt-sco-swb]: old = null new = speaker-and-bt-sco-swb
03-13 19:40:44.907   925   925 D msm8974_platform: platform_set_snd_device_backend: hw_interface_table[50] = QUAT_MI2S_RX-and-SLIMBUS_7_RX
03-13 19:40:44.907   925   925 D msm8974_platform: platform_set_snd_device_backend: backend_tag_table[speaker-and-usb-headphones]: old = speaker-and-usb-headphones new = speaker-and-usb-headphones
03-13 19:40:44.907   925   925 D msm8974_platform: platform_set_snd_device_backend: hw_interface_table[69] = QUAT_MI2S_RX-and-USB_AUDIO_RX
03-13 19:40:44.907   925   925 D msm8974_platform: platform_set_snd_device_backend: backend_tag_table[speaker-safe]: old = quat_i2s new = quat_i2s
03-13 19:40:44.907   925   925 D msm8974_platform: platform_set_snd_device_backend: hw_interface_table[14] = QUAT_MI2S_RX
03-13 19:40:44.907   925   925 D msm8974_platform: platform_set_snd_device_backend: backend_tag_table[speaker-safe-and-headphones]: old = null new = speaker-and-headphones
03-13 19:40:44.907   925   925 D msm8974_platform: platform_set_snd_device_backend: hw_interface_table[21] = QUAT_MI2S_RX-and-SLIMBUS_6_RX
03-13 19:40:44.907   925   925 D msm8974_platform: platform_set_snd_device_backend: backend_tag_table[speaker-safe-and-line]: old = null new = speaker-and-headphones
03-13 19:40:44.907   925   925 D msm8974_platform: platform_set_snd_device_backend: hw_interface_table[23] = QUAT_MI2S_RX-and-SLIMBUS_6_RX
03-13 19:40:44.907   925   925 D msm8974_platform: platform_set_snd_device_backend: backend_tag_table[speaker-safe-and-usb-headphones]: old = speaker-safe-and-usb-headphones new = speaker-and-usb-headphones
03-13 19:40:44.907   925   925 D msm8974_platform: platform_set_snd_device_backend: hw_interface_table[70] = QUAT_MI2S_RX-and-USB_AUDIO_RX
03-13 19:40:44.907   925   925 D msm8974_platform: platform_set_snd_device_backend: backend_tag_table[speaker-safe-and-bt-a2dp]: old = speaker-safe-and-bt-a2dp new = speaker-and-bt-a2dp
03-13 19:40:44.907   925   925 D msm8974_platform: platform_set_snd_device_backend: hw_interface_table[44] = QUAT_MI2S_RX-and-SLIMBUS_7_RX
03-13 19:40:44.907   925   925 D msm8974_platform: platform_set_snd_device_backend: backend_tag_table[speaker-safe-and-bt-sco]: old = speaker-safe-and-bt-sco new = speaker-and-bt-sco
03-13 19:40:44.907   925   925 D msm8974_platform: platform_set_snd_device_backend: hw_interface_table[47] = QUAT_MI2S_RX-and-SLIMBUS_7_RX
03-13 19:40:44.907   925   925 D msm8974_platform: platform_set_snd_device_backend: backend_tag_table[speaker-safe-and-bt-sco-wb]: old = speaker-safe-and-bt-sco-wb new = speaker-and-bt-sco-wb
03-13 19:40:44.907   925   925 D msm8974_platform: platform_set_snd_device_backend: hw_interface_table[49] = QUAT_MI2S_RX-and-SLIMBUS_7_RX
03-13 19:40:44.907   925   925 D msm8974_platform: platform_set_snd_device_backend: backend_tag_table[speaker-safe-and-bt-sco-swb]: old = speaker-safe-and-bt-sco-swb new = speaker-and-bt-sco-swb
03-13 19:40:44.907   925   925 D msm8974_platform: platform_set_snd_device_backend: hw_interface_table[51] = QUAT_MI2S_RX-and-SLIMBUS_7_RX
03-13 19:40:44.907   925   925 D msm8974_platform: platform_set_snd_device_backend: backend_tag_table[headset-mic]: old = null new = headset-mic
03-13 19:40:44.907   925   925 D msm8974_platform: platform_set_snd_device_backend: hw_interface_table[153] = SLIMBUS_1_TX
03-13 19:40:44.907   925   925 D msm8974_platform: platform_set_snd_device_backend: backend_tag_table[headset-mic]: old = null new = headset-mic
03-13 19:40:44.907   925   925 D msm8974_platform: platform_set_snd_device_backend: hw_interface_table[155] = SLIMBUS_1_TX
03-13 19:40:44.907   925   925 D msm8974_platform: platform_set_snd_device_backend: backend_tag_table[voice-headset-mic]: old = null new = headset-mic
03-13 19:40:44.907   925   925 D msm8974_platform: platform_set_snd_device_backend: hw_interface_table[159] = SLIMBUS_1_TX
03-13 19:40:44.907   925   925 D msm8974_platform: platform_set_snd_device_backend: backend_tag_table[voice-tty-full-headset-mic]: old = null new = headset-mic
03-13 19:40:44.907   925   925 D msm8974_platform: platform_set_snd_device_backend: hw_interface_table[178] = SLIMBUS_1_TX
03-13 19:40:44.907   925   925 D msm8974_platform: platform_set_snd_device_backend: backend_tag_table[voice-tty-hco-headset-mic]: old = null new = headset-mic
03-13 19:40:44.907   925   925 D msm8974_platform: platform_set_snd_device_backend: hw_interface_table[180] = SLIMBUS_1_TX
03-13 19:40:44.907   925   925 D msm8974_platform: platform_set_snd_device_backend: backend_tag_table[unprocessed-headset-mic]: old = null new = headset-mic
03-13 19:40:44.907  1439  1517 I SystemConfig: Reading permissions from /vendor/etc/permissions/android.hardware.wifi.direct.xml
03-13 19:40:44.907   925   925 D msm8974_platform: platform_set_snd_device_backend: hw_interface_table[243] = SLIMBUS_1_TX
03-13 19:40:44.907   925   925 D msm8974_platform: platform_set_snd_device_backend: backend_tag_table[headset-mic]: old = null new = headset-mic
03-13 19:40:44.907   925   925 D msm8974_platform: platform_set_snd_device_backend: hw_interface_table[189] = SLIMBUS_1_TX
03-13 19:40:44.907   925   925 D msm8974_platform: platform_set_snd_device_backend: backend_tag_table[headset-mic]: old = null new = headset-mic
03-13 19:40:44.907   925   925 D msm8974_platform: platform_set_snd_device_backend: hw_interface_table[154] = SLIMBUS_1_TX
03-13 19:40:44.907   925   925 D msm8974_platform: platform_set_snd_device_backend: backend_tag_table[headset-mic]: old = headset-mic new = headset-mic
03-13 19:40:44.907   925   925 D msm8974_platform: platform_set_snd_device_backend: hw_interface_table[155] = SLIMBUS_1_TX
03-13 19:40:44.908  1439  1517 I SystemConfig: Reading permissions from /vendor/etc/permissions/android.hardware.sensor.proximity.xml
03-13 19:40:44.908  1439  1517 I SystemConfig: Reading permissions from /vendor/etc/permissions/android.hardware.usb.host.xml
03-13 19:40:44.908  1439  1517 I SystemConfig: Reading permissions from /vendor/etc/permissions/android.hardware.audio.pro.xml
03-13 19:40:44.909   925   925 D platform_info: end_tag: this is end of audio_platform_info.xml
03-13 19:40:44.909   925   925 D platform_info: platform_info_init: xml file complete read
03-13 19:40:44.909   925   925 D platform_info: platform_info_init: exit
03-13 19:40:44.909   925   925 E msm8974_platform: platform_init: soundcard: sm8150-tavil-snd-card supports only default sample rate
03-13 19:40:44.909   936  1009 E FMQ     : grantorIdx must be less than 3
03-13 19:40:44.909  1043  1043 E FMQ     : grantorIdx must be less than 3
03-13 19:40:44.909  1439  1517 I SystemConfig: Reading permissions from /vendor/etc/permissions/android.hardware.sensor.light.xml
03-13 19:40:44.910  1439  1517 I SystemConfig: Reading permissions from /vendor/etc/permissions/android.hardware.bluetooth.xml
03-13 19:40:44.912  1439  1517 I SystemConfig: Reading permissions from /vendor/etc/permissions/android.hardware.sensor.stepcounter.xml
03-13 19:40:44.913  1439  1517 I SystemConfig: Reading permissions from /vendor/etc/permissions/android.hardware.vulkan.compute-0.xml
03-13 19:40:44.913  1439  1517 I SystemConfig: Reading permissions from /vendor/etc/permissions/android.software.device_id_attestation.xml
03-13 19:40:44.914  1439  1517 I SystemConfig: Reading permissions from /vendor/etc/permissions/android.hardware.telephony.gsm.xml
03-13 19:40:44.914  1439  1517 I SystemConfig: Reading permissions from /vendor/etc/permissions/android.hardware.audio.low_latency.xml
03-13 19:40:44.915  1439  1517 I SystemConfig: Reading permissions from /product/etc/sysconfig/google-staged-installer-whitelist.xml
03-13 19:40:44.915  1439  1517 I SystemConfig: Reading permissions from /product/etc/sysconfig/preinstalled-packages-platform-overlays.xml
03-13 19:40:44.916  1439  1517 I SystemConfig: Reading permissions from /product/etc/sysconfig/google-rollback-package-whitelist.xml
03-13 19:40:44.916  1439  1517 I SystemConfig: Reading permissions from /product/etc/sysconfig/google.xml
03-13 19:40:44.916  1439  1517 I SystemConfig: Reading permissions from /product/etc/sysconfig/hiddenapi-package-whitelist-hotword.xml
03-13 19:40:44.917  1439  1517 I SystemConfig: Reading permissions from /product/etc/sysconfig/preinstalled-packages-platform-handheld-product.xml
03-13 19:40:44.917  1439  1517 I SystemConfig: Reading permissions from /product/etc/sysconfig/GoogleCellBroadcast_config.xml
03-13 19:40:44.917  1439  1517 I SystemConfig: Reading permissions from /product/etc/sysconfig/google-hiddenapi-package-allowlist.xml
03-13 19:40:44.918  1177  1225 I ServiceManager: Waiting for service 'package_native' on '/dev/binder'...
03-13 19:40:44.918  1439  1517 I SystemConfig: Reading permissions from /product/etc/sysconfig/wellbeing.xml
03-13 19:40:44.918     0     0 I @4 gf_spi: [info] goodix_fb_state_chg_callback go to the msm_drm_notifier_callback value = 2
03-13 19:40:44.918     0     0 E @4 [TP]touchpanel: fb_notifier_callback: event = 2, blank = 0
03-13 19:40:44.918     0     0 I @4 BQ   : bq27541_set_lcd_off_status: off=0
03-13 19:40:44.918     0     0 I         : @4 [oneplus_motor]  fb_notifier_callback : led_on 1
03-13 19:40:44.918  1339  1423 D [GF_HAL][EventCenter]: [postEvent] enqueue event<-999>
03-13 19:40:44.918  1339  1463 D [GF_HAL][ShenzhenSensor]: msg : 16
03-13 19:40:44.918  1339  1463 D [GF_HAL][CaEntry]: [sendCommand] request token: 9, target: 1000, cmd id: 11
03-13 19:40:44.918  1339  1463 D [GF_HAL][CaEntry]: [sendCommand] carveout_ion_handle_fd = 14,carveout_ion_handle_len = 4194304 
03-13 19:40:44.918  1439  1517 I SystemConfig: Reading permissions from /product/etc/permissions/privapp-permissions-matchmaker.xml
03-13 19:40:44.919   925   925 I audio_hw_extn: audio_extn_set_snd_card_split: snd_card_name(sm8150-tavil-snd-card) device(sm8150) snd_card(tavil) form_factor(snd)
03-13 19:40:44.919   925   925 D platform_info: platform_info_init: filename: /vendor/etc/audio_platform_info.xml, caller_type: 1
03-13 19:40:44.919  1439  1517 I SystemConfig: Reading permissions from /product/etc/permissions/com.qualcomm.qti.imscmservice-V2.1-java.xml
03-13 19:40:44.919   925   925 E platform_info: param tag only supported with CONFIG_PARAMS section
03-13 19:40:44.919   925   925 I chatty  : uid=1041(audioserver) /vendor/bin/hw/android.hardware.audio.service identical 6 lines
03-13 19:40:44.919   925   925 E platform_info: param tag only supported with CONFIG_PARAMS section
03-13 19:40:44.919  1439  1517 I SystemConfig: Reading permissions from /product/etc/permissions/privapp-permissions-google-comms-suite.xml
03-13 19:40:44.920     0     0 E @5 msm-dsi-panel: [dsi_panel_update_backlight:951] backlight = 200
03-13 19:40:44.920     0     0 E @5 msm-dsi-display: [dsi_display_get_serial_number_AT] dsi_display_get_serial_number_AT start
03-13 19:40:44.920     0     0 E @5 msm-dsi-display: [dsi_display_read_serial_number] dsi_display_read_serial_number start
03-13 19:40:44.920   925   925 D platform_info: end_tag: this is end of audio_platform_info.xml
03-13 19:40:44.920   925   925 D platform_info: platform_info_init: xml file complete read
03-13 19:40:44.920   925   925 D platform_info: platform_info_init: exit
03-13 19:40:44.920   925   925 D ACDB-LOADER: ACDB: board_type = MTP
03-13 19:40:44.920   925   925 D ACDB-LOADER: ACDB -> Load file: /vendor/etc/acdbdata/adsp_avs_config.acdb
03-13 19:40:44.920   925   925 D ACDB-LOADER: ACDB -> found 1 form factor & soundcard independant files
03-13 19:40:44.921  1339  1463 D [GF_HAL][HalContext]: [invokeCommand] err = 0, errno = GF_SUCCESS
03-13 19:40:44.921  1339  1463 D [GF_HAL][EventCenter]: [threadLoop] Wait get event
03-13 19:40:44.921  1439  1517 I SystemConfig: Reading permissions from /product/etc/permissions/qcrilhook.xml
03-13 19:40:44.922  1439  1517 I SystemConfig: Reading permissions from /product/etc/permissions/split-permissions-google.xml
03-13 19:40:44.923  1439  1517 I SystemConfig: Reading permissions from /product/etc/permissions/com.android.settings.intelligence.xml
03-13 19:40:44.923  1439  1517 I SystemConfig: Reading permissions from /product/etc/permissions/vendor.qti.hardware.data.connection-V1.1-java.xml
03-13 19:40:44.924  1439  1517 I SystemConfig: Reading permissions from /product/etc/permissions/dpmapi.xml
03-13 19:40:44.924   961   961 D OPParam : getParamInt: param 24 4b48c
03-13 19:40:44.924     0     0 I         : @6 get_param_by_index_and_offset[79]  sid_index = 300 offset = 0 buf = 00000000d0e9deda length = 1024
03-13 19:40:44.924     0     0 I         : @6 get_param_by_index_and_offset[79]  sid_index = 301 offset = 0 buf = 00000000d0e9deda length = 1024
03-13 19:40:44.924     0     0 I         : @6 get_param_by_index_and_offset[79]  sid_index = 302 offset = 0 buf = 00000000d0e9deda length = 1024
03-13 19:40:44.924     0     0 I         : @6 get_param_by_index_and_offset[79]  sid_index = 303 offset = 0 buf = 00000000d0e9deda length = 1024
03-13 19:40:44.924     0     0 I         : @6 get_param_by_index_and_offset[79]  sid_index = 812 offset = 0 buf = 00000000d0e9deda length = 1024
03-13 19:40:44.924     0     0 I         : @6 get_param_by_index_and_offset[79]  sid_index = 813 offset = 0 buf = 00000000d0e9deda length = 1024
03-13 19:40:44.924     0     0 I         : @6 get_param_by_index_and_offset[79]  sid_index = 814 offset = 0 buf = 00000000d0e9deda length = 1024
03-13 19:40:44.924   961   961 D OPParamENC: Start checking if 300 is encrypted
03-13 19:40:44.924     0     0 I         : @6 get_param_by_index_and_offset[79]  sid_index = 815 offset = 0 buf = 00000000d0e9deda length = 1024
03-13 19:40:44.924   961   961 D OPParamENC: Start checking primary region of 300
03-13 19:40:44.924   961   961 D OPParamENC: Buffer is enc
03-13 19:40:44.924   961   961 D OPParamENC: Start checking backup region of 300
03-13 19:40:44.924   961   961 D OPParamENC: Buffer is enc
03-13 19:40:44.924  1439  1517 I SystemConfig: Reading permissions from /product/etc/permissions/vendor.qti.hardware.data.connection-V1.0-java.xml
03-13 19:40:44.924   961   961 D OPParamENC: Verify SID 300 success
03-13 19:40:44.924     0     0 I         : @6 get_param_by_index_and_offset[79]  sid_index = 300 offset = 0 buf = 00000000d0e9deda length = 1024
03-13 19:40:44.924     0     0 I         : @6 get_param_by_index_and_offset[79]  sid_index = 301 offset = 0 buf = 00000000d0e9deda length = 1024
03-13 19:40:44.924     0     0 I         : @6 get_param_by_index_and_offset[79]  sid_index = 302 offset = 0 buf = 00000000d0e9deda length = 1024
03-13 19:40:44.924     0     0 I         : @6 get_param_by_index_and_offset[79]  sid_index = 303 offset = 0 buf = 00000000d0e9deda length = 1024
03-13 19:40:44.924   925   925 D OpParam : is_EU_version: mvalue = 3
03-13 19:40:44.924   925   925 D ACDB-LOADER: ACDB -> Load file: /vendor/etc/acdbdata/MTP/MTP_Global_cal.acdb
03-13 19:40:44.924   925   925 D ACDB-LOADER: ACDB -> Load file: /vendor/etc/acdbdata/MTP/MTP_Headset_cal.acdb
03-13 19:40:44.924   925   925 D ACDB-LOADER: ACDB -> Load file: /vendor/etc/acdbdata/MTP/MTP_Handset_cal.acdb
03-13 19:40:44.924   925   925 D ACDB-LOADER: ACDB -> Load file: /vendor/etc/acdbdata/MTP/MTP_Bluetooth_cal.acdb
03-13 19:40:44.924   925   925 D ACDB-LOADER: ACDB -> Load file: /vendor/etc/acdbdata/MTP/MTP_workspaceFile.qwsp
03-13 19:40:44.924   925   925 D ACDB-LOADER: ACDB -> Load file: /vendor/etc/acdbdata/MTP/MTP_Speaker_cal.acdb
03-13 19:40:44.924   925   925 D ACDB-LOADER: ACDB -> Load file: /vendor/etc/acdbdata/MTP/MTP_Codec_cal.acdb
03-13 19:40:44.924   925   925 D ACDB-LOADER: ACDB -> Load file: /vendor/etc/acdbdata/MTP/MTP_Hdmi_cal.acdb
03-13 19:40:44.924   925   925 D ACDB-LOADER: ACDB -> Load file: /vendor/etc/acdbdata/MTP/MTP_General_cal.acdb
03-13 19:40:44.924   925   925 D ACDB-LOADER: ACDB -> ACDB_CMD_INITIALIZE_V2
03-13 19:40:44.925   925   925 D android.hardware.audio.service: [ACDB Command]->SW Minor/Major/Revision version info for /vendor/etc/acdbdata/adsp_avs_config.acdb
03-13 19:40:44.925   925   925 D android.hardware.audio.service: [ACDB Command]->ACDB Sw Major = 10, ACDB Sw Minor = 0, ACDB Sw Revision = 9, ACDB Sw Cpl Number = 0
03-13 19:40:44.925   925   925 D android.hardware.audio.service: [ACDB Command]->ACDB File Major = 0, ACDB File Minor = 0, ACDB File Revision = 0
03-13 19:40:44.925  1439  1517 I SystemConfig: Reading permissions from /product/etc/permissions/embms.xml
03-13 19:40:44.925   925   925 D android.hardware.audio.service: [ACDB Command]->SW Minor/Major/Revision version info for /vendor/etc/acdbdata/MTP/MTP_Global_cal.acdb
03-13 19:40:44.925   925   925 D android.hardware.audio.service: [ACDB Command]->ACDB Sw Major = 10, ACDB Sw Minor = 0, ACDB Sw Revision = 9, ACDB Sw Cpl Number = 0
03-13 19:40:44.925   925   925 D android.hardware.audio.service: [ACDB Command]->ACDB File Major = 12, ACDB File Minor = 0, ACDB File Revision = 3, ACDB File Cpl Number = 0
03-13 19:40:44.926   936   936 I Dpps    : Init():63 panel name is samsung_dsc_cmd_mode_oneplus_dsi_panel
03-13 19:40:44.926   925   925 D android.hardware.audio.service: [ACDB Command]->SW Minor/Major/Revision version info for /vendor/etc/acdbdata/MTP/MTP_Headset_cal.acdb
03-13 19:40:44.926   925   925 D android.hardware.audio.service: [ACDB Command]->ACDB Sw Major = 10, ACDB Sw Minor = 0, ACDB Sw Revision = 9, ACDB Sw Cpl Number = 0
03-13 19:40:44.926   925   925 D android.hardware.audio.service: [ACDB Command]->ACDB File Major = 12, ACDB File Minor = 0, ACDB File Revision = 3, ACDB File Cpl Number = 0
03-13 19:40:44.926   936   936 I SDM     : DisplayBuiltIn::Init: DPPS Interface init successfully
03-13 19:40:44.927   936  1526 I Dpps    : GetInstance: DppsServer ref count increased to 1
03-13 19:40:44.927  1439  1517 I SystemConfig: Reading permissions from /product/etc/permissions/com.qualcomm.qti.imscmservice-V2.2-java.xml
03-13 19:40:44.928   629   629 I hwservicemanager: Since android.frameworks.sensorservice@1.0::ISensorManager/default is not registered, trying to start it as a lazy HAL.
03-13 19:40:44.928  1439  1517 I SystemConfig: Reading permissions from /product/etc/permissions/privapp-permissions-oem-product.xml
03-13 19:40:44.928   925   925 D android.hardware.audio.service: [ACDB Command]->SW Minor/Major/Revision version info for /vendor/etc/acdbdata/MTP/MTP_Handset_cal.acdb
03-13 19:40:44.928   925   925 D android.hardware.audio.service: [ACDB Command]->ACDB Sw Major = 10, ACDB Sw Minor = 0, ACDB Sw Revision = 9, ACDB Sw Cpl Number = 0
03-13 19:40:44.928   925   925 D android.hardware.audio.service: [ACDB Command]->ACDB File Major = 12, ACDB File Minor = 0, ACDB File Revision = 3, ACDB File Cpl Number = 0
03-13 19:40:44.928   629  1527 W libc    : Unable to set property "ctl.interface_start" to "android.frameworks.sensorservice@1.0::ISensorManager/default": error code: 0x20
03-13 19:40:44.928  1439  1517 I SystemConfig: Reading permissions from /product/etc/permissions/privapp-permissions-hotword.xml
03-13 19:40:44.929   629   629 I hwservicemanager: Since android.frameworks.sensorservice@1.0::ISensorManager/default is not registered, trying to start it as a lazy HAL.
03-13 19:40:44.929   936  1526 I HidlServiceManagement: getService: Trying again for android.frameworks.sensorservice@1.0::ISensorManager/default...
03-13 19:40:44.929   925   925 D android.hardware.audio.service: [ACDB Command]->SW Minor/Major/Revision version info for /vendor/etc/acdbdata/MTP/MTP_Bluetooth_cal.acdb
03-13 19:40:44.929  1439  1517 I SystemConfig: Reading permissions from /product/etc/permissions/telephonyservice.xml
03-13 19:40:44.929   925   925 D android.hardware.audio.service: [ACDB Command]->ACDB Sw Major = 10, ACDB Sw Minor = 0, ACDB Sw Revision = 9, ACDB Sw Cpl Number = 0
03-13 19:40:44.929   925   925 D android.hardware.audio.service: [ACDB Command]->ACDB File Major = 12, ACDB File Minor = 0, ACDB File Revision = 3, ACDB File Cpl Number = 0
03-13 19:40:44.929   629  1528 W libc    : Unable to set property "ctl.interface_start" to "android.frameworks.sensorservice@1.0::ISensorManager/default": error code: 0x20
03-13 19:40:44.929  1439  1517 I SystemConfig: Reading permissions from /product/etc/permissions/com.google.android.dialer.support.xml
03-13 19:40:44.930  1439  1517 I SystemConfig: Reading permissions from /product/etc/permissions/privapp-permissions-google-product.xml
03-13 19:40:44.930   925   925 D android.hardware.audio.service: [ACDB Command]->SW Minor/Major/Revision version info for /vendor/etc/acdbdata/MTP/MTP_workspaceFile.qwsp
03-13 19:40:44.930   925   925 D android.hardware.audio.service: [ACDB Command]->ACDB Sw Major = 10, ACDB Sw Minor = 0, ACDB Sw Revision = 9, ACDB Sw Cpl Number = 0
03-13 19:40:44.930   925   925 D android.hardware.audio.service: [ACDB Command]->ACDB File Major = 12, ACDB File Minor = 0, ACDB File Revision = 3
03-13 19:40:44.931   925   925 W audio.service: type=1400 audit(0.0:146): avc: denied { search } for name="snd" dev="tmpfs" ino=28018 scontext=u:r:hal_audio_default:s0 tcontext=u:object_r:unlabeled:s0 tclass=dir permissive=0
03-13 19:40:44.931  1439  1517 I SystemConfig: Reading permissions from /product/etc/permissions/com.qualcomm.qti.imscmservice-V2.0-java.xml
03-13 19:40:44.931   925   925 D android.hardware.audio.service: [ACDB Command]->SW Minor/Major/Revision version info for /vendor/etc/acdbdata/MTP/MTP_Speaker_cal.acdb
03-13 19:40:44.931   925   925 D android.hardware.audio.service: [ACDB Command]->ACDB Sw Major = 10, ACDB Sw Minor = 0, ACDB Sw Revision = 9, ACDB Sw Cpl Number = 0
03-13 19:40:44.931   925   925 D android.hardware.audio.service: [ACDB Command]->ACDB File Major = 12, ACDB File Minor = 0, ACDB File Revision = 3, ACDB File Cpl Number = 0
03-13 19:40:44.931  1439  1517 I SystemConfig: Reading permissions from /product/etc/permissions/ims_ext_common.xml
03-13 19:40:44.932   925   925 D android.hardware.audio.service: [ACDB Command]->SW Minor/Major/Revision version info for /vendor/etc/acdbdata/MTP/MTP_Codec_cal.acdb
03-13 19:40:44.932   925   925 D android.hardware.audio.service: [ACDB Command]->ACDB Sw Major = 10, ACDB Sw Minor = 0, ACDB Sw Revision = 9, ACDB Sw Cpl Number = 0
03-13 19:40:44.932   925   925 D android.hardware.audio.service: [ACDB Command]->ACDB File Major = 12, ACDB File Minor = 0, ACDB File Revision = 3, ACDB File Cpl Number = 0
03-13 19:40:44.932  1439  1517 I SystemConfig: Reading permissions from /product/etc/permissions/com.qti.snapdragon.sdk.display.xml
03-13 19:40:44.932  1439  1517 I SystemConfig: Reading permissions from /product/etc/permissions/com.qti.dpmframework.xml
03-13 19:40:44.932   925   925 D android.hardware.audio.service: [ACDB Command]->SW Minor/Major/Revision version info for /vendor/etc/acdbdata/MTP/MTP_Hdmi_cal.acdb
03-13 19:40:44.932   925   925 D android.hardware.audio.service: [ACDB Command]->ACDB Sw Major = 10, ACDB Sw Minor = 0, ACDB Sw Revision = 9, ACDB Sw Cpl Number = 0
03-13 19:40:44.932   925   925 D android.hardware.audio.service: [ACDB Command]->ACDB File Major = 12, ACDB File Minor = 0, ACDB File Revision = 3, ACDB File Cpl Number = 0
03-13 19:40:44.932  1439  1517 W SystemConfig: No directory /system_ext/etc/sysconfig, skipping
03-13 19:40:44.933   925   925 D android.hardware.audio.service: [ACDB Command]->SW Minor/Major/Revision version info for /vendor/etc/acdbdata/MTP/MTP_General_cal.acdb
03-13 19:40:44.933   925   925 D android.hardware.audio.service: [ACDB Command]->ACDB Sw Major = 10, ACDB Sw Minor = 0, ACDB Sw Revision = 9, ACDB Sw Cpl Number = 0
03-13 19:40:44.933   925   925 D android.hardware.audio.service: [ACDB Command]->ACDB File Major = 12, ACDB File Minor = 0, ACDB File Revision = 3, ACDB File Cpl Number = 0
03-13 19:40:44.933   925   925 D ACDB-LOADER: get_acdb_sw_major_version: ACDB SW Major version: 10
03-13 19:40:44.933   925   925 D ACDB-LOADER: get_instance_id_support: ACDB file instance ID support info:1
03-13 19:40:44.933   925   925 D ACDB-LOADER: acdb_loader_init_v4: snd_card_name:sm8150-tavil-snd-card, cvd_version:2.3, instance_id_supported:1
03-13 19:40:44.933   925   925 D ACDB-LOADER: ACDB -> ACPH INIT
03-13 19:40:44.933  1439  1517 I SystemConfig: Reading permissions from /system_ext/etc/permissions/telephony_system-ext_privapp-permissions-qti.xml
03-13 19:40:44.933   925   925 D android.hardware.audio.service: [ACPH]->Online service registered with ACPH
03-13 19:40:44.933     0     0 E @6 msm-dsi-display: [dsi_display_read_serial_number] Code info is 0xED
03-13 19:40:44.933     0     0 E @5 msm-dsi-display: [dsi_display_read_serial_number] Stage info is 0x10
03-13 19:40:44.933     0     0 E @5 msm-dsi-display: [dsi_display_read_serial_number] Production info is 0xD
03-13 19:40:44.933     0     0 E @5 msm-dsi-display: [dsi_display_read_serial_number] dsi_display_read_serial_number end
03-13 19:40:44.933     0     0 E @5 msm-dsi-display: [dsi_display_get_serial_number_id] dsi_display_get_serial_number_id start
03-13 19:40:44.933     0     0 E @5 msm-dsi-display: [dsi_display_get_serial_number_AT] dsi_display_get_serial_number_AT END
03-13 19:40:44.933     0     0 E @5 [TP]touchpanel: fb_notifier_callback: event = 1, blank = 0
03-13 19:40:44.933  1439  1517 I SystemConfig: Reading permissions from /system_ext/etc/permissions/com.qti.location.sdk.xml
03-13 19:40:44.934  1439  1517 I SystemConfig: Reading permissions from /system_ext/etc/permissions/com.qualcomm.location.xml
03-13 19:40:44.934   925   925 D android.hardware.audio.service: [ACPH]->ACPH init success
03-13 19:40:44.934   925   925 D ACDB-LOADER: ACDB -> RTAC INIT
03-13 19:40:44.934   925   925 D android.hardware.audio.service: [ACPH]->DSP RTC service registered with ACPH
03-13 19:40:44.934   925   925 D ACDB-LOADER: ACDB -> MCS, FTS INIT
03-13 19:40:44.934   925   925 D android.hardware.audio.service: [ACPH]->MCS RTC service registered with ACPH
03-13 19:40:44.934  1439  1517 I SystemConfig: Reading permissions from /system_ext/etc/permissions/com.dolby.daxservice.xml
03-13 19:40:44.934   925   925 D android.hardware.audio.service: [ACPH]->FTS RTC service registered with ACPH
03-13 19:40:44.934   925   925 D ACDB-LOADER: ACDB -> ADIE RTAC INIT
03-13 19:40:44.934   925   925 D android.hardware.audio.service: [ACPH]->ADIE RTC service registered with ACPH
03-13 19:40:44.934   925   925 D ACDB-LOADER: ACDB -> ACDB_CMD_GET_VOC_PROC_DYNAMIC_TABLE_SIZE
03-13 19:40:44.935  1439  1517 I SystemConfig: Reading permissions from /system_ext/etc/permissions/com.android.hotwordenrollment.common.util.xml
03-13 19:40:44.935  1439  1517 I SystemConfig: Reading permissions from /system_ext/etc/permissions/com.android.systemui.xml
03-13 19:40:44.936  1439  1517 I SystemConfig: Reading permissions from /system_ext/etc/permissions/privapp_whitelist_com.android.yadayada-ext.xml
03-13 19:40:44.936   925   925 E ion     : ioctl c0044901 failed with code -1: Inappropriate ioctl for device
03-13 19:40:44.936  1439  1517 I SystemConfig: Reading permissions from /system_ext/etc/permissions/com.qualcomm.qmapbridge.xml
03-13 19:40:44.936  1439  1517 I SystemConfig: Reading permissions from /system_ext/etc/permissions/qti_permissions.xml
03-13 19:40:44.936   928   928 E CamX    : [ERROR][SENSOR ] camximagesensormoduledata.cpp:629 Probe() vendorIDAddr:10011000,  vendorID:6, slaveAddress:a2
03-13 19:40:44.936   928   928 E CamX    : [ERROR][HWL    ] camxhwenvironment.cpp:713 ProbeImageSensorModules() Sensor not detected for deviceIndex = 0
03-13 19:40:44.936   928   928 E CamX    : [ERROR][SENSOR ] camximagesensormoduledata.cpp:629 Probe() vendorIDAddr:10000,  vendorID:3, slaveAddress:a0
03-13 19:40:44.937     0     0 I @7 CAM_INFO: CAM-SENSOR: cam_sensor_update_id_info: 688 eeprom_slave_addr:  0xa0, vendor_id_Addr: 0x00010000, vendorID: 0x03, vendor_mask: 0x0
03-13 19:40:44.937  1439  1517 I SystemConfig: Reading permissions from /system_ext/etc/permissions/qti_telephony_utils.xml
03-13 19:40:44.937  1439  1517 I SystemConfig: Reading permissions from /system_ext/etc/permissions/izat.xt.srv.xml
03-13 19:40:44.937  1439  1517 I SystemConfig: Reading permissions from /system_ext/etc/permissions/wfd-system-ext-privapp-permissions-qti.xml
03-13 19:40:44.938  1439  1517 I SystemConfig: Reading permissions from /system_ext/etc/permissions/com.qualcomm.qti.izattools.xml
03-13 19:40:44.938  1439  1517 I SystemConfig: Reading permissions from /system_ext/etc/permissions/com.nxp.nfc.xml
03-13 19:40:44.938  1439  1517 I SystemConfig: Reading permissions from /system_ext/etc/permissions/com.android.settings.xml
03-13 19:40:44.939  1439  1517 I SystemConfig: Reading permissions from /system_ext/etc/permissions/com.android.launcher3.xml
03-13 19:40:44.939  1439  1517 I SystemConfig: Reading permissions from /system_ext/etc/permissions/qti_libpermissions.xml
03-13 19:40:44.939   925   925 D ACDB-LOADER: ACDB -> send_common_custom_topology
03-13 19:40:44.939   925   925 D ACDB-LOADER: ACDB -> ACDB_CMD_GET_AVCS_CUSTOM_TOPO_INFO_SIZE_V3
03-13 19:40:44.939   925   925 D ACDB-LOADER: ACDB -> ACDB_CMD_GET_AVCS_CUSTOM_TOPO_INFO_V3
03-13 19:40:44.939   925   925 D ACDB-LOADER: ACDB -> ACDB_CMD_GET_AVCS_CUSTOM_TOPO_INFO_V3: size:0xfc4 ret=0 
03-13 19:40:44.939   925   925 D ACDB-LOADER: ACDB -> CORE_CUSTOM_TOPOLOGIES
03-13 19:40:44.940  1439  1517 I SystemConfig: Reading permissions from /system_ext/etc/permissions/privapp-permissions-google-system-ext.xml
03-13 19:40:44.940  1439  1517 I SystemConfig: Reading permissions from /system_ext/etc/permissions/com.android.emergency.xml
03-13 19:40:44.940  1439  1517 I SystemConfig: Reading permissions from /system_ext/etc/permissions/qti_telephony_hidl_wrapper.xml
03-13 19:40:44.941  1439  1517 I SystemConfig: Reading permissions from /system_ext/etc/permissions/com.android.carrierconfig.xml
03-13 19:40:44.941  1439  1517 I SystemConfig: Reading permissions from /system_ext/etc/permissions/com.android.storagemanager.xml
03-13 19:40:44.941   925   925 D ACDB-LOADER: ACDB -> acdb_loader_send_common_custom_topology: Common custom topology in use
03-13 19:40:44.941   925   925 D ACDB-LOADER: ACDB -> init done!
03-13 19:40:44.941   925   925 D audio_hw_acdb: acdb_init_v2: ACDB Instance ID support after ACDB init:1
03-13 19:40:44.941  1439  1517 I SystemConfig: Reading permissions from /system_ext/etc/permissions/privapp-permissions-com.qualcomm.location.xml
03-13 19:40:44.942   925   925 D audio_hw_acdb: check_and_set_instance_id_support: Final Instance ID support:1
03-13 19:40:44.942  1439  1517 I SystemConfig: Reading permissions from /system_ext/etc/permissions/com.nxp.nfc.nq.xml
03-13 19:40:44.942   925   925 D msm8974_platform: ACDB initialized
03-13 19:40:44.942   925   925 D msm8974_platform: hw_util_open Opening device /dev/snd/hwC0D1000
03-13 19:40:44.942   925   925 E msm8974_platform: hw_util_open: cannot open device '/dev/snd/hwC0D1000'
03-13 19:40:44.942   925   925 E msm8974_platform: audio_hwdep_send_cal error open
03-13 19:40:44.942   925   925 E keep_alive: keep alive disabled
03-13 19:40:44.942   925   925 D audio_log_utils: read_module
03-13 19:40:44.942   925   925 D audio_log_utils: read_module: calling parse module xml file
03-13 19:40:44.942   925   925 D audio_log_utils: parse_module_xml_file: parse hal log mask
03-13 19:40:44.942   925   925 D log_xml_parser: parse_log_xml: Failed to open file /data/vendor/audio/audio_dynamic_log.xml
03-13 19:40:44.942   925   925 E audio_log_utils: parse_module_xml_file: could not parse hal logmask
03-13 19:40:44.942   925   925 D audio_log_utils: parse_module_xml_file: exit
03-13 19:40:44.942  1439  1517 I SystemConfig: Reading permissions from /system_ext/etc/permissions/vendor.one.biometrics.fingerprint.inscreen.xml
03-13 19:40:44.943   925   925 W msm8974_platform: init_be_dai_name_table: sound device  has no hw interface set
03-13 19:40:44.943   925   925 D msm8974_platform: init_be_dai_name_table: sound device speaker-and-headphones does not have a valid hw interface set (disregard for combo devices) QUAT_MI2S_RX-and-SLIMBUS_6_RX
03-13 19:40:44.943   925   925 D msm8974_platform: init_be_dai_name_table: sound device speaker-safe-and-headphones does not have a valid hw interface set (disregard for combo devices) QUAT_MI2S_RX-and-SLIMBUS_6_RX
03-13 19:40:44.943   925   925 D msm8974_platform: init_be_dai_name_table: sound device speaker-and-line does not have a valid hw interface set (disregard for combo devices) QUAT_MI2S_RX-and-SLIMBUS_6_RX
03-13 19:40:44.943   925   925 D msm8974_platform: init_be_dai_name_table: sound device speaker-safe-and-line does not have a valid hw interface set (disregard for combo devices) QUAT_MI2S_RX-and-SLIMBUS_6_RX
03-13 19:40:44.943   925   925 D msm8974_platform: init_be_dai_name_table: sound device speaker-and-headphones-ext-1 does not have a valid hw interface set (disregard for combo devices) SLIMBUS_0_RX-and-SLIMBUS_6_RX
03-13 19:40:44.943   925   925 D msm8974_platform: init_be_dai_name_table: sound device speaker-and-headphones-ext-2 does not have a valid hw interface set (disregard for combo devices) SLIMBUS_0_RX-and-SLIMBUS_6_RX
03-13 19:40:44.943   925   925 D msm8974_platform: init_be_dai_name_table: sound device speaker-and-hdmi does not have a valid hw interface set (disregard for combo devices) QUAT_MI2S_RX-and-HDMI
03-13 19:40:44.943   925   925 D msm8974_platform: init_be_dai_name_table: sound device speaker-and-display-port does not have a valid hw interface set (disregard for combo devices) QUAT_MI2S_RX-and-DISPLAY_PORT
03-13 19:40:44.943   925   925 D msm8974_platform: init_be_dai_name_table: sound device speaker-and-bt-a2dp does not have a valid hw interface set (disregard for combo devices) QUAT_MI2S_RX-and-SLIMBUS_7_RX
03-13 19:40:44.943   925   925 D msm8974_platform: init_be_dai_name_table: sound device speaker-safe-and-bt-a2dp does not have a valid hw interface set (disregard for combo devices) QUAT_MI2S_RX-and-SLIMBUS_7_RX
03-13 19:40:44.943   925   925 D msm8974_platform: init_be_dai_name_table: sound device speaker-and-bt-sco does not have a valid hw interface set (disregard for combo devices) QUAT_MI2S_RX-and-SLIMBUS_7_RX
03-13 19:40:44.943   925   925 D msm8974_platform: init_be_dai_name_table: sound device speaker-safe-and-bt-sco does not have a valid hw interface set (disregard for combo devices) QUAT_MI2S_RX-and-SLIMBUS_7_RX
03-13 19:40:44.943   925   925 D msm8974_platform: init_be_dai_name_table: sound device speaker-and-bt-sco-wb does not have a valid hw interface set (disregard for combo devices) QUAT_MI2S_RX-and-SLIMBUS_7_RX
03-13 19:40:44.943   925   925 D msm8974_platform: init_be_dai_name_table: sound device speaker-safe-and-bt-sco-wb does not have a valid hw interface set (disregard for combo devices) QUAT_MI2S_RX-and-SLIMBUS_7_RX
03-13 19:40:44.943   925   925 D msm8974_platform: init_be_dai_name_table: sound device speaker-and-bt-sco-swb does not have a valid hw interface set (disregard for combo devices) QUAT_MI2S_RX-and-SLIMBUS_7_RX
03-13 19:40:44.943   925   925 D msm8974_platform: init_be_dai_name_table: sound device speaker-safe-and-bt-sco-swb does not have a valid hw interface set (disregard for combo devices) QUAT_MI2S_RX-and-SLIMBUS_7_RX
03-13 19:40:44.943   925   925 W msm8974_platform: init_be_dai_name_table: sound device wsa-speaker-and-bt-sco has no hw interface set
03-13 19:40:44.943   925   925 W msm8974_platform: init_be_dai_name_table: sound device wsa-speaker-and-bt-sco-wb has no hw interface set
03-13 19:40:44.943   925   925 W msm8974_platform: init_be_dai_name_table: sound device wsa-speaker-and-bt-sco-wb has no hw interface set
