03-13 22:30:34.928   940   940 I HidlServiceManagement: Removing namespace from process name android.hardware.health@2.1-service to health@2.1-service.
03-13 22:30:34.928   940   940 I android.hardware.health@2.1-service: default: Hal init done
03-13 22:30:34.931   627   627 I servicemanager: getDeviceHalManifest: Successfully processed VINTF information
03-13 22:30:34.931   627   627 I servicemanager: getFrameworkHalManifest: Reading VINTF information.
03-13 22:30:34.931   627   627 I servicemanager: getFrameworkHalManifest: Successfully processed VINTF information
03-13 22:30:34.931   627   627 I servicemanager: Found android.hardware.light.ILights/default in device VINTF manifest.
03-13 22:30:34.932   946   946 I thermal_hal: Thermal HAL Service 2.0 starting...
03-13 22:30:34.937   938   938 I android.hardware.gnss@2.0-service-qti: main
03-13 22:30:34.937   932   932 I HidlServiceManagement: Registered android.hardware.cas@1.2::IMediaCasService/default (start delay of 78ms)
03-13 22:30:34.937   932   932 I HidlServiceManagement: Removing namespace from process name android.hardware.cas@1.2-service to cas@1.2-service.
03-13 22:30:34.943   946   946 E android.hardware.thermal@2.0-service.qti: Error opening file: /sys/class/thermal/thermal_zone1/trip_point_1_temp
03-13 22:30:34.943   946   946 E android.hardware.thermal@2.0-service.qti: Error opening file: /sys/class/thermal/thermal_zone2/trip_point_1_temp
03-13 22:30:34.943   946   946 E android.hardware.thermal@2.0-service.qti: Error opening file: /sys/class/thermal/thermal_zone3/trip_point_1_temp
03-13 22:30:34.943   946   946 E android.hardware.thermal@2.0-service.qti: Error opening file: /sys/class/thermal/thermal_zone4/trip_point_1_temp
03-13 22:30:34.943   946   946 E android.hardware.thermal@2.0-service.qti: Error opening file: /sys/class/thermal/thermal_zone7/trip_point_1_temp
03-13 22:30:34.943   946   946 E android.hardware.thermal@2.0-service.qti: Error opening file: /sys/class/thermal/thermal_zone8/trip_point_1_temp
03-13 22:30:34.943   946   946 E android.hardware.thermal@2.0-service.qti: Error opening file: /sys/class/thermal/thermal_zone9/trip_point_1_temp
03-13 22:30:34.943   946   946 E android.hardware.thermal@2.0-service.qti: Error opening file: /sys/class/thermal/thermal_zone10/trip_point_1_temp
03-13 22:30:34.943   946   946 E android.hardware.thermal@2.0-service.qti: Error opening file: /sys/class/thermal/thermal_zone15/trip_point_1_temp
03-13 22:30:34.943   946   946 E android.hardware.thermal@2.0-service.qti: Error opening file: /sys/class/thermal/thermal_zone27/trip_point_1_temp
03-13 22:30:34.946     0     0 W @5 healthd: battery l=79 v=4153 t=29.3 h=2 st=2 c=-140000 fc=3540000 cc=2 chg=u
03-13 22:30:34.947   946   946 E android.hardware.thermal@2.0-service.qti: Error opening file: /sys/class/thermal/thermal_zone67/trip_point_1_temp
03-13 22:30:34.947   946   946 E android.hardware.thermal@2.0-service.qti: Policy error:step_wise sensor:ibat
03-13 22:30:34.947   946   946 E android.hardware.thermal@2.0-service.qti: negative temperature ramp for sensor:vbat
03-13 22:30:34.948   930   930 I HidlServiceManagement: Registered android.hardware.bluetooth@1.0::IBluetoothHci/default (start delay of 90ms)
03-13 22:30:34.948   930   930 I HidlServiceManagement: Removing namespace from process name android.hardware.bluetooth@1.0-service-qti to bluetooth@1.0-service-qti.
03-13 22:30:34.949   930   930 I android.hardware.bluetooth@1.0-service-qti: Registration complete for android.hardware.bluetooth@1.0::IBluetoothHci/default.
03-13 22:30:34.949   930   930 I android.hardware.bluetooth@1.0-service: Registering ANT Service
03-13 22:30:34.950   949   949 I HidlServiceManagement: Registered android.hardware.usb@1.0::IUsb/default (start delay of 41ms)
03-13 22:30:34.950   949   949 I HidlServiceManagement: Removing namespace from process name android.hardware.usb@1.0-service to usb@1.0-service.
03-13 22:30:34.950   949   949 I android.hardware.usb@1.0-service: USB HAL Ready.
03-13 22:30:34.950   860   860 I ServiceManager: Waiting for service 'statscompanion' on '/dev/binder'...
03-13 22:30:34.951   936   936 I HidlServiceManagement: Registered android.hardware.drm@1.3::IDrmFactory/clearkey (start delay of 82ms)
03-13 22:30:34.951   936   936 I HidlServiceManagement: Removing namespace from process name android.hardware.drm@1.3-service.clearkey to drm@1.3-service.clearkey.
03-13 22:30:34.953   936   936 I HidlServiceManagement: Registered android.hardware.drm@1.3::ICryptoFactory/clearkey (start delay of 84ms)
03-13 22:30:34.953   936   936 I HidlServiceManagement: Removing namespace from process name android.hardware.drm@1.3-service.clearkey to drm@1.3-service.clearkey.
03-13 22:30:34.953   931   931 I android.hardware.camera.provider@2.4-service: CameraProvider@2.4 legacy service is starting.
03-13 22:30:34.957   930   930 I HidlServiceManagement: Registered com.qualcomm.qti.ant@1.0::IAntHci/default (start delay of 98ms)
03-13 22:30:34.957   930   930 I android.hardware.bluetooth@1.0-service-qti: Registration complete for com.qualcomm.qti.ant@1.0::IAntHci/default.
03-13 22:30:34.958   946   946 E android.hardware.thermal@2.0-service.qti: negative temperature ramp for sensor:soc
03-13 22:30:34.958   943   943 I android.hardware.neuralnetworks@1.2-service: nnhal main 1.2-09
03-13 22:30:34.960   946   946 E android.hardware.thermal@2.0-service.qti: Policy error:step_wise sensor:battery
03-13 22:30:34.965   951   951 D android.hardware.vibrator@1.0-service: Vibrator using LED trigger
03-13 22:30:34.967   930   930 E vendor.qti.hardware.bluetooth_sar@1.0-BluetoothSar: HIDL_FETCH_IBluetoothSar
03-13 22:30:34.969   946   946 I HidlServiceManagement: Registered android.hardware.thermal@2.0::IThermal/default (start delay of 71ms)
03-13 22:30:34.969   946   946 I HidlServiceManagement: Removing namespace from process name android.hardware.thermal@2.0-service.qti to thermal@2.0-service.qti.
03-13 22:30:34.969   946   946 I thermal_hal: Thermal HAL Service 2.0 started successfully.
03-13 22:30:34.970   942   942 I HidlServiceManagement: Registered android.hardware.memtrack@1.0::IMemtrack/default (start delay of 92ms)
03-13 22:30:34.970   942   942 I HidlServiceManagement: Removing namespace from process name android.hardware.memtrack@1.0-service to memtrack@1.0-service.
03-13 22:30:34.970   942   942 I LegacySupport: Registration complete for android.hardware.memtrack@1.0::IMemtrack/default.
03-13 22:30:34.971   944   944 W android.hardwar: type=1400 audit(0.0:15): avc: denied { read } for name="u:object_r:default_prop:s0" dev="tmpfs" ino=16588 scontext=u:r:hal_nfc_default:s0 tcontext=u:object_r:default_prop:s0 tclass=file permissive=0
03-13 22:30:34.971   943   943 E android.hardware.neuralnetworks@1.2-service: cannot load function CreateAccelerator
03-13 22:30:34.971   951   951 I HidlServiceManagement: Registered android.hardware.vibrator@1.0::IVibrator/default (start delay of 63ms)
03-13 22:30:34.971   951   951 I HidlServiceManagement: Removing namespace from process name android.hardware.vibrator@1.0-service to vibrator@1.0-service.
03-13 22:30:34.971   951   951 I android.hardware.vibrator@1.0-service: Registration complete for android.hardware.vibrator@1.0::IVibrator/default.
03-13 22:30:34.972   930   930 I HidlServiceManagement: Registered vendor.qti.hardware.bluetooth_sar@1.0::IBluetoothSar/default (start delay of 114ms)
03-13 22:30:34.972   930   930 I android.hardware.bluetooth@1.0-service-qti: Registration complete for vendor.qti.hardware.bluetooth_sar@1.0::IBluetoothSar/default.
03-13 22:30:34.972   930   930 I android.hardware.bluetooth@1.0-service: Registering BT Config store Service
03-13 22:30:34.979   938   938 I HidlServiceManagement: Registered android.hardware.gnss@2.0::IGnss/default (start delay of 110ms)
03-13 22:30:34.979   938   938 I HidlServiceManagement: Removing namespace from process name android.hardware.gnss@2.0-service-qti to gnss@2.0-service-qti.
03-13 22:30:34.979   938   938 I android.hardware.gnss@2.0-service-qti: Registration complete for android.hardware.gnss@2.0::IGnss/default.
03-13 22:30:34.980   944   944 D nxpnfc@1.2-service: Registering NFC HALIMPL Service v1.2...
03-13 22:30:34.980   957   957 W OPCameraHIDL: Start
03-13 22:30:34.981   959   959 I HidlServiceManagement: Registered vendor.oneplus.hardware.display@1.0::IOneplusDisplay/default (start delay of 43ms)
03-13 22:30:34.981   959   959 I HidlServiceManagement: Removing namespace from process name vendor.oneplus.hardware.display@1.0-service to display@1.0-service.
03-13 22:30:34.983   944   944 D JcDnld_DWP: checkIfEseClientUpdateReqd enter:  
03-13 22:30:34.983   944   944 E libc    : Access denied finding property "persist.nfc.config_file_name"
03-13 22:30:34.983   944   944 D android.hardware.nfc@1.2-service: nxp config referred : libnfc-nxp.conf
03-13 22:30:34.983   944   944 D android.hardware.nfc@1.2-service: nxp config file : /vendor/etc/libnfc-nxp.conf
03-13 22:30:34.983   945   945 I QTI PowerHAL: Initing
03-13 22:30:34.983   945   945 I android.hardware.power-service: Instance android.hardware.power.IPower/default
03-13 22:30:34.984   930   930 I HidlServiceManagement: Registered vendor.qti.hardware.btconfigstore@1.0::IBTConfigStore/default (start delay of 126ms)
03-13 22:30:34.984   930   930 I android.hardware.bluetooth@1.0-service-qti: Registration complete for vendor.qti.hardware.btconfigstore@1.0::IBTConfigStore/default.
03-13 22:30:34.984   937   937 I HidlServiceManagement: Registered android.hardware.drm@1.3::IDrmFactory/widevine (start delay of 116ms)
03-13 22:30:34.984   938   965 I LocSvc_BatteryListener: Get health service in 0 tries
03-13 22:30:34.985   937   937 I HidlServiceManagement: Removing namespace from process name android.hardware.drm@1.3-service.widevine to drm@1.3-service.widevine.
03-13 22:30:34.985   944   944 D android.hardware.nfc@1.2-service: readNxpTransitConfig-Enter..Reading /data/vendor/nfc/libnfc-nxpTransit.conf
03-13 22:30:34.985   964   964 D vendor.oneplus.hardware.hdcpkey@1.0-service: vendor.oneplus,hardware.hdcpkey@1.0-service starting...
03-13 22:30:34.985   944   944 E android.hardware.nfc@1.2-service: readConfig Cannot open config file /data/vendor/nfc/libnfc-nxpTransit.conf
03-13 22:30:34.985   944   944 D android.hardware.nfc@1.2-service: readNxpRFConfig-Enter..Reading /system/vendor/libnfc-nxp_RF.conf
03-13 22:30:34.985   944   944 E android.hardware.nfc@1.2-service: readConfig Cannot open config file /system/vendor/libnfc-nxp_RF.conf
03-13 22:30:34.985   944   944 D NxpExtns: find found NXP_ESE_JCOP_DEFAULT_INTERFACE=(0x0)
03-13 22:30:34.985   944   944 D NxpExtns: find found NXP_ESE_JCOP_DEFAULT_INTERFACE=(0x0)
03-13 22:30:34.985   944   944 D JcDnld_DWP: checkIfEseClientUpdateReqd LS and JCOP download not required 
03-13 22:30:34.986   627   627 I servicemanager: Found android.hardware.power.IPower/default in device VINTF manifest.
03-13 22:30:34.986   945   945 I android.hardware.power-service: Status 0
03-13 22:30:34.990   957   957 I HidlServiceManagement: Registered vendor.oneplus.camera.CameraHIDL@1.0::IOnePlusCameraProvider/default (start delay of 51ms)
03-13 22:30:34.990   957   957 I HidlServiceManagement: Removing namespace from process name vendor.oneplus.camera.CameraHIDL@1.0-service to CameraHIDL@1.0-service.
03-13 22:30:34.990   937   937 I HidlServiceManagement: Registered android.hardware.drm@1.3::ICryptoFactory/widevine (start delay of 122ms)
03-13 22:30:34.990   937   937 I HidlServiceManagement: Removing namespace from process name android.hardware.drm@1.3-service.widevine to drm@1.3-service.widevine.
03-13 22:30:34.990   944   944 I HidlServiceManagement: Registered android.hardware.nfc@1.2::INfc/default (start delay of 102ms)
03-13 22:30:34.991   944   944 I HidlServiceManagement: Removing namespace from process name android.hardware.nfc@1.2-service to nfc@1.2-service.
03-13 22:30:34.991   944   944 D nxpnfc@1.2-service: Registering NFC HALIOCTL Service v1.0...
03-13 22:30:34.991   964   964 I HidlServiceManagement: Registered vendor.oneplus.hardware.hdcpkey@1.0::IOneplusHdcpKey/default (start delay of 33ms)
03-13 22:30:34.991   964   964 I HidlServiceManagement: Removing namespace from process name vendor.oneplus.hardware.hdcpkey@1.0-service to hdcpkey@1.0-service.
03-13 22:30:34.991   957   957 I HidlServiceManagement: Registered vendor.oneplus.camera.CameraMDMHIDL@1.0::IOnePlusCameraMDM/default (start delay of 53ms)
03-13 22:30:34.991   957   957 W OPCameraHIDL: Ready
03-13 22:30:34.991   944   944 I HidlServiceManagement: Registered vendor.nxp.nxpnfc@1.0::INxpNfc/default (start delay of 103ms)
03-13 22:30:34.992   944   944 E nxpnfc@1.2-service: Before calling JCOP JCOS_doDownload
03-13 22:30:34.992   944   944 D JcDnld_DWP: doEseUpdateIfReqd enter:  
03-13 22:30:34.992   944   944 D JcDnld_DWP: eSeClientUpdateHandler Enter
03-13 22:30:34.992   944   944 D JcDnld_DWP: eSeClientUpdateHandler Exit 
03-13 22:30:34.992   944   944 E nxpnfc@1.2-service: After calling JCOS_doDownload
03-13 22:30:34.992   944   944 D nxpnfc@1.2-service: NFC HAL Service is ready
03-13 22:30:34.996   966   966 I vendor.oneplus.hardware.param@1.0-service: Start param service V1.19
03-13 22:30:34.996   966   966 D OPParam : OneplusParam: EC flag = 1
03-13 22:30:34.997   966   972 D OPParam : Start run init thread
03-13 22:30:34.997     0     0 I         : @5 get_param_by_index_and_offset[79]  sid_index = 308 offset = 0 buf = 00000000ef339cdd length = 1024
03-13 22:30:34.997     0     0 I         : @5 get_param_by_index_and_offset[79]  sid_index = 309 offset = 0 buf = 00000000ef339cdd length = 1024
03-13 22:30:34.997     0     0 I         : @5 get_param_by_index_and_offset[79]  sid_index = 310 offset = 0 buf = 00000000ef339cdd length = 1024
03-13 22:30:34.997     0     0 I         : @5 get_param_by_index_and_offset[79]  sid_index = 311 offset = 0 buf = 00000000ef339cdd length = 1024
03-13 22:30:34.997     0     0 I         : @5 get_param_by_index_and_offset[79]  sid_index = 820 offset = 0 buf = 00000000ef339cdd length = 1024
03-13 22:30:34.997     0     0 I         : @5 get_param_by_index_and_offset[79]  sid_index = 821 offset = 0 buf = 00000000ef339cdd length = 1024
03-13 22:30:34.997     0     0 I         : @5 get_param_by_index_and_offset[79]  sid_index = 822 offset = 0 buf = 00000000ef339cdd length = 1024
03-13 22:30:34.997     0     0 I         : @5 get_param_by_index_and_offset[79]  sid_index = 823 offset = 0 buf = 00000000ef339cdd length = 1024
03-13 22:30:34.997   966   972 D OPParamENC: Start checking if 308 is encrypted
03-13 22:30:34.997   966   972 D OPParamENC: Start checking primary region of 308
03-13 22:30:34.997   966   972 D OPParamENC: Buffer is enc
03-13 22:30:34.998   966   972 D OPParamENC: Start checking backup region of 308
03-13 22:30:34.998   966   972 D OPParamENC: Buffer is enc
03-13 22:30:34.998   966   972 D OPParamENC: Verify SID 308 success
03-13 22:30:34.998     0     0 I         : @5 get_param_by_index_and_offset[79]  sid_index = 308 offset = 0 buf = 00000000ef339cdd length = 1024
03-13 22:30:34.998     0     0 I         : @5 get_param_by_index_and_offset[79]  sid_index = 309 offset = 0 buf = 00000000ef339cdd length = 1024
03-13 22:30:34.998     0     0 I         : @5 get_param_by_index_and_offset[79]  sid_index = 310 offset = 0 buf = 00000000ef339cdd length = 1024
03-13 22:30:34.998     0     0 I         : @5 get_param_by_index_and_offset[79]  sid_index = 311 offset = 0 buf = 00000000ef339cdd length = 1024
03-13 22:30:34.998   966   972 D OPParamENC: No need to init 32
03-13 22:30:34.998   966   972 D OPParamENC: Get PROP_SLOT success
03-13 22:30:34.998   966   972 D OPParamENC: Get 34 or 36 buffer success
03-13 22:30:34.998   966   972 D OPParamENC: Start migrating buf 34
03-13 22:30:34.998     0     0 I         : @5 get_param_by_index_and_offset[79]  sid_index = 312 offset = 0 buf = 00000000ef339cdd length = 1024
03-13 22:30:34.998     0     0 I         : @5 get_param_by_index_and_offset[79]  sid_index = 313 offset = 0 buf = 00000000ef339cdd length = 1024
03-13 22:30:34.998     0     0 I         : @5 get_param_by_index_and_offset[79]  sid_index = 314 offset = 0 buf = 00000000ef339cdd length = 1024
03-13 22:30:34.998     0     0 I         : @5 get_param_by_index_and_offset[79]  sid_index = 315 offset = 0 buf = 00000000ef339cdd length = 1024
03-13 22:30:34.998     0     0 I         : @5 get_param_by_index_and_offset[79]  sid_index = 824 offset = 0 buf = 00000000ef339cdd length = 1024
03-13 22:30:34.998     0     0 I         : @5 get_param_by_index_and_offset[79]  sid_index = 825 offset = 0 buf = 00000000ef339cdd length = 1024
03-13 22:30:34.998   966   972 D OPParamENC: Start checking if 312 is encrypted
03-13 22:30:34.998     0     0 I         : @5 get_param_by_index_and_offset[79]  sid_index = 826 offset = 0 buf = 00000000ef339cdd length = 1024
03-13 22:30:34.998     0     0 I         : @5 get_param_by_index_and_offset[79]  sid_index = 827 offset = 0 buf = 00000000ef339cdd length = 1024
03-13 22:30:34.998   966   972 D OPParamENC: Start checking primary region of 312
03-13 22:30:34.998   966   972 D OPParamENC: Buffer is enc
03-13 22:30:34.998   966   972 D OPParamENC: Start checking backup region of 312
03-13 22:30:34.998   966   972 D OPParamENC: Buffer is enc
03-13 22:30:34.998   966   972 D OPParamENC: Verify SID 312 success
03-13 22:30:34.998     0     0 I         : @5 get_param_by_index_and_offset[79]  sid_index = 312 offset = 0 buf = 00000000ef339cdd length = 1024
03-13 22:30:34.998     0     0 I         : @5 get_param_by_index_and_offset[79]  sid_index = 313 offset = 0 buf = 00000000ef339cdd length = 1024
03-13 22:30:34.998     0     0 I         : @5 get_param_by_index_and_offset[79]  sid_index = 314 offset = 0 buf = 00000000ef339cdd length = 1024
03-13 22:30:34.998     0     0 I         : @5 get_param_by_index_and_offset[79]  sid_index = 315 offset = 0 buf = 00000000ef339cdd length = 1024
03-13 22:30:34.998   966   972 D OPParamENC: md5 = 4CF84927F9D0817E54F374523B1CEEC0
03-13 22:30:34.998   966   972 D OPParamENC: UpdateCount = 3524
03-13 22:30:34.998     0     0 I         : @5 set_param_by_index_and_offset[104]sid_index = 312 offset = 0 buf = 00000000ef339cdd length = 1024
03-13 22:30:34.998     0     0 E         : @5 open file /dev/block/bootdevice/by-name/param failed.(-13)
03-13 22:30:34.998     0     0 I         : @5 Error write param partition.(-13)
03-13 22:30:34.998     0     0 E         : @5 set_param_by_index_and_offset failure -13
03-13 22:30:34.998     0     0 I         : @5 set_param_by_index_and_offset[104]sid_index = 824 offset = 0 buf = 00000000ef339cdd length = 1024
03-13 22:30:34.998     0     0 E         : @5 open file /dev/block/bootdevice/by-name/param failed.(-13)
03-13 22:30:34.998     0     0 I         : @5 Error write param partition.(-13)
03-13 22:30:34.998     0     0 E         : @5 set_param_by_index_and_offset failure -13
03-13 22:30:34.998   966   972 D OPParamENC: Get 35 or 37 buffer success
03-13 22:30:34.998   966   972 D OPParamENC: Start migrating buf 35
03-13 22:30:34.998     0     0 I         : @5 get_param_by_index_and_offset[79]  sid_index = 312 offset = 0 buf = 00000000ef339cdd length = 1024
03-13 22:30:34.998     0     0 I         : @5 get_param_by_index_and_offset[79]  sid_index = 313 offset = 0 buf = 00000000ef339cdd length = 1024
03-13 22:30:34.998     0     0 I         : @5 get_param_by_index_and_offset[79]  sid_index = 314 offset = 0 buf = 00000000ef339cdd length = 1024
03-13 22:30:34.998     0     0 I         : @5 get_param_by_index_and_offset[79]  sid_index = 315 offset = 0 buf = 00000000ef339cdd length = 1024
03-13 22:30:34.998     0     0 I         : @5 get_param_by_index_and_offset[79]  sid_index = 824 offset = 0 buf = 00000000ef339cdd length = 1024
03-13 22:30:34.998     0     0 I         : @5 get_param_by_index_and_offset[79]  sid_index = 825 offset = 0 buf = 00000000ef339cdd length = 1024
03-13 22:30:34.998   966   972 D OPParamENC: Start checking if 312 is encrypted
03-13 22:30:34.998     0     0 I         : @5 get_param_by_index_and_offset[79]  sid_index = 826 offset = 0 buf = 00000000ef339cdd length = 1024
03-13 22:30:34.998     0     0 I         : @5 get_param_by_index_and_offset[79]  sid_index = 827 offset = 0 buf = 00000000ef339cdd length = 1024
03-13 22:30:34.998   966   972 D OPParamENC: Start checking primary region of 312
03-13 22:30:34.998   966   972 D OPParamENC: Buffer is enc
03-13 22:30:34.998   966   972 D OPParamENC: Start checking backup region of 312
03-13 22:30:34.998   966   972 D OPParamENC: Buffer is enc
03-13 22:30:34.998   966   972 E OPParamENC: Encrypted Data Block incorrect
03-13 22:30:34.998   966   972 E OPParamENC: Calculate: B1BBAF46D2B2C5A682515BC63EC6FAD3
03-13 22:30:34.998   966   972 E OPParamENC: Store: 4CF84927F9D0817E54F374523B1CEEC0
03-13 22:30:34.998   966   972 E OPParamENC: Encrypted Data Block incorrect
03-13 22:30:34.998   966   972 E OPParamENC: Calculate: B1BBAF46D2B2C5A682515BC63EC6FAD3
03-13 22:30:34.998   966   972 E OPParamENC: Store: 4CF84927F9D0817E54F374523B1CEEC0
03-13 22:30:34.998   966   972 E OPParamENC: Encrypted block 312 checksum or restore failed (-2)
03-13 22:30:34.998   966   972 E OPParamENC: Encrypted block 312 verify and restore failed
03-13 22:30:34.998   966   972 D OPParamENC: Failed to set buf item 35
03-13 22:30:34.998   966   972 D OPParamENC: Failed to migrate mobid.
03-13 22:30:34.998   966   972 D OPParamENC: Failed to migrate cve 
03-13 22:30:34.998   966   972 D OPParam : End run init thread
03-13 22:30:35.006   938   938 I LocSvc_HIDL_vendor.qti.gnss@3.0-service: main
03-13 22:30:35.006     0     0 I         : @5 get_param_by_index_and_offset[79]  sid_index = 13 offset = 36 buf = 00000000dfd6a11d length = 4
03-13 22:30:35.007   962   962 D vendor.oneplus.hardware.drmkey@1.0-service: vendor.oneplus,hardware.drmkey@1.0-service starting...
03-13 22:30:35.008   939   939 I SDM     : HWCSession::Register: Set uevent listener = 0x71b60146b0
03-13 22:30:35.008   939   939 I SDM     : HWCSession::Init: builtin_powermode_override: 0
03-13 22:30:35.009   966   966 I HidlServiceManagement: Registered vendor.oneplus.hardware.param@1.0::IOneplusParam/default (start delay of 40ms)
03-13 22:30:35.009   966   966 I HidlServiceManagement: Removing namespace from process name vendor.oneplus.hardware.param@1.0-service to param@1.0-service.
03-13 22:30:35.009   928   928 I HidlServiceManagement: Registered android.hardware.audio@5.0::IDevicesFactory/default (start delay of 161ms)
03-13 22:30:35.009   928   928 I HidlServiceManagement: Removing namespace from process name android.hardware.audio.service to audio.service.
03-13 22:30:35.009   928   928 I LegacySupport: Registration complete for android.hardware.audio@5.0::IDevicesFactory/default.
03-13 22:30:35.009   628   628 I hwservicemanager: getTransport: Cannot find entry android.hardware.audio.effect@6.0::IEffectsFactory/default in either framework or device manifest.
03-13 22:30:35.010   928   928 E LegacySupport: Could not get passthrough implementation for android.hardware.audio.effect@6.0::IEffectsFactory/default.
03-13 22:30:35.010     0     0 I         : @5 get_param_by_index_and_offset[79]  sid_index = 13 offset = 40 buf = 000000004292b6b4 length = 4
03-13 22:30:35.012   953   953 I HidlServiceManagement: Registered vendor.display.color@1.3::IDisplayColor/default (start delay of 83ms)
03-13 22:30:35.012   953   953 I HidlServiceManagement: Removing namespace from process name vendor.display.color@1.0-service to color@1.0-service.
03-13 22:30:35.013   953   953 I HidlServiceManagement: Registered vendor.display.postproc@1.0::IDisplayPostproc/default (start delay of 85ms)
03-13 22:30:35.020   967   967 D vendor.qti.esepowermanager@1.1-service: loading eseservice
03-13 22:30:35.021   967   967 D QSEECOMAPI: QSEECom_get_handle sb_length = 0x400
03-13 22:30:35.021   967   967 D QSEECOMAPI: App is not loaded in QSEE
03-13 22:30:35.022   967   967 E QSEECOMAPI: Error::Cannot open the file /vendor/firmware_mnt/image/eseservice.mdt errno = 2
03-13 22:30:35.022   967   967 E QSEECOMAPI: Error::Loading image failed with ret = -1
03-13 22:30:35.022   967   967 D vendor.qti.esepowermanager@1.1-service: loading eseservice failed
03-13 22:30:35.022   967   967 D vendor.qti.esepowermanager@1.1-service: eSEPowerManager V1.1 is starting
03-13 22:30:35.023     0     0 E @5 [drm-dp]: dp_connector_detect: dp_connector_detect:op_dp_enable=0
03-13 22:30:35.024   956   956 I DolbyManagerService: onFirstRef 
03-13 22:30:35.025   962   962 I HidlServiceManagement: Registered vendor.oneplus.hardware.drmkey@1.0::IOneplusDrmKey/default (start delay of 76ms)
03-13 22:30:35.025   962   962 I HidlServiceManagement: Removing namespace from process name vendor.oneplus.hardware.drmkey@1.0-service to drmkey@1.0-service.
03-13 22:30:35.025   928   928 I HidlServiceManagement: Registered android.hardware.audio.effect@5.0::IEffectsFactory/default (start delay of 177ms)
03-13 22:30:35.025   928   928 I LegacySupport: Registration complete for android.hardware.audio.effect@5.0::IEffectsFactory/default.
03-13 22:30:35.027   939   939 I SDM     : HWInfoDRM::GetHWPlanesInfo: Adding VIG Pipe : Id 65, master_pipe_id : Id 0 block_sec_ui: 1 hw_block_mask: 0x1f
03-13 22:30:35.027   939   939 I SDM     : HWInfoDRM::GetHWPlanesInfo: Adding VIG Pipe : Id 90, master_pipe_id : Id 0 block_sec_ui: 1 hw_block_mask: 0x1f
03-13 22:30:35.027   939   939 I SDM     : HWInfoDRM::GetHWPlanesInfo: Adding VIG Pipe : Id 93, master_pipe_id : Id 0 block_sec_ui: 1 hw_block_mask: 0x1f
03-13 22:30:35.027   939   939 I SDM     : HWInfoDRM::GetHWPlanesInfo: Adding VIG Pipe : Id 96, master_pipe_id : Id 0 block_sec_ui: 1 hw_block_mask: 0x1f
03-13 22:30:35.027   939   939 I SDM     : HWInfoDRM::GetHWPlanesInfo: Adding DMA Pipe : Id 99, master_pipe_id : Id 0 block_sec_ui: 0 hw_block_mask: 0x1f
03-13 22:30:35.027   939   939 I SDM     : HWInfoDRM::GetHWPlanesInfo: Adding DMA Pipe : Id 105, master_pipe_id : Id 0 block_sec_ui: 1 hw_block_mask: 0x1f
03-13 22:30:35.027   939   939 I SDM     : HWInfoDRM::GetHWPlanesInfo: Adding DMA Pipe : Id 108, master_pipe_id : Id 0 block_sec_ui: 1 hw_block_mask: 0x1f
03-13 22:30:35.027   939   939 I SDM     : HWInfoDRM::GetHWPlanesInfo: Adding DMA Pipe : Id 111, master_pipe_id : Id 0 block_sec_ui: 1 hw_block_mask: 0x1f
03-13 22:30:35.027   939   939 I SDM     : HWInfoDRM::GetHWPlanesInfo: Adding DMA Pipe : Id 114, master_pipe_id : Id 99 block_sec_ui: 0 hw_block_mask: 0x1f
03-13 22:30:35.027   939   939 I SDM     : HWInfoDRM::GetHWPlanesInfo: Adding DMA Pipe : Id 118, master_pipe_id : Id 105 block_sec_ui: 1 hw_block_mask: 0x1f
03-13 22:30:35.027   939   939 I SDM     : HWInfoDRM::GetHWPlanesInfo: Adding DMA Pipe : Id 121, master_pipe_id : Id 108 block_sec_ui: 1 hw_block_mask: 0x1f
03-13 22:30:35.027   939   939 I SDM     : HWInfoDRM::GetHWPlanesInfo: Adding DMA Pipe : Id 124, master_pipe_id : Id 111 block_sec_ui: 1 hw_block_mask: 0x1f
03-13 22:30:35.027   939   939 I SDM     : HWInfoDRM::GetHWPlanesInfo: Adding DMA Pipe : Id 127, master_pipe_id : Id 65 block_sec_ui: 1 hw_block_mask: 0x1f
03-13 22:30:35.027   939   939 I SDM     : HWInfoDRM::GetHWPlanesInfo: Adding DMA Pipe : Id 130, master_pipe_id : Id 90 block_sec_ui: 1 hw_block_mask: 0x1f
03-13 22:30:35.027   939   939 I SDM     : HWInfoDRM::GetHWPlanesInfo: Adding DMA Pipe : Id 133, master_pipe_id : Id 93 block_sec_ui: 1 hw_block_mask: 0x1f
03-13 22:30:35.027   939   939 I SDM     : HWInfoDRM::GetHWPlanesInfo: Adding DMA Pipe : Id 136, master_pipe_id : Id 96 block_sec_ui: 1 hw_block_mask: 0x1f
03-13 22:30:35.027   975   975 I HidlServiceManagement: Registered vendor.qti.hardware.alarm@1.0::IAlarm/default (start delay of 29ms)
03-13 22:30:35.027   975   975 I HidlServiceManagement: Removing namespace from process name vendor.qti.hardware.alarm@1.0-service to alarm@1.0-service.
03-13 22:30:35.027   975   975 I vendor.qti.hardware.alarm@1.0-service: Registration complete for vendor.qti.hardware.alarm@1.0::IAlarm/default.
03-13 22:30:35.028   939   939 I SDM     : HWInfoDRM::GetHWResourceInfo: Max plane width = 4096
03-13 22:30:35.028   939   939 I SDM     : HWInfoDRM::GetHWResourceInfo: Max cursor width = 128
03-13 22:30:35.028   939   939 I SDM     : HWInfoDRM::GetHWResourceInfo: Max plane upscale = 20
03-13 22:30:35.028   939   939 I SDM     : HWInfoDRM::GetHWResourceInfo: Max plane downscale = 4
03-13 22:30:35.028   939   939 I SDM     : HWInfoDRM::GetHWResourceInfo: Has Decimation = 1
03-13 22:30:35.028   939   939 I SDM     : HWInfoDRM::GetHWResourceInfo: Max Blending Stages = 11
03-13 22:30:35.028   939   939 I SDM     : HWInfoDRM::GetHWResourceInfo: Has Source Split = 1
03-13 22:30:35.028   939   939 I SDM     : HWInfoDRM::GetHWResourceInfo: Has QSEED3 = 1
03-13 22:30:35.028   939   939 I SDM     : HWInfoDRM::GetHWResourceInfo: Has UBWC = 1
03-13 22:30:35.028   939   939 I SDM     : HWInfoDRM::GetHWResourceInfo: Has Concurrent Writeback = 1
03-13 22:30:35.028   939   939 I SDM     : HWInfoDRM::GetHWResourceInfo: Has Src Tonemap = 6
03-13 22:30:35.028   939   939 I SDM     : HWInfoDRM::GetHWResourceInfo: Max Low Bw = 12800000
03-13 22:30:35.028   939   939 I SDM     : HWInfoDRM::GetHWResourceInfo: Max High Bw = 12800000
03-13 22:30:35.028   939   939 I SDM     : HWInfoDRM::GetHWResourceInfo: Max Pipe Bw = 4500000 KBps
03-13 22:30:35.028   939   939 I SDM     : HWInfoDRM::GetHWResourceInfo: MaxSDEClock = 460000000 Hz
03-13 22:30:35.028   939   939 I SDM     : HWInfoDRM::GetHWResourceInfo: Clock Fudge Factor = 1.050000
03-13 22:30:35.028   939   939 I SDM     : HWInfoDRM::GetHWResourceInfo: Prefill factors:
03-13 22:30:35.028   939   939 I SDM     : HWInfoDRM::GetHWResourceInfo: 	Tiled_NV12 = 8
03-13 22:30:35.028   939   939 I SDM     : HWInfoDRM::GetHWResourceInfo: 	Tiled = 4
03-13 22:30:35.028   939   939 I SDM     : HWInfoDRM::GetHWResourceInfo: 	Linear = 1
03-13 22:30:35.028   939   939 I SDM     : HWInfoDRM::GetHWResourceInfo: 	Scale = 1
03-13 22:30:35.028   939   939 I SDM     : HWInfoDRM::GetHWResourceInfo: 	Fudge_factor = 2
03-13 22:30:35.028   939   939 I SDM     : HWInfoDRM::GetHWResourceInfo: 	ib_fudge_factor = 6.000000
03-13 22:30:35.030   956   956 I HidlServiceManagement: Registered vendor.dolby.hardware.dms@2.0::IDms/default (start delay of 101ms)
03-13 22:30:35.030   956   956 I HidlServiceManagement: Removing namespace from process name vendor.dolby.hardware.dms@2.0-service to dms@2.0-service.
03-13 22:30:35.030   939   939 I SDM     : HWInfoDRM::GetHWRotatorInfo: V4L2 Rotator: Count = 1, Downscale = 1, Min_downscale = 1.500000,Downscale_compression = 1, Max_line_width = 4096
03-13 22:30:35.031   939   939 I SDM     : PipeAllocDrm::Init: Smart DMA: Enabled
03-13 22:30:35.031   939   939 I SDM     : PipeAllocDrm::Init: Pipe Priority Order: Disabled
03-13 22:30:35.031   939   939 I SDM     : PipeAllocDrm::Init: Prefer multirect Disabled
03-13 22:30:35.031   939   939 I SDM     : PipeAllocDrm::Init: pipe->type = 1 Real pipe_id = 65 priority = 0 tonemap = 1
03-13 22:30:35.031   939   939 I SDM     : PipeAllocDrm::Init: pipe->type = 1 Real pipe_id = 90 priority = 1 tonemap = 1
03-13 22:30:35.031   939   939 I SDM     : PipeAllocDrm::Init: pipe->type = 1 Real pipe_id = 93 priority = 2 tonemap = 1
03-13 22:30:35.031   939   939 I SDM     : PipeAllocDrm::Init: pipe->type = 1 Real pipe_id = 96 priority = 3 tonemap = 1
03-13 22:30:35.031   939   939 I SDM     : PipeAllocDrm::Init: pipe->type = 3 Real pipe_id = 99 priority = 4 tonemap = 2
03-13 22:30:35.031   939   939 I SDM     : PipeAllocDrm::Init: pipe->type = 3 Real pipe_id = 105 priority = 5 tonemap = 2
03-13 22:30:35.031   939   939 I SDM     : PipeAllocDrm::Init: pipe->type = 3 Real pipe_id = 108 priority = 6 tonemap = 2
03-13 22:30:35.031   939   939 I SDM     : PipeAllocDrm::Init: pipe->type = 3 Real pipe_id = 111 priority = 7 tonemap = 2
03-13 22:30:35.031   939   939 I SDM     : PipeAllocDrm::Init: pipe->type = 3 Virtual pipe_id = 114 priority = 8 tonemap = 2
03-13 22:30:35.031   939   939 I SDM     : PipeAllocDrm::Init: pipe->type = 3 Virtual pipe_id = 118 priority = 9 tonemap = 2
03-13 22:30:35.031   939   939 I SDM     : PipeAllocDrm::Init: pipe->type = 3 Virtual pipe_id = 121 priority = 10 tonemap = 2
03-13 22:30:35.031   939   939 I SDM     : PipeAllocDrm::Init: pipe->type = 3 Virtual pipe_id = 124 priority = 11 tonemap = 2
03-13 22:30:35.031   939   939 I SDM     : PipeAllocDrm::Init: pipe->type = 3 Virtual pipe_id = 127 priority = 12 tonemap = 0
03-13 22:30:35.031   939   939 I SDM     : PipeAllocDrm::Init: pipe->type = 3 Virtual pipe_id = 130 priority = 13 tonemap = 0
03-13 22:30:35.031   939   939 I SDM     : PipeAllocDrm::Init: pipe->type = 3 Virtual pipe_id = 133 priority = 14 tonemap = 0
03-13 22:30:35.031   939   939 I SDM     : PipeAllocDrm::Init: pipe->type = 3 Virtual pipe_id = 136 priority = 15 tonemap = 0
03-13 22:30:35.031   956   956 I DolbyManagerSvc: Registered IDms vendor service success!
03-13 22:30:35.032   967   967 I HidlServiceManagement: Registered vendor.qti.esepowermanager@1.1::IEsePowerManager/default (start delay of 53ms)
03-13 22:30:35.032   967   967 I HidlServiceManagement: Removing namespace from process name vendor.qti.esepowermanager@1.1-service to esepowermanager@1.1-service.
03-13 22:30:35.032   967   967 I LegacySupport: Registration complete for vendor.qti.esepowermanager@1.1::IEsePowerManager/default.
03-13 22:30:35.033   939   939 I SDM     : PipeAllocDrm::Init: Registered  Total Pipes = 16 SDma/virtual_pipes = 8
03-13 22:30:35.033   939   939 I SDM     : PipeAllocDrm::Init: pipe->type=3 Real pipe_id =111
03-13 22:30:35.033   939   939 I SDM     : PipeAllocDrm::Init: pipe->type=3 Real pipe_id =108
03-13 22:30:35.033   939   939 I SDM     : PipeAllocDrm::Init: pipe->type=3 Real pipe_id =105
03-13 22:30:35.033   939   939 I SDM     : PipeAllocDrm::Init: pipe->type=3 Real pipe_id =99
03-13 22:30:35.033   939   939 I SDM     : PipeAllocDrm::Init: pipe->type=1 Real pipe_id =96
03-13 22:30:35.033   939   939 I SDM     : PipeAllocDrm::Init: pipe->type=1 Real pipe_id =93
03-13 22:30:35.033   939   939 I SDM     : PipeAllocDrm::Init: pipe->type=1 Real pipe_id =90
03-13 22:30:35.033   939   939 I SDM     : PipeAllocDrm::Init: pipe->type=1 Real pipe_id =65
03-13 22:30:35.034   939   939 I SDM     : PipeAllocDrm::Init: pipe->type=3 Virtual pipe_id =114
03-13 22:30:35.034   939   939 I SDM     : PipeAllocDrm::Init: pipe->type=3 Virtual pipe_id =118
03-13 22:30:35.034   939   939 I SDM     : PipeAllocDrm::Init: pipe->type=3 Virtual pipe_id =121
03-13 22:30:35.034   939   939 I SDM     : PipeAllocDrm::Init: pipe->type=3 Virtual pipe_id =124
03-13 22:30:35.034   939   939 I SDM     : PipeAllocDrm::Init: pipe->type=3 Virtual pipe_id =127
03-13 22:30:35.036     0     0 E @4 [drm-dp]: dp_connector_detect: dp_connector_detect:op_dp_enable=0
03-13 22:30:35.036     0     0 I chatty  : uid=0(root) logd identical 1 line
03-13 22:30:35.037     0     0 E @4 [drm-dp]: dp_connector_detect: dp_connector_detect:op_dp_enable=0
03-13 22:30:35.046   952   952 I android.hardware.wifi@1.0-service: Wifi Hal is booting up...
03-13 22:30:35.048   952   952 I HidlServiceManagement: Registered android.hardware.wifi@1.4::IWifi/default (start delay of 129ms)
03-13 22:30:35.133     0     0 W @4 QSEECOM: qseecom_load_app: App (soter64) does'nt exist, loading apps for first time
03-13 22:30:35.142  1017  1017 I irsc_util: Starting irsc tool
03-13 22:30:35.149     0     0 I @1 sysmon-qmi: ssctl_new_server: Connection established between QMI handle and slpi's SSCTL service
03-13 22:30:35.149     0     0 I         : @1 coresight-remote-etm soc:ssc_etm0: Connection established between QMI handle and 8 service
03-13 22:30:35.150     0     0 E @3 diag : In diag_send_feature_mask_update, control channel is not open, p: 1, 0000000000000000
03-13 22:30:35.150     0     0 E @3 diag : In diag_send_feature_mask_update, control channel is not open, p: 3, 0000000000000000
03-13 22:30:35.150     0     0 E @3 diag : In diag_send_feature_mask_update, control channel is not open, p: 5, 0000000000000000
03-13 22:30:35.151     0     0 E @2 diag : In diag_send_peripheral_buffering_mode, buffering flag not set for 3
03-13 22:30:35.154     0     0 E @7 dashd: dashd_main enterd
03-13 22:30:35.154     0     0 E @7 dashd: run /system/bin/dashd ENGINE START!
03-13 22:30:35.154     0     0 I @7 FASTCHG: dash_dev_write: fw_ver_count=6528
03-13 22:30:35.154     0     0 E @7 dashd: THREAD is created!
03-13 22:30:35.156     0     0 I @2 sysmon-qmi: ssctl_new_server: Connection established between QMI handle and cdsp's SSCTL service
03-13 22:30:35.156     0     0 I         : @2 coresight-remote-etm soc:turing_etm0: Connection established between QMI handle and 13 service
03-13 22:30:35.156     0     0 I @2 sysmon-qmi: ssctl_new_server: Connection established between QMI handle and adsp's SSCTL service
03-13 22:30:35.156     0     0 I         : @2 coresight-remote-etm soc:audio_etm0: Connection established between QMI handle and 5 service
03-13 22:30:35.156     0     0 E @5 diag : In diag_send_peripheral_buffering_mode, buffering flag not set for 1
03-13 22:30:35.157     0     0 E @2 diag : In diag_send_peripheral_buffering_mode, buffering flag not set for 5
03-13 22:30:35.157     0     0 E @7 dashd: THREAD running
03-13 22:30:35.157     0     0 E @7 dashd: dash read
03-13 22:30:35.158  1017  1017 I irsc_util: Num of entries:297
03-13 22:30:35.158  1017  1017 I irsc_util: Ending irsc tool
03-13 22:30:35.160     0     0 E @6 dashd: type=USB_PD, soc=79, temp=29, vbat=4154, ibat=283
03-13 22:30:35.167     0     0 W @4 QSEECOM: qseecom_load_app: App with id 3 (soter64) now loaded
03-13 22:30:35.168     0     0 I @2 sps  : BAM 0x0000000017184000 (va:0x0000000000000000) enabled: ver:0x19, number of pipes:25
03-13 22:30:35.168     0     0 I @2 sps  : BAM 0x0000000017184000 is registered.
03-13 22:30:35.174     0     0 E @7 rmt_storage: INFO:oem_remote_storage_parse_partitions: Registering oem_dycnvbk: 9, /oem/nvbk/dynamic
03-13 22:30:35.174     0     0 E @7 rmt_storage: INFO:oem_remote_storage_parse_partitions: Registering oem_stanvbk: 10, /oem/nvbk/static
03-13 22:30:35.174     0     0 E rmt_storage: INFO:check_support_using_libmdm: Modem subsystem found on target!
03-13 22:30:35.175     0     0 E @6 rmt_storage: INFO:main: Done with init now waiting for messages!
03-13 22:30:35.176     0     0 I @5 sps  : BAM 0x0000000017204000 (va:0x0000000000000000) enabled: ver:0x19, number of pipes:13
03-13 22:30:35.176     0     0 I @5 sps  : BAM 0x0000000017204000 is registered.
03-13 22:30:35.177     0     0 E slimbus sb-1: of_slim: invalid E-addr
03-13 22:30:35.177     0     0 I         : @4 wcd-slim tavil-slim-pgd: msm_cdc_dt_parse_vreg_info: cdc-buck-sido: vol=[1800000 1800000]uV, curr=[500000]uA, ond 0
03-13 22:30:35.177     0     0 I         : @4 wcd-slim tavil-slim-pgd: msm_cdc_dt_parse_vreg_info: cdc-vdd-tx-h: vol=[1800000 1800000]uV, curr=[25000]uA, ond 0
03-13 22:30:35.177     0     0 I         : @4 wcd-slim tavil-slim-pgd: msm_cdc_dt_parse_vreg_info: cdc-vdd-rx-h: vol=[1800000 1800000]uV, curr=[25000]uA, ond 0
03-13 22:30:35.177     0     0 I         : @4 wcd-slim tavil-slim-pgd: msm_cdc_dt_parse_vreg_info: cdc-vddpx-1: vol=[1800000 1800000]uV, curr=[10000]uA, ond 0
03-13 22:30:35.177     0     0 I         : @4 wcd-slim tavil-slim-pgd: msm_cdc_dt_parse_vreg_info: cdc-vdd-3v3: vol=[3300000 3300000]uV, curr=[16800]uA, ond 0
03-13 22:30:35.177     0     0 I         : @4 wcd-slim tavil-slim-pgd: wcd9xxx_slim_probe: probing for wcd type: 4, name: tavil-slim-pgd
03-13 22:30:35.184     0     0 I wcd-slim tavil-slim-pgd: msm_cdc_dt_parse_vreg_info: cdc-vdd-buck: vol=[1800000 1800000]uV, curr=[650000]uA, ond 0
03-13 22:30:35.185     0     0 E         : @7 slimbus sb-3: of_slim: invalid E-addr
03-13 22:30:35.198     0     0 I @7 servloc: init_service_locator: Service locator initialized
03-13 22:30:35.198   931   931 E CamX    : [ERROR][CSL    ] camxcslhwinternal.cpp:2963 CSLHwInternalDefaultIoctl() Ioctl failed for device /dev/v4l-subdev18 (Type:CSLHwImageSensor, FD:29, Index:1) with error reason Bad address
03-13 22:30:35.198   931   931 E CamX    : [ERROR][CSL    ] camxcslhwinternal.cpp:2963 CSLHwInternalDefaultIoctl() Ioctl failed for device /dev/v4l-subdev19 (Type:CSLHwImageSensor, FD:30, Index:2) with error reason Bad address
03-13 22:30:35.198     0     0 I servloc : service_locator_new_server: Connection established with the Service locator
03-13 22:30:35.198   931   931 E CamX    : [ERROR][CSL    ] camxcslhwinternal.cpp:2963 CSLHwInternalDefaultIoctl() Ioctl failed for device /dev/v4l-subdev20 (Type:CSLHwImageSensor, FD:31, Index:3) with error reason Bad address
03-13 22:30:35.198   931   931 E CamX    : [ERROR][CSL    ] camxcslhwinternal.cpp:2963 CSLHwInternalDefaultIoctl() Ioctl failed for device /dev/v4l-subdev21 (Type:CSLHwImageSensor, FD:32, Index:4) with error reason Bad address
03-13 22:30:35.198   931   931 E CamX    : [ERROR][CSL    ] camxcslhwinternal.cpp:2963 CSLHwInternalDefaultIoctl() Ioctl failed for device /dev/v4l-subdev22 (Type:CSLHwImageSensor, FD:33, Index:5) with error reason Bad address
03-13 22:30:35.198   931   931 E CamX    : [ERROR][CSL    ] camxcslhwinternal.cpp:2963 CSLHwInternalDefaultIoctl() Ioctl failed for device /dev/v4l-subdev23 (Type:CSLHwImageSensor, FD:34, Index:6) with error reason Bad address
03-13 22:30:35.198  1023  1050 I pd-mapper-svc: Starting servloc server
03-13 22:30:35.198  1028  1028 I sscrpcd : remote_handle_open: Successfully opened handle 0x7f for '":;./\attachguestos on domain 2
03-13 22:30:35.200  1028  1028 I sscrpcd : fastrpc_perf_init: enabled RPC traces (kernel 0, dsp 0) with frequency 1000
03-13 22:30:35.200     0     0 I @6 ADSPRPC: audio_pdr_adsprpc is uninitialzed
03-13 22:30:35.200     0     0 I @2 audio_notifer_reg_service: service PDR_ADSP is in use
03-13 22:30:35.200     0     0 I @7 service-notifier: service_notifier_new_server: Connection established between QMI handle and 74 service
03-13 22:30:35.200  1028  1028 I sscrpcd : remote_handle_open: Successfully opened handle 0xb06d0220 for adsp_default_listener on domain 2
03-13 22:30:35.200     0     0 I @7 apr_adsp_up: Q6 is Up
03-13 22:30:35.201     1     1 W /system/bin/init: type=1107 audit(0.0:16): uid=0 auid=4294967295 ses=4294967295 subj=u:r:init:s0 msg='avc: denied { set } for property=persist.camera.gyro.disable pid=587 uid=0 gid=0 scontext=u:r:vendor_init:s0 tcontext=u:object_r:default_prop:s0 tclass=property_service permissive=0'
03-13 22:30:35.201     0     0 I @7 iommu: Adding device soc:qcom,msm-audio-apr:qcom,msm-audio-ion to group 59
03-13 22:30:35.203  1028  1028 I sscrpcd : remote_handle_open: Successfully opened handle 0xb06d99f0 for adsp_default_listener on domain 2
03-13 22:30:35.203  1028  1028 I sscrpcd : remote_handle_open: Successfully opened handle 0x7 for '":;./\geteventfd on domain 2
03-13 22:30:35.204     0     0 I @7 populate_snd_card_dailinks: add smartpa dai link is successful!
03-13 22:30:35.204     0     0 W         : @7 sm8150-asoc-snd soc:qcom,msm-audio-apr:sound-tavil: msm_init_wsa_dev: Max WSA devices is 0 for this target?
03-13 22:30:35.204     0     0 E         : @7 sm8150-asoc-snd soc:qcom,msm-audio-apr:sound-tavil: ASoC: platform /soc/qcom,msm-pcm-voice not registered
03-13 22:30:35.205     0     0 I @7 populate_snd_card_dailinks: add smartpa dai link is successful!
03-13 22:30:35.205     0     0 W         : @7 sm8150-asoc-snd soc:qcom,msm-audio-apr:sound-tavil: msm_init_wsa_dev: Max WSA devices is 0 for this target?
03-13 22:30:35.205     0     0 E         : @7 sm8150-asoc-snd soc:qcom,msm-audio-apr:sound-tavil: ASoC: CODEC DAI tavil_rx2 not registered
03-13 22:30:35.205  1056  1056 E fsverity_init: Failed to find .fs-verity keyring id
03-13 22:30:35.213  1009  1009 D vendor.qti.media.c2@1.0-service: media HW codec service starting...
03-13 22:30:35.213  1013  1047 I vppservice: Successfully created user PD on domain 3 (attrs 0x0, debug_trace 0x0)
03-13 22:30:35.213  1013  1047 I vppservice: fastrpc_perf_init: enabled RPC traces (kernel 0, dsp 0) with frequency 1000
03-13 22:30:35.214     0     0 W         : @6 cam-a5 ac00000.qcom,a5: loading /vendor/firmware_mnt/image/CAMERA_ICP.elf failed with error -13
03-13 22:30:35.214  1009  1009 W vendor.qti.media.c2@1.0-service: libminijail[1009]: failed to get path of fd 5: No such file or directory
03-13 22:30:35.214  1009  1009 W vendor.qti.media.c2@1.0-service: libminijail[1009]: allowing syscall: clock_gettime
03-13 22:30:35.214  1009  1009 W vendor.qti.media.c2@1.0-service: libminijail[1009]: allowing syscall: connect
03-13 22:30:35.214  1009  1009 W vendor.qti.media.c2@1.0-service: libminijail[1009]: allowing syscall: fcntl64
03-13 22:30:35.214  1009  1009 W vendor.qti.media.c2@1.0-service: libminijail[1009]: allowing syscall: socket
03-13 22:30:35.214  1009  1009 W vendor.qti.media.c2@1.0-service: libminijail[1009]: allowing syscall: writev
03-13 22:30:35.215   587   587 W libc    : Unable to set property "persist.camera.gyro.disable" to "0": error code: 0x18
03-13 22:30:35.217  1009  1009 W vendor.qti.media.c2@1.0-service: libminijail[1009]: logging seccomp filter failures
03-13 22:30:35.217     0     0 I @6 ueventd: firmware: loading 'CAMERA_ICP.elf' for '/devices/platform/soc/ac00000.qcom,a5/firmware/CAMERA_ICP.elf'
03-13 22:30:35.217  1009  1009 I vendor.qti.media.c2@1.0-service: missing struct descriptor #Param::CoreIndex(--4004) for field values of struct #Param::CoreIndex(F-14005)
03-13 22:30:35.217  1009  1009 I QC2CompStore: initializing store (qti.c2.store) ...
03-13 22:30:35.220  1013  1068 W vppservice: vendor/qcom/proprietary/commonsys-intf/adsprpc/src/apps_std_imp.c:749: Warning: fopen returned 0x2 for file oemconfig.so. (No such file or directory)
03-13 22:30:35.221     1     1 W /system/bin/init: type=1107 audit(0.0:17): uid=0 auid=4294967295 ses=4294967295 subj=u:r:init:s0 msg='avc: denied { set } for property=ro.nfc.port pid=587 uid=0 gid=0 scontext=u:r:vendor_init:s0 tcontext=u:object_r:default_prop:s0 tclass=property_service permissive=0'
03-13 22:30:35.221     1     1 W /system/bin/init: type=1107 audit(0.0:18): uid=0 auid=4294967295 ses=4294967295 subj=u:r:init:s0 msg='avc: denied { set } for property=persist.camera.mobicat pid=587 uid=0 gid=0 scontext=u:r:vendor_init:s0 tcontext=u:object_r:default_prop:s0 tclass=property_service permissive=0'
03-13 22:30:35.221     1     1 W /system/bin/init: type=1107 audit(0.0:19): uid=0 auid=4294967295 ses=4294967295 subj=u:r:init:s0 msg='avc: denied { set } for property=persist.camera.stats.debugexif pid=587 uid=0 gid=0 scontext=u:r:vendor_init:s0 tcontext=u:object_r:default_prop:s0 tclass=property_service permissive=0'
03-13 22:30:35.227     0     0 I @5 ueventd: loading /devices/platform/soc/ac00000.qcom,a5/firmware/CAMERA_ICP.elf took 10ms
03-13 22:30:35.228  1013  1068 W vppservice: vendor/qcom/proprietary/commonsys-intf/adsprpc/src/apps_std_imp.c:749: Warning: fopen returned 0x2 for file testsig-0x9491e122.so. (No such file or directory)
03-13 22:30:35.228  1013  1068 W vppservice: vendor/qcom/proprietary/commonsys-intf/adsprpc/src/apps_std_imp.c:749: Warning: fopen returned 0x2 for file testsig.so. (No such file or directory)
03-13 22:30:35.231   587   587 W libc    : Unable to set property "ro.nfc.port" to "I2C": error code: 0x18
03-13 22:30:35.232  1013  1047 I vppservice: remote_handle64_open: Successfully opened handle 0xd0e208d0 for file:///libhcp_rpc_skel.so?hcp_rpc_skel_handle_invoke&_modver=1.0&_dom=cdsp on domain 3
03-13 22:30:35.233     0     0 I @7 subsys-restart: __subsystem_get(): Changing subsys fw_name to venus
03-13 22:30:35.234  1013  1047 E vpp-hcp : u32VppIpHcp_TuningLoad (522): pstGlobal->pvTunings is null. Returning: VPP_OK
03-13 22:30:35.234     0     0 I         : @6 subsys-pil-tz aae0000.qcom,venus: venus: loading from 0x0000000097200000 to 0x0000000097700000
03-13 22:30:35.234  1013  1047 E vpp-hcp : bVppIpHcp_IsTuningLoadComplete (666): pstGlobal->pvTunings is null. Returning: VPP_TRUE
03-13 22:30:35.234   587   587 W libc    : Unable to set property "persist.camera.mobicat" to "2": error code: 0x18
03-13 22:30:35.235   587   587 W libc    : Unable to set property "persist.camera.stats.debugexif" to "3080192": error code: 0x18
03-13 22:30:35.236  1013  1013 I HidlServiceManagement: Registered vendor.qti.hardware.vpp@1.3::IHidlVppService/vppService (start delay of 128ms)
03-13 22:30:35.237     0     0 I @2 CAM_INFO: CAM-ICP: cam_icp_mgr_hw_open: 3037 FW download done successfully
03-13 22:30:35.237     0     0 I @2 CAM_INFO: CAM-UTIL: cam_soc_util_clk_disable: 577 disable ipe_1_clk
03-13 22:30:35.237     0     0 I @2 CAM_INFO: CAM-UTIL: cam_soc_util_clk_disable: 577 disable ipe_1_clk_src
03-13 22:30:35.237     0     0 I @2 CAM_INFO: CAM-UTIL: cam_soc_util_clk_disable: 577 disable ipe_1_axi_clk
03-13 22:30:35.237     0     0 I @2 CAM_INFO: CAM-UTIL: cam_soc_util_clk_disable: 577 disable ipe_1_areg_clk
03-13 22:30:35.237     0     0 I @2 CAM_INFO: CAM-UTIL: cam_soc_util_clk_disable: 577 disable ipe_1_ahb_clk
03-13 22:30:35.237  1013  1013 I vpp-ipc_service: dynamic hal is disabled
03-13 22:30:35.237     0     0 I @2 CAM_INFO: CAM-UTIL: cam_soc_util_clk_disable: 577 disable ipe_0_clk
03-13 22:30:35.237     0     0 I @2 CAM_INFO: CAM-UTIL: cam_soc_util_clk_disable: 577 disable ipe_0_clk_src
03-13 22:30:35.237     0     0 I @2 CAM_INFO: CAM-UTIL: cam_soc_util_clk_disable: 577 disable ipe_0_axi_clk
03-13 22:30:35.237     0     0 I @2 CAM_INFO: CAM-UTIL: cam_soc_util_clk_disable: 577 disable ipe_0_areg_clk
03-13 22:30:35.237     0     0 I @2 CAM_INFO: CAM-UTIL: cam_soc_util_clk_disable: 577 disable ipe_0_ahb_clk
03-13 22:30:35.238     0     0 I @2 CAM_INFO: CAM-UTIL: cam_soc_util_clk_disable: 577 disable bps_clk
