03-13 01:37:00.413     0     0 I @6 iommu: Adding device soc:qcom,msm_fastrpc:qcom,msm_fastrpc_compute_cb7 to group 43
03-13 01:37:00.413     0     0 I @6 iommu: Adding device soc:qcom,msm_fastrpc:qcom,msm_fastrpc_compute_cb8 to group 44
03-13 01:37:00.413     0     0 I @6 iommu: Adding device soc:qcom,msm_fastrpc:qcom,msm_fastrpc_compute_cb2 to group 45
03-13 01:37:00.414     0     0 I @6 iommu: Adding device soc:qcom,msm_fastrpc:qcom,msm_fastrpc_compute_cb3 to group 46
03-13 01:37:00.414     0     0 I @6 iommu: Adding device soc:qcom,msm_fastrpc:qcom,msm_fastrpc_compute_cb9 to group 47
03-13 01:37:00.415     0     0 I @6 iommu: Adding device soc:qcom,msm_fastrpc:qcom,msm_fastrpc_compute_cb10 to group 48
03-13 01:37:00.415     0     0 I @6 iommu: Adding device soc:qcom,msm_fastrpc:qcom,msm_fastrpc_compute_cb11 to group 49
03-13 01:37:00.415     0     0 I @6 iommu: Adding device soc:qcom,msm_fastrpc:qcom,msm_fastrpc_compute_cb12 to group 50
03-13 01:37:00.416     0     0 I @6 iommu: Adding device soc:qcom,msm_fastrpc:qcom,msm_fastrpc_compute_cb13 to group 51
03-13 01:37:00.416     0     0 I @6 iommu: Adding device soc:qcom,msm_fastrpc:qcom,msm_fastrpc_compute_cb14 to group 52
03-13 01:37:00.416     0     0 I @6 iommu: Adding device soc:qcom,msm_fastrpc:qcom,msm_fastrpc_compute_cb15 to group 53
03-13 01:37:00.418     0     0 I @6 [drm : sde_dbg_init:5188] evtlog_status: enable:3, panic:1, dump:2
03-13 01:37:00.418     0     0 I         : @6 msm_drm ae00000.qcom,mdss_mdp: bound af20000.qcom,sde_rscc (ops sde_rsc_comp_ops)
03-13 01:37:00.418     0     0 I         : @6 msm_drm ae00000.qcom,mdss_mdp: bound soc:qcom,wb-display@0 (ops sde_wb_comp_ops)
03-13 01:37:00.418     0     0 I         : @6 msm_drm ae00000.qcom,mdss_mdp: bound ae90000.qcom,dp_display (ops dp_display_comp_ops)
03-13 01:37:00.418     0     0 W         : @6 msm-dsi-display soc:qcom,dsi-display-primary: soc:qcom,dsi-display-primary supply lab not found, using dummy regulator
03-13 01:37:00.418     0     0 W         : @6 msm-dsi-display soc:qcom,dsi-display-primary: soc:qcom,dsi-display-primary supply ibb not found, using dummy regulator
03-13 01:37:00.418     0     0 I @6 input: oneplus,brightness as /devices/virtual/input/input9
03-13 01:37:00.418     0     0 I @6 msm-dsi-display: [dsi_display_bind] Successfully bind display panel 'dsi_samsung_oneplus_dsc_cmd_display'
03-13 01:37:00.418     0     0 E @6 msm-dsi-display: [dsi_display_register_err_flag_irq] Failed to get err-flag-gpio
03-13 01:37:00.418     0     0 I         : @6 msm_drm ae00000.qcom,mdss_mdp: bound soc:qcom,dsi-display-primary (ops dsi_display_comp_ops)
03-13 01:37:00.418     0     0 I         : @6 msm_drm ae00000.qcom,mdss_mdp: bound soc:qcom,dsi-display-secondary (ops dsi_display_comp_ops)
03-13 01:37:00.418     0     0 I         : @6 [drm] mapped mdp address space @ffffff801c600000
03-13 01:37:00.418     0     0 E         : @6 msm_drm ae00000.qcom,mdss_mdp: failed to get memory resource: vbif_nrt_phys
03-13 01:37:00.418     0     0 I @6 [drm : _sde_kms_get_splash_data:3172] splash mem num_regions:1
03-13 01:37:00.418     0     0 I @6 [drm : _sde_kms_get_splash_data:3207] splash mem for disp:1 add:9c000000 size:2400000
03-13 01:37:00.419     0     0 I @6 [drm : sde_kms_hw_init:3340] sde hardware revision:0x50000001
03-13 01:37:00.419     0     0 I         : @6 [drm] Created domain mdp_ns [20000,fffe0000] secure=0
03-13 01:37:00.420     0     0 I @6 iommu: Adding device ae00000.qcom,mdss_mdp:qcom,smmu_sde_sec_cb to group 54
03-13 01:37:00.420     0     0 I         : @6 [drm] probing device qcom,smmu_sde_sec
03-13 01:37:00.420     0     0 I         : @6 [drm] Created domain mdp_s [20000,fffe0000] secure=1
03-13 01:37:00.422     0     0 E @6 [drm : sde_backlight_setup:151] [sde error]props.brightness = 200
03-13 01:37:00.422     0     0 E         : @6 [drm-dp] dp_parser_get_vreg: no supply entry present: ???
03-13 01:37:00.422     0     0 I chatty  : uid=0(root) logd identical 1 line
03-13 01:37:00.422     0     0 E         : @6 [drm-dp] dp_parser_get_vreg: no supply entry present: ???
03-13 01:37:00.423     0     0 E         : @6 i2c i2c-6: of_i2c: modalias failure on /soc/qcom,dp_display@0/qcom,ctrl-supply-entries
03-13 01:37:00.423     0     0 W         : @6 i2c i2c-6: Failed to create I2C device for /soc/qcom,dp_display@0/qcom,ctrl-supply-entries
03-13 01:37:00.423     0     0 E         : @6 i2c i2c-6: of_i2c: modalias failure on /soc/qcom,dp_display@0/qcom,phy-supply-entries
03-13 01:37:00.423     0     0 W         : @6 i2c i2c-6: Failed to create I2C device for /soc/qcom,dp_display@0/qcom,phy-supply-entries
03-13 01:37:00.423     0     0 E         : @6 i2c i2c-6: of_i2c: modalias failure on /soc/qcom,dp_display@0/qcom,core-supply-entries
03-13 01:37:00.423     0     0 W         : @6 i2c i2c-6: Failed to create I2C device for /soc/qcom,dp_display@0/qcom,core-supply-entries
03-13 01:37:00.425     0     0 I         : @5 [drm] Supports vblank timestamp caching Rev 2 (21.10.2013).
03-13 01:37:00.425     0     0 I         : @5 [drm] No driver support for vblank timestamp query.
03-13 01:37:00.425     0     0 I         : @5 [drm] Initialized msm_drm 1.2.0 20130625 for ae00000.qcom,mdss_mdp on minor 0
03-13 01:37:00.425     0     0 E @5 msm-dsi-panel: [dsi_panel_get_mode:4337] dsi_panel_get_mode start
03-13 01:37:00.425     0     0 I @5 msm-dsi-panel: [dsi_panel_parse_topology:3363] default topology: lm: 2 comp_enc:2 intf: 1
03-13 01:37:00.426     0     0 I @5 msm-dsi-panel: [dsi_panel_parse_partial_update_caps:3453] partial update disabled as the property is not set
03-13 01:37:00.426     0     0 E @5 msm-dsi-panel: [dsi_panel_get_mode:4337] dsi_panel_get_mode start
03-13 01:37:00.426     0     0 I @5 msm-dsi-panel: [dsi_panel_parse_topology:3363] default topology: lm: 2 comp_enc:2 intf: 1
03-13 01:37:00.426     0     0 I @5 msm-dsi-panel: [dsi_panel_parse_partial_update_caps:3453] partial update disabled as the property is not set
03-13 01:37:00.426     0     0 E @5 msm-dsi-panel: [dsi_panel_get_mode:4337] dsi_panel_get_mode start
03-13 01:37:00.426     0     0 I @5 msm-dsi-panel: [dsi_panel_parse_topology:3363] default topology: lm: 2 comp_enc:2 intf: 1
03-13 01:37:00.426     0     0 I @5 msm-dsi-panel: [dsi_panel_parse_partial_update_caps:3453] partial update disabled as the property is not set
03-13 01:37:00.426     0     0 E @5 msm-dsi-panel: [dsi_panel_get_mode:4337] dsi_panel_get_mode start
03-13 01:37:00.426     0     0 I @5 msm-dsi-panel: [dsi_panel_parse_topology:3363] default topology: lm: 2 comp_enc:2 intf: 1
03-13 01:37:00.427     0     0 I @5 msm-dsi-panel: [dsi_panel_parse_partial_update_caps:3453] partial update disabled as the property is not set
03-13 01:37:00.427     0     0 I @5 dsi-ctrl: [_dsi_ctrl_setup_isr] [DSI_0] IRQ 632 registered
03-13 01:37:00.478     0     0 I @5 sde_mdp_parse_dt_prop_len: <SDEROT_INFO> prop qcom,mdss-inline-rot-qos-lut : doesn't exist in device tree
03-13 01:37:00.478     0     0 I @5 sde_mdp_parse_dt_prop_len: <SDEROT_INFO> prop qcom,mdss-inline-rot-danger-lut : doesn't exist in device tree
03-13 01:37:00.478     0     0 I @5 sde_mdp_parse_dt_prop_len: <SDEROT_INFO> prop qcom,mdss-inline-rot-safe-lut : doesn't exist in device tree
03-13 01:37:00.479     0     0 I @5 iommu: Adding device ae00000.qcom,mdss_rotator:qcom,smmu_rot_unsec_cb to group 55
03-13 01:37:00.479     0     0 I @5 sde_smmu_probe: <SDEROT_INFO> iommu v2 domain[0] mapping and clk register successful!
03-13 01:37:00.479     0     0 I @5 iommu: Adding device ae00000.qcom,mdss_rotator:qcom,smmu_rot_sec_cb to group 56
03-13 01:37:00.479     0     0 I @5 sde_smmu_probe: <SDEROT_INFO> iommu v2 domain[1] mapping and clk register successful!
03-13 01:37:00.479     0     0 E         : @5 No change in context(0==0), skip
03-13 01:37:00.480     0     0 I @5 sde_rotator_evtlog_create_debugfs: evtlog_status: enable:1, panic:1, dump:2
03-13 01:37:00.481     0     0 I         : @5 sde_rotator ae00000.qcom,mdss_rotator: <SDEROT_INFO> SDE v4l2 rotator probe success
03-13 01:37:00.481     0     0 I @6 iommu: Adding device 171c0000.slim:qcom,iommu_slim_ctrl_cb to group 57
03-13 01:37:00.483     0     0 I @6 iommu: Adding device 17240000.slim:qcom,iommu_slim_ctrl_cb to group 58
03-13 01:37:00.484     0     0 I @6 input: gpio-keys as /devices/platform/soc/soc:gpio_keys/input/input10
03-13 01:37:00.484     0     0 I @6 stmvl53l1_late_init: Enter,rc=0
03-13 01:37:00.484     0     0 I @6 stmvl53l1_init_cci: enter
03-13 01:37:00.484     0     0 I @6 stmvl53l1_probe_cci: Enter soc:st,stmvl53l1@0 : 0xffffffff
03-13 01:37:00.484     0     0 I @6 stmvl53l1_parse_tree: pwren-gpio 26
03-13 01:37:00.485     0     0 I @6 stmvl53l1_setup: Enter
03-13 01:37:00.485     0     0 I @6 stmvl53l1_setup: Dev id 0 is @000000009e520c2a
03-13 01:37:00.485     0     0 I @6 stmvl53l1_power_up_i2c: Enter
03-13 01:37:00.485     0     0 I @6 stmvl53l1_power_up_i2c: slow power on
03-13 01:37:00.486     0     0 I @6 CAM_INFO: CAM-CCI: cam_cci_init: 184 End init ref_count 1 dev=cam-cci-driver
03-13 01:37:00.486     0     0 I @6 CAM_INFO: CAM-CCI: cam_cci_control_interface: 1880 cci init cmd,rc=0
03-13 01:37:00.486     0     0 I @6 stmvl53l1_reset_release_i2c: Enter
03-13 01:37:00.487     0     0 I @6 stmvl53l1_reset_release_i2c: End
03-13 01:37:00.487     0     0 I @6 input: STM VL53L1 proximity sensor as /devices/virtual/input/input11
03-13 01:37:00.498     0     0 E @6 stmvl53l1_setup: device name VL53L1 cut1.1
03-13 01:37:00.498     0     0 I @6 stmvl53l1_start_intr: to register_irq:71
03-13 01:37:00.499     0     0 I @6 stmvl53l1_start_intr: irq 71 now handled
03-13 01:37:00.499     0     0 E @6 stmvl53l1_setup: Misc device registration name:stmvl53l1_ranging
03-13 01:37:00.499     0     0 I @6 stmvl53l1_reset_hold_i2c: Enter
03-13 01:37:00.499     0     0 I @6 stmvl53l1_reset_hold_i2c: End
03-13 01:37:00.499     0     0 I @6 CAM_INFO: CAM-UTIL: cam_soc_util_clk_disable: 577 disable cci_1_clk
03-13 01:37:00.499     0     0 I @6 CAM_INFO: CAM-UTIL: cam_soc_util_clk_disable: 577 disable cci_1_clk_src
03-13 01:37:00.499     0     0 I @6 CAM_INFO: CAM-UTIL: cam_soc_util_clk_disable: 577 disable camnoc_axi_clk
03-13 01:37:00.499     0     0 I @6 CAM_INFO: CAM-UTIL: cam_soc_util_clk_disable: 577 disable camnoc_axi_clk_src
03-13 01:37:00.499     0     0 I @6 CAM_INFO: CAM-UTIL: cam_soc_util_clk_disable: 577 disable cpas_ahb_clk
03-13 01:37:00.499     0     0 I @6 CAM_INFO: CAM-UTIL: cam_soc_util_clk_disable: 577 disable slow_ahb_clk_src
03-13 01:37:00.499     0     0 I @6 CAM_INFO: CAM-UTIL: cam_soc_util_clk_disable: 577 disable gcc_axi_sf_clk
03-13 01:37:00.499     0     0 I @6 CAM_INFO: CAM-UTIL: cam_soc_util_clk_disable: 577 disable gcc_axi_hf_clk
03-13 01:37:00.499     0     0 I @6 CAM_INFO: CAM-UTIL: cam_soc_util_clk_disable: 577 disable gcc_ahb_clk
03-13 01:37:00.499     0     0 I @6 CAM_INFO: CAM-CCI: cam_cci_soc_release: 428 End release ref_count 0 dev=cam-cci-driver
03-13 01:37:00.499     0     0 I @6 CAM_INFO: CAM-CCI: cam_cci_control_interface: 1886 cci release cmd,rc=0
03-13 01:37:00.499     0     0 I @6 stmvl53l1_power_down_i2c: Enter
03-13 01:37:00.499     0     0 I @6 stmvl53l1_power_down_i2c: power off
03-13 01:37:00.499     0     0 I @2 stmvl53l1_intr_handler: got intr but not on (dummy or calibration)
03-13 01:37:00.499     0     0 E @6 stmvl53l1_disable_pinctrl: disable pinctrl rc=0
03-13 01:37:00.499     0     0 I @6 stmvl53l1_probe_cci: End
03-13 01:37:00.499     0     0 I @6 stmvl53l1_late_init: End 0
03-13 01:37:00.500     0     0 I         : @6 qcom,qpnp-rtc c440000.qcom,spmi:qcom,pm8150@0:qcom,pm8150_rtc: setting system clock to 1970-03-12 20:07:00 UTC (6120420)
03-13 01:37:00.500     0     0 E @6 lpm_levels: register_cluster_lpm_stats()
03-13 01:37:00.500     0     0 E @6 lpm_levels: register_cluster_lpm_stats()
03-13 01:37:00.503     0     0 I         : @6 rmnet_ipa3 started initialization
03-13 01:37:00.503     0     0 I         : @6 RNDIS_IPA module is loaded.
03-13 01:37:00.503     0     0 I         : @6 [oneplus_motor]  motor_platform_probe : call
03-13 01:37:00.503     0     0 I @6 input: motor as /devices/virtual/input/input12
03-13 01:37:00.558     0     0 I         : @6 [oneplus_motor]  oneplus_motor_free_fall_register : gpio 163 irq:531
03-13 01:37:00.558     0     0 I         : @6 [oneplus_motor]  oneplus_parameter_init : read structure,id success, id : 0
03-13 01:37:00.559     0     0 I         : @6 [oneplus_motor]  oneplus_hall_update_threshold : lowthd : 511, highthd : 511, is_mag_positive : 1
03-13 01:37:00.559     0     0 I         : @6 [oneplus_motor]  m1120_down_set_detection_mode : m1120 detection mode : INTERRUPT, irq_enabled : 0
03-13 01:37:00.560     0     0 I         : @6 [oneplus_motor]  m1120_up_set_detection_mode : m1120 detection mode : INTERRUPT, irq_enabled : 0
03-13 01:37:00.560     0     0 E         : @6 [oneplus_motor]  drv8834_set_working_mode : MOTOR_MODE_1_32 call
03-13 01:37:00.560     0     0 E         : @6 [oneplus_motor]  drv8834_set_working_mode : config change 0 0 -22 1 0
03-13 01:37:00.560     0     0 I         : @6 [oneplus_motor]  m1120_down_get_real_data : value : -328
03-13 01:37:00.561     0     0 E         : @6 [oneplus_motor]  m1120_down_get_abs_data : m1120_down get abs data filed, err : -1
03-13 01:37:00.561     0     0 I         : @6 [oneplus_motor]  oneplus_motor_reset_check : hall0 data -328  hall_down_irq_position 150
03-13 01:37:00.561     0     0 I         : @6 [oneplus_motor]  motor_platform_probe : success.
03-13 01:37:00.561     0     0 I         : @6 [oneplus_infrared]  infrared_power_control_platform_init : call
03-13 01:37:00.561     0     0 I         : @6 [oneplus_infrared]  infrared_platform_probe : call
03-13 01:37:00.561     0     0 I         : @6 [oneplus_infrared]  oneplus_parameter_init : call
03-13 01:37:00.561     0     0 E         : @6 [oneplus_infrared]  oneplus_infrared_interrupt_register : failed to get pinctrl
03-13 01:37:00.561     0     0 I         : @6 [oneplus_infrared]  infrared_platform_probe : success.
03-13 01:37:00.562     0     0 E @6 msm_bus_late_init: Remove handoff bw requests
03-13 01:37:00.563     0     0 I @6 hlos1_vote_aggre_noc_mmu_audio_tbu_gdsc: disabling
03-13 01:37:00.563     0     0 I @6 hlos1_vote_aggre_noc_mmu_tbu1_gdsc: disabling
03-13 01:37:00.563     0     0 I @6 hlos1_vote_aggre_noc_mmu_tbu2_gdsc: disabling
03-13 01:37:00.563     0     0 I @6 hlos1_vote_aggre_noc_mmu_pcie_tbu_gdsc: disabling
03-13 01:37:00.563     0     0 I @6 display_panel_avdd_eldo: disabling
03-13 01:37:00.563     0     0 I @6 actuator_triple_rear_regulator: disabling
03-13 01:37:00.563     0     0 I @6 actuator_triple_rear_aux_regulator: disabling
03-13 01:37:00.565     0     0 I @6 regulator_proxy_consumer_remove_all: removing regulator proxy consumer requests
03-13 01:37:00.565     0     0 I         : @6 ALSA device list:
03-13 01:37:00.565     0     0 I         : @6   No soundcards found.
03-13 01:37:00.565     0     0 E @6 Warning: unable to open an initial console.
03-13 01:37:00.566     0     0 I         : @6 Freeing unused kernel memory: 6144K
03-13 01:37:00.567     0     0 I @5 init : init first stage started!
03-13 01:37:00.567     0     0 I @5 init : Unable to open /lib/modules, skipping module loading.
03-13 01:37:00.567     0     0 I @5 init : [libfs_mgr]dt_fstab: Skip disabled entry for partition vendor
03-13 01:37:00.567     0     0 I @5 init : [libfs_mgr]dt_fstab: Skip disabled entry for partition odm
03-13 01:37:00.567     0     0 I @5 init : [libfs_mgr]ReadFstabFromDt(): failed to read fstab from dt
03-13 01:37:00.567     0     0 I @5 init : [libfs_mgr]dt_fstab: Skip disabled entry for partition vendor
03-13 01:37:00.567     0     0 I @5 init : [libfs_mgr]dt_fstab: Skip disabled entry for partition odm
03-13 01:37:00.567     0     0 I @5 init : Using Android DT directory /proc/device-tree/firmware/android/
03-13 01:37:00.569     0     0 I @6 SMBLIB: get_usb_temp: con_temp=(26) pre_temp=(0) filter_count(2),filter not report!
03-13 01:37:00.586     0     0 I @5 init : [libfs_mgr]superblock s_max_mnt_count:65535,/dev/block/by-name/metadata
03-13 01:37:00.588     0     0 I         : @5 EXT4-fs (sda20): mounted filesystem with ordered data mode. Opts: discard
03-13 01:37:00.588     0     0 I @5 init : [libfs_mgr]__mount(source=/dev/block/by-name/metadata,target=/metadata,type=ext4)=0: Success
03-13 01:37:00.599     0     0 I         : @7 EXT4-fs (dm-7): mounted filesystem without journal. Opts: barrier=1,discard
03-13 01:37:00.603     0     0 I         : @7 EXT4-fs (dm-9): mounted filesystem without journal. Opts: barrier=1,discard
03-13 01:37:00.604     0     0 I         : @7 EXT4-fs (dm-6): mounted filesystem without journal. Opts: barrier=1,discard
03-13 01:37:00.605     0     0 I         : @7 EXT4-fs (dm-8): mounted filesystem without journal. Opts: barrier=1,discard
03-13 01:37:00.606     0     0 I         : @7 EXT4-fs (dm-5): mounted filesystem without journal. Opts: barrier=1,discard
03-13 01:37:00.630     0     0 W @5 init : 29 output lines suppressed due to ratelimiting
03-13 01:37:00.698     0     0 I @6 init : [libfs_mgr]dt_fstab: Skip disabled entry for partition vendor
03-13 01:37:00.698     0     0 I @6 init : [libfs_mgr]dt_fstab: Skip disabled entry for partition odm
03-13 01:37:00.701     0     0 I @6 init : Loading SELinux policy
03-13 01:37:00.711     0     0 D @6 SELinux: 16384 avtab hash slots, 59756 rules.
03-13 01:37:00.719     0     0 D @6 SELinux: 16384 avtab hash slots, 59756 rules.
03-13 01:37:00.719     0     0 D @6 SELinux: 1 users, 4 roles, 2505 types, 0 bools, 1 sens, 1024 cats
03-13 01:37:00.719     0     0 D @6 SELinux: 99 classes, 59756 rules
03-13 01:37:00.721     0     0 I @6 SELinux: policy capability network_peer_controls=1
03-13 01:37:00.721     0     0 I @6 SELinux: policy capability open_perms=1
03-13 01:37:00.721     0     0 I @6 SELinux: policy capability extended_socket_class=1
03-13 01:37:00.721     0     0 I @6 SELinux: policy capability always_check_network=0
03-13 01:37:00.721     0     0 I @6 SELinux: policy capability cgroup_seclabel=0
03-13 01:37:00.721     0     0 I @6 SELinux: policy capability nnp_nosuid_transition=1
03-13 01:37:00.721     0     0 D @6 SELinux: Completing initialization.
03-13 01:37:00.721     0     0 D @6 SELinux: Setting up existing superblocks.
03-13 01:37:00.726     0     0 I @6 BQ   : bq27541_hw_config: DEVICE_BQ27411
03-13 01:37:00.726     0     0 I @6 BQ   : bq27541_hw_config: DEVICE_TYPE is 0x421, FIRMWARE_VERSION is 0x110
03-13 01:37:00.726     0     0 I @6 BQ   : bq27541_hw_config: Complete bq27541 configuration 0x238A
03-13 01:37:00.778     0     0 I @7 selinux: SELinux: Loaded policy from /odm/etc/selinux/precompiled_sepolicy
03-13 01:37:00.778     0     0 I @7 selinux:  
03-13 01:37:00.782     0     0 I @7 selinux: SELinux: Loaded file_contexts
03-13 01:37:00.782     0     0 I @7 selinux:  
03-13 01:37:00.790     0     0 I @7 init : init second stage started!
03-13 01:37:00.801     0     0 I @7 init : Using Android DT directory /proc/device-tree/firmware/android/
03-13 01:37:00.801     0     0 E @7 init : Init cannot set 'ro.boot.verifiedbootstate' to 'orange': Read-only property was already set
03-13 01:37:00.803     0     0 E @7 init : Do not have permissions to set 'telephony.lteOnCdmaDevice' to '1,1' in property file '/system/build.prop': Property type check failed, value doesn't match expected type 'int'
03-13 01:37:00.804     0     0 E @7 init : Do not have permissions to set 'persist.vendor.bt.a2dp_offload_cap' to 'sbc-aptx-aptxtws-aptxhd-aac-ldac' in property file '/vendor/build.prop': SELinux permission check failed
03-13 01:37:00.804     0     0 E @7 init : Do not have permissions to set 'ro.charger.enable_suspend' to 'true' in property file '/vendor/build.prop': SELinux permission check failed
03-13 01:37:00.804     0     0 W @7 init : Overriding previous 'ro.' property 'pm.dexopt.first-boot':'quicken' with new value 'verify'
03-13 01:37:00.804     0     0 E @7 init : Do not have permissions to set 'persist.backup.ntpServer' to '0.pool.ntp.org' in property file '/vendor/build.prop': SELinux permission check failed
03-13 01:37:00.804     0     0 E @7 init : Do not have permissions to set 'persist.demo.hdmirotationlock' to 'false' in property file '/vendor/build.prop': SELinux permission check failed
03-13 01:37:00.804     0     0 E @7 init : Do not have permissions to set 'ro.vendor.nfc.notify_tp' to '1' in property file '/vendor/build.prop': SELinux permission check failed
03-13 01:37:00.869     0     0 I @6 SMBLIB: get_usb_temp: con_temp=(26) pre_temp=(0) filter_count(3),filter not report!
03-13 01:37:00.899     0     0 I @6 ueventd: ueventd started!
03-13 01:37:00.900     0     0 I @6 selinux: SELinux: Loaded file_contexts
03-13 01:37:00.900     0     0 I @6 selinux:  
03-13 01:37:00.900     0     0 I @6 ueventd: Parsing file /system/etc/ueventd.rc...
03-13 01:37:00.902     0     0 I @6 ueventd: Parsing file /vendor/ueventd.rc...
03-13 01:37:00.903     0     0 E @6 ueventd: /vendor/ueventd.rc: 175: /sys/ lines must have 5 entries
03-13 01:37:00.903     0     0 E @6 ueventd: /vendor/ueventd.rc: 414: Invalid section keyword found
03-13 01:37:00.903     0     0 I @6 ueventd: Parsing file /odm/ueventd.rc...
03-13 01:37:00.903     0     0 I @6 ueventd: Unable to read config file '/odm/ueventd.rc': open() failed: No such file or directory
03-13 01:37:00.903     0     0 I @6 ueventd: Parsing file /ueventd.qcom.rc...
03-13 01:37:00.926     0     0 I @0 apexd: Bootstrap subcommand detected
03-13 01:37:00.955     0     0 E @7 BQ   : bq27541_battery_soc: bq27541_battery_soc = 69
03-13 01:37:00.955     0     0 I @7 SMBLIB: op_read_backup_flag: op_read_backup_flag enter
03-13 01:37:00.955     0     0 I @7 SMBLIB: op_read: op_read enter
03-13 01:37:00.955     0     0 I         : @7 pmic-spmi spmi0-00: r:88e <= 1cac3a24[spmi0-00],
03-13 01:37:00.955     0     0 I @7 SMBLIB: op_read: op_read end,temp:0x1,rc:0x0
03-13 01:37:00.955     0     0 I @7 SMBLIB: op_read_backup_flag: op_read_backup_flag end,flag:0x1,rc:0x0
03-13 01:37:00.955     0     0 I @7 SMBLIB: op_read: op_read enter
03-13 01:37:00.955     0     0 I         : @7 pmic-spmi spmi0-00: r:88d <= 1cac3a54[spmi0-00],
03-13 01:37:00.955     0     0 I @7 SMBLIB: op_read: op_read end,temp:0x8a,rc:0x0
03-13 01:37:00.955     0     0 I @7 SMBLIB: load_data: stored_soc[0x8a], shutdown_soc[69]
03-13 01:37:00.955     0     0 I @7 BQ   : fg_soc_calibrate: soc=69, soc_load=69
03-13 01:37:00.955     0     0 I         : @7 pmic-spmi spmi0-00: w:88d <= 0[spmi0-00],
03-13 01:37:00.955     0     0 I         : @7 pmic-spmi spmi0-00: r:88e <= 1cac39c4[spmi0-00],
03-13 01:37:00.955     0     0 I         : @7 pmic-spmi spmi0-00: w:88e <= 0[spmi0-00],
03-13 01:37:00.961     0     0 E @7 FG   : fg_psy_get_property: unsupported property 1
03-13 01:37:01.038     0     0 I         : @3 aw8697_ram_work_routine enter
03-13 01:37:01.038     0     0 I @3 aw8697_ram_update: aw8697->haptic_real_f0:170
03-13 01:37:01.038     0     0 I @3 aw8697_ram_update: haptic bin name  aw8697_haptic_170.bin
03-13 01:37:01.126     0     0 I @0 apexd: wait for '/dev/loop-control' took 173ms
03-13 01:37:01.135     0     0 I @0 apexd: Pre-allocated 27 loopback devices
03-13 01:37:01.135     0     0 I @0 apexd: Scanning /system/apex for preinstalled data
03-13 01:37:01.138     0     0 I @0 apexd: Scanning /system_ext/apex for preinstalled data
03-13 01:37:01.138     0     0 I @0 apexd: ... does not exist. Skipping
03-13 01:37:01.138     0     0 I @0 apexd: Scanning /vendor/apex for preinstalled data
03-13 01:37:01.138     0     0 I @0 apexd: ... does not exist. Skipping
03-13 01:37:01.138     0     0 I @0 apexd: Scanning /system/apex looking for APEX packages.
03-13 01:37:01.138     0     0 I @0 apexd: Found /system/apex/com.android.apex.cts.shim.apex
03-13 01:37:01.172     0     0 I         : @3 aw8697_ram_loaded enter
03-13 01:37:01.172     0     0 I @3 aw8697_ram_loaded: loaded aw8697_haptic_170.bin - size: 5763
03-13 01:37:01.173     0     0 I @3 aw8697_ram_loaded: check sum pass : 0x404d
03-13 01:37:01.173     0     0 I         : @3 aw8697_container_update enter
03-13 01:37:01.173     0     0 I @3 aw8697_container_update: base_addr=0x 800
03-13 01:37:01.263     0     0 I         : @2 EXT4-fs (loop0): mounted filesystem without journal. Opts: (null)
03-13 01:37:01.303     0     0 I         : @2 EXT4-fs (loop1): mounted filesystem without journal. Opts: (null)
03-13 01:37:01.344     0     0 I         : @1 EXT4-fs (loop2): mounted filesystem without journal. Opts: (null)
03-13 01:37:01.383     0     0 I         : @1 EXT4-fs (loop3): mounted filesystem without journal. Opts: (null)
03-13 01:37:01.425     0     0 I         : @1 EXT4-fs (loop4): mounted filesystem without journal. Opts: (null)
03-13 01:37:01.474     0     0 I         : @2 EXT4-fs (loop5): mounted filesystem without journal. Opts: (null)
03-13 01:37:01.478     0     0 W @0 apexd: 83 output lines suppressed due to ratelimiting
03-13 01:37:01.738     0     0 E         : @7 Trying to create more than 6 SchedTune boosting groups
03-13 01:37:01.740     0     0 F         : @7 request_module fs-binder succeeded, but still no fs?
03-13 01:37:01.740     0     0 W         : @7 ------------[ cut here ]------------
03-13 01:37:01.740     0     0 W @7 WARNING: CPU: 7 PID: 1 at /home/androiabledroid/oneos/kernel/oneplus/sm8150/fs/filesystems.c:282 get_fs_type+0x1b8/0x1c0
03-13 01:37:01.740     0     0 F         : @7 Modules linked in:
03-13 01:37:01.740     0     0 F @7 CPU  : 7 PID: 1 Comm: init Tainted: G S              4.14.117-perf #98
03-13 01:37:01.740     0     0 F         : @7 Hardware name: Qualcomm Technologies, Inc. SM8150 V2 PM8150 MTP 19801 MP 14 15 (DT)
03-13 01:37:01.740     0     0 F @7 task : 000000005c143997 task.stack: 00000000739496d4
03-13 01:37:01.740     0     0 F @7 pc   : get_fs_type+0x1b8/0x1c0
03-13 01:37:01.740     0     0 F @7 lr   : get_fs_type+0x1b4/0x1c0
03-13 01:37:01.740     0     0 F @7 sp   : ffffff800805bda0 pstate : 60400145
03-13 01:37:01.740     0     0 F @7 x29  : ffffff800805bda0 x28: ffffffe434526000
03-13 01:37:01.740     0     0 F @7 x27  : ffffff85b0402000 x26: ffffffe434526000
03-13 01:37:01.740     0     0 F @7 x25  : 0000000000000124 x24: ffffff85b173c000
03-13 01:37:01.740     0     0 F @7 x23  : ffffff85b1475368 x22: 0000000000000000
03-13 01:37:01.740     0     0 F @7 x21  : 0000000000000006 x20: 0000000000000000
03-13 01:37:01.740     0     0 F @7 x19  : ffffffe421d28800 x18: ffffff85b1437000
03-13 01:37:01.740     0     0 F @7 x17  : 0000000000000000 x16: ffffff85b1730000
03-13 01:37:01.740     0     0 F @7 x15  : 0000000000000042 x14: 0000000000000000
03-13 01:37:01.740     0     0 F @7 x13  : 0000000034155555 x12: 0000000000000000
03-13 01:37:01.740     0     0 F @7 x11  : 0000000000000000 x10: ffffffffffffffff
03-13 01:37:01.740     0     0 F @7 x9   : 65c9f8d5b3a2b000 x8 : 65c9f8d5b3a2b000
03-13 01:37:01.740     0     0 F @7 x7   : 0000000000000000 x6 : ffffff85b172fe6a
03-13 01:37:01.740     0     0 F @7 x5   : 0000000000000000 x4 : 0000000000000008
03-13 01:37:01.740     0     0 F @7 x3   : 0000000000000000 x2 : 0000000000000046
03-13 01:37:01.740     0     0 F @7 x1   : 00000000000001c0 x0 : 0000000000000045
03-13 01:37:01.740     0     0 F         : @7
03-13 01:37:01.740     0     0 F         : @7 4880  34000109 b4fffb14 b4fffaf6 394022c8 3717faa8 f9401ac0 97fb5bba 17ffffd1
03-13 01:37:01.740     0     0 F         : @7 48a0  f000d700 52800029 913f3400 2a1503e1 aa1303e2 3931e109 97fa7166 aa1f03f6
03-13 01:37:01.740     0     0 F         : @7 48c0  d4210000 17ffffc8 a9bf7bfd 910003fd aa0103e0 90000001 9123c021 aa1f03e2
03-13 01:37:01.740     0     0 F         : @7 48e0  94001dcc a8c17bfd d65f03c0 d503201f a9bc7bfd f9000bf7 910003fd a90257f6
03-13 01:37:01.740     0     0 F         : @7
03-13 01:37:01.740     0     0 F         : @7 487c  3971e109 34000109 b4fffb14 b4fffaf6 394022c8 3717faa8 f9401ac0 97fb5bba
03-13 01:37:01.740     0     0 F         : @7 489c  17ffffd1 f000d700 52800029 913f3400 2a1503e1 aa1303e2 3931e109 97fa7166
03-13 01:37:01.740     0     0 F         : @7 48bc  aa1f03f6 d4210000 17ffffc8 a9bf7bfd 910003fd aa0103e0 90000001 9123c021
03-13 01:37:01.740     0     0 F         : @7 48dc  aa1f03e2 94001dcc a8c17bfd d65f03c0 d503201f a9bc7bfd f9000bf7 910003fd
03-13 01:37:01.740     0     0 F         : @7
03-13 01:37:01.740     0     0 F         : @7 bd60  aee948c0 ffffff85 60400145 00000000 ffffffc8 ffffff80 b3a2b000 65c9f8d5
03-13 01:37:01.740     0     0 F         : @7 bd80  ffffffff 0000007f aee948bc ffffff85 0805bda0 ffffff80 aee948c0 ffffff85
03-13 01:37:01.740     0     0 F         : @7 bda0  0805be20 ffffff80 aee98638 ffffff85 21d28800 ffffffe4 21d28680 ffffffe4
03-13 01:37:01.740     0     0 F         : @7 bdc0  ce6b1000 ffffffe2 00000000 00000000 00000000 00000000 00000020 00000000
03-13 01:37:01.740     0     0 F         : @7
03-13 01:37:01.740     0     0 F         : @7 Call trace:
03-13 01:37:01.740     0     0 F         : @7  get_fs_type+0x1b8/0x1c0
03-13 01:37:01.740     0     0 F         : @7  do_mount+0x498/0xcc8
03-13 01:37:01.740     0     0 F         : @7  SyS_mount+0x94/0xd8
03-13 01:37:01.740     0     0 F         : @7  el0_svc_naked+0x34/0x38
03-13 01:37:01.740     0     0 W         : @7 ---[ end trace 7405e36c48ca8be6 ]---
03-13 01:37:01.748     0     0 I         : @7 Registered swp emulation handler
03-13 01:37:01.764     0     0 I @6 logd.auditd: start
03-13 01:37:01.771     0     0 E         : disp_rdump_region (0x000000009c000000--0x000000009e400000) overlaps with cont_splash_region (0x000000009c000000--0x000000009e400000)
03-13 01:37:01.771     0     0 E [TP]touchpanel: get_cmdlinelcd_id enter normal
03-13 01:37:01.772     0     0 I platform soc: qcom,ipa_fws: assigned reserved memory node pil_ipa_fw_region
03-13 01:37:01.773     0     0 E video_cc-sm8150 ab00000.qcom,videocc: Unable to register for bw voting
03-13 01:37:01.773     0     0 I         : accessory_chip=0, hw_plat_subtype=0, pmic_model=65566, pmic_die_revision=196608 foundry_id=1 serial_number=2492588322 num_pmics=4 chip_family=0x56 raw_device_family=0x6 raw_device_number=0x3 nproduct_id=0x404 num_clusters=0x1 ncluster_array_offset=0xb0 num_defective_parts=0xc ndefective_parts_array_offset=0xb4 nmodem_supported=0xff
03-13 01:37:01.773     0     0 W msm_bus_device 16e0000.ad-hoc-bus: Bus type is missing
03-13 01:37:01.773     0     0 E msm_bus_fab_init_noc_ops: Invalid Bus type
03-13 01:37:01.773     0     0 I chatty  : uid=0(root) logd identical 2 lines
03-13 01:37:01.773     0     0 E msm_bus_fab_init_noc_ops: Invalid Bus type
03-13 01:37:01.773     0     0 E init_project_info: project_name: 19801 hw_version: 1685352296 prj=1 rf_v1: 1275094895 rf_v2: 1231315311: rf_v3: 1701273965  paltform_id:0
03-13 01:37:01.773     0     0 I arm-smmu 2ca0000.kgsl-smmu: non-coherent table walk
03-13 01:37:01.773     0     0 I vgaarb  : loaded
03-13 01:37:01.775     0     0 I icnss   : Platform driver probed successfully
03-13 01:37:01.775     0     0 I memshare_child soc: qcom,memshare:qcom,client_2: for memshare_FTM segments only will be dumped.
03-13 01:37:01.775     0     0 I memshare_child soc: qcom,memshare:qcom,client_3: for memshare_DIAG segments only will be dumped.
03-13 01:37:01.775     0     0 E         : minidump-id not found for adsp
03-13 01:37:01.775     0     0 I subsys-pil-tz 9800000.qcom,npu: for md_npu segments only will be dumped.
03-13 01:37:01.775     0     0 E         : minidump-id not found for cdsp
03-13 01:37:01.775     0     0 I subsys-pil-tz soc: qcom,ipa_fws: for md_ipa_fws segments only will be dumped.
03-13 01:37:01.775     0     0 E         : minidump-id not found for a640_zap
03-13 01:37:01.775     0     0 I subsys-pil-tz soc: qcom,kgsl-hyp: for md_a640_zap segments only will be dumped.
03-13 01:37:01.775     0     0 I spcom   : spcom_init: spcom driver version 2.1 23-April-2018.
03-13 01:37:01.775     0     0 E         : msm_serial_oem_pinctrl_init
03-13 01:37:01.775     0     0 I msm-dsi-panel: [dsi_panel_parse_panel_mode:2002] dsi_panel_parse_panel_mode: panel operating mode switch feature disabled
03-13 01:37:01.775     0     0 E msm-dsi-panel: [dsi_panel_parse_gpios:2693] [samsung dsc cmd mode oneplus dsi panel] vddd-gpio is not set, rc=0
03-13 01:37:01.775     0     0 E msm-dsi-panel: [dsi_panel_parse_oem_config:3535] dsi_panel_parse_oem_config start
03-13 01:37:01.775     0     0 E query_client_usecase_all: query_start
03-13 01:37:01.775     0     0 I ht_monitor: ht register kgsl pwrctrl
03-13 01:37:01.775     0     0 I QSEECOM : qseecom_probe: no-clock-support=0x1
03-13 01:37:01.775     0     0 W QSEECOM : qseecom_probe: qseecom.qsee_reentrancy_support = 2
03-13 01:37:01.775     0     0 I sps     : BAM 0x0000000001dc4000 (va:0xffffff8017d00000) enabled: ver:0x27, number of pipes:16
03-13 01:37:01.775     0     0 I @7 init : wait for '/dev/block/platform/soc/1d84000.ufshc' took 0ms
03-13 01:37:01.776     0     0 I input   : qti-haptics as /devices/platform/soc/c440000.qcom,spmi/spmi-0/spmi0-03/c440000.qcom,spmi:qcom,pm8150b@3:qcom,haptics@c000/input/input4
03-13 01:37:01.776     0     0 E [TP]touchpanel: error:button-TRx should be setting in dts!
03-13 01:37:01.776     0     0 I scsi 0  : 0:0:0: Direct-Access     SAMSUNG  KLUEG8UHDB-C2D1  0400 PQ: 0 ANSI: 6
03-13 01:37:01.778     0     0 I SMB2    : smb5_parse_dt: little_cold_iterm_ma=0
03-13 01:37:01.778     0     0 I SMB2    : smb5_parse_dt: OTG_ICL:enable:1,CapThr:15,LowThr:1000000,NorThr:1500000
03-13 01:37:01.778     0     0 I usbcore : registered new interface driver usbhid
03-13 01:37:01.778     0     0 I sdhci_msm 8804000.sdhci: Failed to get dll hsr settings from dt
03-13 01:37:01.778     0     0 I @7 init : wait for '/dev/qseecom' took 0ms
03-13 01:37:01.779     0     0 I [oneplus_motor]  m1120_up_i2c_drv_probe: use client->dev.of_node
03-13 01:37:01.779     0     0 I [oneplus_motor]  m1120_up_parse_dt: irq_gpio : 120
03-13 01:37:01.779     0     0 E [TP]sec-s6sy761: sec_ts_print_frame
03-13 01:37:01.779     0     0 E [TP]sec-s6sy761: sec_ts_read_frame: type 5
03-13 01:37:01.779     0     0 I [oneplus_motor]  m1120_up_reset_device: 3
03-13 01:37:01.779     0     0 I [oneplus_motor]  m1120_up_reset_device: 4
03-13 01:37:01.779     0     0 I [oneplus_motor]  m1120_up_set_enable: 1
03-13 01:37:01.779     0     0 I [oneplus_motor]  m1120_up_set_enable: m1120_up enable : 1
03-13 01:37:01.779     0     0 I [oneplus_motor]  m1120_up_set_operation_mode: opf = ox41
03-13 01:37:01.779     0     0 I [oneplus_motor]  m1120_up_reset_device: 5
03-13 01:37:01.779     0     0 I [oneplus_motor]  m1120_up_init_device: initializing device was success!
03-13 01:37:01.779     0     0 I [oneplus_motor]  m1120_up_i2c_drv_probe: m1120_up initialized
03-13 01:37:01.779     0     0 I [oneplus_motor]  oneplus_register_dhall: name : m1120_up
03-13 01:37:01.779     0     0 I [oneplus_motor]  m1120_down_i2c_drv_probe: use client->dev.of_node
03-13 01:37:01.779     0     0 I [oneplus_motor]  m1120_down_parse_dt: irq_gpio : 121
03-13 01:37:01.779     0     0 E [TP]sec-s6sy761: sec_ts_print_frame
03-13 01:37:01.779     0     0 E [TP]sec-s6sy761: sec_ts_read_frame: type 19
03-13 01:37:01.779     0     0 I [oneplus_motor]  m1120_down_set_operation_mode: opf = ox41
03-13 01:37:01.779     0     0 I [oneplus_motor]  m1120_down_i2c_drv_probe: m1120_down initialized
03-13 01:37:01.779     0     0 I [oneplus_motor]  oneplus_register_dhall: name : m1120_down
03-13 01:37:01.780     0     0 E msm-dwc3 a600000.ssusb: unable to get ssphy device
03-13 01:37:01.780     0     0 I SMB2    : smb5_parse_dt: little_cold_iterm_ma=0
03-13 01:37:01.780     0     0 I SMB2    : smb5_parse_dt: OTG_ICL:enable:1,CapThr:15,LowThr:1000000,NorThr:1500000
03-13 01:37:01.782     0     0 I coresight-stm 6002000.stm: STM32 initialized with master Disabled
03-13 01:37:01.782     0     0 E msm-dwc3 a600000.ssusb: unable to get ssphy device
03-13 01:37:01.782     0     0 E         : FF extcon idx                   0 ?
03-13 01:37:01.782     0     0 E         : FF speed                        5 ?
03-13 01:37:01.782     0     0 E         : FF cc_state                     2 ?
03-13 01:37:01.782     0     0 E         : FF undefined                    0 ?
03-13 01:37:01.782     0     0 E         : FF Exit UNDEF                   0 ?
03-13 01:37:01.782     0     0 E         : FF RT Res                       0 ?
03-13 01:37:01.782     0     0 E         : FF bus_vote_start               1 ?
03-13 01:37:01.782     0     0 E         : FF bus_vote_end                 1 ?
03-13 01:37:01.782     0     0 I core_ctl: Creating CPU group 0
03-13 01:37:01.782     0     0 E         : FF BIDLE gsync                  1 ?
03-13 01:37:01.782     0     0 E         : FF StrtGdgt gsync               2 ?
03-13 01:37:01.782     0     0 E         : FF VbusSess                     1 ?
03-13 01:37:01.782     0     0 E         : FF StopGdgt psync               1 ?
03-13 01:37:01.782     0     0 E         : FF peripheral                   0 ?
03-13 01:37:01.782     0     0 I spss_utils [spss_init]: spss-utils driver Ver 3.0 18-Feb-2018.
03-13 01:37:01.782     0     0 I stmvl53l1_parse_tree: xsdn-gpio 1275
03-13 01:37:01.782     0     0 I stmvl53l1_parse_tree: intr-gpio 1270
03-13 01:37:01.782     0     0 I get_xsdn: request xsdn_gpio 1275
03-13 01:37:01.782     0     0 I get_pwren: request pwren_gpio 26
03-13 01:37:01.782     0     0 I get_intr: request intr_gpio 1270
03-13 01:37:01.782     0     0 E stmvl53l1_enable_pinctrl: enable pinctrl rc=0
03-13 01:37:01.782     0     0 E         : type VL53L1
03-13 01:37:01.783     0     0 I stmvl53l1_power_down_i2c: End
03-13 01:37:01.783     0     0 I [oneplus_motor]  motor_platform_init: call
03-13 01:37:01.783     0     0 I [oneplus_motor]  oneplus_hall_update_threshold: lowthd : 511, highthd : 511, is_mag_positive : 1
03-13 01:37:01.783     0     0 I [oneplus_motor]  m1120_down_update_threshold: m1120_down ,low: 511, high :511, intsrs : 145
03-13 01:37:01.783     0     0 I [oneplus_motor]  m1120_up_update_threshold: m1120_up ,low: 511, high :511, intsrs : 145
03-13 01:37:01.783     0     0 I [oneplus_motor]  m1120_up_get_real_data: value : -13
03-13 01:37:01.783     0     0 I [oneplus_motor]  oneplus_parameter_init: hall_down_data : -328, HALL_UP : -13
03-13 01:37:01.783     0     0 I [oneplus_motor]  oneplus_parameter_init: mag is negative
03-13 01:37:01.783     0     0 E [oneplus_motor]  m1120_down_get_real_data: m1120: st1(0x10) is not DRDY.
03-13 01:37:01.784     0     0 F PC      : 0xffffff85aee94880:
03-13 01:37:01.784     0     0 F LR      : 0xffffff85aee9487c:
03-13 01:37:01.784     0     0 F SP      : 0xffffff800805bd60:
--------- beginning of system
03-13 01:37:01.816   637   668 I QISL    : QSEE Interrupt Service Listener Thread is started
03-13 01:37:01.816   637   668 I QISL    : QSEE Interrupt Service Listener was activated successfully
03-13 01:37:01.817   637   637 D SPL     : Call QSEECom_register_listener()
03-13 01:37:01.817   637   637 D SPL     : Registered listener sucessfully!
03-13 01:37:01.817   637   637 D SPL     : pipe read-fd [33] write-fd [34]
03-13 01:37:01.817   637   637 D SPL     : Create thread
03-13 01:37:01.817   637   637 D SPL     : Thread created sucessfully.
03-13 01:37:01.817   637   669 D SPL     : spl_dispatch() started
03-13 01:37:01.817   637   669 D SPL     : ==== Wait For Request ======
03-13 01:37:01.842     0     0 I         : @7 EXT4-fs (sde9): mounted filesystem with ordered data mode. Opts: barrier=1
03-13 01:37:01.844     0     0 I         : @7 EXT4-fs (sda2): mounted filesystem with ordered data mode. Opts: barrier=1
03-13 01:37:01.854     0     0 I         : @7 EXT4-fs (sde56): mounted filesystem with ordered data mode. Opts:
03-13 01:37:01.854   672   672 I vold    : Vold 3.0 (the awakening) firing up
03-13 01:37:01.854   672   672 D vold    : Detected support for: ext4 f2fs vfat
03-13 01:37:01.855     0     0 I         : @7 EXT4-fs (sda7): mounted filesystem with ordered data mode. Opts: barrier=1
03-13 01:37:01.856   672   672 D vold    : Found unmanaged dm device named system_ext_b
03-13 01:37:01.856   672   672 D vold    : Found unmanaged dm device named system_ext_a
03-13 01:37:01.856   672   672 D vold    : Found unmanaged dm device named odm_b
03-13 01:37:01.856   672   672 D vold    : Found unmanaged dm device named system_b
03-13 01:37:01.856   672   672 D vold    : Found unmanaged dm device named vendor_b
03-13 01:37:01.856   672   672 D vold    : Found unmanaged dm device named odm_a
03-13 01:37:01.856   672   672 D vold    : Found unmanaged dm device named system_a
03-13 01:37:01.856   672   672 D vold    : Found unmanaged dm device named vendor_a
03-13 01:37:01.856   672   672 D vold    : Found unmanaged dm device named product_b
03-13 01:37:01.856   672   672 D vold    : Found unmanaged dm device named product_a
03-13 01:37:01.856   672   672 W vold    : Failed to LOOP_GET_STATUS64 /dev/block/loop26: No such device or address
03-13 01:37:01.856   672   672 W vold    : Failed to LOOP_GET_STATUS64 /dev/block/loop25: No such device or address
03-13 01:37:01.856   672   672 W vold    : Failed to LOOP_GET_STATUS64 /dev/block/loop24: No such device or address
03-13 01:37:01.856   672   672 W vold    : Failed to LOOP_GET_STATUS64 /dev/block/loop23: No such device or address
03-13 01:37:01.856   672   672 W vold    : Failed to LOOP_GET_STATUS64 /dev/block/loop22: No such device or address
03-13 01:37:01.856   672   672 W vold    : Failed to LOOP_GET_STATUS64 /dev/block/loop21: No such device or address
03-13 01:37:01.856   672   672 W vold    : Failed to LOOP_GET_STATUS64 /dev/block/loop20: No such device or address
03-13 01:37:01.856   672   672 W vold    : Failed to LOOP_GET_STATUS64 /dev/block/loop19: No such device or address
03-13 01:37:01.856   672   672 W vold    : Failed to LOOP_GET_STATUS64 /dev/block/loop18: No such device or address
03-13 01:37:01.856   672   672 W vold    : Failed to LOOP_GET_STATUS64 /dev/block/loop17: No such device or address
03-13 01:37:01.856   672   672 W vold    : Failed to LOOP_GET_STATUS64 /dev/block/loop16: No such device or address
03-13 01:37:01.856   672   672 W vold    : Failed to LOOP_GET_STATUS64 /dev/block/loop13: No such device or address
03-13 01:37:01.856   672   672 W vold    : Failed to LOOP_GET_STATUS64 /dev/block/loop8: No such device or address
03-13 01:37:01.856   672   672 W vold    : Failed to LOOP_GET_STATUS64 /dev/block/loop12: No such device or address
03-13 01:37:01.856   672   672 D vold    : Found unmanaged loop device at /dev/block/loop4 named apex:
03-13 01:37:01.856   672   672 D vold    : Found unmanaged loop device at /dev/block/loop3 named apex:
03-13 01:37:01.856   672   672 D vold    : Found unmanaged loop device at /dev/block/loop0 named apex:
03-13 01:37:01.856   672   672 W vold    : Failed to LOOP_GET_STATUS64 /dev/block/loop14: No such device or address
03-13 01:37:01.856   672   672 W vold    : Failed to LOOP_GET_STATUS64 /dev/block/loop15: No such device or address
03-13 01:37:01.856   672   672 W vold    : Failed to LOOP_GET_STATUS64 /dev/block/loop7: No such device or address
03-13 01:37:01.856   672   672 W vold    : Failed to LOOP_GET_STATUS64 /dev/block/loop10: No such device or address
03-13 01:37:01.856   672   672 D vold    : Found unmanaged loop device at /dev/block/loop5 named apex:
03-13 01:37:01.856   672   672 W vold    : Failed to LOOP_GET_STATUS64 /dev/block/loop9: No such device or address
03-13 01:37:01.856   672   672 W vold    : Failed to LOOP_GET_STATUS64 /dev/block/loop11: No such device or address
03-13 01:37:01.856   672   672 D vold    : Found unmanaged loop device at /dev/block/loop2 named apex:
03-13 01:37:01.856   672   672 W vold    : Failed to LOOP_GET_STATUS64 /dev/block/loop6: No such device or address
03-13 01:37:01.856   672   672 D vold    : Found unmanaged loop device at /dev/block/loop1 named apex:
03-13 01:37:01.856   672   672 I vold    : [libfs_mgr]dt_fstab: Skip disabled entry for partition vendor
03-13 01:37:01.857   672   672 I vold    : [libfs_mgr]dt_fstab: Skip disabled entry for partition odm
03-13 01:37:01.857   672   672 D vold    : VoldNativeService::start() completed OK
03-13 01:37:01.865     0     0 I @7 input: uinput-tri-state-key as /devices/virtual/input/input13
03-13 01:37:01.867     0     0 D @5 vdc  : Waited 0ms for vold
03-13 01:37:01.908     0     0 W @5 init : Top-level directory needs encryption action, eg mkdir /data/awinic <mode> <uid> <gid> encryption=Require
03-13 01:37:01.920     0     0 E         : @5 ipa ipa3_uc_state_check:333 uC interface not initialized
03-13 01:37:01.920     0     0 I         : @5 IPA smmu_info.s1_bypass_arr[AP]=0 smmu_info.fast_map=1
03-13 01:37:01.920     0     0 W         : @6 STMVL53L1 IPP wng in stmvl53l1_nl_recv_msg 306 : pid chg 1 => 686
03-13 01:37:01.925     0     0 I         : @5 IPA smmu_info.s1_bypass_arr[WLAN]=1 smmu_info.fast_map=1
03-13 01:37:01.925     0     0 I         : @6 IPA smmu_info.s1_bypass_arr[UC]=0 smmu_info.fast_map=1
03-13 01:37:01.948     0     0 I @5 wait_for_keymaster: Waiting for Keymaster device
03-13 01:37:01.950     0     0 I @4 wait_for_keymaster: List of Keymaster HALs found:
03-13 01:37:01.950     0     0 I @4 wait_for_keymaster: Keymaster HAL #1: Keymaster HAL: 4 from QTI SecurityLevel: TRUSTED_ENVIRONMENT HAL: android.hardware.keymaster@4.1::IKeymasterDevice/default
03-13 01:37:01.951     0     0 D @4 wait_for_keymaster: Computing HMAC with params { (seed: 4bbad211044797c1c0ea19345ac5f5b316e01ec5c59493eaf873dddb751882, nonce: fbd4e1493d3b81a9669d8e6273f88acc616f080344697d589d8b9727496d3) }
03-13 01:37:01.951     0     0 D @4 wait_for_keymaster: Computing HMAC for Keymaster HAL: 4 from QTI SecurityLevel: TRUSTED_ENVIRONMENT HAL: android.hardware.keymaster@4.1::IKeymasterDevice/default
03-13 01:37:01.957     0     0 I @4 wait_for_keymaster: Using Keymaster HAL: 4 from QTI for encryption.  Security level: TRUSTED_ENVIRONMENT, HAL: android.hardware.keymaster@4.1::IKeymasterDevice/default
03-13 01:37:01.957     0     0 I @4 wait_for_keymaster: Keymaster device ready
03-13 01:37:01.967     0     0 D @4 vdc  : Waited 0ms for vold
03-13 01:37:01.967   672   672 D vold    : fscrypt_mount_metadata_encrypted: /data 0
03-13 01:37:01.967   672   672 D vold    : metadata_key_dir/key: /metadata/vold/metadata_encryption/key
03-13 01:37:01.968   672   672 I vold    : List of Keymaster HALs found:
03-13 01:37:01.968   672   672 I vold    : Keymaster HAL #1: Keymaster HAL: 4 from QTI SecurityLevel: TRUSTED_ENVIRONMENT HAL: android.hardware.keymaster@4.1::IKeymasterDevice/default
03-13 01:37:01.969   672   672 D vold    : Computing HMAC with params { (seed: 4bbad211044797c1c0ea19345ac5f5b316e01ec5c59493eaf873dddb751882, nonce: fbd4e1493d3b81a9669d8e6273f88acc616f080344697d589d8b9727496d3) }
03-13 01:37:01.969   672   672 D vold    : Computing HMAC for Keymaster HAL: 4 from QTI SecurityLevel: TRUSTED_ENVIRONMENT HAL: android.hardware.keymaster@4.1::IKeymasterDevice/default
03-13 01:37:01.973   672   672 I vold    : Using Keymaster HAL: 4 from QTI for encryption.  Security level: TRUSTED_ENVIRONMENT, HAL: android.hardware.keymaster@4.1::IKeymasterDevice/default
03-13 01:37:01.975   672   672 D vold    : Key exists, using: /metadata/vold/metadata_encryption/key
03-13 01:37:01.976     0     0 I         : @3 aw8697_container_update exit
03-13 01:37:01.976     0     0 I @3 aw8697_ram_loaded: fw update complete
03-13 01:37:01.976     0     0 I         : @3 aw8697_rtp_update enter
03-13 01:37:01.977   672   672 I vold    : List of Keymaster HALs found:
03-13 01:37:01.977   672   672 I vold    : Keymaster HAL #1: Keymaster HAL: 4 from QTI SecurityLevel: TRUSTED_ENVIRONMENT HAL: android.hardware.keymaster@4.1::IKeymasterDevice/default
03-13 01:37:01.977   672   672 I vold    : Using Keymaster HAL: 4 from QTI for encryption.  Security level: TRUSTED_ENVIRONMENT, HAL: android.hardware.keymaster@4.1::IKeymasterDevice/default
03-13 01:37:01.991   672   672 D vold    : Mounting metadata-encrypted filesystem:/data
03-13 01:37:01.992   672   672 I vold    : List of Keymaster HALs found:
03-13 01:37:01.992   672   672 I vold    : Keymaster HAL #1: Keymaster HAL: 4 from QTI SecurityLevel: TRUSTED_ENVIRONMENT HAL: android.hardware.keymaster@4.1::IKeymasterDevice/default
03-13 01:37:02.034     0     0 I         : @5 subsys-pil-tz soc:qcom,ipa_fws: ipa_fws: loading from 0x0000000098b00000 to 0x0000000098b07000
03-13 01:37:02.035     0     0 I         : @3 aw8697_rtp_loaded enter
03-13 01:37:02.035     0     0 I @3 aw8697_rtp_loaded: loaded aw8697_rtp.bin - size: 72000
03-13 01:37:02.035     0     0 I @3 aw8697_rtp_loaded: rtp size = 72000
03-13 01:37:02.035     0     0 I @3 aw8697_rtp_loaded: rtp update complete
03-13 01:37:02.044   672   672 I vold    : [libfs_mgr]Running /system/bin/fsck.f2fs -a -c 10000 --debug-cache/dev/block/dm-10
03-13 01:37:02.051     0     0 I @6 fsck.f2fs: Info: Fix the reported corruption.
03-13 01:37:02.051     0     0 I @6 fsck.f2fs: Info: No support kernel version!
03-13 01:37:02.051     0     0 I @6 fsck.f2fs: Info: Segments per section = 1
03-13 01:37:02.051     0     0 I @6 fsck.f2fs: Info: Sections per zone = 1
03-13 01:37:02.051     0     0 I @6 fsck.f2fs: Info: sector size = 4096
03-13 01:37:02.051     0     0 I @6 fsck.f2fs: Info: total sectors = 56734085 (221617 MB)
03-13 01:37:02.052     0     0 I @6 fsck.f2fs: Info: MKFS version
03-13 01:37:02.052     0     0 I @6 fsck.f2fs: "4.14.203-One-perf #3 SMP PREEMPT Sat Feb 13 23:26:34 IST 2021"
03-13 01:37:02.052     0     0 I @6 fsck.f2fs: Info: FSCK version
03-13 01:37:02.052     0     0 I @6 fsck.f2fs: from "4.14.117-perf #98 SMP PREEMPT Sat Mar 13 18:14:18 IST 2021"
03-13 01:37:02.053     0     0 I         : @7 subsys-pil-tz soc:qcom,ipa_fws: ipa_fws: Brought out of reset
