03-12 23:52:58.085  1203  1203 D MediaCodecsXmlParser: MediaCodec: cannot update non-existing codec at line 79 of /vendor/etc/media_codecs_performance.xml
03-12 23:52:58.085  1203  1203 D MediaCodecsXmlParser: MediaCodec: cannot update non-existing codec at line 82 of /vendor/etc/media_codecs_performance.xml
03-12 23:52:58.085  1203  1203 D MediaCodecsXmlParser: MediaCodec: cannot update non-existing codec at line 85 of /vendor/etc/media_codecs_performance.xml
03-12 23:52:58.085  1203  1203 D MediaCodecsXmlParser: MediaCodec: cannot update non-existing codec at line 91 of /vendor/etc/media_codecs_performance.xml
03-12 23:52:58.086  1203  1203 D MediaCodecsXmlParser: MediaCodec: cannot update non-existing codec at line 94 of /vendor/etc/media_codecs_performance.xml
03-12 23:52:58.086  1203  1203 D MediaCodecsXmlParser: MediaCodec: cannot update non-existing codec at line 100 of /vendor/etc/media_codecs_performance.xml
03-12 23:52:58.086  1203  1203 D MediaCodecsXmlParser: MediaCodec: cannot update non-existing codec at line 142 of /vendor/etc/media_codecs_performance.xml
03-12 23:52:58.086  1203  1203 D MediaCodecsXmlParser: MediaCodec: cannot update non-existing codec at line 184 of /vendor/etc/media_codecs_performance.xml
03-12 23:52:58.086  1203  1203 D MediaCodecsXmlParser: MediaCodec: cannot update non-existing codec at line 190 of /vendor/etc/media_codecs_performance.xml
03-12 23:52:58.086  1203  1203 D MediaCodecsXmlParser: MediaCodec: cannot update non-existing codec at line 197 of /vendor/etc/media_codecs_performance.xml
03-12 23:52:58.086  1203  1203 D MediaCodecsXmlParser: MediaCodec: cannot update non-existing codec at line 203 of /vendor/etc/media_codecs_performance.xml
03-12 23:52:58.086  1203  1203 D MediaCodecsXmlParser: MediaCodec: cannot update non-existing codec at line 209 of /vendor/etc/media_codecs_performance.xml
03-12 23:52:58.086  1203  1203 D MediaCodecsXmlParser: MediaCodec: cannot update non-existing codec at line 213 of /vendor/etc/media_codecs_performance.xml
03-12 23:52:58.086  1203  1203 D MediaCodecsXmlParser: Cannot find /data/misc/media/media_codecs_profiling_results.xml
03-12 23:52:58.086  1303  1303 E LocSvc_utils_cfg: loc_read_process_conf:631]: Unrecognized value for GTP WAA Mode. Setting GTP WAA to default mode: DISABLED
03-12 23:52:58.086  1203  1203 E MediaCodecsXmlParser: Role video_decoder.mpeg4 has mismatching types: video/mp4v-es and video/mp4v-esdp
03-12 23:52:58.086  1203  1203 I OmxStore: node [OMX.qcom.video.encoder.heic] not found in IOmx
03-12 23:52:58.086  1203  1203 I OmxStore: node [OMX.qcom.video.decoder.avc] not found in IOmx
03-12 23:52:58.086  1203  1203 I OmxStore: node [OMX.qcom.video.decoder.avc.secure] not found in IOmx
03-12 23:52:58.086  1203  1203 I OmxStore: node [OMX.qti.video.decoder.h263sw] not found in IOmx
03-12 23:52:58.087  1203  1203 I OmxStore: node [OMX.qcom.video.decoder.hevc] not found in IOmx
03-12 23:52:58.087  1203  1203 I OmxStore: node [OMX.qcom.video.decoder.hevc.secure] not found in IOmx
03-12 23:52:58.087  1203  1203 I OmxStore: node [OMX.qcom.video.decoder.mpeg2] not found in IOmx
03-12 23:52:58.087  1203  1203 I OmxStore: node [OMX.qcom.video.decoder.mpeg2.secure] not found in IOmx
03-12 23:52:58.087  1203  1203 I OmxStore: node [OMX.qti.video.decoder.mpeg4sw] not found in IOmx
03-12 23:52:58.087  1203  1203 I OmxStore: node [OMX.qti.video.decoder.vc1sw] not found in IOmx
03-12 23:52:58.087  1203  1203 I OmxStore: node [OMX.qcom.video.decoder.vp8] not found in IOmx
03-12 23:52:58.087  1203  1203 I OmxStore: node [OMX.qcom.video.decoder.vp9] not found in IOmx
03-12 23:52:58.087  1203  1203 I OmxStore: node [OMX.qcom.video.decoder.vp9.secure] not found in IOmx
03-12 23:52:58.087  1203  1203 I OmxStore: node [OMX.qcom.video.encoder.avc] not found in IOmx
03-12 23:52:58.087  1203  1203 I OmxStore: node [OMX.qcom.video.encoder.h263sw] not found in IOmx
03-12 23:52:58.087  1203  1203 I OmxStore: node [OMX.qcom.video.encoder.hevc] not found in IOmx
03-12 23:52:58.087  1203  1203 I OmxStore: node [OMX.qcom.video.encoder.hevc.cq] not found in IOmx
03-12 23:52:58.087  1203  1203 I OmxStore: node [OMX.qcom.video.encoder.mpeg4sw] not found in IOmx
03-12 23:52:58.087  1203  1203 I OmxStore: node [OMX.qcom.video.encoder.vp8] not found in IOmx
03-12 23:52:58.087  1203  1203 I HidlServiceManagement: Registered android.hardware.media.omx@1.0::IOmxStore/default (start delay of 205ms)
03-12 23:52:58.088  1203  1203 I HidlServiceManagement: Removing namespace from process name android.hardware.media.omx@1.0-service to omx@1.0-service.
03-12 23:52:58.091  1224  1224 I HidlServiceManagement: Registered vendor.qti.hardware.wifidisplaysession@1.0::IWifiDisplaySession/wifidisplaysession (start delay of 178ms)
03-12 23:52:58.091  1206  1320 I chatty  : uid=1000(system) sensors@1.0-ser expire 44 lines
03-12 23:52:58.091  1224  1224 E wifidisplayhal-service: Registering wifidisplay video track hal service...
03-12 23:52:58.092  1206  1318 I chatty  : uid=1000(system) sensors@1.0-ser expire 43 lines
03-12 23:52:58.093  1224  1224 I HidlServiceManagement: Registered vendor.qti.hardware.wifidisplaysession@1.0::IWifiDisplaySessionVideoTrack/wifidisplaysessionvideotrack (start delay of 180ms)
03-12 23:52:58.093  1224  1224 E wifidisplayhal-service: Registering wifidisplay video track hal service...
03-12 23:52:58.094  1224  1224 I HidlServiceManagement: Registered vendor.qti.hardware.wifidisplaysession@1.0::IWifiDisplaySessionAudioTrack/wifidisplaysessionaudiotrack (start delay of 181ms)
03-12 23:52:58.094  1224  1224 E wifidisplayhal-service: Registering wifidisplay image track hal service...
03-12 23:52:58.095  1224  1224 I HidlServiceManagement: Registered vendor.qti.hardware.wifidisplaysession@1.0::IWifiDisplaySessionImageTrack/wifidisplaysessionimagetrack (start delay of 182ms)
03-12 23:52:58.098  1310  1310 I Atfwd_Daemon: *** Starting ATFWD-daemon *** 
03-12 23:52:58.098  1310  1310 I Atfwd_Daemon: init all signals
03-12 23:52:58.099  1310  1310 I Atfwd_Daemon: Explicitly disbling qmux 
03-12 23:52:58.099  1310  1310 I Atfwd_Daemon: Disabling QMUX complete...
03-12 23:52:58.099  1310  1310 I Atfwd_Daemon: getting at svc obj for access terminal QMI svc
03-12 23:52:58.099  1206  1320 I chatty  : uid=1000(system) sensors@1.0-ser expire 2 lines
03-12 23:52:58.099  1206  1318 I chatty  : uid=1000(system) sensors@1.0-ser expire 5 lines
03-12 23:52:58.099  1206  1320 I chatty  : uid=1000(system) sensors@1.0-ser expire 2 lines
03-12 23:52:58.099  1206  1318 I chatty  : uid=1000(system) sensors@1.0-ser expire 4 lines
03-12 23:52:58.100  1206  1320 I chatty  : uid=1000(system) sensors@1.0-ser expire 4 lines
03-12 23:52:58.100  1206  1318 I chatty  : uid=1000(system) sensors@1.0-ser expire 2 lines
03-12 23:52:58.100  1206  1320 I chatty  : uid=1000(system) sensors@1.0-ser expire 4 lines
03-12 23:52:58.100  1206  1318 I chatty  : uid=1000(system) sensors@1.0-ser expire 7 lines
03-12 23:52:58.103  1184  1184 E MediaExtractorFactory: couldn't opendir(/system/lib64/extractors)
03-12 23:52:58.108  1310  1310 I Atfwd_Daemon: 
03-12 23:52:58.108  1310  1310 I Atfwd_Daemon: 
03-12 23:52:58.108  1310  1310 I Atfwd_Daemon:  TrtyInit: retryCnt: 1
03-12 23:52:58.108  1310  1310 I Atfwd_Daemon: Using QCCI. Skipping qmi_init
03-12 23:52:58.108  1310  1310 I Atfwd_Daemon: result : 1 	 ,Init step :0 	 ,qmiErrorCode: 0
03-12 23:52:58.108  1310  1310 I Atfwd_Daemon: 
03-12 23:52:58.108  1310  1310 I Atfwd_Daemon:  Back to main.
03-12 23:52:58.108  1310  1310 I Atfwd_Daemon:  tryinit complete with connectresult: 1
03-12 23:52:58.108  1310  1310 I Atfwd_Daemon: 
03-12 23:52:58.108  1310  1310 I Atfwd_Daemon: 
03-12 23:52:58.108  1310  1310 I Atfwd_Daemon:  TrtyInit: retryCnt: 1
03-12 23:52:58.108  1310  1310 I Atfwd_Daemon: 
03-12 23:52:58.108  1310  1310 I Atfwd_Daemon:  qmi_client_init_instance....
03-12 23:52:58.110  1333  1333 D LocSvc_LBSProxy: checkIfLocationExtendedClientExists] File does not Exist
03-12 23:52:58.112     0     0 I @4 SELinux: Context u:object_r:oem_audio_device:s0 is not valid (left unmapped).
03-12 23:52:58.114  1187  1187 I ServiceManager: Waiting for service 'package_native' on '/dev/binder'...
03-12 23:52:58.117  1333  1333 V qdma_file_agent: API qdmafagent_initialize() called
03-12 23:52:58.117  1333  1333 I qdma_file_agent: Initialize QDMA file agent success. thread id: 483607076096
03-12 23:52:58.117  1333  1333 V qdma_file_agent: file_agent_post_event(1)
03-12 23:52:58.118  1332  1332 I gatekeeperd: Starting gatekeeperd...
03-12 23:52:58.119  1190  1190 I ServiceManager: Waiting for service 'package_native' on '/dev/binder'...
03-12 23:52:58.121  1333  1345 I qdma_file_agent: isRunWithVndEhcFwk: isRunningWithVendorEnhancedFramework 1
03-12 23:52:58.121  1333  1345 I qdma_file_agent: isRunWithVndEhcFwk: 1
03-12 23:52:58.121  1333  1345 V qdma_file_agent: file_agent_get_event(1)
03-12 23:52:58.121  1333  1345 D qdma_file_agent: [init.svc.vendor.qdmastatsd] = []
03-12 23:52:58.121  1333  1345 D qdma_file_agent: [init.svc.vendor.qdmastatsd] = []
03-12 23:52:58.121  1333  1345 I qdma_file_agent: file_agent_thread_handler qdmastatsd is missing, so skip connect
03-12 23:52:58.124  1333  1341 W LocSvc_LocIpc: send:66] failed reason: No such file or directory
03-12 23:52:58.128   867   867 W Zygote  : Class not found for preloading: android.telephony.ims.stub.-$$Lambda$ImsRegistrationImplBase$wwtkoeOtGwMjG5I0-ZTfjNpGU-s
03-12 23:52:58.134  1331  1331 W XTIA    : [XTIA] wifi: 1, modem cell need ap: 1
03-12 23:52:58.134  1331  1331 W XTIA    : 	
03-12 23:52:58.146  1355  1355 D android.hardware.biometrics.fingerprint@2.1-service.oneplus_msmnile: Opening fingerprint hal library...
03-12 23:52:58.146   629  1279 W libc    : Unable to set property "ctl.interface_start" to "vendor.oneplus.fingerprint.extension@1.0::IVendorFingerprintExtensions/default": error code: 0x20
03-12 23:52:58.149   629   629 I hwservicemanager: getTransport: Cannot find entry android.hardware.usb.gadget@1.0::IUsbGadget/default in either framework or device manifest.
03-12 23:52:58.150  1344  1344 I usbd    : Usb HAL not found
03-12 23:52:58.150  1338  1338 I update_engine: [INFO:main.cc(54)] A/B Update Engine starting
03-12 23:52:58.153  1281  1281 W libc    : Unable to set property "ctl.start" to "ril-daemon": error code: 0x20
03-12 23:52:58.154  1338  1338 I update_engine: [INFO:boot_control_android.cc(70)] Loaded boot control hidl hal.
03-12 23:52:58.154     0     0 E         : @6 FF Gadgetstart                  0 ?
03-12 23:52:58.155  1147  1175 I adbd    : USB event: FUNCTIONFS_BIND
03-12 23:52:58.155  1338  1338 I update_engine: [INFO:daemon_state_android.cc(43)] Booted in dev mode.
03-12 23:52:58.159  1181  1181 I ServiceManager: Waiting for service 'package_native' on '/dev/binder'...
03-12 23:52:58.159   865   865 I ServiceManager: Waiting for service 'statscompanion' on '/dev/binder'...
03-12 23:52:58.159  1355  1355 E android.hardware.biometrics.fingerprint@2.1-service.oneplus_msmnile: add_fingerprint_ext_service
03-12 23:52:58.159  1355  1355 D android.hardware.biometrics.fingerprint@2.1-service.oneplus_msmnile: VendorFingerprintExtensions
03-12 23:52:58.159   867   867 W Zygote  : Class not found for preloading: android.view.-$$Lambda$cZhmLzK8aetUdx4VlP9w5jR7En0
03-12 23:52:58.162     0     0 E         : FF Pullup gsync                 1 ?
03-12 23:52:58.162     0     0 E         : FF EP0 is not in SETUP phase    0 ?
03-12 23:52:58.162     0     0 E         : FF run_stop                     1 ?
03-12 23:52:58.162     0     0 E         : FF __Gadgetstart                0 ?
03-12 23:52:58.162     0     0 E         : FF UnmaskINT                    0 ?
03-12 23:52:58.163  1363  1363 I HidlServiceManagement: Registered vendor.oneplus.hardware.rpmb@1.0::IOneplusRpmb/default (start delay of 20ms)
03-12 23:52:58.163  1363  1363 I HidlServiceManagement: Removing namespace from process name vendor.oneplus.hardware.rpmb@1.0-service to rpmb@1.0-service.
03-12 23:52:58.163   629   629 I hw-BpHwBinder: onLastStrongRef automatically unlinking death recipients
03-12 23:52:58.165  1338  1338 I update_engine: [INFO:delta_performer.cc(1997)] Resetting recorded hash for prepared partitions.
03-12 23:52:58.165  1355  1355 I HidlServiceManagement: Registered vendor.oneplus.fingerprint.extension@1.0::IVendorFingerprintExtensions/default (start delay of 42ms)
03-12 23:52:58.165   934   934 I HidlServiceManagement: Registered vendor.one.biometrics.fingerprint.inscreen@1.0::IFingerprintInscreen/default (start delay of 1202ms)
03-12 23:52:58.165     0     0 I @5 gf_spi: Succeed to open device. irq = 300
03-12 23:52:58.165  1355  1355 E [GF_HAL][Device]: [open] Success to open device (/dev/goodix_fp) g_fd=7
03-12 23:52:58.165     0     0 I @5 gf_spi: Sensor has already powered-on.
03-12 23:52:58.165     0     0 I @5 gf_spi: gf_ioctl GF_IOC_RESET.
03-12 23:52:58.165   934   934 I HidlServiceManagement: Removing namespace from process name vendor.one.biometrics.fingerprint.inscreen@1.0-service.oneplus_msmnile to inscreen@1.0-service.oneplus_msmnile.
03-12 23:52:58.165   934   934 I one.biometrics.fingerprint.inscreen@1.0-service.oneplus_msmnile: FOD HAL service ready.
03-12 23:52:58.167  1338  1338 I update_engine: [INFO:update_attempter_android.cc(1010)] Scheduling CleanupPreviousUpdateAction.
03-12 23:52:58.168  1338  1338 I update_engine: [INFO:action_processor.cc(51)] ActionProcessor: starting NoOpAction
03-12 23:52:58.168  1355  1355 D QSEECOMAPI: QSEECom_get_handle sb_length = 0x1000
03-12 23:52:58.170  1338  1338 I update_engine: [INFO:action_processor.cc(116)] ActionProcessor: finished last action NoOpAction with code ErrorCode::kSuccess
03-12 23:52:58.171  1338  1338 I update_engine: [INFO:update_attempter_android.cc(522)] Processing Done.
03-12 23:52:58.172  1338  1338 I update_engine: [INFO:update_attempter_android.cc(662)] Terminating cleanup previous update.
03-12 23:52:58.172     0     0 E         : FF Pullup put                   0 ?
03-12 23:52:58.172     0     0 I gf_spi  : Found
03-12 23:52:58.173   867   867 W Zygote  : Class not found for preloading: android.view.autofill.-$$Lambda$AutofillManager$AutofillManagerClient$vxNm6RuuD-r5pkiSxNSBBd1w_Qc
03-12 23:52:58.174   867   867 W Zygote  : Class not found for preloading: android.view.contentcapture.-$$Lambda$MainContentCaptureSession$1$JPRO-nNGZpgXrKr4QC_iQiTbQx0
03-12 23:52:58.174   867   867 W Zygote  : Class not found for preloading: android.view.contentcapture.-$$Lambda$MainContentCaptureSession$1$Xhq3WJibbalS1G_W3PRC2m7muhM
03-12 23:52:58.175  1362  1362 I HidlServiceManagement: Registered vendor.oneplus.hardware.ifaa@2.0::IOneplusIfaa/default (start delay of 42ms)
03-12 23:52:58.175  1362  1362 I HidlServiceManagement: Removing namespace from process name vendor.oneplus.hardware.ifaa@2.0-service to ifaa@2.0-service.
03-12 23:52:58.175   867   867 W Zygote  : Class not found for preloading: android.view.contentcapture.MainContentCaptureSession$1
03-12 23:52:58.180     0     0 I @7 wcd_mbhc_usbc_ana_detect_work_fn: USB supply mode 6
03-12 23:52:58.181     0     0 I @5 android_work: did not send uevent (0 0 0000000000000000)
03-12 23:52:58.181  1365  1365 W libc    : Unable to set property "ctl.start" to "vendor.ril-daemon": error code: 0x20
03-12 23:52:58.181     0     0 I @7 input: sm8150-tavil-snd-card Headset Jack as /devices/platform/soc/soc:qcom,msm-audio-apr/soc:qcom,msm-audio-apr:sound-tavil/sound/card0/input14
03-12 23:52:58.181     0     0 I @7 input: sm8150-tavil-snd-card Button Jack as /devices/platform/soc/soc:qcom,msm-audio-apr/soc:qcom,msm-audio-apr:sound-tavil/sound/card0/input15
03-12 23:52:58.183  1282  1282 I mediaswcodec: media swcodec service starting
03-12 23:52:58.185  1282  1282 W mediaswcodec: Could not read additional policy file '/vendor/etc/seccomp_policy/mediaswcodec.policy'
03-12 23:52:58.185  1282  1282 W mediaswcodec: libminijail[1282]: failed to get path of fd 5: No such file or directory
03-12 23:52:58.185  1282  1282 W mediaswcodec: libminijail[1282]: allowing syscall: connect
03-12 23:52:58.185  1282  1282 W mediaswcodec: libminijail[1282]: allowing syscall: fcntl
03-12 23:52:58.185  1282  1282 W mediaswcodec: libminijail[1282]: allowing syscall: sendto
03-12 23:52:58.185  1282  1282 W mediaswcodec: libminijail[1282]: allowing syscall: socket
03-12 23:52:58.185  1282  1282 W mediaswcodec: libminijail[1282]: allowing syscall: writev
03-12 23:52:58.185  1282  1282 W mediaswcodec: libminijail[1282]: logging seccomp filter failures
03-12 23:52:58.186  1282  1282 I CodecServiceRegistrant: Creating software Codec2 service...
03-12 23:52:58.186   932   932 D audio_hw_utils: audio_extn_utils_open_snd_mixer: snd_card_name: sm8150-tavil-snd-card
03-12 23:52:58.186   932   932 W hardware_info: update_hardware_info_msmnile: Not a msmnile device
03-12 23:52:58.187  1282  1282 D C2Store : Default ION heapmask = -1
03-12 23:52:58.187  1282  1282 D C2Store : Default ION flags = 0
03-12 23:52:58.187  1282  1282 D C2Store : Default ION align = 0
03-12 23:52:58.187   932   932 D audio_hw_utils: audio_extn_utils_open_snd_mixer: Opened sound card:0
03-12 23:52:58.187   932   932 D msm8974_platform: platform_init: Opened sound card:0
03-12 23:52:58.187   932   932 I audio_hw_extn: audio_extn_set_snd_card_split: snd_card_name(sm8150-tavil-snd-card) device(sm8150) snd_card(tavil) form_factor(snd)
03-12 23:52:58.187   932   932 W hardware_info: update_hardware_info_msmnile: Not a msmnile device
03-12 23:52:58.187  1275  1275 I adsprpcd: fastrpc_perf_init: enabled RPC traces (kernel 0, dsp 0) with frequency 1000
03-12 23:52:58.187   932   932 D msm8974_platform: platform_init: Loading mixer file: /vendor/etc/mixer_paths_tavil.xml
03-12 23:52:58.188  1282  1282 I HidlServiceManagement: Registered android.hardware.media.c2@1.1::IComponentStore/software (start delay of 175ms)
03-12 23:52:58.188  1275  1275 I adsprpcd: remote_handle_open: Successfully opened handle 0xb0b9f680 for adsp_default_listener on domain 0
03-12 23:52:58.189  1282  1282 I CodecServiceRegistrant: Preferred Codec2 store is set to "default".
03-12 23:52:58.189  1282  1282 I CodecServiceRegistrant: Software Codec2 service created and registered.
03-12 23:52:58.189  1275  1275 I adsprpcd: remote_handle_open: Successfully opened handle 0xb0b9f920 for adsp_default_listener on domain 0
03-12 23:52:58.189  1275  1275 I adsprpcd: remote_handle_open: Successfully opened handle 0x7 for '":;./\geteventfd on domain 0
03-12 23:52:58.192     0     0 I @6 headset_imp_feature_get: get success!
03-12 23:52:58.193     0     0 I         : @7 sm8150-asoc-snd soc:qcom,msm-audio-apr:sound-tavil: Sound card sm8150-tavil-snd-card registered
03-12 23:52:58.199     0     0 I @4 capability: warning: `msm_irqbalance' uses 32-bit capabilities (legacy support in use)
03-12 23:52:58.201  1378  1378 E MSM-irqbalance: WARNING: Cannot find matching virq for hwirq(39).
03-12 23:52:58.201  1378  1378 I MSM-irqbalance: msm-irq_balance (1.3) initialized
03-12 23:52:58.202  1378  1378 I MSM-irqbalance: Configuration
03-12 23:52:58.202  1378  1378 I MSM-irqbalance: Rate: 0.2 Hz
03-12 23:52:58.202  1378  1378 I MSM-irqbalance: Decay Factor: 75.0
03-12 23:52:58.202  1378  1378 I MSM-irqbalance: Balancing Factor: 0.1
03-12 23:52:58.202  1378  1378 I MSM-irqbalance: Debug Log: OFF
03-12 23:52:58.202  1378  1378 I MSM-irqbalance: Cfg file: /system/vendor/etc/msm_irqbalance.conf
03-12 23:52:58.202  1378  1378 I MSM-irqbalance: CPU PRIO: CPU0: 1 CPU1: 1 CPU2: 1 CPU3: 1 CPU4: 0 CPU5: 0 CPU6: 0 CPU7: 0 
03-12 23:52:58.202  1378  1378 I MSM-irqbalance: Ignored IRQs: 4 35 
03-12 23:52:58.204  1275  1375 W adsprpcd: vendor/qcom/proprietary/commonsys-intf/adsprpc/src/apps_std_imp.c:749: Warning: fopen returned 0x2 for file custom_sm_ecns_2.so.1. (No such file or directory)
03-12 23:52:58.204  1275  1375 W adsprpcd: vendor/qcom/proprietary/commonsys-intf/adsprpc/src/apps_std_imp.c:749: Warning: fopen returned 0x2 for file custom_sm_ecns_1.so.1. (No such file or directory)
03-12 23:52:58.205  1275  1375 W adsprpcd: vendor/qcom/proprietary/commonsys-intf/adsprpc/src/apps_std_imp.c:749: Warning: fopen returned 0x2 for file custom_dm_ecns_1.so.1. (No such file or directory)
03-12 23:52:58.205  1275  1375 W adsprpcd: vendor/qcom/proprietary/commonsys-intf/adsprpc/src/apps_std_imp.c:749: Warning: fopen returned 0x2 for file custom_dm_ecns_2.so.1. (No such file or directory)
03-12 23:52:58.206  1275  1375 W adsprpcd: vendor/qcom/proprietary/commonsys-intf/adsprpc/src/apps_std_imp.c:749: Warning: fopen returned 0x2 for file custom_qm_ecns_1.so.1. (No such file or directory)
03-12 23:52:58.207  1275  1375 W adsprpcd: vendor/qcom/proprietary/commonsys-intf/adsprpc/src/apps_std_imp.c:749: Warning: fopen returned 0x2 for file custom_qm_ecns_2.so.1. (No such file or directory)
03-12 23:52:58.208  1275  1375 W adsprpcd: vendor/qcom/proprietary/commonsys-intf/adsprpc/src/apps_std_imp.c:749: Warning: fopen returned 0x2 for file capi_v2_dummy_ecns.so.1. (No such file or directory)
03-12 23:52:58.209  1275  1375 I chatty  : uid=1013(media) /vendor/bin/adsprpcd identical 1 line
03-12 23:52:58.211  1275  1375 W adsprpcd: vendor/qcom/proprietary/commonsys-intf/adsprpc/src/apps_std_imp.c:749: Warning: fopen returned 0x2 for file capi_v2_dummy_ecns.so.1. (No such file or directory)
03-12 23:52:58.215  1187  1187 I ServiceManager: Waiting for service 'package_native' on '/dev/binder'...
03-12 23:52:58.216  1374  1374 E Diag_Lib: qpLogDiagInit <== result : 1
03-12 23:52:58.216  1374  1374 E Diag_Lib: DATAD : gIsQXDMDisabled 1, gIsADBDisabled 1, gIsDebugDisabled 1, gIsIMSLogsDisabled 1
03-12 23:52:58.220  1190  1190 I ServiceManager: Waiting for service 'package_native' on '/dev/binder'...
03-12 23:52:58.220     0     0 I         : @6 subsys-pil-tz 4080000.qcom,mss: modem: Brought out of reset
03-12 23:52:58.230  1355  1355 D QSEECOMAPI: App is not loaded in QSEE
03-12 23:52:58.231  1355  1355 D QSEECOMAPI: app_arch = 2, total_files = 9
03-12 23:52:58.233  1355  1355 E ion     : ioctl c0044901 failed with code -1: Inappropriate ioctl for device
03-12 23:52:58.246     0     0 W @7 QSEECOM: qseecom_load_app: App (gfp9558) does'nt exist, loading apps for first time
03-12 23:52:58.260   865   865 I ServiceManager: Waiting for service 'statscompanion' on '/dev/binder'...
03-12 23:52:58.260  1181  1181 I ServiceManager: Waiting for service 'package_native' on '/dev/binder'...
03-12 23:52:58.269     0     0 I         : @6 subsys-pil-tz 4080000.qcom,mss: Subsystem error monitoring/handling services are up
03-12 23:52:58.269     0     0 I         : @6 subsys-pil-tz 4080000.qcom,mss: modem: Power/Clock ready interrupt received
03-12 23:52:58.273     0     0 I         : @5 ipa-wan ipa3_lcl_mdm_ssr_notifier_cb:3108 IPA received MPSS AFTER_POWERUP
03-12 23:52:58.273     0     0 E         : @5 ipa ipa3_odl_pipe_open:358 adpl pipe not configured
03-12 23:52:58.273     0     0 I         : @5 ipa-wan ipa3_lcl_mdm_ssr_notifier_cb:3113 IPA AFTER_POWERUP handling is complete
03-12 23:52:58.274  1045  1063 D PerMgrSrv: modem new state: is on-line
03-12 23:52:58.274  1045  1059 D PerMgrSrv: modem state: is on-line, add client cnss-daemon
03-12 23:52:58.274  1045  1059 D PerMgrSrv: cnss-daemon registered
03-12 23:52:58.274  1297  1297 D PerMgrLib: cnss-daemon successfully registered for modem
03-12 23:52:58.274  1297  1297 D PerMgrLib: cnss-daemon voting for modem
03-12 23:52:58.274  1045  1059 D PerMgrSrv: cnss-daemon voting for modem
03-12 23:52:58.274  1045  1059 D PerMgrSrv: modem num voters is 2
03-12 23:52:58.277  1015  1015 I vendor.rmt_storage: rmt_storage_connect_cb: clnt_h=0x1 conn_h=0x77c75b35d0
03-12 23:52:58.277     0     0 E @6 rmt_storage: INFO:rmt_storage_open_cb: Processing: Open Request for /boot/modem_fs1!
03-12 23:52:58.277  1015  1015 I vendor.rmt_storage: rmt_storage_open_cb: /boot/modem_fs1: req_h=0x1 msg_id=1: Client found
03-12 23:52:58.277  1015  1015 I vendor.rmt_storage: rmt_storage_open_cb: /boot/modem_fs1: req_h=0x1 msg_id=1: Send response: res=0 err=0
03-12 23:52:58.277  1015  1015 I vendor.rmt_storage: rmt_storage_connect_cb: clnt_h=0x2 conn_h=0x77c75b36b0
03-12 23:52:58.277     0     0 E @6 rmt_storage: INFO:rmt_storage_open_cb: Processing: Open Request for /boot/modem_fs2!
03-12 23:52:58.277  1015  1015 I vendor.rmt_storage: rmt_storage_open_cb: /boot/modem_fs2: req_h=0x2 msg_id=1: Client found
03-12 23:52:58.277  1015  1015 I vendor.rmt_storage: rmt_storage_open_cb: /boot/modem_fs2: req_h=0x2 msg_id=1: Send response: res=0 err=0
03-12 23:52:58.277  1015  1015 I vendor.rmt_storage: rmt_storage_connect_cb: clnt_h=0x3 conn_h=0x77c75b32d0
03-12 23:52:58.277     0     0 E @6 rmt_storage: INFO:rmt_storage_open_cb: Processing: Open Request for /boot/modem_fsg!
03-12 23:52:58.277  1015  1015 I vendor.rmt_storage: rmt_storage_open_cb: /boot/modem_fsg: req_h=0x3 msg_id=1: Client found
03-12 23:52:58.277  1015  1015 I vendor.rmt_storage: rmt_storage_open_cb: /boot/modem_fsg: req_h=0x3 msg_id=1: Send response: res=0 err=0
03-12 23:52:58.278     0     0 I @0 service-notifier: service_notifier_new_server: Connection established between QMI handle and 180 service
03-12 23:52:58.278     0     0 I @5 sysmon-qmi: ssctl_new_server: Connection established between QMI handle and modem's SSCTL service
03-12 23:52:58.279  1015  1015 I vendor.rmt_storage: rmt_storage_connect_cb: clnt_h=0x4 conn_h=0x77c75b3490
03-12 23:52:58.279  1015  1015 I oem_rmts: oem_remote_storage_should_create_client: init a new client for path:/oem/nvbk/static
03-12 23:52:58.279     0     0 E @5 rmt_storage: INFO:oem_remote_storage_should_create_client: init a new client for path /oem/nvbk/static!
03-12 23:52:58.279  1015  1015 I vendor.rmt_storage: rmt_storage_open_cb: /oem/nvbk/static: req_h=0x4 msg_id=1: Client found
03-12 23:52:58.279  1015  1015 I vendor.rmt_storage: rmt_storage_open_cb: /oem/nvbk/static: req_h=0x4 msg_id=1: Send response: res=0 err=0
03-12 23:52:58.279  1015  1015 I vendor.rmt_storage: rmt_storage_disconnect_cb: clnt_h=0x1 conn_h=0x77c75b35d0
03-12 23:52:58.279  1015  1015 I vendor.rmt_storage: rmt_storage_disconnect_cb: clnt_h=0x2 conn_h=0x77c75b36b0
03-12 23:52:58.279  1015  1015 I vendor.rmt_storage: rmt_storage_disconnect_cb: clnt_h=0x3 conn_h=0x77c75b32d0
03-12 23:52:58.279  1015  1015 I vendor.rmt_storage: rmt_storage_connect_cb: clnt_h=0x5 conn_h=0x77c75b32d0
03-12 23:52:58.279  1015  1015 I oem_rmts: oem_remote_storage_should_create_client: init a new client for path:/oem/nvbk/dynamic
03-12 23:52:58.279     0     0 E @5 rmt_storage: INFO:oem_remote_storage_should_create_client: init a new client for path /oem/nvbk/dynamic!
03-12 23:52:58.279  1015  1015 I vendor.rmt_storage: rmt_storage_open_cb: /oem/nvbk/dynamic: req_h=0x5 msg_id=1: Client found
03-12 23:52:58.279  1015  1015 I vendor.rmt_storage: rmt_storage_open_cb: /oem/nvbk/dynamic: req_h=0x5 msg_id=1: Send response: res=0 err=0
03-12 23:52:58.280  1015  1015 I vendor.rmt_storage: rmt_storage_disconnect_cb: clnt_h=0x4 conn_h=0x77c75b3490
03-12 23:52:58.280  1015  1015 I vendor.rmt_storage: rmt_storage_disconnect_cb: clnt_h=0x5 conn_h=0x77c75b32d0
03-12 23:52:58.280  1297  1398 E cnss-daemon: ro.baseband : [msm]
03-12 23:52:58.280  1015  1015 I vendor.rmt_storage: rmt_storage_connect_cb: clnt_h=0x6 conn_h=0x77c75b32d0
03-12 23:52:58.280  1015  1015 I vendor.rmt_storage: rmt_storage_alloc_buff_cb: /boot/modem_fs1: req_h=0x6 msg_id=4: Alloc request received: Size: 2097152
03-12 23:52:58.280  1015  1015 I vendor.rmt_storage: rmt_storage_alloc_buff_cb: /boot/modem_fs1: req_h=0x6 msg_id=4: Old Client requesting buffer from RMTS Server
03-12 23:52:58.280     0     0 E @6 rmt_storage: INFO:rmt_storage_alloc_buff_cb: Received req_size: 2097152! avail: 2097152
03-12 23:52:58.280  1015  1015 I vendor.rmt_storage: rmt_storage_alloc_buff_cb: /boot/modem_fs1: req_h=0x6 msg_id=4: Send response: res=0 err=0
03-12 23:52:58.281  1015  1015 I vendor.rmt_storage: rmt_storage_disconnect_cb: clnt_h=0x6 conn_h=0x77c75b32d0
03-12 23:52:58.281  1015  1405 I vendor.rmt_storage: rmt_storage_client_thread: /boot/modem_fsg: Worker thread started
03-12 23:52:58.282  1015  1405 I vendor.rmt_storage: wake lock name: rmt_storage_514172660992, name creation success: 24
03-12 23:52:58.282  1015  1404 I vendor.rmt_storage: rmt_storage_client_thread: /boot/modem_fs2: Worker thread started
03-12 23:52:58.282  1015  1404 I vendor.rmt_storage: wake lock name: rmt_storage_514173697280, name creation success: 24
03-12 23:52:58.282  1015  1015 I vendor.rmt_storage: rmt_storage_connect_cb: clnt_h=0x7 conn_h=0x77c75b32d0
03-12 23:52:58.282  1015  1015 I vendor.rmt_storage: rmt_storage_get_client: No client found for hndl=10
03-12 23:52:58.282  1015  1015 I vendor.rmt_storage: rmt_storage_rw_iovec_cb: /oem/nvbk/static: req_h=0x7 msg_id=3: R/W request received
03-12 23:52:58.282  1015  1015 I oem_rmts: oem_remote_storage_is_oem_client: It's an oem storage client.
03-12 23:52:58.282  1015  1015 I vendor.rmt_storage: wakelock acquired: 1, error no: 11
03-12 23:52:58.283  1015  1406 I vendor.rmt_storage: rmt_storage_client_thread: /oem/nvbk/static: Worker thread started
03-12 23:52:58.283  1015  1406 I vendor.rmt_storage: wake lock name: rmt_storage_514171624704, name creation success: 24
03-12 23:52:58.283  1015  1406 I vendor.rmt_storage: rmt_storage_client_thread: /oem/nvbk/static: req_h=0x7 msg_id=3: Bytes read = 512
03-12 23:52:58.283  1015  1406 I vendor.rmt_storage: rmt_storage_client_thread: /oem/nvbk/static: req_h=0x7 msg_id=3: Send response: res=0 err=0
03-12 23:52:58.283  1015  1406 I vendor.rmt_storage: rmt_storage_client_thread: /oem/nvbk/static: About to block rmt_storage client thread (th_id: 514171624704) wakelock released: 0, error no: 22
03-12 23:52:58.283  1015  1406 I vendor.rmt_storage: 
03-12 23:52:58.283  1015  1015 I vendor.rmt_storage: rmt_storage_connect_cb: clnt_h=0x8 conn_h=0x77c75b3490
03-12 23:52:58.283  1015  1015 I vendor.rmt_storage: rmt_storage_get_client: No client found for hndl=10
03-12 23:52:58.283  1015  1015 I vendor.rmt_storage: rmt_storage_rw_iovec_cb: /oem/nvbk/static: req_h=0x8 msg_id=3: R/W request received
03-12 23:52:58.284  1015  1407 I vendor.rmt_storage: rmt_storage_client_thread: /oem/nvbk/dynamic: Worker thread started
03-12 23:52:58.284  1015  1407 I vendor.rmt_storage: wake lock name: rmt_storage_514170588416, name creation success: 24
03-12 23:52:58.284  1015  1015 I oem_rmts: oem_remote_storage_is_oem_client: It's an oem storage client.
03-12 23:52:58.284  1015  1015 I vendor.rmt_storage: wakelock acquired: 1, error no: 11
03-12 23:52:58.284  1015  1015 I vendor.rmt_storage: rmt_storage_disconnect_cb: clnt_h=0x7 conn_h=0x77c75b32d0
03-12 23:52:58.284  1015  1403 I vendor.rmt_storage: rmt_storage_client_thread: /boot/modem_fs1: Worker thread started
03-12 23:52:58.284  1015  1403 I vendor.rmt_storage: wake lock name: rmt_storage_514174733568, name creation success: 24
03-12 23:52:58.284  1015  1406 I vendor.rmt_storage: rmt_storage_client_thread: /oem/nvbk/static: Unblock worker thread (th_id: 514171624704)
03-12 23:52:58.286  1015  1406 I vendor.rmt_storage: rmt_storage_client_thread: /oem/nvbk/static: req_h=0x8 msg_id=3: Bytes read = 895488
03-12 23:52:58.286  1015  1406 I vendor.rmt_storage: rmt_storage_client_thread: /oem/nvbk/static: req_h=0x8 msg_id=3: Send response: res=0 err=0
03-12 23:52:58.286  1015  1406 I vendor.rmt_storage: rmt_storage_client_thread: /oem/nvbk/static: About to block rmt_storage client thread (th_id: 514171624704) wakelock released: 1, error no: 22
03-12 23:52:58.286  1015  1406 I vendor.rmt_storage: 
03-12 23:52:58.286  1015  1015 I vendor.rmt_storage: rmt_storage_disconnect_cb: clnt_h=0x8 conn_h=0x77c75b3490
03-12 23:52:58.298  1395  1395 I QTI_SDM_INFO: [qti_main.c:590] main():Successfully got the watch descriptor fd:4 for the hex dumps
03-12 23:52:58.298  1395  1395 I QTI_SDM_INFO: [qti_main.c:607] main():Start QTI
03-12 23:52:58.298  1395  1395 I QTI_SDM_INFO: [qti_main.c:705] main():DPL mode only 0
03-12 23:52:58.298  1395  1395 I QTI_SDM_INFO: [qti_rmnet_peripheral.c:820] qti_rmnet_ph_init():Open peripheral file to receive QMI messages
03-12 23:52:58.298  1395  1395 I QTI_SDM_INFO: [qti_rmnet_peripheral.c:766] qti_file_open():Successfully opened device file. FD is 7
03-12 23:52:58.298  1395  1395 I QTI_SDM_INFO: [qti_rmnet_peripheral.c:838] qti_rmnet_ph_init():Opened USB file's fd is 7
03-12 23:52:58.298  1395  1395 E QTI_SDM_INFO: [qti_rmnet_peripheral.c:758] qti_file_open():Could not open device file. Errno 2 error msg=No such file or directory
03-12 23:52:58.305  1015  1015 I vendor.rmt_storage: rmt_storage_connect_cb: clnt_h=0x9 conn_h=0x77c75b3490
03-12 23:52:58.305  1015  1015 I vendor.rmt_storage: rmt_storage_get_client: No client found for hndl=9
03-12 23:52:58.305  1015  1015 I vendor.rmt_storage: rmt_storage_rw_iovec_cb: /oem/nvbk/dynamic: req_h=0x9 msg_id=3: R/W request received
03-12 23:52:58.306  1015  1015 I oem_rmts: oem_remote_storage_is_oem_client: It's an oem storage client.
03-12 23:52:58.306  1015  1015 I vendor.rmt_storage: wakelock acquired: 1, error no: 11
03-12 23:52:58.306  1015  1407 I vendor.rmt_storage: rmt_storage_client_thread: /oem/nvbk/dynamic: Unblock worker thread (th_id: 514170588416)
03-12 23:52:58.306  1015  1407 I vendor.rmt_storage: rmt_storage_client_thread: /oem/nvbk/dynamic: req_h=0x9 msg_id=3: Bytes read = 512
03-12 23:52:58.306  1015  1407 I vendor.rmt_storage: rmt_storage_client_thread: /oem/nvbk/dynamic: req_h=0x9 msg_id=3: Send response: res=0 err=0
03-12 23:52:58.306  1015  1407 I vendor.rmt_storage: rmt_storage_client_thread: /oem/nvbk/dynamic: About to block rmt_storage client thread (th_id: 514170588416) wakelock released: 1, error no: 0
03-12 23:52:58.306  1015  1407 I vendor.rmt_storage: 
03-12 23:52:58.306  1015  1015 I vendor.rmt_storage: rmt_storage_disconnect_cb: clnt_h=0x9 conn_h=0x77c75b3490
03-12 23:52:58.306  1015  1015 I vendor.rmt_storage: rmt_storage_connect_cb: clnt_h=0xa conn_h=0x77c75b3490
03-12 23:52:58.306  1015  1015 I vendor.rmt_storage: rmt_storage_get_client: No client found for hndl=9
03-12 23:52:58.306  1015  1015 I vendor.rmt_storage: rmt_storage_rw_iovec_cb: /oem/nvbk/dynamic: req_h=0xa msg_id=3: R/W request received
03-12 23:52:58.306  1015  1015 I oem_rmts: oem_remote_storage_is_oem_client: It's an oem storage client.
03-12 23:52:58.306  1015  1015 I vendor.rmt_storage: wakelock acquired: 1, error no: 11
03-12 23:52:58.306  1015  1407 I vendor.rmt_storage: rmt_storage_client_thread: /oem/nvbk/dynamic: Unblock worker thread (th_id: 514170588416)
03-12 23:52:58.308  1015  1407 I vendor.rmt_storage: rmt_storage_client_thread: /oem/nvbk/dynamic: req_h=0xa msg_id=3: Bytes read = 954368
03-12 23:52:58.308  1015  1407 I vendor.rmt_storage: rmt_storage_client_thread: /oem/nvbk/dynamic: req_h=0xa msg_id=3: Send response: res=0 err=0
03-12 23:52:58.308  1015  1407 I vendor.rmt_storage: rmt_storage_client_thread: /oem/nvbk/dynamic: About to block rmt_storage client thread (th_id: 514170588416) wakelock released: 1, error no: 0
03-12 23:52:58.308  1015  1407 I vendor.rmt_storage: 
03-12 23:52:58.308  1015  1015 I vendor.rmt_storage: rmt_storage_disconnect_cb: clnt_h=0xa conn_h=0x77c75b3490
03-12 23:52:58.312     0     0 W @2 QSEECOM: qseecom_load_app: App with id 4 (gfp9558) now loaded
03-12 23:52:58.313  1355  1355 D QSEECOMAPI: Loaded image: APP id = 4
03-12 23:52:58.313     0     0 I         : @7 subsys-pil-tz soc:qcom,kgsl-hyp: a640_zap: Brought out of reset
03-12 23:52:58.314  1355  1355 D [GF_HAL][CaEntry]: [startTap] Load ta: gfp9558 succeeded.
03-12 23:52:58.314  1355  1355 D QSEECOMAPI: QSEECom_get_handle sb_length = 0x1000
03-12 23:52:58.315  1355  1355 D QSEECOMAPI: App is already loaded QSEE and app id = 1
03-12 23:52:58.315  1355  1355 D [GF_HAL][CaEntry]: [fetchHmacKeyFromKeyMaster] start keymaster ta succeeded, handle=0x7b779a8a10
03-12 23:52:58.315  1065  1065 I AdrenoGLES-0: PFP: 0x016ee190, ME: 0x00000000
03-12 23:52:58.315  1187  1187 I ServiceManager: Waiting for service 'package_native' on '/dev/binder'...
03-12 23:52:58.319  1355  1355 D [GF_HAL][CaEntry]: [fetchHmacKeyFromKeyMaster] fetch hmac key from keymaster succeeded, key offset:12, key len:152
03-12 23:52:58.319  1355  1355 D QSEECOMAPI: QSEECom_dealloc_memory 
03-12 23:52:58.319  1355  1355 D QSEECOMAPI: QSEECom_shutdown_app, app_id = 1
03-12 23:52:58.319  1355  1355 D [GF_HAL][CaEntry]: [sendCommand] request token: 1, target: 1000, cmd id: 10
03-12 23:52:58.319  1355  1355 D [GF_HAL][CaEntry]: [sendCommand] carveout_ion_handle_fd = 0,carveout_ion_handle_len = 0 
03-12 23:52:58.320  1190  1190 I ServiceManager: Waiting for service 'package_native' on '/dev/binder'...
03-12 23:52:58.321  1409  1409 I ADPL_SDM_INFO: [adpl_main.c:367] main():Start ADPL
03-12 23:52:58.321  1409  1409 I ADPL_SDM_INFO: [adpl_dpm.c:232] adpl_dpm_init():adpl_dpm_init()
03-12 23:52:58.322  1409  1409 I ADPL_SDM_INFO: [adpl_dpm.c:260] adpl_dpm_init():Successful DPM service registration
03-12 23:52:58.322  1409  1409 I ADPL_SDM_INFO: [adpl_peripheral.c:388] adpl_ph_init():Open ADPL file to receive QMI messages
03-12 23:52:58.322  1409  1409 I ADPL_SDM_INFO: [adpl_peripheral.c:141] adpl_file_open():Successfully opened device file. FD is 10
03-12 23:52:58.322  1409  1409 I ADPL_SDM_INFO: [adpl_peripheral.c:403] adpl_ph_init():Opened ADPL file's fd is 10
03-12 23:52:58.322  1409  1409 I ADPL_SDM_INFO: [adpl_peripheral.c:633] odl_ph_init():Open ODL file to receive QMI messages
03-12 23:52:58.322  1409  1409 I ADPL_SDM_INFO: [adpl_peripheral.c:141] adpl_file_open():Successfully opened device file. FD is 11
03-12 23:52:58.322  1409  1409 I ADPL_SDM_INFO: [adpl_peripheral.c:647] odl_ph_init():Opened ODL file's fd is 11
03-12 23:52:58.326  1355  1355 D [GF_HAL][CaEntry]: [sendCommand] request token: 2, target: 1002, cmd id: 9
03-12 23:52:58.326  1355  1355 D [GF_HAL][CaEntry]: [sendCommand] carveout_ion_handle_fd = 14,carveout_ion_handle_len = 4194304 
03-12 23:52:58.328  1015  1015 I vendor.rmt_storage: rmt_storage_connect_cb: clnt_h=0xb conn_h=0x77c75b3490
03-12 23:52:58.328  1015  1015 I vendor.rmt_storage: rmt_storage_rw_iovec_cb: /boot/modem_fs1: req_h=0xb msg_id=3: R/W request received
03-12 23:52:58.328  1015  1015 I vendor.rmt_storage: wakelock acquired: 1, error no: 11
03-12 23:52:58.329  1015  1403 I vendor.rmt_storage: rmt_storage_client_thread: /boot/modem_fs1: Unblock worker thread (th_id: 514174733568)
03-12 23:52:58.329  1015  1403 I vendor.rmt_storage: rmt_storage_client_thread: /boot/modem_fs1: req_h=0xb msg_id=3: Bytes read = 512
03-12 23:52:58.329  1015  1403 I vendor.rmt_storage: rmt_storage_client_thread: /boot/modem_fs1: req_h=0xb msg_id=3: Send response: res=0 err=0
03-12 23:52:58.330  1015  1403 I vendor.rmt_storage: rmt_storage_client_thread: /boot/modem_fs1: About to block rmt_storage client thread (th_id: 514174733568) wakelock released: 1, error no: 0
03-12 23:52:58.330  1015  1403 I vendor.rmt_storage: 
03-12 23:52:58.330  1015  1015 I vendor.rmt_storage: rmt_storage_connect_cb: clnt_h=0xc conn_h=0x77c75b32d0
03-12 23:52:58.330  1015  1015 I vendor.rmt_storage: rmt_storage_rw_iovec_cb: /boot/modem_fs2: req_h=0xc msg_id=3: R/W request received
03-12 23:52:58.330  1015  1015 I vendor.rmt_storage: wakelock acquired: 1, error no: 11
03-12 23:52:58.330  1015  1015 I vendor.rmt_storage: rmt_storage_disconnect_cb: clnt_h=0xb conn_h=0x77c75b3490
03-12 23:52:58.330  1015  1404 I vendor.rmt_storage: rmt_storage_client_thread: /boot/modem_fs2: Unblock worker thread (th_id: 514173697280)
03-12 23:52:58.330  1015  1404 I vendor.rmt_storage: rmt_storage_client_thread: /boot/modem_fs2: req_h=0xc msg_id=3: Bytes read = 512
03-12 23:52:58.330  1015  1404 I vendor.rmt_storage: rmt_storage_client_thread: /boot/modem_fs2: req_h=0xc msg_id=3: Send response: res=0 err=0
03-12 23:52:58.330  1015  1404 I vendor.rmt_storage: rmt_storage_client_thread: /boot/modem_fs2: About to block rmt_storage client thread (th_id: 514173697280) wakelock released: 1, error no: 0
03-12 23:52:58.330  1015  1404 I vendor.rmt_storage: 
03-12 23:52:58.330  1065  1065 I Gralloc4: Adding additional valid usage bits: 0x8202400
03-12 23:52:58.331  1015  1015 I vendor.rmt_storage: rmt_storage_disconnect_cb: clnt_h=0xc conn_h=0x77c75b32d0
03-12 23:52:58.331   988  1057 E ion     : ioctl c0044901 failed with code -1: Inappropriate ioctl for device
03-12 23:52:58.332  1015  1015 I vendor.rmt_storage: rmt_storage_connect_cb: clnt_h=0xd conn_h=0x77c75b32d0
03-12 23:52:58.332  1015  1015 I vendor.rmt_storage: rmt_storage_rw_iovec_cb: /boot/modem_fs2: req_h=0xd msg_id=3: R/W request received
03-12 23:52:58.332  1015  1015 I vendor.rmt_storage: wakelock acquired: 1, error no: 11
03-12 23:52:58.332  1065  1065 I RenderEngine: OpenGL ES informations:
03-12 23:52:58.332  1015  1404 I vendor.rmt_storage: rmt_storage_client_thread: /boot/modem_fs2: Unblock worker thread (th_id: 514173697280)
03-12 23:52:58.332  1065  1065 I RenderEngine: vendor    : Qualcomm
03-12 23:52:58.332  1065  1065 I RenderEngine: renderer  : Adreno (TM) 640
03-12 23:52:58.332  1065  1065 I RenderEngine: version   : OpenGL ES 3.2 V@0502.0 (GIT@ab8b468, I1017670a82, 1612548454) (Date:02/05/21)
03-12 23:52:58.332  1065  1065 I RenderEngine: extensions: GL_OES_EGL_image GL_OES_EGL_image_external GL_OES_EGL_sync GL_OES_vertex_half_float GL_OES_framebuffer_object GL_OES_rgb8_rgba8 GL_OES_compressed_ETC1_RGB8_texture GL_AMD_compressed_ATC_texture GL_KHR_texture_compression_astc_ldr GL_KHR_texture_compression_astc_hdr GL_OES_texture_compression_astc GL_OES_texture_npot GL_EXT_texture_filter_anisotropic GL_EXT_texture_format_BGRA8888 GL_EXT_read_format_bgra GL_OES_texture_3D GL_EXT_color_buffer_float GL_EXT_color_buffer_half_float GL_QCOM_alpha_test GL_OES_depth24 GL_OES_packed_depth_stencil GL_OES_depth_texture GL_OES_depth_texture_cube_map GL_EXT_sRGB GL_OES_texture_float GL_OES_texture_float_linear GL_OES_texture_half_float GL_OES_texture_half_float_linear GL_EXT_texture_type_2_10_10_10_REV GL_EXT_texture_sRGB_decode GL_EXT_texture_format_sRGB_override GL_OES_element_index_uint GL_EXT_copy_image GL_EXT_geometry_shader GL_EXT_tessellation_shader GL_OES_texture_stencil8 GL_EXT_shader_io_blocks GL_OES_shader_image_atomic GL_OES_sample_variables GL_EX
03-12 23:52:58.332  1065  1065 I RenderEngine: GL_MAX_TEXTURE_SIZE = 16384
03-12 23:52:58.332  1065  1065 I RenderEngine: GL_MAX_VIEWPORT_DIMS = 16384
03-12 23:52:58.334  1015  1404 I vendor.rmt_storage: rmt_storage_client_thread: /boot/modem_fs2: req_h=0xd msg_id=3: Bytes read = 2096128
03-12 23:52:58.335  1015  1404 I vendor.rmt_storage: rmt_storage_client_thread: /boot/modem_fs2: req_h=0xd msg_id=3: Send response: res=0 err=0
03-12 23:52:58.335  1015  1404 I vendor.rmt_storage: rmt_storage_client_thread: /boot/modem_fs2: About to block rmt_storage client thread (th_id: 514173697280) wakelock released: 1, error no: 0
03-12 23:52:58.335  1015  1404 I vendor.rmt_storage: 
03-12 23:52:58.335  1015  1015 I vendor.rmt_storage: rmt_storage_disconnect_cb: clnt_h=0xd conn_h=0x77c75b32d0
03-12 23:52:58.337  1355  1355 D [GF_HAL][HalContext]: [invokeCommand] err = 0, errno = GF_SUCCESS
03-12 23:52:58.337  1355  1355 D [GF_HAL][Thread]: [createThread] Thread id = 3323890880
03-12 23:52:58.338  1355  1416 D [GF_HAL][HalDsp]: [threadLoop] thread runing
03-12 23:52:58.338  1355  1416 D [GF_HAL][HalDsp]: [threadLoop] notify ready
03-12 23:52:58.338  1355  1355 D [GF_HAL][HalDsp]: [init] receive ready
03-12 23:52:58.338  1355  1355 D [GF_HAL][HalDsp]: [init] notify init, but NO wait
03-12 23:52:58.338  1355  1355 D [GF_HAL][CaEntry]: [sendCommand] request token: 3, target: 1002, cmd id: 0
03-12 23:52:58.338  1355  1355 D [GF_HAL][CaEntry]: [sendCommand] carveout_ion_handle_fd = 14,carveout_ion_handle_len = 4194304 
03-12 23:52:58.338  1355  1416 D [GF_HAL][HalDsp]: [processSendCmd] receive cmd
03-12 23:52:58.344  1065  1065 E HWComposer: loadLayerMetadataSupport: getLayerGenericMetadataKeys failed: UNSUPPORTED (8)
03-12 23:52:58.344   944   944 I chatty  : uid=1000(system) composer@2.4-se expire 24 lines
03-12 23:52:58.344  1065  1065 I HWComposer: Switching to generalized multi-display mode
03-12 23:52:58.344  1065  1065 W DisplayIdentification: Invalid EDID: falling back to serial number due to missing display name.
03-12 23:52:58.344  1065  1065 W DisplayIdentification: Invalid EDID: falling back to ASCII text due to missing serial number.
03-12 23:52:58.344  1065  1065 E HWComposer: isConnected failed for display 19260779396743297: Invalid display
03-12 23:52:58.345  1355  1416 D [GF_HAL][gf_proxy_main]: [gf_proxy_dsp_init] enter
03-12 23:52:58.345  1355  1416 D [GF_HAL][gf_proxy_main]: [gf_proxy_sem_init] enter
03-12 23:52:58.345  1355  1416 D [GF_HAL][gf_proxy_main]: [gf_proxy_sem_init] exit
03-12 23:52:58.347  1355  1416 I android.hardware.biometrics.fingerprint@2.1-service.oneplus_msmnile: Successfully opened fastrpc_shell_3
03-12 23:52:58.347  1065  1419 W SurfaceFlinger: Ignoring VSYNC request while display is disconnected
03-12 23:52:58.348  1065  1419 W SurfaceFlinger: Ignoring VSYNC request while display is disconnected
03-12 23:52:58.349  1065  1420 W SurfaceFlinger: Ignoring VSYNC request while display is disconnected
03-12 23:52:58.349  1065  1420 W SurfaceFlinger: Ignoring VSYNC request while display is disconnected
03-12 23:52:58.350  1065  1419 W SurfaceFlinger: Ignoring VSYNC request while display is disconnected
03-12 23:52:58.350  1065  1419 W SurfaceFlinger: Ignoring VSYNC request while display is disconnected
03-12 23:52:58.350  1065  1065 I FramebufferSurface: framebuffer size has been limited to [1440x3120] from [1440x3120]
03-12 23:52:58.360   865   865 I ServiceManager: Waiting for service 'statscompanion' on '/dev/binder'...
03-12 23:52:58.360  1181  1181 I ServiceManager: Waiting for service 'package_native' on '/dev/binder'...
03-12 23:52:58.364     0     0 E @4 [drm-dp]: dp_connector_detect: dp_connector_detect:op_dp_enable=0
03-12 23:52:58.365     0     0 E @4 [drm-dp]: dp_connector_detect: dp_connector_detect:op_dp_enable=0
03-12 23:52:58.366  1355  1416 I android.hardware.biometrics.fingerprint@2.1-service.oneplus_msmnile: Successfully created user PD on domain 3 (attrs 0x0, debug_trace 0x0)
03-12 23:52:58.366  1355  1416 I android.hardware.biometrics.fingerprint@2.1-service.oneplus_msmnile: fastrpc_perf_init: enabled RPC traces (kernel 0, dsp 0) with frequency 1000
03-12 23:52:58.372  1355  1423 W android.hardware.biometrics.fingerprint@2.1-service.oneplus_msmnile: vendor/qcom/proprietary/commonsys-intf/adsprpc/src/apps_std_imp.c:749: Warning: fopen returned 0x2 for file oemconfig.so. (No such file or directory)
03-12 23:52:58.377  1355  1423 W android.hardware.biometrics.fingerprint@2.1-service.oneplus_msmnile: vendor/qcom/proprietary/commonsys-intf/adsprpc/src/apps_std_imp.c:749: Warning: fopen returned 0x2 for file testsig-0x9491e122.so. (No such file or directory)
03-12 23:52:58.378  1355  1423 W android.hardware.biometrics.fingerprint@2.1-service.oneplus_msmnile: vendor/qcom/proprietary/commonsys-intf/adsprpc/src/apps_std_imp.c:749: Warning: fopen returned 0x2 for file testsig.so. (No such file or directory)
03-12 23:52:58.381  1355  1416 I android.hardware.biometrics.fingerprint@2.1-service.oneplus_msmnile: remote_handle64_open: Successfully opened handle 0x779a8210 for file:///libproxy_skel.so?proxy_skel_handle_invoke&_modver=1.0&_dom=cdsp on domain 3
03-12 23:52:58.381  1355  1416 D [GF_HAL][gf_proxy_main]: [gf_proxy_open_handle] open handle:530287591952 success
03-12 23:52:58.390  1355  1355 D [GF_HAL][HalContext]: [invokeCommand] err = 0, errno = GF_SUCCESS
03-12 23:52:58.390  1355  1355 D [GF_HAL][CaEntry]: [sendCommand] request token: 4, target: 1002, cmd id: 1
03-12 23:52:58.390  1355  1355 D [GF_HAL][CaEntry]: [sendCommand] carveout_ion_handle_fd = 14,carveout_ion_handle_len = 4194304 
03-12 23:52:58.392     0     0 E         : @5 FF BUS RESET                    0 ?
03-12 23:52:58.395  1355  1355 D [GF_HAL][HalContext]: [invokeCommand] err = 0, errno = GF_SUCCESS
03-12 23:52:58.395  1355  1355 I [GF_HAL][Device]: [enable] g_netlink_route=25
03-12 23:52:58.395  1355  1355 D [GF_HAL][Thread]: [createThread] Thread id = 3269889216
03-12 23:52:58.395  1355  1355 D [GF_HAL][CaEntry]: [sendCommand] request token: 5, target: 1002, cmd id: 2
03-12 23:52:58.395  1355  1355 D [GF_HAL][CaEntry]: [sendCommand] carveout_ion_handle_fd = 14,carveout_ion_handle_len = 4194304 
03-12 23:52:58.395     0     0 W gf_spi  : IRQ has been enabled.
03-12 23:52:58.402  1355  1428 D [GF_HAL][Device]: [threadLoop] GF netlink thread started
03-12 23:52:58.403  1355  1428 D [GF_HAL][Device]: [threadLoop] native process pid=1355
03-12 23:52:58.403  1355  1428 D [GF_HAL][Device]: [threadLoop] bind done
03-12 23:52:58.403  1355  1428 D [GF_HAL][Device]: [threadLoop] send init msg to kernel
03-12 23:52:58.416  1187  1187 I ServiceManager: Waiting for service 'package_native' on '/dev/binder'...
03-12 23:52:58.420  1190  1190 I ServiceManager: Waiting for service 'package_native' on '/dev/binder'...
03-12 23:52:58.449     0     0 E         : @6 FF CONNECT DONE                 0 ?
03-12 23:52:58.456     0     0 I coresight-remote-etm soc: modem_etm0: Connection established between QMI handle and 2 service
03-12 23:52:58.458   936   936 E CamX    : [ERROR][HWL    ] camxhwenvironment.cpp:618 ProbeImageSensorModules() ImageSensorModuleDataManager created
03-12 23:52:58.458   936   936 E CamX    : [ERROR][SENSOR ] camximagesensormoduledata.cpp:629 Probe() vendorIDAddr:10000,  vendorID:3, slaveAddress:a2
03-12 23:52:58.458     0     0 I @7 CAM_INFO: CAM-SENSOR: cam_sensor_update_id_info: 688 eeprom_slave_addr:  0xa2, vendor_id_Addr: 0x00010000, vendorID: 0x03, vendor_mask: 0x0
