03-12 23:52:58.459  1164  1210 E ThermalEngine: read error 0. buf:[add@/devices/virtual/thermal/cooling_device21 ACTION=add DEVPATH=/devices/virtual/thermal/cooling_device21 SUBSYSTEM=thermal SEQNUM=7344 ]
03-12 23:52:58.459   956   979 E android.hardware.thermal@2.0-service.qti: read error:0. buf:add@/devices/virtual/thermal/cooling_device21 ACTION=add DEVPATH=/devices/virtual/thermal/cooling_device21 SUBSYSTEM=thermal SEQNUM=7344 
03-12 23:52:58.459  1164  1194 I ThermalEngine: MODEM thermal mitigation available.
03-12 23:52:58.459  1164  1210 E ThermalEngine: read error 0. buf:[add@/devices/virtual/thermal/cooling_device22 ACTION=add DEVPATH=/devices/virtual/thermal/cooling_device22 SUBSYSTEM=thermal SEQNUM=7345 ]
03-12 23:52:58.459   956   979 E android.hardware.thermal@2.0-service.qti: read error:0. buf:add@/devices/virtual/thermal/cooling_device22 ACTION=add DEVPATH=/devices/virtual/thermal/cooling_device22 SUBSYSTEM=thermal SEQNUM=7345 
03-12 23:52:58.459  1164  1194 I ThermalEngine: Mitigation:modem[MODEM]:0 pending QMI request succeded
03-12 23:52:58.459  1164  1210 E ThermalEngine: read error 0. buf:[add@/devices/virtual/thermal/cooling_device23 ACTION=add DEVPATH=/devices/virtual/thermal/cooling_device23 SUBSYSTEM=thermal SEQNUM=7346 ]
03-12 23:52:58.459  1164  1194 I ThermalEngine: Mitigation:vdd_restriction[MODEM]:0 pending QMI request succeded
03-12 23:52:58.460  1164  1194 I ThermalEngine: Mitigation:modem_proc[MODEM]:0 pending QMI request succeded
03-12 23:52:58.460  1164  1194 I ThermalEngine: Mitigation:modem_proc_current[MODEM]:0 pending QMI request succeded
03-12 23:52:58.460  1164  1210 E ThermalEngine: read error 0. buf:[add@/devices/virtual/thermal/cooling_device24 ACTION=add DEVPATH=/devices/virtual/thermal/cooling_device24 SUBSYSTEM=thermal SEQNUM=7347 ]
03-12 23:52:58.460  1164  1194 I ThermalEngine: Mitigation:modem_skin[MODEM]:0 pending QMI request succeded
03-12 23:52:58.460   956   979 E android.hardware.thermal@2.0-service.qti: read error:0. buf:add@/devices/virtual/thermal/cooling_device23 ACTION=add DEVPATH=/devices/virtual/thermal/cooling_device23 SUBSYSTEM=thermal SEQNUM=7346 
03-12 23:52:58.460   956   979 E android.hardware.thermal@2.0-service.qti: read error:0. buf:add@/devices/virtual/thermal/cooling_device24 ACTION=add DEVPATH=/devices/virtual/thermal/cooling_device24 SUBSYSTEM=thermal SEQNUM=7347 
03-12 23:52:58.460  1164  1210 E ThermalEngine: read error 0. buf:[add@/devices/virtual/thermal/cooling_device25 ACTION=add DEVPATH=/devices/virtual/thermal/cooling_device25 SUBSYSTEM=thermal SEQNUM=7348 ]
03-12 23:52:58.460   956   979 E android.hardware.thermal@2.0-service.qti: read error:0. buf:add@/devices/virtual/thermal/cooling_device25 ACTION=add DEVPATH=/devices/virtual/thermal/cooling_device25 SUBSYSTEM=thermal SEQNUM=7348 
03-12 23:52:58.460   865   865 I ServiceManager: Waiting for service 'statscompanion' on '/dev/binder'...
03-12 23:52:58.461     0     0 I         : @7 memshare_child soc:qcom,memshare:qcom,client_3: memshare_query: client_id : 1, query_resp.size :5242880, query_resp.resp.result :0
03-12 23:52:58.461  1181  1181 I ServiceManager: Waiting for service 'package_native' on '/dev/binder'...
03-12 23:52:58.461     0     0 I         : @7 memshare_child soc:qcom,memshare:qcom,client_3: memshare_alloc: memory alloc request received for client id: 1, proc_id: 0, request size: 5242880
03-12 23:52:58.461     0     0 I         : @7 memshare_child soc:qcom,memshare:qcom,client_3: memshare_alloc: client_id: 1, alloc_resp.num_bytes: 5242880, alloc_resp.resp.result: 0
03-12 23:52:58.461   846   861 D QC-time-services: Daemon:time_service_modem_serv_notify_cb: QMI service is up 
03-12 23:52:58.462   846  1021 D QC-time-services: Daemon:genoff_modem_qmi_service_handle_cb: QMI service handle cb called 
03-12 23:52:58.462   846  1021 D QC-time-services: Daemon:genoff_modem_qmi_service_handle_cb: qmi_client_get_service_instance for local returned 0
03-12 23:52:58.463     0     0 E @5 diag : In diag_send_feature_mask_update, control channel is not open, p: 0, 0000000000000000
03-12 23:52:58.463     0     0 E @1 diag : In diag_send_peripheral_buffering_mode, buffering flag not set for 0
03-12 23:52:58.477   867   867 W Zygote  : Class not found for preloading: com.android.internal.telephony.GsmCdmaPhone$3
03-12 23:52:58.477     0     0 I @6 CAM_INFO: CAM-CCI: cam_cci_init: 184 End init ref_count 1 dev=cam-cci-driver
03-12 23:52:58.477     0     0 I @6 CAM_INFO: CAM-SENSOR: cam_sensor_power_up: 1542 camera_io_init
03-12 23:52:58.478   867   867 W Zygote  : Class not found for preloading: com.android.internal.telephony.IccSmsInterfaceManager$2
03-12 23:52:58.478     0     0 I @1 CAM_INFO: CAM-SENSOR: cam_sensor_match_id: 926 read id: 0x586 expected id 0x586:
03-12 23:52:58.481     0     0 I @1 CAM_INFO: CAM-SENSOR: cam_sensor_match_id: 979 sensor_id: 0x586, id 0x3, lens 0xe2, lens mismatch
03-12 23:52:58.481     0     0 E @1 CAM_ERR: CAM-SENSOR: cam_sensor_driver_cmd: 1103 cam_sensor_match_id failed, vendor mismatch, rc -1
03-12 23:52:58.481  1355  1416 D [GF_HAL][gf_proxy_main]: [gf_proxy_send_cmd_to_dsp] enter
03-12 23:52:58.482  1355  1416 D [GF_HAL][gf_proxy_main]: [gf_proxy_send_cmd_to_dsp] send_command success for cmd type:9, times:0
03-12 23:52:58.482     0     0 E         : @4 00 SETUP                     ?	80 06 0100 0000 64
03-12 23:52:58.482     0     0 E         : @5 00 DONE                         0 ?	STATUS
03-12 23:52:58.482  1355  1416 D [GF_HAL][gf_proxy_main]: [gf_proxy_send_cmd_to_dsp] exit
03-12 23:52:58.482  1355  1416 D [GF_HAL][gf_proxy_main]: [gf_proxy_map_ion_buf] enter
03-12 23:52:58.482  1355  1416 D [GF_HAL][gf_proxy_main]: [gf_proxy_map_ion_buf] fd:14, size:4194304
03-12 23:52:58.482     0     0 I @5 CAM_INFO: CAM-UTIL: cam_soc_util_clk_disable: 577 disable cam_clk
03-12 23:52:58.482     0     0 E         : @7 00 DONE                         0 ?	STATUS
03-12 23:52:58.484  1355  1423 D [GF_HAL][gf_arm_proxy_imp]: [arm_proxy_notify] enter
03-12 23:52:58.484  1355  1423 E [GF_HAL][gf_arm_proxy_imp]: [arm_proxy_notify] Received notify from DSP cmd:0x9 result:0x0 is err, don't post sem
03-12 23:52:58.484  1355  1423 D [GF_HAL][gf_arm_proxy_imp]: [arm_proxy_notify] exit
03-12 23:52:58.484     0     0 E         : 01 QUEUE                        0 ?	1 18
03-12 23:52:58.484     0     0 I android_work: sent uevent USB_STATE=CONNECTED
03-12 23:52:58.484     0     0 E         : 00 SETUP                     ?	00 05 0003 0000 0
03-12 23:52:58.484     0     0 I SMBLIB  : notify_usb_enumeration_function: status=1,vbus_present:1
03-12 23:52:58.485     0     0 I @5 CAM_INFO: CAM-UTIL: cam_soc_util_clk_disable: 577 disable cci_0_clk_src
03-12 23:52:58.485     0     0 I @5 CAM_INFO: CAM-UTIL: cam_soc_util_clk_disable: 577 disable camnoc_axi_clk
03-12 23:52:58.485     0     0 I @5 CAM_INFO: CAM-UTIL: cam_soc_util_clk_disable: 577 disable camnoc_axi_clk_src
03-12 23:52:58.485     0     0 I @5 CAM_INFO: CAM-UTIL: cam_soc_util_clk_disable: 577 disable cpas_ahb_clk
03-12 23:52:58.485     0     0 I @5 CAM_INFO: CAM-UTIL: cam_soc_util_clk_disable: 577 disable slow_ahb_clk_src
03-12 23:52:58.485     0     0 I @5 CAM_INFO: CAM-UTIL: cam_soc_util_clk_disable: 577 disable gcc_axi_sf_clk
03-12 23:52:58.485     0     0 I @5 CAM_INFO: CAM-UTIL: cam_soc_util_clk_disable: 577 disable gcc_axi_hf_clk
03-12 23:52:58.485     0     0 I @5 CAM_INFO: CAM-UTIL: cam_soc_util_clk_disable: 577 disable gcc_ahb_clk
03-12 23:52:58.485   867   867 W Zygote  : Class not found for preloading: com.android.internal.telephony.imsphone.-$$Lambda$ImsPhoneCallTracker$QlPVd_3u4_verjHUDnkn6zaSe54
03-12 23:52:58.485   867   867 W Zygote  : Class not found for preloading: com.android.internal.telephony.imsphone.ImsPhone$4
03-12 23:52:58.486   846  1021 D QC-time-services: Daemon:genoff_modem_qmi_service_handle_cb: Initial transaction successful
03-12 23:52:58.488   867   867 W Zygote  : Class not found for preloading: com.android.internal.widget.-$$Lambda$gPQuiuEDuOmrh2MixBcV6a5gu5s
03-12 23:52:58.488     0     0 I CAM_INFO: CAM-UTIL: cam_soc_util_clk_disable: 577 disable cci_0_clk
03-12 23:52:58.489   867   867 W Zygote  : Class not found for preloading: com.android.internal.widget.LockPatternUtils$2
03-12 23:52:58.490     0     0 I @5 CAM_INFO: CAM-CCI: cam_cci_soc_release: 428 End release ref_count 0 dev=cam-cci-driver
03-12 23:52:58.490     0     0 I @5 CAM_INFO: CAM-SENSOR: cam_sensor_power_down: 1583 camera_io_release
03-12 23:52:58.493     0     0 E         : @6 00 SETUP                     ?	80 06 0100 0000 18
03-12 23:52:58.493     0     0 E         : 01 QUEUE                        0 ?	1 18
03-12 23:52:58.497     0     0 E         : 00 DONE                         0 ?	STATUS
03-12 23:52:58.497     0     0 E         : 00 SETUP                     ?	80 06 0200 0000 255
03-12 23:52:58.497     0     0 E         : 01 QUEUE                        0 ?	1 32
03-12 23:52:58.497     0     0 E         : 00 DONE                         0 ?	STATUS
03-12 23:52:58.497     0     0 E         : 00 SETUP                     ?	80 06 0F00 0000 255
03-12 23:52:58.497     0     0 E         : 01 QUEUE                        0 ?	1 22
03-12 23:52:58.497     0     0 E         : 00 DONE                         0 ?	STATUS
03-12 23:52:58.497     0     0 E         : 00 SETUP                     ?	80 06 0303 0409 255
03-12 23:52:58.497     0     0 E         : 01 QUEUE                        0 ?	1 18
03-12 23:52:58.497     0     0 E         : 00 DONE                         0 ?	STATUS
03-12 23:52:58.497     0     0 E         : 00 SETUP                     ?	C0 01 0000 0004 16
03-12 23:52:58.497     0     0 E         : 01 QUEUE                        0 ?	1 16
03-12 23:52:58.497     0     0 E         : 00 DONE                         0 ?	STATUS
03-12 23:52:58.497     0     0 E         : 00 SETUP                     ?	C0 01 0000 0004 40
03-12 23:52:58.497     0     0 E         : 01 QUEUE                        0 ?	1 40
03-12 23:52:58.497     0     0 E         : 00 DONE                         0 ?	STATUS
03-12 23:52:58.497     0     0 E         : 00 SETUP                     ?	80 06 0300 0000 255
03-12 23:52:58.497     0     0 E         : 01 QUEUE                        0 ?	1 4
03-12 23:52:58.497     0     0 E         : 00 DONE                         0 ?	STATUS
03-12 23:52:58.497     0     0 E         : 00 SETUP                     ?	80 06 0302 0409 255
03-12 23:52:58.497     0     0 E         : 01 QUEUE                        0 ?	1 48
03-12 23:52:58.512   936   936 E CamX    : [ERROR][CSL    ] camxcslhwinternal.cpp:2963 CSLHwInternalDefaultIoctl() Ioctl failed for device /dev/v4l-subdev17 (Type:CSLHwImageSensor, FD:28, Index:0) with error reason Operation not permitted
03-12 23:52:58.512   936   936 E CamX    : [ERROR][CSL    ] camxcslhwinternalsensor.cpp:243 CSLHwInternalProbeSensorHW() ioctl failed for fd=28
03-12 23:52:58.512   936   936 E CamX    : [ERROR][HWL    ] camxhwenvironment.cpp:713 ProbeImageSensorModules() Sensor not detected for deviceIndex = 0
03-12 23:52:58.513   936   936 E CamX    : [ERROR][SENSOR ] camximagesensormoduledata.cpp:629 Probe() vendorIDAddr:90008,  vendorID:e2, slaveAddress:a2
03-12 23:52:58.514     0     0 E         : 00 DONE                         0 ?	STATUS
03-12 23:52:58.514     0     0 I CAM_INFO: CAM-SENSOR: cam_sensor_update_id_info: 688 eeprom_slave_addr:  0xa2, vendor_id_Addr: 0x00090008, vendorID: 0xe2, vendor_mask: 0x0
03-12 23:52:58.519  1187  1187 I ServiceManager: Waiting for service 'package_native' on '/dev/binder'...
03-12 23:52:58.522   867   867 I Zygote  : ...preloaded 12107 classes in 1148ms.
03-12 23:52:58.522   867   867 I zygote64: VMRuntime.preloadDexCaches starting
03-12 23:52:58.522  1190  1190 I ServiceManager: Waiting for service 'package_native' on '/dev/binder'...
03-12 23:52:58.527     0     0 I @2 CAM_INFO: CAM-CCI: cam_cci_init: 184 End init ref_count 1 dev=cam-cci-driver
03-12 23:52:58.527     0     0 I @2 CAM_INFO: CAM-SENSOR: cam_sensor_power_up: 1542 camera_io_init
03-12 23:52:58.527     0     0 I @2 CAM_INFO: CAM-SENSOR: cam_sensor_match_id: 926 read id: 0x586 expected id 0x586:
03-12 23:52:58.527  1045  1059 D PerMgrSrv: modem state: is on-line, add client QCRIL
03-12 23:52:58.527  1045  1059 D PerMgrSrv: QCRIL registered
03-12 23:52:58.528     0     0 I @6 CAM_INFO: CAM-SENSOR: cam_sensor_match_id: 983 sensor_id: 0x586, vendor_id 0xe2 matched
03-12 23:52:58.528  1385  1385 D PerMgrLib: QCRIL successfully registered for modem
03-12 23:52:58.541     0     0 I @6 CAM_INFO: CAM-SENSOR: cam_sensor_match_id: 993 sensor_id: 0x586, fuse_id:9260586a58210303
03-12 23:52:58.541     0     0 I @6 CAM_INFO: CAM-SENSOR: cam_sensor_driver_cmd: 1117 Probe success,slot:0, slave_addr:0x34, sensor_id:0x586
03-12 23:52:58.543     0     0 I @6 CAM_INFO: CAM-UTIL: cam_soc_util_clk_disable: 577 disable cam_clk
03-12 23:52:58.545   867   867 I zygote64: VMRuntime.preloadDexCaches strings total=423738 before=11663 after=11663
03-12 23:52:58.545   867   867 I zygote64: VMRuntime.preloadDexCaches types total=41377 before=11386 after=11568
03-12 23:52:58.545   867   867 I zygote64: VMRuntime.preloadDexCaches fields total=176146 before=14188 after=15093
03-12 23:52:58.545   867   867 I zygote64: VMRuntime.preloadDexCaches methods total=318584 before=18312 after=18313
03-12 23:52:58.545   867   867 I zygote64: VMRuntime.preloadDexCaches finished
03-12 23:52:58.546     0     0 I @3 CAM_INFO: CAM-UTIL: cam_soc_util_clk_disable: 577 disable cci_0_clk
03-12 23:52:58.546     0     0 I @3 CAM_INFO: CAM-UTIL: cam_soc_util_clk_disable: 577 disable cci_0_clk_src
03-12 23:52:58.546     0     0 I @3 CAM_INFO: CAM-UTIL: cam_soc_util_clk_disable: 577 disable camnoc_axi_clk
03-12 23:52:58.546     0     0 I @3 CAM_INFO: CAM-UTIL: cam_soc_util_clk_disable: 577 disable camnoc_axi_clk_src
03-12 23:52:58.546     0     0 I @3 CAM_INFO: CAM-UTIL: cam_soc_util_clk_disable: 577 disable cpas_ahb_clk
03-12 23:52:58.546     0     0 I @3 CAM_INFO: CAM-UTIL: cam_soc_util_clk_disable: 577 disable slow_ahb_clk_src
03-12 23:52:58.546     0     0 I @3 CAM_INFO: CAM-UTIL: cam_soc_util_clk_disable: 577 disable gcc_axi_sf_clk
03-12 23:52:58.546     0     0 I @3 CAM_INFO: CAM-UTIL: cam_soc_util_clk_disable: 577 disable gcc_axi_hf_clk
03-12 23:52:58.546     0     0 I @3 CAM_INFO: CAM-UTIL: cam_soc_util_clk_disable: 577 disable gcc_ahb_clk
03-12 23:52:58.547     0     0 I @5 CAM_INFO: CAM-CCI: cam_cci_soc_release: 428 End release ref_count 0 dev=cam-cci-driver
03-12 23:52:58.547     0     0 I @5 CAM_INFO: CAM-SENSOR: cam_sensor_power_down: 1583 camera_io_release
03-12 23:52:58.547     0     0 I @5 CAM_INFO: CAM-SENSOR: cam_sensor_driver_cmd: 1399 fuse_id:9260586a58210303
03-12 23:52:58.547   936   936 E CamX    : [ERROR][CSL    ] camxcslhwinternalsensor.cpp:41 OPSaveFuseId() read fuse_id: 9260586a58210303 
03-12 23:52:58.548   936   936 E CamX    : [ERROR][CSL    ] camxcslhwinternal.cpp:2963 CSLHwInternalDefaultIoctl() Ioctl failed for device /dev/v4l-subdev17 (Type:CSLHwImageSensor, FD:28, Index:40) with error reason Bad address
03-12 23:52:58.549   867   867 I zygote64: The ClassLoaderContext is a special shared library.
03-12 23:52:58.550   936   936 E CamX    : [ERROR][HWL    ] camxhwenvironment.cpp:691 ProbeImageSensorModules() QueryCap results for Sensor 0 (deviceIndex: 40) - slotInfo: 0, secureCamera: 0, pitch: 0 roll: 90, yaw: 180, actuatorSlotId: 7 EEPROMSlotId: 7, OISSlotId: 2, flashSlotId: 7 CSIPHYSlotId: 1
03-12 23:52:58.550   936   936 I ISPHVX  : CreateTuningDataManager tuning bin: ofilm_imx586
03-12 23:52:58.555   867   867 D ApplicationLoaders: Created zygote-cached class loader: /system/framework/android.hidl.base-V1.0-java.jar
03-12 23:52:58.559   867   867 I zygote64: The ClassLoaderContext is a special shared library.
03-12 23:52:58.561   867   867 D ApplicationLoaders: Created zygote-cached class loader: /system/framework/android.hidl.manager-V1.0-java.jar
03-12 23:52:58.562   865   865 I ServiceManager: Waiting for service 'statscompanion' on '/dev/binder'...
03-12 23:52:58.562  1181  1181 I ServiceManager: Waiting for service 'package_native' on '/dev/binder'...
03-12 23:52:58.564   867   867 I zygote64: The ClassLoaderContext is a special shared library.
03-12 23:52:58.566   867   867 D ApplicationLoaders: Created zygote-cached class loader: /system/framework/android.test.base.jar
03-12 23:52:58.566   867   867 I Zygote  : Preloading resources...
03-12 23:52:58.567     0     0 E         : @5 00 SETUP                     ?	80 00 0000 0000 2
03-12 23:52:58.568     0     0 E         : @5 FF resize_fifo                  3 ?
03-12 23:52:58.568     0     0 E         : @5 FF currentDraw                500 ?
03-12 23:52:58.568     0     0 E @5 SMBLIB: smblib_set_prop_sdp_current_max: set usb current_max=500000
03-12 23:52:58.568     0     0 E         : 01 QUEUE                        0 ?	1 2
03-12 23:52:58.568     0     0 E         : 00 DONE                         0 ?	STATUS
03-12 23:52:58.568     0     0 E         : 00 SETUP                     ?	00 09 0001 0000 0
03-12 23:52:58.568     0     0 E         : FF fifo_reset                   3 ?
03-12 23:52:58.568     0     0 E         : FF fifo_reset                   5 ?
03-12 23:52:58.568     0     0 E         : FF fifo_reset                   7 ?
03-12 23:52:58.568     0     0 E         : FF fifo_reset                   9 ?
03-12 23:52:58.568     0     0 E         : FF fifo_reset                  11 ?
03-12 23:52:58.568     0     0 E         : FF fifo_reset                  13 ?
03-12 23:52:58.568     0     0 E         : FF fifo_reset                  15 ?
03-12 23:52:58.568     0     0 E         : FF fifo_reset                  17 ?
03-12 23:52:58.568     0     0 E         : FF fifo_reset                  19 ?
03-12 23:52:58.568     0     0 E         : FF fifo_reset                  21 ?
03-12 23:52:58.568     0     0 E         : FF fifo_reset                  23 ?
03-12 23:52:58.568     0     0 E         : FF fifo_reset                  25 ?
03-12 23:52:58.568     0     0 E         : FF fifo_reset                  27 ?
03-12 23:52:58.568     0     0 E         : FF fifo_reset                  29 ?
03-12 23:52:58.568     0     0 E         : FF fifo_reset                  31 ?
03-12 23:52:58.568     0     0 I configfs-gadget gadget: high-speed config #1: b
03-12 23:52:58.568     0     0 E         : FF fifo_depth                 130 ?
03-12 23:52:58.568     0     0 I         : usb_gadget_vbus_draw USB setting current is 500mA
03-12 23:52:58.568     0     0 E         : 00 DONE                         0 ?	STATUS
03-12 23:52:58.568     0     0 I msm-dwc3 a600000.ssusb: Avail curr from USB = 500
03-12 23:52:58.568     0     0 I @5 android_work: sent uevent USB_STATE=CONFIGURED
03-12 23:52:58.568  1147  1175 I adbd    : USB event: FUNCTIONFS_ENABLE
03-12 23:52:58.568  1147  1449 I adbd    : UsbFfs-worker thread spawned
03-12 23:52:58.574   867   867 W Resources: Preloaded drawable resource #0x108028b (android:drawable/dialog_background_material) that varies with configuration!!
03-12 23:52:58.575     0     0 E         : @5 00 SETUP                     ?	80 06 0300 0000 255
03-12 23:52:58.577     0     0 E         : 01 QUEUE                        0 ?	1 4
03-12 23:52:58.577     0     0 E         : 00 DONE                         0 ?	STATUS
03-12 23:52:58.577     0     0 E         : 00 SETUP                     ?	80 06 0301 0409 255
03-12 23:52:58.577     0     0 E         : 01 QUEUE                        0 ?	1 16
03-12 23:52:58.577     0     0 E         : 00 DONE                         0 ?	STATUS
03-12 23:52:58.577     0     0 E         : 00 SETUP                     ?	80 06 0302 0409 255
03-12 23:52:58.577     0     0 E         : 01 QUEUE                        0 ?	1 48
03-12 23:52:58.585   867   867 I Zygote  : ...preloaded 64 resources in 18ms.
03-12 23:52:58.588   867   867 I Zygote  : ...preloaded 41 resources in 2ms.
03-12 23:52:58.599  1385  1385 I HidlServiceManagement: Registered vendor.qti.hardware.radio.am@1.0::IQcRilAudio/slot1 (start delay of 376ms)
03-12 23:52:58.607   867   867 D libEGL  : loaded /vendor/lib64/egl/libEGL_adreno.so
03-12 23:52:58.608  1385  1385 I HidlServiceManagement: Registered vendor.qti.hardware.radio.qcrilhook@1.0::IQtiOemHook/oemhook0 (start delay of 386ms)
03-12 23:52:58.609  1385  1385 D PerMgrLib: QCRIL voting for modem
03-12 23:52:58.609  1045  1059 D PerMgrSrv: QCRIL voting for modem
03-12 23:52:58.609  1045  1059 D PerMgrSrv: modem num voters is 3
03-12 23:52:58.613   867   867 D libEGL  : loaded /vendor/lib64/egl/libGLESv1_CM_adreno.so
03-12 23:52:58.617   867   867 D libEGL  : loaded /vendor/lib64/egl/libGLESv2_adreno.so
03-12 23:52:58.620  1187  1187 I ServiceManager: Waiting for service 'package_native' on '/dev/binder'...
03-12 23:52:58.629  1385  1473 I HidlServiceManagement: Registered android.hardware.radio@1.2::ISap/slot1 (start delay of 406ms)
03-12 23:52:58.630  1385  1470 I HidlServiceManagement: Registered vendor.qti.hardware.data.connection@1.1::IDataConnection/slot1 (start delay of 407ms)
03-12 23:52:58.630  1385  1468 I HidlServiceManagement: Registered vendor.qti.hardware.radio.uim@1.2::IUim/Uim0 (start delay of 408ms)
03-12 23:52:58.633  1385  1432 I HidlServiceManagement: Registered vendor.qti.hardware.radio.lpa@1.0::IUimLpa/UimLpa0 (start delay of 411ms)
03-12 23:52:58.634  1385  1474 I HidlServiceManagement: Registered vendor.qti.hardware.radio.uim_remote_client@1.0::IUimRemoteServiceClient/uimRemoteClient0 (start delay of 411ms)
03-12 23:52:58.635  1385  1475 I HidlServiceManagement: Registered vendor.qti.hardware.radio.uim_remote_server@1.0::IUimRemoteServiceServer/uimRemoteServer0 (start delay of 412ms)
03-12 23:52:58.635  1190  1190 I ServiceManager: Waiting for service 'package_native' on '/dev/binder'...
03-12 23:52:58.640   867   867 I Zygote  : Preloading shared libraries...
03-12 23:52:58.642  1355  1355 D [GF_HAL][HalContext]: [invokeCommand] err = 0, errno = GF_SUCCESS
03-12 23:52:58.645     0     0 E         : 00 DONE                         0 ?	STATUS
03-12 23:52:58.646     0     0 I gf_spi  : Sensor has already powered-on.
03-12 23:52:58.648  1045  1059 D PerMgrSrv: modem state: is on-line, add client QCRIL
03-12 23:52:58.648  1045  1059 D PerMgrSrv: QCRIL registered
03-12 23:52:58.649  1390  1390 D PerMgrLib: QCRIL successfully registered for modem
03-12 23:52:58.650   867   867 I Zygote  : Called ZygoteHooks.endPreload()
03-12 23:52:58.651   867   867 I Zygote  : Installed AndroidKeyStoreProvider in 0ms.
03-12 23:52:58.654   867   867 I Zygote  : Warmed up JCA providers in 3ms.
03-12 23:52:58.654   867   867 D Zygote  : end preload
03-12 23:52:58.658  1390  1390 I HidlServiceManagement: Registered vendor.qti.hardware.radio.am@1.0::IQcRilAudio/slot2 (start delay of 405ms)
03-12 23:52:58.663  1385  1432 I HidlServiceManagement: Registered vendor.qti.hardware.radio.qtiradio@2.3::IQtiRadio/slot1 (start delay of 440ms)
03-12 23:52:58.663  1181  1181 I ServiceManager: Waiting for service 'package_native' on '/dev/binder'...
03-12 23:52:58.663   865   865 I ServiceManager: Waiting for service 'statscompanion' on '/dev/binder'...
03-12 23:52:58.664  1385  1385 I HidlServiceManagement: Registered android.hardware.radio@1.4::IRadio/slot1 (start delay of 441ms)
03-12 23:52:58.664  1385  1432 I HidlServiceManagement: Registered vendor.qti.hardware.radio.ims@1.5::IImsRadio/imsradio0 (start delay of 442ms)
03-12 23:52:58.667  1385  1385 I HidlServiceManagement: Registered android.hardware.radio.config@1.1::IRadioConfig/default (start delay of 444ms)
03-12 23:52:58.667  1355  1355 E [GF_HAL][ShenzhenAlgo]: [v03.02.04.18]
03-12 23:52:58.667  1355  1355 D [GF_HAL][CaEntry]: [sendCommand] request token: 6, target: 1001, cmd id: 0
03-12 23:52:58.667  1355  1355 D [GF_HAL][CaEntry]: [sendCommand] carveout_ion_handle_fd = 14,carveout_ion_handle_len = 4194304 
03-12 23:52:58.672  1390  1390 I HidlServiceManagement: Registered vendor.qti.hardware.radio.qcrilhook@1.0::IQtiOemHook/oemhook1 (start delay of 419ms)
03-12 23:52:58.672  1390  1390 D PerMgrLib: QCRIL voting for modem
03-12 23:52:58.672  1045  1059 D PerMgrSrv: QCRIL voting for modem
03-12 23:52:58.672  1045  1059 D PerMgrSrv: modem num voters is 4
03-12 23:52:58.677   867   867 I zygote64: Explicit concurrent copying GC freed 185397(9400KB) AllocSpace objects, 28(852KB) LOS objects, 82% free, 5225KB/29MB, paused 40us total 22.598ms
03-12 23:52:58.690  1390  1437 I HidlServiceManagement: Registered vendor.qti.hardware.radio.lpa@1.0::IUimLpa/UimLpa1 (start delay of 437ms)
03-12 23:52:58.692  1206  1320 V sensors-hal: handle_indication:513, msg_id 34 
03-12 23:52:58.692  1206  1320 V sensors-hal: handle_indication:581, indication, payload_len=73
03-12 23:52:58.692  1206  1318 V sensors-hal: handle_ssc_event:100, suid_event for ambient_light, num_suids=1, ts=10.999620s
03-12 23:52:58.692  1206  1318 I sensors-hal: suid_lookup_callback:421, datatype : ambient_light
03-12 23:52:58.692  1206  1318 I sensors-hal: suid_lookup_callback:428, num_mandatory_sensors_found : 1, mandatory_sensor_datatypes.size() : 22
03-12 23:52:58.692  1206  1318 I sensors-hal: suid_lookup_callback:445, received suid for dt=ambient_light, t=10.999707s
03-12 23:52:58.693  1206  1320 V sensors-hal: handle_indication:513, msg_id 34 
03-12 23:52:58.693  1206  1320 V sensors-hal: handle_indication:581, indication, payload_len=69
03-12 23:52:58.693     0     0 I         : @5 Sending QMI_IPA_INIT_MODEM_DRIVER_REQ_V01
03-12 23:52:58.693  1206  1318 V sensors-hal: handle_ssc_event:100, suid_event for proximity, num_suids=1, ts=11.001164s
03-12 23:52:58.693  1206  1318 I sensors-hal: suid_lookup_callback:421, datatype : proximity
03-12 23:52:58.693  1206  1318 I sensors-hal: suid_lookup_callback:428, num_mandatory_sensors_found : 2, mandatory_sensor_datatypes.size() : 22
03-12 23:52:58.693  1206  1318 I sensors-hal: suid_lookup_callback:445, received suid for dt=proximity, t=11.001260s
03-12 23:52:58.694  1390  1507 I HidlServiceManagement: Registered android.hardware.radio@1.2::ISap/slot2 (start delay of 441ms)
03-12 23:52:58.694  1390  1503 I HidlServiceManagement: Registered vendor.qti.hardware.radio.uim@1.2::IUim/Uim1 (start delay of 442ms)
03-12 23:52:58.695  1390  1505 I HidlServiceManagement: Registered vendor.qti.hardware.data.connection@1.1::IDataConnection/slot2 (start delay of 442ms)
03-12 23:52:58.697  1390  1437 I HidlServiceManagement: Registered vendor.qti.hardware.radio.qtiradio@2.3::IQtiRadio/slot2 (start delay of 444ms)
03-12 23:52:58.701  1390  1509 I HidlServiceManagement: Registered vendor.qti.hardware.radio.uim_remote_server@1.0::IUimRemoteServiceServer/uimRemoteServer1 (start delay of 449ms)
03-12 23:52:58.703  1020  1020 I tftp_server: pid=1020 tid=1020 tftp-server : INF :[tftp_server.c, 659] rcvd request [1] [72] [2] [0] [48]
03-12 23:52:58.703     0     0 E         : @1 ipa-wan ipa3_handle_indication_req:151 not send indication
03-12 23:52:58.704  1020  1511 I tftp_server: pid=1020 tid=1511 tftp-server : INF :[tftp_server_utils.c, 113] file [readwrite/server_check.txt] : [/vendor/rfs/msm/mpss/readwrite/server_check.txt]
03-12 23:52:58.705  1020  1511 I tftp_server: pid=1020 tid=1511 tftp-server : INF :[tftp_server.c, 1202] OACK options : [7680, 200, 10, 0, 0, 0, 0, 0]
03-12 23:52:58.705  1020  1511 I tftp_server: pid=1020 tid=1511 tftp-server : INF :[tftp_os_la.c, 63] open : [-1] [-1] [384] [577] [/vendor/rfs/msm/mpss/readwrite/server_check.txt]
03-12 23:52:58.708     0     0 E         : @5 ipa ipa3_uc_wdi_event_log_info_handler:375 WDI stats ofst=0x47150
03-12 23:52:58.708     0     0 E         : @5 ipa ipa3_uc_ntn_event_log_info_handler:40 NTN stats ofst=0x470e0
03-12 23:52:58.710  1020  1020 I tftp_server: pid=1020 tid=1020 tftp-server : INF :[tftp_server.c, 659] rcvd request [1] [84] [1] [0] [51]
03-12 23:52:58.711  1206  1320 V sensors-hal: handle_indication:513, msg_id 34 
03-12 23:52:58.711  1206  1320 V sensors-hal: handle_indication:581, indication, payload_len=69
03-12 23:52:58.711  1020  1512 I tftp_server: pid=1020 tid=1512 tftp-server : INF :[tftp_server_utils.c, 113] file [readwrite/ota_firewall/ruleset] : [/vendor/rfs/msm/mpss/readwrite/ota_firewall/ruleset]
03-12 23:52:58.711  1206  1320 V sensors-hal: handle_indication:513, msg_id 34 
03-12 23:52:58.711  1206  1320 V sensors-hal: handle_indication:581, indication, payload_len=73
03-12 23:52:58.711  1206  1318 V sensors-hal: handle_ssc_event:100, suid_event for proximity, num_suids=1, ts=11.018743s
03-12 23:52:58.711  1206  1318 I sensors-hal: suid_lookup_callback:421, datatype : proximity
03-12 23:52:58.711  1206  1318 I sensors-hal: suid_lookup_callback:428, num_mandatory_sensors_found : 3, mandatory_sensor_datatypes.size() : 22
03-12 23:52:58.711  1206  1318 I sensors-hal: suid_lookup_callback:445, received suid for dt=proximity, t=11.018787s
03-12 23:52:58.711  1020  1512 I tftp_server: pid=1020 tid=1512 tftp-server : INF :[tftp_server.c, 1202] OACK options : [7680, 200, 10, 4, 0, 0, 0, 0]
03-12 23:52:58.711  1206  1318 V sensors-hal: handle_ssc_event:100, suid_event for ambient_light, num_suids=1, ts=11.018803s
03-12 23:52:58.711  1206  1318 I sensors-hal: suid_lookup_callback:421, datatype : ambient_light
03-12 23:52:58.711  1206  1318 I sensors-hal: suid_lookup_callback:428, num_mandatory_sensors_found : 3, mandatory_sensor_datatypes.size() : 22
03-12 23:52:58.711  1206  1318 I sensors-hal: suid_lookup_callback:445, received suid for dt=ambient_light, t=11.018825s
03-12 23:52:58.711  1020  1512 I tftp_server: pid=1020 tid=1512 tftp-server : INF :[tftp_os_la.c, 63] open : [-1] [-1] [384] [0] [/vendor/rfs/msm/mpss/readwrite/ota_firewall/ruleset]
03-12 23:52:58.711  1020  1512 E tftp_server: pid=1020 tid=1512 tftp-server : ERR :[tftp_os_la.c, 70] open failed: [2] [No such file or directory]
03-12 23:52:58.711  1020  1512 E tftp_server: pid=1020 tid=1512 tftp-server : ERR :[tftp_server.c, 1698] open failed : [-2] [Unknown error -2]
03-12 23:52:58.711  1020  1512 E tftp_server: pid=1020 tid=1512 tftp-server : ERR :[tftp_protocol.c, 1229] sending error-pkt. Code = 1, Msg = Err=2 String=No such file or directory
03-12 23:52:58.711  1020  1020 I tftp_server: pid=1020 tid=1020 tftp-server : INF :[tftp_server.c, 659] rcvd request [1] [84] [1] [0] [52]
03-12 23:52:58.712     0     0 I         : @0 QMI_IPA_INIT_MODEM_DRIVER_REQ_V01 response received
03-12 23:52:58.712  1390  1508 I HidlServiceManagement: Registered vendor.qti.hardware.radio.uim_remote_client@1.0::IUimRemoteServiceClient/uimRemoteClient1 (start delay of 460ms)
03-12 23:52:58.713  1020  1513 I tftp_server: pid=1020 tid=1513 tftp-server : INF :[tftp_server_utils.c, 113] file [readwrite/ota_firewall/ruleset] : [/vendor/rfs/msm/mpss/readwrite/ota_firewall/ruleset]
03-12 23:52:58.713  1020  1513 I tftp_server: pid=1020 tid=1513 tftp-server : INF :[tftp_server.c, 1202] OACK options : [7680, 200, 0, 10, 0, 0, 0, 0]
03-12 23:52:58.713  1020  1513 I tftp_server: pid=1020 tid=1513 tftp-server : INF :[tftp_os_la.c, 63] open : [-1] [-1] [384] [0] [/vendor/rfs/msm/mpss/readwrite/ota_firewall/ruleset]
03-12 23:52:58.713  1020  1513 E tftp_server: pid=1020 tid=1513 tftp-server : ERR :[tftp_os_la.c, 70] open failed: [2] [No such file or directory]
03-12 23:52:58.713  1020  1513 E tftp_server: pid=1020 tid=1513 tftp-server : ERR :[tftp_server.c, 1698] open failed : [-2] [Unknown error -2]
03-12 23:52:58.713  1020  1513 E tftp_server: pid=1020 tid=1513 tftp-server : ERR :[tftp_protocol.c, 1229] sending error-pkt. Code = 1, Msg = Err=2 String=No such file or directory
03-12 23:52:58.713  1390  1437 I HidlServiceManagement: Registered vendor.qti.hardware.radio.ims@1.5::IImsRadio/imsradio1 (start delay of 460ms)
03-12 23:52:58.715     0     0 E         : @3 ipa ipa3_uc_send_cmd_64b_param:735 Recevied status 0, Expected status 2
03-12 23:52:58.720  1187  1187 I ServiceManager: Waiting for service 'package_native' on '/dev/binder'...
03-12 23:52:58.726  1390  1390 I HidlServiceManagement: Registered android.hardware.radio@1.4::IRadio/slot2 (start delay of 473ms)
03-12 23:52:58.729   867   867 I zygote64: Explicit concurrent copying GC freed 11460(389KB) AllocSpace objects, 0(0B) LOS objects, 83% free, 4867KB/28MB, paused 75us total 45.187ms
03-12 23:52:58.736  1190  1190 I ServiceManager: Waiting for service 'package_native' on '/dev/binder'...
03-12 23:52:58.771  1206  1320 V sensors-hal: handle_indication:513, msg_id 34 
03-12 23:52:58.771  1206  1320 V sensors-hal: handle_indication:581, indication, payload_len=43
03-12 23:52:58.771  1206  1318 V sensors-hal: handle_ssc_event:100, suid_event for mag, num_suids=0, ts=11.078508s
03-12 23:52:58.771  1206  1318 I sensors-hal: suid_lookup_callback:421, datatype : mag
03-12 23:52:58.771   865   865 I ServiceManager: Waiting for service 'statscompanion' on '/dev/binder'...
03-12 23:52:58.771  1181  1181 I ServiceManager: Waiting for service 'package_native' on '/dev/binder'...
03-12 23:52:58.781   867   867 D Zygote  : Forked child process 1515
03-12 23:52:58.782   867   867 I Zygote  : System server process 1515 has been created
03-12 23:52:58.782   867   867 I Zygote  : Accepting command socket connections
03-12 23:52:58.785  1515  1515 I Zygote  : seccomp disabled by setenforce 0
03-12 23:52:58.790  1206  1320 V sensors-hal: handle_indication:513, msg_id 34 
03-12 23:52:58.790  1206  1320 V sensors-hal: handle_indication:581, indication, payload_len=65
03-12 23:52:58.790  1206  1320 V sensors-hal: handle_indication:513, msg_id 34 
03-12 23:52:58.790  1206  1320 V sensors-hal: handle_indication:581, indication, payload_len=63
03-12 23:52:58.790  1206  1320 V sensors-hal: handle_indication:513, msg_id 34 
03-12 23:52:58.790  1206  1320 V sensors-hal: handle_indication:581, indication, payload_len=64
03-12 23:52:58.790  1206  1320 V sensors-hal: handle_indication:513, msg_id 34 
03-12 23:52:58.790  1206  1320 V sensors-hal: handle_indication:581, indication, payload_len=44
03-12 23:52:58.790  1206  1320 V sensors-hal: handle_indication:513, msg_id 34 
03-12 23:52:58.790  1206  1320 V sensors-hal: handle_indication:581, indication, payload_len=43
03-12 23:52:58.790  1206  1320 V sensors-hal: handle_indication:513, msg_id 34 
03-12 23:52:58.790  1206  1320 V sensors-hal: handle_indication:581, indication, payload_len=78
03-12 23:52:58.790  1206  1320 V sensors-hal: handle_indication:513, msg_id 34 
03-12 23:52:58.790  1206  1320 V sensors-hal: handle_indication:581, indication, payload_len=73
03-12 23:52:58.790  1206  1320 V sensors-hal: handle_indication:513, msg_id 34 
03-12 23:52:58.790  1206  1320 V sensors-hal: handle_indication:581, indication, payload_len=72
03-12 23:52:58.790  1206  1320 V sensors-hal: handle_indication:513, msg_id 34 
03-12 23:52:58.790  1206  1320 V sensors-hal: handle_indication:581, indication, payload_len=66
03-12 23:52:58.790  1206  1318 V sensors-hal: handle_ssc_event:100, suid_event for accel, num_suids=1, ts=11.097875s
03-12 23:52:58.790  1206  1318 I sensors-hal: suid_lookup_callback:421, datatype : accel
03-12 23:52:58.790  1206  1318 I sensors-hal: suid_lookup_callback:428, num_mandatory_sensors_found : 3, mandatory_sensor_datatypes.size() : 22
03-12 23:52:58.790  1206  1318 I sensors-hal: suid_lookup_callback:445, received suid for dt=accel, t=11.097909s
03-12 23:52:58.790  1206  1318 V sensors-hal: handle_ssc_event:100, suid_event for mag, num_suids=1, ts=11.097921s
03-12 23:52:58.790  1206  1318 I sensors-hal: suid_lookup_callback:421, datatype : mag
03-12 23:52:58.790  1206  1318 I sensors-hal: suid_lookup_callback:428, num_mandatory_sensors_found : 4, mandatory_sensor_datatypes.size() : 22
03-12 23:52:58.790  1206  1318 I sensors-hal: suid_lookup_callback:445, received suid for dt=mag, t=11.097945s
03-12 23:52:58.790  1206  1318 V sensors-hal: handle_ssc_event:100, suid_event for gyro, num_suids=1, ts=11.097953s
03-12 23:52:58.790  1206  1318 I sensors-hal: suid_lookup_callback:421, datatype : gyro
03-12 23:52:58.790  1206  1318 I sensors-hal: suid_lookup_callback:428, num_mandatory_sensors_found : 5, mandatory_sensor_datatypes.size() : 22
03-12 23:52:58.790  1206  1318 I sensors-hal: suid_lookup_callback:445, received suid for dt=gyro, t=11.097973s
03-12 23:52:58.790  1206  1318 V sensors-hal: handle_ssc_event:100, suid_event for sars, num_suids=0, ts=11.097982s
03-12 23:52:58.790  1206  1318 I sensors-hal: suid_lookup_callback:421, datatype : sars
03-12 23:52:58.790  1206  1318 V sensors-hal: handle_ssc_event:100, suid_event for sar, num_suids=0, ts=11.097997s
03-12 23:52:58.790  1206  1318 I sensors-hal: suid_lookup_callback:421, datatype : sar
03-12 23:52:58.790  1206  1318 V sensors-hal: handle_ssc_event:100, suid_event for sensor_temperature, num_suids=1, ts=11.098012s
03-12 23:52:58.790  1206  1318 I sensors-hal: suid_lookup_callback:421, datatype : sensor_temperature
03-12 23:52:58.790  1206  1318 I sensors-hal: suid_lookup_callback:428, num_mandatory_sensors_found : 6, mandatory_sensor_datatypes.size() : 22
03-12 23:52:58.790  1206  1318 I sensors-hal: suid_lookup_callback:445, received suid for dt=sensor_temperature, t=11.098030s
03-12 23:52:58.790  1206  1318 V sensors-hal: handle_ssc_event:100, suid_event for device_orient, num_suids=1, ts=11.098040s
03-12 23:52:58.790  1206  1318 I sensors-hal: suid_lookup_callback:421, datatype : device_orient
03-12 23:52:58.790  1206  1318 I sensors-hal: suid_lookup_callback:428, num_mandatory_sensors_found : 7, mandatory_sensor_datatypes.size() : 22
03-12 23:52:58.790  1206  1318 I sensors-hal: suid_lookup_callback:445, received suid for dt=device_orient, t=11.098059s
03-12 23:52:58.790  1206  1318 V sensors-hal: handle_ssc_event:100, suid_event for op_free_fall, num_suids=1, ts=11.098067s
03-12 23:52:58.790  1206  1318 I sensors-hal: suid_lookup_callback:421, datatype : op_free_fall
03-12 23:52:58.790  1206  1318 I sensors-hal: suid_lookup_callback:428, num_mandatory_sensors_found : 8, mandatory_sensor_datatypes.size() : 22
03-12 23:52:58.790  1206  1318 I sensors-hal: suid_lookup_callback:445, received suid for dt=op_free_fall, t=11.098084s
03-12 23:52:58.790  1206  1318 V sensors-hal: handle_ssc_event:100, suid_event for pickup, num_suids=1, ts=11.098092s
03-12 23:52:58.790  1206  1318 I sensors-hal: suid_lookup_callback:421, datatype : pickup
03-12 23:52:58.790  1206  1318 I sensors-hal: suid_lookup_callback:428, num_mandatory_sensors_found : 9, mandatory_sensor_datatypes.size() : 22
03-12 23:52:58.790  1206  1318 I sensors-hal: suid_lookup_callback:445, received suid for dt=pickup, t=11.098112s
03-12 23:52:58.799  1147  1172 I adbd    : jdwp connection from 1515
03-12 23:52:58.800  1206  1320 V sensors-hal: handle_indication:513, msg_id 34 
03-12 23:52:58.800  1206  1320 V sensors-hal: handle_indication:581, indication, payload_len=64
03-12 23:52:58.800  1206  1320 V sensors-hal: handle_indication:513, msg_id 34 
03-12 23:52:58.800  1206  1318 V sensors-hal: handle_ssc_event:100, suid_event for tilt, num_suids=1, ts=11.107955s
03-12 23:52:58.800  1206  1320 V sensors-hal: handle_indication:581, indication, payload_len=63
03-12 23:52:58.800  1206  1318 I sensors-hal: suid_lookup_callback:421, datatype : tilt
03-12 23:52:58.800  1206  1320 V sensors-hal: handle_indication:513, msg_id 34 
03-12 23:52:58.800  1206  1318 I sensors-hal: suid_lookup_callback:428, num_mandatory_sensors_found : 10, mandatory_sensor_datatypes.size() : 22
03-12 23:52:58.800  1206  1320 V sensors-hal: handle_indication:581, indication, payload_len=69
03-12 23:52:58.800  1206  1318 I sensors-hal: suid_lookup_callback:445, received suid for dt=tilt, t=11.108044s
03-12 23:52:58.800  1206  1320 V sensors-hal: handle_indication:513, msg_id 34 
03-12 23:52:58.800  1206  1318 V sensors-hal: handle_ssc_event:100, suid_event for cmc, num_suids=1, ts=11.108076s
03-12 23:52:58.800  1206  1320 V sensors-hal: handle_indication:581, indication, payload_len=64
03-12 23:52:58.800  1206  1318 I sensors-hal: suid_lookup_callback:421, datatype : cmc
03-12 23:52:58.800  1206  1318 I sensors-hal: suid_lookup_callback:428, num_mandatory_sensors_found : 11, mandatory_sensor_datatypes.size() : 22
03-12 23:52:58.800  1206  1318 I sensors-hal: suid_lookup_callback:445, received suid for dt=cmc, t=11.108126s
03-12 23:52:58.800  1206  1318 V sensors-hal: handle_ssc_event:100, suid_event for pedometer, num_suids=1, ts=11.108150s
03-12 23:52:58.800  1206  1318 I sensors-hal: suid_lookup_callback:421, datatype : pedometer
03-12 23:52:58.800  1206  1318 I sensors-hal: suid_lookup_callback:428, num_mandatory_sensors_found : 12, mandatory_sensor_datatypes.size() : 22
03-12 23:52:58.800  1206  1318 I sensors-hal: suid_lookup_callback:445, received suid for dt=pedometer, t=11.108200s
03-12 23:52:58.800  1206  1318 V sensors-hal: handle_ssc_event:100, suid_event for psmd, num_suids=1, ts=11.108224s
03-12 23:52:58.800  1206  1318 I sensors-hal: suid_lookup_callback:421, datatype : psmd
03-12 23:52:58.800  1206  1318 I sensors-hal: suid_lookup_callback:428, num_mandatory_sensors_found : 13, mandatory_sensor_datatypes.size() : 22
03-12 23:52:58.800  1206  1318 I sensors-hal: suid_lookup_callback:445, received suid for dt=psmd, t=11.108274s
03-12 23:52:58.805  1206  1320 V sensors-hal: handle_indication:513, msg_id 34 
03-12 23:52:58.805  1206  1320 V sensors-hal: handle_indication:581, indication, payload_len=68
03-12 23:52:58.805  1206  1320 V sensors-hal: handle_indication:513, msg_id 34 
03-12 23:52:58.805  1206  1320 V sensors-hal: handle_indication:581, indication, payload_len=70
03-12 23:52:58.805  1206  1320 V sensors-hal: handle_indication:513, msg_id 34 
03-12 23:52:58.805  1206  1320 V sensors-hal: handle_indication:581, indication, payload_len=67
03-12 23:52:58.805  1206  1318 V sensors-hal: handle_ssc_event:100, suid_event for gyro_cal, num_suids=1, ts=11.112880s
03-12 23:52:58.805  1206  1318 I sensors-hal: suid_lookup_callback:421, datatype : gyro_cal
03-12 23:52:58.805  1206  1318 I sensors-hal: suid_lookup_callback:428, num_mandatory_sensors_found : 14, mandatory_sensor_datatypes.size() : 22
03-12 23:52:58.805  1206  1318 I sensors-hal: suid_lookup_callback:445, received suid for dt=gyro_cal, t=11.112968s
03-12 23:52:58.805  1206  1318 V sensors-hal: handle_ssc_event:100, suid_event for sig_motion, num_suids=1, ts=11.113020s
03-12 23:52:58.805  1206  1318 I sensors-hal: suid_lookup_callback:421, datatype : sig_motion
03-12 23:52:58.805  1206  1318 I sensors-hal: suid_lookup_callback:428, num_mandatory_sensors_found : 15, mandatory_sensor_datatypes.size() : 22
03-12 23:52:58.805  1206  1318 I sensors-hal: suid_lookup_callback:445, received suid for dt=sig_motion, t=11.113071s
03-12 23:52:58.805  1206  1318 V sensors-hal: handle_ssc_event:100, suid_event for mag_cal, num_suids=1, ts=11.113096s
03-12 23:52:58.805  1206  1318 I sensors-hal: suid_lookup_callback:421, datatype : mag_cal
03-12 23:52:58.805  1206  1318 I sensors-hal: suid_lookup_callback:428, num_mandatory_sensors_found : 16, mandatory_sensor_datatypes.size() : 22
03-12 23:52:58.805  1206  1318 I sensors-hal: suid_lookup_callback:445, received suid for dt=mag_cal, t=11.113145s
03-12 23:52:58.809  1206  1320 V sensors-hal: handle_indication:513, msg_id 34 
03-12 23:52:58.809  1206  1320 V sensors-hal: handle_indication:581, indication, payload_len=64
03-12 23:52:58.809  1206  1318 V sensors-hal: handle_ssc_event:100, suid_event for tilt, num_suids=1, ts=11.117068s
03-12 23:52:58.809  1206  1318 I sensors-hal: suid_lookup_callback:421, datatype : tilt
03-12 23:52:58.809  1206  1318 I sensors-hal: suid_lookup_callback:428, num_mandatory_sensors_found : 17, mandatory_sensor_datatypes.size() : 22
03-12 23:52:58.809  1206  1318 I sensors-hal: suid_lookup_callback:445, received suid for dt=tilt, t=11.117113s
03-12 23:52:58.809  1206  1320 V sensors-hal: handle_indication:513, msg_id 34 
03-12 23:52:58.809  1206  1320 V sensors-hal: handle_indication:581, indication, payload_len=69
03-12 23:52:58.810  1206  1318 V sensors-hal: handle_ssc_event:100, suid_event for geomag_rv, num_suids=1, ts=11.117334s
03-12 23:52:58.810  1206  1318 I sensors-hal: suid_lookup_callback:421, datatype : geomag_rv
03-12 23:52:58.810  1206  1318 I sensors-hal: suid_lookup_callback:428, num_mandatory_sensors_found : 17, mandatory_sensor_datatypes.size() : 22
03-12 23:52:58.810  1206  1318 I sensors-hal: suid_lookup_callback:445, received suid for dt=geomag_rv, t=11.117365s
03-12 23:52:58.812  1206  1320 V sensors-hal: handle_indication:513, msg_id 34 
03-12 23:52:58.812  1206  1320 V sensors-hal: handle_indication:581, indication, payload_len=67
03-12 23:52:58.812  1206  1320 V sensors-hal: handle_indication:513, msg_id 34 
03-12 23:52:58.812  1206  1320 V sensors-hal: handle_indication:581, indication, payload_len=76
03-12 23:52:58.812  1206  1318 V sensors-hal: handle_ssc_event:100, suid_event for gravity, num_suids=1, ts=11.119539s
03-12 23:52:58.812  1206  1318 I sensors-hal: suid_lookup_callback:421, datatype : gravity
03-12 23:52:58.812  1206  1318 I sensors-hal: suid_lookup_callback:428, num_mandatory_sensors_found : 18, mandatory_sensor_datatypes.size() : 22
03-12 23:52:58.812  1206  1318 I sensors-hal: suid_lookup_callback:445, received suid for dt=gravity, t=11.119653s
03-12 23:52:58.812  1206  1318 V sensors-hal: handle_ssc_event:100, suid_event for op_motion_detect, num_suids=1, ts=11.119685s
03-12 23:52:58.812  1206  1318 I sensors-hal: suid_lookup_callback:421, datatype : op_motion_detect
03-12 23:52:58.812  1206  1318 I sensors-hal: suid_lookup_callback:428, num_mandatory_sensors_found : 19, mandatory_sensor_datatypes.size() : 22
03-12 23:52:58.812  1206  1318 I sensors-hal: suid_lookup_callback:445, received suid for dt=op_motion_detect, t=11.119735s
03-12 23:52:58.812  1206  1320 V sensors-hal: handle_indication:513, msg_id 34 
03-12 23:52:58.812  1206  1320 V sensors-hal: handle_indication:581, indication, payload_len=67
03-12 23:52:58.812  1206  1318 V sensors-hal: handle_ssc_event:100, suid_event for game_rv, num_suids=1, ts=11.120085s
03-12 23:52:58.812  120