03-12 23:52:57.522     0     0 I @6 ueventd: loading /devices/platform/soc/2c00000.qcom,kgsl-3d0/kgsl/kgsl-3d0/a640_gmu.bin took 1ms
03-12 23:52:57.544   865   865 I ServiceManager: Waiting for service 'statscompanion' on '/dev/binder'...
03-12 23:52:57.611  1052  1052 I ServiceManager: Waiting for service 'media.metrics' on '/dev/binder'...
03-12 23:52:57.614     0     0 F @6 boot_mode:  
03-12 23:52:57.618     0     0 E @6 [TP]touchpanel: tp_fw_update_work: fw_name = tp/FW_19801_SY761.bin
03-12 23:52:57.620     0     0 I @6 ueventd: firmware: loading 'tp/FW_19801_SY761.bin' for '/devices/virtual/sec/sec_ts/tp!FW_19801_SY761.bin'
03-12 23:52:57.621     0     0 E @6 [TP]touchpanel: retry times 0
03-12 23:52:57.621     0     0 E @6 [TP]sec-s6sy761: sec_fw_update is called, force update:0
03-12 23:52:57.622     0     0 I @6 ueventd: loading /devices/virtual/sec/sec_ts/tp!FW_19801_SY761.bin took 2ms
03-12 23:52:57.622     0     0 E @6 [TP]sec-s6sy761: img version in bin is 0x10640819, img version in ic is 0x10640819
03-12 23:52:57.622     0     0 E @6 [TP]sec-s6sy761: config version in bin is 0x10640802, config version in ic is 0x10640802
03-12 23:52:57.623     0     0 E @6 [TP]touchpanel: release all touch point and key, clear tp touch down flag
03-12 23:52:57.623     0     0 E @6 [TP]sec-s6sy761: sec_enable_black_gesture, enable = 0
03-12 23:52:57.634     0     0 E @6 [TP]sec-s6sy761: sec_enable_charge_mode: state: 0 success!
03-12 23:52:57.635     0     0 E @6 [TP]sec-s6sy761: sec_touchhold_switch_mode: touchhold_enable: 0 success!
03-12 23:52:57.635     0     0 E @5 [TP]touchpanel: fw update finished
03-12 23:52:57.647   865   865 I ServiceManager: Waiting for service 'statscompanion' on '/dev/binder'...
03-12 23:52:57.672  1143  1143 I gsid    : no DSU: No such file or directory
03-12 23:52:57.696   585   585 W libc    : Unable to set property "ro.sf.lcd_density" to "560": error code: 0xb
03-12 23:52:57.697     0     0 I         : @5 set_dload_mode ON
03-12 23:52:57.697     0     0 E         : @5 [MDM] on [1] dload_mode_addr [          (null)]
03-12 23:52:57.698     0     0 I         : @5 set_dload_mode ON
03-12 23:52:57.698     0     0 E         : @5 [MDM] on [16] dload_mode_addr [          (null)]
03-12 23:52:57.699     0     0 I         : @5 set_dload_mode ON
03-12 23:52:57.699     0     0 E         : @5 [MDM] on [1] dload_mode_addr [          (null)]
03-12 23:52:57.699     0     0 I         : @5 set_dload_mode ON
03-12 23:52:57.699     0     0 E         : @5 [MDM] on [16] dload_mode_addr [          (null)]
03-12 23:52:57.708   867   867 E ActivityRecognitionHardware: activity_recognition HAL is deprecated. class_init is effectively a no-op
03-12 23:52:57.711  1052  1052 I ServiceManager: Waiting for service 'media.metrics' on '/dev/binder'...
03-12 23:52:57.726  1146  1146 E PerMgrProxy: Starting pm-proxy service
03-12 23:52:57.728  1045  1063 D PerMgrSrv: modem state: is off-line, add client PM-PROXY-THREAD
03-12 23:52:57.728  1045  1063 D PerMgrSrv: PM-PROXY-THREAD registered
03-12 23:52:57.728  1146  1146 D PerMgrLib: PM-PROXY-THREAD successfully registered for modem
03-12 23:52:57.728  1146  1146 I PerMgrProxy: Casting proxy vote for modem
03-12 23:52:57.728  1146  1146 D PerMgrLib: PM-PROXY-THREAD voting for modem
03-12 23:52:57.728  1045  1063 D PerMgrSrv: PM-PROXY-THREAD voting for modem
03-12 23:52:57.728  1045  1063 D PerMgrSrv: modem new state: going on-line
03-12 23:52:57.728  1045  1063 D PerMgrSrv: modem num voters is 1
03-12 23:52:57.728  1146  1146 I PerMgrProxy: pm-proxy-thread vote successful for modem
03-12 23:52:57.728     0     0 I @7 subsys-restart: __subsystem_get(): Changing subsys fw_name to modem
03-12 23:52:57.729     0     0 I @7 tfa98xx_probe(): Container loading requested: 0
03-12 23:52:57.729     0     0 I         : @7 tfa98xx 0-0034: tfa98xx codec registered ()
03-12 23:52:57.730     0     0 I ipa-wan ipa3_lcl_mdm_ssr_notifier_cb: 3096 IPA received MPSS BEFORE_POWERUP
03-12 23:52:57.731     0     0 E         : @5 ipa ipa3_uc_state_check:338 uC is not loaded
03-12 23:52:57.731     0     0 I         : @5 ipa-wan ipa3_lcl_mdm_ssr_notifier_cb:3105 IPA BEFORE_POWERUP handling is complete
03-12 23:52:57.732     0     0 I         : @5 subsys-pil-tz 4080000.qcom,mss: modem: loading from 0x000000008dc00000 to 0x0000000097200000
03-12 23:52:57.732     0     0 I @7 tfa98xx_probe(): Container loading requested: 0
03-12 23:52:57.732     0     0 I         : @7 tfa98xx 0-0035: tfa98xx codec registered ()
03-12 23:52:57.746  1148  1148 I bootstat: Service started: /system/bin/bootstat --set_system_boot_reason 
03-12 23:52:57.747     0     0 I @7 tfa98xx_container_loaded(): 3_01
03-12 23:52:57.747     0     0 I @7 tfa98xx_container_loaded(): NXP
03-12 23:52:57.747     0     0 I @7 tfa98xx_container_loaded(): stereo
03-12 23:52:57.747     0     0 I @7 tfa98xx_container_loaded(): 9871N1C
03-12 23:52:57.747     0     0 I @7 tfa98xx_container_loaded(): 2 ndev
03-12 23:52:57.747     0     0 I @7 tfa98xx_container_loaded(): 3 nprof
03-12 23:52:57.748     0     0 I @7 tfa98xx_container_loaded(): tfa98xx_container_loaded: tfa98xx->tfa->dev_idx = 0
03-12 23:52:57.748     0     0 I @7 tfa98xx_container_loaded(): Firmware init complete
03-12 23:52:57.748     0     0 E @7 tfa98xx_create_controls(): tfa98xx_create_controls: enter!
03-12 23:52:57.748     0     0 I @7 tfa98xx_create_controls(): profile added [0]: receiver
03-12 23:52:57.748     0     0 I @7 add_sr_to_profile(): added profile:samplerate = [0:48000] for mixer profile: receiver
03-12 23:52:57.748     0     0 I @7 tfa98xx_create_controls(): profile added [1]: speaker
03-12 23:52:57.748     1     1 I @7 add_sr_to_profile(): added profile:samplerate = [1:48000] for mixer profile: speaker
03-12 23:52:57.753     0     0 I tfa98xx_container_loaded(): loaded tfa98xx.cnt - size: 3591
03-12 23:52:57.753   865   865 I ServiceManager: Waiting for service 'statscompanion' on '/dev/binder'...
03-12 23:52:57.759  1158  1158 E modprobe: LoadWithAliases was unable to load rmnet_perf
03-12 23:52:57.761  1148  1148 I bootstat: Canonical boot reason: reboot,sideload
03-12 23:52:57.761  1148  1148 I bootstat: Canonical boot reason: reboot,sideload
03-12 23:52:57.762  1149  1149 I perfetto: probes.cc:77            Starting /system/bin/traced_probes service
03-12 23:52:57.763  1156  1156 W perfetto: service.cc:97           Started traced, listening on /dev/socket/traced_producer /dev/socket/traced_consumer
03-12 23:52:57.766  1149  1149 I perfetto: probes_producer.cc:100  Connected to the service
03-12 23:52:57.769  1148  1148 I bootstat: Last reboot reason read from /metadata/bootstat/persist.sys.boot.reason : reboot,sideload. Last reboot reason read from persist.sys.boot.reason : reboot,sideload
03-12 23:52:57.769  1148  1148 I bootstat: Normalized last reboot reason : reboot,sideload
03-12 23:52:57.779  1157  1157 D nxpese@1.0-service: Initializing State Machine...
03-12 23:52:57.779  1157  1157 D StateMachine: ProcessExtEvent: enter state:1 event:5
03-12 23:52:57.779  1157  1157 D StateMachine: ProcessExtEvent: exit state:1
03-12 23:52:57.779  1157  1157 D nxpese@1.0-service: Registering SecureElement HALIMPL Service v1.0...
03-12 23:52:57.780  1157  1157 D JcDnld_SPI: checkIfEseClientUpdateReqd enter:  
03-12 23:52:57.780  1157  1157 D android.hardware.secure_element@1.0-service: nxp config referred : libnfc-nxp.conf
03-12 23:52:57.780  1157  1157 D android.hardware.secure_element@1.0-service: nxp config file : /vendor/etc/libnfc-nxp.conf
03-12 23:52:57.780  1157  1157 D android.hardware.secure_element@1.0-service: readNxpTransitConfig-Enter..Reading /data/vendor/nfc/libnfc-nxpTransit.conf
03-12 23:52:57.780  1157  1157 E android.hardware.secure_element@1.0-service: readConfig Cannot open config file /data/vendor/nfc/libnfc-nxpTransit.conf
03-12 23:52:57.780  1157  1157 D android.hardware.secure_element@1.0-service: readNxpRFConfig-Enter..Reading /system/vendor/libnfc-nxp_RF.conf
03-12 23:52:57.780  1157  1157 E android.hardware.secure_element@1.0-service: readConfig Cannot open config file /system/vendor/libnfc-nxp_RF.conf
03-12 23:52:57.781  1157  1157 I android.hardware.secure_element@1.0-service: ConfigFile - Parsing file '/vendor/etc/libese-nxp.conf'
03-12 23:52:57.781  1157  1157 I android.hardware.secure_element@1.0-service: ConfigFile - [SE_DEBUG_ENABLED] = 1
03-12 23:52:57.781  1157  1157 I android.hardware.secure_element@1.0-service: ConfigFile - [NXP_SWP_RD_TAG_OP_TIMEOUT] = 0xFF
03-12 23:52:57.781  1157  1157 I android.hardware.secure_element@1.0-service: ConfigFile - [NXP_WTX_COUNT_VALUE] = 240
03-12 23:52:57.782  1157  1157 I android.hardware.secure_element@1.0-service: ConfigFile - [NXP_POWER_SCHEME] = 0x02
03-12 23:52:57.782  1157  1157 I android.hardware.secure_element@1.0-service: ConfigFile - [NXP_SOF_WRITE] = 0x01
03-12 23:52:57.782  1157  1157 I android.hardware.secure_element@1.0-service: ConfigFile - [NXP_TP_MEASUREMENT] = 0x00
03-12 23:52:57.782  1157  1157 I android.hardware.secure_element@1.0-service: ConfigFile - [NXP_SPI_INTF_RST_ENABLE] = 0x00
03-12 23:52:57.782  1157  1157 I android.hardware.secure_element@1.0-service: ConfigFile - [NXP_SPI_WRITE_TIMEOUT] = 0x14
03-12 23:52:57.782  1157  1157 I android.hardware.secure_element@1.0-service: ConfigFile - [NXP_ESE_DEV_NODE] = "/dev/p73"
03-12 23:52:57.782  1157  1157 I android.hardware.secure_element@1.0-service: ConfigFile - [NXP_MAX_RNACK_RETRY] = 0x0A
03-12 23:52:57.782  1157  1157 D nxpese@1.0-service: Registering SPI interface as eSE1
03-12 23:52:57.785  1157  1157 I HidlServiceManagement: Registered android.hardware.secure_element@1.0::ISecureElement/eSE1 (start delay of 52ms)
03-12 23:52:57.785  1157  1157 I HidlServiceManagement: Removing namespace from process name android.hardware.secure_element@1.0-service to secure_element@1.0-service.
03-12 23:52:57.785  1157  1157 D nxpese@1.0-service: Registering SecureElement HALIOCTL Service v1.0...
03-12 23:52:57.786  1157  1157 I HidlServiceManagement: Registered vendor.nxp.nxpese@1.0::INxpEse/default (start delay of 53ms)
03-12 23:52:57.786  1157  1157 D nxpese@1.0-service: Registering SecureElement Event Handler Service v1.0...
03-12 23:52:57.789  1157  1157 I HidlServiceManagement: Registered vendor.nxp.eventprocessor@1.0::INxpEseEvtProcessor/default (start delay of 56ms)
03-12 23:52:57.789  1157  1157 D nxpese@1.0-service: Secure Element HAL Service is ready
03-12 23:52:57.789  1157  1157 D JcDnld_SPI: eSEClientUpdateHandler Enter
03-12 23:52:57.789  1157  1157 D JcDnld_SPI: eSEClientUpdateHandler Exit 
03-12 23:52:57.795  1147  1171 I adbd    : opening control endpoint /dev/usb-ffs/adb/ep0
03-12 23:52:57.795     0     0 I         : @3 ep0_open success!
03-12 23:52:57.795     0     0 I         : @3 read descriptors
03-12 23:52:57.795     0     0 I         : @3 read strings
03-12 23:52:57.798  1147  1169 I adbd    : Waiting for persist.adb.tls_server.enable=1
03-12 23:52:57.802  1164  1164 I ThermalEngine: Thermal daemon started
03-12 23:52:57.802  1164  1164 E ThermalEngine: Unknown target identified with soc id 339
03-12 23:52:57.802  1164  1164 I ThermalEngine: No target config file, falling back to '/vendor/etc/thermal-engine.conf'
03-12 23:52:57.804  1147  1171 I adbd    : UsbFfsConnection constructed
03-12 23:52:57.810     0     0 I         : @7 subsys-pil-tz soc:qcom,kgsl-hyp: a640_zap: loading from 0x00000000f2c00000 to 0x00000000f2c01000
03-12 23:52:57.811  1147  1175 I adbd    : UsbFfs-monitor thread spawned
03-12 23:52:57.811  1052  1052 I ServiceManager: Waiting for service 'media.metrics' on '/dev/binder'...
03-12 23:52:57.823     0     0 I @7 tfa98xx_container_loaded(): loaded tfa98xx.cnt - size: 3591
03-12 23:52:57.823     0     0 I @7 tfa98xx_container_loaded(): container file already loaded...
03-12 23:52:57.824     0     0 I @7 tfa98xx_container_loaded(): tfa98xx_container_loaded: tfa98xx->tfa->dev_idx = 1
03-12 23:52:57.824     0     0 I @7 tfa98xx_container_loaded(): Firmware init complete
03-12 23:52:57.847  1181  1181 I iorapd  : iorapd (the prefetchening) firing up
03-12 23:52:57.852  1180  1180 I installd: installd firing up
03-12 23:52:57.854   865   865 I ServiceManager: Waiting for service 'statscompanion' on '/dev/binder'...
03-12 23:52:57.854  1181  1181 I iorapd  : Opened existing database at '/data/misc/iorapd/sqlite.db'
03-12 23:52:57.855  1181  1181 W iorapd  : Reconnect to package manager service: 1 times
03-12 23:52:57.856  1181  1181 I ServiceManager: Waiting for service 'package_native' on '/dev/binder'...
03-12 23:52:57.859  1164  1164 I ThermalEngine: devices_manager_init: Init
03-12 23:52:57.859  1164  1164 I ThermalEngine: Number of gpus :1
03-12 23:52:57.859  1164  1164 I ThermalEngine: Number of cpus :8
03-12 23:52:57.860  1164  1164 I ThermalEngine: update_cpu_topology: Cluster info node not found/sys/module/msm_thermal/cluster_info
03-12 23:52:57.860  1164  1164 E ThermalEngine: tmd_add_cpufreq_dev_data: Invalid or no boost freqs
03-12 23:52:57.871  1164  1164 I chatty  : uid=1000(system) /vendor/bin/thermal-engine identical 4 lines
03-12 23:52:57.872  1164  1164 E ThermalEngine: tmd_add_cpufreq_dev_data: Invalid or no boost freqs
03-12 23:52:57.873  1164  1196 I ThermalEngine: ADSP thermal mitigation available.
03-12 23:52:57.873  1164  1196 I ThermalEngine: Mitigation:vdd_restriction[ADSP]:0 pending QMI request succeded
03-12 23:52:57.874  1164  1164 E ThermalEngine: tmd_add_cpufreq_dev_data: Invalid or no boost freqs
03-12 23:52:57.877  1164  1164 E ThermalEngine: tmd_add_cpufreq_dev_data: Invalid or no boost freqs
03-12 23:52:57.879  1187  1187 V MediaUtils: physMem: 7831093248
03-12 23:52:57.879  1187  1187 V MediaUtils: requested limit: 134217728
03-12 23:52:57.879  1187  1187 I libc    : malloc_limit: Allocation limit enabled, max size 134217728 bytes
03-12 23:52:57.880  1164  1164 E ThermalEngine: open/sys/class/thermal/cooling_device2/cur_state failed13
03-12 23:52:57.881  1183  1183 I keystore: found android.hardware.keymaster@4.0::IKeymasterDevice with interface name default and seclevel TRUSTED_ENVIRONMENT
03-12 23:52:57.882  1164  1164 E ThermalEngine: open/sys/class/thermal/cooling_device4/cur_state failed13
03-12 23:52:57.883  1164  1164 E ThermalEngine: open/sys/class/thermal/cooling_device6/cur_state failed13
03-12 23:52:57.885  1164  1164 E ThermalEngine: open/sys/class/thermal/cooling_device7/cur_state failed13
03-12 23:52:57.886  1164  1164 E ThermalEngine: open/sys/class/thermal/cooling_device8/cur_state failed13
03-12 23:52:57.888  1198  1198 I PerfDaemon: PerfDaemon is starting.
03-12 23:52:57.889  1164  1164 E ThermalEngine: open/sys/class/thermal/cooling_device10/cur_state failed13
03-12 23:52:57.891  1198  1198 W perfservice: libminijail[1198]: failed to get path of fd 5: No such file or directory
03-12 23:52:57.891  1198  1198 W perfservice: libminijail[1198]: allowing syscall: connect
03-12 23:52:57.891  1198  1198 W perfservice: libminijail[1198]: allowing syscall: fcntl
03-12 23:52:57.891  1198  1198 W perfservice: libminijail[1198]: allowing syscall: sendto
03-12 23:52:57.891  1198  1198 W perfservice: libminijail[1198]: allowing syscall: socket
03-12 23:52:57.891  1198  1198 W perfservice: libminijail[1198]: allowing syscall: writev
03-12 23:52:57.891  1198  1198 W perfservice: libminijail[1198]: logging seccomp filter failures
03-12 23:52:57.892  1164  1164 E ThermalEngine: open/sys/class/thermal/cooling_device12/cur_state failed13
03-12 23:52:57.893  1164  1164 E ThermalEngine: open/sys/class/thermal/cooling_device13/cur_state failed13
03-12 23:52:57.893  1164  1164 I ThermalEngine: tmd_init_cluster_devs: No clusters found
03-12 23:52:57.894  1164  1164 E ThermalEngine: open/sys/class/thermal/cooling_device0/cur_state failed13
03-12 23:52:57.895  1164  1164 E ThermalEngine: open/sys/class/thermal/cooling_device1/cur_state failed13
03-12 23:52:57.895  1164  1164 E ThermalEngine: Unable to set NPU cdev state to 0
03-12 23:52:57.896  1164  1164 E ThermalEngine: open/sys/class/thermal/cooling_device1/cur_state failed13
03-12 23:52:57.896  1164  1164 E ThermalEngine: devices_init: Init NPU TMD failed 5
03-12 23:52:57.896  1164  1164 E ThermalEngine: open/sys/class/thermal/cooling_device14/cur_state failed13
03-12 23:52:57.897  1164  1164 E ThermalEngine: open/sys/class/thermal/cooling_device15/cur_state failed13
03-12 23:52:57.899  1164  1164 E ThermalEngine: open/sys/class/thermal/cooling_device17/cur_state failed13
03-12 23:52:57.900  1164  1164 E ThermalEngine: open/sys/class/thermal/cooling_device16/cur_state failed13
03-12 23:52:57.900  1164  1164 I ThermalEngine: vdd_rstr_init: Could not read /sys/module/msm_thermal/vdd_restriction/enabled
03-12 23:52:57.903  1187  1187 D AudioPowerUsage: AudioPowerUsage
03-12 23:52:57.903  1187  1187 D AudioAnalytics: AudioAnalytics
03-12 23:52:57.903  1187  1187 D MediaMetricsService: MediaMetricsService
03-12 23:52:57.905  1164  1164 E ThermalEngine: Error reading /sys/class/leds/lcd-backlight/max_brightness
03-12 23:52:57.906  1164  1164 E ThermalEngine: open/sys/class/power_supply/battery/system_temp_level failed2
03-12 23:52:57.906  1164  1164 E ThermalEngine: Unable to init battery charging mitigation to 0
03-12 23:52:57.906  1164  1164 I ThermalEngine: sensors_manager_init: Init
03-12 23:52:57.912  1052  1052 I AudioFlinger: Using default 3000 mSec as standby time.
03-12 23:52:57.913  1164  1210 E ThermalEngine: socket creation success
03-12 23:52:57.913  1052  1052 I audioserver: ServiceManager: AudioFlinger instantiate done 0x714fb921b0
03-12 23:52:57.913  1052  1052 E APM::Serializer: deserialize: Could not parse /odm/etc/audio_policy_configuration.xml document.
03-12 23:52:57.913  1052  1052 E APM::Serializer: deserialize: Could not parse /vendor/etc/audio/audio_policy_configuration.xml document.
03-12 23:52:57.913  1187  1187 I ServiceManager: Waiting for service 'package_native' on '/dev/binder'...
03-12 23:52:57.919     0     0 E         : @7 sm8150-asoc-snd soc:qcom,msm-audio-apr:sound-tavil: ASoC: no sink widget found for SpkrLeft IN
03-12 23:52:57.919     0     0 E         : @7 sm8150-asoc-snd soc:qcom,msm-audio-apr:sound-tavil: ASoC: Failed to add route SPK1 OUT -> direct -> SpkrLeft IN
03-12 23:52:57.919     0     0 E         : @7 sm8150-asoc-snd soc:qcom,msm-audio-apr:sound-tavil: ASoC: no sink widget found for SpkrRight IN
03-12 23:52:57.919     0     0 E         : @7 sm8150-asoc-snd soc:qcom,msm-audio-apr:sound-tavil: ASoC: Failed to add route SPK2 OUT -> direct -> SpkrRight IN
03-12 23:52:57.922  1052  1052 D AudioPolicyManagerCustom: USE_XML_AUDIO_POLICY_CONF is TRUE
03-12 23:52:57.922  1052  1052 D APM_EngineLoader: Loaded engine from libaudiopolicyenginedefault.so
03-12 23:52:57.922  1052  1052 E APM::AudioPolicyEngine/Config: parse: Could not parse document /vendor/etc/audio_policy_engine_configuration.xml
03-12 23:52:57.922  1052  1052 E libxml2 : I/O warning : failed to load external entity "/vendor/etc/audio_policy_engine_configuration.xml"
03-12 23:52:57.922  1052  1052 W APM::AudioPolicyEngine/Base: loadAudioPolicyEngineConfig: No configuration found, using default matching phone experience.
03-12 23:52:57.922  1052  1052 E APM::AudioPolicyEngine/Config: parseLegacyVolumeFile: Could not parse document /odm/etc/audio_policy_configuration.xml
03-12 23:52:57.922  1052  1052 E libxml2 : I/O warning : failed to load external entity "/odm/etc/audio_policy_configuration.xml"
03-12 23:52:57.922  1052  1052 E APM::AudioPolicyEngine/Config: parseLegacyVolumeFile: Could not parse document /vendor/etc/audio/audio_policy_configuration.xml
03-12 23:52:57.922  1052  1052 E libxml2 : I/O warning : failed to load external entity "/vendor/etc/audio/audio_policy_configuration.xml"
03-12 23:52:57.924  1052  1052 W APM::AudioPolicyEngine/Base: loadAudioPolicyEngineConfig: No configuration of AUDIO_STREAM_ASSISTANT found, using default volume configuration
03-12 23:52:57.924  1052  1052 W APM::AudioPolicyEngine/Base: loadAudioPolicyEngineConfig: No configuration of AUDIO_STREAM_CALL_ASSISTANT found, using default volume configuration
03-12 23:52:57.933  1168  1168 I cameraserver: ServiceManager: 0xee900b50
03-12 23:52:57.933  1168  1168 I CameraService: CameraService started (pid=1168)
03-12 23:52:57.933  1168  1168 I CameraService: CameraService process starting
03-12 23:52:57.934  1168  1168 W BatteryNotifier: batterystats service unavailable!
03-12 23:52:57.934  1168  1168 W BatteryNotifier: batterystats service unavailable!
03-12 23:52:57.935   629   629 I hwservicemanager: Since android.hardware.camera.provider@2.4::ICameraProvider/legacy/0 is not registered, trying to start it as a lazy HAL.
03-12 23:52:57.936  1168  1168 E CameraProviderManager: addProviderLocked: Camera provider HAL 'legacy/0' is not actually available
03-12 23:52:57.940  1193  1193 I wificond: wificond is starting up...
03-12 23:52:57.943  1168  1168 I cameraserver: Waiting for activity service
03-12 23:52:57.952   932   932 D audio_hw_primary: adev_open: enter
03-12 23:52:57.954   865   865 I ServiceManager: Waiting for service 'statscompanion' on '/dev/binder'...
03-12 23:52:57.955  1198  1198 D PerfDaemon: added vendor.perfservice to services and is now running.
03-12 23:52:57.956   932   932 E ConfigParser: initAndParse: Error: 2 (No such file or directory). Using defaults!
03-12 23:52:57.957  1181  1181 I ServiceManager: Waiting for service 'package_native' on '/dev/binder'...
03-12 23:52:57.957   932   932 I HidlServiceManagement: Registered vendor.qti.hardware.audiohalext@1.0::IAudioHalExt/default (start delay of 994ms)
03-12 23:52:57.957   932   932 I audio_hw_hidl: Registration complete for vendor.qti.hardware.audiohalext@1.0::IAudioHalExt/default.
03-12 23:52:57.957   932   932 D audio_log_utils: registered, module hal
03-12 23:52:57.958   932   932 D audio_hw_extn: snd_mon_feature_init: Called with feature Enabled
03-12 23:52:57.961  1188  1188 I mediaserver: ServiceManager: 0xef7c1310
03-12 23:52:57.961  1188  1188 D mediaserver: Time zone APEX ICU file found: /apex/com.android.tzdata/etc/icu/icu_tzdata.dat
03-12 23:52:57.961  1188  1188 D mediaserver: I18n APEX ICU file found: /apex/com.android.i18n/etc/icu/icudt66l.dat
03-12 23:52:57.969  1188  1188 W BatteryNotifier: batterystats service unavailable!
03-12 23:52:57.970  1188  1188 W BatteryNotifier: batterystats service unavailable!
03-12 23:52:57.973   932   932 D audio_hw_extn: snd_mon_feature_init:: ---- Feature SND_MONITOR is Enabled ----
03-12 23:52:57.973   932   932 W audio_hw_extn: :: compr_cap_feature_init: ---- Feature COMPRESS_CAPTURE is disabled ----
03-12 23:52:57.973   932   932 D audio_hw_extn: dsm_feedback_feature_init: Called with feature NOT Enabled
03-12 23:52:57.973   932   932 W audio_hw_extn: :: dsm_feedback_feature_init: ---- Feature DSM_FEEDBACK is disabled ----
03-12 23:52:57.973   932   932 E audio_hw_extn: ssrec_feature_init: dlopen failed
03-12 23:52:57.973   932   932 W audio_hw_extn: :: ssrec_feature_init: ---- Feature SSREC is disabled ----
03-12 23:52:57.973   932   932 D audio_hw_extn: src_trkn_feature_init:: ---- Feature SOURCE_TRACKING is Enabled ----
03-12 23:52:57.973   932   932 D audio_hw_extn: hdmi_edid_feature_init: HDMI_EDID feature Enabled
03-12 23:52:57.975   867   867 W Zygote  : Class not found for preloading: android.inputmethodservice.-$$Lambda$InputMethodService$TvVfWDKZ3ljQdrU87qYykg6uD-I
03-12 23:52:57.975  1202  1202 E wfdhdcphal: wfdhdcphalservice starting...
03-12 23:52:57.976  1202  1202 W wfdhdcphalservice: libminijail[1202]: failed to get path of fd 5: No such file or directory
03-12 23:52:57.976  1202  1202 W wfdhdcphalservice: libminijail[1202]: allowing syscall: clock_gettime
03-12 23:52:57.976  1202  1202 W wfdhdcphalservice: libminijail[1202]: allowing syscall: connect
03-12 23:52:57.976  1202  1202 W wfdhdcphalservice: libminijail[1202]: allowing syscall: fcntl64
03-12 23:52:57.976  1202  1202 W wfdhdcphalservice: libminijail[1202]: allowing syscall: socket
03-12 23:52:57.976  1202  1202 W wfdhdcphalservice: libminijail[1202]: allowing syscall: writev
03-12 23:52:57.976  1202  1202 W wfdhdcphalservice: libminijail[1202]: logging seccomp filter failures
03-12 23:52:57.977  1193  1193 I HidlServiceManagement: Registered android.system.wifi.keystore@1.0::IKeystore/default (start delay of 124ms)
03-12 23:52:57.978  1184  1184 V MediaUtils: physMem: 7831093248
03-12 23:52:57.978  1184  1184 V MediaUtils: requested limit: 1566218640
03-12 23:52:57.978  1184  1184 I libc    : malloc_limit: Allocation limit enabled, max size 1566218640 bytes
03-12 23:52:57.984  1164  1164 E ThermalEngine: Unable to change to /sys/devices/soc/
03-12 23:52:57.984  1164  1164 E ThermalEngine: bcl_setup: Unexpected node error
03-12 23:52:57.984  1164  1164 E ThermalEngine: add_tgt_sensor: bcl sensor setup failed failed.
03-12 23:52:57.984  1164  1164 E ThermalEngine: add_tgt_sensors_set: Error adding bcl
03-12 23:52:57.984  1164  1164 E ThermalEngine: sensors_init: Error adding BCL TS
03-12 23:52:57.984  1164  1164 E ThermalEngine: pid_init_data: ERROR Uknown device
03-12 23:52:57.984  1164  1164 E ThermalEngine: thermal_monitor_init_data: ERROR Uknown device
03-12 23:52:57.984  1164  1164 E ThermalEngine: speaker_cal_init_data: ERROR Uknown device
03-12 23:52:57.984  1164  1164 E ThermalEngine: ss_init_data: ERROR Uknown device
03-12 23:52:57.984  1164  1164 I ThermalEngine: Loading config file for virtual sensor
03-12 23:52:57.984  1164  1164 I ThermalEngine: Loading configuration file /vendor/etc/thermal-engine.conf
03-12 23:52:57.984   932   932 D audio_hw_extn: hdmi_edid_feature_init:: ---- Feature HDMI_EDID is Enabled ----
03-12 23:52:57.984   932   932 D audio_hw_extn: :: keep_alive_feature_init: ---- Feature KEEP_ALIVE is ENABLED ----
03-12 23:52:57.984   932   932 D audio_hw_extn: :: hifi_audio_feature_init: ---- Feature HIFI_AUDIO is  NOT ENABLED ----
03-12 23:52:57.984   932   932 D audio_hw_extn: :: ras_feature_init: ---- Feature RAS_FEATURE is ENABLED ----
03-12 23:52:57.984   932   932 D audio_hw_extn: :: kpi_optimize_feature_init: ---- Feature KPI_OPTIMIZE is ENABLED ----
03-12 23:52:57.984   932   932 D audio_hw_extn: usb_offload_feature_init: Called with feature Enabled
03-12 23:52:57.984   932   932 D audio_hw_extn: usb_offload_burst_mode_feature_init: Called with feature Enabled
03-12 23:52:57.984   932   932 D audio_hw_extn: usb_offload_sidetone_volume_feature_init: Called with feature NOT Enabled
03-12 23:52:57.984   932   932 D audio_hw_extn: a2dp_offload_feature_init: Called with feature Enabled
03-12 23:52:57.984  1164  1164 I ThermalEngine: Parsing section global
03-12 23:52:57.984  1164  1164 E ThermalEngine: virtual_sensors_init: Error getting virtual sensors set
03-12 23:52:57.984  1164  1164 I ThermalEngine: Loading configuration file /vendor/etc/thermal-engine.conf
03-12 23:52:57.984  1164  1164 I ThermalEngine: Parsing section global
03-12 23:52:57.985  1164  1164 E ThermalEngine: sensors_manager_reg_clnt: Invalid sensor pop_mem.
03-12 23:52:57.985  1164  1164 E ThermalEngine: pid_algo_init: Sensor clnt create fail pop_mem
03-12 23:52:57.985  1164  1164 E ThermalEngine: sensors_manager_reg_clnt: Invalid sensor cpu3.
03-12 23:52:57.985  1164  1164 E ThermalEngine: pid_algo_init: Sensor clnt create fail cpu3
03-12 23:52:57.985  1164  1164 E ThermalEngine: sensors_manager_reg_clnt: Invalid sensor cpu2.
03-12 23:52:57.985  1164  1164 E ThermalEngine: pid_algo_init: Sensor clnt create fail cpu2
03-12 23:52:57.985  1164  1164 E ThermalEngine: sensors_manager_reg_clnt: Invalid sensor cpu1.
03-12 23:52:57.985  1164  1164 E ThermalEngine: pid_algo_init: Sensor clnt create fail cpu1
03-12 23:52:57.985  1164  1164 E ThermalEngine: sensors_manager_reg_clnt: Invalid sensor cpu0.
03-12 23:52:57.985  1164  1164 E ThermalEngine: pid_algo_init: Sensor clnt create fail cpu0
03-12 23:52:57.985  1164  1164 I ThermalEngine: pid_algo_init: No PID's to be configured.
03-12 23:52:57.985  1164  1164 E ThermalEngine: Failed to setup at least one sensor for monitoring
03-12 23:52:57.985  1164  1164 I ThermalEngine: ss_algo_init: No SS's configured.
03-12 23:52:57.985  1164  1164 E ThermalEngine: No speaker_cal config
03-12 23:52:57.985  1164  1164 E ThermalEngine: open/sys/module/msm_thermal/parameters/enabled failed2
03-12 23:52:57.987  1202  1202 I HidlServiceManagement: Registered android.hardware.drm@1.3::IDrmFactory/wfdhdcp (start delay of 104ms)
03-12 23:52:57.987   932   932 D audio_hw_extn: a2dp_offload_feature_init:: ---- Feature A2DP_OFFLOAD is Enabled ----
03-12 23:52:57.987   932   932 D audio_hw_extn: :: vbat_feature_init: ---- Feature VBAT is ENABLED ----
03-12 23:52:57.987   932   932 D audio_hw_extn: :: display_port_feature_init: ---- Feature DISPLAY_PORT is ENABLED ----
03-12 23:52:57.987   932   932 D audio_hw_extn: :: fluence_feature_init: ---- Feature FLUENCE is ENABLED ----
03-12 23:52:57.987   932   932 D audio_hw_extn: :: custom_stereo_feature_init: ---- Feature CUSTOM_STEREO is ENABLED ----
03-12 23:52:57.987   932   932 D audio_hw_extn: :: anc_headset_feature_init: ---- Feature ANC_HEADSET is ENABLED----
03-12 23:52:57.987   932   932 D audio_hw_extn: spkr_prot_feature_init: Called with feature NOT Enabled, is_running_with_enhanced_fwk 1
03-12 23:52:57.987   932   932 W audio_hw_extn: :: spkr_prot_feature_init: ---- Feature SPKR_PROT is disabled ----
03-12 23:52:57.987   932   932 D audio_hw_extn: fm_feature_init: ---- Feature FM_POWER_OPT is ENABLED----
03-12 23:52:57.987   932   932 D audio_hw_extn: external_qdsp_feature_init: Called with feature NOT Enabled
03-12 23:52:57.987   932   932 W audio_hw_extn: :: external_qdsp_feature_init: ---- Feature EXTERNAL_QDSP is disabled ----
03-12 23:52:57.987   932   932 D audio_hw_extn: external_speaker_feature_init: Called with feature NOT Enabled
03-12 23:52:57.987   932   932 W audio_hw_extn: :: external_speaker_feature_init: ---- Feature EXTERNAL_SPKR is disabled ----
03-12 23:52:57.987   932   932 D audio_hw_extn: external_speaker_tfa_feature_init: Called with feature NOT Enabled
03-12 23:52:57.987   932   932 W audio_hw_extn: :: external_speaker_tfa_feature_init: ---- Feature EXTERNAL_SPKR_TFA is disabled ----
03-12 23:52:57.987   932   932 D audio_hw_extn: hwdep_cal_feature_init: Called with feature NOT Enabled
03-12 23:52:57.987   932   932 W audio_hw_extn: :: hwdep_cal_feature_init: ---- Feature HWDEP_CAL is disabled ----
03-12 23:52:57.987   932   932 D audio_hw_extn: hfp_feature_init: Called with feature Enabled
03-12 23:52:57.990  1202  1202 I HidlServiceManagement: Registered android.hardware.drm@1.3::ICryptoFactory/wfdhdcp (start delay of 108ms)
03-12 23:52:57.991   867   867 I zygote64: Thread[1,tid=867,Native,Thread*=0x6edcf1a7b0,peer=0x12c03040,"main"] recursive attempt to load library "libmedia_jni.so"
03-12 23:52:57.992   867   867 I zygote64: Thread[1,tid=867,Native,Thread*=0x6edcf1a7b0,peer=0x12c03040,"main"] recursive attempt to load library "libmedia_jni.so"
03-12 23:52:57.992   867   867 D MtpDeviceJNI: register_android_mtp_MtpDevice
03-12 23:52:57.992   867   867 I zygote64: Thread[1,tid=867,Native,Thread*=0x6edcf1a7b0,peer=0x12c03040,"main"] recursive attempt to load library "libmedia_jni.so"
03-12 23:52:57.992   867   867 I zygote64: Thread[1,tid=867,Native,Thread*=0x6edcf1a7b0,peer=0x12c03040,"main"] recursive attempt to load library "libmedia_jni.so"
03-12 23:52:57.993  1164  1268 I ThermalEngine: Monitor : quiet_therm = 34306, msm_therm = 43739, xo_therm = 37102, battery_therm = 329,current_now = 618000 
03-12 23:52:57.996  1229  1229 I HidlServiceManagement: Registered com.qualcomm.qti.dpm.api@1.0::IdpmQmi/dpmQmiService (start delay of 73ms)
03-12 23:52:57.999   867   867 W Zygote  : Class not found for preloading: android.media.MediaRouter$Static$Client$1
03-12 23:52:57.999   867   867 W Zygote  : Class not found for preloading: android.media.MediaRouter$Static$Client$2
03-12 23:52:57.999   932   932 D audio_hw_extn: hfp_feature_init:: ---- Feature HFP is Enabled ----
03-12 23:52:57.999   932   932 D audio_hw_extn: ext_hw_plugin_feature_init: Called with feature Enabled
03-12 23:52:58.000  1184  1184 W mediaextractor: libminijail[1184]: failed to get path of fd 5: No such file or directory
03-12 23:52:58.000  1184  1184 W mediaextractor: libminijail[1184]: allowing syscall: connect
03-12 23:52:58.000  1184  1184 W mediaextractor: libminijail[1184]: allowing syscall: fcntl
03-12 23:52:58.000  1184  1184 W mediaextractor: libminijail[1184]: allowing syscall: sendto
03-12 23:52:58.000  1184  1184 W mediaextractor: libminijail[1184]: allowing syscall: socket
03-12 23:52:58.000   932   932 D audio_hw_extn: ext_hw_plugin_feature_init:: ---- Feature EXT_HW_PLUGIN is Enabled ----
03-12 23:52:58.000  1184  1184 W mediaextractor: libminijail[1184]: allowing syscall: writev
03-12 23:52:58.000   932   932 D audio_hw_extn: record_play_concurency_feature_init: ---- Feature RECORD_PLAY_CONCURRENCY is NOT ENABLED----
03-12 23:52:58.000   932   932 D audio_hw_extn: hdmi_passthrough_feature_init: Called with feature Enabled
03-12 23:52:58.004  1184  1184 W mediaextractor: libminijail[1184]: logging seccomp filter failures
03-12 23:52:58.004  1209  1209 E QCNEA   : Cne Version 4.9
03-12 23:52:58.005   932   932 E audio_hw_extn: hdmi_passthrough_feature_init: dlsym failed
03-12 23:52:58.006   932   932 W audio_hw_extn: :: hdmi_passthrough_feature_init: ---- Feature HDMI_PASSTHROUGH is disabled ----
03-12 23:52:58.006   932   932 D audio_hw_extn: concurrent_capture_feature_init: ---- Feature CONCURRENT_CAPTURE is ENABLED----
03-12 23:52:58.006   932   932 D audio_hw_extn: compress_in_feature_init: ---- Feature COMPRESS_IN is ENABLED----
03-12 23:52:58.011   934   934 W HidlServiceManagement: Waited one second for vendor.oneplus.fingerprint.extension@1.0::IVendorFingerprintExtensions/default
03-12 23:52:58.011   629   629 I hwservicemanager: Since vendor.oneplus.fingerprint.extension@1.0::IVendorFingerprintExtensions/default is not registered, trying to start it as a lazy HAL.
03-12 23:52:58.012   934   934 I HidlServiceManagement: getService: Trying again for vendor.oneplus.fingerprint.extension@1.0::IVendorFingerprintExtensions/default...
03-12 23:52:58.012   932   932 D audio_hw_extn: battery_listener_feature_init: ---- Feature BATTERY_LISTENER is enabled ----
03-12 23:52:58.013   932   932 D audio_hw_extn: maxx_audio_feature_init: Called with feature NOT Enabled
03-12 23:52:58.013   932   932 W audio_hw_extn: :: maxx_audio_feature_init: ---- Feature MAXX_AUDIO is disabled ----
03-12 23:52:58.013   932   932 D audio_hw_extn: audiozoom_feature_init: Called with feature NOT Enabled
03-12 23:52:58.013  1190  1190 I ServiceManager: Waiting for service 'package_native' on '/dev/binder'...
03-12 23:52:58.013   932   932 W audio_hw_extn: :: audiozoom_feature_init: ---- Feature AUDIOZOOM is disabled ----
03-12 23:52:58.013   932   932 D voice_extn: :: dynamic_ecns_feature_init: ---- Feature DYNAMIC_ECNS is ENABLED ----
03-12 23:52:58.014  1187  1187 I ServiceManager: Waiting for service 'package_native' on '/dev/binder'...
03-12 23:52:58.015  1274  1274 E adsprpcd: vendor/qcom/proprietary/commonsys-intf/adsprpc/src/adsprpcd.c:30:adsp daemon starting
03-12 23:52:58.025  1258  1258 E Diag_Lib: qpLogDiagInit <== result : 1
03-12 23:52:58.025  1258  1258 E Diag_Lib: QMID : gIsQXDMDisabled 1, gIsADBDisabled 1, gIsDebugDisabled 1, gIsIMSLogsDisabled 1
03-12 23:52:58.025  1258  1258 E Diag_Lib: [IMS_QMID] |imsqmiserver.c | 541 | QMID#$$#0#QMI DAEMON STARTED
03-12 23:52:58.026  1275  1275 E adsprpcd: vendor/qcom/proprietary/commonsys-intf/adsprpc/src/adsprpcd.c:30:adsp daemon starting
03-12 23:52:58.026  1275  1275 I adsprpcd: remote_handle_open: Successfully opened handle 0x7f for '":;./\createstaticpd:audiopd on domain 0
03-12 23:52:58.028  1274  1274 I adsprpcd: remote_handle_open: Successfully opened handle 0x7f for '":;./\attachguestos on domain 0
03-12 23:52:58.028  1269  1269 I imsrcsd : Uce Service HAL  is starting up...
03-12 23:52:58.029  1240  1240 E Diag_Lib: qpLogDiagInit <== result : 1; log_write_mutex is Initialized
03-12 23:52:58.029  1240  1240 E VIMSVT  : VT-Vendor:: enableImsADB 0, log_priority value 240
03-12 23:52:58.029  1240  1240 E Diag_Lib: [IMS_AP_RTP]"RTPService callback Registraton"
03-12 23:52:58.035  1240  1240 I HidlServiceManagement: Registered vendor.qti.imsrtpservice@2.1::IRTPService/imsrtpservice (start delay of 92ms)
03-12 23:52:58.036  1203  1203 I android.hardware.media.omx@1.0-service: mediacodecservice starting
03-12 23:52:58.036   867   867 W Zygote  : Class not found for preloading: android.net.shared.Inet4AddressUtils
03-12 23:52:58.036   629   629 I hwservicemanager: getTransport: Cannot find entry vendor.qti.hardware.data.latency@1.0::ILinkLatency/default in either framework or device manifest.
03-12 23:52:58.036   867   867 W Zygote  : Class not found for preloading: android.net.shared.InetAddressUtils
03-12 23:52:58.036  1209  1209 E HidlServiceManagement: Service vendor.qti.hardware.data.latency@1.0::ILinkLatency/default must be in VINTF manifest in order to register/get.
03-12 23:52:58.038  1203  1203 W android.hardware.media.omx@1.0-service: libminijail[1203]: failed to get path of fd 5: No such file or directory
03-12 23:52:58.038  1203  1203 W android.hardware.media.omx@1.0-service: libminijail[1203]: allowing syscall: clock_gettime
03-12 23:52:58.038  1203  1203 W android.hardware.media.omx@1.0-service: libminijail[1203]: allowing syscall: connect
03-12 23:52:58.038  1203  1203 W android.hardware.media.omx@1.0-service: libminijail[1203]: allowing syscall: fcntl64
03-12 23:52:58.038  1203  1203 W android.hardware.media.omx@1.0-service: libminijail[1203]: allowing syscall: socket
03-12 23:52:58.038  1203  1203 W android.hardware.media.omx@1.0-service: libminijail[1203]: allowing syscall: writev
03-12 23:52:58.039  1209  1209 I HidlServiceManagement: Registered vendor.qti.data.factory@2.0::IFactory/default (start delay of 136ms)
03-12 23:52:58.040  1203  1203 W android.hardware.media.omx@1.0-service: libminijail[1203]: compile_file: <fd>(80): nonexistent syscall 'ueventd'
03-12 23:52:58.040  1203  1203 W android.hardware.media.omx@1.0-service: libminijail[1203]: logging seccomp filter failures
03-12 23:52:58.044  1280  1280 W wfdvnd-service: Setup minijail
03-12 23:52:58.045  1278  1278 E cdsprpcd: vendor/qcom/proprietary/commonsys-intf/adsprpc/src/cdsprpcd.c:29:cdsp daemon starting
03-12 23:52:58.046  1203  1203 E OMXMaster: OMX plugin failed w/ error 0x80001001 after registering 0 components
03-12 23:52:58.047  1278  1278 I cdsprpcd: remote_handle_open: Successfully opened handle 0x7f for '":;./\attachguestos on domain 3
03-12 23:52:58.048  1269  1269 I imsrcsd : Uce Service HAL  loading imsrcsbaseimpl
03-12 23:52:58.049  1203  1203 I SoftOMXPlugin: createOMXPlugin
03-12 23:52:58.050  1280  1280 W wfdvndservice: libminijail[1280]: failed to get path of fd 5: No such file or directory
03-12 23:52:58.050  1280  1280 W wfdvndservice: libminijail[1280]: allowing syscall: clock_gettime
03-12 23:52:58.050  1203  1203 I MediaCodecsXmlParser: getVendorXmlPath (/vendor/etc/media_codecs_vendor.xml)
03-12 23:52:58.050  1280  1280 W wfdvndservice: libminijail[1280]: allowing syscall: connect
03-12 23:52:58.050  1203  1203 D MediaCodecsXmlParser: parsing /vendor/etc/media_codecs_vendor.xml...
03-12 23:52:58.050  1280  1280 W wfdvndservice: libminijail[1280]: allowing syscall: fcntl64
03-12 23:52:58.050  1280  1280 W wfdvndservice: libminijail[1280]: allowing syscall: socket
03-12 23:52:58.050  1280  1280 W wfdvndservice: libminijail[1280]: allowing syscall: writev
03-12 23:52:58.052  1274  1274 I adsprpcd: fastrpc_perf_init: enabled RPC traces (kernel 0, dsp 0) with frequency 1000
03-12 23:52:58.052  1274  1274 I adsprpcd: remote_handle_open: Successfully opened handle 0xf04d9500 for adsp_default_listener on domain 0
03-12 23:52:58.052  1274  1274 I adsprpcd: remote_handle_open: Successfully opened handle 0xf04d9420 for adsp_default_listener on domain 0
03-12 23:52:58.052  1203  1203 D MediaCodecsXmlParser: parsing /vendor/etc/media_codecs_google_audio.xml...
03-12 23:52:58.052  1274  1274 I adsprpcd: remote_handle_open: Successfully opened handle 0x7 for '":;./\geteventfd on domain 0
03-12 23:52:58.054  1280  1280 W wfdvndservice: libminijail[1280]: logging seccomp filter failures
03-12 23:52:58.054  1280  1280 W wfdvnd-service: Start wfdvndservice
03-12 23:52:58.054  1203  1203 D MediaCodecsXmlParser: parsing /vendor/etc/media_codecs_vendor_audio.xml...
03-12 23:52:58.054  1280  1280 W BnHDCPFactoryImp: BnHDCPFactoryImp :: Start
03-12 23:52:58.054   865   865 I ServiceManager: Waiting for service 'statscompanion' on '/dev/binder'...
03-12 23:52:58.055  1203  1203 D MediaCodecsXmlParser: parsing /vendor/etc/media_codecs_google_telephony.xml...
03-12 23:52:58.057  1181  1181 I ServiceManager: Waiting for service 'package_native' on '/dev/binder'...
03-12 23:52:58.057  1278  1278 I cdsprpcd: fastrpc_perf_init: enabled RPC traces (kernel 0, dsp 0) with frequency 1000
03-12 23:52:58.058  1278  1278 I cdsprpcd: remote_handle_open: Successfully opened handle 0xc04cae60 for adsp_default_listener on domain 3
03-12 23:52:58.058  1278  1278 I cdsprpcd: remote_handle_open: Successfully opened handle 0xc04cad80 for adsp_default_listener on domain 3
03-12 23:52:58.058  1278  1278 I cdsprpcd: remote_handle_open: Successfully opened handle 0x7 for '":;./\geteventfd on domain 3
03-12 23:52:58.061  1224  1224 E wifidisplayhal-service: Setup minijail
03-12 23:52:58.062  1206  1206 I chatty  : uid=1000(system) sensors@1.0-ser expire 7 lines
03-12 23:52:58.064  1224  1224 W wifidisplayhalservice: libminijail[1224]: failed to get path of fd 5: No such file or directory
03-12 23:52:58.064  1224  1224 W wifidisplayhalservice: libminijail[1224]: allowing syscall: clock_gettime
03-12 23:52:58.064  1224  1224 W wifidisplayhalservice: libminijail[1224]: allowing syscall: connect
03-12 23:52:58.064  1224  1224 W wifidisplayhalservice: libminijail[1224]: allowing syscall: fcntl64
03-12 23:52:58.065  1224  1224 W wifidisplayhalservice: libminijail[1224]: allowing syscall: socket
03-12 23:52:58.065  1269  1269 I imsrcsd : Starting Service for First Time imsbaseimpl
03-12 23:52:58.065  1224  1224 W wifidisplayhalservice: libminijail[1224]: allowing syscall: writev
03-12 23:52:58.065  1224  1224 W wifidisplayhalservice: libminijail[1224]: logging seccomp filter failures
03-12 23:52:58.066  1224  1224 E wifidisplayhal-service: Start with vendor binder
03-12 23:52:58.066  1203  1203 D MediaCodecsXmlParser: parsing /vendor/etc/media_codecs_google_video.xml...
03-12 23:52:58.070  1203  1203 I MediaCodecsXmlParser: getVendorXmlPath (/vendor/etc/media_codecs_performance.xml)
03-12 23:52:58.070  1203  1203 D MediaCodecsXmlParser: parsing /vendor/etc/media_codecs_performance.xml...
03-12 23:52:58.073  1269  1269 I HidlServiceManagement: Registered com.qualcomm.qti.uceservice@2.1::IUceService/com.qualcomm.qti.uceservice (start delay of 90ms)
03-12 23:52:58.073  1269  1269 I imsrcsd : ImsRcsBaseImpl CM_IMSCONNECTIONMANAGER_CREATE_CONNECTION Before Registering Service
03-12 23:52:58.074  1269  1269 I HidlServiceManagement: Registered com.qualcomm.qti.imscmservice@2.2::IImsCmService/qti.ims.connectionmanagerservice (start delay of 91ms)
03-12 23:52:58.074  1269  1269 I imsrcsd : ImsRcsBaseImpl CM_IMSCONNECTIONMANAGER_CREATE_CONNECTION After Registering Service
03-12 23:52:58.074  1269  1269 E imsrcsd : [IMS_COM] |ImsCom.cpp | 53 | | 1269 |Com Fd: 8
03-12 23:52:58.074  1269  1269 E imsrcsd : [IMS_COM] |ImsCom.cpp | 158 | | 1269 |ImsCom::addComEventHandler(int 8, ComEventCallback 0x7005bda1b4, void* 0x0, ComCloseCallback 0x0, events 17) EX
03-12 23:52:58.074  1269  1269 E imsrcsd : [IMS_COM] |ImsCom.cpp | 170 | | 1269 |ImsCom::addComEventHandler epoll_ctl returns: 0
03-12 23:52:58.074  1269  1269 E imsrcsd : [IMS_COM] |ImsCom.cpp | 56 | | 1269 |ImsCom is ready. epollFd:7
03-12 23:52:58.074  1269  1269 E imsrcsd : [IMS_COM] |ImsQmiSvc.cpp | 42 | | 1269 |ImsQmiSvc: Xtor 
03-12 23:52:58.074  1269  1269 E imsrcsd : [IMS_COM] |ImsQmiSvc.cpp | 44 | | 1269 |ImsQmiSvc: qmiimssvcfd : 9 
03-12 23:52:58.074  1269  1269 E imsrcsd : [IMS_COM] |ImsCom.cpp | 158 | | 1269 |ImsCom::addComEventHandler(int 9, ComEventCallback 0x7005bdeff4, void* 0x7136505690, ComCloseCallback 0x0, events 1) EX
03-12 23:52:58.074  1269  1269 E imsrcsd : [IMS_COM] |ImsCom.cpp | 170 | | 1269 |ImsCom::addComEventHandler epoll_ctl returns: 0
03-12 23:52:58.074  1203  1203 D MediaCodecsXmlParser: MediaCodec: cannot update non-existing codec at line 55 of /vendor/etc/media_codecs_performance.xml
03-12 23:52:58.075  1203  1203 D MediaCodecsXmlParser: MediaCodec: cannot update non-existing codec at line 79 of /vendor/etc/media_codecs_performance.xml
03-12 23:52:58.075  1203  1203 D MediaCodecsXmlParser: MediaCodec: cannot update non-existing codec at line 82 of /vendor/etc/media_codecs_performance.xml
03-12 23:52:58.075  1203  1203 D MediaCodecsXmlParser: MediaCodec: cannot update non-existing codec at line 85 of /vendor/etc/media_codecs_performance.xml
03-12 23:52:58.075  1203  1203 D MediaCodecsXmlParser: MediaCodec: cannot update non-existing codec at line 91 of /vendor/etc/media_codecs_performance.xml
03-12 23:52:58.075  1203  1203 D MediaCodecsXmlParser: MediaCodec: cannot update non-existing codec at line 94 of /vendor/etc/media_codecs_performance.xml
03-12 23:52:58.075  1203  1203 D MediaCodecsXmlParser: MediaCodec: cannot update non-existing codec at line 100 of /vendor/etc/media_codecs_performance.xml
03-12 23:52:58.075  1203  1203 D MediaCodecsXmlParser: MediaCodec: cannot update non-existing codec at line 142 of /vendor/etc/media_codecs_performance.xml
03-12 23:52:58.075  1203  1203 D MediaCodecsXmlParser: MediaCodec: cannot update non-existing codec at line 184 of /vendor/etc/media_codecs_performance.xml
03-12 23:52:58.075  1203  1203 D MediaCodecsXmlParser: MediaCodec: cannot update non-existing codec at line 190 of /vendor/etc/media_codecs_performance.xml
03-12 23:52:58.075  1203  1203 D MediaCodecsXmlParser: MediaCodec: cannot update non-existing codec at line 197 of /vendor/etc/media_codecs_performance.xml
03-12 23:52:58.075  1203  1203 D MediaCodecsXmlParser: MediaCodec: cannot update non-existing codec at line 203 of /vendor/etc/media_codecs_performance.xml
03-12 23:52:58.076  1203  1203 D MediaCodecsXmlParser: MediaCodec: cannot update non-existing codec at line 209 of /vendor/etc/media_codecs_performance.xml
03-12 23:52:58.076  1203  1203 D MediaCodecsXmlParser: MediaCodec: cannot update non-existing codec at line 213 of /vendor/etc/media_codecs_performance.xml
03-12 23:52:58.076  1269  1269 E imsrcsd : [IMS_COM] |ImsQmiSvc.cpp | 115 | | 1269 |ImsQmiSvc: registerForQmiSvcUp 
03-12 23:52:58.076  1269  1269 E imsrcsd : [IMS_COM] |ImsQmiPrivate.cpp | 119 | | 1269 |ImsQmiPrivate Xtor
03-12 23:52:58.076  1269  1269 E imsrcsd : [IMS_COM] |ImsCom.cpp | 158 | | 1269 |ImsCom::addComEventHandler(int 13, ComEventCallback 0x7005bdd220, void* 0x7136505690, ComCloseCallback 0x0, events 1) EX
03-12 23:52:58.076  1203  1203 D MediaCodecsXmlParser: Cannot find /data/misc/media/media_codecs_profiling_results.xml
03-12 23:52:58.076  1269  1269 E imsrcsd : [IMS_COM] |ImsCom.cpp | 170 | | 1269 |ImsCom::addComEventHandler epoll_ctl returns: 0
03-12 23:52:58.076  1269  1269 E imsrcsd : [IMS_COM] |ImsQmiPrivate.cpp | 226 | | 1269 |QMI IMS Private listener added 0x70e6505820
03-12 23:52:58.076  1269  1269 I imsrcsd : ImsCallInfoService - <API SVC> registerServiceImpl: Registering for vendor.qti.ims.callinfo 
03-12 23:52:58.077  1269  1269 I HidlServiceManagement: Registered vendor.qti.ims.callinfo@1.0::IService/default (start delay of 94ms)
03-12 23:52:58.077  1269  1269 I imsrcsd : ImsRcsBaseImpl ImsCallInfo After Registering Service
03-12 23:52:58.080  1203  1203 I HidlServiceManagement: Registered android.hardware.media.omx@1.0::IOmx/default (start delay of 197ms)
03-12 23:52:58.080  1203  1203 I HidlServiceManagement: Removing namespace from process name android.hardware.media.omx@1.0-service to omx@1.0-service.
03-12 23:52:58.080  1203  1203 I android.hardware.media.omx@1.0-service: IOmx HAL service created.
03-12 23:52:58.081  1297  1297 I CLD80211: cnss-daemon: initialized exit socket pair
03-12 23:52:58.082  1206  1305 I chatty  : uid=1000(system) sensors@1.0-ser expire 98 lines
03-12 23:52:58.082  1297  1297 I CLD80211: cnss-daemon: nlctrl family id: 16 group: svc_msgs mcast_id: 19
03-12 23:52:58.082  1224  1224 E wifidisplayhal-service: Registering wifidisplay session hal service...
03-12 23:52:58.082  1203  1203 I OmxStore: omx common prefix: 'OMX.'
03-12 23:52:58.083  1203  1203 I MediaCodecsXmlParser: getVendorXmlPath (/vendor/etc/media_codecs_vendor.xml)
03-12 23:52:58.083  1203  1203 D MediaCodecsXmlParser: parsing /vendor/etc/media_codecs_vendor.xml...
03-12 23:52:58.083  1203  1203 D MediaCodecsXmlParser: parsing /vendor/etc/media_codecs_google_audio.xml...
03-12 23:52:58.084  1203  1203 D MediaCodecsXmlParser: parsing /vendor/etc/media_codecs_vendor_audio.xml...
03-12 23:52:58.084  1203  1203 D MediaCodecsXmlParser: parsing /vendor/etc/media_codecs_google_telephony.xml...
03-12 23:52:58.085  1301  1301 E QCALOG  : [mlid] Failed to load libminksocket
03-12 23:52:58.085  1203  1203 D MediaCodecsXmlParser: parsing /vendor/etc/media_codecs_google_video.xml...
03-12 23:52:58.085  1203  1203 I MediaCodecsXmlParser: getVendorXmlPath (/vendor/etc/media_codecs_performance.xml)
03-12 23:52:58.085  1203  1203 D MediaCodecsXmlParser: parsing /vendor/etc/media_codecs_performance.xml...
03-12 23:52:58.085  1303  1309 D QCALOG  : [location-mq] SRV Socket-Opend
03-12 23:52:58.085  1203  1203 D MediaCodecsXmlParser: MediaCodec: cannot update non-existing codec at line 55 of /vendor/etc/media_codecs_performance.xml
