03-12 05:49:14.252     0     0 I         : @6 IPA FW loaded successfully
03-12 05:49:14.252     0     0 E         : @6 ipa ipa3_uc_state_check:333 uC interface not initialized
03-12 05:49:14.253     0     0 E         : @6 gsi soc:qcom,msm_gsi: gsi_register_device:1131 GSI irq is wake enabled 175
03-12 05:49:14.255     0     0 I         : @5 rmnet_ipa3 started initialization
03-12 05:49:14.255     0     0 I         : @5 IPA SSR support = True
03-12 05:49:14.255     0     0 I         : @5 IPA is_platform_type_msm = True
03-12 05:49:14.255     0     0 I         : @5 IPA SG support = True
03-12 05:49:14.255     0     0 I         : @5 IPA Napi Enable = True
03-12 05:49:14.255     0     0 I         : @5 using default for wan-rx-desc-size = 256
03-12 05:49:14.255     0     0 I         : @5 IPA driver initialization was successful.
03-12 05:49:14.255     0     0 E         : @5 ipa-wan ipa3_wwan_probe:2815 rmnet_ipa completed initialization
03-12 05:49:16.297     0     0 E @5 SMBLIB: smblib_update_usb_type: pm8150b_charger: smblib_update_usb_type: APSD=SDP PD=0 dash_on=0 real_charger_type=4
03-12 05:49:17.018     0     0 I         : @3 tri_state_key extcon_dev_work : hw_version=0
03-12 05:49:17.018     0     0 I         : @3 tri_state_key extcon_dev_work : key[0]=0,key[1]=1,key[2]=1
03-12 05:49:17.553     0     0 I         : @7 F2FS-fs (dm-10): Found nat_bits in checkpoint
03-12 05:49:17.612     0     0 I         : @7 F2FS-fs (dm-10): Mounted with checkpoint version = 5b274f0c
03-12 05:49:17.613   672   672 I vold    : [libfs_mgr]__mount(source=/dev/block/dm-10,target=/data,type=f2fs)=0: Success
03-12 05:49:17.613   672   672 D vold    : Mounted /data
03-12 05:49:17.613   672   685 D vold    : Disk at 252:10 changed
03-12 05:49:17.629     0     0 D @6 vdc  : Waited 0ms for vold
03-12 05:49:17.629   672   672 I Checkpoint: cp_prepareCheckpoint called
03-12 05:49:17.636     0     0 D @6 vdc  : Waited 0ms for vold
03-12 05:49:17.636   672   672 I vold    : fscrypt_initialize_systemwide_keys
03-12 05:49:17.637   672   672 D vold    : Key exists, using: /data/unencrypted/key
03-12 05:49:17.639   672   672 I vold    : List of Keymaster HALs found:
03-12 05:49:17.639   672   672 I vold    : Keymaster HAL #1: Keymaster HAL: 4 from QTI SecurityLevel: TRUSTED_ENVIRONMENT HAL: android.hardware.keymaster@4.1::IKeymasterDevice/default
03-12 05:49:17.639   672   672 I vold    : Using Keymaster HAL: 4 from QTI for encryption.  Security level: TRUSTED_ENVIRONMENT, HAL: android.hardware.keymaster@4.1::IKeymasterDevice/default
03-12 05:49:17.642   672   672 E vold    : begin failed, code -62
03-12 05:49:17.642   672   672 D vold    : Upgrading key: /data/unencrypted/key
03-12 05:49:17.655   672   672 I vold    : Key upgraded: /data/unencrypted/key
03-12 05:49:17.660   672   672 I vold    : Kernel doesn't support FS_IOC_ADD_ENCRYPTION_KEY.  Falling back to session keyring
03-12 05:49:17.660   672   672 D vold    : Added key 738009804 (ext4:c1f68e1ac248d5d7) to keyring 992143639 in process 672
03-12 05:49:17.660   672   672 D vold    : Added key 340517945 (f2fs:c1f68e1ac248d5d7) to keyring 992143639 in process 672
03-12 05:49:17.660   672   672 D vold    : Added key 87703011 (fscrypt:c1f68e1ac248d5d7) to keyring 992143639 in process 672
03-12 05:49:17.661   672   672 I vold    : Wrote system DE key reference to:/data/unencrypted/ref
03-12 05:49:17.661   672   672 D vold    : Added key 369037943 (ext4:1c6ebb46eff5d0ae) to keyring 992143639 in process 672
03-12 05:49:17.661   672   672 D vold    : Added key 418278420 (f2fs:1c6ebb46eff5d0ae) to keyring 992143639 in process 672
03-12 05:49:17.661   672   672 D vold    : Added key 26591370 (fscrypt:1c6ebb46eff5d0ae) to keyring 992143639 in process 672
03-12 05:49:17.661   672   672 I vold    : Wrote per boot key reference to:/data/unencrypted/per_boot_ref
03-12 05:49:17.663     0     0 I @6 fscrypt: AES-256-CTS-CBC using implementation "cts(cbc-aes-ce)"
03-12 05:49:17.672     0     0 I @7 apexd: Scanning /system/apex for preinstalled data
03-12 05:49:17.673     0     0 I @7 apexd: Scanning /system_ext/apex for preinstalled data
03-12 05:49:17.673     0     0 I @7 apexd: ... does not exist. Skipping
03-12 05:49:17.673     0     0 I @7 apexd: Scanning /product/apex for preinstalled data
03-12 05:49:17.673     0     0 I @7 apexd: ... does not exist. Skipping
03-12 05:49:17.673     0     0 I @7 apexd: Scanning /vendor/apex for preinstalled data
03-12 05:49:17.673     0     0 I @7 apexd: ... does not exist. Skipping
03-12 05:49:17.673     0     0 I @7 apexd: Populating APEX database from mounts...
03-12 05:49:17.674     0     0 I @7 apexd: 0 packages restored.
03-12 05:49:17.674     0     0 I @7 apexd: Marking APEXd as starting
03-12 05:49:17.690   672   685 D vold    : Disk at 7:48 changed
03-12 05:49:17.748   672   685 D vold    : Disk at 7:48 changed
03-12 05:49:17.775     0     0 I @6 device-mapper: verity: sha1 using implementation "sha1-ce"
03-12 05:49:17.775   672   685 D vold    : Disk at 252:11 changed
03-12 05:49:17.778   672   685 D vold    : Disk at 252:11 changed
03-12 05:49:17.800     0     0 I         : @4 EXT4-fs (dm-11): mounted filesystem without journal. Opts: (null)
03-12 05:49:17.800   672   685 D vold    : Disk at 7:56 changed
03-12 05:49:17.818   672   685 D vold    : Disk at 7:56 changed
03-12 05:49:17.863     0     0 I @4 device-mapper: verity: sha1 using implementation "sha1-ce"
03-12 05:49:17.863   672   685 D vold    : Disk at 252:12 changed
03-12 05:49:17.868   672   685 D vold    : Disk at 252:12 changed
03-12 05:49:17.890     0     0 I         : @5 EXT4-fs (dm-12): mounted filesystem without journal. Opts: (null)
03-12 05:49:17.890   672   685 D vold    : Disk at 7:64 changed
03-12 05:49:17.918   672   685 D vold    : Disk at 7:64 changed
03-12 05:49:17.963     0     0 I @7 device-mapper: verity: sha1 using implementation "sha1-ce"
03-12 05:49:17.963   672   685 D vold    : Disk at 252:13 changed
03-12 05:49:17.968   672   685 D vold    : Disk at 252:13 changed
03-12 05:49:17.990     0     0 I         : @6 EXT4-fs (dm-13): mounted filesystem without journal. Opts: (null)
03-12 05:49:17.991   672   685 D vold    : Disk at 7:72 changed
03-12 05:49:18.018   672   685 D vold    : Disk at 7:72 changed
03-12 05:49:18.053     0     0 I @7 device-mapper: verity: sha1 using implementation "sha1-ce"
03-12 05:49:18.053   672   685 D vold    : Disk at 252:14 changed
03-12 05:49:18.058   672   685 D vold    : Disk at 252:14 changed
03-12 05:49:18.080     0     0 I         : @7 EXT4-fs (dm-14): mounted filesystem without journal. Opts: (null)
03-12 05:49:18.080   672   685 D vold    : Disk at 7:80 changed
03-12 05:49:18.108   672   685 D vold    : Disk at 7:80 changed
03-12 05:49:18.153     0     0 I @4 device-mapper: verity: sha1 using implementation "sha1-ce"
03-12 05:49:18.153   672   685 D vold    : Disk at 252:15 changed
03-12 05:49:18.158   672   685 D vold    : Disk at 252:15 changed
03-12 05:49:18.180     0     0 I         : @6 EXT4-fs (dm-15): mounted filesystem without journal. Opts: (null)
03-12 05:49:18.181   672   685 D vold    : Disk at 7:88 changed
03-12 05:49:18.208   672   685 D vold    : Disk at 7:88 changed
03-12 05:49:18.232     0     0 I @7 device-mapper: verity: sha1 using implementation "sha1-ce"
03-12 05:49:18.232   672   685 D vold    : Disk at 252:16 changed
03-12 05:49:18.238   672   685 D vold    : Disk at 252:16 changed
03-12 05:49:18.260     0     0 I         : @5 EXT4-fs (dm-16): mounted filesystem without journal. Opts: (null)
03-12 05:49:18.261   672   685 D vold    : Disk at 7:96 changed
03-12 05:49:18.278   672   685 D vold    : Disk at 7:96 changed
03-12 05:49:18.312     0     0 I @7 device-mapper: verity: sha1 using implementation "sha1-ce"
03-12 05:49:18.312   672   685 D vold    : Disk at 252:17 changed
03-12 05:49:18.318   672   685 D vold    : Disk at 252:17 changed
03-12 05:49:18.340     0     0 I         : @7 EXT4-fs (dm-17): mounted filesystem without journal. Opts: (null)
03-12 05:49:18.341   672   685 D vold    : Disk at 7:104 changed
03-12 05:49:18.368   672   685 D vold    : Disk at 7:104 changed
03-12 05:49:18.413     0     0 I @4 device-mapper: verity: sha1 using implementation "sha1-ce"
03-12 05:49:18.413   672   685 D vold    : Disk at 252:18 changed
03-12 05:49:18.418   672   685 D vold    : Disk at 252:18 changed
03-12 05:49:18.440     0     0 I         : @7 EXT4-fs (dm-18): mounted filesystem without journal. Opts: (null)
03-12 05:49:18.441   672   685 D vold    : Disk at 7:112 changed
03-12 05:49:18.458   672   685 D vold    : Disk at 7:112 changed
03-12 05:49:18.503     0     0 I @4 device-mapper: verity: sha1 using implementation "sha1-ce"
03-12 05:49:18.503   672   685 D vold    : Disk at 252:19 changed
03-12 05:49:18.508   672   685 D vold    : Disk at 252:19 changed
03-12 05:49:18.530     0     0 I         : @5 EXT4-fs (dm-19): mounted filesystem without journal. Opts: (null)
03-12 05:49:18.531   672   685 D vold    : Disk at 7:120 changed
03-12 05:49:18.558   672   685 D vold    : Disk at 7:120 changed
03-12 05:49:18.607     0     0 I @4 device-mapper: verity: sha1 using implementation "sha1-ce"
03-12 05:49:18.607   672   685 D vold    : Disk at 252:20 changed
03-12 05:49:18.607   672   685 D vold    : Disk at 252:20 changed
03-12 05:49:18.629     0     0 I         : @4 EXT4-fs (dm-20): mounted filesystem without journal. Opts: (null)
03-12 05:49:18.630   672   685 D vold    : Disk at 7:128 changed
03-12 05:49:18.658   672   685 D vold    : Disk at 7:128 changed
03-12 05:49:18.689     0     0 I @5 device-mapper: verity: sha1 using implementation "sha1-ce"
03-12 05:49:18.689   672   685 D vold    : Disk at 252:21 changed
03-12 05:49:18.690   672   685 D vold    : Disk at 252:21 changed
03-12 05:49:18.711     0     0 I         : @4 EXT4-fs (dm-21): mounted filesystem without journal. Opts: (null)
03-12 05:49:18.712   672   685 D vold    : Disk at 7:136 changed
03-12 05:49:18.748   672   685 D vold    : Disk at 7:136 changed
03-12 05:49:18.790     0     0 I @4 device-mapper: verity: sha1 using implementation "sha1-ce"
03-12 05:49:18.791   672   685 D vold    : Disk at 252:22 changed
03-12 05:49:18.791   672   685 D vold    : Disk at 252:22 changed
03-12 05:49:18.813     0     0 I         : @5 EXT4-fs (dm-22): mounted filesystem without journal. Opts: (null)
03-12 05:49:18.815   672   685 D vold    : Disk at 7:144 changed
03-12 05:49:18.838   672   685 D vold    : Disk at 7:144 changed
03-12 05:49:18.881     0     0 I         : @4 EXT4-fs (loop18): mounted filesystem without journal. Opts: (null)
03-12 05:49:18.883   672   685 D vold    : Disk at 7:152 changed
03-12 05:49:18.918   672   685 D vold    : Disk at 7:152 changed
03-12 05:49:18.940     0     0 I         : @6 EXT4-fs (loop19): mounted filesystem without journal. Opts: (null)
03-12 05:49:18.941   672   685 D vold    : Disk at 7:160 changed
03-12 05:49:18.988   672   685 D vold    : Disk at 7:160 changed
03-12 05:49:19.031     0     0 I         : @7 EXT4-fs (loop20): mounted filesystem without journal. Opts: (null)
03-12 05:49:19.031   672   685 D vold    : Disk at 7:168 changed
03-12 05:49:19.058   672   685 D vold    : Disk at 7:168 changed
03-12 05:49:19.091     0     0 I         : @7 EXT4-fs (loop21): mounted filesystem without journal. Opts: (null)
03-12 05:49:19.091   672   685 D vold    : Disk at 7:176 changed
03-12 05:49:19.128   672   685 D vold    : Disk at 7:176 changed
03-12 05:49:19.170     0     0 I         : @6 EXT4-fs (loop22): mounted filesystem without journal. Opts: (null)
03-12 05:49:19.171   672   685 D vold    : Disk at 7:184 changed
03-12 05:49:19.208   672   685 D vold    : Disk at 7:184 changed
03-12 05:49:19.261     0     0 I         : @6 EXT4-fs (loop23): mounted filesystem without journal. Opts: (null)
03-12 05:49:19.261   672   685 D vold    : Disk at 7:192 changed
03-12 05:49:19.288   672   685 D vold    : Disk at 7:192 changed
03-12 05:49:19.330     0     0 I         : @6 EXT4-fs (loop24): mounted filesystem without journal. Opts: (null)
03-12 05:49:19.331   672   685 D vold    : Disk at 7:200 changed
03-12 05:49:19.368   672   685 D vold    : Disk at 7:200 changed
03-12 05:49:19.421     0     0 I         : @5 EXT4-fs (loop25): mounted filesystem without journal. Opts: (null)
03-12 05:49:19.423   672   685 D vold    : Disk at 7:208 changed
03-12 05:49:19.458   672   685 D vold    : Disk at 7:208 changed
03-12 05:49:19.492     0     0 I         : @4 EXT4-fs (loop26): mounted filesystem without journal. Opts: (null)
03-12 05:49:19.495     0     0 I @7 init : Wait for property 'apexd.status=activated' took 1794ms
03-12 05:49:19.504     0     0 I @5 init : Parsing file /apex/com.android.adbd/etc/init.rc...
03-12 05:49:19.504     0     0 I @6 init : Parsing file /apex/com.android.media.swcodec/etc/init.rc...
03-12 05:49:19.505     0     0 I @6 init : Parsing file /apex/com.android.os.statsd/etc/init.rc...
03-12 05:49:19.505     0     0 I @6 init : Parsing file /apex/com.android.sdkext/etc/derive_sdk.rc...
03-12 05:49:19.512     0     0 I @4 init : linkerconfig generated /linkerconfig with mounted APEX modules info
03-12 05:49:19.512     0     0 I @4 init : Not setting encryption policy on: /data/media
03-12 05:49:19.513     0     0 I @4 init : starting service 'exec 10 (/system/bin/chattr +F /data/media)'...
03-12 05:49:19.515     0     0 I @4 init : SVC_EXEC service 'exec 10 (/system/bin/chattr +F /data/media)' pid 832 (uid 1023 gid 1023+0 context default) started; waiting...
03-12 05:49:19.534     0     0 I @4 init : Service 'exec 10 (/system/bin/chattr +F /data/media)' (pid 832) exited with status 0 waiting took 0.019000 seconds
03-12 05:49:19.549     0     0 D @4 vdc  : Waited 0ms for vold
03-12 05:49:19.549   672   672 D vold    : fscrypt_init_user0
03-12 05:49:19.549   672   672 D vold    : Preparing: /data/misc/vold/user_keys
03-12 05:49:19.550   672   672 D vold    : Preparing: /data/misc/vold/user_keys/ce
03-12 05:49:19.550   672   672 D vold    : Preparing: /data/misc/vold/user_keys/de
03-12 05:49:19.550   672   672 D vold    : Skipping non-de-key .
03-12 05:49:19.550   672   672 D vold    : Skipping non-de-key ..
03-12 05:49:19.553   672   672 I vold    : List of Keymaster HALs found:
03-12 05:49:19.553   672   672 I vold    : Keymaster HAL #1: Keymaster HAL: 4 from QTI SecurityLevel: TRUSTED_ENVIRONMENT HAL: android.hardware.keymaster@4.1::IKeymasterDevice/default
03-12 05:49:19.553   672   672 I vold    : Using Keymaster HAL: 4 from QTI for encryption.  Security level: TRUSTED_ENVIRONMENT, HAL: android.hardware.keymaster@4.1::IKeymasterDevice/default
03-12 05:49:19.561   672   672 D vold    : Added key 157651278 (ext4:d7dd727a177151b3) to keyring 992143639 in process 672
03-12 05:49:19.561   672   672 D vold    : Added key 123958409 (f2fs:d7dd727a177151b3) to keyring 992143639 in process 672
03-12 05:49:19.561   672   672 D vold    : Added key 843747225 (fscrypt:d7dd727a177151b3) to keyring 992143639 in process 672
03-12 05:49:19.561   672   672 D vold    : Installed de key for user 0
03-12 05:49:19.561   672   672 D vold    : fscrypt_prepare_user_storage for volume null, user 0, serial 0, flags 1
03-12 05:49:19.561   672   672 D vold    : Preparing: /data/system/users/0
03-12 05:49:19.562   672   672 D vold    : Preparing: /data/misc/profiles/cur/0
03-12 05:49:19.562   672   672 D vold    : Preparing: /data/system_de/0
03-12 05:49:19.562   672   672 D vold    : Preparing: /data/misc_de/0
03-12 05:49:19.562   672   672 D vold    : Preparing: /data/vendor_de/0
03-12 05:49:19.563   672   672 D vold    : Preparing: /data/user_de/0
03-12 05:49:19.563   672   672 I vold    : Verified that /data/system_de/0 has the encryption policy d7dd727a177151b3 v1 modes 127/4 flags 0x0
03-12 05:49:19.563   672   672 I vold    : Verified that /data/misc_de/0 has the encryption policy d7dd727a177151b3 v1 modes 127/4 flags 0x0
03-12 05:49:19.563   672   672 I vold    : Verified that /data/vendor_de/0 has the encryption policy d7dd727a177151b3 v1 modes 127/4 flags 0x0
03-12 05:49:19.563   672   672 I vold    : Verified that /data/user_de/0 has the encryption policy d7dd727a177151b3 v1 modes 127/4 flags 0x0
03-12 05:49:19.563   672   672 D vold    : /system/bin/vold_prepare_subdirs
03-12 05:49:19.563   672   672 D vold    :     prepare
03-12 05:49:19.563   672   672 D vold    :     
03-12 05:49:19.563   672   672 D vold    :     0
03-12 05:49:19.563   672   672 D vold    :     1
03-12 05:49:19.589     0     0 I @7 apexd: Snapshot DE subcommand detected
03-12 05:49:19.590     0     0 I @7 apexd: Marking APEXd as ready
03-12 05:49:19.610     0     0 W @4 init : Top-level directory needs encryption action, eg mkdir /data/shared <mode> <uid> <gid> encryption=Require
03-12 05:49:19.610     0     0 I @4 init : Verified that /data/shared has the encryption policy c1f68e1ac248d5d7 v1 modes 127/4 flags 0x0
03-12 05:49:19.618     0     0 W @7 init : Top-level directory needs encryption action, eg mkdir /data/nfc <mode> <uid> <gid> encryption=Require
03-12 05:49:19.618     0     0 I @7 init : Verified that /data/nfc has the encryption policy c1f68e1ac248d5d7 v1 modes 127/4 flags 0x0
03-12 05:49:19.618     0     0 W @7 init : Top-level directory needs encryption action, eg mkdir /data/fpc_images <mode> <uid> <gid> encryption=Require
03-12 05:49:19.619     0     0 I @7 init : Verified that /data/fpc_images has the encryption policy c1f68e1ac248d5d7 v1 modes 127/4 flags 0x0
03-12 05:49:19.619     0     0 W @7 init : Top-level directory needs encryption action, eg mkdir /data/fpc <mode> <uid> <gid> encryption=Require
03-12 05:49:19.619     0     0 I @7 init : Verified that /data/fpc has the encryption policy c1f68e1ac248d5d7 v1 modes 127/4 flags 0x0
03-12 05:49:19.620     0     0 W @7 init : Top-level directory needs encryption action, eg mkdir /data/coredump <mode> <uid> <gid> encryption=Require
03-12 05:49:19.620     0     0 I @7 init : Verified that /data/coredump has the encryption policy c1f68e1ac248d5d7 v1 modes 127/4 flags 0x0
03-12 05:49:19.677     0     0 I @7 logd.daemon: reinit
03-12 05:49:19.711     0     0 I @7 update_verifier: Started with arg 1: nonencrypted
03-12 05:49:19.712     0     0 I @6 update_verifier: Booting slot 0: isSlotMarkedSuccessful=0
03-12 05:49:19.712     0     0 E @6 update_verifier: /data/ota_package/care_map.pb doesn't exist
03-12 05:49:19.712     0     0 W @6 update_verifier: Failed to parse the care map file, skipping verification
03-12 05:49:19.726     0     0 I @7 update_verifier: Marked slot 0 as booted successfully.
03-12 05:49:19.726     0     0 I @4 update_verifier: Leaving update_verifier.
03-12 05:49:19.738     0     0 I         : @5 subsys-pil-tz 8300000.qcom,turing: cdsp: loading from 0x0000000098d00000 to 0x000000009a100000
03-12 05:49:19.738     0     0 I         : @6 subsys-pil-tz 17300000.qcom,lpass: adsp: loading from 0x000000008be00000 to 0x000000008dc00000
03-12 05:49:19.773     0     0 I         : @7 subsys-pil-tz 8300000.qcom,turing: cdsp: Brought out of reset
03-12 05:49:19.786     0     0 I         : @5 subsys-pil-tz 8300000.qcom,turing: cdsp: Power/Clock ready interrupt received
03-12 05:49:19.786     0     0 I         : @5 subsys-pil-tz 8300000.qcom,turing: Subsystem error monitoring/handling services are up
03-12 05:49:19.788     0     0 I @7 subsys-restart: __subsystem_get(): Changing subsys fw_name to slpi
03-12 05:49:19.791     0     0 I         : @7 subsys-pil-tz 5c00000.qcom,ssc: slpi: loading from 0x0000000097700000 to 0x0000000098b00000
03-12 05:49:19.792     0     0 I         : @0 msm_cdsp_rm soc:qcom,glink:cdsp:qcom,msm_cdsprm_rpmsg:qcom,msm_cdsp_rm: CDSP request manager driver probe called
03-12 05:49:19.794     0     0 I @0 adsprpc: fastrpc_rpmsg_probe: opened rpmsg channel for cdsp
03-12 05:49:19.795     0     0 I @0 fastcvpd_rpmsg_probe: Successfully probed. cdsp_state=0 video_shutdown=0
03-12 05:49:19.803     0     0 E @7 selinux: SELinux:  Could not stat /sys/devices/virtual/net/ipsec_test: No such file or directory.
03-12 05:49:19.803     0     0 E @7 selinux:  
03-12 05:49:19.839     0     0 I         : @6 subsys-pil-tz 17300000.qcom,lpass: adsp: Brought out of reset
03-12 05:49:19.850     0     0 I         : @5 subsys-pil-tz 17300000.qcom,lpass: Subsystem error monitoring/handling services are up
03-12 05:49:19.850     0     0 I         : @5 subsys-pil-tz 17300000.qcom,lpass: adsp: Power/Clock ready interrupt received
03-12 05:49:19.854     0     0 I @1 adsprpc: fastrpc_rpmsg_probe: opened rpmsg channel for adsp
03-12 05:49:19.857     0     0 I         : @1 apr_tal_rpmsg qcom,glink:adsp.apr_audio_svc.-1.-1: apr_tal_rpmsg_probe: Channel[apr_audio_svc] state[Up]
03-12 05:49:19.895     0     0 I         : @7 subsys-pil-tz 5c00000.qcom,ssc: slpi: Brought out of reset
03-12 05:49:19.938     0     0 I         : @5 subsys-pil-tz 5c00000.qcom,ssc: slpi: Power/Clock ready interrupt received
03-12 05:49:19.938     0     0 I         : @6 subsys-pil-tz 5c00000.qcom,ssc: Subsystem error monitoring/handling services are up
03-12 05:49:19.944     0     0 I @0 adsprpc: fastrpc_rpmsg_probe: opened rpmsg channel for slpi
03-12 05:49:20.049     0     0 W @7 healthd: batteryCapacityLevelPath not found
03-12 05:49:20.049     0     0 W @7 healthd: batteryChargeTimeToFullNowPath. not found
03-12 05:49:20.049     0     0 W @7 healthd: batteryFullChargeDesignCapacityUahPath. not found
03-12 23:52:57.072     0     0 W @6 healthd: battery l=84 v=4209 t=32.9 h=2 st=2 c=-102000 fc=3540000 cc=1 chg=u
03-12 23:52:57.115     0     0 I         : @3 get_param_by_index_and_offset[79]  sid_index = 13 offset = 36 buf = 00000000e6523b2d length = 4
03-12 23:52:57.116     0     0 I         : @3 get_param_by_index_and_offset[79]  sid_index = 308 offset = 0 buf = 00000000843f011d length = 1024
03-12 23:52:57.116     0     0 I         : @3 get_param_by_index_and_offset[79]  sid_index = 309 offset = 0 buf = 00000000843f011d length = 1024
03-12 23:52:57.116     0     0 I         : @3 get_param_by_index_and_offset[79]  sid_index = 310 offset = 0 buf = 00000000843f011d length = 1024
03-12 23:52:57.116     0     0 I         : @3 get_param_by_index_and_offset[79]  sid_index = 311 offset = 0 buf = 00000000843f011d length = 1024
03-12 23:52:57.116     0     0 I         : @3 get_param_by_index_and_offset[79]  sid_index = 820 offset = 0 buf = 00000000843f011d length = 1024
03-12 23:52:57.116     0     0 I         : @3 get_param_by_index_and_offset[79]  sid_index = 821 offset = 0 buf = 00000000843f011d length = 1024
03-12 23:52:57.116     0     0 I         : @3 get_param_by_index_and_offset[79]  sid_index = 822 offset = 0 buf = 00000000843f011d length = 1024
03-12 23:52:57.116     0     0 I         : @3 get_param_by_index_and_offset[79]  sid_index = 823 offset = 0 buf = 00000000843f011d length = 1024
03-12 23:52:57.116     0     0 I         : @3 get_param_by_index_and_offset[79]  sid_index = 308 offset = 0 buf = 00000000843f011d length = 1024
03-12 23:52:57.116     0     0 I         : @3 get_param_by_index_and_offset[79]  sid_index = 309 offset = 0 buf = 00000000843f011d length = 1024
03-12 23:52:57.117     0     0 I         : @3 get_param_by_index_and_offset[79]  sid_index = 310 offset = 0 buf = 00000000843f011d length = 1024
03-12 23:52:57.117     0     0 I         : @3 get_param_by_index_and_offset[79]  sid_index = 311 offset = 0 buf = 00000000843f011d length = 1024
03-12 23:52:57.117     0     0 I         : @3 get_param_by_index_and_offset[79]  sid_index = 312 offset = 0 buf = 00000000843f011d length = 1024
03-12 23:52:57.117     0     0 I         : @3 get_param_by_index_and_offset[79]  sid_index = 313 offset = 0 buf = 00000000843f011d length = 1024
03-12 23:52:57.117     0     0 I         : @3 get_param_by_index_and_offset[79]  sid_index = 314 offset = 0 buf = 00000000843f011d length = 1024
03-12 23:52:57.117     0     0 I         : @3 get_param_by_index_and_offset[79]  sid_index = 315 offset = 0 buf = 00000000843f011d length = 1024
03-12 23:52:57.117     0     0 I         : @3 get_param_by_index_and_offset[79]  sid_index = 824 offset = 0 buf = 00000000843f011d length = 1024
03-12 23:52:57.117     0     0 I         : @3 get_param_by_index_and_offset[79]  sid_index = 825 offset = 0 buf = 00000000843f011d length = 1024
03-12 23:52:57.117     0     0 I         : @3 get_param_by_index_and_offset[79]  sid_index = 826 offset = 0 buf = 00000000843f011d length = 1024
03-12 23:52:57.117     0     0 I         : @3 get_param_by_index_and_offset[79]  sid_index = 827 offset = 0 buf = 00000000843f011d length = 1024
03-12 23:52:57.117     0     0 I         : @3 get_param_by_index_and_offset[79]  sid_index = 312 offset = 0 buf = 00000000843f011d length = 1024
03-12 23:52:57.117     0     0 I         : @3 get_param_by_index_and_offset[79]  sid_index = 313 offset = 0 buf = 00000000843f011d length = 1024
03-12 23:52:57.117     0     0 I         : @3 get_param_by_index_and_offset[79]  sid_index = 314 offset = 0 buf = 00000000843f011d length = 1024
03-12 23:52:57.117     0     0 I         : @3 get_param_by_index_and_offset[79]  sid_index = 315 offset = 0 buf = 00000000843f011d length = 1024
03-12 23:52:57.118     0     0 I         : @3 set_param_by_index_and_offset[104]sid_index = 312 offset = 0 buf = 00000000843f011d length = 1024
03-12 23:52:57.118     0     0 E         : @3 open file /dev/block/bootdevice/by-name/param failed.(-13)
03-12 23:52:57.118     0     0 I         : @3 Error write param partition.(-13)
03-12 23:52:57.118     0     0 E         : @3 set_param_by_index_and_offset failure -13
03-12 23:52:57.118     0     0 I         : @3 set_param_by_index_and_offset[104]sid_index = 824 offset = 0 buf = 00000000843f011d length = 1024
03-12 23:52:57.118     0     0 E         : @3 open file /dev/block/bootdevice/by-name/param failed.(-13)
03-12 23:52:57.118     0     0 I         : @3 Error write param partition.(-13)
03-12 23:52:57.118     0     0 E         : @3 set_param_by_index_and_offset failure -13
03-12 23:52:57.118     0     0 I         : @3 get_param_by_index_and_offset[79]  sid_index = 312 offset = 0 buf = 00000000843f011d length = 1024
03-12 23:52:57.118     0     0 I         : @3 get_param_by_index_and_offset[79]  sid_index = 313 offset = 0 buf = 00000000843f011d length = 1024
03-12 23:52:57.118     0     0 I         : @3 get_param_by_index_and_offset[79]  sid_index = 314 offset = 0 buf = 00000000843f011d length = 1024
03-12 23:52:57.118     0     0 I         : @3 get_param_by_index_and_offset[79]  sid_index = 315 offset = 0 buf = 00000000843f011d length = 1024
03-12 23:52:57.119     0     0 I         : @3 get_param_by_index_and_offset[79]  sid_index = 824 offset = 0 buf = 00000000843f011d length = 1024
03-12 23:52:57.119     0     0 I         : @3 get_param_by_index_and_offset[79]  sid_index = 825 offset = 0 buf = 00000000843f011d length = 1024
03-12 23:52:57.119     0     0 I         : @3 get_param_by_index_and_offset[79]  sid_index = 826 offset = 0 buf = 00000000843f011d length = 1024
03-12 23:52:57.119     0     0 I         : @3 get_param_by_index_and_offset[79]  sid_index = 827 offset = 0 buf = 00000000843f011d length = 1024
03-12 23:52:57.130     0     0 I         : @5 get_param_by_index_and_offset[79]  sid_index = 13 offset = 40 buf = 00000000b4b9ed38 length = 4
03-12 23:52:57.155   961   961 I android.hardware.wifi@1.0-service: Wifi Hal is booting up...
03-12 23:52:57.157   961   961 I HidlServiceManagement: Registered android.hardware.wifi@1.4::IWifi/default (start delay of 114ms)
03-12 23:52:57.162     0     0 E @5 [drm-dp]: dp_connector_detect: dp_connector_detect:op_dp_enable=0
03-12 23:52:57.177     0     0 E @4 [drm-dp]: dp_connector_detect: dp_connector_detect:op_dp_enable=0
03-12 23:52:57.178     0     0 I chatty  : uid=0(root) logd identical 1 line
03-12 23:52:57.178     0     0 E @4 [drm-dp]: dp_connector_detect: dp_connector_detect:op_dp_enable=0
--------- beginning of main
03-12 23:52:57.219   944   944 D SDM     : HWCSession::GetFunction: Unknown/Unimplemented function descriptor: 68 (GetClientTargetProperty)
03-12 23:52:57.219   944   944 D SDM     : HWCSession::GetFunction: Unknown/Unimplemented function descriptor: 69 (SetLayerGenericMetadata)
03-12 23:52:57.219   944   944 D SDM     : HWCSession::GetFunction: Unknown/Unimplemented function descriptor: 70 (GetLayerGenericMetadataKey)
03-12 23:52:57.219   952   952 E hta-unnhal: Failed to load library: libhta_hexagon_runtime.so, error message: dlopen failed: library "libhta_hexagon_runtime.so" not found
03-12 23:52:57.219   952   952 E hta-unnhal: Failed to load functions.
03-12 23:52:57.219   944   944 I HidlServiceManagement: Registered android.hardware.graphics.composer@2.4::IComposer/default (start delay of 226ms)
03-12 23:52:57.219   944   944 I HidlServiceManagement: Removing namespace from process name android.hardware.graphics.composer@2.4-service to composer@2.4-service.
03-12 23:52:57.219   952   952 E android.hardware.neuralnetworks@1.2-service: cannot load function CreateAccelerator
03-12 23:52:57.220   952   952 E android.hardware.neuralnetworks@1.2-service: cannot load function CreateAccelerator
03-12 23:52:57.222   990   990 I vendor.qti.hardware.perf@2.2-service: TargetConfig Init Complete
03-12 23:52:57.223   629   949 W libc    : Unable to set property "ctl.interface_start" to "vendor.oneplus.fingerprint.extension@1.0::IVendorFingerprintExtensions/default": error code: 0x20
03-12 23:52:57.223   941   941 E android.hardware.gnss@2.0-service-qti: open failed: /target: No such file or directory
03-12 23:52:57.223   941   941 W android.hardware.gnss@2.0-service-qti: HAL: loc_get_target returned 3
03-12 23:52:57.224   952   952 I HidlServiceManagement: Registered android.hardware.neuralnetworks@1.2::IDevice/qti-default (start delay of 221ms)
03-12 23:52:57.224   952   952 I HidlServiceManagement: Removing namespace from process name android.hardware.neuralnetworks@1.2-service-qti to neuralnetworks@1.2-service-qti.
03-12 23:52:57.225   941   941 I HidlServiceManagement: Registered vendor.qti.gnss@3.0::ILocHidlGnss/gnss_vendor (start delay of 242ms)
03-12 23:52:57.225   941   941 I LocSvc_HIDL_vendor.qti.gnss@3.0-service: Registration complete for vendor.qti.gnss@3.0::ILocHidlGnss/gnss_vendor.
03-12 23:52:57.232   952   952 I HidlServiceManagement: Registered android.hardware.neuralnetworks@1.2::IDevice/qti-gpu (start delay of 230ms)
03-12 23:52:57.233   952   952 I HidlServiceManagement: Removing namespace from process name android.hardware.neuralnetworks@1.2-service-qti to neuralnetworks@1.2-service-qti.
03-12 23:52:57.237   990   990 E vendor.qti.hardware.perf@2.2-service: LM enabled : Loading liblearningmodule.so
03-12 23:52:57.239   846   861 E QMI_FW  : ctrl_msg_reader_thread: control thread received ENETRESET 102
03-12 23:52:57.239   846   846 E QMI_FW  : xport_lookup: No RX for lookup -1
03-12 23:52:57.239   846   846 D QC-time-services: Daemon:genoff_modem_qmi_init: Initializing QMI 
03-12 23:52:57.240   952   952 I HidlServiceManagement: Registered android.hardware.neuralnetworks@1.2::IDevice/qti-dsp (start delay of 237ms)
03-12 23:52:57.240   992   992 I ObjectTracker-hal: Starting with vendor Object Tracker Service
03-12 23:52:57.240   952   952 I HidlServiceManagement: Removing namespace from process name android.hardware.neuralnetworks@1.2-service-qti to neuralnetworks@1.2-service-qti.
03-12 23:52:57.241   952   952 I HidlServiceManagement: Registered android.hardware.neuralnetworks@1.2::IDevice/qti-hta (start delay of 239ms)
03-12 23:52:57.242     0     0 E @6 diag : In diag_send_feature_mask_update, control channel is not open, p: 1, 0000000000000000
03-12 23:52:57.242  1000  1000 D QSEECOMAPI: QSEECom_get_handle sb_length = 0xa000
03-12 23:52:57.242   952   952 I HidlServiceManagement: Removing namespace from process name android.hardware.neuralnetworks@1.2-service-qti to neuralnetworks@1.2-service-qti.
03-12 23:52:57.242  1000  1000 D QSEECOMAPI: App is not loaded in QSEE
03-12 23:52:57.242     0     0 E @6 diag : In diag_send_peripheral_buffering_mode, buffering flag not set for 1
03-12 23:52:57.243     0     0 E @4 diag : In diag_send_peripheral_buffering_mode, buffering flag not set for 5
03-12 23:52:57.243  1000  1000 D QSEECOMAPI: app_arch = 2, total_files = 9
03-12 23:52:57.243   993   993 I Panorama-hal: Starting with vendor Panorama Service
03-12 23:52:57.243   865   865 I ServiceManager: Waiting for service 'statscompanion' on '/dev/binder'...
03-12 23:52:57.244   989   989 E vendor.qti.hardware.iop@2.0-service: IIop HAL service main
03-12 23:52:57.246  1000  1000 E ion     : ioctl c0044901 failed with code -1: Inappropriate ioctl for device
03-12 23:52:57.247   868   868 I zygote  : Using memfd for future sealing
03-12 23:52:57.248  1003  1003 D vendor.qti.hardware.tui_comm@1.0-service-qti: tui_comm: svc service starting :)
03-12 23:52:57.250   992   992 I HidlServiceManagement: Registered vendor.qti.hardware.scve.objecttracker@1.0::IObjectTracker/objectTracker (start delay of 87ms)
03-12 23:52:57.250   992   992 I HidlServiceManagement: Removing namespace from process name vendor.qti.hardware.scve.objecttracker@1.0-service to objecttracker@1.0-service.
03-12 23:52:57.252     0     0 I @1 sysmon-qmi: ssctl_new_server: Connection established between QMI handle and slpi's SSCTL service
03-12 23:52:57.252     0     0 I         : @1 coresight-remote-etm soc:ssc_etm0: Connection established between QMI handle and 8 service
03-12 23:52:57.253   936   936 I chatty  : uid=1047(cameraserver) android.hardwar expire 66 lines
03-12 23:52:57.253   936   936 I android.hardwar: type=1400 audit(0.0:109): avc: denied { map } for path="/dev/__properties__/u:object_r:ctl_interface_restart_prop:s0" dev="tmpfs" ino=16585 scontext=u:r:hal_camera_default:s0 tcontext=u:object_r:ctl_interface_restart_prop:s0 tclass=file permissive=1
03-12 23:52:57.253   936   936 I android.hardwar: type=1400 audit(0.0:110): avc: denied { open } for path="/dev/__properties__/u:object_r:ctl_interface_start_prop:s0" dev="tmpfs" ino=16586 scontext=u:r:hal_camera_default:s0 tcontext=u:object_r:ctl_interface_start_prop:s0 tclass=file permissive=1
03-12 23:52:57.253   936   936 I android.hardwar: type=1400 audit(0.0:111): avc: denied { getattr } for path="/dev/__properties__/u:object_r:ctl_interface_start_prop:s0" dev="tmpfs" ino=16586 scontext=u:r:hal_camera_default:s0 tcontext=u:object_r:ctl_interface_start_prop:s0 tclass=file permissive=1
03-12 23:52:57.253   936   936 I android.hardwar: type=1400 audit(0.0:112): avc: denied { map } for path="/dev/__properties__/u:object_r:ctl_interface_start_prop:s0" dev="tmpfs" ino=16586 scontext=u:r:hal_camera_default:s0 tcontext=u:object_r:ctl_interface_start_prop:s0 tclass=file permissive=1
03-12 23:52:57.253   936   936 I android.hardwar: type=1400 audit(0.0:113): avc: denied { open } for path="/dev/__properties__/u:object_r:ctl_interface_stop_prop:s0" dev="tmpfs" ino=16587 scontext=u:r:hal_camera_default:s0 tcontext=u:object_r:ctl_interface_stop_prop:s0 tclass=file permissive=1
03-12 23:52:57.253   936   936 I android.hardwar: type=1400 audit(0.0:114): avc: denied { getattr } for path="/dev/__properties__/u:object_r:ctl_interface_stop_prop:s0" dev="tmpfs" ino=16587 scontext=u:r:hal_camera_default:s0 tcontext=u:object_r:ctl_interface_stop_prop:s0 tclass=file permissive=1
03-12 23:52:57.253   936   936 I android.hardwar: type=1400 audit(0.0:115): avc: denied { map } for path="/dev/__properties__/u:object_r:ctl_interface_stop_prop:s0" dev="tmpfs" ino=16587 scontext=u:r:hal_camera_default:s0 tcontext=u:object_r:ctl_interface_stop_prop:s0 tclass=file permissive=1
03-12 23:52:57.253   936   936 I android.hardwar: type=1400 audit(0.0:116): avc: denied { open } for path="/dev/__properties__/u:object_r:ctl_mdnsd_prop:s0" dev="tmpfs" ino=16588 scontext=u:r:hal_camera_default:s0 tcontext=u:object_r:ctl_mdnsd_prop:s0 tclass=file permissive=1
03-12 23:52:57.253   936   936 I android.hardwar: type=1400 audit(0.0:117): avc: denied { getattr } for path="/dev/__properties__/u:object_r:ctl_mdnsd_prop:s0" dev="tmpfs" ino=16588 scontext=u:r:hal_camera_default:s0 tcontext=u:object_r:ctl_mdnsd_prop:s0 tclass=file permissive=1
03-12 23:52:57.253   936   936 I android.hardwar: type=1400 audit(0.0:118): avc: denied { map } for path="/dev/__properties__/u:object_r:ctl_mdnsd_prop:s0" dev="tmpfs" ino=16588 scontext=u:r:hal_camera_default:s0 tcontext=u:object_r:ctl_mdnsd_prop:s0 tclass=file permissive=1
03-12 23:52:57.253   936   936 I android.hardwar: type=1400 audit(0.0:119): avc: denied { open } for path="/dev/__properties__/u:object_r:ctl_restart_prop:s0" dev="tmpfs" ino=16589 scontext=u:r:hal_camera_default:s0 tcontext=u:object_r:ctl_restart_prop:s0 tclass=file permissive=1
03-12 23:52:57.253   936   936 I android.hardwar: type=1400 audit(0.0:120): avc: denied { getattr } for path="/dev/__properties__/u:object_r:ctl_restart_prop:s0" dev="tmpfs" ino=16589 scontext=u:r:hal_camera_default:s0 tcontext=u:object_r:ctl_restart_prop:s0 tclass=file permissive=1
03-12 23:52:57.253   936   936 I android.hardwar: type=1400 audit(0.0:121): avc: denied { map } for path="/dev/__properties__/u:object_r:ctl_restart_prop:s0" dev="tmpfs" ino=16589 scontext=u:r:hal_camera_default:s0 tcontext=u:object_r:ctl_restart_prop:s0 tclass=file permissive=1
03-12 23:52:57.253   936   936 I android.hardwar: type=1400 audit(0.0:122): avc: denied { open } for path="/dev/__properties__/u:object_r:ctl_rildaemon_prop:s0" dev="tmpfs" ino=16590 scontext=u:r:hal_camera_default:s0 tcontext=u:object_r:ctl_rildaemon_prop:s0 tclass=file permissive=1
03-12 23:52:57.253   936   936 I android.hardwar: type=1400 audit(0.0:123): avc: denied { getattr } for path="/dev/__properties__/u:object_r:ctl_rildaemon_prop:s0" dev="tmpfs" ino=16590 scontext=u:r:hal_camera_default:s0 tcontext=u:object_r:ctl_rildaemon_prop:s0 tclass=file permissive=1
03-12 23:52:57.253   936   936 I android.hardwar: type=1400 audit(0.0:124): avc: denied { map } for path="/dev/__properties__/u:object_r:ctl_rildaemon_prop:s0" dev="tmpfs" ino=16590 scontext=u:r:hal_camera_default:s0 tcontext=u:object_r:ctl_rildaemon_prop:s0 tclass=file permissive=1
03-12 23:52:57.253   936   936 I android.hardwar: type=1400 audit(0.0:125): avc: denied { open } for path="/dev/__properties__/u:object_r:ctl_sigstop_prop:s0" dev="tmpfs" ino=16591 scontext=u:r:hal_camera_default:s0 tcontext=u:object_r:ctl_sigstop_prop:s0 tclass=file permissive=1
03-12 23:52:57.253   936   936 I android.hardwar: type=1400 audit(0.0:126): avc: denied { getattr } for path="/dev/__properties__/u:object_r:ctl_sigstop_prop:s0" dev="tmpfs" ino=16591 scontext=u:r:hal_camera_default:s0 tcontext=u:object_r:ctl_sigstop_prop:s0 tclass=file permissive=1
03-12 23:52:57.253   936   936 I android.hardwar: type=1400 audit(0.0:127): avc: denied { map } for path="/dev/__properties__/u:object_r:ctl_sigstop_prop:s0" dev="tmpfs" ino=16591 scontext=u:r:hal_camera_default:s0 tcontext=u:object_r:ctl_sigstop_prop:s0 tclass=file permissive=1
03-12 23:52:57.253     0     0 I @2 sysmon-qmi: ssctl_new_server: Connection established between QMI handle and cdsp's SSCTL service
03-12 23:52:57.253     0     0 I         : @2 coresight-remote-etm soc:turing_etm0: Connection established between QMI handle and 13 service
03-12 23:52:57.253     0     0 I @5 sysmon-qmi: ssctl_new_server: Connection established between QMI handle and adsp's SSCTL service
03-12 23:52:57.253     0     0 I         : @5 coresight-remote-etm soc:audio_etm0: Connection established between QMI handle and 5 service
03-12 23:52:57.253   993   993 I HidlServiceManagement: Registered vendor.qti.hardware.scve.panorama@1.0::IPanoramaTracking/panoTracking (start delay of 80ms)
03-12 23:52:57.253   993   993 I HidlServiceManagement: Removing namespace from process name vendor.qti.hardware.scve.panorama@1.0-service to panorama@1.0-service.
03-12 23:52:57.253   956   979 E android.hardware.thermal@2.0-service.qti: read error:0. buf:add@/devices/virtual/thermal/cooling_device18 ACTION=add DEVPATH=/devices/virtual/thermal/cooling_device18 SUBSYSTEM=thermal SEQNUM=7122 
03-12 23:52:57.254  1003  1003 I HidlServiceManagement: Registered vendor.qti.hardware.tui_comm@1.0::ITuiComm/default (start delay of 51ms)
03-12 23:52:57.254  1003  1003 I HidlServiceManagement: Removing namespace from process name vendor.qti.hardware.tui_comm@1.0-service-qti to tui_comm@1.0-service-qti.
03-12 23:52:57.254  1003  1003 E vendor.qti.hardware.tui_comm@1.0-service-qti: Registered ITuiComm HAL service success!
03-12 23:52:57.254   990   990 I HidlServiceManagement: Registered vendor.qti.hardware.perf@2.2::IPerf/default (start delay of 102ms)
03-12 23:52:57.255   956   979 E android.hardware.thermal@2.0-service.qti: read error:0. buf:add@/devices/virtual/thermal/cooling_device19 ACTION=add DEVPATH=/devices/virtual/thermal/cooling_device19 SUBSYSTEM=thermal SEQNUM=7123 
03-12 23:52:57.255   990   990 I HidlServiceManagement: Removing namespace from process name vendor.qti.hardware.perf@2.2-service to perf@2.2-service.
03-12 23:52:57.255   990   990 E vendor.qti.hardware.perf@2.2-service: Registered IPerf HAL service success!
03-12 23:52:57.255     0     0 E @5 diag : In diag_send_feature_mask_update, control channel is not open, p: 3, 0000000000000000
03-12 23:52:57.256     0     0 E @4 diag : In diag_send_peripheral_buffering_mode, buffering flag not set for 3
03-12 23:52:57.256   956   979 E android.hardware.thermal@2.0-service.qti: read error:0. buf:add@/devices/virtual/thermal/cooling_device20 ACTION=add DEVPATH=/devices/virtual/thermal/cooling_device20 SUBSYSTEM=thermal SEQNUM=7124 
03-12 23:52:57.256   993   993 I HidlServiceManagement: Registered vendor.qti.hardware.scve.panorama@1.0::IPanoramaStitching/panoStitching (start delay of 84ms)
03-12 23:52:57.256   993   993 I HidlServiceManagement: Removing namespace from process name vendor.qti.hardware.scve.panorama@1.0-service to panorama@1.0-service.
03-12 23:52:57.257   846  1027 D QC-time-services: Daemon: Time-services: All initializations done
03-12 23:52:57.257   846  1027 E QC-time-services: Daemon: Time-services: Waiting to acceptconnection
03-12 23:52:57.257   993   993 I Panorama-hal: Panorama Services Registered
03-12 23:52:57.257   867   867 I zygote64: Using memfd for future sealing
03-12 23:52:57.259  1014  1014 I irsc_util: Starting irsc tool
03-12 23:52:57.260  1014  1014 I irsc_util: Num of entries:297
03-12 23:52:57.261  1014  1014 E irsc_util: irsc_feed_config: Security config ioctl failed
03-12 23:52:57.261  1014  1014 I irsc_util: Ending irsc tool
03-12 23:52:57.262   989   989 I HidlServiceManagement: Registered vendor.qti.hardware.iop@2.0::IIop/default (start delay of 109ms)
03-12 23:52:57.262   989   989 I HidlServiceManagement: Removing namespace from process name vendor.qti.hardware.iop@2.0-service to iop@2.0-service.
03-12 23:52:57.262   989   989 E vendor.qti.hardware.iop@2.0-service: Registered IIop HAL service success!
03-12 23:52:57.262     0     0 W @2 QSEECOM: qseecom_load_app: App (soter64) does'nt exist, loading apps for first time
03-12 23:52:57.263   936   936 I android.hardwar: type=1400 audit(0.0:128): avc: denied { read } for name="u:object_r:rebootescrow_hal_prop:s0" dev="tmpfs" ino=16678 scontext=u:r:hal_camera_default:s0 tcontext=u:object_r:rebootescrow_hal_prop:s0 tclass=file permissive=1
03-12 23:52:57.263   936   936 I android.hardwar: type=1400 audit(0.0:129): avc: denied { map } for path="/dev/__properties__/u:object_r:userspace_reboot_exported_prop:s0" dev="tmpfs" ino=16702 scontext=u:r:hal_camera_default:s0 tcontext=u:object_r:userspace_reboot_exported_prop:s0 tclass=file permissive=1
03-12 23:52:57.263   936   936 I android.hardwar: type=1400 audit(0.0:130): avc: denied { open } for path="/dev/__properties__/u:object_r:userspace_reboot_log_prop:s0" dev="tmpfs" ino=16703 scontext=u:r:hal_camera_default:s0 tcontext=u:object_r:userspace_reboot_log_prop:s0 tclass=file permissive=1
03-12 23:52:57.263   936   936 I android.hardwar: type=1400 audit(0.0:131): avc: denied { getattr } for path="/dev/__properties__/u:object_r:userspace_reboot_log_prop:s0" dev="tmpfs" ino=16703 scontext=u:r:hal_camera_default:s0 tcontext=u:object_r:userspace_reboot_log_prop:s0 tclass=file permissive=1
03-12 23:52:57.263   936   936 I android.hardwar: type=1400 audit(0.0:132): avc: denied { map } for path="/dev/__properties__/u:object_r:userspace_reboot_test_prop:s0" dev="tmpfs" ino=16704 scontext=u:r:hal_camera_default:s0 tcontext=u:object_r:userspace_reboot_test_prop:s0 tclass=file permissive=1
03-12 23:52:57.263   936   936 I android.hardwar: type=1400 audit(0.0:133): avc: denied { open } for path="/dev/__properties__/u:object_r:vehicle_hal_prop:s0" dev="tmpfs" ino=16705 scontext=u:r:hal_camera_default:s0 tcontext=u:object_r:vehicle_hal_prop:s0 tclass=file permissive=1
03-12 23:52:57.263   936   936 I android.hardwar: type=1400 audit(0.0:134): avc: denied { getattr } for path="/dev/__properties__/u:object_r:vehicle_hal_prop:s0" dev="tmpfs" ino=16705 scontext=u:r:hal_camera_default:s0 tcontext=u:object_r:vehicle_hal_prop:s0 tclass=file permissive=1
03-12 23:52:57.263   936   936 I android.hardwar: type=1400 audit(0.0:135): avc: denied { map } for path="/dev/__properties__/u:object_r:vehicle_hal_prop:s0" dev="tmpfs" ino=16705 scontext=u:r:hal_camera_default:s0 tcontext=u:object_r:vehicle_hal_prop:s0 tclass=file permissive=1
03-12 23:52:57.263   936   936 I android.hardwar: type=1400 audit(0.0:136): avc: denied { open } for path="/dev/__properties__/u:object_r:vendor_alarm_boot_prop:s0" dev="tmpfs" ino=16707 scontext=u:r:hal_camera_default:s0 tcontext=u:object_r:vendor_alarm_boot_prop:s0 tclass=file permissive=1
03-12 23:52:57.263   936   936 I android.hardwar: type=1400 audit(0.0:137): avc: denied { getattr } for path="/dev/__properties__/u:object_r:vendor_alarm_boot_prop:s0" dev="tmpfs" ino=16707 scontext=u:r:hal_camera_default:s0 tcontext=u:object_r:vendor_alarm_boot_prop:s0 tclass=file permissive=1
03-12 23:52:57.263   936   936 I android.hardwar: type=1400 audit(0.0:138): avc: denied { map } for path="/dev/__properties__/u:object_r:vendor_alarm_boot_prop:s0" dev="tmpfs" ino=16707 scontext=u:r:hal_camera_default:s0 tcontext=u:object_r:vendor_alarm_boot_prop:s0 tclass=file permissive=1
03-12 23:52:57.263   936   936 I android.hardwar: type=1400 audit(0.0:139): avc: denied { open } for path="/dev/__properties__/u:object_r:vendor_audio_prop:s0" dev="tmpfs" ino=16708 scontext=u:r:hal_camera_default:s0 tcontext=u:object_r:vendor_audio_prop:s0 tclass=file permissive=1
03-12 23:52:57.263   936   936 I android.hardwar: type=1400 audit(0.0:140): avc: denied { getattr } for path="/dev/__properties__/u:object_r:vendor_audio_prop:s0" dev="tmpfs" ino=16708 scontext=u:r:hal_camera_default:s0 tcontext=u:object_r:vendor_audio_prop:s0 tclass=file permissive=1
03-12 23:52:57.263   936   936 I android.hardwar: type=1400 audit(0.0:141): avc: denied { map } for path="/dev/__properties__/u:object_r:vendor_audio_prop:s0" dev="tmpfs" ino=16708 scontext=u:r:hal_camera_default:s0 tcontext=u:object_r:vendor_audio_prop:s0 tclass=file permissive=1
03-12 23:52:57.263   936   936 I android.hardwar: type=1400 audit(0.0:142): avc: denied { open } for path="/dev/__properties__/u:object_r:vendor_bluetooth_prop:s0" dev="tmpfs" ino=16709 scontext=u:r:hal_camera_default:s0 tcontext=u:object_r:vendor_bluetooth_prop:s0 tclass=file permissive=1
03-12 23:52:57.263   936   936 I android.hardwar: type=1400 audit(0.0:143): avc: denied { getattr } for path="/dev/__properties__/u:object_r:vendor_bluetooth_prop:s0" dev="tmpfs" ino=16709 scontext=u:r:hal_camera_default:s0 tcontext=u:object_r:vendor_bluetooth_prop:s0 tclass=file permissive=1
03-12 23:52:57.263   936   936 I android.hardwar: type=1400 audit(0.0:144): avc: denied { map } for path="/dev/__properties__/u:object_r:vendor_bluetooth_prop:s0" dev="tmpfs" ino=16709 scontext=u:r:hal_camera_default:s0 tcontext=u:object_r:vendor_bluetooth_prop:s0 tclass=file permissive=1
03-12 23:52:57.263   936   936 I android.hardwar: type=1400 audit(0.0:145): avc: denied { open } for path="/dev/__properties__/u:object_r:vendor_boot_mode_prop:s0" dev="tmpfs" ino=16710 scontext=u:r:hal_camera_default:s0 tcontext=u:object_r:vendor_boot_mode_prop:s0 tclass=file permissive=1
03-12 23:52:57.264     0     0 I @1 sps  : BAM 0x0000000017204000 (va:0x0000000000000000) enabled: ver:0x19, number of pipes:13
03-12 23:52:57.264   998   998 I HidlServiceManagement: Registered vendor.qti.hardware.servicetracker@1.2::IServicetracker/default (start delay of 71ms)
03-12 23:52:57.264     0     0 I @1 sps  : BAM 0x0000000017204000 is registered.
03-12 23:52:57.264   936   936 I CamX    : [CONFIG][HAL    ] camxhal3module.cpp:413 HAL3Module() ***************************************************
03-12 23:52:57.264   936   936 I CamX    : [CONFIG][HAL    ] camxhal3module.cpp:414 HAL3Module() SHA1:     0ba662fea1da6f1c5ce326c8cb13349034dd0198
03-12 23:52:57.264   936   936 I CamX    : [CONFIG][HAL    ] camxhal3module.cpp:415 HAL3Module() COMMITID: I578eed0a03d901d843203fd70f0ef2a0ff87e6ae
03-12 23:52:57.264   936   936 I CamX    : [CONFIG][HAL    ] camxhal3module.cpp:416 HAL3Module() BUILD TS: 7/7/2018 10:7:10
03-12 23:52:57.265   936   936 I CamX    : [CONFIG][HAL    ] camxhal3module.cpp:417 HAL3Module() ***************************************************
03-12 23:52:57.265   998   998 I HidlServiceManagement: Removing namespace from process name vendor.qti.hardware.servicetracker@1.2-service to servicetracker@1.2-service.
03-12 23:52:57.265   998   998 I LegacySupport: Registration complete for vendor.qti.hardware.servicetracker@1.2::IServicetracker/default.
03-12 23:52:57.269  1015  1015 I vendor.rmt_storage: Modem subsystem found on target!
03-12 23:52:57.269  1015  1015 I vendor.rmt_storage: Shared memory initialised successfully.
